  Determining projects to restore...
  All projects are up-to-date for restore.
C:\Users\HP\Downloads\Medical\Medical_Affiliation\DATA\ApplicationDbContext.cs(522,10): warning CS1030: #warning: 'To protect potentially sensitive information in your connection string, you should move it out of source code. You can avoid scaffolding the connection string by using the Name= syntax to read it from configuration - see https://go.microsoft.com/fwlink/?linkid=2131148. For more guidance on storing connection strings, see https://go.microsoft.com/fwlink/?LinkId=723263.' [C:\Users\HP\Downloads\Medical\Medical_Affiliation\Medical_Affiliation.csproj]
C:\Users\HP\Downloads\Medical\Medical_Affiliation\Controllers\FacultyCollegesModel.cs(5,7): warning CS0105: The using directive for 'Medical_Affiliation.DATA' appeared previously in this namespace [C:\Users\HP\Downloads\Medical\Medical_Affiliation\Medical_Affiliation.csproj]
C:\Users\HP\Downloads\Medical\Medical_Affiliation\Controllers\Aff_CA_SS_CoursesAppliedSSController.cs(11,47): warning CS0108: 'Aff_CA_SS_CoursesAppliedSSController._context' hides inherited member 'BaseController._context'. Use the new keyword if hiding was intended. [C:\Users\HP\Downloads\Medical\Medical_Affiliation\Medical_Affiliation.csproj]
C:\Users\HP\Downloads\Medical\Medical_Affiliation\Controllers\AffiliationPaymentController.cs(12,46): warning CS0108: 'AffiliationPaymentController._context' hides inherited member 'BaseController._context'. Use the new keyword if hiding was intended. [C:\Users\HP\Downloads\Medical\Medical_Affiliation\Medical_Affiliation.csproj]
C:\Users\HP\Downloads\Medical\Medical_Affiliation\Controllers\AffiliationDeclarationController.cs(11,46): warning CS0108: 'AffiliationDeclarationController._context' hides inherited member 'BaseController._context'. Use the new keyword if hiding was intended. [C:\Users\HP\Downloads\Medical\Medical_Affiliation\Medical_Affiliation.csproj]
C:\Users\HP\Downloads\Medical\Medical_Affiliation\Controllers\AffiliationSSController.cs(13,47): warning CS0108: 'AffiliationSSController._context' hides inherited member 'BaseController._context'. Use the new keyword if hiding was intended. [C:\Users\HP\Downloads\Medical\Medical_Affiliation\Medical_Affiliation.csproj]
C:\Users\HP\Downloads\Medical\Medical_Affiliation\Controllers\AffiliationPgCourseController.cs(17,47): warning CS0108: 'AffiliationPgCourseController._context' hides inherited member 'BaseController._context'. Use the new keyword if hiding was intended. [C:\Users\HP\Downloads\Medical\Medical_Affiliation\Medical_Affiliation.csproj]
C:\Users\HP\Downloads\Medical\Medical_Affiliation\Controllers\Aff_AHS_ContinousApplicationController.cs(18,47): warning CS0108: 'Aff_AHS_ContinousApplicationController._context' hides inherited member 'BaseController._context'. Use the new keyword if hiding was intended. [C:\Users\HP\Downloads\Medical\Medical_Affiliation\Medical_Affiliation.csproj]
C:\Users\HP\Downloads\Medical\Medical_Affiliation\Controllers\CA_Aff_AcademicMattersController.cs(17,47): warning CS0108: 'CA_Aff_AcademicMattersController._context' hides inherited member 'BaseController._context'. Use the new keyword if hiding was intended. [C:\Users\HP\Downloads\Medical\Medical_Affiliation\Medical_Affiliation.csproj]
C:\Users\HP\Downloads\Medical\Medical_Affiliation\Controllers\CA_Aff_AcademicMattersController.cs(217,81): warning CS8625: Cannot convert null literal to non-nullable reference type. [C:\Users\HP\Downloads\Medical\Medical_Affiliation\Medical_Affiliation.csproj]
C:\Users\HP\Downloads\Medical\Medical_Affiliation\Controllers\CA_Aff_MedicalLibraryController.cs(14,47): warning CS0108: 'CA_Aff_MedicalLibraryController._context' hides inherited member 'BaseController._context'. Use the new keyword if hiding was intended. [C:\Users\HP\Downloads\Medical\Medical_Affiliation\Medical_Affiliation.csproj]
C:\Users\HP\Downloads\Medical\Medical_Affiliation\Controllers\CA_Med_StaffDetailsController.cs(10,47): warning CS0108: 'CA_Med_StaffDetailsController._context' hides inherited member 'BaseController._context'. Use the new keyword if hiding was intended. [C:\Users\HP\Downloads\Medical\Medical_Affiliation\Medical_Affiliation.csproj]
C:\Users\HP\Downloads\Medical\Medical_Affiliation\Controllers\Aff_CA_MedicalLibraryController.cs(15,47): warning CS0108: 'Aff_CA_MedicalLibraryController._context' hides inherited member 'BaseController._context'. Use the new keyword if hiding was intended. [C:\Users\HP\Downloads\Medical\Medical_Affiliation\Medical_Affiliation.csproj]
C:\Users\HP\Downloads\Medical\Medical_Affiliation\Controllers\ClinicalFacilitiesForAffiliationController.cs(11,47): warning CS0108: 'ClinicalFacilitiesForAffiliationController._context' hides inherited member 'BaseController._context'. Use the new keyword if hiding was intended. [C:\Users\HP\Downloads\Medical\Medical_Affiliation\Medical_Affiliation.csproj]
C:\Users\HP\Downloads\Medical\Medical_Affiliation\Controllers\CA_Med_ResearchPublicationsController.cs(12,47): warning CS0108: 'CA_Med_ResearchPublicationsController._context' hides inherited member 'BaseController._context'. Use the new keyword if hiding was intended. [C:\Users\HP\Downloads\Medical\Medical_Affiliation\Medical_Affiliation.csproj]
C:\Users\HP\Downloads\Medical\Medical_Affiliation\Controllers\Aff_CA_Med_FinanceDetailsController.cs(12,47): warning CS0108: 'Aff_CA_Med_FinanceDetailsController._context' hides inherited member 'BaseController._context'. Use the new keyword if hiding was intended. [C:\Users\HP\Downloads\Medical\Medical_Affiliation\Medical_Affiliation.csproj]
C:\Users\HP\Downloads\Medical\Medical_Affiliation\Controllers\FacultyDetailsController.cs(13,47): warning CS0108: 'FacultyDetailsController._context' hides inherited member 'BaseController._context'. Use the new keyword if hiding was intended. [C:\Users\HP\Downloads\Medical\Medical_Affiliation\Medical_Affiliation.csproj]
C:\Users\HP\Downloads\Medical\Medical_Affiliation\Controllers\DentalController.cs(17,47): warning CS0108: 'DentalController._context' hides inherited member 'BaseController._context'. Use the new keyword if hiding was intended. [C:\Users\HP\Downloads\Medical\Medical_Affiliation\Medical_Affiliation.csproj]
C:\Users\HP\Downloads\Medical\Medical_Affiliation\Controllers\CollegeBasicDetailsController.cs(16,47): warning CS0108: 'CollegeBasicDetailsController._context' hides inherited member 'BaseController._context'. Use the new keyword if hiding was intended. [C:\Users\HP\Downloads\Medical\Medical_Affiliation\Medical_Affiliation.csproj]
C:\Users\HP\Downloads\Medical\Medical_Affiliation\Controllers\ContinuationAffiliationClinicalFacilitiesController.cs(15,47): warning CS0108: 'ContinuationAffiliationClinicalFacilitiesController._context' hides inherited member 'BaseController._context'. Use the new keyword if hiding was intended. [C:\Users\HP\Downloads\Medical\Medical_Affiliation\Medical_Affiliation.csproj]
C:\Users\HP\Downloads\Medical\Medical_Affiliation\Controllers\DentalRepositoryController.cs(12,47): warning CS0108: 'DentalRepositoryController._context' hides inherited member 'BaseController._context'. Use the new keyword if hiding was intended. [C:\Users\HP\Downloads\Medical\Medical_Affiliation\Medical_Affiliation.csproj]
C:\Users\HP\Downloads\Medical\Medical_Affiliation\Controllers\MedicalRepositoryController.cs(12,47): warning CS0108: 'MedicalRepositoryController._context' hides inherited member 'BaseController._context'. Use the new keyword if hiding was intended. [C:\Users\HP\Downloads\Medical\Medical_Affiliation\Medical_Affiliation.csproj]
C:\Users\HP\Downloads\Medical\Medical_Affiliation\Controllers\MedicalContinuesAffiliationController.cs(13,47): warning CS0108: 'MedicalContinuesAffiliationController._context' hides inherited member 'BaseController._context'. Use the new keyword if hiding was intended. [C:\Users\HP\Downloads\Medical\Medical_Affiliation\Medical_Affiliation.csproj]
C:\Users\HP\Downloads\Medical\Medical_Affiliation\Controllers\LICInspectionController.cs(33,66): warning CS8625: Cannot convert null literal to non-nullable reference type. [C:\Users\HP\Downloads\Medical\Medical_Affiliation\Medical_Affiliation.csproj]
C:\Users\HP\Downloads\Medical\Medical_Affiliation\Controllers\LICInspectionController.cs(142,67): warning CS8625: Cannot convert null literal to non-nullable reference type. [C:\Users\HP\Downloads\Medical\Medical_Affiliation\Medical_Affiliation.csproj]
C:\Users\HP\Downloads\Medical\Medical_Affiliation\Controllers\LICInspectionController.cs(152,89): warning CS8625: Cannot convert null literal to non-nullable reference type. [C:\Users\HP\Downloads\Medical\Medical_Affiliation\Medical_Affiliation.csproj]
C:\Users\HP\Downloads\Medical\Medical_Affiliation\Controllers\Medical_ContinuousAffiliationController.cs(16,47): warning CS0108: 'Medical_ContinuousAffiliationController._context' hides inherited member 'BaseController._context'. Use the new keyword if hiding was intended. [C:\Users\HP\Downloads\Medical\Medical_Affiliation\Medical_Affiliation.csproj]
C:\Users\HP\Downloads\Medical\Medical_Affiliation\Controllers\PhysicalInfrastructureController.cs(13,47): warning CS0108: 'PhysicalInfrastructureController._context' hides inherited member 'BaseController._context'. Use the new keyword if hiding was intended. [C:\Users\HP\Downloads\Medical\Medical_Affiliation\Medical_Affiliation.csproj]
C:\Users\HP\Downloads\Medical\Medical_Affiliation\Controllers\ContinuesAffiliation_FacultybasedController.cs(18,47): warning CS0108: 'ContinuesAffiliation_FacultybasedController._context' hides inherited member 'BaseController._context'. Use the new keyword if hiding was intended. [C:\Users\HP\Downloads\Medical\Medical_Affiliation\Medical_Affiliation.csproj]
C:\Users\HP\Downloads\Medical\Medical_Affiliation\Controllers\ContinuesAffiliation_FacultybasedController.cs(4334,79): warning CS8625: Cannot convert null literal to non-nullable reference type. [C:\Users\HP\Downloads\Medical\Medical_Affiliation\Medical_Affiliation.csproj]
C:\Users\HP\Downloads\Medical\Medical_Affiliation\Controllers\ContinuesAffiliation_FacultybasedController.cs(4767,64): warning CS8625: Cannot convert null literal to non-nullable reference type. [C:\Users\HP\Downloads\Medical\Medical_Affiliation\Medical_Affiliation.csproj]
C:\Users\HP\Downloads\Medical\Medical_Affiliation\Controllers\ContinuousAffiliationController.cs(15,47): warning CS0108: 'ContinuousAffiliationController._context' hides inherited member 'BaseController._context'. Use the new keyword if hiding was intended. [C:\Users\HP\Downloads\Medical\Medical_Affiliation\Medical_Affiliation.csproj]
C:\Users\HP\Downloads\Medical\Medical_Affiliation\Controllers\CollegeloginController.cs(27,47): warning CS0108: 'CollegeloginController._context' hides inherited member 'BaseController._context'. Use the new keyword if hiding was intended. [C:\Users\HP\Downloads\Medical\Medical_Affiliation\Medical_Affiliation.csproj]
C:\Users\HP\Downloads\Medical\Medical_Affiliation\Controllers\ContinuousAffiliationIncreaseintakeController.cs(11,47): warning CS0108: 'ContinuousAffiliationIncreaseintakeController._context' hides inherited member 'BaseController._context'. Use the new keyword if hiding was intended. [C:\Users\HP\Downloads\Medical\Medical_Affiliation\Medical_Affiliation.csproj]
C:\Users\HP\Downloads\Medical\Medical_Affiliation\Services\UserContext\SessionUserContext.cs(15,41): warning CS8603: Possible null reference return. [C:\Users\HP\Downloads\Medical\Medical_Affiliation\Medical_Affiliation.csproj]
C:\Users\HP\Downloads\Medical\Medical_Affiliation\Controllers\CourseDropdown.cs(4,19): warning CS8618: Non-nullable property 'CourseName' must contain a non-null value when exiting constructor. Consider adding the 'required' modifier or declaring the property as nullable. [C:\Users\HP\Downloads\Medical\Medical_Affiliation\Medical_Affiliation.csproj]
C:\Users\HP\Downloads\Medical\Medical_Affiliation\Models\AdminLoginViewModel.cs(285,30): warning CS8618: Non-nullable property 'Faculties' must contain a non-null value when exiting constructor. Consider adding the 'required' modifier or declaring the property as nullable. [C:\Users\HP\Downloads\Medical\Medical_Affiliation\Medical_Affiliation.csproj]
C:\Users\HP\Downloads\Medical\Medical_Affiliation\Models\AdminLoginViewModel.cs(286,23): warning CS8618: Non-nullable property 'FacultyName' must contain a non-null value when exiting constructor. Consider adding the 'required' modifier or declaring the property as nullable. [C:\Users\HP\Downloads\Medical\Medical_Affiliation\Medical_Affiliation.csproj]
C:\Users\HP\Downloads\Medical\Medical_Affiliation\Models\AdminLoginViewModel.cs(287,23): warning CS8618: Non-nullable property 'FacultyCode' must contain a non-null value when exiting constructor. Consider adding the 'required' modifier or declaring the property as nullable. [C:\Users\HP\Downloads\Medical\Medical_Affiliation\Medical_Affiliation.csproj]
C:\Users\HP\Downloads\Medical\Medical_Affiliation\Models\AdminLoginViewModel.cs(288,23): warning CS8618: Non-nullable property 'SelectedFacultyId' must contain a non-null value when exiting constructor. Consider adding the 'required' modifier or declaring the property as nullable. [C:\Users\HP\Downloads\Medical\Medical_Affiliation\Medical_Affiliation.csproj]
C:\Users\HP\Downloads\Medical\Medical_Affiliation\Models\AdminLoginViewModel.cs(289,23): warning CS8618: Non-nullable property 'SOusername' must contain a non-null value when exiting constructor. Consider adding the 'required' modifier or declaring the property as nullable. [C:\Users\HP\Downloads\Medical\Medical_Affiliation\Medical_Affiliation.csproj]
C:\Users\HP\Downloads\Medical\Medical_Affiliation\Models\AdminLoginViewModel.cs(290,23): warning CS8618: Non-nullable property 'SOpassword' must contain a non-null value when exiting constructor. Consider adding the 'required' modifier or declaring the property as nullable. [C:\Users\HP\Downloads\Medical\Medical_Affiliation\Medical_Affiliation.csproj]
C:\Users\HP\Downloads\Medical\Medical_Affiliation\Models\AdminLoginViewModel.cs(293,37): warning CS8618: Non-nullable property 'SectionOfficersList' must contain a non-null value when exiting constructor. Consider adding the 'required' modifier or declaring the property as nullable. [C:\Users\HP\Downloads\Medical\Medical_Affiliation\Medical_Affiliation.csproj]
C:\Users\HP\Downloads\Medical\Medical_Affiliation\Models\AdminLoginViewModel.cs(279,23): warning CS8618: Non-nullable property 'FacultyId' must contain a non-null value when exiting constructor. Consider adding the 'required' modifier or declaring the property as nullable. [C:\Users\HP\Downloads\Medical\Medical_Affiliation\Medical_Affiliation.csproj]
C:\Users\HP\Downloads\Medical\Medical_Affiliation\Models\AdminLoginViewModel.cs(272,43): warning CS8618: Non-nullable property 'CollegeFlags' must contain a non-null value when exiting constructor. Consider adding the 'required' modifier or declaring the property as nullable. [C:\Users\HP\Downloads\Medical\Medical_Affiliation\Medical_Affiliation.csproj]
C:\Users\HP\Downloads\Medical\Medical_Affiliation\Models\AdminLoginViewModel.cs(273,30): warning CS8618: Non-nullable property 'FacultiesViewModel' must contain a non-null value when exiting constructor. Consider adding the 'required' modifier or declaring the property as nullable. [C:\Users\HP\Downloads\Medical\Medical_Affiliation\Medical_Affiliation.csproj]
C:\Users\HP\Downloads\Medical\Medical_Affiliation\Models\AdminLoginViewModel.cs(265,23): warning CS8618: Non-nullable property 'FacultyId' must contain a non-null value when exiting constructor. Consider adding the 'required' modifier or declaring the property as nullable. [C:\Users\HP\Downloads\Medical\Medical_Affiliation\Medical_Affiliation.csproj]
C:\Users\HP\Downloads\Medical\Medical_Affiliation\Models\AdminLoginViewModel.cs(266,23): warning CS8618: Non-nullable property 'FlagType' must contain a non-null value when exiting constructor. Consider adding the 'required' modifier or declaring the property as nullable. [C:\Users\HP\Downloads\Medical\Medical_Affiliation\Medical_Affiliation.csproj]
C:\Users\HP\Downloads\Medical\Medical_Affiliation\Models\AdminLoginViewModel.cs(256,23): warning CS8618: Non-nullable property 'FacultyId' must contain a non-null value when exiting constructor. Consider adding the 'required' modifier or declaring the property as nullable. [C:\Users\HP\Downloads\Medical\Medical_Affiliation\Medical_Affiliation.csproj]
C:\Users\HP\Downloads\Medical\Medical_Affiliation\Models\AdminLoginViewModel.cs(257,23): warning CS8618: Non-nullable property 'CollegeCode' must contain a non-null value when exiting constructor. Consider adding the 'required' modifier or declaring the property as nullable. [C:\Users\HP\Downloads\Medical\Medical_Affiliation\Medical_Affiliation.csproj]
C:\Users\HP\Downloads\Medical\Medical_Affiliation\Models\AdminLoginViewModel.cs(258,23): warning CS8618: Non-nullable property 'CollegeName' must contain a non-null value when exiting constructor. Consider adding the 'required' modifier or declaring the property as nullable. [C:\Users\HP\Downloads\Medical\Medical_Affiliation\Medical_Affiliation.csproj]
C:\Users\HP\Downloads\Medical\Medical_Affiliation\Models\AdminLoginViewModel.cs(245,23): warning CS8618: Non-nullable property 'CourseName' must contain a non-null value when exiting constructor. Consider adding the 'required' modifier or declaring the property as nullable. [C:\Users\HP\Downloads\Medical\Medical_Affiliation\Medical_Affiliation.csproj]
C:\Users\HP\Downloads\Medical\Medical_Affiliation\Models\AdminLoginViewModel.cs(251,23): warning CS8618: Non-nullable property 'Remarks' must contain a non-null value when exiting constructor. Consider adding the 'required' modifier or declaring the property as nullable. [C:\Users\HP\Downloads\Medical\Medical_Affiliation\Medical_Affiliation.csproj]
C:\Users\HP\Downloads\Medical\Medical_Affiliation\Models\AdminLoginViewModel.cs(252,23): warning CS8618: Non-nullable property 'ViewDocument' must contain a non-null value when exiting constructor. Consider adding the 'required' modifier or declaring the property as nullable. [C:\Users\HP\Downloads\Medical\Medical_Affiliation\Medical_Affiliation.csproj]
C:\Users\HP\Downloads\Medical\Medical_Affiliation\Models\AdminLoginViewModel.cs(231,23): warning CS8618: Non-nullable property 'CollegeCode' must contain a non-null value when exiting constructor. Consider adding the 'required' modifier or declaring the property as nullable. [C:\Users\HP\Downloads\Medical\Medical_Affiliation\Medical_Affiliation.csproj]
C:\Users\HP\Downloads\Medical\Medical_Affiliation\Models\AdminLoginViewModel.cs(232,23): warning CS8618: Non-nullable property 'AllDocsForCourse' must contain a non-null value when exiting constructor. Consider adding the 'required' modifier or declaring the property as nullable. [C:\Users\HP\Downloads\Medical\Medical_Affiliation\Medical_Affiliation.csproj]
C:\Users\HP\Downloads\Medical\Medical_Affiliation\Models\AdminLoginViewModel.cs(233,23): warning CS8618: Non-nullable property 'CollegeName' must contain a non-null value when exiting constructor. Consider adding the 'required' modifier or declaring the property as nullable. [C:\Users\HP\Downloads\Medical\Medical_Affiliation\Medical_Affiliation.csproj]
C:\Users\HP\Downloads\Medical\Medical_Affiliation\Models\AdminLoginViewModel.cs(235,23): warning CS8618: Non-nullable property 'FacultyName' must contain a non-null value when exiting constructor. Consider adding the 'required' modifier or declaring the property as nullable. [C:\Users\HP\Downloads\Medical\Medical_Affiliation\Medical_Affiliation.csproj]
C:\Users\HP\Downloads\Medical\Medical_Affiliation\Models\AdminLoginViewModel.cs(236,23): warning CS8618: Non-nullable property 'CourseCode' must contain a non-null value when exiting constructor. Consider adding the 'required' modifier or declaring the property as nullable. [C:\Users\HP\Downloads\Medical\Medical_Affiliation\Medical_Affiliation.csproj]
C:\Users\HP\Downloads\Medical\Medical_Affiliation\Models\AdminLoginViewModel.cs(238,57): warning CS8618: Non-nullable property 'Courses' must contain a non-null value when exiting constructor. Consider adding the 'required' modifier or declaring the property as nullable. [C:\Users\HP\Downloads\Medical\Medical_Affiliation\Medical_Affiliation.csproj]
C:\Users\HP\Downloads\Medical\Medical_Affiliation\Models\AdminLoginViewModel.cs(221,23): warning CS8618: Non-nullable property 'CollegeName' must contain a non-null value when exiting constructor. Consider adding the 'required' modifier or declaring the property as nullable. [C:\Users\HP\Downloads\Medical\Medical_Affiliation\Medical_Affiliation.csproj]
C:\Users\HP\Downloads\Medical\Medical_Affiliation\Models\AdminLoginViewModel.cs(222,23): warning CS8618: Non-nullable property 'courseName' must contain a non-null value when exiting constructor. Consider adding the 'required' modifier or declaring the property as nullable. [C:\Users\HP\Downloads\Medical\Medical_Affiliation\Medical_Affiliation.csproj]
C:\Users\HP\Downloads\Medical\Medical_Affiliation\Models\AdminLoginViewModel.cs(225,23): warning CS8618: Non-nullable property 'PrincipalName' must contain a non-null value when exiting constructor. Consider adding the 'required' modifier or declaring the property as nullable. [C:\Users\HP\Downloads\Medical\Medical_Affiliation\Medical_Affiliation.csproj]
C:\Users\HP\Downloads\Medical\Medical_Affiliation\Models\AdminLoginViewModel.cs(226,23): warning CS8618: Non-nullable property 'CollegeCode' must contain a non-null value when exiting constructor. Consider adding the 'required' modifier or declaring the property as nullable. [C:\Users\HP\Downloads\Medical\Medical_Affiliation\Medical_Affiliation.csproj]
C:\Users\HP\Downloads\Medical\Medical_Affiliation\Models\AddCourseToMstCourseViewModel.cs(20,19): warning CS8618: Non-nullable property 'DesignationCode' must contain a non-null value when exiting constructor. Consider adding the 'required' modifier or declaring the property as nullable. [C:\Users\HP\Downloads\Medical\Medical_Affiliation\Medical_Affiliation.csproj]
C:\Users\HP\Downloads\Medical\Medical_Affiliation\Models\AddCourseToMstCourseViewModel.cs(21,19): warning CS8618: Non-nullable property 'Designation' must contain a non-null value when exiting constructor. Consider adding the 'required' modifier or declaring the property as nullable. [C:\Users\HP\Downloads\Medical\Medical_Affiliation\Medical_Affiliation.csproj]
C:\Users\HP\Downloads\Medical\Medical_Affiliation\Models\AddCourseToMstCourseViewModel.cs(49,44): warning CS8618: Non-nullable property 'Courses' must contain a non-null value when exiting constructor. Consider adding the 'required' modifier or declaring the property as nullable. [C:\Users\HP\Downloads\Medical\Medical_Affiliation\Medical_Affiliation.csproj]
C:\Users\HP\Downloads\Medical\Medical_Affiliation\Models\AddCourseToMstCourseViewModel.cs(38,19): warning CS8618: Non-nullable property 'CourseName' must contain a non-null value when exiting constructor. Consider adding the 'required' modifier or declaring the property as nullable. [C:\Users\HP\Downloads\Medical\Medical_Affiliation\Medical_Affiliation.csproj]
C:\Users\HP\Downloads\Medical\Medical_Affiliation\Models\AddCourseToMstCourseViewModel.cs(41,19): warning CS8618: Non-nullable property 'RguhsNotificationNo' must contain a non-null value when exiting constructor. Consider adding the 'required' modifier or declaring the property as nullable. [C:\Users\HP\Downloads\Medical\Medical_Affiliation\Medical_Affiliation.csproj]
C:\Users\HP\Downloads\Medical\Medical_Affiliation\Models\AddCourseToMstCourseViewModel.cs(43,22): warning CS8618: Non-nullable property 'SupportingFile' must contain a non-null value when exiting constructor. Consider adding the 'required' modifier or declaring the property as nullable. [C:\Users\HP\Downloads\Medical\Medical_Affiliation\Medical_Affiliation.csproj]
C:\Users\HP\Downloads\Medical\Medical_Affiliation\Models\AddCourseToMstCourseViewModel.cs(54,19): warning CS8618: Non-nullable property 'Course' must contain a non-null value when exiting constructor. Consider adding the 'required' modifier or declaring the property as nullable. [C:\Users\HP\Downloads\Medical\Medical_Affiliation\Medical_Affiliation.csproj]
C:\Users\HP\Downloads\Medical\Medical_Affiliation\Models\AddCourseToMstCourseViewModel.cs(55,19): warning CS8618: Non-nullable property 'Year' must contain a non-null value when exiting constructor. Consider adding the 'required' modifier or declaring the property as nullable. [C:\Users\HP\Downloads\Medical\Medical_Affiliation\Medical_Affiliation.csproj]
C:\Users\HP\Downloads\Medical\Medical_Affiliation\Models\AddCourseToMstCourseViewModel.cs(68,19): warning CS8618: Non-nullable property 'Course' must contain a non-null value when exiting constructor. Consider adding the 'required' modifier or declaring the property as nullable. [C:\Users\HP\Downloads\Medical\Medical_Affiliation\Medical_Affiliation.csproj]
C:\Users\HP\Downloads\Medical\Medical_Affiliation\Models\AddCourseToMstCourseViewModel.cs(69,19): warning CS8618: Non-nullable property 'Year' must contain a non-null value when exiting constructor. Consider adding the 'required' modifier or declaring the property as nullable. [C:\Users\HP\Downloads\Medical\Medical_Affiliation\Medical_Affiliation.csproj]
C:\Users\HP\Downloads\Medical\Medical_Affiliation\Models\AddCourseToMstCourseViewModel.cs(83,19): warning CS8618: Non-nullable property 'Course' must contain a non-null value when exiting constructor. Consider adding the 'required' modifier or declaring the property as nullable. [C:\Users\HP\Downloads\Medical\Medical_Affiliation\Medical_Affiliation.csproj]
C:\Users\HP\Downloads\Medical\Medical_Affiliation\Models\AddCourseToMstCourseViewModel.cs(84,19): warning CS8618: Non-nullable property 'Year' must contain a non-null value when exiting constructor. Consider adding the 'required' modifier or declaring the property as nullable. [C:\Users\HP\Downloads\Medical\Medical_Affiliation\Medical_Affiliation.csproj]
C:\Users\HP\Downloads\Medical\Medical_Affiliation\Models\AddCourseToMstCourseViewModel.cs(132,19): warning CS8618: Non-nullable property 'HospitalFacilityName' must contain a non-null value when exiting constructor. Consider adding the 'required' modifier or declaring the property as nullable. [C:\Users\HP\Downloads\Medical\Medical_Affiliation\Medical_Affiliation.csproj]
C:\Users\HP\Downloads\Medical\Medical_Affiliation\Models\AddCourseToMstCourseViewModel.cs(135,19): warning CS8618: Non-nullable property 'FacultyCode' must contain a non-null value when exiting constructor. Consider adding the 'required' modifier or declaring the property as nullable. [C:\Users\HP\Downloads\Medical\Medical_Affiliation\Medical_Affiliation.csproj]
C:\Users\HP\Downloads\Medical\Medical_Affiliation\Models\AddCourseToMstCourseViewModel.cs(136,19): warning CS8618: Non-nullable property 'CollegeCode' must contain a non-null value when exiting constructor. Consider adding the 'required' modifier or declaring the property as nullable. [C:\Users\HP\Downloads\Medical\Medical_Affiliation\Medical_Affiliation.csproj]
C:\Users\HP\Downloads\Medical\Medical_Affiliation\Models\AddCourseToMstCourseViewModel.cs(143,19): warning CS8618: Non-nullable property 'FacultyCode' must contain a non-null value when exiting constructor. Consider adding the 'required' modifier or declaring the property as nullable. [C:\Users\HP\Downloads\Medical\Medical_Affiliation\Medical_Affiliation.csproj]
C:\Users\HP\Downloads\Medical\Medical_Affiliation\Models\AddCourseToMstCourseViewModel.cs(144,19): warning CS8618: Non-nullable property 'CollegeCode' must contain a non-null value when exiting constructor. Consider adding the 'required' modifier or declaring the property as nullable. [C:\Users\HP\Downloads\Medical\Medical_Affiliation\Medical_Affiliation.csproj]
C:\Users\HP\Downloads\Medical\Medical_Affiliation\Models\AdminLoginViewModel.cs(207,23): warning CS8618: Non-nullable property 'CollegeCode' must contain a non-null value when exiting constructor. Consider adding the 'required' modifier or declaring the property as nullable. [C:\Users\HP\Downloads\Medical\Medical_Affiliation\Medical_Affiliation.csproj]
C:\Users\HP\Downloads\Medical\Medical_Affiliation\Models\AdminLoginViewModel.cs(208,23): warning CS8618: Non-nullable property 'CollegeName' must contain a non-null value when exiting constructor. Consider adding the 'required' modifier or declaring the property as nullable. [C:\Users\HP\Downloads\Medical\Medical_Affiliation\Medical_Affiliation.csproj]
C:\Users\HP\Downloads\Medical\Medical_Affiliation\Models\AdminLoginViewModel.cs(212,23): warning CS8618: Non-nullable property 'collegeName' must contain a non-null value when exiting constructor. Consider adding the 'required' modifier or declaring the property as nullable. [C:\Users\HP\Downloads\Medical\Medical_Affiliation\Medical_Affiliation.csproj]
C:\Users\HP\Downloads\Medical\Medical_Affiliation\Models\AdminLoginViewModel.cs(213,23): warning CS8618: Non-nullable property 'PrincipalName' must contain a non-null value when exiting constructor. Consider adding the 'required' modifier or declaring the property as nullable. [C:\Users\HP\Downloads\Medical\Medical_Affiliation\Medical_Affiliation.csproj]
C:\Users\HP\Downloads\Medical\Medical_Affiliation\Models\AdminLoginViewModel.cs(195,23): warning CS8618: Non-nullable property 'CollegeCode' must contain a non-null value when exiting constructor. Consider adding the 'required' modifier or declaring the property as nullable. [C:\Users\HP\Downloads\Medical\Medical_Affiliation\Medical_Affiliation.csproj]
C:\Users\HP\Downloads\Medical\Medical_Affiliation\Models\AdminLoginViewModel.cs(196,23): warning CS8618: Non-nullable property 'CollegeName' must contain a non-null value when exiting constructor. Consider adding the 'required' modifier or declaring the property as nullable. [C:\Users\HP\Downloads\Medical\Medical_Affiliation\Medical_Affiliation.csproj]
C:\Users\HP\Downloads\Medical\Medical_Affiliation\Models\AdminLoginViewModel.cs(197,23): warning CS8618: Non-nullable property 'CollegeTown' must contain a non-null value when exiting constructor. Consider adding the 'required' modifier or declaring the property as nullable. [C:\Users\HP\Downloads\Medical\Medical_Affiliation\Medical_Affiliation.csproj]
C:\Users\HP\Downloads\Medical\Medical_Affiliation\Models\AdminLoginViewModel.cs(198,23): warning CS8618: Non-nullable property 'AllDocsForCourse' must contain a non-null value when exiting constructor. Consider adding the 'required' modifier or declaring the property as nullable. [C:\Users\HP\Downloads\Medical\Medical_Affiliation\Medical_Affiliation.csproj]
C:\Users\HP\Downloads\Medical\Medical_Affiliation\Models\AdminLoginViewModel.cs(199,23): warning CS8618: Non-nullable property 'PrincipalNameDeclared' must contain a non-null value when exiting constructor. Consider adding the 'required' modifier or declaring the property as nullable. [C:\Users\HP\Downloads\Medical\Medical_Affiliation\Medical_Affiliation.csproj]
C:\Users\HP\Downloads\Medical\Medical_Affiliation\Models\AdminLoginViewModel.cs(200,23): warning CS8618: Non-nullable property 'selectedCollegeName' must contain a non-null value when exiting constructor. Consider adding the 'required' modifier or declaring the property as nullable. [C:\Users\HP\Downloads\Medical\Medical_Affiliation\Medical_Affiliation.csproj]
C:\Users\HP\Downloads\Medical\Medical_Affiliation\Models\AddCourseToMstCourseViewModel.cs(608,19): warning CS8618: Non-nullable property 'Name' must contain a non-null value when exiting constructor. Consider adding the 'required' modifier or declaring the property as nullable. [C:\Users\HP\Downloads\Medical\Medical_Affiliation\Medical_Affiliation.csproj]
C:\Users\HP\Downloads\Medical\Medical_Affiliation\Models\AddCourseToMstCourseViewModel.cs(614,19): warning CS8618: Non-nullable property 'PhoneNumber' must contain a non-null value when exiting constructor. Consider adding the 'required' modifier or declaring the property as nullable. [C:\Users\HP\Downloads\Medical\Medical_Affiliation\Medical_Affiliation.csproj]
C:\Users\HP\Downloads\Medical\Medical_Affiliation\Models\AddCourseToMstCourseViewModel.cs(619,19): warning CS8618: Non-nullable property 'Email' must contain a non-null value when exiting constructor. Consider adding the 'required' modifier or declaring the property as nullable. [C:\Users\HP\Downloads\Medical\Medical_Affiliation\Medical_Affiliation.csproj]
C:\Users\HP\Downloads\Medical\Medical_Affiliation\Models\AddCourseToMstCourseViewModel.cs(624,19): warning CS8618: Non-nullable property 'Password' must contain a non-null value when exiting constructor. Consider adding the 'required' modifier or declaring the property as nullable. [C:\Users\HP\Downloads\Medical\Medical_Affiliation\Medical_Affiliation.csproj]
C:\Users\HP\Downloads\Medical\Medical_Affiliation\Models\AddCourseToMstCourseViewModel.cs(630,19): warning CS8618: Non-nullable property 'ConfirmPassword' must contain a non-null value when exiting constructor. Consider adding the 'required' modifier or declaring the property as nullable. [C:\Users\HP\Downloads\Medical\Medical_Affiliation\Medical_Affiliation.csproj]
C:\Users\HP\Downloads\Medical\Medical_Affiliation\Models\AddCourseToMstCourseViewModel.cs(634,19): warning CS8618: Non-nullable property 'TypeofMember' must contain a non-null value when exiting constructor. Consider adding the 'required' modifier or declaring the property as nullable. [C:\Users\HP\Downloads\Medical\Medical_Affiliation\Medical_Affiliation.csproj]
C:\Users\HP\Downloads\Medical\Medical_Affiliation\Models\AddCourseToMstCourseViewModel.cs(644,19): warning CS8618: Non-nullable property 'PhoneNumber' must contain a non-null value when exiting constructor. Consider adding the 'required' modifier or declaring the property as nullable. [C:\Users\HP\Downloads\Medical\Medical_Affiliation\Medical_Affiliation.csproj]
C:\Users\HP\Downloads\Medical\Medical_Affiliation\Models\AddCourseToMstCourseViewModel.cs(648,19): warning CS8618: Non-nullable property 'Password' must contain a non-null value when exiting constructor. Consider adding the 'required' modifier or declaring the property as nullable. [C:\Users\HP\Downloads\Medical\Medical_Affiliation\Medical_Affiliation.csproj]
C:\Users\HP\Downloads\Medical\Medical_Affiliation\Models\AddCourseToMstCourseViewModel.cs(698,19): warning CS8618: Non-nullable property 'CollegeName' must contain a non-null value when exiting constructor. Consider adding the 'required' modifier or declaring the property as nullable. [C:\Users\HP\Downloads\Medical\Medical_Affiliation\Medical_Affiliation.csproj]
C:\Users\HP\Downloads\Medical\Medical_Affiliation\Models\AddCourseToMstCourseViewModel.cs(699,19): warning CS8618: Non-nullable property 'CollegeCode' must contain a non-null value when exiting constructor. Consider adding the 'required' modifier or declaring the property as nullable. [C:\Users\HP\Downloads\Medical\Medical_Affiliation\Medical_Affiliation.csproj]
C:\Users\HP\Downloads\Medical\Medical_Affiliation\Models\AddCourseToMstCourseViewModel.cs(700,19): warning CS8618: Non-nullable property 'ACMember' must contain a non-null value when exiting constructor. Consider adding the 'required' modifier or declaring the property as nullable. [C:\Users\HP\Downloads\Medical\Medical_Affiliation\Medical_Affiliation.csproj]
C:\Users\HP\Downloads\Medical\Medical_Affiliation\Models\AddCourseToMstCourseViewModel.cs(701,19): warning CS8618: Non-nullable property 'SenetMember' must contain a non-null value when exiting constructor. Consider adding the 'required' modifier or declaring the property as nullable. [C:\Users\HP\Downloads\Medical\Medical_Affiliation\Medical_Affiliation.csproj]
C:\Users\HP\Downloads\Medical\Medical_Affiliation\Models\AddCourseToMstCourseViewModel.cs(702,19): warning CS8618: Non-nullable property 'SubjectExpert' must contain a non-null value when exiting constructor. Consider adding the 'required' modifier or declaring the property as nullable. [C:\Users\HP\Downloads\Medical\Medical_Affiliation\Medical_Affiliation.csproj]
C:\Users\HP\Downloads\Medical\Medical_Affiliation\Models\AddCourseToMstCourseViewModel.cs(793,19): warning CS8618: Non-nullable property 'FacultyName' must contain a non-null value when exiting constructor. Consider adding the 'required' modifier or declaring the property as nullable. [C:\Users\HP\Downloads\Medical\Medical_Affiliation\Medical_Affiliation.csproj]
C:\Users\HP\Downloads\Medical\Medical_Affiliation\Models\AddCourseToMstCourseViewModel.cs(567,19): warning CS8618: Non-nullable property 'CollegeCode' must contain a non-null value when exiting constructor. Consider adding the 'required' modifier or declaring the property as nullable. [C:\Users\HP\Downloads\Medical\Medical_Affiliation\Medical_Affiliation.csproj]
C:\Users\HP\Downloads\Medical\Medical_Affiliation\Models\AddCourseToMstCourseViewModel.cs(568,19): warning CS8618: Non-nullable property 'CollegeName' must contain a non-null value when exiting constructor. Consider adding the 'required' modifier or declaring the property as nullable. [C:\Users\HP\Downloads\Medical\Medical_Affiliation\Medical_Affiliation.csproj]
C:\Users\HP\Downloads\Medical\Medical_Affiliation\Models\AddCourseToMstCourseViewModel.cs(570,19): warning CS8618: Non-nullable property 'CourseCode' must contain a non-null value when exiting constructor. Consider adding the 'required' modifier or declaring the property as nullable. [C:\Users\HP\Downloads\Medical\Medical_Affiliation\Medical_Affiliation.csproj]
C:\Users\HP\Downloads\Medical\Medical_Affiliation\Models\AddCourseToMstCourseViewModel.cs(571,19): warning CS8618: Non-nullable property 'CourseName' must contain a non-null value when exiting constructor. Consider adding the 'required' modifier or declaring the property as nullable. [C:\Users\HP\Downloads\Medical\Medical_Affiliation\Medical_Affiliation.csproj]
C:\Users\HP\Downloads\Medical\Medical_Affiliation\Models\AddCourseToMstCourseViewModel.cs(581,19): warning CS8618: Non-nullable property 'Ay2025NmcDocument' must contain a non-null value when exiting constructor. Consider adding the 'required' modifier or declaring the property as nullable. [C:\Users\HP\Downloads\Medical\Medical_Affiliation\Medical_Affiliation.csproj]
C:\Users\HP\Downloads\Medical\Medical_Affiliation\Models\AddCourseToMstCourseViewModel.cs(587,33): warning CS8618: Non-nullable property 'IntakeData' must contain a non-null value when exiting constructor. Consider adding the 'required' modifier or declaring the property as nullable. [C:\Users\HP\Downloads\Medical\Medical_Affiliation\Medical_Affiliation.csproj]
C:\Users\HP\Downloads\Medical\Medical_Affiliation\Models\AddCourseToMstCourseViewModel.cs(589,53): warning CS8618: Non-nullable property 'GroupedByCollege' must contain a non-null value when exiting constructor. Consider adding the 'required' modifier or declaring the property as nullable. [C:\Users\HP\Downloads\Medical\Medical_Affiliation\Medical_Affiliation.csproj]
C:\Users\HP\Downloads\Medical\Medical_Affiliation\Models\AddCourseToMstCourseViewModel.cs(797,19): warning CS8618: Non-nullable property 'DesignationCode' must contain a non-null value when exiting constructor. Consider adding the 'required' modifier or declaring the property as nullable. [C:\Users\HP\Downloads\Medical\Medical_Affiliation\Medical_Affiliation.csproj]
C:\Users\HP\Downloads\Medical\Medical_Affiliation\Models\AddCourseToMstCourseViewModel.cs(798,19): warning CS8618: Non-nullable property 'DesignationName' must contain a non-null value when exiting constructor. Consider adding the 'required' modifier or declaring the property as nullable. [C:\Users\HP\Downloads\Medical\Medical_Affiliation\Medical_Affiliation.csproj]
C:\Users\HP\Downloads\Medical\Medical_Affiliation\Models\AddCourseToMstCourseViewModel.cs(707,19): warning CS8618: Non-nullable property 'CollegeName' must contain a non-null value when exiting constructor. Consider adding the 'required' modifier or declaring the property as nullable. [C:\Users\HP\Downloads\Medical\Medical_Affiliation\Medical_Affiliation.csproj]
C:\Users\HP\Downloads\Medical\Medical_Affiliation\Models\AddCourseToMstCourseViewModel.cs(708,19): warning CS8618: Non-nullable property 'CollegeCode' must contain a non-null value when exiting constructor. Consider adding the 'required' modifier or declaring the property as nullable. [C:\Users\HP\Downloads\Medical\Medical_Affiliation\Medical_Affiliation.csproj]
C:\Users\HP\Downloads\Medical\Medical_Affiliation\Models\AddCourseToMstCourseViewModel.cs(711,22): warning CS8618: Non-nullable property 'AttendenceDoc' must contain a non-null value when exiting constructor. Consider adding the 'required' modifier or declaring the property as nullable. [C:\Users\HP\Downloads\Medical\Medical_Affiliation\Medical_Affiliation.csproj]
C:\Users\HP\Downloads\Medical\Medical_Affiliation\Models\AddCourseToMstCourseViewModel.cs(712,19): warning CS8618: Non-nullable property 'ExistingAttendanceDocPath' must contain a non-null value when exiting constructor. Consider adding the 'required' modifier or declaring the property as nullable. [C:\Users\HP\Downloads\Medical\Medical_Affiliation\Medical_Affiliation.csproj]
C:\Users\HP\Downloads\Medical\Medical_Affiliation\Models\AdminLoginViewModel.cs(157,23): warning CS8618: Non-nullable property 'FacultyId' must contain a non-null value when exiting constructor. Consider adding the 'required' modifier or declaring the property as nullable. [C:\Users\HP\Downloads\Medical\Medical_Affiliation\Medical_Affiliation.csproj]
C:\Users\HP\Downloads\Medical\Medical_Affiliation\Models\AdminLoginViewModel.cs(158,23): warning CS8618: Non-nullable property 'FacultyName' must contain a non-null value when exiting constructor. Consider adding the 'required' modifier or declaring the property as nullable. [C:\Users\HP\Downloads\Medical\Medical_Affiliation\Medical_Affiliation.csproj]
C:\Users\HP\Downloads\Medical\Medical_Affiliation\Models\AdminLoginViewModel.cs(159,23): warning CS8618: Non-nullable property 'CollegeName' must contain a non-null value when exiting constructor. Consider adding the 'required' modifier or declaring the property as nullable. [C:\Users\HP\Downloads\Medical\Medical_Affiliation\Medical_Affiliation.csproj]
C:\Users\HP\Downloads\Medical\Medical_Affiliation\Models\AdminLoginViewModel.cs(161,23): warning CS8618: Non-nullable property 'selectedCollegeName' must contain a non-null value when exiting constructor. Consider adding the 'required' modifier or declaring the property as nullable. [C:\Users\HP\Downloads\Medical\Medical_Affiliation\Medical_Affiliation.csproj]
C:\Users\HP\Downloads\Medical\Medical_Affiliation\Models\AddCourseToMstCourseViewModel.cs(836,19): warning CS8618: Non-nullable property 'CollegeName' must contain a non-null value when exiting constructor. Consider adding the 'required' modifier or declaring the property as nullable. [C:\Users\HP\Downloads\Medical\Medical_Affiliation\Medical_Affiliation.csproj]
C:\Users\HP\Downloads\Medical\Medical_Affiliation\Models\AddCourseToMstCourseViewModel.cs(824,19): warning CS8618: Non-nullable property 'CollegeName' must contain a non-null value when exiting constructor. Consider adding the 'required' modifier or declaring the property as nullable. [C:\Users\HP\Downloads\Medical\Medical_Affiliation\Medical_Affiliation.csproj]
C:\Users\HP\Downloads\Medical\Medical_Affiliation\Models\AddCourseToMstCourseViewModel.cs(864,42): warning CS8618: Non-nullable property 'Profile' must contain a non-null value when exiting constructor. Consider adding the 'required' modifier or declaring the property as nullable. [C:\Users\HP\Downloads\Medical\Medical_Affiliation\Medical_Affiliation.csproj]
C:\Users\HP\Downloads\Medical\Medical_Affiliation\Models\AddCourseToMstCourseViewModel.cs(866,38): warning CS8618: Non-nullable property 'PendingInspections' must contain a non-null value when exiting constructor. Consider adding the 'required' modifier or declaring the property as nullable. [C:\Users\HP\Downloads\Medical\Medical_Affiliation\Medical_Affiliation.csproj]
C:\Users\HP\Downloads\Medical\Medical_Affiliation\Models\AddCourseToMstCourseViewModel.cs(868,40): warning CS8618: Non-nullable property 'CompletedInspections' must contain a non-null value when exiting constructor. Consider adding the 'required' modifier or declaring the property as nullable. [C:\Users\HP\Downloads\Medical\Medical_Affiliation\Medical_Affiliation.csproj]
C:\Users\HP\Downloads\Medical\Medical_Affiliation\Models\AddCourseToMstCourseViewModel.cs(870,26): warning CS8618: Non-nullable property 'Claims' must contain a non-null value when exiting constructor. Consider adding the 'required' modifier or declaring the property as nullable. [C:\Users\HP\Downloads\Medical\Medical_Affiliation\Medical_Affiliation.csproj]
C:\Users\HP\Downloads\Medical\Medical_Affiliation\Models\AddCourseToMstCourseViewModel.cs(846,19): warning CS8618: Non-nullable property 'CollegeName' must contain a non-null value when exiting constructor. Consider adding the 'required' modifier or declaring the property as nullable. [C:\Users\HP\Downloads\Medical\Medical_Affiliation\Medical_Affiliation.csproj]
C:\Users\HP\Downloads\Medical\Medical_Affiliation\Models\AddCourseToMstCourseViewModel.cs(852,19): warning CS8618: Non-nullable property 'FromPlace' must contain a non-null value when exiting constructor. Consider adding the 'required' modifier or declaring the property as nullable. [C:\Users\HP\Downloads\Medical\Medical_Affiliation\Medical_Affiliation.csproj]
C:\Users\HP\Downloads\Medical\Medical_Affiliation\Models\AddCourseToMstCourseViewModel.cs(854,19): warning CS8618: Non-nullable property 'ToPlace' must contain a non-null value when exiting constructor. Consider adding the 'required' modifier or declaring the property as nullable. [C:\Users\HP\Downloads\Medical\Medical_Affiliation\Medical_Affiliation.csproj]
C:\Users\HP\Downloads\Medical\Medical_Affiliation\Models\AdminLoginViewModel.cs(145,23): warning CS8618: Non-nullable property 'FacultyId' must contain a non-null value when exiting constructor. Consider adding the 'required' modifier or declaring the property as nullable. [C:\Users\HP\Downloads\Medical\Medical_Affiliation\Medical_Affiliation.csproj]
C:\Users\HP\Downloads\Medical\Medical_Affiliation\Models\AdminLoginViewModel.cs(146,23): warning CS8618: Non-nullable property 'FacultyName' must contain a non-null value when exiting constructor. Consider adding the 'required' modifier or declaring the property as nullable. [C:\Users\HP\Downloads\Medical\Medical_Affiliation\Medical_Affiliation.csproj]
C:\Users\HP\Downloads\Medical\Medical_Affiliation\Models\AdminLoginViewModel.cs(147,23): warning CS8618: Non-nullable property 'CollegeName' must contain a non-null value when exiting constructor. Consider adding the 'required' modifier or declaring the property as nullable. [C:\Users\HP\Downloads\Medical\Medical_Affiliation\Medical_Affiliation.csproj]
C:\Users\HP\Downloads\Medical\Medical_Affiliation\Models\AdminLoginViewModel.cs(149,23): warning CS8618: Non-nullable property 'selectedCollegeName' must contain a non-null value when exiting constructor. Consider adding the 'required' modifier or declaring the property as nullable. [C:\Users\HP\Downloads\Medical\Medical_Affiliation\Medical_Affiliation.csproj]
C:\Users\HP\Downloads\Medical\Medical_Affiliation\Models\AddCourseToMstCourseViewModel.cs(598,19): warning CS8618: Non-nullable property 'CollegeName' must contain a non-null value when exiting constructor. Consider adding the 'required' modifier or declaring the property as nullable. [C:\Users\HP\Downloads\Medical\Medical_Affiliation\Medical_Affiliation.csproj]
C:\Users\HP\Downloads\Medical\Medical_Affiliation\Models\AddCourseToMstCourseViewModel.cs(599,19): warning CS8618: Non-nullable property 'CourseName' must contain a non-null value when exiting constructor. Consider adding the 'required' modifier or declaring the property as nullable. [C:\Users\HP\Downloads\Medical\Medical_Affiliation\Medical_Affiliation.csproj]
C:\Users\HP\Downloads\Medical\Medical_Affiliation\Models\AddCourseToMstCourseViewModel.cs(601,19): warning CS8618: Non-nullable property 'Ay2025LopDocument' must contain a non-null value when exiting constructor. Consider adding the 'required' modifier or declaring the property as nullable. [C:\Users\HP\Downloads\Medical\Medical_Affiliation\Medical_Affiliation.csproj]
C:\Users\HP\Downloads\Medical\Medical_Affiliation\Models\AdmissionLoginViewModel.cs(63,19): warning CS8618: Non-nullable property 'CollegeCode' must contain a non-null value when exiting constructor. Consider adding the 'required' modifier or declaring the property as nullable. [C:\Users\HP\Downloads\Medical\Medical_Affiliation\Medical_Affiliation.csproj]
C:\Users\HP\Downloads\Medical\Medical_Affiliation\Models\AdmissionLoginViewModel.cs(64,19): warning CS8618: Non-nullable property 'CourseName' must contain a non-null value when exiting constructor. Consider adding the 'required' modifier or declaring the property as nullable. [C:\Users\HP\Downloads\Medical\Medical_Affiliation\Medical_Affiliation.csproj]
C:\Users\HP\Downloads\Medical\Medical_Affiliation\Models\AdmissionLoginViewModel.cs(65,19): warning CS8618: Non-nullable property 'CourseCode' must contain a non-null value when exiting constructor. Consider adding the 'required' modifier or declaring the property as nullable. [C:\Users\HP\Downloads\Medical\Medical_Affiliation\Medical_Affiliation.csproj]
C:\Users\HP\Downloads\Medical\Medical_Affiliation\Models\AdmissionLoginViewModel.cs(8,19): warning CS8618: Non-nullable property 'FacultyId' must contain a non-null value when exiting constructor. Consider adding the 'required' modifier or declaring the property as nullable. [C:\Users\HP\Downloads\Medical\Medical_Affiliation\Medical_Affiliation.csproj]
C:\Users\HP\Downloads\Medical\Medical_Affiliation\Models\AdmissionLoginViewModel.cs(11,19): warning CS8618: Non-nullable property 'CollegeId' must contain a non-null value when exiting constructor. Consider adding the 'required' modifier or declaring the property as nullable. [C:\Users\HP\Downloads\Medical\Medical_Affiliation\Medical_Affiliation.csproj]
C:\Users\HP\Downloads\Medical\Medical_Affiliation\Models\AdmissionLoginViewModel.cs(14,19): warning CS8618: Non-nullable property 'Username' must contain a non-null value when exiting constructor. Consider adding the 'required' modifier or declaring the property as nullable. [C:\Users\HP\Downloads\Medical\Medical_Affiliation\Medical_Affiliation.csproj]
C:\Users\HP\Downloads\Medical\Medical_Affiliation\Models\AdmissionLoginViewModel.cs(18,19): warning CS8618: Non-nullable property 'Password' must contain a non-null value when exiting constructor. Consider adding the 'required' modifier or declaring the property as nullable. [C:\Users\HP\Downloads\Medical\Medical_Affiliation\Medical_Affiliation.csproj]
C:\Users\HP\Downloads\Medical\Medical_Affiliation\Models\AdmissionLoginViewModel.cs(21,19): warning CS8618: Non-nullable property 'Captcha' must contain a non-null value when exiting constructor. Consider adding the 'required' modifier or declaring the property as nullable. [C:\Users\HP\Downloads\Medical\Medical_Affiliation\Medical_Affiliation.csproj]
C:\Users\HP\Downloads\Medical\Medical_Affiliation\Models\AdmissionLoginViewModel.cs(23,19): warning CS8618: Non-nullable property 'CaptchaCode' must contain a non-null value when exiting constructor. Consider adding the 'required' modifier or declaring the property as nullable. [C:\Users\HP\Downloads\Medical\Medical_Affiliation\Medical_Affiliation.csproj]
C:\Users\HP\Downloads\Medical\Medical_Affiliation\Models\AdmissionLoginViewModel.cs(30,19): warning CS8618: Non-nullable property 'FacultyId' must contain a non-null value when exiting constructor. Consider adding the 'required' modifier or declaring the property as nullable. [C:\Users\HP\Downloads\Medical\Medical_Affiliation\Medical_Affiliation.csproj]
C:\Users\HP\Downloads\Medical\Medical_Affiliation\Models\AdminLoginViewModel.cs(137,23): warning CS8618: Non-nullable property 'CourseName' must contain a non-null value when exiting constructor. Consider adding the 'required' modifier or declaring the property as nullable. [C:\Users\HP\Downloads\Medical\Medical_Affiliation\Medical_Affiliation.csproj]
C:\Users\HP\Downloads\Medical\Medical_Affiliation\Models\AddCourseToMstCourseViewModel.cs(726,19): warning CS8618: Non-nullable property 'TypeofMember' must contain a non-null value when exiting constructor. Consider adding the 'required' modifier or declaring the property as nullable. [C:\Users\HP\Downloads\Medical\Medical_Affiliation\Medical_Affiliation.csproj]
C:\Users\HP\Downloads\Medical\Medical_Affiliation\Models\AddCourseToMstCourseViewModel.cs(727,19): warning CS8618: Non-nullable property 'role' must contain a non-null value when exiting constructor. Consider adding the 'required' modifier or declaring the property as nullable. [C:\Users\HP\Downloads\Medical\Medical_Affiliation\Medical_Affiliation.csproj]
C:\Users\HP\Downloads\Medical\Medical_Affiliation\Models\AddCourseToMstCourseViewModel.cs(728,19): warning CS8618: Non-nullable property 'Name' must contain a non-null value when exiting constructor. Consider adding the 'required' modifier or declaring the property as nullable. [C:\Users\HP\Downloads\Medical\Medical_Affiliation\Medical_Affiliation.csproj]
C:\Users\HP\Downloads\Medical\Medical_Affiliation\Models\AddCourseToMstCourseViewModel.cs(730,19): warning CS8618: Non-nullable property 'PhoneNumber' must contain a non-null value when exiting constructor. Consider adding the 'required' modifier or declaring the property as nullable. [C:\Users\HP\Downloads\Medical\Medical_Affiliation\Medical_Affiliation.csproj]
C:\Users\HP\Downloads\Medical\Medical_Affiliation\Models\AddCourseToMstCourseViewModel.cs(731,19): warning CS8618: Non-nullable property 'Email' must contain a non-null value when exiting constructor. Consider adding the 'required' modifier or declaring the property as nullable. [C:\Users\HP\Downloads\Medical\Medical_Affiliation\Medical_Affiliation.csproj]
C:\Users\HP\Downloads\Medical\Medical_Affiliation\Models\AddCourseToMstCourseViewModel.cs(732,19): warning CS8618: Non-nullable property 'PANNumber' must contain a non-null value when exiting constructor. Consider adding the 'required' modifier or declaring the property as nullable. [C:\Users\HP\Downloads\Medical\Medical_Affiliation\Medical_Affiliation.csproj]
C:\Users\HP\Downloads\Medical\Medical_Affiliation\Models\AddCourseToMstCourseViewModel.cs(733,19): warning CS8618: Non-nullable property 'AadhaarNumber' must contain a non-null value when exiting constructor. Consider adding the 'required' modifier or declaring the property as nullable. [C:\Users\HP\Downloads\Medical\Medical_Affiliation\Medical_Affiliation.csproj]
C:\Users\HP\Downloads\Medical\Medical_Affiliation\Models\AddCourseToMstCourseViewModel.cs(736,19): warning CS8618: Non-nullable property 'ProfessionalFacultyId' must contain a non-null value when exiting constructor. Consider adding the 'required' modifier or declaring the property as nullable. [C:\Users\HP\Downloads\Medical\Medical_Affiliation\Medical_Affiliation.csproj]
C:\Users\HP\Downloads\Medical\Medical_Affiliation\Models\AddCourseToMstCourseViewModel.cs(737,33): warning CS8618: Non-nullable property 'FacultyOptions' must contain a non-null value when exiting constructor. Consider adding the 'required' modifier or declaring the property as nullable. [C:\Users\HP\Downloads\Medical\Medical_Affiliation\Medical_Affiliation.csproj]
C:\Users\HP\Downloads\Medical\Medical_Affiliation\Models\AddCourseToMstCourseViewModel.cs(740,19): warning CS8618: Non-nullable property 'ProfessionalCollegeCode' must contain a non-null value when exiting constructor. Consider adding the 'required' modifier or declaring the property as nullable. [C:\Users\HP\Downloads\Medical\Medical_Affiliation\Medical_Affiliation.csproj]
C:\Users\HP\Downloads\Medical\Medical_Affiliation\Models\AddCourseToMstCourseViewModel.cs(741,19): warning CS8618: Non-nullable property 'ProfessionalDepartment' must contain a non-null value when exiting constructor. Consider adding the 'required' modifier or declaring the property as nullable. [C:\Users\HP\Downloads\Medical\Medical_Affiliation\Medical_Affiliation.csproj]
C:\Users\HP\Downloads\Medical\Medical_Affiliation\Models\AddCourseToMstCourseViewModel.cs(742,33): warning CS8618: Non-nullable property 'CollegeOptions' must contain a non-null value when exiting constructor. Consider adding the 'required' modifier or declaring the property as nullable. [C:\Users\HP\Downloads\Medical\Medical_Affiliation\Medical_Affiliation.csproj]
C:\Users\HP\Downloads\Medical\Medical_Affiliation\Models\AddCourseToMstCourseViewModel.cs(743,33): warning CS8618: Non-nullable property 'DepartmentOptions' must contain a non-null value when exiting constructor. Consider adding the 'required' modifier or declaring the property as nullable. [C:\Users\HP\Downloads\Medical\Medical_Affiliation\Medical_Affiliation.csproj]
C:\Users\HP\Downloads\Medical\Medical_Affiliation\Models\AddCourseToMstCourseViewModel.cs(755,19): warning CS8618: Non-nullable property 'AccountHolderName' must contain a non-null value when exiting constructor. Consider adding the 'required' modifier or declaring the property as nullable. [C:\Users\HP\Downloads\Medical\Medical_Affiliation\Medical_Affiliation.csproj]
C:\Users\HP\Downloads\Medical\Medical_Affiliation\Models\AddCourseToMstCourseViewModel.cs(756,19): warning CS8618: Non-nullable property 'AccountNumber' must contain a non-null value when exiting constructor. Consider adding the 'required' modifier or declaring the property as nullable. [C:\Users\HP\Downloads\Medical\Medical_Affiliation\Medical_Affiliation.csproj]
C:\Users\HP\Downloads\Medical\Medical_Affiliation\Models\AddCourseToMstCourseViewModel.cs(757,19): warning CS8618: Non-nullable property 'IFSCCode' must contain a non-null value when exiting constructor. Consider adding the 'required' modifier or declaring the property as nullable. [C:\Users\HP\Downloads\Medical\Medical_Affiliation\Medical_Affiliation.csproj]
C:\Users\HP\Downloads\Medical\Medical_Affiliation\Models\AddCourseToMstCourseViewModel.cs(758,19): warning CS8618: Non-nullable property 'BankName' must contain a non-null value when exiting constructor. Consider adding the 'required' modifier or declaring the property as nullable. [C:\Users\HP\Downloads\Medical\Medical_Affiliation\Medical_Affiliation.csproj]
C:\Users\HP\Downloads\Medical\Medical_Affiliation\Models\AddCourseToMstCourseViewModel.cs(759,19): warning CS8618: Non-nullable property 'BranchName' must contain a non-null value when exiting constructor. Consider adding the 'required' modifier or declaring the property as nullable. [C:\Users\HP\Downloads\Medical\Medical_Affiliation\Medical_Affiliation.csproj]
C:\Users\HP\Downloads\Medical\Medical_Affiliation\Models\AddCourseToMstCourseViewModel.cs(773,19): warning CS8618: Non-nullable property 'FromPlace' must contain a non-null value when exiting constructor. Consider adding the 'required' modifier or declaring the property as nullable. [C:\Users\HP\Downloads\Medical\Medical_Affiliation\Medical_Affiliation.csproj]
C:\Users\HP\Downloads\Medical\Medical_Affiliation\Models\AddCourseToMstCourseViewModel.cs(775,19): warning CS8618: Non-nullable property 'ToPlace' must contain a non-null value when exiting constructor. Consider adding the 'required' modifier or declaring the property as nullable. [C:\Users\HP\Downloads\Medical\Medical_Affiliation\Medical_Affiliation.csproj]
C:\Users\HP\Downloads\Medical\Medical_Affiliation\Models\AddCourseToMstCourseViewModel.cs(779,19): warning CS8618: Non-nullable property 'SelectedCollegeCode' must contain a non-null value when exiting constructor. Consider adding the 'required' modifier or declaring the property as nullable. [C:\Users\HP\Downloads\Medical\Medical_Affiliation\Medical_Affiliation.csproj]
C:\Users\HP\Downloads\Medical\Medical_Affiliation\Models\AddCourseToMstCourseViewModel.cs(787,19): warning CS8618: Non-nullable property 'SelectedFacultyName' must contain a non-null value when exiting constructor. Consider adding the 'required' modifier or declaring the property as nullable. [C:\Users\HP\Downloads\Medical\Medical_Affiliation\Medical_Affiliation.csproj]
C:\Users\HP\Downloads\Medical\Medical_Affiliation\Models\AdmissionLoginViewModel.cs(46,19): warning CS8618: Non-nullable property 'Place' must contain a non-null value when exiting constructor. Consider adding the 'required' modifier or declaring the property as nullable. [C:\Users\HP\Downloads\Medical\Medical_Affiliation\Medical_Affiliation.csproj]
C:\Users\HP\Downloads\Medical\Medical_Affiliation\Models\AdmissionLoginViewModel.cs(48,19): warning CS8618: Non-nullable property 'Password' must contain a non-null value when exiting constructor. Consider adding the 'required' modifier or declaring the property as nullable. [C:\Users\HP\Downloads\Medical\Medical_Affiliation\Medical_Affiliation.csproj]
C:\Users\HP\Downloads\Medical\Medical_Affiliation\Models\AdmissionLoginViewModel.cs(49,19): warning CS8618: Non-nullable property 'NewPassword' must contain a non-null value when exiting constructor. Consider adding the 'required' modifier or declaring the property as nullable. [C:\Users\HP\Downloads\Medical\Medical_Affiliation\Medical_Affiliation.csproj]
C:\Users\HP\Downloads\Medical\Medical_Affiliation\Models\AdmissionLoginViewModel.cs(50,19): warning CS8618: Non-nullable property 'FacultyCode' must contain a non-null value when exiting constructor. Consider adding the 'required' modifier or declaring the property as nullable. [C:\Users\HP\Downloads\Medical\Medical_Affiliation\Medical_Affiliation.csproj]
C:\Users\HP\Downloads\Medical\Medical_Affiliation\Models\AddCourseToMstCourseViewModel.cs(317,19): warning CS8618: Non-nullable property 'CollegeCode' must contain a non-null value when exiting constructor. Consider adding the 'required' modifier or declaring the property as nullable. [C:\Users\HP\Downloads\Medical\Medical_Affiliation\Medical_Affiliation.csproj]
C:\Users\HP\Downloads\Medical\Medical_Affiliation\Models\AddCourseToMstCourseViewModel.cs(318,19): warning CS8618: Non-nullable property 'FacultyCode' must contain a non-null value when exiting constructor. Consider adding the 'required' modifier or declaring the property as nullable. [C:\Users\HP\Downloads\Medical\Medical_Affiliation\Medical_Affiliation.csproj]
C:\Users\HP\Downloads\Medical\Medical_Affiliation\Models\AddCourseToMstCourseViewModel.cs(323,19): warning CS8618: Non-nullable property 'TypeOfInstitution' must contain a non-null value when exiting constructor. Consider adding the 'required' modifier or declaring the property as nullable. [C:\Users\HP\Downloads\Medical\Medical_Affiliation\Medical_Affiliation.csproj]
C:\Users\HP\Downloads\Medical\Medical_Affiliation\Models\AddCourseToMstCourseViewModel.cs(327,19): warning CS8618: Non-nullable property 'NameOfInstitution' must contain a non-null value when exiting constructor. Consider adding the 'required' modifier or declaring the property as nullable. [C:\Users\HP\Downloads\Medical\Medical_Affiliation\Medical_Affiliation.csproj]
C:\Users\HP\Downloads\Medical\Medical_Affiliation\Models\AddCourseToMstCourseViewModel.cs(330,19): warning CS8618: Non-nullable property 'Address' must contain a non-null value when exiting constructor. Consider adding the 'required' modifier or declaring the property as nullable. [C:\Users\HP\Downloads\Medical\Medical_Affiliation\Medical_Affiliation.csproj]
C:\Users\HP\Downloads\Medical\Medical_Affiliation\Models\AddCourseToMstCourseViewModel.cs(332,19): warning CS8618: Non-nullable property 'VillageTownCity' must contain a non-null value when exiting constructor. Consider adding the 'required' modifier or declaring the property as nullable. [C:\Users\HP\Downloads\Medical\Medical_Affiliation\Medical_Affiliation.csproj]
C:\Users\HP\Downloads\Medical\Medical_Affiliation\Models\AddCourseToMstCourseViewModel.cs(334,19): warning CS8618: Non-nullable property 'Taluk' must contain a non-null value when exiting constructor. Consider adding the 'required' modifier or declaring the property as nullable. [C:\Users\HP\Downloads\Medical\Medical_Affiliation\Medical_Affiliation.csproj]
C:\Users\HP\Downloads\Medical\Medical_Affiliation\Models\AddCourseToMstCourseViewModel.cs(335,19): warning CS8618: Non-nullable property 'District' must contain a non-null value when exiting constructor. Consider adding the 'required' modifier or declaring the property as nullable. [C:\Users\HP\Downloads\Medical\Medical_Affiliation\Medical_Affiliation.csproj]
C:\Users\HP\Downloads\Medical\Medical_Affiliation\Models\AddCourseToMstCourseViewModel.cs(339,19): warning CS8618: Non-nullable property 'PinCode' must contain a non-null value when exiting constructor. Consider adding the 'required' modifier or declaring the property as nullable. [C:\Users\HP\Downloads\Medical\Medical_Affiliation\Medical_Affiliation.csproj]
C:\Users\HP\Downloads\Medical\Medical_Affiliation\Models\AddCourseToMstCourseViewModel.cs(344,19): warning CS8618: Non-nullable property 'MobileNumber' must contain a non-null value when exiting constructor. Consider adding the 'required' modifier or declaring the property as nullable. [C:\Users\HP\Downloads\Medical\Medical_Affiliation\Medical_Affiliation.csproj]
C:\Users\HP\Downloads\Medical\Medical_Affiliation\Models\AddCourseToMstCourseViewModel.cs(349,19): warning CS8618: Non-nullable property 'StdCode' must contain a non-null value when exiting constructor. Consider adding the 'required' modifier or declaring the property as nullable. [C:\Users\HP\Downloads\Medical\Medical_Affiliation\Medical_Affiliation.csproj]
C:\Users\HP\Downloads\Medical\Medical_Affiliation\Models\AddCourseToMstCourseViewModel.cs(357,19): warning CS8618: Non-nullable property 'Website' must contain a non-null value when exiting constructor. Consider adding the 'required' modifier or declaring the property as nullable. [C:\Users\HP\Downloads\Medical\Medical_Affiliation\Medical_Affiliation.csproj]
C:\Users\HP\Downloads\Medical\Medical_Affiliation\Models\AddCourseToMstCourseViewModel.cs(359,19): warning CS8618: Non-nullable property 'SurveyNoPidNo' must contain a non-null value when exiting constructor. Consider adding the 'required' modifier or declaring the property as nullable. [C:\Users\HP\Downloads\Medical\Medical_Affiliation\Medical_Affiliation.csproj]
C:\Users\HP\Downloads\Medical\Medical_Affiliation\Models\AddCourseToMstCourseViewModel.cs(368,19): warning CS8618: Non-nullable property 'YearOfEstablishment' must contain a non-null value when exiting constructor. Consider adding the 'required' modifier or declaring the property as nullable. [C:\Users\HP\Downloads\Medical\Medical_Affiliation\Medical_Affiliation.csproj]
C:\Users\HP\Downloads\Medical\Medical_Affiliation\Models\AddCourseToMstCourseViewModel.cs(373,19): warning CS8618: Non-nullable property 'EmailId' must contain a non-null value when exiting constructor. Consider adding the 'required' modifier or declaring the property as nullable. [C:\Users\HP\Downloads\Medical\Medical_Affiliation\Medical_Affiliation.csproj]
C:\Users\HP\Downloads\Medical\Medical_Affiliation\Models\AddCourseToMstCourseViewModel.cs(383,19): warning CS8618: Non-nullable property 'HeadAddress' must contain a non-null value when exiting constructor. Consider adding the 'required' modifier or declaring the property as nullable. [C:\Users\HP\Downloads\Medical\Medical_Affiliation\Medical_Affiliation.csproj]
C:\Users\HP\Downloads\Medical\Medical_Affiliation\Models\AddCourseToMstCourseViewModel.cs(385,19): warning CS8618: Non-nullable property 'FinancingAuthority' must contain a non-null value when exiting constructor. Consider adding the 'required' modifier or declaring the property as nullable. [C:\Users\HP\Downloads\Medical\Medical_Affiliation\Medical_Affiliation.csproj]
C:\Users\HP\Downloads\Medical\Medical_Affiliation\Models\AddCourseToMstCourseViewModel.cs(396,19): warning CS8618: Non-nullable property 'NodalOfficer_Name' must contain a non-null value when exiting constructor. Consider adding the 'required' modifier or declaring the property as nullable. [C:\Users\HP\Downloads\Medical\Medical_Affiliation\Medical_Affiliation.csproj]
C:\Users\HP\Downloads\Medical\Medical_Affiliation\Models\AddCourseToMstCourseViewModel.cs(399,19): warning CS8618: Non-nullable property 'NodalOfficer_Mob_Number' must contain a non-null value when exiting constructor. Consider adding the 'required' modifier or declaring the property as nullable. [C:\Users\HP\Downloads\Medical\Medical_Affiliation\Medical_Affiliation.csproj]
C:\Users\HP\Downloads\Medical\Medical_Affiliation\Models\AddCourseToMstCourseViewModel.cs(402,19): warning CS8618: Non-nullable property 'NodalOfficer_Email' must contain a non-null value when exiting constructor. Consider adding the 'required' modifier or declaring the property as nullable. [C:\Users\HP\Downloads\Medical\Medical_Affiliation\Medical_Affiliation.csproj]
C:\Users\HP\Downloads\Medical\Medical_Affiliation\Models\AddCourseToMstCourseViewModel.cs(405,19): warning CS8618: Non-nullable property 'Principal_Name' must contain a non-null value when exiting constructor. Consider adding the 'required' modifier or declaring the property as nullable. [C:\Users\HP\Downloads\Medical\Medical_Affiliation\Medical_Affiliation.csproj]
C:\Users\HP\Downloads\Medical\Medical_Affiliation\Models\AddCourseToMstCourseViewModel.cs(408,19): warning CS8618: Non-nullable property 'Principal_Mob_No' must contain a non-null value when exiting constructor. Consider adding the 'required' modifier or declaring the property as nullable. [C:\Users\HP\Downloads\Medical\Medical_Affiliation\Medical_Affiliation.csproj]
C:\Users\HP\Downloads\Medical\Medical_Affiliation\Models\AddCourseToMstCourseViewModel.cs(411,19): warning CS8618: Non-nullable property 'Principal_Email' must contain a non-null value when exiting constructor. Consider adding the 'required' modifier or declaring the property as nullable. [C:\Users\HP\Downloads\Medical\Medical_Affiliation\Medical_Affiliation.csproj]
C:\Users\HP\Downloads\Medical\Medical_Affiliation\Models\AddCourseToMstCourseViewModel.cs(425,19): warning CS8618: Non-nullable property 'College_URL' must contain a non-null value when exiting constructor. Consider adding the 'required' modifier or declaring the property as nullable. [C:\Users\HP\Downloads\Medical\Medical_Affiliation\Medical_Affiliation.csproj]
C:\Users\HP\Downloads\Medical\Medical_Affiliation\Models\AddCourseToMstCourseViewModel.cs(437,19): warning CS8618: Non-nullable property 'DeanName' must contain a non-null value when exiting constructor. Consider adding the 'required' modifier or declaring the property as nullable. [C:\Users\HP\Downloads\Medical\Medical_Affiliation\Medical_Affiliation.csproj]
C:\Users\HP\Downloads\Medical\Medical_Affiliation\Models\AddCourseToMstCourseViewModel.cs(451,19): warning CS8618: Non-nullable property 'MinorityCategory' must contain a non-null value when exiting constructor. Consider adding the 'required' modifier or declaring the property as nullable. [C:\Users\HP\Downloads\Medical\Medical_Affiliation\Medical_Affiliation.csproj]
C:\Users\HP\Downloads\Medical\Medical_Affiliation\Models\AddCourseToMstCourseViewModel.cs(452,19): warning CS8618: Non-nullable property 'RunningCourse' must contain a non-null value when exiting constructor. Consider adding the 'required' modifier or declaring the property as nullable. [C:\Users\HP\Downloads\Medical\Medical_Affiliation\Medical_Affiliation.csproj]
C:\Users\HP\Downloads\Medical\Medical_Affiliation\Models\AddCourseToMstCourseViewModel.cs(455,33): warning CS8618: Non-nullable property 'TalukList' must contain a non-null value when exiting constructor. Consider adding the 'required' modifier or declaring the property as nullable. [C:\Users\HP\Downloads\Medical\Medical_Affiliation\Medical_Affiliation.csproj]
C:\Users\HP\Downloads\Medical\Medical_Affiliation\Models\AddCourseToMstCourseViewModel.cs(456,33): warning CS8618: Non-nullable property 'DistrictList' must contain a non-null value when exiting constructor. Consider adding the 'required' modifier or declaring the property as nullable. [C:\Users\HP\Downloads\Medical\Medical_Affiliation\Medical_Affiliation.csproj]
C:\Users\HP\Downloads\Medical\Medical_Affiliation\Models\AddCourseToMstCourseViewModel.cs(457,33): warning CS8618: Non-nullable property 'CourseList' must contain a non-null value when exiting constructor. Consider adding the 'required' modifier or declaring the property as nullable. [C:\Users\HP\Downloads\Medical\Medical_Affiliation\Medical_Affiliation.csproj]
C:\Users\HP\Downloads\Medical\Medical_Affiliation\Models\AddCourseToMstCourseViewModel.cs(458,33): warning CS8618: Non-nullable property 'institutetypelist' must contain a non-null value when exiting constructor. Consider adding the 'required' modifier or declaring the property as nullable. [C:\Users\HP\Downloads\Medical\Medical_Affiliation\Medical_Affiliation.csproj]
C:\Users\HP\Downloads\Medical\Medical_Affiliation\Models\AddCourseToMstCourseViewModel.cs(459,33): warning CS8618: Non-nullable property 'Institutestatuslist' must contain a non-null value when exiting constructor. Consider adding the 'required' modifier or declaring the property as nullable. [C:\Users\HP\Downloads\Medical\Medical_Affiliation\Medical_Affiliation.csproj]
C:\Users\HP\Downloads\Medical\Medical_Affiliation\Models\AdmissionLoginViewModel.cs(115,19): warning CS8618: Non-nullable property 'CourseName' must contain a non-null value when exiting constructor. Consider adding the 'required' modifier or declaring the property as nullable. [C:\Users\HP\Downloads\Medical\Medical_Affiliation\Medical_Affiliation.csproj]
C:\Users\HP\Downloads\Medical\Medical_Affiliation\Models\AdmissionLoginViewModel.cs(119,19): warning CS8618: Non-nullable property 'CollegeCode' must contain a non-null value when exiting constructor. Consider adding the 'required' modifier or declaring the property as nullable. [C:\Users\HP\Downloads\Medical\Medical_Affiliation\Medical_Affiliation.csproj]
C:\Users\HP\Downloads\Medical\Medical_Affiliation\Models\AdmissionLoginViewModel.cs(70,19): warning CS8618: Non-nullable property 'username' must contain a non-null value when exiting constructor. Consider adding the 'required' modifier or declaring the property as nullable. [C:\Users\HP\Downloads\Medical\Medical_Affiliation\Medical_Affiliation.csproj]
C:\Users\HP\Downloads\Medical\Medical_Affiliation\Models\AdmissionLoginViewModel.cs(72,33): warning CS8618: Non-nullable property 'FacultyList' must contain a non-null value when exiting constructor. Consider adding the 'required' modifier or declaring the property as nullable. [C:\Users\HP\Downloads\Medical\Medical_Affiliation\Medical_Affiliation.csproj]
C:\Users\HP\Downloads\Medical\Medical_Affiliation\Models\AdmissionLoginViewModel.cs(73,31): warning CS8618: Non-nullable property 'CourseModel' must contain a non-null value when exiting constructor. Consider adding the 'required' modifier or declaring the property as nullable. [C:\Users\HP\Downloads\Medical\Medical_Affiliation\Medical_Affiliation.csproj]
C:\Users\HP\Downloads\Medical\Medical_Affiliation\Models\AdmissionLoginViewModel.cs(74,33): warning CS8618: Non-nullable property 'CollegeList' must contain a non-null value when exiting constructor. Consider adding the 'required' modifier or declaring the property as nullable. [C:\Users\HP\Downloads\Medical\Medical_Affiliation\Medical_Affiliation.csproj]
C:\Users\HP\Downloads\Medical\Medical_Affiliation\Models\AdmissionLoginViewModel.cs(75,37): warning CS8618: Non-nullable property 'ExistingCourses' must contain a non-null value when exiting constructor. Consider adding the 'required' modifier or declaring the property as nullable. [C:\Users\HP\Downloads\Medical\Medical_Affiliation\Medical_Affiliation.csproj]
C:\Users\HP\Downloads\Medical\Medical_Affiliation\Models\AdmissionLoginViewModel.cs(76,34): warning CS8618: Non-nullable property 'DeleteCourseModel' must contain a non-null value when exiting constructor. Consider adding the 'required' modifier or declaring the property as nullable. [C:\Users\HP\Downloads\Medical\Medical_Affiliation\Medical_Affiliation.csproj]
C:\Users\HP\Downloads\Medical\Medical_Affiliation\Models\AdmissionLoginViewModel.cs(77,33): warning CS8618: Non-nullable property 'CourseList' must contain a non-null value when exiting constructor. Consider adding the 'required' modifier or declaring the property as nullable. [C:\Users\HP\Downloads\Medical\Medical_Affiliation\Medical_Affiliation.csproj]
C:\Users\HP\Downloads\Medical\Medical_Affiliation\Models\AdmissionLoginViewModel.cs(78,33): warning CS8618: Non-nullable property 'CoursePrefixList' must contain a non-null value when exiting constructor. Consider adding the 'required' modifier or declaring the property as nullable. [C:\Users\HP\Downloads\Medical\Medical_Affiliation\Medical_Affiliation.csproj]
C:\Users\HP\Downloads\Medical\Medical_Affiliation\Models\AdmissionLoginViewModel.cs(79,33): warning CS8618: Non-nullable property 'CourseLevelList' must contain a non-null value when exiting constructor. Consider adding the 'required' modifier or declaring the property as nullable. [C:\Users\HP\Downloads\Medical\Medical_Affiliation\Medical_Affiliation.csproj]
C:\Users\HP\Downloads\Medical\Medical_Affiliation\Models\AdmissionLoginViewModel.cs(152,19): warning CS8618: Non-nullable property 'Value' must contain a non-null value when exiting constructor. Consider adding the 'required' modifier or declaring the property as nullable. [C:\Users\HP\Downloads\Medical\Medical_Affiliation\Medical_Affiliation.csproj]
C:\Users\HP\Downloads\Medical\Medical_Affiliation\Models\AdmissionLoginViewModel.cs(153,19): warning CS8618: Non-nullable property 'Text' must contain a non-null value when exiting constructor. Consider adding the 'required' modifier or declaring the property as nullable. [C:\Users\HP\Downloads\Medical\Medical_Affiliation\Medical_Affiliation.csproj]
C:\Users\HP\Downloads\Medical\Medical_Affiliation\Models\AdmissionLoginViewModel.cs(124,19): warning CS8618: Non-nullable property 'FacultyId' must contain a non-null value when exiting constructor. Consider adding the 'required' modifier or declaring the property as nullable. [C:\Users\HP\Downloads\Medical\Medical_Affiliation\Medical_Affiliation.csproj]
C:\Users\HP\Downloads\Medical\Medical_Affiliation\Models\AdmissionLoginViewModel.cs(125,19): warning CS8618: Non-nullable property 'FacultyName' must contain a non-null value when exiting constructor. Consider adding the 'required' modifier or declaring the property as nullable. [C:\Users\HP\Downloads\Medical\Medical_Affiliation\Medical_Affiliation.csproj]
C:\Users\HP\Downloads\Medical\Medical_Affiliation\Models\AdmissionLoginViewModel.cs(126,19): warning CS8618: Non-nullable property 'CollegeName' must contain a non-null value when exiting constructor. Consider adding the 'required' modifier or declaring the property as nullable. [C:\Users\HP\Downloads\Medical\Medical_Affiliation\Medical_Affiliation.csproj]
C:\Users\HP\Downloads\Medical\Medical_Affiliation\Models\AdmissionLoginViewModel.cs(128,19): warning CS8618: Non-nullable property 'selectedCollegeName' must contain a non-null value when exiting constructor. Consider adding the 'required' modifier or declaring the property as nullable. [C:\Users\HP\Downloads\Medical\Medical_Affiliation\Medical_Affiliation.csproj]
C:\Users\HP\Downloads\Medical\Medical_Affiliation\Models\AdmissionLoginViewModel.cs(137,19): warning CS8618: Non-nullable property 'FacultyId' must contain a non-null value when exiting constructor. Consider adding the 'required' modifier or declaring the property as nullable. [C:\Users\HP\Downloads\Medical\Medical_Affiliation\Medical_Affiliation.csproj]
C:\Users\HP\Downloads\Medical\Medical_Affiliation\Models\AdmissionLoginViewModel.cs(138,19): warning CS8618: Non-nullable property 'FacultyName' must contain a non-null value when exiting constructor. Consider adding the 'required' modifier or declaring the property as nullable. [C:\Users\HP\Downloads\Medical\Medical_Affiliation\Medical_Affiliation.csproj]
C:\Users\HP\Downloads\Medical\Medical_Affiliation\Models\AdmissionLoginViewModel.cs(139,19): warning CS8618: Non-nullable property 'CollegeName' must contain a non-null value when exiting constructor. Consider adding the 'required' modifier or declaring the property as nullable. [C:\Users\HP\Downloads\Medical\Medical_Affiliation\Medical_Affiliation.csproj]
C:\Users\HP\Downloads\Medical\Medical_Affiliation\Models\AdmissionLoginViewModel.cs(141,19): warning CS8618: Non-nullable property 'selectedCollegeName' must contain a non-null value when exiting constructor. Consider adding the 'required' modifier or declaring the property as nullable. [C:\Users\HP\Downloads\Medical\Medical_Affiliation\Medical_Affiliation.csproj]
C:\Users\HP\Downloads\Medical\Medical_Affiliation\Models\AddCourseToMstCourseViewModel.cs(659,19): warning CS8618: Non-nullable property 'Name' must contain a non-null value when exiting constructor. Consider adding the 'required' modifier or declaring the property as nullable. [C:\Users\HP\Downloads\Medical\Medical_Affiliation\Medical_Affiliation.csproj]
C:\Users\HP\Downloads\Medical\Medical_Affiliation\Models\AddCourseToMstCourseViewModel.cs(664,19): warning CS8618: Non-nullable property 'Email' must contain a non-null value when exiting constructor. Consider adding the 'required' modifier or declaring the property as nullable. [C:\Users\HP\Downloads\Medical\Medical_Affiliation\Medical_Affiliation.csproj]
C:\Users\HP\Downloads\Medical\Medical_Affiliation\Models\AddCourseToMstCourseViewModel.cs(669,19): warning CS8618: Non-nullable property 'PhoneNumber' must contain a non-null value when exiting constructor. Consider adding the 'required' modifier or declaring the property as nullable. [C:\Users\HP\Downloads\Medical\Medical_Affiliation\Medical_Affiliation.csproj]
C:\Users\HP\Downloads\Medical\Medical_Affiliation\Models\AddCourseToMstCourseViewModel.cs(674,19): warning CS8618: Non-nullable property 'Password' must contain a non-null value when exiting constructor. Consider adding the 'required' modifier or declaring the property as nullable. [C:\Users\HP\Downloads\Medical\Medical_Affiliation\Medical_Affiliation.csproj]
C:\Users\HP\Downloads\Medical\Medical_Affiliation\Models\AddCourseToMstCourseViewModel.cs(680,19): warning CS8618: Non-nullable property 'ConfirmPassword' must contain a non-null value when exiting constructor. Consider adding the 'required' modifier or declaring the property as nullable. [C:\Users\HP\Downloads\Medical\Medical_Affiliation\Medical_Affiliation.csproj]
C:\Users\HP\Downloads\Medical\Medical_Affiliation\Models\AddCourseToMstCourseViewModel.cs(683,19): warning CS8618: Non-nullable property 'TypeofMember' must contain a non-null value when exiting constructor. Consider adding the 'required' modifier or declaring the property as nullable. [C:\Users\HP\Downloads\Medical\Medical_Affiliation\Medical_Affiliation.csproj]
C:\Users\HP\Downloads\Medical\Medical_Affiliation\Models\AddCourseToMstCourseViewModel.cs(688,19): warning CS8618: Non-nullable property 'LoginIdentifier' must contain a non-null value when exiting constructor. Consider adding the 'required' modifier or declaring the property as nullable. [C:\Users\HP\Downloads\Medical\Medical_Affiliation\Medical_Affiliation.csproj]
C:\Users\HP\Downloads\Medical\Medical_Affiliation\Models\AddCourseToMstCourseViewModel.cs(692,19): warning CS8618: Non-nullable property 'LoginPassword' must contain a non-null value when exiting constructor. Consider adding the 'required' modifier or declaring the property as nullable. [C:\Users\HP\Downloads\Medical\Medical_Affiliation\Medical_Affiliation.csproj]
C:\Users\HP\Downloads\Medical\Medical_Affiliation\Models\AdminLoginViewModel.cs(119,23): warning CS8618: Non-nullable property 'CollegeCode' must contain a non-null value when exiting constructor. Consider adding the 'required' modifier or declaring the property as nullable. [C:\Users\HP\Downloads\Medical\Medical_Affiliation\Medical_Affiliation.csproj]
C:\Users\HP\Downloads\Medical\Medical_Affiliation\Models\AdmissionLoginViewModel.cs(226,19): warning CS8618: Non-nullable property 'CollegeName' must contain a non-null value when exiting constructor. Consider adding the 'required' modifier or declaring the property as nullable. [C:\Users\HP\Downloads\Medical\Medical_Affiliation\Medical_Affiliation.csproj]
C:\Users\HP\Downloads\Medical\Medical_Affiliation\Models\AdmissionLoginViewModel.cs(227,19): warning CS8618: Non-nullable property 'courseName' must contain a non-null value when exiting constructor. Consider adding the 'required' modifier or declaring the property as nullable. [C:\Users\HP\Downloads\Medical\Medical_Affiliation\Medical_Affiliation.csproj]
C:\Users\HP\Downloads\Medical\Medical_Affiliation\Models\AdmissionLoginViewModel.cs(228,19): warning CS8618: Non-nullable property 'subjectName' must contain a non-null value when exiting constructor. Consider adding the 'required' modifier or declaring the property as nullable. [C:\Users\HP\Downloads\Medical\Medical_Affiliation\Medical_Affiliation.csproj]
C:\Users\HP\Downloads\Medical\Medical_Affiliation\Models\AdmissionLoginViewModel.cs(231,19): warning CS8618: Non-nullable property 'PrincipalName' must contain a non-null value when exiting constructor. Consider adding the 'required' modifier or declaring the property as nullable. [C:\Users\HP\Downloads\Medical\Medical_Affiliation\Medical_Affiliation.csproj]
C:\Users\HP\Downloads\Medical\Medical_Affiliation\Models\AdmissionLoginViewModel.cs(232,19): warning CS8618: Non-nullable property 'CollegeCode' must contain a non-null value when exiting constructor. Consider adding the 'required' modifier or declaring the property as nullable. [C:\Users\HP\Downloads\Medical\Medical_Affiliation\Medical_Affiliation.csproj]
C:\Users\HP\Downloads\Medical\Medical_Affiliation\Models\AdmissionLoginViewModel.cs(233,19): warning CS8618: Non-nullable property 'SubjectCode' must contain a non-null value when exiting constructor. Consider adding the 'required' modifier or declaring the property as nullable. [C:\Users\HP\Downloads\Medical\Medical_Affiliation\Medical_Affiliation.csproj]
C:\Users\HP\Downloads\Medical\Medical_Affiliation\Models\AdmissionLoginViewModel.cs(194,19): warning CS8618: Non-nullable property 'FacultyCode' must contain a non-null value when exiting constructor. Consider adding the 'required' modifier or declaring the property as nullable. [C:\Users\HP\Downloads\Medical\Medical_Affiliation\Medical_Affiliation.csproj]
C:\Users\HP\Downloads\Medical\Medical_Affiliation\Models\AdmissionLoginViewModel.cs(195,19): warning CS8618: Non-nullable property 'CollegeCode' must contain a non-null value when exiting constructor. Consider adding the 'required' modifier or declaring the property as nullable. [C:\Users\HP\Downloads\Medical\Medical_Affiliation\Medical_Affiliation.csproj]
C:\Users\HP\Downloads\Medical\Medical_Affiliation\Models\AdmissionLoginViewModel.cs(196,19): warning CS8618: Non-nullable property 'CourseLevel' must contain a non-null value when exiting constructor. Consider adding the 'required' modifier or declaring the property as nullable. [C:\Users\HP\Downloads\Medical\Medical_Affiliation\Medical_Affiliation.csproj]
C:\Users\HP\Downloads\Medical\Medical_Affiliation\Models\AdmissionLoginViewModel.cs(203,19): warning CS8618: Non-nullable property 'FacultyAndCollege' must contain a non-null value when exiting constructor. Consider adding the 'required' modifier or declaring the property as nullable. [C:\Users\HP\Downloads\Medical\Medical_Affiliation\Medical_Affiliation.csproj]
C:\Users\HP\Downloads\Medical\Medical_Affiliation\Models\AdmissionLoginViewModel.cs(238,19): warning CS8618: Non-nullable property 'CollegeCode' must contain a non-null value when exiting constructor. Consider adding the 'required' modifier or declaring the property as nullable. [C:\Users\HP\Downloads\Medical\Medical_Affiliation\Medical_Affiliation.csproj]
C:\Users\HP\Downloads\Medical\Medical_Affiliation\Models\AdmissionLoginViewModel.cs(239,19): warning CS8618: Non-nullable property 'AllDocsForCourse' must contain a non-null value when exiting constructor. Consider adding the 'required' modifier or declaring the property as nullable. [C:\Users\HP\Downloads\Medical\Medical_Affiliation\Medical_Affiliation.csproj]
C:\Users\HP\Downloads\Medical\Medical_Affiliation\Models\AdmissionLoginViewModel.cs(240,22): warning CS8618: Non-nullable property 'AllDocsForCourse1' must contain a non-null value when exiting constructor. Consider adding the 'required' modifier or declaring the property as nullable. [C:\Users\HP\Downloads\Medical\Medical_Affiliation\Medical_Affiliation.csproj]
C:\Users\HP\Downloads\Medical\Medical_Affiliation\Models\AdmissionLoginViewModel.cs(242,19): warning CS8618: Non-nullable property 'CollegeName' must contain a non-null value when exiting constructor. Consider adding the 'required' modifier or declaring the property as nullable. [C:\Users\HP\Downloads\Medical\Medical_Affiliation\Medical_Affiliation.csproj]
C:\Users\HP\Downloads\Medical\Medical_Affiliation\Models\AdmissionLoginViewModel.cs(244,19): warning CS8618: Non-nullable property 'FacultyName' must contain a non-null value when exiting constructor. Consider adding the 'required' modifier or declaring the property as nullable. [C:\Users\HP\Downloads\Medical\Medical_Affiliation\Medical_Affiliation.csproj]
C:\Users\HP\Downloads\Medical\Medical_Affiliation\Models\AdmissionLoginViewModel.cs(245,19): warning CS8618: Non-nullable property 'CollegeTown' must contain a non-null value when exiting constructor. Consider adding the 'required' modifier or declaring the property as nullable. [C:\Users\HP\Downloads\Medical\Medical_Affiliation\Medical_Affiliation.csproj]
C:\Users\HP\Downloads\Medical\Medical_Affiliation\Models\AdmissionLoginViewModel.cs(246,53): warning CS8618: Non-nullable property 'Courses' must contain a non-null value when exiting constructor. Consider adding the 'required' modifier or declaring the property as nullable. [C:\Users\HP\Downloads\Medical\Medical_Affiliation\Medical_Affiliation.csproj]
C:\Users\HP\Downloads\Medical\Medical_Affiliation\Models\AdmissionLoginViewModel.cs(267,19): warning CS8618: Non-nullable property 'CollegeName' must contain a non-null value when exiting constructor. Consider adding the 'required' modifier or declaring the property as nullable. [C:\Users\HP\Downloads\Medical\Medical_Affiliation\Medical_Affiliation.csproj]
C:\Users\HP\Downloads\Medical\Medical_Affiliation\Models\AdmissionLoginViewModel.cs(268,19): warning CS8618: Non-nullable property 'FacultyName' must contain a non-null value when exiting constructor. Consider adding the 'required' modifier or declaring the property as nullable. [C:\Users\HP\Downloads\Medical\Medical_Affiliation\Medical_Affiliation.csproj]
C:\Users\HP\Downloads\Medical\Medical_Affiliation\Models\AdminLoginViewModel.cs(108,23): warning CS8618: Non-nullable property 'username' must contain a non-null value when exiting constructor. Consider adding the 'required' modifier or declaring the property as nullable. [C:\Users\HP\Downloads\Medical\Medical_Affiliation\Medical_Affiliation.csproj]
C:\Users\HP\Downloads\Medical\Medical_Affiliation\Models\AdminLoginViewModel.cs(109,35): warning CS8618: Non-nullable property 'CourseModel' must contain a non-null value when exiting constructor. Consider adding the 'required' modifier or declaring the property as nullable. [C:\Users\HP\Downloads\Medical\Medical_Affiliation\Medical_Affiliation.csproj]
C:\Users\HP\Downloads\Medical\Medical_Affiliation\Models\AdminLoginViewModel.cs(110,37): warning CS8618: Non-nullable property 'CollegeList' must contain a non-null value when exiting constructor. Consider adding the 'required' modifier or declaring the property as nullable. [C:\Users\HP\Downloads\Medical\Medical_Affiliation\Medical_Affiliation.csproj]
C:\Users\HP\Downloads\Medical\Medical_Affiliation\Models\AdminLoginViewModel.cs(111,41): warning CS8618: Non-nullable property 'ExistingCourses' must contain a non-null value when exiting constructor. Consider adding the 'required' modifier or declaring the property as nullable. [C:\Users\HP\Downloads\Medical\Medical_Affiliation\Medical_Affiliation.csproj]
C:\Users\HP\Downloads\Medical\Medical_Affiliation\Models\AdminLoginViewModel.cs(112,38): warning CS8618: Non-nullable property 'DeleteCourseModel' must contain a non-null value when exiting constructor. Consider adding the 'required' modifier or declaring the property as nullable. [C:\Users\HP\Downloads\Medical\Medical_Affiliation\Medical_Affiliation.csproj]
C:\Users\HP\Downloads\Medical\Medical_Affiliation\Models\AdmissionLoginViewModel.cs(307,19): warning CS8618: Non-nullable property 'PrincipalName' must contain a non-null value when exiting constructor. Consider adding the 'required' modifier or declaring the property as nullable. [C:\Users\HP\Downloads\Medical\Medical_Affiliation\Medical_Affiliation.csproj]
C:\Users\HP\Downloads\Medical\Medical_Affiliation\Models\AdmissionLoginViewModel.cs(311,19): warning CS8618: Non-nullable property 'PrincipalMobileNo' must contain a non-null value when exiting constructor. Consider adding the 'required' modifier or declaring the property as nullable. [C:\Users\HP\Downloads\Medical\Medical_Affiliation\Medical_Affiliation.csproj]
C:\Users\HP\Downloads\Medical\Medical_Affiliation\Models\AdmissionLoginViewModel.cs(315,19): warning CS8618: Non-nullable property 'CollegeEmail' must contain a non-null value when exiting constructor. Consider adding the 'required' modifier or declaring the property as nullable. [C:\Users\HP\Downloads\Medical\Medical_Affiliation\Medical_Affiliation.csproj]
C:\Users\HP\Downloads\Medical\Medical_Affiliation\Models\AdmissionLoginViewModel.cs(319,19): warning CS8618: Non-nullable property 'CollegeMobileNo' must contain a non-null value when exiting constructor. Consider adding the 'required' modifier or declaring the property as nullable. [C:\Users\HP\Downloads\Medical\Medical_Affiliation\Medical_Affiliation.csproj]
C:\Users\HP\Downloads\Medical\Medical_Affiliation\Models\AdmissionLoginViewModel.cs(253,19): warning CS8618: Non-nullable property 'CourseName' must contain a non-null value when exiting constructor. Consider adding the 'required' modifier or declaring the property as nullable. [C:\Users\HP\Downloads\Medical\Medical_Affiliation\Medical_Affiliation.csproj]
C:\Users\HP\Downloads\Medical\Medical_Affiliation\Models\AdmissionLoginViewModel.cs(259,19): warning CS8618: Non-nullable property 'Remarks' must contain a non-null value when exiting constructor. Consider adding the 'required' modifier or declaring the property as nullable. [C:\Users\HP\Downloads\Medical\Medical_Affiliation\Medical_Affiliation.csproj]
C:\Users\HP\Downloads\Medical\Medical_Affiliation\Models\AdmissionLoginViewModel.cs(260,19): warning CS8618: Non-nullable property 'ViewDocument' must contain a non-null value when exiting constructor. Consider adding the 'required' modifier or declaring the property as nullable. [C:\Users\HP\Downloads\Medical\Medical_Affiliation\Medical_Affiliation.csproj]
C:\Users\HP\Downloads\Medical\Medical_Affiliation\Models\AdmissionLoginViewModel.cs(207,19): warning CS8618: Non-nullable property 'CollegeCode' must contain a non-null value when exiting constructor. Consider adding the 'required' modifier or declaring the property as nullable. [C:\Users\HP\Downloads\Medical\Medical_Affiliation\Medical_Affiliation.csproj]
C:\Users\HP\Downloads\Medical\Medical_Affiliation\Models\AdmissionLoginViewModel.cs(208,19): warning CS8618: Non-nullable property 'CollegeName' must contain a non-null value when exiting constructor. Consider adding the 'required' modifier or declaring the property as nullable. [C:\Users\HP\Downloads\Medical\Medical_Affiliation\Medical_Affiliation.csproj]
C:\Users\HP\Downloads\Medical\Medical_Affiliation\Models\AdmissionLoginViewModel.cs(212,19): warning CS8618: Non-nullable property 'CollegeTown' must contain a non-null value when exiting constructor. Consider adding the 'required' modifier or declaring the property as nullable. [C:\Users\HP\Downloads\Medical\Medical_Affiliation\Medical_Affiliation.csproj]
C:\Users\HP\Downloads\Medical\Medical_Affiliation\Models\AdmissionLoginViewModel.cs(213,19): warning CS8618: Non-nullable property 'PrincipalName' must contain a non-null value when exiting constructor. Consider adding the 'required' modifier or declaring the property as nullable. [C:\Users\HP\Downloads\Medical\Medical_Affiliation\Medical_Affiliation.csproj]
C:\Users\HP\Downloads\Medical\Medical_Affiliation\Models\AdmissionLoginViewModel.cs(214,19): warning CS8618: Non-nullable property 'FacultyCode' must contain a non-null value when exiting constructor. Consider adding the 'required' modifier or declaring the property as nullable. [C:\Users\HP\Downloads\Medical\Medical_Affiliation\Medical_Affiliation.csproj]
C:\Users\HP\Downloads\Medical\Medical_Affiliation\Models\AdmissionLoginViewModel.cs(215,19): warning CS8618: Non-nullable property 'CourseLevel' must contain a non-null value when exiting constructor. Consider adding the 'required' modifier or declaring the property as nullable. [C:\Users\HP\Downloads\Medical\Medical_Affiliation\Medical_Affiliation.csproj]
C:\Users\HP\Downloads\Medical\Medical_Affiliation\Models\AdmissionLoginViewModel.cs(216,19): warning CS8618: Non-nullable property 'CourseName' must contain a non-null value when exiting constructor. Consider adding the 'required' modifier or declaring the property as nullable. [C:\Users\HP\Downloads\Medical\Medical_Affiliation\Medical_Affiliation.csproj]
C:\Users\HP\Downloads\Medical\Medical_Affiliation\Models\AdminLoginViewModel.cs(102,23): warning CS8618: Non-nullable property 'CollegeCode' must contain a non-null value when exiting constructor. Consider adding the 'required' modifier or declaring the property as nullable. [C:\Users\HP\Downloads\Medical\Medical_Affiliation\Medical_Affiliation.csproj]
C:\Users\HP\Downloads\Medical\Medical_Affiliation\Models\AdminLoginViewModel.cs(103,23): warning CS8618: Non-nullable property 'CourseName' must contain a non-null value when exiting constructor. Consider adding the 'required' modifier or declaring the property as nullable. [C:\Users\HP\Downloads\Medical\Medical_Affiliation\Medical_Affiliation.csproj]
C:\Users\HP\Downloads\Medical\Medical_Affiliation\Models\AdmissionLoginViewModel.cs(487,19): warning CS8618: Non-nullable property 'CollegeCode' must contain a non-null value when exiting constructor. Consider adding the 'required' modifier or declaring the property as nullable. [C:\Users\HP\Downloads\Medical\Medical_Affiliation\Medical_Affiliation.csproj]
C:\Users\HP\Downloads\Medical\Medical_Affiliation\Models\AdmissionLoginViewModel.cs(488,19): warning CS8618: Non-nullable property 'FacultyCode' must contain a non-null value when exiting constructor. Consider adding the 'required' modifier or declaring the property as nullable. [C:\Users\HP\Downloads\Medical\Medical_Affiliation\Medical_Affiliation.csproj]
C:\Users\HP\Downloads\Medical\Medical_Affiliation\Models\AdmissionLoginViewModel.cs(491,19): warning CS8618: Non-nullable property 'ParametersName' must contain a non-null value when exiting constructor. Consider adding the 'required' modifier or declaring the property as nullable. [C:\Users\HP\Downloads\Medical\Medical_Affiliation\Medical_Affiliation.csproj]
C:\Users\HP\Downloads\Medical\Medical_Affiliation\Models\AdmissionLoginViewModel.cs(493,19): warning CS8618: Non-nullable property 'Year1' must contain a non-null value when exiting constructor. Consider adding the 'required' modifier or declaring the property as nullable. [C:\Users\HP\Downloads\Medical\Medical_Affiliation\Medical_Affiliation.csproj]
C:\Users\HP\Downloads\Medical\Medical_Affiliation\Models\AdmissionLoginViewModel.cs(494,19): warning CS8618: Non-nullable property 'Year2' must contain a non-null value when exiting constructor. Consider adding the 'required' modifier or declaring the property as nullable. [C:\Users\HP\Downloads\Medical\Medical_Affiliation\Medical_Affiliation.csproj]
C:\Users\HP\Downloads\Medical\Medical_Affiliation\Models\AdmissionLoginViewModel.cs(495,19): warning CS8618: Non-nullable property 'Year3' must contain a non-null value when exiting constructor. Consider adding the 'required' modifier or declaring the property as nullable. [C:\Users\HP\Downloads\Medical\Medical_Affiliation\Medical_Affiliation.csproj]
C:\Users\HP\Downloads\Medical\Medical_Affiliation\Models\AdmissionLoginViewModel.cs(561,19): warning CS8618: Non-nullable property 'CourseLevel' must contain a non-null value when exiting constructor. Consider adding the 'required' modifier or declaring the property as nullable. [C:\Users\HP\Downloads\Medical\Medical_Affiliation\Medical_Affiliation.csproj]
C:\Users\HP\Downloads\Medical\Medical_Affiliation\Models\AdmissionLoginViewModel.cs(564,19): warning CS8618: Non-nullable property 'CourseCode' must contain a non-null value when exiting constructor. Consider adding the 'required' modifier or declaring the property as nullable. [C:\Users\HP\Downloads\Medical\Medical_Affiliation\Medical_Affiliation.csproj]
C:\Users\HP\Downloads\Medical\Medical_Affiliation\Models\AdmissionLoginViewModel.cs(565,19): warning CS8618: Non-nullable property 'IntakeDetails' must contain a non-null value when exiting constructor. Consider adding the 'required' modifier or declaring the property as nullable. [C:\Users\HP\Downloads\Medical\Medical_Affiliation\Medical_Affiliation.csproj]
C:\Users\HP\Downloads\Medical\Medical_Affiliation\Models\AdmissionLoginViewModel.cs(567,19): warning CS8618: Non-nullable property 'FreshOrIncrease' must contain a non-null value when exiting constructor. Consider adding the 'required' modifier or declaring the property as nullable. [C:\Users\HP\Downloads\Medical\Medical_Affiliation\Medical_Affiliation.csproj]
C:\Users\HP\Downloads\Medical\Medical_Affiliation\Models\AdmissionLoginViewModel.cs(574,22): warning CS8618: Non-nullable property 'RGUHSNotificationFile' must contain a non-null value when exiting constructor. Consider adding the 'required' modifier or declaring the property as nullable. [C:\Users\HP\Downloads\Medical\Medical_Affiliation\Medical_Affiliation.csproj]
C:\Users\HP\Downloads\Medical\Medical_Affiliation\Models\AdmissionLoginViewModel.cs(575,22): warning CS8618: Non-nullable property 'INCUploadFile' must contain a non-null value when exiting constructor. Consider adding the 'required' modifier or declaring the property as nullable. [C:\Users\HP\Downloads\Medical\Medical_Affiliation\Medical_Affiliation.csproj]
C:\Users\HP\Downloads\Medical\Medical_Affiliation\Models\AdmissionLoginViewModel.cs(576,22): warning CS8618: Non-nullable property 'KNMCUploadFile' must contain a non-null value when exiting constructor. Consider adding the 'required' modifier or declaring the property as nullable. [C:\Users\HP\Downloads\Medical\Medical_Affiliation\Medical_Affiliation.csproj]
C:\Users\HP\Downloads\Medical\Medical_Affiliation\Models\AdmissionLoginViewModel.cs(577,22): warning CS8618: Non-nullable property 'GOKUploadFile' must contain a non-null value when exiting constructor. Consider adding the 'required' modifier or declaring the property as nullable. [C:\Users\HP\Downloads\Medical\Medical_Affiliation\Medical_Affiliation.csproj]
C:\Users\HP\Downloads\Medical\Medical_Affiliation\Models\AdmissionLoginViewModel.cs(436,19): warning CS8618: Non-nullable property 'Faculty' must contain a non-null value when exiting constructor. Consider adding the 'required' modifier or declaring the property as nullable. [C:\Users\HP\Downloads\Medical\Medical_Affiliation\Medical_Affiliation.csproj]
C:\Users\HP\Downloads\Medical\Medical_Affiliation\Models\AdmissionLoginViewModel.cs(582,19): warning CS8618: Non-nullable property 'Designation' must contain a non-null value when exiting constructor. Consider adding the 'required' modifier or declaring the property as nullable. [C:\Users\HP\Downloads\Medical\Medical_Affiliation\Medical_Affiliation.csproj]
C:\Users\HP\Downloads\Medical\Medical_Affiliation\Models\AdmissionLoginViewModel.cs(583,19): warning CS8618: Non-nullable property 'Department' must contain a non-null value when exiting constructor. Consider adding the 'required' modifier or declaring the property as nullable. [C:\Users\HP\Downloads\Medical\Medical_Affiliation\Medical_Affiliation.csproj]
C:\Users\HP\Downloads\Medical\Medical_Affiliation\Models\AdmissionLoginViewModel.cs(584,19): warning CS8618: Non-nullable property 'RequiredIntake' must contain a non-null value when exiting constructor. Consider adding the 'required' modifier or declaring the property as nullable. [C:\Users\HP\Downloads\Medical\Medical_Affiliation\Medical_Affiliation.csproj]
C:\Users\HP\Downloads\Medical\Medical_Affiliation\Models\AdmissionLoginViewModel.cs(585,19): warning CS8618: Non-nullable property 'AvailableIntake' must contain a non-null value when exiting constructor. Consider adding the 'required' modifier or declaring the property as nullable. [C:\Users\HP\Downloads\Medical\Medical_Affiliation\Medical_Affiliation.csproj]
C:\Users\HP\Downloads\Medical\Medical_Affiliation\Models\AdmissionLoginViewModel.cs(537,19): warning CS8618: Non-nullable property 'CourseLevel' must contain a non-null value when exiting constructor. Consider adding the 'required' modifier or declaring the property as nullable. [C:\Users\HP\Downloads\Medical\Medical_Affiliation\Medical_Affiliation.csproj]
C:\Users\HP\Downloads\Medical\Medical_Affiliation\Models\AdmissionLoginViewModel.cs(540,19): warning CS8618: Non-nullable property 'CourseCode' must contain a non-null value when exiting constructor. Consider adding the 'required' modifier or declaring the property as nullable. [C:\Users\HP\Downloads\Medical\Medical_Affiliation\Medical_Affiliation.csproj]
C:\Users\HP\Downloads\Medical\Medical_Affiliation\Models\AdmissionLoginViewModel.cs(541,19): warning CS8618: Non-nullable property 'IntakeDetails' must contain a non-null value when exiting constructor. Consider adding the 'required' modifier or declaring the property as nullable. [C:\Users\HP\Downloads\Medical\Medical_Affiliation\Medical_Affiliation.csproj]
C:\Users\HP\Downloads\Medical\Medical_Affiliation\Models\AdmissionLoginViewModel.cs(543,19): warning CS8618: Non-nullable property 'FreshOrIncrease' must contain a non-null value when exiting constructor. Consider adding the 'required' modifier or declaring the property as nullable. [C:\Users\HP\Downloads\Medical\Medical_Affiliation\Medical_Affiliation.csproj]
C:\Users\HP\Downloads\Medical\Medical_Affiliation\Models\AdmissionLoginViewModel.cs(550,22): warning CS8618: Non-nullable property 'RGUHSNotificationFile' must contain a non-null value when exiting constructor. Consider adding the 'required' modifier or declaring the property as nullable. [C:\Users\HP\Downloads\Medical\Medical_Affiliation\Medical_Affiliation.csproj]
C:\Users\HP\Downloads\Medical\Medical_Affiliation\Models\AdmissionLoginViewModel.cs(551,22): warning CS8618: Non-nullable property 'GOKUploadFile' must contain a non-null value when exiting constructor. Consider adding the 'required' modifier or declaring the property as nullable. [C:\Users\HP\Downloads\Medical\Medical_Affiliation\Medical_Affiliation.csproj]
C:\Users\HP\Downloads\Medical\Medical_Affiliation\Models\AdmissionLoginViewModel.cs(552,22): warning CS8618: Non-nullable property 'NciscUploadFile' must contain a non-null value when exiting constructor. Consider adding the 'required' modifier or declaring the property as nullable. [C:\Users\HP\Downloads\Medical\Medical_Affiliation\Medical_Affiliation.csproj]
C:\Users\HP\Downloads\Medical\Medical_Affiliation\Models\CollegeLoginViewModel.cs(19,19): warning CS8618: Non-nullable property 'UserName' must contain a non-null value when exiting constructor. Consider adding the 'required' modifier or declaring the property as nullable. [C:\Users\HP\Downloads\Medical\Medical_Affiliation\Medical_Affiliation.csproj]
C:\Users\HP\Downloads\Medical\Medical_Affiliation\Models\CollegeLoginViewModel.cs(20,19): warning CS8618: Non-nullable property 'Password' must contain a non-null value when exiting constructor. Consider adding the 'required' modifier or declaring the property as nullable. [C:\Users\HP\Downloads\Medical\Medical_Affiliation\Medical_Affiliation.csproj]
C:\Users\HP\Downloads\Medical\Medical_Affiliation\Models\AdminLoginViewModel.cs(87,23): warning CS8618: Non-nullable property 'Place' must contain a non-null value when exiting constructor. Consider adding the 'required' modifier or declaring the property as nullable. [C:\Users\HP\Downloads\Medical\Medical_Affiliation\Medical_Affiliation.csproj]
C:\Users\HP\Downloads\Medical\Medical_Affiliation\Models\AdminLoginViewModel.cs(89,23): warning CS8618: Non-nullable property 'Password' must contain a non-null value when exiting constructor. Consider adding the 'required' modifier or declaring the property as nullable. [C:\Users\HP\Downloads\Medical\Medical_Affiliation\Medical_Affiliation.csproj]
C:\Users\HP\Downloads\Medical\Medical_Affiliation\Models\AdminLoginViewModel.cs(90,23): warning CS8618: Non-nullable property 'NewPassword' must contain a non-null value when exiting constructor. Consider adding the 'required' modifier or declaring the property as nullable. [C:\Users\HP\Downloads\Medical\Medical_Affiliation\Medical_Affiliation.csproj]
C:\Users\HP\Downloads\Medical\Medical_Affiliation\Models\EquipmentMasterViewModel.cs(8,19): warning CS8618: Non-nullable property 'EquipmentName' must contain a non-null value when exiting constructor. Consider adding the 'required' modifier or declaring the property as nullable. [C:\Users\HP\Downloads\Medical\Medical_Affiliation\Medical_Affiliation.csproj]
C:\Users\HP\Downloads\Medical\Medical_Affiliation\Models\EquipmentMasterViewModel.cs(11,19): warning CS8618: Non-nullable property 'DepartmentCode' must contain a non-null value when exiting constructor. Consider adding the 'required' modifier or declaring the property as nullable. [C:\Users\HP\Downloads\Medical\Medical_Affiliation\Medical_Affiliation.csproj]
C:\Users\HP\Downloads\Medical\Medical_Affiliation\Models\EquipmentMasterViewModel.cs(15,33): warning CS8618: Non-nullable property 'Departments' must contain a non-null value when exiting constructor. Consider adding the 'required' modifier or declaring the property as nullable. [C:\Users\HP\Downloads\Medical\Medical_Affiliation\Medical_Affiliation.csproj]
C:\Users\HP\Downloads\Medical\Medical_Affiliation\Models\CollegeLoginViewModel.cs(5,19): warning CS8618: Non-nullable property 'CollegeId' must contain a non-null value when exiting constructor. Consider adding the 'required' modifier or declaring the property as nullable. [C:\Users\HP\Downloads\Medical\Medical_Affiliation\Medical_Affiliation.csproj]
C:\Users\HP\Downloads\Medical\Medical_Affiliation\Models\CollegeLoginViewModel.cs(7,19): warning CS8618: Non-nullable property 'Password' must contain a non-null value when exiting constructor. Consider adding the 'required' modifier or declaring the property as nullable. [C:\Users\HP\Downloads\Medical\Medical_Affiliation\Medical_Affiliation.csproj]
C:\Users\HP\Downloads\Medical\Medical_Affiliation\Models\CollegeLoginViewModel.cs(8,19): warning CS8618: Non-nullable property 'CaptchaCode' must contain a non-null value when exiting constructor. Consider adding the 'required' modifier or declaring the property as nullable. [C:\Users\HP\Downloads\Medical\Medical_Affiliation\Medical_Affiliation.csproj]
C:\Users\HP\Downloads\Medical\Medical_Affiliation\Models\CollegeLoginViewModel.cs(14,33): warning CS8618: Non-nullable property 'Colleges' must contain a non-null value when exiting constructor. Consider adding the 'required' modifier or declaring the property as nullable. [C:\Users\HP\Downloads\Medical\Medical_Affiliation\Medical_Affiliation.csproj]
C:\Users\HP\Downloads\Medical\Medical_Affiliation\Models\CollegeLoginViewModel.cs(15,33): warning CS8618: Non-nullable property 'Faculties' must contain a non-null value when exiting constructor. Consider adding the 'required' modifier or declaring the property as nullable. [C:\Users\HP\Downloads\Medical\Medical_Affiliation\Medical_Affiliation.csproj]
C:\Users\HP\Downloads\Medical\Medical_Affiliation\Models\AddCourseToMstCourseViewModel.cs(97,19): warning CS8618: Non-nullable property 'Course' must contain a non-null value when exiting constructor. Consider adding the 'required' modifier or declaring the property as nullable. [C:\Users\HP\Downloads\Medical\Medical_Affiliation\Medical_Affiliation.csproj]
C:\Users\HP\Downloads\Medical\Medical_Affiliation\Models\AddCourseToMstCourseViewModel.cs(98,19): warning CS8618: Non-nullable property 'Year' must contain a non-null value when exiting constructor. Consider adding the 'required' modifier or declaring the property as nullable. [C:\Users\HP\Downloads\Medical\Medical_Affiliation\Medical_Affiliation.csproj]
C:\Users\HP\Downloads\Medical\Medical_Affiliation\Models\StepItem.cs(3,19): warning CS8618: Non-nullable property 'Key' must contain a non-null value when exiting constructor. Consider adding the 'required' modifier or declaring the property as nullable. [C:\Users\HP\Downloads\Medical\Medical_Affiliation\Medical_Affiliation.csproj]
C:\Users\HP\Downloads\Medical\Medical_Affiliation\Models\StepItem.cs(4,19): warning CS8618: Non-nullable property 'Label' must contain a non-null value when exiting constructor. Consider adding the 'required' modifier or declaring the property as nullable. [C:\Users\HP\Downloads\Medical\Medical_Affiliation\Medical_Affiliation.csproj]
C:\Users\HP\Downloads\Medical\Medical_Affiliation\Models\StepItem.cs(5,19): warning CS8618: Non-nullable property 'Group' must contain a non-null value when exiting constructor. Consider adding the 'required' modifier or declaring the property as nullable. [C:\Users\HP\Downloads\Medical\Medical_Affiliation\Medical_Affiliation.csproj]
C:\Users\HP\Downloads\Medical\Medical_Affiliation\Models\StepItem.cs(6,19): warning CS8618: Non-nullable property 'Ctrl' must contain a non-null value when exiting constructor. Consider adding the 'required' modifier or declaring the property as nullable. [C:\Users\HP\Downloads\Medical\Medical_Affiliation\Medical_Affiliation.csproj]
C:\Users\HP\Downloads\Medical\Medical_Affiliation\Models\StepItem.cs(7,19): warning CS8618: Non-nullable property 'Act' must contain a non-null value when exiting constructor. Consider adding the 'required' modifier or declaring the property as nullable. [C:\Users\HP\Downloads\Medical\Medical_Affiliation\Medical_Affiliation.csproj]
C:\Users\HP\Downloads\Medical\Medical_Affiliation\Models\MedicalInstituteDetailViewModel.cs(397,19): warning CS8618: Non-nullable property 'CourseName' must contain a non-null value when exiting constructor. Consider adding the 'required' modifier or declaring the property as nullable. [C:\Users\HP\Downloads\Medical\Medical_Affiliation\Medical_Affiliation.csproj]
C:\Users\HP\Downloads\Medical\Medical_Affiliation\Models\AdmissionLoginViewModel.cs(768,19): warning CS8618: Non-nullable property 'Name' must contain a non-null value when exiting constructor. Consider adding the 'required' modifier or declaring the property as nullable. [C:\Users\HP\Downloads\Medical\Medical_Affiliation\Medical_Affiliation.csproj]
C:\Users\HP\Downloads\Medical\Medical_Affiliation\Models\AdmissionLoginViewModel.cs(770,19): warning CS8618: Non-nullable property 'Designation' must contain a non-null value when exiting constructor. Consider adding the 'required' modifier or declaring the property as nullable. [C:\Users\HP\Downloads\Medical\Medical_Affiliation\Medical_Affiliation.csproj]
C:\Users\HP\Downloads\Medical\Medical_Affiliation\Models\AdmissionLoginViewModel.cs(772,19): warning CS8618: Non-nullable property 'MobileNumber' must contain a non-null value when exiting constructor. Consider adding the 'required' modifier or declaring the property as nullable. [C:\Users\HP\Downloads\Medical\Medical_Affiliation\Medical_Affiliation.csproj]
C:\Users\HP\Downloads\Medical\Medical_Affiliation\Models\MedicalInstituteDetailViewModel.cs(336,23): warning CS8618: Non-nullable property 'UGIntake' must contain a non-null value when exiting constructor. Consider adding the 'required' modifier or declaring the property as nullable. [C:\Users\HP\Downloads\Medical\Medical_Affiliation\Medical_Affiliation.csproj]
C:\Users\HP\Downloads\Medical\Medical_Affiliation\Models\MedicalInstituteDetailViewModel.cs(337,23): warning CS8618: Non-nullable property 'Course' must contain a non-null value when exiting constructor. Consider adding the 'required' modifier or declaring the property as nullable. [C:\Users\HP\Downloads\Medical\Medical_Affiliation\Medical_Affiliation.csproj]
C:\Users\HP\Downloads\Medical\Medical_Affiliation\Models\MedicalInstituteDetailViewModel.cs(338,23): warning CS8618: Non-nullable property 'FreshOrIncrease' must contain a non-null value when exiting constructor. Consider adding the 'required' modifier or declaring the property as nullable. [C:\Users\HP\Downloads\Medical\Medical_Affiliation\Medical_Affiliation.csproj]
C:\Users\HP\Downloads\Medical\Medical_Affiliation\Models\MedicalInstituteDetailViewModel.cs(340,23): warning CS8618: Non-nullable property 'NumberOfSeats' must contain a non-null value when exiting constructor. Consider adding the 'required' modifier or declaring the property as nullable. [C:\Users\HP\Downloads\Medical\Medical_Affiliation\Medical_Affiliation.csproj]
C:\Users\HP\Downloads\Medical\Medical_Affiliation\Models\MedicalInstituteDetailViewModel.cs(341,23): warning CS8618: Non-nullable property 'PermittedYear' must contain a non-null value when exiting constructor. Consider adding the 'required' modifier or declaring the property as nullable. [C:\Users\HP\Downloads\Medical\Medical_Affiliation\Medical_Affiliation.csproj]
C:\Users\HP\Downloads\Medical\Medical_Affiliation\Models\MedicalInstituteDetailViewModel.cs(342,23): warning CS8618: Non-nullable property 'RecognizedYear' must contain a non-null value when exiting constructor. Consider adding the 'required' modifier or declaring the property as nullable. [C:\Users\HP\Downloads\Medical\Medical_Affiliation\Medical_Affiliation.csproj]
C:\Users\HP\Downloads\Medical\Medical_Affiliation\Models\MedicalInstituteDetailViewModel.cs(344,26): warning CS8618: Non-nullable property 'RGUHSNotificationFile' must contain a non-null value when exiting constructor. Consider adding the 'required' modifier or declaring the property as nullable. [C:\Users\HP\Downloads\Medical\Medical_Affiliation\Medical_Affiliation.csproj]
C:\Users\HP\Downloads\Medical\Medical_Affiliation\Models\MedicalInstituteDetailViewModel.cs(345,26): warning CS8618: Non-nullable property 'GMCFile' must contain a non-null value when exiting constructor. Consider adding the 'required' modifier or declaring the property as nullable. [C:\Users\HP\Downloads\Medical\Medical_Affiliation\Medical_Affiliation.csproj]
C:\Users\HP\Downloads\Medical\Medical_Affiliation\Models\MedicalInstituteDetailViewModel.cs(346,26): warning CS8618: Non-nullable property 'NMCFile' must contain a non-null value when exiting constructor. Consider adding the 'required' modifier or declaring the property as nullable. [C:\Users\HP\Downloads\Medical\Medical_Affiliation\Medical_Affiliation.csproj]
C:\Users\HP\Downloads\Medical\Medical_Affiliation\Models\MedicalInstituteDetailViewModel.cs(348,26): warning CS8618: Non-nullable property 'KSNCFile' must contain a non-null value when exiting constructor. Consider adding the 'required' modifier or declaring the property as nullable. [C:\Users\HP\Downloads\Medical\Medical_Affiliation\Medical_Affiliation.csproj]
C:\Users\HP\Downloads\Medical\Medical_Affiliation\Models\MedicalInstituteDetailViewModel.cs(350,23): warning CS8618: Non-nullable property 'Rguhsnotification' must contain a non-null value when exiting constructor. Consider adding the 'required' modifier or declaring the property as nullable. [C:\Users\HP\Downloads\Medical\Medical_Affiliation\Medical_Affiliation.csproj]
C:\Users\HP\Downloads\Medical\Medical_Affiliation\Models\MedicalInstituteDetailViewModel.cs(352,23): warning CS8618: Non-nullable property 'Gmc' must contain a non-null value when exiting constructor. Consider adding the 'required' modifier or declaring the property as nullable. [C:\Users\HP\Downloads\Medical\Medical_Affiliation\Medical_Affiliation.csproj]
C:\Users\HP\Downloads\Medical\Medical_Affiliation\Models\MedicalInstituteDetailViewModel.cs(354,23): warning CS8618: Non-nullable property 'Nmc' must contain a non-null value when exiting constructor. Consider adding the 'required' modifier or declaring the property as nullable. [C:\Users\HP\Downloads\Medical\Medical_Affiliation\Medical_Affiliation.csproj]
C:\Users\HP\Downloads\Medical\Medical_Affiliation\Models\MedicalInstituteDetailViewModel.cs(356,23): warning CS8618: Non-nullable property 'ksnc' must contain a non-null value when exiting constructor. Consider adding the 'required' modifier or declaring the property as nullable. [C:\Users\HP\Downloads\Medical\Medical_Affiliation\Medical_Affiliation.csproj]
C:\Users\HP\Downloads\Medical\Medical_Affiliation\Models\YearWiseReportViewModel.cs(22,19): warning CS8618: Non-nullable property 'CollegeName' must contain a non-null value when exiting constructor. Consider adding the 'required' modifier or declaring the property as nullable. [C:\Users\HP\Downloads\Medical\Medical_Affiliation\Medical_Affiliation.csproj]
C:\Users\HP\Downloads\Medical\Medical_Affiliation\Models\YearWiseReportViewModel.cs(23,19): warning CS8618: Non-nullable property 'CollegeAddress' must contain a non-null value when exiting constructor. Consider adding the 'required' modifier or declaring the property as nullable. [C:\Users\HP\Downloads\Medical\Medical_Affiliation\Medical_Affiliation.csproj]
C:\Users\HP\Downloads\Medical\Medical_Affiliation\Models\YearWiseReportViewModel.cs(24,19): warning CS8618: Non-nullable property 'CourseName' must contain a non-null value when exiting constructor. Consider adding the 'required' modifier or declaring the property as nullable. [C:\Users\HP\Downloads\Medical\Medical_Affiliation\Medical_Affiliation.csproj]
C:\Users\HP\Downloads\Medical\Medical_Affiliation\Models\MedicalInstituteDetailViewModel.cs(370,23): warning CS8618: Non-nullable property 'PGIntake' must contain a non-null value when exiting constructor. Consider adding the 'required' modifier or declaring the property as nullable. [C:\Users\HP\Downloads\Medical\Medical_Affiliation\Medical_Affiliation.csproj]
C:\Users\HP\Downloads\Medical\Medical_Affiliation\Models\MedicalInstituteDetailViewModel.cs(371,23): warning CS8618: Non-nullable property 'Course' must contain a non-null value when exiting constructor. Consider adding the 'required' modifier or declaring the property as nullable. [C:\Users\HP\Downloads\Medical\Medical_Affiliation\Medical_Affiliation.csproj]
C:\Users\HP\Downloads\Medical\Medical_Affiliation\Models\MedicalInstituteDetailViewModel.cs(372,23): warning CS8618: Non-nullable property 'FreshOrIncrease' must contain a non-null value when exiting constructor. Consider adding the 'required' modifier or declaring the property as nullable. [C:\Users\HP\Downloads\Medical\Medical_Affiliation\Medical_Affiliation.csproj]
C:\Users\HP\Downloads\Medical\Medical_Affiliation\Models\MedicalInstituteDetailViewModel.cs(374,23): warning CS8618: Non-nullable property 'NumberOfSeats' must contain a non-null value when exiting constructor. Consider adding the 'required' modifier or declaring the property as nullable. [C:\Users\HP\Downloads\Medical\Medical_Affiliation\Medical_Affiliation.csproj]
C:\Users\HP\Downloads\Medical\Medical_Affiliation\Models\MedicalInstituteDetailViewModel.cs(375,23): warning CS8618: Non-nullable property 'PermittedYear' must contain a non-null value when exiting constructor. Consider adding the 'required' modifier or declaring the property as nullable. [C:\Users\HP\Downloads\Medical\Medical_Affiliation\Medical_Affiliation.csproj]
C:\Users\HP\Downloads\Medical\Medical_Affiliation\Models\MedicalInstituteDetailViewModel.cs(376,23): warning CS8618: Non-nullable property 'RecognizedYear' must contain a non-null value when exiting constructor. Consider adding the 'required' modifier or declaring the property as nullable. [C:\Users\HP\Downloads\Medical\Medical_Affiliation\Medical_Affiliation.csproj]
C:\Users\HP\Downloads\Medical\Medical_Affiliation\Models\MedicalInstituteDetailViewModel.cs(378,26): warning CS8618: Non-nullable property 'RGUHSNotificationFile' must contain a non-null value when exiting constructor. Consider adding the 'required' modifier or declaring the property as nullable. [C:\Users\HP\Downloads\Medical\Medical_Affiliation\Medical_Affiliation.csproj]
C:\Users\HP\Downloads\Medical\Medical_Affiliation\Models\MedicalInstituteDetailViewModel.cs(379,26): warning CS8618: Non-nullable property 'GMCFile' must contain a non-null value when exiting constructor. Consider adding the 'required' modifier or declaring the property as nullable. [C:\Users\HP\Downloads\Medical\Medical_Affiliation\Medical_Affiliation.csproj]
C:\Users\HP\Downloads\Medical\Medical_Affiliation\Models\MedicalInstituteDetailViewModel.cs(380,26): warning CS8618: Non-nullable property 'NMCFile' must contain a non-null value when exiting constructor. Consider adding the 'required' modifier or declaring the property as nullable. [C:\Users\HP\Downloads\Medical\Medical_Affiliation\Medical_Affiliation.csproj]
C:\Users\HP\Downloads\Medical\Medical_Affiliation\Models\MedicalInstituteDetailViewModel.cs(383,23): warning CS8618: Non-nullable property 'Rguhsnotification' must contain a non-null value when exiting constructor. Consider adding the 'required' modifier or declaring the property as nullable. [C:\Users\HP\Downloads\Medical\Medical_Affiliation\Medical_Affiliation.csproj]
C:\Users\HP\Downloads\Medical\Medical_Affiliation\Models\MedicalInstituteDetailViewModel.cs(385,23): warning CS8618: Non-nullable property 'Gmc' must contain a non-null value when exiting constructor. Consider adding the 'required' modifier or declaring the property as nullable. [C:\Users\HP\Downloads\Medical\Medical_Affiliation\Medical_Affiliation.csproj]
C:\Users\HP\Downloads\Medical\Medical_Affiliation\Models\MedicalInstituteDetailViewModel.cs(387,23): warning CS8618: Non-nullable property 'Nmc' must contain a non-null value when exiting constructor. Consider adding the 'required' modifier or declaring the property as nullable. [C:\Users\HP\Downloads\Medical\Medical_Affiliation\Medical_Affiliation.csproj]
C:\Users\HP\Downloads\Medical\Medical_Affiliation\Models\MedicalInstituteDetailViewModel.cs(389,26): warning CS8618: Non-nullable property 'KSNCFile' must contain a non-null value when exiting constructor. Consider adding the 'required' modifier or declaring the property as nullable. [C:\Users\HP\Downloads\Medical\Medical_Affiliation\Medical_Affiliation.csproj]
C:\Users\HP\Downloads\Medical\Medical_Affiliation\Models\MedicalInstituteDetailViewModel.cs(391,23): warning CS8618: Non-nullable property 'ksnc' must contain a non-null value when exiting constructor. Consider adding the 'required' modifier or declaring the property as nullable. [C:\Users\HP\Downloads\Medical\Medical_Affiliation\Medical_Affiliation.csproj]
C:\Users\HP\Downloads\Medical\Medical_Affiliation\ViewComponents\SidebarViewComponent.cs(55,40): warning CS8618: Non-nullable property 'TypeOfAffiliations' must contain a non-null value when exiting constructor. Consider adding the 'required' modifier or declaring the property as nullable. [C:\Users\HP\Downloads\Medical\Medical_Affiliation\Medical_Affiliation.csproj]
C:\Users\HP\Downloads\Medical\Medical_Affiliation\Models\AdminLoginViewModel.cs(60,23): warning CS8618: Non-nullable property 'CollegeName' must contain a non-null value when exiting constructor. Consider adding the 'required' modifier or declaring the property as nullable. [C:\Users\HP\Downloads\Medical\Medical_Affiliation\Medical_Affiliation.csproj]
C:\Users\HP\Downloads\Medical\Medical_Affiliation\Models\AdminLoginViewModel.cs(61,23): warning CS8618: Non-nullable property 'FacultyName' must contain a non-null value when exiting constructor. Consider adding the 'required' modifier or declaring the property as nullable. [C:\Users\HP\Downloads\Medical\Medical_Affiliation\Medical_Affiliation.csproj]
C:\Users\HP\Downloads\Medical\Medical_Affiliation\Models\AdmissionLoginViewModel.cs(335,19): warning CS8618: Non-nullable property 'BuildingType' must contain a non-null value when exiting constructor. Consider adding the 'required' modifier or declaring the property as nullable. [C:\Users\HP\Downloads\Medical\Medical_Affiliation\Medical_Affiliation.csproj]
C:\Users\HP\Downloads\Medical\Medical_Affiliation\Models\AdmissionLoginViewModel.cs(339,19): warning CS8618: Non-nullable property 'BuildingOwnerName' must contain a non-null value when exiting constructor. Consider adding the 'required' modifier or declaring the property as nullable. [C:\Users\HP\Downloads\Medical\Medical_Affiliation\Medical_Affiliation.csproj]
C:\Users\HP\Downloads\Medical\Medical_Affiliation\Models\AdmissionLoginViewModel.cs(348,19): warning CS8618: Non-nullable property 'FacultyCode' must contain a non-null value when exiting constructor. Consider adding the 'required' modifier or declaring the property as nullable. [C:\Users\HP\Downloads\Medical\Medical_Affiliation\Medical_Affiliation.csproj]
C:\Users\HP\Downloads\Medical\Medical_Affiliation\Models\AdmissionLoginViewModel.cs(351,19): warning CS8618: Non-nullable property 'CollegeCode' must contain a non-null value when exiting constructor. Consider adding the 'required' modifier or declaring the property as nullable. [C:\Users\HP\Downloads\Medical\Medical_Affiliation\Medical_Affiliation.csproj]
C:\Users\HP\Downloads\Medical\Medical_Affiliation\Models\AdmissionLoginViewModel.cs(383,19): warning CS8618: Non-nullable property 'SurveyNumberOrPid' must contain a non-null value when exiting constructor. Consider adding the 'required' modifier or declaring the property as nullable. [C:\Users\HP\Downloads\Medical\Medical_Affiliation\Medical_Affiliation.csproj]
C:\Users\HP\Downloads\Medical\Medical_Affiliation\Models\AdmissionLoginViewModel.cs(387,19): warning CS8618: Non-nullable property 'RrNumber' must contain a non-null value when exiting constructor. Consider adding the 'required' modifier or declaring the property as nullable. [C:\Users\HP\Downloads\Medical\Medical_Affiliation\Medical_Affiliation.csproj]
C:\Users\HP\Downloads\Medical\Medical_Affiliation\Models\AdmissionLoginViewModel.cs(391,22): warning CS8618: Non-nullable property 'CourtCaseDocument' must contain a non-null value when exiting constructor. Consider adding the 'required' modifier or declaring the property as nullable. [C:\Users\HP\Downloads\Medical\Medical_Affiliation\Medical_Affiliation.csproj]
C:\Users\HP\Downloads\Medical\Medical_Affiliation\Models\AdmissionLoginViewModel.cs(394,22): warning CS8618: Non-nullable property 'BluePrintCompletionCertificate' must contain a non-null value when exiting constructor. Consider adding the 'required' modifier or declaring the property as nullable. [C:\Users\HP\Downloads\Medical\Medical_Affiliation\Medical_Affiliation.csproj]
C:\Users\HP\Downloads\Medical\Medical_Affiliation\Models\AdmissionLoginViewModel.cs(397,19): warning CS8618: Non-nullable property 'BluePrintCertNo' must contain a non-null value when exiting constructor. Consider adding the 'required' modifier or declaring the property as nullable. [C:\Users\HP\Downloads\Medical\Medical_Affiliation\Medical_Affiliation.csproj]
C:\Users\HP\Downloads\Medical\Medical_Affiliation\Models\AdmissionLoginViewModel.cs(400,22): warning CS8618: Non-nullable property 'ECEncumbranceCertificate' must contain a non-null value when exiting constructor. Consider adding the 'required' modifier or declaring the property as nullable. [C:\Users\HP\Downloads\Medical\Medical_Affiliation\Medical_Affiliation.csproj]
C:\Users\HP\Downloads\Medical\Medical_Affiliation\Models\AdmissionLoginViewModel.cs(403,19): warning CS8618: Non-nullable property 'ECCertNo' must contain a non-null value when exiting constructor. Consider adding the 'required' modifier or declaring the property as nullable. [C:\Users\HP\Downloads\Medical\Medical_Affiliation\Medical_Affiliation.csproj]
C:\Users\HP\Downloads\Medical\Medical_Affiliation\Models\AdmissionLoginViewModel.cs(406,22): warning CS8618: Non-nullable property 'TaxPaidCertificate' must contain a non-null value when exiting constructor. Consider adding the 'required' modifier or declaring the property as nullable. [C:\Users\HP\Downloads\Medical\Medical_Affiliation\Medical_Affiliation.csproj]
C:\Users\HP\Downloads\Medical\Medical_Affiliation\Models\AdmissionLoginViewModel.cs(409,19): warning CS8618: Non-nullable property 'TaxCertNo' must contain a non-null value when exiting constructor. Consider adding the 'required' modifier or declaring the property as nullable. [C:\Users\HP\Downloads\Medical\Medical_Affiliation\Medical_Affiliation.csproj]
C:\Users\HP\Downloads\Medical\Medical_Affiliation\Models\AdmissionLoginViewModel.cs(411,22): warning CS8618: Non-nullable property 'RTCOfLand' must contain a non-null value when exiting constructor. Consider adding the 'required' modifier or declaring the property as nullable. [C:\Users\HP\Downloads\Medical\Medical_Affiliation\Medical_Affiliation.csproj]
C:\Users\HP\Downloads\Medical\Medical_Affiliation\Models\AdmissionLoginViewModel.cs(413,19): warning CS8618: Non-nullable property 'RTCCertNo' must contain a non-null value when exiting constructor. Consider adding the 'required' modifier or declaring the property as nullable. [C:\Users\HP\Downloads\Medical\Medical_Affiliation\Medical_Affiliation.csproj]
C:\Users\HP\Downloads\Medical\Medical_Affiliation\Models\AdmissionLoginViewModel.cs(415,22): warning CS8618: Non-nullable property 'OccupancyCertificate' must contain a non-null value when exiting constructor. Consider adding the 'required' modifier or declaring the property as nullable. [C:\Users\HP\Downloads\Medical\Medical_Affiliation\Medical_Affiliation.csproj]
C:\Users\HP\Downloads\Medical\Medical_Affiliation\Models\AdmissionLoginViewModel.cs(417,19): warning CS8618: Non-nullable property 'OccupancyCertNo' must contain a non-null value when exiting constructor. Consider adding the 'required' modifier or declaring the property as nullable. [C:\Users\HP\Downloads\Medical\Medical_Affiliation\Medical_Affiliation.csproj]
C:\Users\HP\Downloads\Medical\Medical_Affiliation\Models\AdmissionLoginViewModel.cs(420,22): warning CS8618: Non-nullable property 'SaleDeedCertificate' must contain a non-null value when exiting constructor. Consider adding the 'required' modifier or declaring the property as nullable. [C:\Users\HP\Downloads\Medical\Medical_Affiliation\Medical_Affiliation.csproj]
C:\Users\HP\Downloads\Medical\Medical_Affiliation\Models\AdmissionLoginViewModel.cs(612,19): warning CS8618: Non-nullable property 'CourseCode' must contain a non-null value when exiting constructor. Consider adding the 'required' modifier or declaring the property as nullable. [C:\Users\HP\Downloads\Medical\Medical_Affiliation\Medical_Affiliation.csproj]
C:\Users\HP\Downloads\Medical\Medical_Affiliation\Models\AdmissionLoginViewModel.cs(613,19): warning CS8618: Non-nullable property 'CourseName' must contain a non-null value when exiting constructor. Consider adding the 'required' modifier or declaring the property as nullable. [C:\Users\HP\Downloads\Medical\Medical_Affiliation\Medical_Affiliation.csproj]
C:\Users\HP\Downloads\Medical\Medical_Affiliation\Models\AdminLoginViewModel.cs(9,23): warning CS8618: Non-nullable property 'UserName' must contain a non-null value when exiting constructor. Consider adding the 'required' modifier or declaring the property as nullable. [C:\Users\HP\Downloads\Medical\Medical_Affiliation\Medical_Affiliation.csproj]
C:\Users\HP\Downloads\Medical\Medical_Affiliation\Models\AdminLoginViewModel.cs(10,23): warning CS8618: Non-nullable property 'Password' must contain a non-null value when exiting constructor. Consider adding the 'required' modifier or declaring the property as nullable. [C:\Users\HP\Downloads\Medical\Medical_Affiliation\Medical_Affiliation.csproj]
C:\Users\HP\Downloads\Medical\Medical_Affiliation\Controllers\SectionOfficerController.cs(25,16): warning CS8618: Non-nullable field '_logger' must contain a non-null value when exiting constructor. Consider adding the 'required' modifier or declaring the field as nullable. [C:\Users\HP\Downloads\Medical\Medical_Affiliation\Medical_Affiliation.csproj]
C:\Users\HP\Downloads\Medical\Medical_Affiliation\Models\YearWiseReportViewModel.cs(7,19): warning CS8618: Non-nullable property 'SelectedYear' must contain a non-null value when exiting constructor. Consider adding the 'required' modifier or declaring the property as nullable. [C:\Users\HP\Downloads\Medical\Medical_Affiliation\Medical_Affiliation.csproj]
C:\Users\HP\Downloads\Medical\Medical_Affiliation\Models\YearWiseReportViewModel.cs(12,25): warning CS8618: Non-nullable property 'YearList' must contain a non-null value when exiting constructor. Consider adding the 'required' modifier or declaring the property as nullable. [C:\Users\HP\Downloads\Medical\Medical_Affiliation\Medical_Affiliation.csproj]
C:\Users\HP\Downloads\Medical\Medical_Affiliation\Models\YearWiseReportViewModel.cs(13,33): warning CS8618: Non-nullable property 'FacultyList' must contain a non-null value when exiting constructor. Consider adding the 'required' modifier or declaring the property as nullable. [C:\Users\HP\Downloads\Medical\Medical_Affiliation\Medical_Affiliation.csproj]
C:\Users\HP\Downloads\Medical\Medical_Affiliation\Models\YearWiseReportViewModel.cs(14,33): warning CS8618: Non-nullable property 'CollegeList' must contain a non-null value when exiting constructor. Consider adding the 'required' modifier or declaring the property as nullable. [C:\Users\HP\Downloads\Medical\Medical_Affiliation\Medical_Affiliation.csproj]
C:\Users\HP\Downloads\Medical\Medical_Affiliation\Models\YearWiseReportViewModel.cs(17,33): warning CS8618: Non-nullable property 'Records' must contain a non-null value when exiting constructor. Consider adding the 'required' modifier or declaring the property as nullable. [C:\Users\HP\Downloads\Medical\Medical_Affiliation\Medical_Affiliation.csproj]
C:\Users\HP\Downloads\Medical\Medical_Affiliation\Models\AdminLoginViewModel.cs(23,29): warning CS8618: Non-nullable property 'CollegeCodes' must contain a non-null value when exiting constructor. Consider adding the 'required' modifier or declaring the property as nullable. [C:\Users\HP\Downloads\Medical\Medical_Affiliation\Medical_Affiliation.csproj]
C:\Users\HP\Downloads\Medical\Medical_Affiliation\Models\AdminLoginViewModel.cs(44,23): warning CS8618: Non-nullable property 'CollegeCode' must contain a non-null value when exiting constructor. Consider adding the 'required' modifier or declaring the property as nullable. [C:\Users\HP\Downloads\Medical\Medical_Affiliation\Medical_Affiliation.csproj]
C:\Users\HP\Downloads\Medical\Medical_Affiliation\Models\AdminLoginViewModel.cs(46,23): warning CS8618: Non-nullable property 'CollegeName' must contain a non-null value when exiting constructor. Consider adding the 'required' modifier or declaring the property as nullable. [C:\Users\HP\Downloads\Medical\Medical_Affiliation\Medical_Affiliation.csproj]
C:\Users\HP\Downloads\Medical\Medical_Affiliation\Models\AdminLoginViewModel.cs(48,23): warning CS8618: Non-nullable property 'CollegeTown' must contain a non-null value when exiting constructor. Consider adding the 'required' modifier or declaring the property as nullable. [C:\Users\HP\Downloads\Medical\Medical_Affiliation\Medical_Affiliation.csproj]
C:\Users\HP\Downloads\Medical\Medical_Affiliation\Models\AdminLoginViewModel.cs(50,23): warning CS8618: Non-nullable property 'StateName' must contain a non-null value when exiting constructor. Consider adding the 'required' modifier or declaring the property as nullable. [C:\Users\HP\Downloads\Medical\Medical_Affiliation\Medical_Affiliation.csproj]
C:\Users\HP\Downloads\Medical\Medical_Affiliation\Models\AdminLoginViewModel.cs(52,23): warning CS8618: Non-nullable property 'DistrictName' must contain a non-null value when exiting constructor. Consider adding the 'required' modifier or declaring the property as nullable. [C:\Users\HP\Downloads\Medical\Medical_Affiliation\Medical_Affiliation.csproj]
C:\Users\HP\Downloads\Medical\Medical_Affiliation\Models\AdminLoginViewModel.cs(54,23): warning CS8618: Non-nullable property 'TalukName' must contain a non-null value when exiting constructor. Consider adding the 'required' modifier or declaring the property as nullable. [C:\Users\HP\Downloads\Medical\Medical_Affiliation\Medical_Affiliation.csproj]
C:\Users\HP\Downloads\Medical\Medical_Affiliation\Models\InstitutionBasicDetailsViewModel1.cs(16,19): warning CS8618: Non-nullable property 'CollegeCode' must contain a non-null value when exiting constructor. Consider adding the 'required' modifier or declaring the property as nullable. [C:\Users\HP\Downloads\Medical\Medical_Affiliation\Medical_Affiliation.csproj]
C:\Users\HP\Downloads\Medical\Medical_Affiliation\Models\InstitutionBasicDetailsViewModel1.cs(19,19): warning CS8618: Non-nullable property 'FacultyCode' must contain a non-null value when exiting constructor. Consider adding the 'required' modifier or declaring the property as nullable. [C:\Users\HP\Downloads\Medical\Medical_Affiliation\Medical_Affiliation.csproj]
C:\Users\HP\Downloads\Medical\Medical_Affiliation\Models\InstitutionBasicDetailsViewModel1.cs(26,19): warning CS8618: Non-nullable property 'NameOfInstitution' must contain a non-null value when exiting constructor. Consider adding the 'required' modifier or declaring the property as nullable. [C:\Users\HP\Downloads\Medical\Medical_Affiliation\Medical_Affiliation.csproj]
C:\Users\HP\Downloads\Medical\Medical_Affiliation\Models\InstitutionBasicDetailsViewModel1.cs(29,19): warning CS8618: Non-nullable property 'AddressOfInstitution' must contain a non-null value when exiting constructor. Consider adding the 'required' modifier or declaring the property as nullable. [C:\Users\HP\Downloads\Medical\Medical_Affiliation\Medical_Affiliation.csproj]
C:\Users\HP\Downloads\Medical\Medical_Affiliation\Models\InstitutionBasicDetailsViewModel1.cs(32,19): warning CS8618: Non-nullable property 'VillageTownCity' must contain a non-null value when exiting constructor. Consider adding the 'required' modifier or declaring the property as nullable. [C:\Users\HP\Downloads\Medical\Medical_Affiliation\Medical_Affiliation.csproj]
C:\Users\HP\Downloads\Medical\Medical_Affiliation\Models\InstitutionBasicDetailsViewModel1.cs(35,19): warning CS8618: Non-nullable property 'Taluk' must contain a non-null value when exiting constructor. Consider adding the 'required' modifier or declaring the property as nullable. [C:\Users\HP\Downloads\Medical\Medical_Affiliation\Medical_Affiliation.csproj]
C:\Users\HP\Downloads\Medical\Medical_Affiliation\Models\InstitutionBasicDetailsViewModel1.cs(38,19): warning CS8618: Non-nullable property 'District' must contain a non-null value when exiting constructor. Consider adding the 'required' modifier or declaring the property as nullable. [C:\Users\HP\Downloads\Medical\Medical_Affiliation\Medical_Affiliation.csproj]
C:\Users\HP\Downloads\Medical\Medical_Affiliation\Models\InstitutionBasicDetailsViewModel1.cs(41,19): warning CS8618: Non-nullable property 'PinCode' must contain a non-null value when exiting constructor. Consider adding the 'required' modifier or declaring the property as nullable. [C:\Users\HP\Downloads\Medical\Medical_Affiliation\Medical_Affiliation.csproj]
C:\Users\HP\Downloads\Medical\Medical_Affiliation\Models\InstitutionBasicDetailsViewModel1.cs(44,19): warning CS8618: Non-nullable property 'MobileNumber' must contain a non-null value when exiting constructor. Consider adding the 'required' modifier or declaring the property as nullable. [C:\Users\HP\Downloads\Medical\Medical_Affiliation\Medical_Affiliation.csproj]
C:\Users\HP\Downloads\Medical\Medical_Affiliation\Models\InstitutionBasicDetailsViewModel1.cs(47,19): warning CS8618: Non-nullable property 'StdCode' must contain a non-null value when exiting constructor. Consider adding the 'required' modifier or declaring the property as nullable. [C:\Users\HP\Downloads\Medical\Medical_Affiliation\Medical_Affiliation.csproj]
C:\Users\HP\Downloads\Medical\Medical_Affiliation\Models\InstitutionBasicDetailsViewModel1.cs(50,19): warning CS8618: Non-nullable property 'Fax' must contain a non-null value when exiting constructor. Consider adding the 'required' modifier or declaring the property as nullable. [C:\Users\HP\Downloads\Medical\Medical_Affiliation\Medical_Affiliation.csproj]
C:\Users\HP\Downloads\Medical\Medical_Affiliation\Models\InstitutionBasicDetailsViewModel1.cs(53,19): warning CS8618: Non-nullable property 'Website' must contain a non-null value when exiting constructor. Consider adding the 'required' modifier or declaring the property as nullable. [C:\Users\HP\Downloads\Medical\Medical_Affiliation\Medical_Affiliation.csproj]
C:\Users\HP\Downloads\Medical\Medical_Affiliation\Models\InstitutionBasicDetailsViewModel1.cs(56,19): warning CS8618: Non-nullable property 'EmailId' must contain a non-null value when exiting constructor. Consider adding the 'required' modifier or declaring the property as nullable. [C:\Users\HP\Downloads\Medical\Medical_Affiliation\Medical_Affiliation.csproj]
C:\Users\HP\Downloads\Medical\Medical_Affiliation\Models\InstitutionBasicDetailsViewModel1.cs(59,19): warning CS8618: Non-nullable property 'AltLandlineOrMobile' must contain a non-null value when exiting constructor. Consider adding the 'required' modifier or declaring the property as nullable. [C:\Users\HP\Downloads\Medical\Medical_Affiliation\Medical_Affiliation.csproj]
C:\Users\HP\Downloads\Medical\Medical_Affiliation\Models\InstitutionBasicDetailsViewModel1.cs(62,19): warning CS8618: Non-nullable property 'AltEmailId' must contain a non-null value when exiting constructor. Consider adding the 'required' modifier or declaring the property as nullable. [C:\Users\HP\Downloads\Medical\Medical_Affiliation\Medical_Affiliation.csproj]
C:\Users\HP\Downloads\Medical\Medical_Affiliation\Models\InstitutionBasicDetailsViewModel1.cs(65,19): warning CS8618: Non-nullable property 'AcademicYearStarted' must contain a non-null value when exiting constructor. Consider adding the 'required' modifier or declaring the property as nullable. [C:\Users\HP\Downloads\Medical\Medical_Affiliation\Medical_Affiliation.csproj]
C:\Users\HP\Downloads\Medical\Medical_Affiliation\Models\InstitutionBasicDetailsViewModel1.cs(74,19): warning CS8618: Non-nullable property 'TrustName' must contain a non-null value when exiting constructor. Consider adding the 'required' modifier or declaring the property as nullable. [C:\Users\HP\Downloads\Medical\Medical_Affiliation\Medical_Affiliation.csproj]
C:\Users\HP\Downloads\Medical\Medical_Affiliation\Models\InstitutionBasicDetailsViewModel1.cs(77,19): warning CS8618: Non-nullable property 'PresidentName' must contain a non-null value when exiting constructor. Consider adding the 'required' modifier or declaring the property as nullable. [C:\Users\HP\Downloads\Medical\Medical_Affiliation\Medical_Affiliation.csproj]
C:\Users\HP\Downloads\Medical\Medical_Affiliation\Models\InstitutionBasicDetailsViewModel1.cs(80,19): warning CS8618: Non-nullable property 'AadhaarNumber' must contain a non-null value when exiting constructor. Consider adding the 'required' modifier or declaring the property as nullable. [C:\Users\HP\Downloads\Medical\Medical_Affiliation\Medical_Affiliation.csproj]
C:\Users\HP\Downloads\Medical\Medical_Affiliation\Models\InstitutionBasicDetailsViewModel1.cs(83,19): warning CS8618: Non-nullable property 'PANNumber' must contain a non-null value when exiting constructor. Consider adding the 'required' modifier or declaring the property as nullable. [C:\Users\HP\Downloads\Medical\Medical_Affiliation\Medical_Affiliation.csproj]
C:\Users\HP\Downloads\Medical\Medical_Affiliation\Models\InstitutionBasicDetailsViewModel1.cs(86,19): warning CS8618: Non-nullable property 'RegistrationNumber' must contain a non-null value when exiting constructor. Consider adding the 'required' modifier or declaring the property as nullable. [C:\Users\HP\Downloads\Medical\Medical_Affiliation\Medical_Affiliation.csproj]
C:\Users\HP\Downloads\Medical\Medical_Affiliation\Models\InstitutionBasicDetailsViewModel1.cs(96,19): warning CS8618: Non-nullable property 'ExistingTrustName' must contain a non-null value when exiting constructor. Consider adding the 'required' modifier or declaring the property as nullable. [C:\Users\HP\Downloads\Medical\Medical_Affiliation\Medical_Affiliation.csproj]
C:\Users\HP\Downloads\Medical\Medical_Affiliation\Models\InstitutionBasicDetailsViewModel1.cs(99,19): warning CS8618: Non-nullable property 'GOKObtainedTrustName' must contain a non-null value when exiting constructor. Consider adding the 'required' modifier or declaring the property as nullable. [C:\Users\HP\Downloads\Medical\Medical_Affiliation\Medical_Affiliation.csproj]
C:\Users\HP\Downloads\Medical\Medical_Affiliation\Models\InstitutionBasicDetailsViewModel1.cs(108,19): warning CS8618: Non-nullable property 'CategoryOfOrganisation' must contain a non-null value when exiting constructor. Consider adding the 'required' modifier or declaring the property as nullable. [C:\Users\HP\Downloads\Medical\Medical_Affiliation\Medical_Affiliation.csproj]
C:\Users\HP\Downloads\Medical\Medical_Affiliation\Models\InstitutionBasicDetailsViewModel1.cs(111,19): warning CS8618: Non-nullable property 'ContactPersonName' must contain a non-null value when exiting constructor. Consider adding the 'required' modifier or declaring the property as nullable. [C:\Users\HP\Downloads\Medical\Medical_Affiliation\Medical_Affiliation.csproj]
C:\Users\HP\Downloads\Medical\Medical_Affiliation\Models\InstitutionBasicDetailsViewModel1.cs(114,19): warning CS8618: Non-nullable property 'ContactPersonRelation' must contain a non-null value when exiting constructor. Consider adding the 'required' modifier or declaring the property as nullable. [C:\Users\HP\Downloads\Medical\Medical_Affiliation\Medical_Affiliation.csproj]
C:\Users\HP\Downloads\Medical\Medical_Affiliation\Models\InstitutionBasicDetailsViewModel1.cs(117,19): warning CS8618: Non-nullable property 'ContactPersonMobile' must contain a non-null value when exiting constructor. Consider adding the 'required' modifier or declaring the property as nullable. [C:\Users\HP\Downloads\Medical\Medical_Affiliation\Medical_Affiliation.csproj]
C:\Users\HP\Downloads\Medical\Medical_Affiliation\Models\InstitutionBasicDetailsViewModel1.cs(123,19): warning CS8618: Non-nullable property 'CoursesAppliedText' must contain a non-null value when exiting constructor. Consider adding the 'required' modifier or declaring the property as nullable. [C:\Users\HP\Downloads\Medical\Medical_Affiliation\Medical_Affiliation.csproj]
C:\Users\HP\Downloads\Medical\Medical_Affiliation\Models\InstitutionBasicDetailsViewModel1.cs(126,19): warning CS8618: Non-nullable property 'HeadOfInstitutionName' must contain a non-null value when exiting constructor. Consider adding the 'required' modifier or declaring the property as nullable. [C:\Users\HP\Downloads\Medical\Medical_Affiliation\Medical_Affiliation.csproj]
C:\Users\HP\Downloads\Medical\Medical_Affiliation\Models\InstitutionBasicDetailsViewModel1.cs(129,19): warning CS8618: Non-nullable property 'HeadOfInstitutionAddress' must contain a non-null value when exiting constructor. Consider adding the 'required' modifier or declaring the property as nullable. [C:\Users\HP\Downloads\Medical\Medical_Affiliation\Medical_Affiliation.csproj]
C:\Users\HP\Downloads\Medical\Medical_Affiliation\Models\InstitutionBasicDetailsViewModel1.cs(132,19): warning CS8618: Non-nullable property 'FinancingAuthorityName' must contain a non-null value when exiting constructor. Consider adding the 'required' modifier or declaring the property as nullable. [C:\Users\HP\Downloads\Medical\Medical_Affiliation\Medical_Affiliation.csproj]
C:\Users\HP\Downloads\Medical\Medical_Affiliation\Models\InstitutionBasicDetailsViewModel1.cs(135,19): warning CS8618: Non-nullable property 'CollegeStatus' must contain a non-null value when exiting constructor. Consider adding the 'required' modifier or declaring the property as nullable. [C:\Users\HP\Downloads\Medical\Medical_Affiliation\Medical_Affiliation.csproj]
C:\Users\HP\Downloads\Medical\Medical_Affiliation\Models\InstitutionBasicDetailsViewModel1.cs(138,19): warning CS8618: Non-nullable property 'GovAutonomousCertNumber' must contain a non-null value when exiting constructor. Consider adding the 'required' modifier or declaring the property as nullable. [C:\Users\HP\Downloads\Medical\Medical_Affiliation\Medical_Affiliation.csproj]
C:\Users\HP\Downloads\Medical\Medical_Affiliation\Models\InstitutionBasicDetailsViewModel1.cs(141,19): warning CS8618: Non-nullable property 'KncCertificateNumber' must contain a non-null value when exiting constructor. Consider adding the 'required' modifier or declaring the property as nullable. [C:\Users\HP\Downloads\Medical\Medical_Affiliation\Medical_Affiliation.csproj]
C:\Users\HP\Downloads\Medical\Medical_Affiliation\Models\InstitutionBasicDetailsViewModel1.cs(151,19): warning CS8618: Non-nullable property 'TypeOfInstitution' must contain a non-null value when exiting constructor. Consider adding the 'required' modifier or declaring the property as nullable. [C:\Users\HP\Downloads\Medical\Medical_Affiliation\Medical_Affiliation.csproj]
C:\Users\HP\Downloads\Medical\Medical_Affiliation\Models\InstitutionBasicDetailsViewModel1.cs(159,22): warning CS8618: Non-nullable property 'GovAutonomousCertFile' must contain a non-null value when exiting constructor. Consider adding the 'required' modifier or declaring the property as nullable. [C:\Users\HP\Downloads\Medical\Medical_Affiliation\Medical_Affiliation.csproj]
C:\Users\HP\Downloads\Medical\Medical_Affiliation\Models\InstitutionBasicDetailsViewModel1.cs(160,22): warning CS8618: Non-nullable property 'GovCouncilMembershipFile' must contain a non-null value when exiting constructor. Consider adding the 'required' modifier or declaring the property as nullable. [C:\Users\HP\Downloads\Medical\Medical_Affiliation\Medical_Affiliation.csproj]
C:\Users\HP\Downloads\Medical\Medical_Affiliation\Models\InstitutionBasicDetailsViewModel1.cs(161,22): warning CS8618: Non-nullable property 'GokOrderExistingCoursesFile' must contain a non-null value when exiting constructor. Consider adding the 'required' modifier or declaring the property as nullable. [C:\Users\HP\Downloads\Medical\Medical_Affiliation\Medical_Affiliation.csproj]
C:\Users\HP\Downloads\Medical\Medical_Affiliation\Models\InstitutionBasicDetailsViewModel1.cs(162,22): warning CS8618: Non-nullable property 'FirstAffiliationNotifFile' must contain a non-null value when exiting constructor. Consider adding the 'required' modifier or declaring the property as nullable. [C:\Users\HP\Downloads\Medical\Medical_Affiliation\Medical_Affiliation.csproj]
C:\Users\HP\Downloads\Medical\Medical_Affiliation\Models\InstitutionBasicDetailsViewModel1.cs(163,22): warning CS8618: Non-nullable property 'ContinuationAffiliationFile' must contain a non-null value when exiting constructor. Consider adding the 'required' modifier or declaring the property as nullable. [C:\Users\HP\Downloads\Medical\Medical_Affiliation\Medical_Affiliation.csproj]
C:\Users\HP\Downloads\Medical\Medical_Affiliation\Models\InstitutionBasicDetailsViewModel1.cs(164,22): warning CS8618: Non-nullable property 'KncCertificateFile' must contain a non-null value when exiting constructor. Consider adding the 'required' modifier or declaring the property as nullable. [C:\Users\HP\Downloads\Medical\Medical_Affiliation\Medical_Affiliation.csproj]
C:\Users\HP\Downloads\Medical\Medical_Affiliation\Models\InstitutionBasicDetailsViewModel1.cs(165,22): warning CS8618: Non-nullable property 'AmendedDoc' must contain a non-null value when exiting constructor. Consider adding the 'required' modifier or declaring the property as nullable. [C:\Users\HP\Downloads\Medical\Medical_Affiliation\Medical_Affiliation.csproj]
C:\Users\HP\Downloads\Medical\Medical_Affiliation\Models\InstitutionBasicDetailsViewModel1.cs(166,22): warning CS8618: Non-nullable property 'AadhaarFile' must contain a non-null value when exiting constructor. Consider adding the 'required' modifier or declaring the property as nullable. [C:\Users\HP\Downloads\Medical\Medical_Affiliation\Medical_Affiliation.csproj]
C:\Users\HP\Downloads\Medical\Medical_Affiliation\Models\InstitutionBasicDetailsViewModel1.cs(167,22): warning CS8618: Non-nullable property 'PANFile' must contain a non-null value when exiting constructor. Consider adding the 'required' modifier or declaring the property as nullable. [C:\Users\HP\Downloads\Medical\Medical_Affiliation\Medical_Affiliation.csproj]
C:\Users\HP\Downloads\Medical\Medical_Affiliation\Models\InstitutionBasicDetailsViewModel1.cs(168,22): warning CS8618: Non-nullable property 'BankStatementFile' must contain a non-null value when exiting constructor. Consider adding the 'required' modifier or declaring the property as nullable. [C:\Users\HP\Downloads\Medical\Medical_Affiliation\Medical_Affiliation.csproj]
C:\Users\HP\Downloads\Medical\Medical_Affiliation\Models\InstitutionBasicDetailsViewModel1.cs(169,22): warning CS8618: Non-nullable property 'RegistrationCertificateFile' must contain a non-null value when exiting constructor. Consider adding the 'required' modifier or declaring the property as nullable. [C:\Users\HP\Downloads\Medical\Medical_Affiliation\Medical_Affiliation.csproj]
C:\Users\HP\Downloads\Medical\Medical_Affiliation\Models\InstitutionBasicDetailsViewModel1.cs(170,22): warning CS8618: Non-nullable property 'RegisteredTrustMemberDetails' must contain a non-null value when exiting constructor. Consider adding the 'required' modifier or declaring the property as nullable. [C:\Users\HP\Downloads\Medical\Medical_Affiliation\Medical_Affiliation.csproj]
C:\Users\HP\Downloads\Medical\Medical_Affiliation\Models\InstitutionBasicDetailsViewModel1.cs(171,22): warning CS8618: Non-nullable property 'AuditStatementFile' must contain a non-null value when exiting constructor. Consider adding the 'required' modifier or declaring the property as nullable. [C:\Users\HP\Downloads\Medical\Medical_Affiliation\Medical_Affiliation.csproj]
C:\Users\HP\Downloads\Medical\Medical_Affiliation\Models\InstitutionBasicDetailsViewModel1.cs(180,19): warning CS8618: Non-nullable property 'Address' must contain a non-null value when exiting constructor. Consider adding the 'required' modifier or declaring the property as nullable. [C:\Users\HP\Downloads\Medical\Medical_Affiliation\Medical_Affiliation.csproj]
C:\Users\HP\Downloads\Medical\Medical_Affiliation\Models\InstitutionBasicDetailsViewModel1.cs(183,19): warning CS8618: Non-nullable property 'SurveyNoPidNo' must contain a non-null value when exiting constructor. Consider adding the 'required' modifier or declaring the property as nullable. [C:\Users\HP\Downloads\Medical\Medical_Affiliation\Medical_Affiliation.csproj]
C:\Users\HP\Downloads\Medical\Medical_Affiliation\Models\InstitutionBasicDetailsViewModel1.cs(196,19): warning CS8618: Non-nullable property 'YearOfEstablishment' must contain a non-null value when exiting constructor. Consider adding the 'required' modifier or declaring the property as nullable. [C:\Users\HP\Downloads\Medical\Medical_Affiliation\Medical_Affiliation.csproj]
C:\Users\HP\Downloads\Medical\Medical_Affiliation\Models\InstitutionBasicDetailsViewModel1.cs(199,19): warning CS8618: Non-nullable property 'AltLandlineMobile' must contain a non-null value when exiting constructor. Consider adding the 'required' modifier or declaring the property as nullable. [C:\Users\HP\Downloads\Medical\Medical_Affiliation\Medical_Affiliation.csproj]
C:\Users\HP\Downloads\Medical\Medical_Affiliation\Models\InstitutionBasicDetailsViewModel1.cs(202,19): warning CS8618: Non-nullable property 'HeadOfInstitution' must contain a non-null value when exiting constructor. Consider adding the 'required' modifier or declaring the property as nullable. [C:\Users\HP\Downloads\Medical\Medical_Affiliation\Medical_Affiliation.csproj]
C:\Users\HP\Downloads\Medical\Medical_Affiliation\Models\InstitutionBasicDetailsViewModel1.cs(205,19): warning CS8618: Non-nullable property 'HeadAddress' must contain a non-null value when exiting constructor. Consider adding the 'required' modifier or declaring the property as nullable. [C:\Users\HP\Downloads\Medical\Medical_Affiliation\Medical_Affiliation.csproj]
C:\Users\HP\Downloads\Medical\Medical_Affiliation\Models\InstitutionBasicDetailsViewModel1.cs(208,19): warning CS8618: Non-nullable property 'FinancingAuthority' must contain a non-null value when exiting constructor. Consider adding the 'required' modifier or declaring the property as nullable. [C:\Users\HP\Downloads\Medical\Medical_Affiliation\Medical_Affiliation.csproj]
C:\Users\HP\Downloads\Medical\Medical_Affiliation\Models\InstitutionBasicDetailsViewModel1.cs(211,19): warning CS8618: Non-nullable property 'StatusOfCollege' must contain a non-null value when exiting constructor. Consider adding the 'required' modifier or declaring the property as nullable. [C:\Users\HP\Downloads\Medical\Medical_Affiliation\Medical_Affiliation.csproj]
C:\Users\HP\Downloads\Medical\Medical_Affiliation\Models\InstitutionBasicDetailsViewModel1.cs(214,19): warning CS8618: Non-nullable property 'CourseApplied' must contain a non-null value when exiting constructor. Consider adding the 'required' modifier or declaring the property as nullable. [C:\Users\HP\Downloads\Medical\Medical_Affiliation\Medical_Affiliation.csproj]
C:\Users\HP\Downloads\Medical\Medical_Affiliation\Models\InstitutionBasicDetailsViewModel1.cs(218,22): warning CS8618: Non-nullable property 'DocumentFile' must contain a non-null value when exiting constructor. Consider adding the 'required' modifier or declaring the property as nullable. [C:\Users\HP\Downloads\Medical\Medical_Affiliation\Medical_Affiliation.csproj]
C:\Users\HP\Downloads\Medical\Medical_Affiliation\Filters\AutoProgressFilter.cs(19,23): warning CS8618: Non-nullable property 'Key' must contain a non-null value when exiting constructor. Consider adding the 'required' modifier or declaring the property as nullable. [C:\Users\HP\Downloads\Medical\Medical_Affiliation\Medical_Affiliation.csproj]
C:\Users\HP\Downloads\Medical\Medical_Affiliation\Filters\AutoProgressFilter.cs(20,23): warning CS8618: Non-nullable property 'Ctrl' must contain a non-null value when exiting constructor. Consider adding the 'required' modifier or declaring the property as nullable. [C:\Users\HP\Downloads\Medical\Medical_Affiliation\Medical_Affiliation.csproj]
C:\Users\HP\Downloads\Medical\Medical_Affiliation\Filters\AutoProgressFilter.cs(21,23): warning CS8618: Non-nullable property 'Act' must contain a non-null value when exiting constructor. Consider adding the 'required' modifier or declaring the property as nullable. [C:\Users\HP\Downloads\Medical\Medical_Affiliation\Medical_Affiliation.csproj]
C:\Users\HP\Downloads\Medical\Medical_Affiliation\Models\AdmissionLoginViewModel.cs(86,19): warning CS8618: Non-nullable property 'CollegeCode' must contain a non-null value when exiting constructor. Consider adding the 'required' modifier or declaring the property as nullable. [C:\Users\HP\Downloads\Medical\Medical_Affiliation\Medical_Affiliation.csproj]
C:\Users\HP\Downloads\Medical\Medical_Affiliation\Models\AdmissionLoginViewModel.cs(93,19): warning CS8618: Non-nullable property 'CourseLevel' must contain a non-null value when exiting constructor. Consider adding the 'required' modifier or declaring the property as nullable. [C:\Users\HP\Downloads\Medical\Medical_Affiliation\Medical_Affiliation.csproj]
C:\Users\HP\Downloads\Medical\Medical_Affiliation\Models\AdmissionLoginViewModel.cs(94,19): warning CS8618: Non-nullable property 'CoursePrefix' must contain a non-null value when exiting constructor. Consider adding the 'required' modifier or declaring the property as nullable. [C:\Users\HP\Downloads\Medical\Medical_Affiliation\Medical_Affiliation.csproj]
C:\Users\HP\Downloads\Medical\Medical_Affiliation\Models\AdmissionLoginViewModel.cs(95,19): warning CS8618: Non-nullable property 'SubjectName' must contain a non-null value when exiting constructor. Consider adding the 'required' modifier or declaring the property as nullable. [C:\Users\HP\Downloads\Medical\Medical_Affiliation\Medical_Affiliation.csproj]
C:\Users\HP\Downloads\Medical\Medical_Affiliation\Models\AdmissionLoginViewModel.cs(183,19): warning CS8618: Non-nullable property 'CollegeCode' must contain a non-null value when exiting constructor. Consider adding the 'required' modifier or declaring the property as nullable. [C:\Users\HP\Downloads\Medical\Medical_Affiliation\Medical_Affiliation.csproj]
C:\Users\HP\Downloads\Medical\Medical_Affiliation\Models\AdmissionLoginViewModel.cs(184,19): warning CS8618: Non-nullable property 'CollegeName' must contain a non-null value when exiting constructor. Consider adding the 'required' modifier or declaring the property as nullable. [C:\Users\HP\Downloads\Medical\Medical_Affiliation\Medical_Affiliation.csproj]
C:\Users\HP\Downloads\Medical\Medical_Affiliation\Models\AdmissionLoginViewModel.cs(185,19): warning CS8618: Non-nullable property 'CollegeTown' must contain a non-null value when exiting constructor. Consider adding the 'required' modifier or declaring the property as nullable. [C:\Users\HP\Downloads\Medical\Medical_Affiliation\Medical_Affiliation.csproj]
C:\Users\HP\Downloads\Medical\Medical_Affiliation\Models\AdmissionLoginViewModel.cs(186,19): warning CS8618: Non-nullable property 'AllDocsForCourse' must contain a non-null value when exiting constructor. Consider adding the 'required' modifier or declaring the property as nullable. [C:\Users\HP\Downloads\Medical\Medical_Affiliation\Medical_Affiliation.csproj]
C:\Users\HP\Downloads\Medical\Medical_Affiliation\Models\AdmissionLoginViewModel.cs(187,19): warning CS8618: Non-nullable property 'PrincipalNameDeclared' must contain a non-null value when exiting constructor. Consider adding the 'required' modifier or declaring the property as nullable. [C:\Users\HP\Downloads\Medical\Medical_Affiliation\Medical_Affiliation.csproj]
C:\Users\HP\Downloads\Medical\Medical_Affiliation\Models\AdmissionLoginViewModel.cs(188,19): warning CS8618: Non-nullable property 'selectedCollegeName' must contain a non-null value when exiting constructor. Consider adding the 'required' modifier or declaring the property as nullable. [C:\Users\HP\Downloads\Medical\Medical_Affiliation\Medical_Affiliation.csproj]
C:\Users\HP\Downloads\Medical\Medical_Affiliation\Models\AdmissionLoginViewModel.cs(734,19): warning CS8618: Non-nullable property 'CourseLevel' must contain a non-null value when exiting constructor. Consider adding the 'required' modifier or declaring the property as nullable. [C:\Users\HP\Downloads\Medical\Medical_Affiliation\Medical_Affiliation.csproj]
C:\Users\HP\Downloads\Medical\Medical_Affiliation\Models\AdmissionLoginViewModel.cs(735,19): warning CS8618: Non-nullable property 'CourseCode' must contain a non-null value when exiting constructor. Consider adding the 'required' modifier or declaring the property as nullable. [C:\Users\HP\Downloads\Medical\Medical_Affiliation\Medical_Affiliation.csproj]
C:\Users\HP\Downloads\Medical\Medical_Affiliation\Models\AdmissionLoginViewModel.cs(736,19): warning CS8618: Non-nullable property 'CourseName' must contain a non-null value when exiting constructor. Consider adding the 'required' modifier or declaring the property as nullable. [C:\Users\HP\Downloads\Medical\Medical_Affiliation\Medical_Affiliation.csproj]
C:\Users\HP\Downloads\Medical\Medical_Affiliation\Models\AdmissionLoginViewModel.cs(751,19): warning CS8618: Non-nullable property 'PrincipalName' must contain a non-null value when exiting constructor. Consider adding the 'required' modifier or declaring the property as nullable. [C:\Users\HP\Downloads\Medical\Medical_Affiliation\Medical_Affiliation.csproj]
C:\Users\HP\Downloads\Medical\Medical_Affiliation\ViewComponents\SidebarViewComponent.cs(24,27): warning CS8602: Dereference of a possibly null reference. [C:\Users\HP\Downloads\Medical\Medical_Affiliation\Medical_Affiliation.csproj]
C:\Users\HP\Downloads\Medical\Medical_Affiliation\Controllers\UGFacultyController.cs(100,34): warning CS8600: Converting null literal or possible null value to non-nullable type. [C:\Users\HP\Downloads\Medical\Medical_Affiliation\Medical_Affiliation.csproj]
C:\Users\HP\Downloads\Medical\Medical_Affiliation\Controllers\SectionOfficerController.cs(72,72): warning CS8604: Possible null reference argument for parameter 'hashedPassword' in 'PasswordVerificationResult PasswordHasher<TblRguhsFacultyUser>.VerifyHashedPassword(TblRguhsFacultyUser user, string hashedPassword, string providedPassword)'. [C:\Users\HP\Downloads\Medical\Medical_Affiliation\Medical_Affiliation.csproj]
C:\Users\HP\Downloads\Medical\Medical_Affiliation\Controllers\SectionOfficerController.cs(90,44): warning CS8604: Possible null reference argument for parameter 'value' in 'Claim.Claim(string type, string value)'. [C:\Users\HP\Downloads\Medical\Medical_Affiliation\Medical_Affiliation.csproj]
C:\Users\HP\Downloads\Medical\Medical_Affiliation\Controllers\SectionOfficerController.cs(92,40): warning CS8604: Possible null reference argument for parameter 'value' in 'Claim.Claim(string type, string value)'. [C:\Users\HP\Downloads\Medical\Medical_Affiliation\Medical_Affiliation.csproj]
C:\Users\HP\Downloads\Medical\Medical_Affiliation\Controllers\SectionOfficerController.cs(107,56): warning CS8604: Possible null reference argument for parameter 'value' in 'void SessionExtensions.SetString(ISession session, string key, string value)'. [C:\Users\HP\Downloads\Medical\Medical_Affiliation\Medical_Affiliation.csproj]
C:\Users\HP\Downloads\Medical\Medical_Affiliation\Controllers\CollegeloginController.cs(79,36): warning CS8602: Dereference of a possibly null reference. [C:\Users\HP\Downloads\Medical\Medical_Affiliation\Medical_Affiliation.csproj]
C:\Users\HP\Downloads\Medical\Medical_Affiliation\Pdf\PreviewReportPdf.cs(25,13): warning CS0618: 'ImageExtensions.Image(IContainer, byte[], ImageScaling)' is obsolete: 'This element has been changed since version 2023.5. Please use the Image method overload that returns the ImageDescriptor object.' [C:\Users\HP\Downloads\Medical\Medical_Affiliation\Medical_Affiliation.csproj]
C:\Users\HP\Downloads\Medical\Medical_Affiliation\Models\MedicalInstituteDetailViewModel.cs(321,23): warning CS8618: Non-nullable property 'FacultyCode' must contain a non-null value when exiting constructor. Consider adding the 'required' modifier or declaring the property as nullable. [C:\Users\HP\Downloads\Medical\Medical_Affiliation\Medical_Affiliation.csproj]
C:\Users\HP\Downloads\Medical\Medical_Affiliation\Models\MedicalInstituteDetailViewModel.cs(322,23): warning CS8618: Non-nullable property 'CollegeCode' must contain a non-null value when exiting constructor. Consider adding the 'required' modifier or declaring the property as nullable. [C:\Users\HP\Downloads\Medical\Medical_Affiliation\Medical_Affiliation.csproj]
C:\Users\HP\Downloads\Medical\Medical_Affiliation\Models\MedicalInstituteDetailViewModel.cs(323,23): warning CS8618: Non-nullable property 'Designation' must contain a non-null value when exiting constructor. Consider adding the 'required' modifier or declaring the property as nullable. [C:\Users\HP\Downloads\Medical\Medical_Affiliation\Medical_Affiliation.csproj]
C:\Users\HP\Downloads\Medical\Medical_Affiliation\Models\MedicalInstituteDetailViewModel.cs(328,44): warning CS8618: Non-nullable property 'Designations' must contain a non-null value when exiting constructor. Consider adding the 'required' modifier or declaring the property as nullable. [C:\Users\HP\Downloads\Medical\Medical_Affiliation\Medical_Affiliation.csproj]
C:\Users\HP\Downloads\Medical\Medical_Affiliation\Controllers\Aff_MedicalController.cs(31,29): warning CS8601: Possible null reference assignment. [C:\Users\HP\Downloads\Medical\Medical_Affiliation\Medical_Affiliation.csproj]
C:\Users\HP\Downloads\Medical\Medical_Affiliation\Controllers\Aff_MedicalController.cs(66,38): warning CS8601: Possible null reference assignment. [C:\Users\HP\Downloads\Medical\Medical_Affiliation\Medical_Affiliation.csproj]
C:\Users\HP\Downloads\Medical\Medical_Affiliation\Controllers\Aff_MedicalController.cs(67,48): warning CS8601: Possible null reference assignment. [C:\Users\HP\Downloads\Medical\Medical_Affiliation\Medical_Affiliation.csproj]
C:\Users\HP\Downloads\Medical\Medical_Affiliation\Controllers\Aff_MedicalController.cs(68,50): warning CS8601: Possible null reference assignment. [C:\Users\HP\Downloads\Medical\Medical_Affiliation\Medical_Affiliation.csproj]
C:\Users\HP\Downloads\Medical\Medical_Affiliation\Controllers\Aff_MedicalController.cs(69,37): warning CS8601: Possible null reference assignment. [C:\Users\HP\Downloads\Medical\Medical_Affiliation\Medical_Affiliation.csproj]
C:\Users\HP\Downloads\Medical\Medical_Affiliation\Controllers\Aff_MedicalController.cs(70,38): warning CS8601: Possible null reference assignment. [C:\Users\HP\Downloads\Medical\Medical_Affiliation\Medical_Affiliation.csproj]
C:\Users\HP\Downloads\Medical\Medical_Affiliation\Controllers\Aff_MedicalController.cs(71,25): warning CS8629: Nullable value type may be null. [C:\Users\HP\Downloads\Medical\Medical_Affiliation\Medical_Affiliation.csproj]
C:\Users\HP\Downloads\Medical\Medical_Affiliation\Controllers\Aff_MedicalController.cs(72,25): warning CS8601: Possible null reference assignment. [C:\Users\HP\Downloads\Medical\Medical_Affiliation\Medical_Affiliation.csproj]
C:\Users\HP\Downloads\Medical\Medical_Affiliation\Controllers\Aff_MedicalController.cs(73,40): warning CS8601: Possible null reference assignment. [C:\Users\HP\Downloads\Medical\Medical_Affiliation\Medical_Affiliation.csproj]
C:\Users\HP\Downloads\Medical\Medical_Affiliation\Controllers\Aff_MedicalController.cs(76,36): warning CS8601: Possible null reference assignment. [C:\Users\HP\Downloads\Medical\Medical_Affiliation\Medical_Affiliation.csproj]
C:\Users\HP\Downloads\Medical\Medical_Affiliation\Controllers\Aff_MedicalController.cs(77,36): warning CS8601: Possible null reference assignment. [C:\Users\HP\Downloads\Medical\Medical_Affiliation\Medical_Affiliation.csproj]
C:\Users\HP\Downloads\Medical\Medical_Affiliation\Controllers\Aff_MedicalController.cs(78,44): warning CS8601: Possible null reference assignment. [C:\Users\HP\Downloads\Medical\Medical_Affiliation\Medical_Affiliation.csproj]
C:\Users\HP\Downloads\Medical\Medical_Affiliation\Controllers\CollegeloginController.cs(151,31): warning CS8601: Possible null reference assignment. [C:\Users\HP\Downloads\Medical\Medical_Affiliation\Medical_Affiliation.csproj]
C:\Users\HP\Downloads\Medical\Medical_Affiliation\Models\AdmissionLoginViewModel.cs(592,19): warning CS8618: Non-nullable property 'CollegeCode' must contain a non-null value when exiting constructor. Consider adding the 'required' modifier or declaring the property as nullable. [C:\Users\HP\Downloads\Medical\Medical_Affiliation\Medical_Affiliation.csproj]
C:\Users\HP\Downloads\Medical\Medical_Affiliation\Models\AdmissionLoginViewModel.cs(593,19): warning CS8618: Non-nullable property 'FacultyCode' must contain a non-null value when exiting constructor. Consider adding the 'required' modifier or declaring the property as nullable. [C:\Users\HP\Downloads\Medical\Medical_Affiliation\Medical_Affiliation.csproj]
C:\Users\HP\Downloads\Medical\Medical_Affiliation\Models\AdmissionLoginViewModel.cs(786,19): warning CS8618: Non-nullable property 'CollegeCode' must contain a non-null value when exiting constructor. Consider adding the 'required' modifier or declaring the property as nullable. [C:\Users\HP\Downloads\Medical\Medical_Affiliation\Medical_Affiliation.csproj]
C:\Users\HP\Downloads\Medical\Medical_Affiliation\Models\AdmissionLoginViewModel.cs(787,19): warning CS8618: Non-nullable property 'FacultyCode' must contain a non-null value when exiting constructor. Consider adding the 'required' modifier or declaring the property as nullable. [C:\Users\HP\Downloads\Medical\Medical_Affiliation\Medical_Affiliation.csproj]
C:\Users\HP\Downloads\Medical\Medical_Affiliation\Controllers\UGFacultyController.cs(129,34): warning CS8600: Converting null literal or possible null value to non-nullable type. [C:\Users\HP\Downloads\Medical\Medical_Affiliation\Medical_Affiliation.csproj]
C:\Users\HP\Downloads\Medical\Medical_Affiliation\Controllers\UGFacultyController.cs(182,55): warning CS8604: Possible null reference argument for parameter 'storedPath' in 'string UGFacultyController.BuildPhotoUrl(string storedPath)'. [C:\Users\HP\Downloads\Medical\Medical_Affiliation\Medical_Affiliation.csproj]
C:\Users\HP\Downloads\Medical\Medical_Affiliation\Controllers\CollegeloginController.cs(320,69): warning CS8604: Possible null reference argument for parameter 'password' in 'string PasswordHasher<AffiliationCollegeMaster>.HashPassword(AffiliationCollegeMaster user, string password)'. [C:\Users\HP\Downloads\Medical\Medical_Affiliation\Medical_Affiliation.csproj]
C:\Users\HP\Downloads\Medical\Medical_Affiliation\Controllers\FacultyCollegesModel.cs(83,21): warning CS8602: Dereference of a possibly null reference. [C:\Users\HP\Downloads\Medical\Medical_Affiliation\Medical_Affiliation.csproj]
C:\Users\HP\Downloads\Medical\Medical_Affiliation\Controllers\FacultyCollegesModel.cs(92,35): warning CS8601: Possible null reference assignment. [C:\Users\HP\Downloads\Medical\Medical_Affiliation\Medical_Affiliation.csproj]
C:\Users\HP\Downloads\Medical\Medical_Affiliation\Controllers\Aff_MedicalController.cs(165,33): warning CS8601: Possible null reference assignment. [C:\Users\HP\Downloads\Medical\Medical_Affiliation\Medical_Affiliation.csproj]
C:\Users\HP\Downloads\Medical\Medical_Affiliation\Controllers\AffiliationDirController.cs(52,58): warning CS8602: Dereference of a possibly null reference. [C:\Users\HP\Downloads\Medical\Medical_Affiliation\Medical_Affiliation.csproj]
C:\Users\HP\Downloads\Medical\Medical_Affiliation\Controllers\AffiliationDirController.cs(52,58): warning CS8604: Possible null reference argument for parameter 'value' in 'void SessionExtensions.SetString(ISession session, string key, string value)'. [C:\Users\HP\Downloads\Medical\Medical_Affiliation\Medical_Affiliation.csproj]
C:\Users\HP\Downloads\Medical\Medical_Affiliation\Controllers\AffiliationDirController.cs(95,56): warning CS8604: Possible null reference argument for parameter 'value' in 'void SessionExtensions.SetString(ISession session, string key, string value)'. [C:\Users\HP\Downloads\Medical\Medical_Affiliation\Medical_Affiliation.csproj]
C:\Users\HP\Downloads\Medical\Medical_Affiliation\Controllers\SectionOfficerController.cs(240,49): warning CS8625: Cannot convert null literal to non-nullable reference type. [C:\Users\HP\Downloads\Medical\Medical_Affiliation\Medical_Affiliation.csproj]
C:\Users\HP\Downloads\Medical\Medical_Affiliation\Controllers\SectionOfficerController.cs(245,45): warning CS8601: Possible null reference assignment. [C:\Users\HP\Downloads\Medical\Medical_Affiliation\Medical_Affiliation.csproj]
C:\Users\HP\Downloads\Medical\Medical_Affiliation\Controllers\SectionOfficerController.cs(265,49): warning CS8625: Cannot convert null literal to non-nullable reference type. [C:\Users\HP\Downloads\Medical\Medical_Affiliation\Medical_Affiliation.csproj]
C:\Users\HP\Downloads\Medical\Medical_Affiliation\Controllers\UGFacultyController.cs(203,34): warning CS8600: Converting null literal or possible null value to non-nullable type. [C:\Users\HP\Downloads\Medical\Medical_Affiliation\Medical_Affiliation.csproj]
C:\Users\HP\Downloads\Medical\Medical_Affiliation\Controllers\DashboardModel.cs(43,35): warning CS8601: Possible null reference assignment. [C:\Users\HP\Downloads\Medical\Medical_Affiliation\Medical_Affiliation.csproj]
C:\Users\HP\Downloads\Medical\Medical_Affiliation\Controllers\UGFacultyController.cs(294,34): warning CS8600: Converting null literal or possible null value to non-nullable type. [C:\Users\HP\Downloads\Medical\Medical_Affiliation\Medical_Affiliation.csproj]
C:\Users\HP\Downloads\Medical\Medical_Affiliation\Controllers\SectionOfficerController.cs(313,112): warning CS8602: Dereference of a possibly null reference. [C:\Users\HP\Downloads\Medical\Medical_Affiliation\Medical_Affiliation.csproj]
C:\Users\HP\Downloads\Medical\Medical_Affiliation\Controllers\SectionOfficerController.cs(335,92): warning CS8602: Dereference of a possibly null reference. [C:\Users\HP\Downloads\Medical\Medical_Affiliation\Medical_Affiliation.csproj]
C:\Users\HP\Downloads\Medical\Medical_Affiliation\Controllers\Aff_MedicalController.cs(401,30): warning CS8600: Converting null literal or possible null value to non-nullable type. [C:\Users\HP\Downloads\Medical\Medical_Affiliation\Medical_Affiliation.csproj]
C:\Users\HP\Downloads\Medical\Medical_Affiliation\Controllers\Aff_MedicalController.cs(402,30): warning CS8600: Converting null literal or possible null value to non-nullable type. [C:\Users\HP\Downloads\Medical\Medical_Affiliation\Medical_Affiliation.csproj]
C:\Users\HP\Downloads\Medical\Medical_Affiliation\Controllers\Aff_MedicalController.cs(441,34): warning CS8601: Possible null reference assignment. [C:\Users\HP\Downloads\Medical\Medical_Affiliation\Medical_Affiliation.csproj]
C:\Users\HP\Downloads\Medical\Medical_Affiliation\Controllers\Aff_MedicalController.cs(442,23): warning CS8601: Possible null reference assignment. [C:\Users\HP\Downloads\Medical\Medical_Affiliation\Medical_Affiliation.csproj]
C:\Users\HP\Downloads\Medical\Medical_Affiliation\Controllers\Aff_MedicalController.cs(443,27): warning CS8601: Possible null reference assignment. [C:\Users\HP\Downloads\Medical\Medical_Affiliation\Medical_Affiliation.csproj]
C:\Users\HP\Downloads\Medical\Medical_Affiliation\Controllers\UGFacultyController.cs(346,34): warning CS8600: Converting null literal or possible null value to non-nullable type. [C:\Users\HP\Downloads\Medical\Medical_Affiliation\Medical_Affiliation.csproj]
C:\Users\HP\Downloads\Medical\Medical_Affiliation\Controllers\SectionOfficerController.cs(368,32): warning CS8600: Converting null literal or possible null value to non-nullable type. [C:\Users\HP\Downloads\Medical\Medical_Affiliation\Medical_Affiliation.csproj]
C:\Users\HP\Downloads\Medical\Medical_Affiliation\Controllers\SectionOfficerController.cs(371,27): warning CS8604: Possible null reference argument for parameter 'fileBytes' in 'bool SectionOfficerController.IsZipFile(byte[] fileBytes)'. [C:\Users\HP\Downloads\Medical\Medical_Affiliation\Medical_Affiliation.csproj]
C:\Users\HP\Downloads\Medical\Medical_Affiliation\Pdf\PreviewReportPdf.cs(377,46): warning CS8604: Possible null reference argument for parameter 'value' in 'void PreviewReportPdf.AddTextRow(TableDescriptor table, string label, object value)'. [C:\Users\HP\Downloads\Medical\Medical_Affiliation\Medical_Affiliation.csproj]
C:\Users\HP\Downloads\Medical\Medical_Affiliation\Pdf\PreviewReportPdf.cs(378,49): warning CS8604: Possible null reference argument for parameter 'value' in 'void PreviewReportPdf.AddTextRow(TableDescriptor table, string label, object value)'. [C:\Users\HP\Downloads\Medical\Medical_Affiliation\Medical_Affiliation.csproj]
C:\Users\HP\Downloads\Medical\Medical_Affiliation\Pdf\PreviewReportPdf.cs(379,46): warning CS8604: Possible null reference argument for parameter 'value' in 'void PreviewReportPdf.AddTextRow(TableDescriptor table, string label, object value)'. [C:\Users\HP\Downloads\Medical\Medical_Affiliation\Medical_Affiliation.csproj]
C:\Users\HP\Downloads\Medical\Medical_Affiliation\Pdf\PreviewReportPdf.cs(380,50): warning CS8604: Possible null reference argument for parameter 'value' in 'void PreviewReportPdf.AddTextRow(TableDescriptor table, string label, object value)'. [C:\Users\HP\Downloads\Medical\Medical_Affiliation\Medical_Affiliation.csproj]
C:\Users\HP\Downloads\Medical\Medical_Affiliation\Pdf\PreviewReportPdf.cs(381,46): warning CS8604: Possible null reference argument for parameter 'value' in 'void PreviewReportPdf.AddTextRow(TableDescriptor table, string label, object value)'. [C:\Users\HP\Downloads\Medical\Medical_Affiliation\Medical_Affiliation.csproj]
C:\Users\HP\Downloads\Medical\Medical_Affiliation\Pdf\PreviewReportPdf.cs(382,54): warning CS8604: Possible null reference argument for parameter 'value' in 'void PreviewReportPdf.AddTextRow(TableDescriptor table, string label, object value)'. [C:\Users\HP\Downloads\Medical\Medical_Affiliation\Medical_Affiliation.csproj]
C:\Users\HP\Downloads\Medical\Medical_Affiliation\Pdf\PreviewReportPdf.cs(383,48): warning CS8604: Possible null reference argument for parameter 'value' in 'void PreviewReportPdf.AddTextRow(TableDescriptor table, string label, object value)'. [C:\Users\HP\Downloads\Medical\Medical_Affiliation\Medical_Affiliation.csproj]
C:\Users\HP\Downloads\Medical\Medical_Affiliation\Pdf\PreviewReportPdf.cs(384,58): warning CS8604: Possible null reference argument for parameter 'value' in 'void PreviewReportPdf.AddTextRow(TableDescriptor table, string label, object value)'. [C:\Users\HP\Downloads\Medical\Medical_Affiliation\Medical_Affiliation.csproj]
C:\Users\HP\Downloads\Medical\Medical_Affiliation\Controllers\Aff_MedicalController.cs(473,30): warning CS8600: Converting null literal or possible null value to non-nullable type. [C:\Users\HP\Downloads\Medical\Medical_Affiliation\Medical_Affiliation.csproj]
C:\Users\HP\Downloads\Medical\Medical_Affiliation\Controllers\Aff_MedicalController.cs(474,30): warning CS8600: Converting null literal or possible null value to non-nullable type. [C:\Users\HP\Downloads\Medical\Medical_Affiliation\Medical_Affiliation.csproj]
C:\Users\HP\Downloads\Medical\Medical_Affiliation\Controllers\CollegeloginController.cs(524,37): warning CS8602: Dereference of a possibly null reference. [C:\Users\HP\Downloads\Medical\Medical_Affiliation\Medical_Affiliation.csproj]
C:\Users\HP\Downloads\Medical\Medical_Affiliation\Controllers\CollegeloginController.cs(524,37): warning CS8601: Possible null reference assignment. [C:\Users\HP\Downloads\Medical\Medical_Affiliation\Medical_Affiliation.csproj]
C:\Users\HP\Downloads\Medical\Medical_Affiliation\Controllers\CollegeloginController.cs(567,39): warning CS8601: Possible null reference assignment. [C:\Users\HP\Downloads\Medical\Medical_Affiliation\Medical_Affiliation.csproj]
C:\Users\HP\Downloads\Medical\Medical_Affiliation\Controllers\CollegeloginController.cs(571,38): warning CS8602: Dereference of a possibly null reference. [C:\Users\HP\Downloads\Medical\Medical_Affiliation\Medical_Affiliation.csproj]
C:\Users\HP\Downloads\Medical\Medical_Affiliation\Controllers\CollegeloginController.cs(571,38): warning CS8601: Possible null reference assignment. [C:\Users\HP\Downloads\Medical\Medical_Affiliation\Medical_Affiliation.csproj]
C:\Users\HP\Downloads\Medical\Medical_Affiliation\Pdf\PreviewReportPdf.cs(404,39): warning CS8604: Possible null reference argument for parameter 'value' in 'void PreviewReportPdf.AddTextRow(TableDescriptor table, string label, object value)'. [C:\Users\HP\Downloads\Medical\Medical_Affiliation\Medical_Affiliation.csproj]
C:\Users\HP\Downloads\Medical\Medical_Affiliation\Pdf\PreviewReportPdf.cs(405,48): warning CS8604: Possible null reference argument for parameter 'value' in 'void PreviewReportPdf.AddTextRow(TableDescriptor table, string label, object value)'. [C:\Users\HP\Downloads\Medical\Medical_Affiliation\Medical_Affiliation.csproj]
C:\Users\HP\Downloads\Medical\Medical_Affiliation\Pdf\PreviewReportPdf.cs(406,53): warning CS8604: Possible null reference argument for parameter 'value' in 'void PreviewReportPdf.AddTextRow(TableDescriptor table, string label, object value)'. [C:\Users\HP\Downloads\Medical\Medical_Affiliation\Medical_Affiliation.csproj]
C:\Users\HP\Downloads\Medical\Medical_Affiliation\Pdf\PreviewReportPdf.cs(407,45): warning CS8604: Possible null reference argument for parameter 'value' in 'void PreviewReportPdf.AddTextRow(TableDescriptor table, string label, object value)'. [C:\Users\HP\Downloads\Medical\Medical_Affiliation\Medical_Affiliation.csproj]
C:\Users\HP\Downloads\Medical\Medical_Affiliation\Pdf\PreviewReportPdf.cs(408,55): warning CS8604: Possible null reference argument for parameter 'value' in 'void PreviewReportPdf.AddTextRow(TableDescriptor table, string label, object value)'. [C:\Users\HP\Downloads\Medical\Medical_Affiliation\Medical_Affiliation.csproj]
C:\Users\HP\Downloads\Medical\Medical_Affiliation\Controllers\DashboardModel.cs(69,21): warning CS8602: Dereference of a possibly null reference. [C:\Users\HP\Downloads\Medical\Medical_Affiliation\Medical_Affiliation.csproj]
C:\Users\HP\Downloads\Medical\Medical_Affiliation\Controllers\DashboardModel.cs(80,35): warning CS8601: Possible null reference assignment. [C:\Users\HP\Downloads\Medical\Medical_Affiliation\Medical_Affiliation.csproj]
C:\Users\HP\Downloads\Medical\Medical_Affiliation\Pdf\PreviewReportPdf.cs(428,39): warning CS8604: Possible null reference argument for parameter 'value' in 'void PreviewReportPdf.AddTextRow(TableDescriptor table, string label, object value)'. [C:\Users\HP\Downloads\Medical\Medical_Affiliation\Medical_Affiliation.csproj]
C:\Users\HP\Downloads\Medical\Medical_Affiliation\Pdf\PreviewReportPdf.cs(429,48): warning CS8604: Possible null reference argument for parameter 'value' in 'void PreviewReportPdf.AddTextRow(TableDescriptor table, string label, object value)'. [C:\Users\HP\Downloads\Medical\Medical_Affiliation\Medical_Affiliation.csproj]
C:\Users\HP\Downloads\Medical\Medical_Affiliation\Pdf\PreviewReportPdf.cs(430,53): warning CS8604: Possible null reference argument for parameter 'value' in 'void PreviewReportPdf.AddTextRow(TableDescriptor table, string label, object value)'. [C:\Users\HP\Downloads\Medical\Medical_Affiliation\Medical_Affiliation.csproj]
C:\Users\HP\Downloads\Medical\Medical_Affiliation\Pdf\PreviewReportPdf.cs(431,45): warning CS8604: Possible null reference argument for parameter 'value' in 'void PreviewReportPdf.AddTextRow(TableDescriptor table, string label, object value)'. [C:\Users\HP\Downloads\Medical\Medical_Affiliation\Medical_Affiliation.csproj]
C:\Users\HP\Downloads\Medical\Medical_Affiliation\Pdf\PreviewReportPdf.cs(432,55): warning CS8604: Possible null reference argument for parameter 'value' in 'void PreviewReportPdf.AddTextRow(TableDescriptor table, string label, object value)'. [C:\Users\HP\Downloads\Medical\Medical_Affiliation\Medical_Affiliation.csproj]
C:\Users\HP\Downloads\Medical\Medical_Affiliation\Controllers\UGFacultyController.cs(446,34): warning CS8600: Converting null literal or possible null value to non-nullable type. [C:\Users\HP\Downloads\Medical\Medical_Affiliation\Medical_Affiliation.csproj]
C:\Users\HP\Downloads\Medical\Medical_Affiliation\Controllers\UGFacultyController.cs(486,34): warning CS8600: Converting null literal or possible null value to non-nullable type. [C:\Users\HP\Downloads\Medical\Medical_Affiliation\Medical_Affiliation.csproj]
C:\Users\HP\Downloads\Medical\Medical_Affiliation\Controllers\AcademicIntakeController.cs(165,66): warning CS8604: Possible null reference argument for parameter 's' in 'int int.Parse(string s)'. [C:\Users\HP\Downloads\Medical\Medical_Affiliation\Medical_Affiliation.csproj]
C:\Users\HP\Downloads\Medical\Medical_Affiliation\Controllers\AcademicIntakeController.cs(170,49): warning CS8601: Possible null reference assignment. [C:\Users\HP\Downloads\Medical\Medical_Affiliation\Medical_Affiliation.csproj]
C:\Users\HP\Downloads\Medical\Medical_Affiliation\Controllers\UGFacultyController.cs(515,34): warning CS8600: Converting null literal or possible null value to non-nullable type. [C:\Users\HP\Downloads\Medical\Medical_Affiliation\Medical_Affiliation.csproj]
C:\Users\HP\Downloads\Medical\Medical_Affiliation\Controllers\UGFacultyController.cs(581,34): warning CS8600: Converting null literal or possible null value to non-nullable type. [C:\Users\HP\Downloads\Medical\Medical_Affiliation\Medical_Affiliation.csproj]
C:\Users\HP\Downloads\Medical\Medical_Affiliation\Controllers\AcademicIntakeController.cs(257,38): warning CS8714: The type 'string?' cannot be used as type parameter 'TKey' in the generic type or method 'EntityFrameworkQueryableExtensions.ToDictionaryAsync<TSource, TKey, TElement>(IQueryable<TSource>, Func<TSource, TKey>, Func<TSource, TElement>, IEqualityComparer<TKey>?, CancellationToken)'. Nullability of type argument 'string?' doesn't match 'notnull' constraint. [C:\Users\HP\Downloads\Medical\Medical_Affiliation\Medical_Affiliation.csproj]
C:\Users\HP\Downloads\Medical\Medical_Affiliation\Controllers\AcademicIntakeController.cs(260,25): warning CS8621: Nullability of reference types in return type of 'lambda expression' doesn't match the target delegate 'Func<AcademicIntake, string?>' (possibly because of nullability attributes). [C:\Users\HP\Downloads\Medical\Medical_Affiliation\Medical_Affiliation.csproj]
C:\Users\HP\Downloads\Medical\Medical_Affiliation\Controllers\CollegeloginController.cs(1381,41): warning CS8601: Possible null reference assignment. [C:\Users\HP\Downloads\Medical\Medical_Affiliation\Medical_Affiliation.csproj]
C:\Users\HP\Downloads\Medical\Medical_Affiliation\Controllers\CollegeloginController.cs(1382,41): warning CS8601: Possible null reference assignment. [C:\Users\HP\Downloads\Medical\Medical_Affiliation\Medical_Affiliation.csproj]
C:\Users\HP\Downloads\Medical\Medical_Affiliation\Controllers\CollegeloginController.cs(1383,46): warning CS8601: Possible null reference assignment. [C:\Users\HP\Downloads\Medical\Medical_Affiliation\Medical_Affiliation.csproj]
C:\Users\HP\Downloads\Medical\Medical_Affiliation\Controllers\CollegeloginController.cs(1387,37): warning CS8601: Possible null reference assignment. [C:\Users\HP\Downloads\Medical\Medical_Affiliation\Medical_Affiliation.csproj]
C:\Users\HP\Downloads\Medical\Medical_Affiliation\Controllers\CollegeloginController.cs(1393,42): warning CS8601: Possible null reference assignment. [C:\Users\HP\Downloads\Medical\Medical_Affiliation\Medical_Affiliation.csproj]
C:\Users\HP\Downloads\Medical\Medical_Affiliation\Controllers\CollegeloginController.cs(1417,38): warning CS8601: Possible null reference assignment. [C:\Users\HP\Downloads\Medical\Medical_Affiliation\Medical_Affiliation.csproj]
C:\Users\HP\Downloads\Medical\Medical_Affiliation\Controllers\SectionOfficerController.cs(613,45): warning CS8625: Cannot convert null literal to non-nullable reference type. [C:\Users\HP\Downloads\Medical\Medical_Affiliation\Medical_Affiliation.csproj]
C:\Users\HP\Downloads\Medical\Medical_Affiliation\Controllers\SectionOfficerController.cs(615,39): warning CS8601: Possible null reference assignment. [C:\Users\HP\Downloads\Medical\Medical_Affiliation\Medical_Affiliation.csproj]
C:\Users\HP\Downloads\Medical\Medical_Affiliation\Controllers\CollegeloginController.cs(1450,37): warning CS8601: Possible null reference assignment. [C:\Users\HP\Downloads\Medical\Medical_Affiliation\Medical_Affiliation.csproj]
C:\Users\HP\Downloads\Medical\Medical_Affiliation\Controllers\CollegeloginController.cs(1452,37): warning CS8602: Dereference of a possibly null reference. [C:\Users\HP\Downloads\Medical\Medical_Affiliation\Medical_Affiliation.csproj]
C:\Users\HP\Downloads\Medical\Medical_Affiliation\Controllers\CollegeloginController.cs(1452,37): warning CS8601: Possible null reference assignment. [C:\Users\HP\Downloads\Medical\Medical_Affiliation\Medical_Affiliation.csproj]
C:\Users\HP\Downloads\Medical\Medical_Affiliation\Controllers\CollegeloginController.cs(1456,37): warning CS8601: Possible null reference assignment. [C:\Users\HP\Downloads\Medical\Medical_Affiliation\Medical_Affiliation.csproj]
C:\Users\HP\Downloads\Medical\Medical_Affiliation\Controllers\CollegeloginController.cs(1460,37): warning CS8601: Possible null reference assignment. [C:\Users\HP\Downloads\Medical\Medical_Affiliation\Medical_Affiliation.csproj]
C:\Users\HP\Downloads\Medical\Medical_Affiliation\Controllers\AffiliationDirController.cs(361,35): warning CS8601: Possible null reference assignment. [C:\Users\HP\Downloads\Medical\Medical_Affiliation\Medical_Affiliation.csproj]
C:\Users\HP\Downloads\Medical\Medical_Affiliation\Controllers\AffiliationDirController.cs(365,37): warning CS8601: Possible null reference assignment. [C:\Users\HP\Downloads\Medical\Medical_Affiliation\Medical_Affiliation.csproj]
C:\Users\HP\Downloads\Medical\Medical_Affiliation\Controllers\AffiliationDirController.cs(367,35): warning CS8601: Possible null reference assignment. [C:\Users\HP\Downloads\Medical\Medical_Affiliation\Medical_Affiliation.csproj]
C:\Users\HP\Downloads\Medical\Medical_Affiliation\Controllers\Aff_MedicalController.cs(536,30): warning CS8600: Converting null literal or possible null value to non-nullable type. [C:\Users\HP\Downloads\Medical\Medical_Affiliation\Medical_Affiliation.csproj]
C:\Users\HP\Downloads\Medical\Medical_Affiliation\Controllers\Aff_MedicalController.cs(537,30): warning CS8600: Converting null literal or possible null value to non-nullable type. [C:\Users\HP\Downloads\Medical\Medical_Affiliation\Medical_Affiliation.csproj]
C:\Users\HP\Downloads\Medical\Medical_Affiliation\Controllers\Aff_MedicalController.cs(579,39): warning CS8601: Possible null reference assignment. [C:\Users\HP\Downloads\Medical\Medical_Affiliation\Medical_Affiliation.csproj]
C:\Users\HP\Downloads\Medical\Medical_Affiliation\Controllers\Aff_MedicalController.cs(580,46): warning CS8601: Possible null reference assignment. [C:\Users\HP\Downloads\Medical\Medical_Affiliation\Medical_Affiliation.csproj]
C:\Users\HP\Downloads\Medical\Medical_Affiliation\Controllers\Aff_MedicalController.cs(582,44): warning CS8601: Possible null reference assignment. [C:\Users\HP\Downloads\Medical\Medical_Affiliation\Medical_Affiliation.csproj]
C:\Users\HP\Downloads\Medical\Medical_Affiliation\Controllers\Aff_MedicalController.cs(583,44): warning CS8601: Possible null reference assignment. [C:\Users\HP\Downloads\Medical\Medical_Affiliation\Medical_Affiliation.csproj]
C:\Users\HP\Downloads\Medical\Medical_Affiliation\Controllers\Aff_MedicalController.cs(584,45): warning CS8601: Possible null reference assignment. [C:\Users\HP\Downloads\Medical\Medical_Affiliation\Medical_Affiliation.csproj]
C:\Users\HP\Downloads\Medical\Medical_Affiliation\Controllers\Aff_MedicalController.cs(603,39): warning CS8601: Possible null reference assignment. [C:\Users\HP\Downloads\Medical\Medical_Affiliation\Medical_Affiliation.csproj]
C:\Users\HP\Downloads\Medical\Medical_Affiliation\Controllers\Aff_MedicalController.cs(604,46): warning CS8601: Possible null reference assignment. [C:\Users\HP\Downloads\Medical\Medical_Affiliation\Medical_Affiliation.csproj]
C:\Users\HP\Downloads\Medical\Medical_Affiliation\Controllers\Aff_MedicalController.cs(606,44): warning CS8601: Possible null reference assignment. [C:\Users\HP\Downloads\Medical\Medical_Affiliation\Medical_Affiliation.csproj]
C:\Users\HP\Downloads\Medical\Medical_Affiliation\Controllers\Aff_MedicalController.cs(607,44): warning CS8601: Possible null reference assignment. [C:\Users\HP\Downloads\Medical\Medical_Affiliation\Medical_Affiliation.csproj]
C:\Users\HP\Downloads\Medical\Medical_Affiliation\Controllers\Aff_MedicalController.cs(608,45): warning CS8601: Possible null reference assignment. [C:\Users\HP\Downloads\Medical\Medical_Affiliation\Medical_Affiliation.csproj]
C:\Users\HP\Downloads\Medical\Medical_Affiliation\Controllers\Aff_MedicalController.cs(626,39): warning CS8601: Possible null reference assignment. [C:\Users\HP\Downloads\Medical\Medical_Affiliation\Medical_Affiliation.csproj]
C:\Users\HP\Downloads\Medical\Medical_Affiliation\Controllers\Aff_MedicalController.cs(627,46): warning CS8601: Possible null reference assignment. [C:\Users\HP\Downloads\Medical\Medical_Affiliation\Medical_Affiliation.csproj]
C:\Users\HP\Downloads\Medical\Medical_Affiliation\Controllers\Aff_MedicalController.cs(629,44): warning CS8601: Possible null reference assignment. [C:\Users\HP\Downloads\Medical\Medical_Affiliation\Medical_Affiliation.csproj]
C:\Users\HP\Downloads\Medical\Medical_Affiliation\Controllers\Aff_MedicalController.cs(630,44): warning CS8601: Possible null reference assignment. [C:\Users\HP\Downloads\Medical\Medical_Affiliation\Medical_Affiliation.csproj]
C:\Users\HP\Downloads\Medical\Medical_Affiliation\Controllers\Aff_MedicalController.cs(631,45): warning CS8601: Possible null reference assignment. [C:\Users\HP\Downloads\Medical\Medical_Affiliation\Medical_Affiliation.csproj]
C:\Users\HP\Downloads\Medical\Medical_Affiliation\Controllers\Aff_MedicalController.cs(656,29): warning CS8714: The type 'string?' cannot be used as type parameter 'TKey' in the generic type or method 'Enumerable.ToDictionary<TSource, TKey, TElement>(IEnumerable<TSource>, Func<TSource, TKey>, Func<TSource, TElement>)'. Nullability of type argument 'string?' doesn't match 'notnull' constraint. [C:\Users\HP\Downloads\Medical\Medical_Affiliation\Medical_Affiliation.csproj]
C:\Users\HP\Downloads\Medical\Medical_Affiliation\Controllers\Aff_MedicalController.cs(658,27): warning CS8621: Nullability of reference types in return type of 'lambda expression' doesn't match the target delegate 'Func<CollegeCourseIntakeDetail, string?>' (possibly because of nullability attributes). [C:\Users\HP\Downloads\Medical\Medical_Affiliation\Medical_Affiliation.csproj]
C:\Users\HP\Downloads\Medical\Medical_Affiliation\Controllers\Aff_MedicalController.cs(660,29): warning CS8714: The type 'string?' cannot be used as type parameter 'TKey' in the generic type or method 'Enumerable.ToDictionary<TSource, TKey, TElement>(IEnumerable<TSource>, Func<TSource, TKey>, Func<TSource, TElement>)'. Nullability of type argument 'string?' doesn't match 'notnull' constraint. [C:\Users\HP\Downloads\Medical\Medical_Affiliation\Medical_Affiliation.csproj]
C:\Users\HP\Downloads\Medical\Medical_Affiliation\Controllers\Aff_MedicalController.cs(662,27): warning CS8621: Nullability of reference types in return type of 'lambda expression' doesn't match the target delegate 'Func<CollegeCourseIntakeDetail, string?>' (possibly because of nullability attributes). [C:\Users\HP\Downloads\Medical\Medical_Affiliation\Medical_Affiliation.csproj]
C:\Users\HP\Downloads\Medical\Medical_Affiliation\Controllers\Aff_MedicalController.cs(664,29): warning CS8714: The type 'string?' cannot be used as type parameter 'TKey' in the generic type or method 'Enumerable.ToDictionary<TSource, TKey, TElement>(IEnumerable<TSource>, Func<TSource, TKey>, Func<TSource, TElement>)'. Nullability of type argument 'string?' doesn't match 'notnull' constraint. [C:\Users\HP\Downloads\Medical\Medical_Affiliation\Medical_Affiliation.csproj]
C:\Users\HP\Downloads\Medical\Medical_Affiliation\Controllers\Aff_MedicalController.cs(666,27): warning CS8621: Nullability of reference types in return type of 'lambda expression' doesn't match the target delegate 'Func<CollegeCourseIntakeDetail, string?>' (possibly because of nullability attributes). [C:\Users\HP\Downloads\Medical\Medical_Affiliation\Medical_Affiliation.csproj]
C:\Users\HP\Downloads\Medical\Medical_Affiliation\Services\LicTadaService.cs(1272,30): warning CS0168: The variable 'ex' is declared but never used [C:\Users\HP\Downloads\Medical\Medical_Affiliation\Medical_Affiliation.csproj]
C:\Users\HP\Downloads\Medical\Medical_Affiliation\Controllers\AdminController.cs(82,71): warning CS8602: Dereference of a possibly null reference. [C:\Users\HP\Downloads\Medical\Medical_Affiliation\Medical_Affiliation.csproj]
C:\Users\HP\Downloads\Medical\Medical_Affiliation\Controllers\AdminController.cs(82,95): warning CS8602: Dereference of a possibly null reference. [C:\Users\HP\Downloads\Medical\Medical_Affiliation\Medical_Affiliation.csproj]
C:\Users\HP\Downloads\Medical\Medical_Affiliation\Controllers\AdminController.cs(168,72): warning CS8604: Possible null reference argument for parameter 'hashedPassword' in 'PasswordVerificationResult PasswordHasher<TblRguhsFacultyUser>.VerifyHashedPassword(TblRguhsFacultyUser user, string hashedPassword, string providedPassword)'. [C:\Users\HP\Downloads\Medical\Medical_Affiliation\Medical_Affiliation.csproj]
C:\Users\HP\Downloads\Medical\Medical_Affiliation\Controllers\AdminController.cs(194,33): warning CS8604: Possible null reference argument for parameter 'value' in 'Claim.Claim(string type, string value)'. [C:\Users\HP\Downloads\Medical\Medical_Affiliation\Medical_Affiliation.csproj]
C:\Users\HP\Downloads\Medical\Medical_Affiliation\Controllers\AdminController.cs(196,33): warning CS8604: Possible null reference argument for parameter 'value' in 'Claim.Claim(string type, string value)'. [C:\Users\HP\Downloads\Medical\Medical_Affiliation\Medical_Affiliation.csproj]
C:\Users\HP\Downloads\Medical\Medical_Affiliation\Controllers\AdminController.cs(214,62): warning CS8604: Possible null reference argument for parameter 'value' in 'void SessionExtensions.SetString(ISession session, string key, string value)'. [C:\Users\HP\Downloads\Medical\Medical_Affiliation\Medical_Affiliation.csproj]
C:\Users\HP\Downloads\Medical\Medical_Affiliation\Controllers\AdminController.cs(215,60): warning CS8604: Possible null reference argument for parameter 'value' in 'void SessionExtensions.SetString(ISession session, string key, string value)'. [C:\Users\HP\Downloads\Medical\Medical_Affiliation\Medical_Affiliation.csproj]
C:\Users\HP\Downloads\Medical\Medical_Affiliation\Controllers\AdminController.cs(281,68): warning CS8604: Possible null reference argument for parameter 'hashedPassword' in 'PasswordVerificationResult PasswordHasher<TblRguhsFacultyUser>.VerifyHashedPassword(TblRguhsFacultyUser user, string hashedPassword, string providedPassword)'. [C:\Users\HP\Downloads\Medical\Medical_Affiliation\Medical_Affiliation.csproj]
C:\Users\HP\Downloads\Medical\Medical_Affiliation\Controllers\AdminController.cs(298,52): warning CS8604: Possible null reference argument for parameter 'value' in 'Claim.Claim(string type, string value)'. [C:\Users\HP\Downloads\Medical\Medical_Affiliation\Medical_Affiliation.csproj]
C:\Users\HP\Downloads\Medical\Medical_Affiliation\Controllers\AdminController.cs(300,48): warning CS8604: Possible null reference argument for parameter 'value' in 'Claim.Claim(string type, string value)'. [C:\Users\HP\Downloads\Medical\Medical_Affiliation\Medical_Affiliation.csproj]
C:\Users\HP\Downloads\Medical\Medical_Affiliation\Controllers\AdminController.cs(315,64): warning CS8604: Possible null reference argument for parameter 'value' in 'void SessionExtensions.SetString(ISession session, string key, string value)'. [C:\Users\HP\Downloads\Medical\Medical_Affiliation\Medical_Affiliation.csproj]
C:\Users\HP\Downloads\Medical\Medical_Affiliation\Controllers\AdminController.cs(324,58): warning CS8604: Possible null reference argument for parameter 'value' in 'void SessionExtensions.SetString(ISession session, string key, string value)'. [C:\Users\HP\Downloads\Medical\Medical_Affiliation\Medical_Affiliation.csproj]
C:\Users\HP\Downloads\Medical\Medical_Affiliation\Controllers\AdminController.cs(325,56): warning CS8604: Possible null reference argument for parameter 'value' in 'void SessionExtensions.SetString(ISession session, string key, string value)'. [C:\Users\HP\Downloads\Medical\Medical_Affiliation\Medical_Affiliation.csproj]
C:\Users\HP\Downloads\Medical\Medical_Affiliation\Controllers\AdminController.cs(361,42): warning CS8602: Dereference of a possibly null reference. [C:\Users\HP\Downloads\Medical\Medical_Affiliation\Medical_Affiliation.csproj]
C:\Users\HP\Downloads\Medical\Medical_Affiliation\Controllers\AdminController.cs(396,68): warning CS8604: Possible null reference argument for parameter 'hashedPassword' in 'PasswordVerificationResult PasswordHasher<TblRguhsFacultyUser>.VerifyHashedPassword(TblRguhsFacultyUser user, string hashedPassword, string providedPassword)'. [C:\Users\HP\Downloads\Medical\Medical_Affiliation\Medical_Affiliation.csproj]
C:\Users\HP\Downloads\Medical\Medical_Affiliation\Controllers\AdminController.cs(427,40): warning CS8604: Possible null reference argument for parameter 'value' in 'Claim.Claim(string type, string value)'. [C:\Users\HP\Downloads\Medical\Medical_Affiliation\Medical_Affiliation.csproj]
C:\Users\HP\Downloads\Medical\Medical_Affiliation\Controllers\AdminController.cs(429,36): warning CS8604: Possible null reference argument for parameter 'value' in 'Claim.Claim(string type, string value)'. [C:\Users\HP\Downloads\Medical\Medical_Affiliation\Medical_Affiliation.csproj]
C:\Users\HP\Downloads\Medical\Medical_Affiliation\Controllers\AdminController.cs(445,62): warning CS8604: Possible null reference argument for parameter 'value' in 'void SessionExtensions.SetString(ISession session, string key, string value)'. [C:\Users\HP\Downloads\Medical\Medical_Affiliation\Medical_Affiliation.csproj]
C:\Users\HP\Downloads\Medical\Medical_Affiliation\Controllers\AdminController.cs(446,60): warning CS8604: Possible null reference argument for parameter 'value' in 'void SessionExtensions.SetString(ISession session, string key, string value)'. [C:\Users\HP\Downloads\Medical\Medical_Affiliation\Medical_Affiliation.csproj]
C:\Users\HP\Downloads\Medical\Medical_Affiliation\Controllers\AdminController.cs(478,64): warning CS8604: Possible null reference argument for parameter 'hashedPassword' in 'PasswordVerificationResult PasswordHasher<TblRguhsFacultyUser>.VerifyHashedPassword(TblRguhsFacultyUser user, string hashedPassword, string providedPassword)'. [C:\Users\HP\Downloads\Medical\Medical_Affiliation\Medical_Affiliation.csproj]
C:\Users\HP\Downloads\Medical\Medical_Affiliation\Controllers\AdminController.cs(498,54): warning CS8604: Possible null reference argument for parameter 'value' in 'Claim.Claim(string type, string value)'. [C:\Users\HP\Downloads\Medical\Medical_Affiliation\Medical_Affiliation.csproj]
C:\Users\HP\Downloads\Medical\Medical_Affiliation\Controllers\AdminController.cs(499,54): warning CS8604: Possible null reference argument for parameter 'value' in 'Claim.Claim(string type, string value)'. [C:\Users\HP\Downloads\Medical\Medical_Affiliation\Medical_Affiliation.csproj]
C:\Users\HP\Downloads\Medical\Medical_Affiliation\Controllers\AdminController.cs(500,54): warning CS8604: Possible null reference argument for parameter 'value' in 'Claim.Claim(string type, string value)'. [C:\Users\HP\Downloads\Medical\Medical_Affiliation\Medical_Affiliation.csproj]
C:\Users\HP\Downloads\Medical\Medical_Affiliation\Controllers\AdminController.cs(522,62): warning CS8604: Possible null reference argument for parameter 'value' in 'void SessionExtensions.SetString(ISession session, string key, string value)'. [C:\Users\HP\Downloads\Medical\Medical_Affiliation\Medical_Affiliation.csproj]
C:\Users\HP\Downloads\Medical\Medical_Affiliation\Controllers\AdminController.cs(523,60): warning CS8604: Possible null reference argument for parameter 'value' in 'void SessionExtensions.SetString(ISession session, string key, string value)'. [C:\Users\HP\Downloads\Medical\Medical_Affiliation\Medical_Affiliation.csproj]
C:\Users\HP\Downloads\Medical\Medical_Affiliation\Controllers\AdminController.cs(555,76): warning CS8604: Possible null reference argument for parameter 'hashedPassword' in 'PasswordVerificationResult PasswordHasher<TblRguhsFacultyUser>.VerifyHashedPassword(TblRguhsFacultyUser user, string hashedPassword, string providedPassword)'. [C:\Users\HP\Downloads\Medical\Medical_Affiliation\Medical_Affiliation.csproj]
C:\Users\HP\Downloads\Medical\Medical_Affiliation\Controllers\AdminController.cs(568,40): warning CS8604: Possible null reference argument for parameter 'value' in 'Claim.Claim(string type, string value)'. [C:\Users\HP\Downloads\Medical\Medical_Affiliation\Medical_Affiliation.csproj]
C:\Users\HP\Downloads\Medical\Medical_Affiliation\Controllers\AdminController.cs(570,36): warning CS8604: Possible null reference argument for parameter 'value' in 'Claim.Claim(string type, string value)'. [C:\Users\HP\Downloads\Medical\Medical_Affiliation\Medical_Affiliation.csproj]
C:\Users\HP\Downloads\Medical\Medical_Affiliation\Controllers\AdminController.cs(593,64): warning CS8604: Possible null reference argument for parameter 'value' in 'Claim.Claim(string type, string value)'. [C:\Users\HP\Downloads\Medical\Medical_Affiliation\Medical_Affiliation.csproj]
C:\Users\HP\Downloads\Medical\Medical_Affiliation\Controllers\AdminController.cs(595,60): warning CS8604: Possible null reference argument for parameter 'value' in 'Claim.Claim(string type, string value)'. [C:\Users\HP\Downloads\Medical\Medical_Affiliation\Medical_Affiliation.csproj]
C:\Users\HP\Downloads\Medical\Medical_Affiliation\Controllers\AdminController.cs(644,60): warning CS8604: Possible null reference argument for parameter 'value' in 'Claim.Claim(string type, string value)'. [C:\Users\HP\Downloads\Medical\Medical_Affiliation\Medical_Affiliation.csproj]
C:\Users\HP\Downloads\Medical\Medical_Affiliation\Controllers\AdminController.cs(646,56): warning CS8604: Possible null reference argument for parameter 'value' in 'Claim.Claim(string type, string value)'. [C:\Users\HP\Downloads\Medical\Medical_Affiliation\Medical_Affiliation.csproj]
C:\Users\HP\Downloads\Medical\Medical_Affiliation\Controllers\AdminController.cs(660,56): warning CS8604: Possible null reference argument for parameter 'value' in 'void SessionExtensions.SetString(ISession session, string key, string value)'. [C:\Users\HP\Downloads\Medical\Medical_Affiliation\Medical_Affiliation.csproj]
C:\Users\HP\Downloads\Medical\Medical_Affiliation\Controllers\Aff_MedicalController.cs(676,30): warning CS8600: Converting null literal or possible null value to non-nullable type. [C:\Users\HP\Downloads\Medical\Medical_Affiliation\Medical_Affiliation.csproj]
C:\Users\HP\Downloads\Medical\Medical_Affiliation\Controllers\Aff_MedicalController.cs(677,30): warning CS8600: Converting null literal or possible null value to non-nullable type. [C:\Users\HP\Downloads\Medical\Medical_Affiliation\Medical_Affiliation.csproj]
C:\Users\HP\Downloads\Medical\Medical_Affiliation\Controllers\Aff_MedicalController.cs(846,27): warning CS8600: Converting null literal or possible null value to non-nullable type. [C:\Users\HP\Downloads\Medical\Medical_Affiliation\Medical_Affiliation.csproj]
C:\Users\HP\Downloads\Medical\Medical_Affiliation\Controllers\Aff_MedicalController.cs(850,38): warning CS8600: Converting null literal or possible null value to non-nullable type. [C:\Users\HP\Downloads\Medical\Medical_Affiliation\Medical_Affiliation.csproj]
C:\Users\HP\Downloads\Medical\Medical_Affiliation\Controllers\Aff_MedicalController.cs(851,36): warning CS8600: Converting null literal or possible null value to non-nullable type. [C:\Users\HP\Downloads\Medical\Medical_Affiliation\Medical_Affiliation.csproj]
C:\Users\HP\Downloads\Medical\Medical_Affiliation\Controllers\Aff_MedicalController.cs(852,36): warning CS8600: Converting null literal or possible null value to non-nullable type. [C:\Users\HP\Downloads\Medical\Medical_Affiliation\Medical_Affiliation.csproj]
C:\Users\HP\Downloads\Medical\Medical_Affiliation\Controllers\AcademicIntakeController.cs(384,33): warning CS8601: Possible null reference assignment. [C:\Users\HP\Downloads\Medical\Medical_Affiliation\Medical_Affiliation.csproj]
C:\Users\HP\Downloads\Medical\Medical_Affiliation\Controllers\AcademicIntakeController.cs(385,33): warning CS8601: Possible null reference assignment. [C:\Users\HP\Downloads\Medical\Medical_Affiliation\Medical_Affiliation.csproj]
C:\Users\HP\Downloads\Medical\Medical_Affiliation\Controllers\AcademicIntakeController.cs(503,69): warning CS8604: Possible null reference argument for parameter 's' in 'int int.Parse(string s)'. [C:\Users\HP\Downloads\Medical\Medical_Affiliation\Medical_Affiliation.csproj]
C:\Users\HP\Downloads\Medical\Medical_Affiliation\Controllers\AcademicIntakeController.cs(508,52): warning CS8601: Possible null reference assignment. [C:\Users\HP\Downloads\Medical\Medical_Affiliation\Medical_Affiliation.csproj]
C:\Users\HP\Downloads\Medical\Medical_Affiliation\Controllers\AdminController.cs(719,29): warning CS8602: Dereference of a possibly null reference. [C:\Users\HP\Downloads\Medical\Medical_Affiliation\Medical_Affiliation.csproj]
C:\Users\HP\Downloads\Medical\Medical_Affiliation\Controllers\Aff_MedicalController.cs(870,27): warning CS8601: Possible null reference assignment. [C:\Users\HP\Downloads\Medical\Medical_Affiliation\Medical_Affiliation.csproj]
C:\Users\HP\Downloads\Medical\Medical_Affiliation\Controllers\Aff_MedicalController.cs(871,27): warning CS8601: Possible null reference assignment. [C:\Users\HP\Downloads\Medical\Medical_Affiliation\Medical_Affiliation.csproj]
C:\Users\HP\Downloads\Medical\Medical_Affiliation\Controllers\Aff_MedicalController.cs(892,31): warning CS8601: Possible null reference assignment. [C:\Users\HP\Downloads\Medical\Medical_Affiliation\Medical_Affiliation.csproj]
C:\Users\HP\Downloads\Medical\Medical_Affiliation\Controllers\Aff_MedicalController.cs(893,31): warning CS8601: Possible null reference assignment. [C:\Users\HP\Downloads\Medical\Medical_Affiliation\Medical_Affiliation.csproj]
C:\Users\HP\Downloads\Medical\Medical_Affiliation\Controllers\Aff_MedicalController.cs(971,31): warning CS8601: Possible null reference assignment. [C:\Users\HP\Downloads\Medical\Medical_Affiliation\Medical_Affiliation.csproj]
C:\Users\HP\Downloads\Medical\Medical_Affiliation\Views\Shared\Components\Sidebar\Default.cshtml(4,33): warning CS8602: Dereference of a possibly null reference. [C:\Users\HP\Downloads\Medical\Medical_Affiliation\Medical_Affiliation.csproj]
C:\Users\HP\Downloads\Medical\Medical_Affiliation\Views\Shared\Components\Sidebar\Default.cshtml(20,28): warning CS8600: Converting null literal or possible null value to non-nullable type. [C:\Users\HP\Downloads\Medical\Medical_Affiliation\Medical_Affiliation.csproj]
C:\Users\HP\Downloads\Medical\Medical_Affiliation\Views\Shared\Components\Sidebar\Default.cshtml(21,32): warning CS8600: Converting null literal or possible null value to non-nullable type. [C:\Users\HP\Downloads\Medical\Medical_Affiliation\Medical_Affiliation.csproj]
C:\Users\HP\Downloads\Medical\Medical_Affiliation\Controllers\Aff_MedicalController.cs(1087,31): warning CS8601: Possible null reference assignment. [C:\Users\HP\Downloads\Medical\Medical_Affiliation\Medical_Affiliation.csproj]
C:\Users\HP\Downloads\Medical\Medical_Affiliation\Controllers\Aff_MedicalController.cs(1088,31): warning CS8601: Possible null reference assignment. [C:\Users\HP\Downloads\Medical\Medical_Affiliation\Medical_Affiliation.csproj]
C:\Users\HP\Downloads\Medical\Medical_Affiliation\Controllers\PhysicalInfrastructureController.cs(123,45): warning CS8602: Dereference of a possibly null reference. [C:\Users\HP\Downloads\Medical\Medical_Affiliation\Medical_Affiliation.csproj]
C:\Users\HP\Downloads\Medical\Medical_Affiliation\Pdf\PreviewReportPdf.cs(1285,17): warning CS8604: Possible null reference argument for parameter 'value' in 'void PreviewReportPdf.AddTextRow(TableDescriptor table, string label, object value)'. [C:\Users\HP\Downloads\Medical\Medical_Affiliation\Medical_Affiliation.csproj]
C:\Users\HP\Downloads\Medical\Medical_Affiliation\Controllers\Aff_MedicalController.cs(1185,28): warning CS8600: Converting null literal or possible null value to non-nullable type. [C:\Users\HP\Downloads\Medical\Medical_Affiliation\Medical_Affiliation.csproj]
C:\Users\HP\Downloads\Medical\Medical_Affiliation\Controllers\Aff_MedicalController.cs(1192,29): warning CS8600: Converting null literal or possible null value to non-nullable type. [C:\Users\HP\Downloads\Medical\Medical_Affiliation\Medical_Affiliation.csproj]
C:\Users\HP\Downloads\Medical\Medical_Affiliation\Controllers\Aff_MedicalController.cs(1197,29): warning CS8600: Converting null literal or possible null value to non-nullable type. [C:\Users\HP\Downloads\Medical\Medical_Affiliation\Medical_Affiliation.csproj]
C:\Users\HP\Downloads\Medical\Medical_Affiliation\Controllers\Aff_MedicalController.cs(1202,29): warning CS8600: Converting null literal or possible null value to non-nullable type. [C:\Users\HP\Downloads\Medical\Medical_Affiliation\Medical_Affiliation.csproj]
C:\Users\HP\Downloads\Medical\Medical_Affiliation\Controllers\Aff_MedicalController.cs(1207,29): warning CS8600: Converting null literal or possible null value to non-nullable type. [C:\Users\HP\Downloads\Medical\Medical_Affiliation\Medical_Affiliation.csproj]
C:\Users\HP\Downloads\Medical\Medical_Affiliation\Views\Repo\Repo_ManageDesignationIntake.cshtml(7,23): warning CS8602: Dereference of a possibly null reference. [C:\Users\HP\Downloads\Medical\Medical_Affiliation\Medical_Affiliation.csproj]
C:\Users\HP\Downloads\Medical\Medical_Affiliation\Views\Repo\Repo_ExamResults.cshtml(7,23): warning CS8602: Dereference of a possibly null reference. [C:\Users\HP\Downloads\Medical\Medical_Affiliation\Medical_Affiliation.csproj]
C:\Users\HP\Downloads\Medical\Medical_Affiliation\Views\SectionOfficer\SOIntakeDetails.cshtml(164,22): warning CS8602: Dereference of a possibly null reference. [C:\Users\HP\Downloads\Medical\Medical_Affiliation\Medical_Affiliation.csproj]
C:\Users\HP\Downloads\Medical\Medical_Affiliation\Controllers\PhysicalInfrastructureController.cs(625,30): warning CS8602: Dereference of a possibly null reference. [C:\Users\HP\Downloads\Medical\Medical_Affiliation\Medical_Affiliation.csproj]
C:\Users\HP\Downloads\Medical\Medical_Affiliation\Controllers\PhysicalInfrastructureController.cs(638,38): warning CS8604: Possible null reference argument for parameter 'norm' in 'void PhysicalInfrastructureController.PopulateNorms(DentalCollegeLandBuildingViewModel model, UgSeatSlabNormMaster norm)'. [C:\Users\HP\Downloads\Medical\Medical_Affiliation\Medical_Affiliation.csproj]
C:\Users\HP\Downloads\Medical\Medical_Affiliation\Controllers\PhysicalInfrastructureController.cs(832,49): warning CS8602: Dereference of a possibly null reference. [C:\Users\HP\Downloads\Medical\Medical_Affiliation\Medical_Affiliation.csproj]
C:\Users\HP\Downloads\Medical\Medical_Affiliation\Views\Repo\Repo_FacultyDetails.cshtml(7,23): warning CS8602: Dereference of a possibly null reference. [C:\Users\HP\Downloads\Medical\Medical_Affiliation\Medical_Affiliation.csproj]
C:\Users\HP\Downloads\Medical\Medical_Affiliation\Views\Repo\Repo_FacultyDetails.cshtml(902,9): warning CS8604: Possible null reference argument for parameter 'source' in 'IEnumerable<string> Enumerable.Select<SelectListItem, string>(IEnumerable<SelectListItem> source, Func<SelectListItem, string> selector)'. [C:\Users\HP\Downloads\Medical\Medical_Affiliation\Medical_Affiliation.csproj]
C:\Users\HP\Downloads\Medical\Medical_Affiliation\Views\Repo\Repo_FacultyDetails.cshtml(906,9): warning CS8604: Possible null reference argument for parameter 'source' in 'IEnumerable<string> Enumerable.Select<SelectListItem, string>(IEnumerable<SelectListItem> source, Func<SelectListItem, string> selector)'. [C:\Users\HP\Downloads\Medical\Medical_Affiliation\Medical_Affiliation.csproj]
C:\Users\HP\Downloads\Medical\Medical_Affiliation\Views\Repo\Repo_Affiliated_YearwiseMaterials.cshtml(7,23): warning CS8602: Dereference of a possibly null reference. [C:\Users\HP\Downloads\Medical\Medical_Affiliation\Medical_Affiliation.csproj]
C:\Users\HP\Downloads\Medical\Medical_Affiliation\Views\Shared\_ContinuousAffiliationSidebar.cshtml(9,23): warning CS8602: Dereference of a possibly null reference. [C:\Users\HP\Downloads\Medical\Medical_Affiliation\Medical_Affiliation.csproj]
C:\Users\HP\Downloads\Medical\Medical_Affiliation\Views\Shared\_ContinuousAffiliationSidebar.cshtml(70,40): warning CS8602: Dereference of a possibly null reference. [C:\Users\HP\Downloads\Medical\Medical_Affiliation\Medical_Affiliation.csproj]
C:\Users\HP\Downloads\Medical\Medical_Affiliation\Views\Shared\_ContinuousAffiliationSidebar.cshtml(86,9): warning CS8604: Possible null reference argument for parameter 'item' in 'void List<StepItem>.Add(StepItem item)'. [C:\Users\HP\Downloads\Medical\Medical_Affiliation\Medical_Affiliation.csproj]
C:\Users\HP\Downloads\Medical\Medical_Affiliation\Views\Shared\_ContinuousAffiliationSidebar.cshtml(87,9): warning CS8604: Possible null reference argument for parameter 'item' in 'void List<StepItem>.Add(StepItem item)'. [C:\Users\HP\Downloads\Medical\Medical_Affiliation\Medical_Affiliation.csproj]
C:\Users\HP\Downloads\Medical\Medical_Affiliation\Views\Shared\_ContinuousAffiliationSidebar.cshtml(279,40): warning CS8620: Argument of type 'IEnumerable<StepItem?>' cannot be used for parameter 'collection' of type 'IEnumerable<StepItem>' in 'void List<StepItem>.InsertRange(int index, IEnumerable<StepItem> collection)' due to differences in the nullability of reference types. [C:\Users\HP\Downloads\Medical\Medical_Affiliation\Medical_Affiliation.csproj]
C:\Users\HP\Downloads\Medical\Medical_Affiliation\Views\Shared\_ContinuousAffiliationSidebar.cshtml(301,50): warning CS8620: Argument of type 'IEnumerable<StepItem?>' cannot be used for parameter 'collection' of type 'IEnumerable<StepItem>' in 'void List<StepItem>.InsertRange(int index, IEnumerable<StepItem> collection)' due to differences in the nullability of reference types. [C:\Users\HP\Downloads\Medical\Medical_Affiliation\Medical_Affiliation.csproj]
C:\Users\HP\Downloads\Medical\Medical_Affiliation\Views\Repo\Repo_BasicDetails.cshtml(6,23): warning CS8602: Dereference of a possibly null reference. [C:\Users\HP\Downloads\Medical\Medical_Affiliation\Medical_Affiliation.csproj]
C:\Users\HP\Downloads\Medical\Medical_Affiliation\Views\Repo\Repo_BasicDetails.cshtml(10,9): warning CS0219: The variable 'currentStep' is assigned but its value is never used [C:\Users\HP\Downloads\Medical\Medical_Affiliation\Medical_Affiliation.csproj]
C:\Users\HP\Downloads\Medical\Medical_Affiliation\Pdf\PreviewReportPdf.cs(1770,17): warning CS8604: Possible null reference argument for parameter 'value' in 'void PreviewReportPdf.AddTextRow(TableDescriptor table, string label, object value)'. [C:\Users\HP\Downloads\Medical\Medical_Affiliation\Medical_Affiliation.csproj]
C:\Users\HP\Downloads\Medical\Medical_Affiliation\Views\MedicalRepository\TeachingFacultyDetails.cshtml(6,23): warning CS8602: Dereference of a possibly null reference. [C:\Users\HP\Downloads\Medical\Medical_Affiliation\Medical_Affiliation.csproj]
C:\Users\HP\Downloads\Medical\Medical_Affiliation\Views\MedicalRepository\TeachingFacultyDetails.cshtml(825,51): warning CS8600: Converting null literal or possible null value to non-nullable type. [C:\Users\HP\Downloads\Medical\Medical_Affiliation\Medical_Affiliation.csproj]
C:\Users\HP\Downloads\Medical\Medical_Affiliation\Views\MedicalRepository\TeachingFacultyDetails.cshtml(11,9): warning CS0219: The variable 'currentStep' is assigned but its value is never used [C:\Users\HP\Downloads\Medical\Medical_Affiliation\Medical_Affiliation.csproj]
C:\Users\HP\Downloads\Medical\Medical_Affiliation\Controllers\AdminController.cs(1070,32): warning CS8601: Possible null reference assignment. [C:\Users\HP\Downloads\Medical\Medical_Affiliation\Medical_Affiliation.csproj]
C:\Users\HP\Downloads\Medical\Medical_Affiliation\Controllers\AdminController.cs(1071,35): warning CS8601: Possible null reference assignment. [C:\Users\HP\Downloads\Medical\Medical_Affiliation\Medical_Affiliation.csproj]
C:\Users\HP\Downloads\Medical\Medical_Affiliation\Controllers\AdminController.cs(1072,29): warning CS8601: Possible null reference assignment. [C:\Users\HP\Downloads\Medical\Medical_Affiliation\Medical_Affiliation.csproj]
C:\Users\HP\Downloads\Medical\Medical_Affiliation\Views\NursingContinuesAffiliation\AFF_TeachingFacultyDetails.cshtml(6,23): warning CS8602: Dereference of a possibly null reference. [C:\Users\HP\Downloads\Medical\Medical_Affiliation\Medical_Affiliation.csproj]
C:\Users\HP\Downloads\Medical\Medical_Affiliation\Views\NursingContinuesAffiliation\AFF_TeachingFacultyDetails.cshtml(856,15): warning CS8602: Dereference of a possibly null reference. [C:\Users\HP\Downloads\Medical\Medical_Affiliation\Medical_Affiliation.csproj]
C:\Users\HP\Downloads\Medical\Medical_Affiliation\Views\NursingContinuesAffiliation\AFF_TeachingFacultyDetails.cshtml(861,15): warning CS8602: Dereference of a possibly null reference. [C:\Users\HP\Downloads\Medical\Medical_Affiliation\Medical_Affiliation.csproj]
C:\Users\HP\Downloads\Medical\Medical_Affiliation\Views\NursingContinuesAffiliation\AFF_TeachingFacultyDetails.cshtml(10,9): warning CS0219: The variable 'currentStep' is assigned but its value is never used [C:\Users\HP\Downloads\Medical\Medical_Affiliation\Medical_Affiliation.csproj]
C:\Users\HP\Downloads\Medical\Medical_Affiliation\Views\MedicalRepository\MedicalUgAndPgDetail.cshtml(7,23): warning CS8602: Dereference of a possibly null reference. [C:\Users\HP\Downloads\Medical\Medical_Affiliation\Medical_Affiliation.csproj]
C:\Users\HP\Downloads\Medical\Medical_Affiliation\Views\MedicalRepository\MedicalUgAndPgDetail.cshtml(12,9): warning CS0219: The variable 'currentStep' is assigned but its value is never used [C:\Users\HP\Downloads\Medical\Medical_Affiliation\Medical_Affiliation.csproj]
C:\Users\HP\Downloads\Medical\Medical_Affiliation\Controllers\AdminController.cs(1137,110): warning CS8602: Dereference of a possibly null reference. [C:\Users\HP\Downloads\Medical\Medical_Affiliation\Medical_Affiliation.csproj]
C:\Users\HP\Downloads\Medical\Medical_Affiliation\Controllers\AdminController.cs(1182,31): warning CS8602: Dereference of a possibly null reference. [C:\Users\HP\Downloads\Medical\Medical_Affiliation\Medical_Affiliation.csproj]
C:\Users\HP\Downloads\Medical\Medical_Affiliation\Views\MedicalRepository\FacultyDetails.cshtml(6,23): warning CS8602: Dereference of a possibly null reference. [C:\Users\HP\Downloads\Medical\Medical_Affiliation\Medical_Affiliation.csproj]
C:\Users\HP\Downloads\Medical\Medical_Affiliation\Views\MedicalRepository\FacultyDetails.cshtml(1005,43): warning CS8602: Dereference of a possibly null reference. [C:\Users\HP\Downloads\Medical\Medical_Affiliation\Medical_Affiliation.csproj]
C:\Users\HP\Downloads\Medical\Medical_Affiliation\Views\MedicalRepository\FacultyDetails.cshtml(1015,43): warning CS8602: Dereference of a possibly null reference. [C:\Users\HP\Downloads\Medical\Medical_Affiliation\Medical_Affiliation.csproj]
C:\Users\HP\Downloads\Medical\Medical_Affiliation\Views\MedicalRepository\FacultyDetails.cshtml(1025,44): warning CS8602: Dereference of a possibly null reference. [C:\Users\HP\Downloads\Medical\Medical_Affiliation\Medical_Affiliation.csproj]
C:\Users\HP\Downloads\Medical\Medical_Affiliation\Views\MedicalRepository\FacultyDetails.cshtml(10,9): warning CS0219: The variable 'currentStep' is assigned but its value is never used [C:\Users\HP\Downloads\Medical\Medical_Affiliation\Medical_Affiliation.csproj]
C:\Users\HP\Downloads\Medical\Medical_Affiliation\Services\Handlers\Medical\MedicalHospitalHandler.cs(247,36): warning CS8601: Possible null reference assignment. [C:\Users\HP\Downloads\Medical\Medical_Affiliation\Medical_Affiliation.csproj]
C:\Users\HP\Downloads\Medical\Medical_Affiliation\Services\Handlers\Medical\MedicalHospitalHandler.cs(248,41): warning CS8601: Possible null reference assignment. [C:\Users\HP\Downloads\Medical\Medical_Affiliation\Medical_Affiliation.csproj]
C:\Users\HP\Downloads\Medical\Medical_Affiliation\Services\Handlers\Medical\MedicalHospitalHandler.cs(258,32): warning CS8601: Possible null reference assignment. [C:\Users\HP\Downloads\Medical\Medical_Affiliation\Medical_Affiliation.csproj]
C:\Users\HP\Downloads\Medical\Medical_Affiliation\Services\Handlers\Medical\MedicalHospitalHandler.cs(337,41): warning CS8601: Possible null reference assignment. [C:\Users\HP\Downloads\Medical\Medical_Affiliation\Medical_Affiliation.csproj]
C:\Users\HP\Downloads\Medical\Medical_Affiliation\Services\Handlers\Medical\MedicalHospitalHandler.cs(338,36): warning CS8601: Possible null reference assignment. [C:\Users\HP\Downloads\Medical\Medical_Affiliation\Medical_Affiliation.csproj]
C:\Users\HP\Downloads\Medical\Medical_Affiliation\Controllers\AdminController.cs(1302,18): warning CS8602: Dereference of a possibly null reference. [C:\Users\HP\Downloads\Medical\Medical_Affiliation\Medical_Affiliation.csproj]
C:\Users\HP\Downloads\Medical\Medical_Affiliation\Views\MedicalRepository\Medical_YearwiseMaterials.cshtml(6,23): warning CS8602: Dereference of a possibly null reference. [C:\Users\HP\Downloads\Medical\Medical_Affiliation\Medical_Affiliation.csproj]
C:\Users\HP\Downloads\Medical\Medical_Affiliation\Views\MedicalRepository\Medical_YearwiseMaterials.cshtml(1013,51): warning CS8602: Dereference of a possibly null reference. [C:\Users\HP\Downloads\Medical\Medical_Affiliation\Medical_Affiliation.csproj]
C:\Users\HP\Downloads\Medical\Medical_Affiliation\Views\MedicalRepository\Medical_YearwiseMaterials.cshtml(7,9): warning CS0219: The variable 'currentStep' is assigned but its value is never used [C:\Users\HP\Downloads\Medical\Medical_Affiliation\Medical_Affiliation.csproj]
C:\Users\HP\Downloads\Medical\Medical_Affiliation\Views\Login\NodalOfficersList.cshtml(6,23): warning CS8602: Dereference of a possibly null reference. [C:\Users\HP\Downloads\Medical\Medical_Affiliation\Medical_Affiliation.csproj]
C:\Users\HP\Downloads\Medical\Medical_Affiliation\Views\Login\NodalOfficersList.cshtml(210,78): warning CS8602: Dereference of a possibly null reference. [C:\Users\HP\Downloads\Medical\Medical_Affiliation\Medical_Affiliation.csproj]
C:\Users\HP\Downloads\Medical\Medical_Affiliation\Views\Login\NodalOfficersList.cshtml(359,46): warning CS8602: Dereference of a possibly null reference. [C:\Users\HP\Downloads\Medical\Medical_Affiliation\Medical_Affiliation.csproj]
C:\Users\HP\Downloads\Medical\Medical_Affiliation\Views\Login\NodalOfficersList.cshtml(383,34): warning CS8604: Possible null reference argument for parameter 'source' in 'bool Enumerable.All<NodalOfficerDetailViewModel>(IEnumerable<NodalOfficerDetailViewModel> source, Func<NodalOfficerDetailViewModel, bool> predicate)'. [C:\Users\HP\Downloads\Medical\Medical_Affiliation\Medical_Affiliation.csproj]
C:\Users\HP\Downloads\Medical\Medical_Affiliation\Views\Login\NodalOfficersList.cshtml(471,53): warning CS8602: Dereference of a possibly null reference. [C:\Users\HP\Downloads\Medical\Medical_Affiliation\Medical_Affiliation.csproj]
C:\Users\HP\Downloads\Medical\Medical_Affiliation\Views\Login\NodalOfficerDetails.cshtml(5,23): warning CS8602: Dereference of a possibly null reference. [C:\Users\HP\Downloads\Medical\Medical_Affiliation\Medical_Affiliation.csproj]
C:\Users\HP\Downloads\Medical\Medical_Affiliation\Views\Repo\Repo_UGPG.cshtml(14,23): warning CS8602: Dereference of a possibly null reference. [C:\Users\HP\Downloads\Medical\Medical_Affiliation\Medical_Affiliation.csproj]
C:\Users\HP\Downloads\Medical\Medical_Affiliation\Controllers\Medical_ContinuousAffiliationController.cs(268,43): warning CS8602: Dereference of a possibly null reference. [C:\Users\HP\Downloads\Medical\Medical_Affiliation\Medical_Affiliation.csproj]
C:\Users\HP\Downloads\Medical\Medical_Affiliation\Controllers\Medical_ContinuousAffiliationController.cs(417,39): warning CS8601: Possible null reference assignment. [C:\Users\HP\Downloads\Medical\Medical_Affiliation\Medical_Affiliation.csproj]
C:\Users\HP\Downloads\Medical\Medical_Affiliation\Controllers\Medical_ContinuousAffiliationController.cs(499,30): warning CS0168: The variable 'ex' is declared but never used [C:\Users\HP\Downloads\Medical\Medical_Affiliation\Medical_Affiliation.csproj]
C:\Users\HP\Downloads\Medical\Medical_Affiliation\Views\MedicalRepository\Medical_BasicDetails.cshtml(6,23): warning CS8602: Dereference of a possibly null reference. [C:\Users\HP\Downloads\Medical\Medical_Affiliation\Medical_Affiliation.csproj]
C:\Users\HP\Downloads\Medical\Medical_Affiliation\Views\MedicalRepository\Medical_BasicDetails.cshtml(10,9): warning CS0219: The variable 'currentStep' is assigned but its value is never used [C:\Users\HP\Downloads\Medical\Medical_Affiliation\Medical_Affiliation.csproj]
C:\Users\HP\Downloads\Medical\Medical_Affiliation\Controllers\AdminController.cs(1431,60): warning CS8601: Possible null reference assignment. [C:\Users\HP\Downloads\Medical\Medical_Affiliation\Medical_Affiliation.csproj]
C:\Users\HP\Downloads\Medical\Medical_Affiliation\Views\MainDashboard\Rguhsdashboard.cshtml(1932,37): warning CS8600: Converting null literal or possible null value to non-nullable type. [C:\Users\HP\Downloads\Medical\Medical_Affiliation\Medical_Affiliation.csproj]
C:\Users\HP\Downloads\Medical\Medical_Affiliation\Views\MainDashboard\Rguhsdashboard.cshtml(1940,37): warning CS8600: Converting null literal or possible null value to non-nullable type. [C:\Users\HP\Downloads\Medical\Medical_Affiliation\Medical_Affiliation.csproj]
C:\Users\HP\Downloads\Medical\Medical_Affiliation\Controllers\AdminController.cs(1638,31): warning CS8602: Dereference of a possibly null reference. [C:\Users\HP\Downloads\Medical\Medical_Affiliation\Medical_Affiliation.csproj]
C:\Users\HP\Downloads\Medical\Medical_Affiliation\Controllers\AdminController.cs(1735,46): warning CS8625: Cannot convert null literal to non-nullable reference type. [C:\Users\HP\Downloads\Medical\Medical_Affiliation\Medical_Affiliation.csproj]
C:\Users\HP\Downloads\Medical\Medical_Affiliation\Controllers\AdminController.cs(1736,49): warning CS8625: Cannot convert null literal to non-nullable reference type. [C:\Users\HP\Downloads\Medical\Medical_Affiliation\Medical_Affiliation.csproj]
C:\Users\HP\Downloads\Medical\Medical_Affiliation\Controllers\Medical_ContinuousAffiliationController.cs(1077,41): warning CS8601: Possible null reference assignment. [C:\Users\HP\Downloads\Medical\Medical_Affiliation\Medical_Affiliation.csproj]
C:\Users\HP\Downloads\Medical\Medical_Affiliation\Views\Login\Dashboard.cshtml(6,23): warning CS8602: Dereference of a possibly null reference. [C:\Users\HP\Downloads\Medical\Medical_Affiliation\Medical_Affiliation.csproj]
C:\Users\HP\Downloads\Medical\Medical_Affiliation\Views\LIC_Director\CollegeClaimsDashboard.cshtml(933,54): warning CS8602: Dereference of a possibly null reference. [C:\Users\HP\Downloads\Medical\Medical_Affiliation\Medical_Affiliation.csproj]
C:\Users\HP\Downloads\Medical\Medical_Affiliation\Views\LIC_Director\CollegeClaimsDashboard.cshtml(1037,122): warning CS8601: Possible null reference assignment. [C:\Users\HP\Downloads\Medical\Medical_Affiliation\Medical_Affiliation.csproj]
C:\Users\HP\Downloads\Medical\Medical_Affiliation\Views\LIC_Director\CollegeClaimsDashboard.cshtml(1040,122): warning CS8601: Possible null reference assignment. [C:\Users\HP\Downloads\Medical\Medical_Affiliation\Medical_Affiliation.csproj]
C:\Users\HP\Downloads\Medical\Medical_Affiliation\Views\LIC_Director\CollegeClaimsDashboard.cshtml(1043,122): warning CS8601: Possible null reference assignment. [C:\Users\HP\Downloads\Medical\Medical_Affiliation\Medical_Affiliation.csproj]
C:\Users\HP\Downloads\Medical\Medical_Affiliation\Controllers\MedicalSuperAdminController.cs(88,51): warning CS8604: Possible null reference argument for parameter 'item' in 'bool HashSet<string>.Contains(string item)'. [C:\Users\HP\Downloads\Medical\Medical_Affiliation\Medical_Affiliation.csproj]
C:\Users\HP\Downloads\Medical\Medical_Affiliation\Controllers\MedicalSuperAdminController.cs(117,29): warning CS8600: Converting null literal or possible null value to non-nullable type. [C:\Users\HP\Downloads\Medical\Medical_Affiliation\Medical_Affiliation.csproj]
C:\Users\HP\Downloads\Medical\Medical_Affiliation\Controllers\MedicalSuperAdminController.cs(121,34): warning CS8604: Possible null reference argument for parameter 'key' in 'int Dictionary<string, int>.this[string key]'. [C:\Users\HP\Downloads\Medical\Medical_Affiliation\Medical_Affiliation.csproj]
C:\Users\HP\Downloads\Medical\Medical_Affiliation\Controllers\MedicalSuperAdminController.cs(127,34): warning CS8604: Possible null reference argument for parameter 'key' in 'int Dictionary<string, int>.this[string key]'. [C:\Users\HP\Downloads\Medical\Medical_Affiliation\Medical_Affiliation.csproj]
C:\Users\HP\Downloads\Medical\Medical_Affiliation\Controllers\MedicalSuperAdminController.cs(169,25): warning CS8604: Possible null reference argument for parameter 'key' in 'bool Dictionary<string, int>.TryGetValue(string key, out int value)'. [C:\Users\HP\Downloads\Medical\Medical_Affiliation\Medical_Affiliation.csproj]
C:\Users\HP\Downloads\Medical\Medical_Affiliation\Views\LicTada\_GridCashier.cshtml(24,31): warning CS8629: Nullable value type may be null. [C:\Users\HP\Downloads\Medical\Medical_Affiliation\Medical_Affiliation.csproj]
C:\Users\HP\Downloads\Medical\Medical_Affiliation\Views\LicTada\_AllPaidGrid.cshtml(24,51): warning CS8629: Nullable value type may be null. [C:\Users\HP\Downloads\Medical\Medical_Affiliation\Medical_Affiliation.csproj]
C:\Users\HP\Downloads\Medical\Medical_Affiliation\Views\LicTada\_GridCashierPaid.cshtml(24,51): warning CS8629: Nullable value type may be null. [C:\Users\HP\Downloads\Medical\Medical_Affiliation\Medical_Affiliation.csproj]
C:\Users\HP\Downloads\Medical\Medical_Affiliation\Controllers\MedicalSuperAdminController.cs(255,25): warning CS8600: Converting null literal or possible null value to non-nullable type. [C:\Users\HP\Downloads\Medical\Medical_Affiliation\Medical_Affiliation.csproj]
C:\Users\HP\Downloads\Medical\Medical_Affiliation\Controllers\MedicalSuperAdminController.cs(259,38): warning CS8601: Possible null reference assignment. [C:\Users\HP\Downloads\Medical\Medical_Affiliation\Medical_Affiliation.csproj]
C:\Users\HP\Downloads\Medical\Medical_Affiliation\Controllers\MedicalSuperAdminController.cs(277,35): warning CS8601: Possible null reference assignment. [C:\Users\HP\Downloads\Medical\Medical_Affiliation\Medical_Affiliation.csproj]
C:\Users\HP\Downloads\Medical\Medical_Affiliation\Views\Medical_ContinuousAffiliation\Medical_LandBuildingdetails.cshtml(1043,160): warning CS8602: Dereference of a possibly null reference. [C:\Users\HP\Downloads\Medical\Medical_Affiliation\Medical_Affiliation.csproj]
C:\Users\HP\Downloads\Medical\Medical_Affiliation\Views\LICInspection\InspectionCollegeDetails.cshtml(308,27): warning CS8714: The type 'string?' cannot be used as type parameter 'TKey' in the generic type or method 'Enumerable.ToDictionary<TSource, TKey, TElement>(IEnumerable<TSource>, Func<TSource, TKey>, Func<TSource, TElement>)'. Nullability of type argument 'string?' doesn't match 'notnull' constraint. [C:\Users\HP\Downloads\Medical\Medical_Affiliation\Medical_Affiliation.csproj]
C:\Users\HP\Downloads\Medical\Medical_Affiliation\Views\LICInspection\InspectionCollegeDetails.cshtml(311,39): warning CS8621: Nullability of reference types in return type of 'lambda expression' doesn't match the target delegate 'Func<IGrouping<string?, LicinspectionDetail>, string?>' (possibly because of nullability attributes). [C:\Users\HP\Downloads\Medical\Medical_Affiliation\Medical_Affiliation.csproj]
C:\Users\HP\Downloads\Medical\Medical_Affiliation\Views\LICInspection\InspectionCollegeDetails.cshtml(308,27): warning CS8619: Nullability of reference types in value of type 'Dictionary<string?, LicinspectionDetail>' doesn't match target type 'Dictionary<string, LicinspectionDetail>'. [C:\Users\HP\Downloads\Medical\Medical_Affiliation\Medical_Affiliation.csproj]
C:\Users\HP\Downloads\Medical\Medical_Affiliation\Views\LatestMedicalAffiliation\TeachingFacultyDetails.cshtml(6,23): warning CS8602: Dereference of a possibly null reference. [C:\Users\HP\Downloads\Medical\Medical_Affiliation\Medical_Affiliation.csproj]
C:\Users\HP\Downloads\Medical\Medical_Affiliation\Views\LatestMedicalAffiliation\TeachingFacultyDetails.cshtml(340,55): warning CS8600: Converting null literal or possible null value to non-nullable type. [C:\Users\HP\Downloads\Medical\Medical_Affiliation\Medical_Affiliation.csproj]
C:\Users\HP\Downloads\Medical\Medical_Affiliation\Views\LatestMedicalAffiliation\Medical_LatestIntakeData.cshtml(9,23): warning CS8602: Dereference of a possibly null reference. [C:\Users\HP\Downloads\Medical\Medical_Affiliation\Medical_Affiliation.csproj]
C:\Users\HP\Downloads\Medical\Medical_Affiliation\Views\Fellowship\DirectorDashboard_Fellowship.cshtml(166,44): warning CS8602: Dereference of a possibly null reference. [C:\Users\HP\Downloads\Medical\Medical_Affiliation\Medical_Affiliation.csproj]
C:\Users\HP\Downloads\Medical\Medical_Affiliation\Controllers\MedicalSuperAdminController.cs(340,58): warning CS8604: Possible null reference argument for parameter 'item' in 'bool HashSet<string>.Contains(string item)'. [C:\Users\HP\Downloads\Medical\Medical_Affiliation\Medical_Affiliation.csproj]
C:\Users\HP\Downloads\Medical\Medical_Affiliation\Controllers\MedicalSuperAdminController.cs(359,37): warning CS8600: Converting null literal or possible null value to non-nullable type. [C:\Users\HP\Downloads\Medical\Medical_Affiliation\Medical_Affiliation.csproj]
C:\Users\HP\Downloads\Medical\Medical_Affiliation\Controllers\MedicalSuperAdminController.cs(296,20): warning CS8603: Possible null reference return. [C:\Users\HP\Downloads\Medical\Medical_Affiliation\Medical_Affiliation.csproj]
C:\Users\HP\Downloads\Medical\Medical_Affiliation\Views\LicTada\_TadaMember.cshtml(21,12): warning CS8321: The local function 'F' is declared but never used [C:\Users\HP\Downloads\Medical\Medical_Affiliation\Medical_Affiliation.csproj]
C:\Users\HP\Downloads\Medical\Medical_Affiliation\Views\FacultyDetails\Repo_FacultyDetails.cshtml(7,23): warning CS8602: Dereference of a possibly null reference. [C:\Users\HP\Downloads\Medical\Medical_Affiliation\Medical_Affiliation.csproj]
C:\Users\HP\Downloads\Medical\Medical_Affiliation\Views\FacultyDetails\Repo_FacultyDetails.cshtml(784,46): warning CS8604: Possible null reference argument for parameter 'source' in 'IEnumerable<string> Enumerable.Select<SelectListItem, string>(IEnumerable<SelectListItem> source, Func<SelectListItem, string> selector)'. [C:\Users\HP\Downloads\Medical\Medical_Affiliation\Medical_Affiliation.csproj]
C:\Users\HP\Downloads\Medical\Medical_Affiliation\Views\FacultyDetails\Repo_FacultyDetails.cshtml(787,47): warning CS8604: Possible null reference argument for parameter 'source' in 'IEnumerable<string> Enumerable.Select<SelectListItem, string>(IEnumerable<SelectListItem> source, Func<SelectListItem, string> selector)'. [C:\Users\HP\Downloads\Medical\Medical_Affiliation\Medical_Affiliation.csproj]
C:\Users\HP\Downloads\Medical\Medical_Affiliation\Views\DentalRepository\TeachingFacultyDetails.cshtml(6,23): warning CS8602: Dereference of a possibly null reference. [C:\Users\HP\Downloads\Medical\Medical_Affiliation\Medical_Affiliation.csproj]
C:\Users\HP\Downloads\Medical\Medical_Affiliation\Views\DentalRepository\TeachingFacultyDetails.cshtml(778,51): warning CS8600: Converting null literal or possible null value to non-nullable type. [C:\Users\HP\Downloads\Medical\Medical_Affiliation\Medical_Affiliation.csproj]
C:\Users\HP\Downloads\Medical\Medical_Affiliation\Views\DentalRepository\TeachingFacultyDetails.cshtml(12,9): warning CS0219: The variable 'currentStep' is assigned but its value is never used [C:\Users\HP\Downloads\Medical\Medical_Affiliation\Medical_Affiliation.csproj]
C:\Users\HP\Downloads\Medical\Medical_Affiliation\Views\ContinuesAffiliation_Facultybased\TeachingFacultyDetails.cshtml(6,23): warning CS8602: Dereference of a possibly null reference. [C:\Users\HP\Downloads\Medical\Medical_Affiliation\Medical_Affiliation.csproj]
C:\Users\HP\Downloads\Medical\Medical_Affiliation\Views\ContinuesAffiliation_Facultybased\TeachingFacultyDetails.cshtml(342,55): warning CS8600: Converting null literal or possible null value to non-nullable type. [C:\Users\HP\Downloads\Medical\Medical_Affiliation\Medical_Affiliation.csproj]
C:\Users\HP\Downloads\Medical\Medical_Affiliation\Views\ContinuousAffiliationIncreaseintake\IncreaseIntake.cshtml(40,83): warning CS8604: Possible null reference argument for parameter 'item' in 'bool List<string>.Contains(string item)'. [C:\Users\HP\Downloads\Medical\Medical_Affiliation\Medical_Affiliation.csproj]
C:\Users\HP\Downloads\Medical\Medical_Affiliation\Views\Fellowship\AcceptedRejectedDashboard.cshtml(241,47): warning CS8604: Possible null reference argument for parameter 'source' in 'IEnumerable<FellowshipAcceptedRejectedRowVm> Enumerable.Where<FellowshipAcceptedRejectedRowVm>(IEnumerable<FellowshipAcceptedRejectedRowVm> source, Func<FellowshipAcceptedRejectedRowVm, bool> predicate)'. [C:\Users\HP\Downloads\Medical\Medical_Affiliation\Medical_Affiliation.csproj]
C:\Users\HP\Downloads\Medical\Medical_Affiliation\Controllers\MedicalRepositoryController.cs(34,33): warning CS8601: Possible null reference assignment. [C:\Users\HP\Downloads\Medical\Medical_Affiliation\Medical_Affiliation.csproj]
C:\Users\HP\Downloads\Medical\Medical_Affiliation\Controllers\MedicalRepositoryController.cs(95,42): warning CS8601: Possible null reference assignment. [C:\Users\HP\Downloads\Medical\Medical_Affiliation\Medical_Affiliation.csproj]
C:\Users\HP\Downloads\Medical\Medical_Affiliation\Controllers\MedicalRepositoryController.cs(96,52): warning CS8601: Possible null reference assignment. [C:\Users\HP\Downloads\Medical\Medical_Affiliation\Medical_Affiliation.csproj]
C:\Users\HP\Downloads\Medical\Medical_Affiliation\Controllers\MedicalRepositoryController.cs(97,54): warning CS8601: Possible null reference assignment. [C:\Users\HP\Downloads\Medical\Medical_Affiliation\Medical_Affiliation.csproj]
C:\Users\HP\Downloads\Medical\Medical_Affiliation\Controllers\MedicalRepositoryController.cs(98,41): warning CS8601: Possible null reference assignment. [C:\Users\HP\Downloads\Medical\Medical_Affiliation\Medical_Affiliation.csproj]
C:\Users\HP\Downloads\Medical\Medical_Affiliation\Controllers\MedicalRepositoryController.cs(99,42): warning CS8601: Possible null reference assignment. [C:\Users\HP\Downloads\Medical\Medical_Affiliation\Medical_Affiliation.csproj]
C:\Users\HP\Downloads\Medical\Medical_Affiliation\Controllers\MedicalRepositoryController.cs(100,29): warning CS8629: Nullable value type may be null. [C:\Users\HP\Downloads\Medical\Medical_Affiliation\Medical_Affiliation.csproj]
C:\Users\HP\Downloads\Medical\Medical_Affiliation\Controllers\MedicalRepositoryController.cs(101,29): warning CS8601: Possible null reference assignment. [C:\Users\HP\Downloads\Medical\Medical_Affiliation\Medical_Affiliation.csproj]
C:\Users\HP\Downloads\Medical\Medical_Affiliation\Controllers\MedicalRepositoryController.cs(102,44): warning CS8601: Possible null reference assignment. [C:\Users\HP\Downloads\Medical\Medical_Affiliation\Medical_Affiliation.csproj]
C:\Users\HP\Downloads\Medical\Medical_Affiliation\Controllers\MedicalRepositoryController.cs(106,40): warning CS8601: Possible null reference assignment. [C:\Users\HP\Downloads\Medical\Medical_Affiliation\Medical_Affiliation.csproj]
C:\Users\HP\Downloads\Medical\Medical_Affiliation\Controllers\MedicalRepositoryController.cs(107,48): warning CS8601: Possible null reference assignment. [C:\Users\HP\Downloads\Medical\Medical_Affiliation\Medical_Affiliation.csproj]
C:\Users\HP\Downloads\Medical\Medical_Affiliation\Views\ContinuesAffiliation_Facultybased\Aff_TrustMemberDetails.cshtml(666,54): warning CS8602: Dereference of a possibly null reference. [C:\Users\HP\Downloads\Medical\Medical_Affiliation\Medical_Affiliation.csproj]
C:\Users\HP\Downloads\Medical\Medical_Affiliation\Controllers\MedicalRepositoryController.cs(205,37): warning CS8601: Possible null reference assignment. [C:\Users\HP\Downloads\Medical\Medical_Affiliation\Medical_Affiliation.csproj]
C:\Users\HP\Downloads\Medical\Medical_Affiliation\Views\ContinuesAffiliation_Facultybased\Dean_DirectorDetails.cshtml(634,54): warning CS8602: Dereference of a possibly null reference. [C:\Users\HP\Downloads\Medical\Medical_Affiliation\Medical_Affiliation.csproj]
C:\Users\HP\Downloads\Medical\Medical_Affiliation\Views\ContinuesAffiliation_Facultybased\Dean_DirectorDetails.cshtml(724,54): warning CS8602: Dereference of a possibly null reference. [C:\Users\HP\Downloads\Medical\Medical_Affiliation\Medical_Affiliation.csproj]
C:\Users\HP\Downloads\Medical\Medical_Affiliation\Views\ContinuesAffiliation_Facultybased\Dean_DirectorDetails.cshtml(953,37): warning CS8602: Dereference of a possibly null reference. [C:\Users\HP\Downloads\Medical\Medical_Affiliation\Medical_Affiliation.csproj]
C:\Users\HP\Downloads\Medical\Medical_Affiliation\Views\ContinuesAffiliation_Facultybased\Dean_DirectorDetails.cshtml(954,37): warning CS8602: Dereference of a possibly null reference. [C:\Users\HP\Downloads\Medical\Medical_Affiliation\Medical_Affiliation.csproj]
C:\Users\HP\Downloads\Medical\Medical_Affiliation\Views\ContinuesAffiliation_Facultybased\aff_FacultyDetails.cshtml(6,23): warning CS8602: Dereference of a possibly null reference. [C:\Users\HP\Downloads\Medical\Medical_Affiliation\Medical_Affiliation.csproj]
C:\Users\HP\Downloads\Medical\Medical_Affiliation\Views\ContinuesAffiliation_Facultybased\aff_FacultyDetails.cshtml(495,9): warning CS8604: Possible null reference argument for parameter 'source' in 'IEnumerable<string> Enumerable.Select<SelectListItem, string>(IEnumerable<SelectListItem> source, Func<SelectListItem, string> selector)'. [C:\Users\HP\Downloads\Medical\Medical_Affiliation\Medical_Affiliation.csproj]
C:\Users\HP\Downloads\Medical\Medical_Affiliation\Views\ContinuesAffiliation_Facultybased\aff_FacultyDetails.cshtml(500,9): warning CS8604: Possible null reference argument for parameter 'source' in 'IEnumerable<string> Enumerable.Select<SelectListItem, string>(IEnumerable<SelectListItem> source, Func<SelectListItem, string> selector)'. [C:\Users\HP\Downloads\Medical\Medical_Affiliation\Medical_Affiliation.csproj]
C:\Users\HP\Downloads\Medical\Medical_Affiliation\Controllers\MedicalRepositoryController.cs(289,34): warning CS8600: Converting null literal or possible null value to non-nullable type. [C:\Users\HP\Downloads\Medical\Medical_Affiliation\Medical_Affiliation.csproj]
C:\Users\HP\Downloads\Medical\Medical_Affiliation\Controllers\MedicalRepositoryController.cs(290,34): warning CS8600: Converting null literal or possible null value to non-nullable type. [C:\Users\HP\Downloads\Medical\Medical_Affiliation\Medical_Affiliation.csproj]
C:\Users\HP\Downloads\Medical\Medical_Affiliation\Controllers\MedicalRepositoryController.cs(363,48): warning CS8601: Possible null reference assignment. [C:\Users\HP\Downloads\Medical\Medical_Affiliation\Medical_Affiliation.csproj]
C:\Users\HP\Downloads\Medical\Medical_Affiliation\Controllers\MedicalRepositoryController.cs(365,49): warning CS8601: Possible null reference assignment. [C:\Users\HP\Downloads\Medical\Medical_Affiliation\Medical_Affiliation.csproj]
C:\Users\HP\Downloads\Medical\Medical_Affiliation\Controllers\MedicalRepositoryController.cs(378,37): warning CS8601: Possible null reference assignment. [C:\Users\HP\Downloads\Medical\Medical_Affiliation\Medical_Affiliation.csproj]
C:\Users\HP\Downloads\Medical\Medical_Affiliation\Controllers\MedicalRepositoryController.cs(379,35): warning CS8601: Possible null reference assignment. [C:\Users\HP\Downloads\Medical\Medical_Affiliation\Medical_Affiliation.csproj]
C:\Users\HP\Downloads\Medical\Medical_Affiliation\Controllers\MedicalRepositoryController.cs(380,31): warning CS8601: Possible null reference assignment. [C:\Users\HP\Downloads\Medical\Medical_Affiliation\Medical_Affiliation.csproj]
C:\Users\HP\Downloads\Medical\Medical_Affiliation\Controllers\MedicalRepositoryController.cs(381,27): warning CS8601: Possible null reference assignment. [C:\Users\HP\Downloads\Medical\Medical_Affiliation\Medical_Affiliation.csproj]
C:\Users\HP\Downloads\Medical\Medical_Affiliation\Views\ContinuesAffiliation_Facultybased\Aff_PrincipalDetails.cshtml(11,15): warning CS8602: Dereference of a possibly null reference. [C:\Users\HP\Downloads\Medical\Medical_Affiliation\Medical_Affiliation.csproj]
C:\Users\HP\Downloads\Medical\Medical_Affiliation\Views\ContinuesAffiliation_Facultybased\Aff_PrincipalDetails.cshtml(15,7): warning CS8604: Possible null reference argument for parameter 'source' in 'IEnumerable<string> Enumerable.Select<string, string>(IEnumerable<string> source, Func<string, string> selector)'. [C:\Users\HP\Downloads\Medical\Medical_Affiliation\Medical_Affiliation.csproj]
C:\Users\HP\Downloads\Medical\Medical_Affiliation\Views\ContinuesAffiliation_Facultybased\Aff_PrincipalDetails.cshtml(664,54): warning CS8602: Dereference of a possibly null reference. [C:\Users\HP\Downloads\Medical\Medical_Affiliation\Medical_Affiliation.csproj]
C:\Users\HP\Downloads\Medical\Medical_Affiliation\Views\ContinuesAffiliation_Facultybased\Aff_PrincipalDetails.cshtml(751,54): warning CS8602: Dereference of a possibly null reference. [C:\Users\HP\Downloads\Medical\Medical_Affiliation\Medical_Affiliation.csproj]
C:\Users\HP\Downloads\Medical\Medical_Affiliation\Views\ContinuesAffiliation_Facultybased\Aff_PrincipalDetails.cshtml(847,37): warning CS8602: Dereference of a possibly null reference. [C:\Users\HP\Downloads\Medical\Medical_Affiliation\Medical_Affiliation.csproj]
C:\Users\HP\Downloads\Medical\Medical_Affiliation\Views\ContinuesAffiliation_Facultybased\Aff_PrincipalDetails.cshtml(848,37): warning CS8602: Dereference of a possibly null reference. [C:\Users\HP\Downloads\Medical\Medical_Affiliation\Medical_Affiliation.csproj]
C:\Users\HP\Downloads\Medical\Medical_Affiliation\Views\ContinuationAffiliationClinicalFacilities\Sections\ClinicalSection\InstructionSet\_Dental.cshtml(4,23): warning CS8602: Dereference of a possibly null reference. [C:\Users\HP\Downloads\Medical\Medical_Affiliation\Medical_Affiliation.csproj]
C:\Users\HP\Downloads\Medical\Medical_Affiliation\Views\ContinuesAffiliation_Facultybased\Aff_HostelDetails.cshtml(377,157): warning CS8602: Dereference of a possibly null reference. [C:\Users\HP\Downloads\Medical\Medical_Affiliation\Medical_Affiliation.csproj]
C:\Users\HP\Downloads\Medical\Medical_Affiliation\Controllers\MedicalRepositoryController.cs(428,34): warning CS8600: Converting null literal or possible null value to non-nullable type. [C:\Users\HP\Downloads\Medical\Medical_Affiliation\Medical_Affiliation.csproj]
C:\Users\HP\Downloads\Medical\Medical_Affiliation\Controllers\MedicalRepositoryController.cs(429,34): warning CS8600: Converting null literal or possible null value to non-nullable type. [C:\Users\HP\Downloads\Medical\Medical_Affiliation\Medical_Affiliation.csproj]
C:\Users\HP\Downloads\Medical\Medical_Affiliation\Controllers\MedicalRepositoryController.cs(508,44): warning CS8600: Converting null literal or possible null value to non-nullable type. [C:\Users\HP\Downloads\Medical\Medical_Affiliation\Medical_Affiliation.csproj]
C:\Users\HP\Downloads\Medical\Medical_Affiliation\Controllers\MedicalRepositoryController.cs(512,104): warning CS8604: Possible null reference argument for parameter 'facutlyCode' in 'Task<string?> MedicalRepositoryController.SaveFacultyFileAsync(IFormFile? file, string folder, string facutlyCode)'. [C:\Users\HP\Downloads\Medical\Medical_Affiliation\Medical_Affiliation.csproj]
C:\Users\HP\Downloads\Medical\Medical_Affiliation\Controllers\MedicalRepositoryController.cs(512,41): warning CS8600: Converting null literal or possible null value to non-nullable type. [C:\Users\HP\Downloads\Medical\Medical_Affiliation\Medical_Affiliation.csproj]
C:\Users\HP\Downloads\Medical\Medical_Affiliation\Controllers\MedicalRepositoryController.cs(668,35): warning CS8601: Possible null reference assignment. [C:\Users\HP\Downloads\Medical\Medical_Affiliation\Medical_Affiliation.csproj]
C:\Users\HP\Downloads\Medical\Medical_Affiliation\Views\ContinuesAffiliation_Facultybased\Institution_Details.cshtml(7,23): warning CS8602: Dereference of a possibly null reference. [C:\Users\HP\Downloads\Medical\Medical_Affiliation\Medical_Affiliation.csproj]
C:\Users\HP\Downloads\Medical\Medical_Affiliation\Views\ContinuationAffiliationClinicalFacilities\Sections\ClinicalSection\AffiliatedDocuments\_Dental.cshtml(30,42): warning CS8602: Dereference of a possibly null reference. [C:\Users\HP\Downloads\Medical\Medical_Affiliation\Medical_Affiliation.csproj]
C:\Users\HP\Downloads\Medical\Medical_Affiliation\Views\ContinuationAffiliationClinicalFacilities\Sections\ClinicalSection\AffiliatedDocuments\_Nursing.cshtml(30,42): warning CS8602: Dereference of a possibly null reference. [C:\Users\HP\Downloads\Medical\Medical_Affiliation\Medical_Affiliation.csproj]
C:\Users\HP\Downloads\Medical\Medical_Affiliation\Views\ContinuationAffiliationClinicalFacilities\Sections\ClinicalSection\AffiliatedDocuments\_Medical.cshtml(30,42): warning CS8602: Dereference of a possibly null reference. [C:\Users\HP\Downloads\Medical\Medical_Affiliation\Medical_Affiliation.csproj]
C:\Users\HP\Downloads\Medical\Medical_Affiliation\Views\Collegelogin\Dashboard.cshtml(7,23): warning CS8602: Dereference of a possibly null reference. [C:\Users\HP\Downloads\Medical\Medical_Affiliation\Medical_Affiliation.csproj]
C:\Users\HP\Downloads\Medical\Medical_Affiliation\Views\Collegelogin\Dashboard.cshtml(1402,50): warning CS8605: Unboxing a possibly null value. [C:\Users\HP\Downloads\Medical\Medical_Affiliation\Medical_Affiliation.csproj]
C:\Users\HP\Downloads\Medical\Medical_Affiliation\Views\Collegelogin\Dashboard.cshtml(1639,54): warning CS8605: Unboxing a possibly null value. [C:\Users\HP\Downloads\Medical\Medical_Affiliation\Medical_Affiliation.csproj]
C:\Users\HP\Downloads\Medical\Medical_Affiliation\Views\Collegelogin\Dashboard.cshtml(1656,55): warning CS8605: Unboxing a possibly null value. [C:\Users\HP\Downloads\Medical\Medical_Affiliation\Medical_Affiliation.csproj]
C:\Users\HP\Downloads\Medical\Medical_Affiliation\Controllers\MedicalRepositoryController.cs(796,61): warning CS8601: Possible null reference assignment. [C:\Users\HP\Downloads\Medical\Medical_Affiliation\Medical_Affiliation.csproj]
C:\Users\HP\Downloads\Medical\Medical_Affiliation\Controllers\MedicalRepositoryController.cs(797,64): warning CS8601: Possible null reference assignment. [C:\Users\HP\Downloads\Medical\Medical_Affiliation\Medical_Affiliation.csproj]
C:\Users\HP\Downloads\Medical\Medical_Affiliation\Controllers\MedicalRepositoryController.cs(798,60): warning CS8601: Possible null reference assignment. [C:\Users\HP\Downloads\Medical\Medical_Affiliation\Medical_Affiliation.csproj]
C:\Users\HP\Downloads\Medical\Medical_Affiliation\Controllers\MedicalRepositoryController.cs(799,55): warning CS8601: Possible null reference assignment. [C:\Users\HP\Downloads\Medical\Medical_Affiliation\Medical_Affiliation.csproj]
C:\Users\HP\Downloads\Medical\Medical_Affiliation\Views\Collegelogin\AHSCollegeVerification.cshtml(5,23): warning CS8602: Dereference of a possibly null reference. [C:\Users\HP\Downloads\Medical\Medical_Affiliation\Medical_Affiliation.csproj]
C:\Users\HP\Downloads\Medical\Medical_Affiliation\Views\Collegelogin\GetExpectedDetails.cshtml(6,23): warning CS8602: Dereference of a possibly null reference. [C:\Users\HP\Downloads\Medical\Medical_Affiliation\Medical_Affiliation.csproj]
C:\Users\HP\Downloads\Medical\Medical_Affiliation\Views\Collegelogin\GetExpectedDetails.cshtml(467,34): warning CS8602: Dereference of a possibly null reference. [C:\Users\HP\Downloads\Medical\Medical_Affiliation\Medical_Affiliation.csproj]
C:\Users\HP\Downloads\Medical\Medical_Affiliation\Views\Collegelogin\GetExpectedDetails.cshtml(467,34): warning CS8604: Possible null reference argument for parameter 'source' in 'bool Enumerable.Any<CourseDetail>(IEnumerable<CourseDetail> source, Func<CourseDetail, bool> predicate)'. [C:\Users\HP\Downloads\Medical\Medical_Affiliation\Medical_Affiliation.csproj]
C:\Users\HP\Downloads\Medical\Medical_Affiliation\Views\ContinuationAffiliationClinicalFacilities\Sections\ClinicalSection\HospitalDetails\_Dental.cshtml(37,40): warning CS8602: Dereference of a possibly null reference. [C:\Users\HP\Downloads\Medical\Medical_Affiliation\Medical_Affiliation.csproj]
C:\Users\HP\Downloads\Medical\Medical_Affiliation\Views\ContinuationAffiliationClinicalFacilities\Sections\ClinicalSection\HospitalDetails\_Dental.cshtml(56,40): warning CS8602: Dereference of a possibly null reference. [C:\Users\HP\Downloads\Medical\Medical_Affiliation\Medical_Affiliation.csproj]
C:\Users\HP\Downloads\Medical\Medical_Affiliation\Views\ContinuationAffiliationClinicalFacilities\Sections\ClinicalSection\HospitalDetails\_Dental.cshtml(75,40): warning CS8602: Dereference of a possibly null reference. [C:\Users\HP\Downloads\Medical\Medical_Affiliation\Medical_Affiliation.csproj]
C:\Users\HP\Downloads\Medical\Medical_Affiliation\Views\ContinuationAffiliationClinicalFacilities\Sections\ClinicalSection\HospitalDetails\_Dental.cshtml(89,40): warning CS8602: Dereference of a possibly null reference. [C:\Users\HP\Downloads\Medical\Medical_Affiliation\Medical_Affiliation.csproj]
C:\Users\HP\Downloads\Medical\Medical_Affiliation\Views\ContinuationAffiliationClinicalFacilities\Sections\ClinicalSection\HospitalDetails\_Dental.cshtml(104,40): warning CS8602: Dereference of a possibly null reference. [C:\Users\HP\Downloads\Medical\Medical_Affiliation\Medical_Affiliation.csproj]
C:\Users\HP\Downloads\Medical\Medical_Affiliation\Views\ContinuationAffiliationClinicalFacilities\Sections\ClinicalSection\HospitalDetails\_Dental.cshtml(114,18): warning CS8602: Dereference of a possibly null reference. [C:\Users\HP\Downloads\Medical\Medical_Affiliation\Medical_Affiliation.csproj]
C:\Users\HP\Downloads\Medical\Medical_Affiliation\Controllers\MedicalRepositoryController.cs(929,34): warning CS8600: Converting null literal or possible null value to non-nullable type. [C:\Users\HP\Downloads\Medical\Medical_Affiliation\Medical_Affiliation.csproj]
C:\Users\HP\Downloads\Medical\Medical_Affiliation\Controllers\MedicalRepositoryController.cs(930,33): warning CS8600: Converting null literal or possible null value to non-nullable type. [C:\Users\HP\Downloads\Medical\Medical_Affiliation\Medical_Affiliation.csproj]
C:\Users\HP\Downloads\Medical\Medical_Affiliation\Controllers\MedicalRepositoryController.cs(931,35): warning CS8600: Converting null literal or possible null value to non-nullable type. [C:\Users\HP\Downloads\Medical\Medical_Affiliation\Medical_Affiliation.csproj]
C:\Users\HP\Downloads\Medical\Medical_Affiliation\Controllers\MedicalRepositoryController.cs(932,39): warning CS8600: Converting null literal or possible null value to non-nullable type. [C:\Users\HP\Downloads\Medical\Medical_Affiliation\Medical_Affiliation.csproj]
C:\Users\HP\Downloads\Medical\Medical_Affiliation\Controllers\MedicalRepositoryController.cs(934,34): warning CS8600: Converting null literal or possible null value to non-nullable type. [C:\Users\HP\Downloads\Medical\Medical_Affiliation\Medical_Affiliation.csproj]
C:\Users\HP\Downloads\Medical\Medical_Affiliation\Controllers\MedicalRepositoryController.cs(935,29): warning CS8600: Converting null literal or possible null value to non-nullable type. [C:\Users\HP\Downloads\Medical\Medical_Affiliation\Medical_Affiliation.csproj]
C:\Users\HP\Downloads\Medical\Medical_Affiliation\Controllers\MedicalRepositoryController.cs(936,31): warning CS8600: Converting null literal or possible null value to non-nullable type. [C:\Users\HP\Downloads\Medical\Medical_Affiliation\Medical_Affiliation.csproj]
C:\Users\HP\Downloads\Medical\Medical_Affiliation\Controllers\MedicalRepositoryController.cs(937,35): warning CS8600: Converting null literal or possible null value to non-nullable type. [C:\Users\HP\Downloads\Medical\Medical_Affiliation\Medical_Affiliation.csproj]
C:\Users\HP\Downloads\Medical\Medical_Affiliation\Controllers\MedicalRepositoryController.cs(962,51): warning CS8601: Possible null reference assignment. [C:\Users\HP\Downloads\Medical\Medical_Affiliation\Medical_Affiliation.csproj]
C:\Users\HP\Downloads\Medical\Medical_Affiliation\Controllers\MedicalRepositoryController.cs(986,46): warning CS8601: Possible null reference assignment. [C:\Users\HP\Downloads\Medical\Medical_Affiliation\Medical_Affiliation.csproj]
C:\Users\HP\Downloads\Medical\Medical_Affiliation\Controllers\MedicalRepositoryController.cs(1105,31): warning CS8601: Possible null reference assignment. [C:\Users\HP\Downloads\Medical\Medical_Affiliation\Medical_Affiliation.csproj]
C:\Users\HP\Downloads\Medical\Medical_Affiliation\Controllers\MedicalRepositoryController.cs(1106,31): warning CS8601: Possible null reference assignment. [C:\Users\HP\Downloads\Medical\Medical_Affiliation\Medical_Affiliation.csproj]
C:\Users\HP\Downloads\Medical\Medical_Affiliation\Controllers\MedicalRepositoryController.cs(1128,32): warning CS8600: Converting null literal or possible null value to non-nullable type. [C:\Users\HP\Downloads\Medical\Medical_Affiliation\Medical_Affiliation.csproj]
C:\Users\HP\Downloads\Medical\Medical_Affiliation\Controllers\MedicalRepositoryController.cs(1133,29): warning CS8602: Dereference of a possibly null reference. [C:\Users\HP\Downloads\Medical\Medical_Affiliation\Medical_Affiliation.csproj]
C:\Users\HP\Downloads\Medical\Medical_Affiliation\Controllers\MedicalRepositoryController.cs(1133,29): warning CS8600: Converting null literal or possible null value to non-nullable type. [C:\Users\HP\Downloads\Medical\Medical_Affiliation\Medical_Affiliation.csproj]
C:\Users\HP\Downloads\Medical\Medical_Affiliation\Controllers\MedicalRepositoryController.cs(1135,29): warning CS8602: Dereference of a possibly null reference. [C:\Users\HP\Downloads\Medical\Medical_Affiliation\Medical_Affiliation.csproj]
C:\Users\HP\Downloads\Medical\Medical_Affiliation\Controllers\MedicalRepositoryController.cs(1135,29): warning CS8600: Converting null literal or possible null value to non-nullable type. [C:\Users\HP\Downloads\Medical\Medical_Affiliation\Medical_Affiliation.csproj]
C:\Users\HP\Downloads\Medical\Medical_Affiliation\Controllers\MedicalRepositoryController.cs(1137,29): warning CS8602: Dereference of a possibly null reference. [C:\Users\HP\Downloads\Medical\Medical_Affiliation\Medical_Affiliation.csproj]
C:\Users\HP\Downloads\Medical\Medical_Affiliation\Controllers\MedicalRepositoryController.cs(1137,29): warning CS8600: Converting null literal or possible null value to non-nullable type. [C:\Users\HP\Downloads\Medical\Medical_Affiliation\Medical_Affiliation.csproj]
C:\Users\HP\Downloads\Medical\Medical_Affiliation\Controllers\MedicalRepositoryController.cs(1139,29): warning CS8602: Dereference of a possibly null reference. [C:\Users\HP\Downloads\Medical\Medical_Affiliation\Medical_Affiliation.csproj]
C:\Users\HP\Downloads\Medical\Medical_Affiliation\Controllers\MedicalRepositoryController.cs(1139,29): warning CS8600: Converting null literal or possible null value to non-nullable type. [C:\Users\HP\Downloads\Medical\Medical_Affiliation\Medical_Affiliation.csproj]
C:\Users\HP\Downloads\Medical\Medical_Affiliation\Controllers\MedicalRepositoryController.cs(1157,20): warning CS8603: Possible null reference return. [C:\Users\HP\Downloads\Medical\Medical_Affiliation\Medical_Affiliation.csproj]
C:\Users\HP\Downloads\Medical\Medical_Affiliation\Controllers\MedicalRepositoryController.cs(1184,32): warning CS8600: Converting null literal or possible null value to non-nullable type. [C:\Users\HP\Downloads\Medical\Medical_Affiliation\Medical_Affiliation.csproj]
C:\Users\HP\Downloads\Medical\Medical_Affiliation\Views\CAPreview\FacultyDesigNonTeaching\Preview.cshtml(32,10): warning CS8602: Dereference of a possibly null reference. [C:\Users\HP\Downloads\Medical\Medical_Affiliation\Medical_Affiliation.csproj]
C:\Users\HP\Downloads\Medical\Medical_Affiliation\Controllers\MedicalRepositoryController.cs(1024,30): warning CS8618: Non-nullable property 'Rguhsnotification' must contain a non-null value when exiting constructor. Consider adding the 'required' modifier or declaring the property as nullable. [C:\Users\HP\Downloads\Medical\Medical_Affiliation\Medical_Affiliation.csproj]
C:\Users\HP\Downloads\Medical\Medical_Affiliation\Controllers\MedicalRepositoryController.cs(1025,30): warning CS8618: Non-nullable property 'Gmc' must contain a non-null value when exiting constructor. Consider adding the 'required' modifier or declaring the property as nullable. [C:\Users\HP\Downloads\Medical\Medical_Affiliation\Medical_Affiliation.csproj]
C:\Users\HP\Downloads\Medical\Medical_Affiliation\Controllers\MedicalRepositoryController.cs(1026,30): warning CS8618: Non-nullable property 'Nmc' must contain a non-null value when exiting constructor. Consider adding the 'required' modifier or declaring the property as nullable. [C:\Users\HP\Downloads\Medical\Medical_Affiliation\Medical_Affiliation.csproj]
C:\Users\HP\Downloads\Medical\Medical_Affiliation\Controllers\MedicalRepositoryController.cs(1027,30): warning CS8618: Non-nullable property 'KSNC' must contain a non-null value when exiting constructor. Consider adding the 'required' modifier or declaring the property as nullable. [C:\Users\HP\Downloads\Medical\Medical_Affiliation\Medical_Affiliation.csproj]
C:\Users\HP\Downloads\Medical\Medical_Affiliation\Controllers\MedicalRepositoryController.cs(1028,27): warning CS8618: Non-nullable property 'AffiliationType' must contain a non-null value when exiting constructor. Consider adding the 'required' modifier or declaring the property as nullable. [C:\Users\HP\Downloads\Medical\Medical_Affiliation\Medical_Affiliation.csproj]
C:\Users\HP\Downloads\Medical\Medical_Affiliation\Controllers\MedicalRepositoryController.cs(1034,27): warning CS8618: Non-nullable property 'NumberOfSeats' must contain a non-null value when exiting constructor. Consider adding the 'required' modifier or declaring the property as nullable. [C:\Users\HP\Downloads\Medical\Medical_Affiliation\Medical_Affiliation.csproj]
C:\Users\HP\Downloads\Medical\Medical_Affiliation\Controllers\MedicalRepositoryController.cs(1035,27): warning CS8618: Non-nullable property 'PermittedYear' must contain a non-null value when exiting constructor. Consider adding the 'required' modifier or declaring the property as nullable. [C:\Users\HP\Downloads\Medical\Medical_Affiliation\Medical_Affiliation.csproj]
C:\Users\HP\Downloads\Medical\Medical_Affiliation\Controllers\MedicalRepositoryController.cs(1036,27): warning CS8618: Non-nullable property 'RecognizedYear' must contain a non-null value when exiting constructor. Consider adding the 'required' modifier or declaring the property as nullable. [C:\Users\HP\Downloads\Medical\Medical_Affiliation\Medical_Affiliation.csproj]
C:\Users\HP\Downloads\Medical\Medical_Affiliation\Controllers\MedicalRepositoryController.cs(1037,27): warning CS8618: Non-nullable property 'Courselevel' must contain a non-null value when exiting constructor. Consider adding the 'required' modifier or declaring the property as nullable. [C:\Users\HP\Downloads\Medical\Medical_Affiliation\Medical_Affiliation.csproj]
C:\Users\HP\Downloads\Medical\Medical_Affiliation\Controllers\MedicalRepositoryController.cs(1038,27): warning CS8618: Non-nullable property 'CourseCode' must contain a non-null value when exiting constructor. Consider adding the 'required' modifier or declaring the property as nullable. [C:\Users\HP\Downloads\Medical\Medical_Affiliation\Medical_Affiliation.csproj]
C:\Users\HP\Downloads\Medical\Medical_Affiliation\Views\CA_Aff_AcademicMatters\AcademicMatters.cshtml(304,50): warning CS8602: Dereference of a possibly null reference. [C:\Users\HP\Downloads\Medical\Medical_Affiliation\Medical_Affiliation.csproj]
C:\Users\HP\Downloads\Medical\Medical_Affiliation\Controllers\MedicalContinuesAffiliationController.cs(89,30): warning CS8601: Possible null reference assignment. [C:\Users\HP\Downloads\Medical\Medical_Affiliation\Medical_Affiliation.csproj]
C:\Users\HP\Downloads\Medical\Medical_Affiliation\Controllers\MedicalContinuesAffiliationController.cs(90,35): warning CS8601: Possible null reference assignment. [C:\Users\HP\Downloads\Medical\Medical_Affiliation\Medical_Affiliation.csproj]
C:\Users\HP\Downloads\Medical\Medical_Affiliation\Controllers\MedicalContinuesAffiliationController.cs(91,30): warning CS8601: Possible null reference assignment. [C:\Users\HP\Downloads\Medical\Medical_Affiliation\Medical_Affiliation.csproj]
C:\Users\HP\Downloads\Medical\Medical_Affiliation\Controllers\MedicalContinuesAffiliationController.cs(92,26): warning CS8601: Possible null reference assignment. [C:\Users\HP\Downloads\Medical\Medical_Affiliation\Medical_Affiliation.csproj]
C:\Users\HP\Downloads\Medical\Medical_Affiliation\Controllers\MedicalContinuesAffiliationController.cs(94,30): warning CS8601: Possible null reference assignment. [C:\Users\HP\Downloads\Medical\Medical_Affiliation\Medical_Affiliation.csproj]
C:\Users\HP\Downloads\Medical\Medical_Affiliation\Controllers\MedicalContinuesAffiliationController.cs(100,32): warning CS8601: Possible null reference assignment. [C:\Users\HP\Downloads\Medical\Medical_Affiliation\Medical_Affiliation.csproj]
C:\Users\HP\Downloads\Medical\Medical_Affiliation\Controllers\MedicalContinuesAffiliationController.cs(101,36): warning CS8601: Possible null reference assignment. [C:\Users\HP\Downloads\Medical\Medical_Affiliation\Medical_Affiliation.csproj]
C:\Users\HP\Downloads\Medical\Medical_Affiliation\Controllers\MedicalContinuesAffiliationController.cs(103,32): warning CS8601: Possible null reference assignment. [C:\Users\HP\Downloads\Medical\Medical_Affiliation\Medical_Affiliation.csproj]
C:\Users\HP\Downloads\Medical\Medical_Affiliation\Controllers\MedicalContinuesAffiliationController.cs(104,41): warning CS8601: Possible null reference assignment. [C:\Users\HP\Downloads\Medical\Medical_Affiliation\Medical_Affiliation.csproj]
C:\Users\HP\Downloads\Medical\Medical_Affiliation\Controllers\MedicalContinuesAffiliationController.cs(111,45): warning CS8601: Possible null reference assignment. [C:\Users\HP\Downloads\Medical\Medical_Affiliation\Medical_Affiliation.csproj]
C:\Users\HP\Downloads\Medical\Medical_Affiliation\Controllers\MedicalContinuesAffiliationController.cs(112,40): warning CS8601: Possible null reference assignment. [C:\Users\HP\Downloads\Medical\Medical_Affiliation\Medical_Affiliation.csproj]
C:\Users\HP\Downloads\Medical\Medical_Affiliation\Controllers\MedicalContinuesAffiliationController.cs(113,44): warning CS8601: Possible null reference assignment. [C:\Users\HP\Downloads\Medical\Medical_Affiliation\Medical_Affiliation.csproj]
C:\Users\HP\Downloads\Medical\Medical_Affiliation\Controllers\MedicalContinuesAffiliationController.cs(114,42): warning CS8601: Possible null reference assignment. [C:\Users\HP\Downloads\Medical\Medical_Affiliation\Medical_Affiliation.csproj]
C:\Users\HP\Downloads\Medical\Medical_Affiliation\Views\AyurvedhaRepository\AyurvedhaExamResults.cshtml(6,23): warning CS8602: Dereference of a possibly null reference. [C:\Users\HP\Downloads\Medical\Medical_Affiliation\Medical_Affiliation.csproj]
C:\Users\HP\Downloads\Medical\Medical_Affiliation\Views\Aff_Unani\UnaniExamResults.cshtml(6,23): warning CS8602: Dereference of a possibly null reference. [C:\Users\HP\Downloads\Medical\Medical_Affiliation\Medical_Affiliation.csproj]
C:\Users\HP\Downloads\Medical\Medical_Affiliation\Controllers\MedicalContinuesAffiliationController.cs(241,50): warning CS8604: Possible null reference argument for parameter 'file' in 'Task<string> SaveFile(IFormFile file, string folder, string facultyCode)'. [C:\Users\HP\Downloads\Medical\Medical_Affiliation\Medical_Affiliation.csproj]
C:\Users\HP\Downloads\Medical\Medical_Affiliation\Controllers\MedicalContinuesAffiliationController.cs(241,93): warning CS8604: Possible null reference argument for parameter 'facultyCode' in 'Task<string> SaveFile(IFormFile file, string folder, string facultyCode)'. [C:\Users\HP\Downloads\Medical\Medical_Affiliation\Medical_Affiliation.csproj]
C:\Users\HP\Downloads\Medical\Medical_Affiliation\Controllers\MedicalContinuesAffiliationController.cs(242,50): warning CS8604: Possible null reference argument for parameter 'file' in 'Task<string> SaveFile(IFormFile file, string folder, string facultyCode)'. [C:\Users\HP\Downloads\Medical\Medical_Affiliation\Medical_Affiliation.csproj]
C:\Users\HP\Downloads\Medical\Medical_Affiliation\Controllers\MedicalContinuesAffiliationController.cs(243,46): warning CS8604: Possible null reference argument for parameter 'file' in 'Task<string> SaveFile(IFormFile file, string folder, string facultyCode)'. [C:\Users\HP\Downloads\Medical\Medical_Affiliation\Medical_Affiliation.csproj]
C:\Users\HP\Downloads\Medical\Medical_Affiliation\Controllers\MedicalContinuesAffiliationController.cs(244,48): warning CS8604: Possible null reference argument for parameter 'file' in 'Task<string> SaveFile(IFormFile file, string folder, string facultyCode)'. [C:\Users\HP\Downloads\Medical\Medical_Affiliation\Medical_Affiliation.csproj]
C:\Users\HP\Downloads\Medical\Medical_Affiliation\Controllers\MedicalContinuesAffiliationController.cs(245,47): warning CS8604: Possible null reference argument for parameter 'file' in 'Task<string> SaveFile(IFormFile file, string folder, string facultyCode)'. [C:\Users\HP\Downloads\Medical\Medical_Affiliation\Medical_Affiliation.csproj]
C:\Users\HP\Downloads\Medical\Medical_Affiliation\Controllers\MedicalContinuesAffiliationController.cs(247,48): warning CS8604: Possible null reference argument for parameter 'file' in 'Task<string> SaveFile(IFormFile file, string folder, string facultyCode)'. [C:\Users\HP\Downloads\Medical\Medical_Affiliation\Medical_Affiliation.csproj]
C:\Users\HP\Downloads\Medical\Medical_Affiliation\Controllers\MedicalContinuesAffiliationController.cs(252,48): warning CS8604: Possible null reference argument for parameter 'file' in 'Task<string> SaveFile(IFormFile file, string folder, string facultyCode)'. [C:\Users\HP\Downloads\Medical\Medical_Affiliation\Medical_Affiliation.csproj]
C:\Users\HP\Downloads\Medical\Medical_Affiliation\Controllers\MedicalContinuesAffiliationController.cs(219,32): warning CS8603: Possible null reference return. [C:\Users\HP\Downloads\Medical\Medical_Affiliation\Medical_Affiliation.csproj]
C:\Users\HP\Downloads\Medical\Medical_Affiliation\Views\AyurvedhaRepository\Ayurvedha_ManageDesignationIntake.cshtml(6,23): warning CS8602: Dereference of a possibly null reference. [C:\Users\HP\Downloads\Medical\Medical_Affiliation\Medical_Affiliation.csproj]
C:\Users\HP\Downloads\Medical\Medical_Affiliation\Views\AyurvedhaRepository\Ayurvedha_ManageDesignationIntake.cshtml(10,9): warning CS0219: The variable 'currentStep' is assigned but its value is never used [C:\Users\HP\Downloads\Medical\Medical_Affiliation\Medical_Affiliation.csproj]
C:\Users\HP\Downloads\Medical\Medical_Affiliation\Views\CA_Aff_MedicalLibrary\MedicalLibrary.cshtml(513,75): warning CS8602: Dereference of a possibly null reference. [C:\Users\HP\Downloads\Medical\Medical_Affiliation\Medical_Affiliation.csproj]
C:\Users\HP\Downloads\Medical\Medical_Affiliation\Views\CA_Aff_MedicalLibrary\MedicalLibrary.cshtml(947,59): warning CS8602: Dereference of a possibly null reference. [C:\Users\HP\Downloads\Medical\Medical_Affiliation\Medical_Affiliation.csproj]
C:\Users\HP\Downloads\Medical\Medical_Affiliation\Controllers\MedicalContinuesAffiliationController.cs(303,33): warning CS8601: Possible null reference assignment. [C:\Users\HP\Downloads\Medical\Medical_Affiliation\Medical_Affiliation.csproj]
C:\Users\HP\Downloads\Medical\Medical_Affiliation\Controllers\MedicalContinuesAffiliationController.cs(304,33): warning CS8601: Possible null reference assignment. [C:\Users\HP\Downloads\Medical\Medical_Affiliation\Medical_Affiliation.csproj]
C:\Users\HP\Downloads\Medical\Medical_Affiliation\Controllers\MedicalContinuesAffiliationController.cs(364,37): warning CS8601: Possible null reference assignment. [C:\Users\HP\Downloads\Medical\Medical_Affiliation\Medical_Affiliation.csproj]
C:\Users\HP\Downloads\Medical\Medical_Affiliation\Controllers\MedicalContinuesAffiliationController.cs(365,36): warning CS8601: Possible null reference assignment. [C:\Users\HP\Downloads\Medical\Medical_Affiliation\Medical_Affiliation.csproj]
C:\Users\HP\Downloads\Medical\Medical_Affiliation\Controllers\MedicalContinuesAffiliationController.cs(367,41): warning CS8601: Possible null reference assignment. [C:\Users\HP\Downloads\Medical\Medical_Affiliation\Medical_Affiliation.csproj]
C:\Users\HP\Downloads\Medical\Medical_Affiliation\Controllers\MedicalContinuesAffiliationController.cs(373,76): warning CS8601: Possible null reference assignment. [C:\Users\HP\Downloads\Medical\Medical_Affiliation\Medical_Affiliation.csproj]
C:\Users\HP\Downloads\Medical\Medical_Affiliation\Controllers\MedicalContinuesAffiliationController.cs(373,103): warning CS8601: Possible null reference assignment. [C:\Users\HP\Downloads\Medical\Medical_Affiliation\Medical_Affiliation.csproj]
C:\Users\HP\Downloads\Medical\Medical_Affiliation\Views\AyurvedhaRepository\Ayurvedha_UGPG.cshtml(8,23): warning CS8602: Dereference of a possibly null reference. [C:\Users\HP\Downloads\Medical\Medical_Affiliation\Medical_Affiliation.csproj]
C:\Users\HP\Downloads\Medical\Medical_Affiliation\Views\AyurvedhaRepository\Ayurvedha_UGPG.cshtml(12,9): warning CS0219: The variable 'currentStep' is assigned but its value is never used [C:\Users\HP\Downloads\Medical\Medical_Affiliation\Medical_Affiliation.csproj]
C:\Users\HP\Downloads\Medical\Medical_Affiliation\Views\Aff_Unani\Unani_UGPG.cshtml(8,23): warning CS8602: Dereference of a possibly null reference. [C:\Users\HP\Downloads\Medical\Medical_Affiliation\Medical_Affiliation.csproj]
C:\Users\HP\Downloads\Medical\Medical_Affiliation\Views\Aff_SowaRigPai\SowaRigPaiExamResults.cshtml(6,23): warning CS8602: Dereference of a possibly null reference. [C:\Users\HP\Downloads\Medical\Medical_Affiliation\Medical_Affiliation.csproj]
C:\Users\HP\Downloads\Medical\Medical_Affiliation\Views\Aff_SowaRigPai\SowaRigPai_YearwiseMaterials.cshtml(7,23): warning CS8602: Dereference of a possibly null reference. [C:\Users\HP\Downloads\Medical\Medical_Affiliation\Medical_Affiliation.csproj]
C:\Users\HP\Downloads\Medical\Medical_Affiliation\Views\Aff_SowaRigPai\SowaRigPai_YearwiseMaterials.cshtml(157,47): warning CS8602: Dereference of a possibly null reference. [C:\Users\HP\Downloads\Medical\Medical_Affiliation\Medical_Affiliation.csproj]
C:\Users\HP\Downloads\Medical\Medical_Affiliation\Views\Aff_Unani\Unani_YearwiseMaterials.cshtml(7,23): warning CS8602: Dereference of a possibly null reference. [C:\Users\HP\Downloads\Medical\Medical_Affiliation\Medical_Affiliation.csproj]
C:\Users\HP\Downloads\Medical\Medical_Affiliation\Views\Aff_Unani\Unani_YearwiseMaterials.cshtml(152,47): warning CS8602: Dereference of a possibly null reference. [C:\Users\HP\Downloads\Medical\Medical_Affiliation\Medical_Affiliation.csproj]
C:\Users\HP\Downloads\Medical\Medical_Affiliation\Views\Aff_Unani\Unani_ManageDesignationIntake.cshtml(6,23): warning CS8602: Dereference of a possibly null reference. [C:\Users\HP\Downloads\Medical\Medical_Affiliation\Medical_Affiliation.csproj]
C:\Users\HP\Downloads\Medical\Medical_Affiliation\Views\Aff_SowaRigPai\SowaRigPai_ManageDesignationIntake.cshtml(6,23): warning CS8602: Dereference of a possibly null reference. [C:\Users\HP\Downloads\Medical\Medical_Affiliation\Medical_Affiliation.csproj]
C:\Users\HP\Downloads\Medical\Medical_Affiliation\Views\AyurvedhaRepository\Ayurvedha_BasicDetails.cshtml(6,23): warning CS8602: Dereference of a possibly null reference. [C:\Users\HP\Downloads\Medical\Medical_Affiliation\Medical_Affiliation.csproj]
C:\Users\HP\Downloads\Medical\Medical_Affiliation\Views\AyurvedhaRepository\Ayurvedha_BasicDetails.cshtml(10,9): warning CS0219: The variable 'currentStep' is assigned but its value is never used [C:\Users\HP\Downloads\Medical\Medical_Affiliation\Medical_Affiliation.csproj]
C:\Users\HP\Downloads\Medical\Medical_Affiliation\Controllers\MedicalContinuesAffiliationController.cs(508,42): warning CS8601: Possible null reference assignment. [C:\Users\HP\Downloads\Medical\Medical_Affiliation\Medical_Affiliation.csproj]
C:\Users\HP\Downloads\Medical\Medical_Affiliation\Views\Aff_SowaRigPai\SowaRigPai_FacultyDetails.cshtml(6,23): warning CS8602: Dereference of a possibly null reference. [C:\Users\HP\Downloads\Medical\Medical_Affiliation\Medical_Affiliation.csproj]
C:\Users\HP\Downloads\Medical\Medical_Affiliation\Views\Aff_SowaRigPai\SowaRigPai_FacultyDetails.cshtml(482,9): warning CS8604: Possible null reference argument for parameter 'source' in 'IEnumerable<string> Enumerable.Select<SelectListItem, string>(IEnumerable<SelectListItem> source, Func<SelectListItem, string> selector)'. [C:\Users\HP\Downloads\Medical\Medical_Affiliation\Medical_Affiliation.csproj]
C:\Users\HP\Downloads\Medical\Medical_Affiliation\Views\Aff_SowaRigPai\SowaRigPai_FacultyDetails.cshtml(487,9): warning CS8604: Possible null reference argument for parameter 'source' in 'IEnumerable<string> Enumerable.Select<SelectListItem, string>(IEnumerable<SelectListItem> source, Func<SelectListItem, string> selector)'. [C:\Users\HP\Downloads\Medical\Medical_Affiliation\Medical_Affiliation.csproj]
C:\Users\HP\Downloads\Medical\Medical_Affiliation\Views\Aff_Unani\Unani_FacultyDetails.cshtml(6,23): warning CS8602: Dereference of a possibly null reference. [C:\Users\HP\Downloads\Medical\Medical_Affiliation\Medical_Affiliation.csproj]
C:\Users\HP\Downloads\Medical\Medical_Affiliation\Views\Aff_Unani\Unani_FacultyDetails.cshtml(483,9): warning CS8604: Possible null reference argument for parameter 'source' in 'IEnumerable<string> Enumerable.Select<SelectListItem, string>(IEnumerable<SelectListItem> source, Func<SelectListItem, string> selector)'. [C:\Users\HP\Downloads\Medical\Medical_Affiliation\Medical_Affiliation.csproj]
C:\Users\HP\Downloads\Medical\Medical_Affiliation\Views\Aff_Unani\Unani_FacultyDetails.cshtml(488,9): warning CS8604: Possible null reference argument for parameter 'source' in 'IEnumerable<string> Enumerable.Select<SelectListItem, string>(IEnumerable<SelectListItem> source, Func<SelectListItem, string> selector)'. [C:\Users\HP\Downloads\Medical\Medical_Affiliation\Medical_Affiliation.csproj]
C:\Users\HP\Downloads\Medical\Medical_Affiliation\Views\AyurvedhaRepository\Ayurvedha_FacultyDetails.cshtml(6,23): warning CS8602: Dereference of a possibly null reference. [C:\Users\HP\Downloads\Medical\Medical_Affiliation\Medical_Affiliation.csproj]
C:\Users\HP\Downloads\Medical\Medical_Affiliation\Views\AyurvedhaRepository\Ayurvedha_FacultyDetails.cshtml(559,9): warning CS8604: Possible null reference argument for parameter 'source' in 'IEnumerable<string> Enumerable.Select<SelectListItem, string>(IEnumerable<SelectListItem> source, Func<SelectListItem, string> selector)'. [C:\Users\HP\Downloads\Medical\Medical_Affiliation\Medical_Affiliation.csproj]
C:\Users\HP\Downloads\Medical\Medical_Affiliation\Views\AyurvedhaRepository\Ayurvedha_FacultyDetails.cshtml(564,9): warning CS8604: Possible null reference argument for parameter 'source' in 'IEnumerable<string> Enumerable.Select<SelectListItem, string>(IEnumerable<SelectListItem> source, Func<SelectListItem, string> selector)'. [C:\Users\HP\Downloads\Medical\Medical_Affiliation\Medical_Affiliation.csproj]
C:\Users\HP\Downloads\Medical\Medical_Affiliation\Views\Aff_Physiotherapy\PhysiotherapyExamResults.cshtml(6,23): warning CS8602: Dereference of a possibly null reference. [C:\Users\HP\Downloads\Medical\Medical_Affiliation\Medical_Affiliation.csproj]
C:\Users\HP\Downloads\Medical\Medical_Affiliation\Views\Aff_Unani\Unani_BasicDetails.cshtml(6,23): warning CS8602: Dereference of a possibly null reference. [C:\Users\HP\Downloads\Medical\Medical_Affiliation\Medical_Affiliation.csproj]
C:\Users\HP\Downloads\Medical\Medical_Affiliation\Views\Aff_Unani\Unani_BasicDetails.cshtml(10,9): warning CS0219: The variable 'currentStep' is assigned but its value is never used [C:\Users\HP\Downloads\Medical\Medical_Affiliation\Medical_Affiliation.csproj]
C:\Users\HP\Downloads\Medical\Medical_Affiliation\Views\Aff_SowaRigPai\SowaRigPai_UGPG.cshtml(8,23): warning CS8602: Dereference of a possibly null reference. [C:\Users\HP\Downloads\Medical\Medical_Affiliation\Medical_Affiliation.csproj]
C:\Users\HP\Downloads\Medical\Medical_Affiliation\Controllers\MedicalContinuesAffiliationController.cs(549,92): warning CS8600: Converting null literal or possible null value to non-nullable type. [C:\Users\HP\Downloads\Medical\Medical_Affiliation\Medical_Affiliation.csproj]
C:\Users\HP\Downloads\Medical\Medical_Affiliation\Controllers\MedicalContinuesAffiliationController.cs(550,106): warning CS8600: Converting null literal or possible null value to non-nullable type. [C:\Users\HP\Downloads\Medical\Medical_Affiliation\Medical_Affiliation.csproj]
C:\Users\HP\Downloads\Medical\Medical_Affiliation\Controllers\MedicalContinuesAffiliationController.cs(566,42): warning CS8601: Possible null reference assignment. [C:\Users\HP\Downloads\Medical\Medical_Affiliation\Medical_Affiliation.csproj]
C:\Users\HP\Downloads\Medical\Medical_Affiliation\Controllers\MedicalContinuesAffiliationController.cs(567,50): warning CS8601: Possible null reference assignment. [C:\Users\HP\Downloads\Medical\Medical_Affiliation\Medical_Affiliation.csproj]
C:\Users\HP\Downloads\Medical\Medical_Affiliation\Controllers\MedicalContinuesAffiliationController.cs(569,41): warning CS8601: Possible null reference assignment. [C:\Users\HP\Downloads\Medical\Medical_Affiliation\Medical_Affiliation.csproj]
C:\Users\HP\Downloads\Medical\Medical_Affiliation\Controllers\MedicalContinuesAffiliationController.cs(570,56): warning CS8601: Possible null reference assignment. [C:\Users\HP\Downloads\Medical\Medical_Affiliation\Medical_Affiliation.csproj]
C:\Users\HP\Downloads\Medical\Medical_Affiliation\Controllers\MedicalContinuesAffiliationController.cs(579,45): warning CS8601: Possible null reference assignment. [C:\Users\HP\Downloads\Medical\Medical_Affiliation\Medical_Affiliation.csproj]
C:\Users\HP\Downloads\Medical\Medical_Affiliation\Controllers\MedicalContinuesAffiliationController.cs(580,53): warning CS8601: Possible null reference assignment. [C:\Users\HP\Downloads\Medical\Medical_Affiliation\Medical_Affiliation.csproj]
C:\Users\HP\Downloads\Medical\Medical_Affiliation\Controllers\MedicalContinuesAffiliationController.cs(582,44): warning CS8601: Possible null reference assignment. [C:\Users\HP\Downloads\Medical\Medical_Affiliation\Medical_Affiliation.csproj]
C:\Users\HP\Downloads\Medical\Medical_Affiliation\Controllers\MedicalContinuesAffiliationController.cs(583,59): warning CS8601: Possible null reference assignment. [C:\Users\HP\Downloads\Medical\Medical_Affiliation\Medical_Affiliation.csproj]
C:\Users\HP\Downloads\Medical\Medical_Affiliation\Views\Aff_Physiotherapy\Physiotherapy_ManageDesignationIntake.cshtml(6,23): warning CS8602: Dereference of a possibly null reference. [C:\Users\HP\Downloads\Medical\Medical_Affiliation\Medical_Affiliation.csproj]
C:\Users\HP\Downloads\Medical\Medical_Affiliation\Views\AyurvedhaRepository\Ayurvedha_YearwiseMaterials.cshtml(7,23): warning CS8602: Dereference of a possibly null reference. [C:\Users\HP\Downloads\Medical\Medical_Affiliation\Medical_Affiliation.csproj]
C:\Users\HP\Downloads\Medical\Medical_Affiliation\Views\AyurvedhaRepository\Ayurvedha_YearwiseMaterials.cshtml(350,47): warning CS8602: Dereference of a possibly null reference. [C:\Users\HP\Downloads\Medical\Medical_Affiliation\Medical_Affiliation.csproj]
C:\Users\HP\Downloads\Medical\Medical_Affiliation\Views\AyurvedhaRepository\Ayurvedha_YearwiseMaterials.cshtml(8,9): warning CS0219: The variable 'currentStep' is assigned but its value is never used [C:\Users\HP\Downloads\Medical\Medical_Affiliation\Medical_Affiliation.csproj]
C:\Users\HP\Downloads\Medical\Medical_Affiliation\Views\Ahs\AhsHospitalDetails.cshtml(7,23): warning CS8602: Dereference of a possibly null reference. [C:\Users\HP\Downloads\Medical\Medical_Affiliation\Medical_Affiliation.csproj]
C:\Users\HP\Downloads\Medical\Medical_Affiliation\Views\Aff_Physiotherapy\Physiotherapy_YearwiseMaterials.cshtml(7,23): warning CS8602: Dereference of a possibly null reference. [C:\Users\HP\Downloads\Medical\Medical_Affiliation\Medical_Affiliation.csproj]
C:\Users\HP\Downloads\Medical\Medical_Affiliation\Views\Aff_Physiotherapy\Physiotherapy_YearwiseMaterials.cshtml(152,47): warning CS8602: Dereference of a possibly null reference. [C:\Users\HP\Downloads\Medical\Medical_Affiliation\Medical_Affiliation.csproj]
C:\Users\HP\Downloads\Medical\Medical_Affiliation\Views\Aff_Physiotherapy\Physiotherapy_FacultyDetails.cshtml(6,23): warning CS8602: Dereference of a possibly null reference. [C:\Users\HP\Downloads\Medical\Medical_Affiliation\Medical_Affiliation.csproj]
C:\Users\HP\Downloads\Medical\Medical_Affiliation\Views\Aff_Physiotherapy\Physiotherapy_FacultyDetails.cshtml(483,9): warning CS8604: Possible null reference argument for parameter 'source' in 'IEnumerable<string> Enumerable.Select<SelectListItem, string>(IEnumerable<SelectListItem> source, Func<SelectListItem, string> selector)'. [C:\Users\HP\Downloads\Medical\Medical_Affiliation\Medical_Affiliation.csproj]
C:\Users\HP\Downloads\Medical\Medical_Affiliation\Views\Aff_Physiotherapy\Physiotherapy_FacultyDetails.cshtml(488,9): warning CS8604: Possible null reference argument for parameter 'source' in 'IEnumerable<string> Enumerable.Select<SelectListItem, string>(IEnumerable<SelectListItem> source, Func<SelectListItem, string> selector)'. [C:\Users\HP\Downloads\Medical\Medical_Affiliation\Medical_Affiliation.csproj]
C:\Users\HP\Downloads\Medical\Medical_Affiliation\Views\Aff_Pharmacy\PharmacyExamResults.cshtml(6,23): warning CS8602: Dereference of a possibly null reference. [C:\Users\HP\Downloads\Medical\Medical_Affiliation\Medical_Affiliation.csproj]
C:\Users\HP\Downloads\Medical\Medical_Affiliation\Views\Aff_Nursing\Nursing_Nursing.cshtml(6,23): warning CS8602: Dereference of a possibly null reference. [C:\Users\HP\Downloads\Medical\Medical_Affiliation\Medical_Affiliation.csproj]
C:\Users\HP\Downloads\Medical\Medical_Affiliation\Views\Aff_Nursing\Nursing_Nursing.cshtml(11,9): warning CS0219: The variable 'slNo' is assigned but its value is never used [C:\Users\HP\Downloads\Medical\Medical_Affiliation\Medical_Affiliation.csproj]
C:\Users\HP\Downloads\Medical\Medical_Affiliation\Views\Aff_Physiotherapy\Physiotherapy_UGPG.cshtml(8,23): warning CS8602: Dereference of a possibly null reference. [C:\Users\HP\Downloads\Medical\Medical_Affiliation\Medical_Affiliation.csproj]
C:\Users\HP\Downloads\Medical\Medical_Affiliation\Views\Aff_Pharmacy\Pharmacy_ManageDesignationIntake.cshtml(6,23): warning CS8602: Dereference of a possibly null reference. [C:\Users\HP\Downloads\Medical\Medical_Affiliation\Medical_Affiliation.csproj]
C:\Users\HP\Downloads\Medical\Medical_Affiliation\Views\Aff_Nursing\Nursing_TeachingFacultyDetails.cshtml(6,23): warning CS8602: Dereference of a possibly null reference. [C:\Users\HP\Downloads\Medical\Medical_Affiliation\Medical_Affiliation.csproj]
C:\Users\HP\Downloads\Medical\Medical_Affiliation\Views\Aff_Nursing\Nursing_TeachingFacultyDetails.cshtml(263,59): warning CS8600: Converting null literal or possible null value to non-nullable type. [C:\Users\HP\Downloads\Medical\Medical_Affiliation\Medical_Affiliation.csproj]
C:\Users\HP\Downloads\Medical\Medical_Affiliation\Views\Aff_Nursing\ManageDesignationIntake.cshtml(6,23): warning CS8602: Dereference of a possibly null reference. [C:\Users\HP\Downloads\Medical\Medical_Affiliation\Medical_Affiliation.csproj]
C:\Users\HP\Downloads\Medical\Medical_Affiliation\Views\Aff_Nursing\Nursing_YearwiseMaterials.cshtml(6,23): warning CS8602: Dereference of a possibly null reference. [C:\Users\HP\Downloads\Medical\Medical_Affiliation\Medical_Affiliation.csproj]
C:\Users\HP\Downloads\Medical\Medical_Affiliation\Controllers\MedicalContinuesAffiliationController.cs(685,37): warning CS8602: Dereference of a possibly null reference. [C:\Users\HP\Downloads\Medical\Medical_Affiliation\Medical_Affiliation.csproj]
C:\Users\HP\Downloads\Medical\Medical_Affiliation\Controllers\MedicalContinuesAffiliationController.cs(697,37): warning CS8604: Possible null reference argument for parameter 'source' in 'IEnumerable<SanctionedIntakeRowVm> Enumerable.Where<SanctionedIntakeRowVm>(IEnumerable<SanctionedIntakeRowVm> source, Func<SanctionedIntakeRowVm, bool> predicate)'. [C:\Users\HP\Downloads\Medical\Medical_Affiliation\Medical_Affiliation.csproj]
C:\Users\HP\Downloads\Medical\Medical_Affiliation\Controllers\MedicalContinuesAffiliationController.cs(743,37): warning CS8602: Dereference of a possibly null reference. [C:\Users\HP\Downloads\Medical\Medical_Affiliation\Medical_Affiliation.csproj]
C:\Users\HP\Downloads\Medical\Medical_Affiliation\Views\Aff_Nursing\FacultyExamResults.cshtml(6,23): warning CS8602: Dereference of a possibly null reference. [C:\Users\HP\Downloads\Medical\Medical_Affiliation\Medical_Affiliation.csproj]
C:\Users\HP\Downloads\Medical\Medical_Affiliation\Views\Aff_Nursing\NursingExamResults.cshtml(6,23): warning CS8602: Dereference of a possibly null reference. [C:\Users\HP\Downloads\Medical\Medical_Affiliation\Medical_Affiliation.csproj]
C:\Users\HP\Downloads\Medical\Medical_Affiliation\Views\Aff_Pharmacy\Pharmacy_FacultyDetails.cshtml(6,23): warning CS8602: Dereference of a possibly null reference. [C:\Users\HP\Downloads\Medical\Medical_Affiliation\Medical_Affiliation.csproj]
C:\Users\HP\Downloads\Medical\Medical_Affiliation\Views\Aff_Pharmacy\Pharmacy_FacultyDetails.cshtml(483,9): warning CS8604: Possible null reference argument for parameter 'source' in 'IEnumerable<string> Enumerable.Select<SelectListItem, string>(IEnumerable<SelectListItem> source, Func<SelectListItem, string> selector)'. [C:\Users\HP\Downloads\Medical\Medical_Affiliation\Medical_Affiliation.csproj]
C:\Users\HP\Downloads\Medical\Medical_Affiliation\Views\Aff_Pharmacy\Pharmacy_FacultyDetails.cshtml(488,9): warning CS8604: Possible null reference argument for parameter 'source' in 'IEnumerable<string> Enumerable.Select<SelectListItem, string>(IEnumerable<SelectListItem> source, Func<SelectListItem, string> selector)'. [C:\Users\HP\Downloads\Medical\Medical_Affiliation\Medical_Affiliation.csproj]
C:\Users\HP\Downloads\Medical\Medical_Affiliation\Views\Aff_Nursing\AHS_CourseDetails.cshtml(8,23): warning CS8602: Dereference of a possibly null reference. [C:\Users\HP\Downloads\Medical\Medical_Affiliation\Medical_Affiliation.csproj]
C:\Users\HP\Downloads\Medical\Medical_Affiliation\Views\Aff_Medical\YearwiseMaterials.cshtml(7,23): warning CS8602: Dereference of a possibly null reference. [C:\Users\HP\Downloads\Medical\Medical_Affiliation\Medical_Affiliation.csproj]
C:\Users\HP\Downloads\Medical\Medical_Affiliation\Views\Aff_Nursing\Nursing_FacultyDetails.cshtml(6,23): warning CS8602: Dereference of a possibly null reference. [C:\Users\HP\Downloads\Medical\Medical_Affiliation\Medical_Affiliation.csproj]
C:\Users\HP\Downloads\Medical\Medical_Affiliation\Views\Aff_Nursing\Nursing_FacultyDetails.cshtml(559,9): warning CS8604: Possible null reference argument for parameter 'source' in 'IEnumerable<string> Enumerable.Select<SelectListItem, string>(IEnumerable<SelectListItem> source, Func<SelectListItem, string> selector)'. [C:\Users\HP\Downloads\Medical\Medical_Affiliation\Medical_Affiliation.csproj]
C:\Users\HP\Downloads\Medical\Medical_Affiliation\Views\Aff_Nursing\Nursing_FacultyDetails.cshtml(564,9): warning CS8604: Possible null reference argument for parameter 'source' in 'IEnumerable<string> Enumerable.Select<SelectListItem, string>(IEnumerable<SelectListItem> source, Func<SelectListItem, string> selector)'. [C:\Users\HP\Downloads\Medical\Medical_Affiliation\Medical_Affiliation.csproj]
C:\Users\HP\Downloads\Medical\Medical_Affiliation\Views\Aff_Pharmacy\Pharmacy_YearwiseMaterials.cshtml(7,23): warning CS8602: Dereference of a possibly null reference. [C:\Users\HP\Downloads\Medical\Medical_Affiliation\Medical_Affiliation.csproj]
C:\Users\HP\Downloads\Medical\Medical_Affiliation\Views\Aff_Pharmacy\Pharmacy_YearwiseMaterials.cshtml(153,47): warning CS8602: Dereference of a possibly null reference. [C:\Users\HP\Downloads\Medical\Medical_Affiliation\Medical_Affiliation.csproj]
C:\Users\HP\Downloads\Medical\Medical_Affiliation\Views\Aff_Naturopathy\NaturopathyExamResults.cshtml(6,23): warning CS8602: Dereference of a possibly null reference. [C:\Users\HP\Downloads\Medical\Medical_Affiliation\Medical_Affiliation.csproj]
C:\Users\HP\Downloads\Medical\Medical_Affiliation\Views\Aff_Pharmacy\Pharmacy_UGPG.cshtml(8,23): warning CS8602: Dereference of a possibly null reference. [C:\Users\HP\Downloads\Medical\Medical_Affiliation\Medical_Affiliation.csproj]
C:\Users\HP\Downloads\Medical\Medical_Affiliation\Views\Aff_Medical\Clinical_Material.cshtml(6,23): warning CS8602: Dereference of a possibly null reference. [C:\Users\HP\Downloads\Medical\Medical_Affiliation\Medical_Affiliation.csproj]
C:\Users\HP\Downloads\Medical\Medical_Affiliation\Views\Aff_Medical\CollegeDesignation.cshtml(6,23): warning CS8602: Dereference of a possibly null reference. [C:\Users\HP\Downloads\Medical\Medical_Affiliation\Medical_Affiliation.csproj]
C:\Users\HP\Downloads\Medical\Medical_Affiliation\Controllers\MainDashboardController.cs(78,59): warning CS8602: Dereference of a possibly null reference. [C:\Users\HP\Downloads\Medical\Medical_Affiliation\Medical_Affiliation.csproj]
C:\Users\HP\Downloads\Medical\Medical_Affiliation\Controllers\MainDashboardController.cs(86,48): warning CS8602: Dereference of a possibly null reference. [C:\Users\HP\Downloads\Medical\Medical_Affiliation\Medical_Affiliation.csproj]
C:\Users\HP\Downloads\Medical\Medical_Affiliation\Controllers\MainDashboardController.cs(102,31): warning CS8602: Dereference of a possibly null reference. [C:\Users\HP\Downloads\Medical\Medical_Affiliation\Medical_Affiliation.csproj]
C:\Users\HP\Downloads\Medical\Medical_Affiliation\Views\Aff_Physiotherapy\Physiotherapy_BasicDetails.cshtml(6,23): warning CS8602: Dereference of a possibly null reference. [C:\Users\HP\Downloads\Medical\Medical_Affiliation\Medical_Affiliation.csproj]
C:\Users\HP\Downloads\Medical\Medical_Affiliation\Views\Aff_Physiotherapy\Physiotherapy_BasicDetails.cshtml(10,9): warning CS0219: The variable 'currentStep' is assigned but its value is never used [C:\Users\HP\Downloads\Medical\Medical_Affiliation\Medical_Affiliation.csproj]
C:\Users\HP\Downloads\Medical\Medical_Affiliation\Views\Aff_Naturopathy\Naturopathy_ManageDesignationIntake.cshtml(6,23): warning CS8602: Dereference of a possibly null reference. [C:\Users\HP\Downloads\Medical\Medical_Affiliation\Medical_Affiliation.csproj]
C:\Users\HP\Downloads\Medical\Medical_Affiliation\Views\Aff_Nursing\Ayurvedha_FacultyDetails.cshtml(6,23): warning CS8602: Dereference of a possibly null reference. [C:\Users\HP\Downloads\Medical\Medical_Affiliation\Medical_Affiliation.csproj]
C:\Users\HP\Downloads\Medical\Medical_Affiliation\Views\Aff_Nursing\Ayurvedha_FacultyDetails.cshtml(559,9): warning CS8604: Possible null reference argument for parameter 'source' in 'IEnumerable<string> Enumerable.Select<SelectListItem, string>(IEnumerable<SelectListItem> source, Func<SelectListItem, string> selector)'. [C:\Users\HP\Downloads\Medical\Medical_Affiliation\Medical_Affiliation.csproj]
C:\Users\HP\Downloads\Medical\Medical_Affiliation\Views\Aff_Nursing\Ayurvedha_FacultyDetails.cshtml(564,9): warning CS8604: Possible null reference argument for parameter 'source' in 'IEnumerable<string> Enumerable.Select<SelectListItem, string>(IEnumerable<SelectListItem> source, Func<SelectListItem, string> selector)'. [C:\Users\HP\Downloads\Medical\Medical_Affiliation\Medical_Affiliation.csproj]
C:\Users\HP\Downloads\Medical\Medical_Affiliation\Views\Aff_Medical\TeachingFacultyDetails.cshtml(6,23): warning CS8602: Dereference of a possibly null reference. [C:\Users\HP\Downloads\Medical\Medical_Affiliation\Medical_Affiliation.csproj]
C:\Users\HP\Downloads\Medical\Medical_Affiliation\Views\Aff_Medical\TeachingFacultyDetails.cshtml(181,59): warning CS8600: Converting null literal or possible null value to non-nullable type. [C:\Users\HP\Downloads\Medical\Medical_Affiliation\Medical_Affiliation.csproj]
C:\Users\HP\Downloads\Medical\Medical_Affiliation\Views\Aff_SowaRigPai\SowaRigPai_BasicDetails.cshtml(6,23): warning CS8602: Dereference of a possibly null reference. [C:\Users\HP\Downloads\Medical\Medical_Affiliation\Medical_Affiliation.csproj]
C:\Users\HP\Downloads\Medical\Medical_Affiliation\Views\Aff_SowaRigPai\SowaRigPai_BasicDetails.cshtml(10,9): warning CS0219: The variable 'currentStep' is assigned but its value is never used [C:\Users\HP\Downloads\Medical\Medical_Affiliation\Medical_Affiliation.csproj]
C:\Users\HP\Downloads\Medical\Medical_Affiliation\Views\Aff_Naturopathy\Naturopathy_FacultyDetails.cshtml(6,23): warning CS8602: Dereference of a possibly null reference. [C:\Users\HP\Downloads\Medical\Medical_Affiliation\Medical_Affiliation.csproj]
C:\Users\HP\Downloads\Medical\Medical_Affiliation\Views\Aff_Naturopathy\Naturopathy_FacultyDetails.cshtml(483,9): warning CS8604: Possible null reference argument for parameter 'source' in 'IEnumerable<string> Enumerable.Select<SelectListItem, string>(IEnumerable<SelectListItem> source, Func<SelectListItem, string> selector)'. [C:\Users\HP\Downloads\Medical\Medical_Affiliation\Medical_Affiliation.csproj]
C:\Users\HP\Downloads\Medical\Medical_Affiliation\Views\Aff_Naturopathy\Naturopathy_FacultyDetails.cshtml(488,9): warning CS8604: Possible null reference argument for parameter 'source' in 'IEnumerable<string> Enumerable.Select<SelectListItem, string>(IEnumerable<SelectListItem> source, Func<SelectListItem, string> selector)'. [C:\Users\HP\Downloads\Medical\Medical_Affiliation\Medical_Affiliation.csproj]
C:\Users\HP\Downloads\Medical\Medical_Affiliation\Views\Aff_Nursing\Nursing_Affiliated_YearwiseMaterials.cshtml(6,23): warning CS8602: Dereference of a possibly null reference. [C:\Users\HP\Downloads\Medical\Medical_Affiliation\Medical_Affiliation.csproj]
C:\Users\HP\Downloads\Medical\Medical_Affiliation\Controllers\MainDashboardController.cs(173,29): warning CS8602: Dereference of a possibly null reference. [C:\Users\HP\Downloads\Medical\Medical_Affiliation\Medical_Affiliation.csproj]
C:\Users\HP\Downloads\Medical\Medical_Affiliation\Controllers\MainDashboardController.cs(39,27): warning CS8618: Non-nullable property 'CollegeCode' must contain a non-null value when exiting constructor. Consider adding the 'required' modifier or declaring the property as nullable. [C:\Users\HP\Downloads\Medical\Medical_Affiliation\Medical_Affiliation.csproj]
C:\Users\HP\Downloads\Medical\Medical_Affiliation\Controllers\MainDashboardController.cs(40,27): warning CS8618: Non-nullable property 'CollegeName' must contain a non-null value when exiting constructor. Consider adding the 'required' modifier or declaring the property as nullable. [C:\Users\HP\Downloads\Medical\Medical_Affiliation\Medical_Affiliation.csproj]
C:\Users\HP\Downloads\Medical\Medical_Affiliation\Controllers\MainDashboardController.cs(41,27): warning CS8618: Non-nullable property 'CollegeTown' must contain a non-null value when exiting constructor. Consider adding the 'required' modifier or declaring the property as nullable. [C:\Users\HP\Downloads\Medical\Medical_Affiliation\Medical_Affiliation.csproj]
C:\Users\HP\Downloads\Medical\Medical_Affiliation\Controllers\MainDashboardController.cs(42,27): warning CS8618: Non-nullable property 'FacultyCode' must contain a non-null value when exiting constructor. Consider adding the 'required' modifier or declaring the property as nullable. [C:\Users\HP\Downloads\Medical\Medical_Affiliation\Medical_Affiliation.csproj]
C:\Users\HP\Downloads\Medical\Medical_Affiliation\Controllers\MainDashboardController.cs(43,27): warning CS8618: Non-nullable property 'FacultyName' must contain a non-null value when exiting constructor. Consider adding the 'required' modifier or declaring the property as nullable. [C:\Users\HP\Downloads\Medical\Medical_Affiliation\Medical_Affiliation.csproj]
C:\Users\HP\Downloads\Medical\Medical_Affiliation\Controllers\MainDashboardController.cs(44,27): warning CS8618: Non-nullable property 'FacultyIcon' must contain a non-null value when exiting constructor. Consider adding the 'required' modifier or declaring the property as nullable. [C:\Users\HP\Downloads\Medical\Medical_Affiliation\Medical_Affiliation.csproj]
C:\Users\HP\Downloads\Medical\Medical_Affiliation\Views\Aff_Pharmacy\Pharmacy_BasicDetails.cshtml(6,23): warning CS8602: Dereference of a possibly null reference. [C:\Users\HP\Downloads\Medical\Medical_Affiliation\Medical_Affiliation.csproj]
C:\Users\HP\Downloads\Medical\Medical_Affiliation\Views\Aff_Pharmacy\Pharmacy_BasicDetails.cshtml(10,9): warning CS0219: The variable 'currentStep' is assigned but its value is never used [C:\Users\HP\Downloads\Medical\Medical_Affiliation\Medical_Affiliation.csproj]
C:\Users\HP\Downloads\Medical\Medical_Affiliation\Controllers\MainDashboardController.cs(31,27): warning CS8618: Non-nullable property 'FacultyId' must contain a non-null value when exiting constructor. Consider adding the 'required' modifier or declaring the property as nullable. [C:\Users\HP\Downloads\Medical\Medical_Affiliation\Medical_Affiliation.csproj]
C:\Users\HP\Downloads\Medical\Medical_Affiliation\Controllers\MainDashboardController.cs(32,27): warning CS8618: Non-nullable property 'FacultyName' must contain a non-null value when exiting constructor. Consider adding the 'required' modifier or declaring the property as nullable. [C:\Users\HP\Downloads\Medical\Medical_Affiliation\Medical_Affiliation.csproj]
C:\Users\HP\Downloads\Medical\Medical_Affiliation\Controllers\MainDashboardController.cs(33,27): warning CS8618: Non-nullable property 'Icon' must contain a non-null value when exiting constructor. Consider adding the 'required' modifier or declaring the property as nullable. [C:\Users\HP\Downloads\Medical\Medical_Affiliation\Medical_Affiliation.csproj]
C:\Users\HP\Downloads\Medical\Medical_Affiliation\Views\Aff_Nursing\Nursing_UGPG.cshtml(8,23): warning CS8602: Dereference of a possibly null reference. [C:\Users\HP\Downloads\Medical\Medical_Affiliation\Medical_Affiliation.csproj]
C:\Users\HP\Downloads\Medical\Medical_Affiliation\Views\Aff_Medical\FacultyDetails.cshtml(6,23): warning CS8602: Dereference of a possibly null reference. [C:\Users\HP\Downloads\Medical\Medical_Affiliation\Medical_Affiliation.csproj]
C:\Users\HP\Downloads\Medical\Medical_Affiliation\Views\Aff_Homeopathy\HomeopathyExamResults.cshtml(6,23): warning CS8602: Dereference of a possibly null reference. [C:\Users\HP\Downloads\Medical\Medical_Affiliation\Medical_Affiliation.csproj]
C:\Users\HP\Downloads\Medical\Medical_Affiliation\Views\Aff_Naturopathy\Naturopathy_YearwiseMaterials.cshtml(7,23): warning CS8602: Dereference of a possibly null reference. [C:\Users\HP\Downloads\Medical\Medical_Affiliation\Medical_Affiliation.csproj]
C:\Users\HP\Downloads\Medical\Medical_Affiliation\Views\Aff_Naturopathy\Naturopathy_YearwiseMaterials.cshtml(156,47): warning CS8602: Dereference of a possibly null reference. [C:\Users\HP\Downloads\Medical\Medical_Affiliation\Medical_Affiliation.csproj]
C:\Users\HP\Downloads\Medical\Medical_Affiliation\Views\Aff_Nursing\Nursing_ManageCourses.cshtml(8,23): warning CS8602: Dereference of a possibly null reference. [C:\Users\HP\Downloads\Medical\Medical_Affiliation\Medical_Affiliation.csproj]
C:\Users\HP\Downloads\Medical\Medical_Affiliation\Views\Aff_Homeopathy\Homeopathy_ManageDesignationIntake.cshtml(6,23): warning CS8602: Dereference of a possibly null reference. [C:\Users\HP\Downloads\Medical\Medical_Affiliation\Medical_Affiliation.csproj]
C:\Users\HP\Downloads\Medical\Medical_Affiliation\Views\Aff_Naturopathy\Naturopathy_BasicDetails.cshtml(6,23): warning CS8602: Dereference of a possibly null reference. [C:\Users\HP\Downloads\Medical\Medical_Affiliation\Medical_Affiliation.csproj]
C:\Users\HP\Downloads\Medical\Medical_Affiliation\Views\Aff_Naturopathy\Naturopathy_BasicDetails.cshtml(10,9): warning CS0219: The variable 'currentStep' is assigned but its value is never used [C:\Users\HP\Downloads\Medical\Medical_Affiliation\Medical_Affiliation.csproj]
C:\Users\HP\Downloads\Medical\Medical_Affiliation\Views\Aff_AHS\AHS_ManageDesignationIntake.cshtml(6,23): warning CS8602: Dereference of a possibly null reference. [C:\Users\HP\Downloads\Medical\Medical_Affiliation\Medical_Affiliation.csproj]
C:\Users\HP\Downloads\Medical\Medical_Affiliation\Views\Aff_Dental\DentalExamResults.cshtml(6,23): warning CS8602: Dereference of a possibly null reference. [C:\Users\HP\Downloads\Medical\Medical_Affiliation\Medical_Affiliation.csproj]
C:\Users\HP\Downloads\Medical\Medical_Affiliation\Views\Ahs\AhsTeachingFacultyDetails.cshtml(5,23): warning CS8602: Dereference of a possibly null reference. [C:\Users\HP\Downloads\Medical\Medical_Affiliation\Medical_Affiliation.csproj]
C:\Users\HP\Downloads\Medical\Medical_Affiliation\Views\Aff_Nursing\Nursing_BasicDetails.cshtml(6,23): warning CS8602: Dereference of a possibly null reference. [C:\Users\HP\Downloads\Medical\Medical_Affiliation\Medical_Affiliation.csproj]
C:\Users\HP\Downloads\Medical\Medical_Affiliation\Views\Aff_Nursing\Nursing_BasicDetails.cshtml(10,9): warning CS0219: The variable 'currentStep' is assigned but its value is never used [C:\Users\HP\Downloads\Medical\Medical_Affiliation\Medical_Affiliation.csproj]
C:\Users\HP\Downloads\Medical\Medical_Affiliation\Views\Aff_Homeopathy\Homeopathy_YearwiseMaterials.cshtml(7,23): warning CS8602: Dereference of a possibly null reference. [C:\Users\HP\Downloads\Medical\Medical_Affiliation\Medical_Affiliation.csproj]
C:\Users\HP\Downloads\Medical\Medical_Affiliation\Views\Aff_Homeopathy\Homeopathy_YearwiseMaterials.cshtml(157,47): warning CS8602: Dereference of a possibly null reference. [C:\Users\HP\Downloads\Medical\Medical_Affiliation\Medical_Affiliation.csproj]
C:\Users\HP\Downloads\Medical\Medical_Affiliation\Views\Aff_Homeopathy\Homeopathy_FacultyDetails.cshtml(6,23): warning CS8602: Dereference of a possibly null reference. [C:\Users\HP\Downloads\Medical\Medical_Affiliation\Medical_Affiliation.csproj]
C:\Users\HP\Downloads\Medical\Medical_Affiliation\Views\Aff_Homeopathy\Homeopathy_FacultyDetails.cshtml(482,9): warning CS8604: Possible null reference argument for parameter 'source' in 'IEnumerable<string> Enumerable.Select<SelectListItem, string>(IEnumerable<SelectListItem> source, Func<SelectListItem, string> selector)'. [C:\Users\HP\Downloads\Medical\Medical_Affiliation\Medical_Affiliation.csproj]
C:\Users\HP\Downloads\Medical\Medical_Affiliation\Views\Aff_Homeopathy\Homeopathy_FacultyDetails.cshtml(487,9): warning CS8604: Possible null reference argument for parameter 'source' in 'IEnumerable<string> Enumerable.Select<SelectListItem, string>(IEnumerable<SelectListItem> source, Func<SelectListItem, string> selector)'. [C:\Users\HP\Downloads\Medical\Medical_Affiliation\Medical_Affiliation.csproj]
C:\Users\HP\Downloads\Medical\Medical_Affiliation\Views\Aff_CA_Med_FinanceDetails\Med_CA_FinanceDetails.cshtml(8,23): warning CS8602: Dereference of a possibly null reference. [C:\Users\HP\Downloads\Medical\Medical_Affiliation\Medical_Affiliation.csproj]
C:\Users\HP\Downloads\Medical\Medical_Affiliation\Views\Aff_Naturopathy\Naturopathy_UGPG.cshtml(8,23): warning CS8602: Dereference of a possibly null reference. [C:\Users\HP\Downloads\Medical\Medical_Affiliation\Medical_Affiliation.csproj]
C:\Users\HP\Downloads\Medical\Medical_Affiliation\Views\Aff_Dental\Dental_YearwiseMaterials.cshtml(7,23): warning CS8602: Dereference of a possibly null reference. [C:\Users\HP\Downloads\Medical\Medical_Affiliation\Medical_Affiliation.csproj]
C:\Users\HP\Downloads\Medical\Medical_Affiliation\Views\Aff_Dental\Dental_YearwiseMaterials.cshtml(350,47): warning CS8602: Dereference of a possibly null reference. [C:\Users\HP\Downloads\Medical\Medical_Affiliation\Medical_Affiliation.csproj]
C:\Users\HP\Downloads\Medical\Medical_Affiliation\Views\Aff_Dental\Dental_ManageDesignationIntake.cshtml(6,23): warning CS8602: Dereference of a possibly null reference. [C:\Users\HP\Downloads\Medical\Medical_Affiliation\Medical_Affiliation.csproj]
C:\Users\HP\Downloads\Medical\Medical_Affiliation\Views\Aff_AHS\AHS_FacultyDetails.cshtml(6,23): warning CS8602: Dereference of a possibly null reference. [C:\Users\HP\Downloads\Medical\Medical_Affiliation\Medical_Affiliation.csproj]
C:\Users\HP\Downloads\Medical\Medical_Affiliation\Views\Aff_AHS\AHS_FacultyDetails.cshtml(398,31): warning CS8602: Dereference of a possibly null reference. [C:\Users\HP\Downloads\Medical\Medical_Affiliation\Medical_Affiliation.csproj]
C:\Users\HP\Downloads\Medical\Medical_Affiliation\Views\Aff_AHS\AHS_FacultyDetails.cshtml(407,31): warning CS8602: Dereference of a possibly null reference. [C:\Users\HP\Downloads\Medical\Medical_Affiliation\Medical_Affiliation.csproj]
C:\Users\HP\Downloads\Medical\Medical_Affiliation\Views\Aff_AHS\AHS_FacultyDetails.cshtml(416,32): warning CS8602: Dereference of a possibly null reference. [C:\Users\HP\Downloads\Medical\Medical_Affiliation\Medical_Affiliation.csproj]
C:\Users\HP\Downloads\Medical\Medical_Affiliation\Controllers\LoginController.cs(139,29): warning CS8602: Dereference of a possibly null reference. [C:\Users\HP\Downloads\Medical\Medical_Affiliation\Medical_Affiliation.csproj]
C:\Users\HP\Downloads\Medical\Medical_Affiliation\Controllers\LoginController.cs(157,17): warning CS8602: Dereference of a possibly null reference. [C:\Users\HP\Downloads\Medical\Medical_Affiliation\Medical_Affiliation.csproj]
C:\Users\HP\Downloads\Medical\Medical_Affiliation\Views\Aff_AHS\AHS_ExamResults.cshtml(6,23): warning CS8602: Dereference of a possibly null reference. [C:\Users\HP\Downloads\Medical\Medical_Affiliation\Medical_Affiliation.csproj]
C:\Users\HP\Downloads\Medical\Medical_Affiliation\Views\Aff_AHS\AHS_Affiliated_YearwiseMaterials.cshtml(6,23): warning CS8602: Dereference of a possibly null reference. [C:\Users\HP\Downloads\Medical\Medical_Affiliation\Medical_Affiliation.csproj]
C:\Users\HP\Downloads\Medical\Medical_Affiliation\Views\Aff_AHS\AHS_Affiliated_YearwiseMaterials.cshtml(272,38): warning CS8602: Dereference of a possibly null reference. [C:\Users\HP\Downloads\Medical\Medical_Affiliation\Medical_Affiliation.csproj]
C:\Users\HP\Downloads\Medical\Medical_Affiliation\Views\Admin\Dashboard.cshtml(100,14): warning CS8604: Possible null reference argument for parameter 'source' in 'int Enumerable.Count<CollegeCourseReport>(IEnumerable<CollegeCourseReport> source)'. [C:\Users\HP\Downloads\Medical\Medical_Affiliation\Medical_Affiliation.csproj]
C:\Users\HP\Downloads\Medical\Medical_Affiliation\Controllers\LoginController.cs(282,29): warning CS8602: Dereference of a possibly null reference. [C:\Users\HP\Downloads\Medical\Medical_Affiliation\Medical_Affiliation.csproj]
C:\Users\HP\Downloads\Medical\Medical_Affiliation\Views\Aff_AHS\AHS_UGPG.cshtml(8,23): warning CS8602: Dereference of a possibly null reference. [C:\Users\HP\Downloads\Medical\Medical_Affiliation\Medical_Affiliation.csproj]
C:\Users\HP\Downloads\Medical\Medical_Affiliation\Views\Aff_AHS\AHS_BasicDetails.cshtml(6,23): warning CS8602: Dereference of a possibly null reference. [C:\Users\HP\Downloads\Medical\Medical_Affiliation\Medical_Affiliation.csproj]
C:\Users\HP\Downloads\Medical\Medical_Affiliation\Views\Aff_AHS\AHS_BasicDetails.cshtml(10,9): warning CS0219: The variable 'currentStep' is assigned but its value is never used [C:\Users\HP\Downloads\Medical\Medical_Affiliation\Medical_Affiliation.csproj]
C:\Users\HP\Downloads\Medical\Medical_Affiliation\Views\Aff_Medical\ManageCourses.cshtml(6,23): warning CS8602: Dereference of a possibly null reference. [C:\Users\HP\Downloads\Medical\Medical_Affiliation\Medical_Affiliation.csproj]
C:\Users\HP\Downloads\Medical\Medical_Affiliation\Views\Aff_Medical\ManageCourses.cshtml(159,60): warning CS8602: Dereference of a possibly null reference. [C:\Users\HP\Downloads\Medical\Medical_Affiliation\Medical_Affiliation.csproj]
C:\Users\HP\Downloads\Medical\Medical_Affiliation\Views\Aff_Medical\ManageCourses.cshtml(260,57): warning CS8602: Dereference of a possibly null reference. [C:\Users\HP\Downloads\Medical\Medical_Affiliation\Medical_Affiliation.csproj]
C:\Users\HP\Downloads\Medical\Medical_Affiliation\Views\Aff_Medical\ManageCourses.cshtml(357,57): warning CS8602: Dereference of a possibly null reference. [C:\Users\HP\Downloads\Medical\Medical_Affiliation\Medical_Affiliation.csproj]
C:\Users\HP\Downloads\Medical\Medical_Affiliation\Views\Aff_CA_FinanceDetails\CA_FinancialDetails.cshtml(5,44): warning CS8602: Dereference of a possibly null reference. [C:\Users\HP\Downloads\Medical\Medical_Affiliation\Medical_Affiliation.csproj]
C:\Users\HP\Downloads\Medical\Medical_Affiliation\Models\YearwiseMaterialsFormViewModel.cs(6,23): warning CS8618: Non-nullable property 'ParentHospitalName' must contain a non-null value when exiting constructor. Consider adding the 'required' modifier or declaring the property as nullable. [C:\Users\HP\Downloads\Medical\Medical_Affiliation\Medical_Affiliation.csproj]
C:\Users\HP\Downloads\Medical\Medical_Affiliation\Models\YearwiseMaterialsFormViewModel.cs(7,23): warning CS8618: Non-nullable property 'ParentHospitalAddress' must contain a non-null value when exiting constructor. Consider adding the 'required' modifier or declaring the property as nullable. [C:\Users\HP\Downloads\Medical\Medical_Affiliation\Medical_Affiliation.csproj]
C:\Users\HP\Downloads\Medical\Medical_Affiliation\Models\YearwiseMaterialsFormViewModel.cs(8,23): warning CS8618: Non-nullable property 'HospitalOwnerName' must contain a non-null value when exiting constructor. Consider adding the 'required' modifier or declaring the property as nullable. [C:\Users\HP\Downloads\Medical\Medical_Affiliation\Medical_Affiliation.csproj]
C:\Users\HP\Downloads\Medical\Medical_Affiliation\Models\YearwiseMaterialsFormViewModel.cs(9,23): warning CS8618: Non-nullable property 'Kpmebeds' must contain a non-null value when exiting constructor. Consider adding the 'required' modifier or declaring the property as nullable. [C:\Users\HP\Downloads\Medical\Medical_Affiliation\Medical_Affiliation.csproj]
C:\Users\HP\Downloads\Medical\Medical_Affiliation\Models\YearwiseMaterialsFormViewModel.cs(10,23): warning CS8618: Non-nullable property 'PostBasicBeds' must contain a non-null value when exiting constructor. Consider adding the 'required' modifier or declaring the property as nullable. [C:\Users\HP\Downloads\Medical\Medical_Affiliation\Medical_Affiliation.csproj]
C:\Users\HP\Downloads\Medical\Medical_Affiliation\Models\YearwiseMaterialsFormViewModel.cs(11,23): warning CS8618: Non-nullable property 'TotalBeds' must contain a non-null value when exiting constructor. Consider adding the 'required' modifier or declaring the property as nullable. [C:\Users\HP\Downloads\Medical\Medical_Affiliation\Medical_Affiliation.csproj]
C:\Users\HP\Downloads\Medical\Medical_Affiliation\Models\YearwiseMaterialsFormViewModel.cs(13,26): warning CS8618: Non-nullable property 'ParentHospitalKpmebedsDocFile' must contain a non-null value when exiting constructor. Consider adding the 'required' modifier or declaring the property as nullable. [C:\Users\HP\Downloads\Medical\Medical_Affiliation\Medical_Affiliation.csproj]
C:\Users\HP\Downloads\Medical\Medical_Affiliation\Models\YearwiseMaterialsFormViewModel.cs(14,26): warning CS8618: Non-nullable property 'ParentHospitalMoudocFile' must contain a non-null value when exiting constructor. Consider adding the 'required' modifier or declaring the property as nullable. [C:\Users\HP\Downloads\Medical\Medical_Affiliation\Medical_Affiliation.csproj]
C:\Users\HP\Downloads\Medical\Medical_Affiliation\Models\YearwiseMaterialsFormViewModel.cs(15,26): warning CS8618: Non-nullable property 'ParentHospitalOwnerNameDocFile' must contain a non-null value when exiting constructor. Consider adding the 'required' modifier or declaring the property as nullable. [C:\Users\HP\Downloads\Medical\Medical_Affiliation\Medical_Affiliation.csproj]
C:\Users\HP\Downloads\Medical\Medical_Affiliation\Models\YearwiseMaterialsFormViewModel.cs(16,26): warning CS8618: Non-nullable property 'ParentHospitalPostBasicDocFile' must contain a non-null value when exiting constructor. Consider adding the 'required' modifier or declaring the property as nullable. [C:\Users\HP\Downloads\Medical\Medical_Affiliation\Medical_Affiliation.csproj]
C:\Users\HP\Downloads\Medical\Medical_Affiliation\Models\UploadedCollegeViewModel.cs(25,23): warning CS8618: Non-nullable property 'Name' must contain a non-null value when exiting constructor. Consider adding the 'required' modifier or declaring the property as nullable. [C:\Users\HP\Downloads\Medical\Medical_Affiliation\Medical_Affiliation.csproj]
C:\Users\HP\Downloads\Medical\Medical_Affiliation\Models\UploadedCollegeViewModel.cs(26,23): warning CS8618: Non-nullable property 'Designation' must contain a non-null value when exiting constructor. Consider adding the 'required' modifier or declaring the property as nullable. [C:\Users\HP\Downloads\Medical\Medical_Affiliation\Medical_Affiliation.csproj]
C:\Users\HP\Downloads\Medical\Medical_Affiliation\Models\UploadedCollegeViewModel.cs(27,23): warning CS8618: Non-nullable property 'Department' must contain a non-null value when exiting constructor. Consider adding the 'required' modifier or declaring the property as nullable. [C:\Users\HP\Downloads\Medical\Medical_Affiliation\Medical_Affiliation.csproj]
C:\Users\HP\Downloads\Medical\Medical_Affiliation\Models\UploadedCollegeViewModel.cs(28,23): warning CS8618: Non-nullable property 'Dob' must contain a non-null value when exiting constructor. Consider adding the 'required' modifier or declaring the property as nullable. [C:\Users\HP\Downloads\Medical\Medical_Affiliation\Medical_Affiliation.csproj]
C:\Users\HP\Downloads\Medical\Medical_Affiliation\Models\UploadedCollegeViewModel.cs(31,23): warning CS8618: Non-nullable property 'MobileNo' must contain a non-null value when exiting constructor. Consider adding the 'required' modifier or declaring the property as nullable. [C:\Users\HP\Downloads\Medical\Medical_Affiliation\Medical_Affiliation.csproj]
C:\Users\HP\Downloads\Medical\Medical_Affiliation\Models\UploadedCollegeViewModel.cs(34,23): warning CS8618: Non-nullable property 'PanNo' must contain a non-null value when exiting constructor. Consider adding the 'required' modifier or declaring the property as nullable. [C:\Users\HP\Downloads\Medical\Medical_Affiliation\Medical_Affiliation.csproj]
C:\Users\HP\Downloads\Medical\Medical_Affiliation\Models\UploadedCollegeViewModel.cs(36,23): warning CS8618: Non-nullable property 'StateCouncilRegNo' must contain a non-null value when exiting constructor. Consider adding the 'required' modifier or declaring the property as nullable. [C:\Users\HP\Downloads\Medical\Medical_Affiliation\Medical_Affiliation.csproj]
C:\Users\HP\Downloads\Medical\Medical_Affiliation\Models\UploadedCollegeViewModel.cs(38,23): warning CS8618: Non-nullable property 'AEBASAttendId' must contain a non-null value when exiting constructor. Consider adding the 'required' modifier or declaring the property as nullable. [C:\Users\HP\Downloads\Medical\Medical_Affiliation\Medical_Affiliation.csproj]
C:\Users\HP\Downloads\Medical\Medical_Affiliation\Models\UploadedCollegeViewModel.cs(39,23): warning CS8618: Non-nullable property 'ProfessionalQualification' must contain a non-null value when exiting constructor. Consider adding the 'required' modifier or declaring the property as nullable. [C:\Users\HP\Downloads\Medical\Medical_Affiliation\Medical_Affiliation.csproj]
C:\Users\HP\Downloads\Medical\Medical_Affiliation\Models\UploadedCollegeViewModel.cs(40,23): warning CS8618: Non-nullable property 'NatureOfEmployment' must contain a non-null value when exiting constructor. Consider adding the 'required' modifier or declaring the property as nullable. [C:\Users\HP\Downloads\Medical\Medical_Affiliation\Medical_Affiliation.csproj]
C:\Users\HP\Downloads\Medical\Medical_Affiliation\Models\UploadedCollegeViewModel.cs(41,23): warning CS8618: Non-nullable property 'TeachingExpInYrs' must contain a non-null value when exiting constructor. Consider adding the 'required' modifier or declaring the property as nullable. [C:\Users\HP\Downloads\Medical\Medical_Affiliation\Medical_Affiliation.csproj]
C:\Users\HP\Downloads\Medical\Medical_Affiliation\Models\UploadedCollegeViewModel.cs(42,23): warning CS8618: Non-nullable property 'PhotoFilePath' must contain a non-null value when exiting constructor. Consider adding the 'required' modifier or declaring the property as nullable. [C:\Users\HP\Downloads\Medical\Medical_Affiliation\Medical_Affiliation.csproj]
C:\Users\HP\Downloads\Medical\Medical_Affiliation\Models\UploadedCollegeViewModel.cs(14,23): warning CS8618: Non-nullable property 'FileName' must contain a non-null value when exiting constructor. Consider adding the 'required' modifier or declaring the property as nullable. [C:\Users\HP\Downloads\Medical\Medical_Affiliation\Medical_Affiliation.csproj]
C:\Users\HP\Downloads\Medical\Medical_Affiliation\Models\UploadedCollegeViewModel.cs(15,23): warning CS8618: Non-nullable property 'UploadedDate' must contain a non-null value when exiting constructor. Consider adding the 'required' modifier or declaring the property as nullable. [C:\Users\HP\Downloads\Medical\Medical_Affiliation\Medical_Affiliation.csproj]
C:\Users\HP\Downloads\Medical\Medical_Affiliation\Models\UploadedCollegeViewModel.cs(16,23): warning CS8618: Non-nullable property 'UploadedBy' must contain a non-null value when exiting constructor. Consider adding the 'required' modifier or declaring the property as nullable. [C:\Users\HP\Downloads\Medical\Medical_Affiliation\Medical_Affiliation.csproj]
C:\Users\HP\Downloads\Medical\Medical_Affiliation\Models\UploadedCollegeViewModel.cs(17,23): warning CS8618: Non-nullable property 'Status' must contain a non-null value when exiting constructor. Consider adding the 'required' modifier or declaring the property as nullable. [C:\Users\HP\Downloads\Medical\Medical_Affiliation\Medical_Affiliation.csproj]
C:\Users\HP\Downloads\Medical\Medical_Affiliation\Models\UploadedCollegeViewModel.cs(18,23): warning CS8618: Non-nullable property 'FileUrl' must contain a non-null value when exiting constructor. Consider adding the 'required' modifier or declaring the property as nullable. [C:\Users\HP\Downloads\Medical\Medical_Affiliation\Medical_Affiliation.csproj]
C:\Users\HP\Downloads\Medical\Medical_Affiliation\Models\UploadedCollegeViewModel.cs(6,23): warning CS8618: Non-nullable property 'CollegeCode' must contain a non-null value when exiting constructor. Consider adding the 'required' modifier or declaring the property as nullable. [C:\Users\HP\Downloads\Medical\Medical_Affiliation\Medical_Affiliation.csproj]
C:\Users\HP\Downloads\Medical\Medical_Affiliation\Models\UploadedCollegeViewModel.cs(7,23): warning CS8618: Non-nullable property 'CollegeName' must contain a non-null value when exiting constructor. Consider adding the 'required' modifier or declaring the property as nullable. [C:\Users\HP\Downloads\Medical\Medical_Affiliation\Medical_Affiliation.csproj]
C:\Users\HP\Downloads\Medical\Medical_Affiliation\Models\UpdateDistrictsAndTaluksForCollegesViewModel.cs(7,23): warning CS8618: Non-nullable property 'SelectedDistrict' must contain a non-null value when exiting constructor. Consider adding the 'required' modifier or declaring the property as nullable. [C:\Users\HP\Downloads\Medical\Medical_Affiliation\Medical_Affiliation.csproj]
C:\Users\HP\Downloads\Medical\Medical_Affiliation\Models\UpdateDistrictsAndTaluksForCollegesViewModel.cs(8,23): warning CS8618: Non-nullable property 'SelectedTaluk' must contain a non-null value when exiting constructor. Consider adding the 'required' modifier or declaring the property as nullable. [C:\Users\HP\Downloads\Medical\Medical_Affiliation\Medical_Affiliation.csproj]
C:\Users\HP\Downloads\Medical\Medical_Affiliation\Models\UpdateDistrictsAndTaluksForCollegesViewModel.cs(9,23): warning CS8618: Non-nullable property 'SelectedFaculty' must contain a non-null value when exiting constructor. Consider adding the 'required' modifier or declaring the property as nullable. [C:\Users\HP\Downloads\Medical\Medical_Affiliation\Medical_Affiliation.csproj]
C:\Users\HP\Downloads\Medical\Medical_Affiliation\Models\UpdateDistrictsAndTaluksForCollegesViewModel.cs(10,29): warning CS8618: Non-nullable property 'SelectedCollegeIds' must contain a non-null value when exiting constructor. Consider adding the 'required' modifier or declaring the property as nullable. [C:\Users\HP\Downloads\Medical\Medical_Affiliation\Medical_Affiliation.csproj]
C:\Users\HP\Downloads\Medical\Medical_Affiliation\Models\UpdateDistrictsAndTaluksForCollegesViewModel.cs(12,34): warning CS8618: Non-nullable property 'TalukMasters' must contain a non-null value when exiting constructor. Consider adding the 'required' modifier or declaring the property as nullable. [C:\Users\HP\Downloads\Medical\Medical_Affiliation\Medical_Affiliation.csproj]
C:\Users\HP\Downloads\Medical\Medical_Affiliation\Models\UpdateDistrictsAndTaluksForCollegesViewModel.cs(13,37): warning CS8618: Non-nullable property 'DistrictMasters' must contain a non-null value when exiting constructor. Consider adding the 'required' modifier or declaring the property as nullable. [C:\Users\HP\Downloads\Medical\Medical_Affiliation\Medical_Affiliation.csproj]
C:\Users\HP\Downloads\Medical\Medical_Affiliation\Models\UpdateDistrictsAndTaluksForCollegesViewModel.cs(14,30): warning CS8618: Non-nullable property 'Faculties' must contain a non-null value when exiting constructor. Consider adding the 'required' modifier or declaring the property as nullable. [C:\Users\HP\Downloads\Medical\Medical_Affiliation\Medical_Affiliation.csproj]
C:\Users\HP\Downloads\Medical\Medical_Affiliation\Models\UpdateDistrictsAndTaluksForCollegesViewModel.cs(15,37): warning CS8618: Non-nullable property 'affiliationCollegeMasters' must contain a non-null value when exiting constructor. Consider adding the 'required' modifier or declaring the property as nullable. [C:\Users\HP\Downloads\Medical\Medical_Affiliation\Medical_Affiliation.csproj]
C:\Users\HP\Downloads\Medical\Medical_Affiliation\Models\UniversityImagesViewModel.cs(6,23): warning CS8618: Non-nullable property 'ImgName' must contain a non-null value when exiting constructor. Consider adding the 'required' modifier or declaring the property as nullable. [C:\Users\HP\Downloads\Medical\Medical_Affiliation\Medical_Affiliation.csproj]
C:\Users\HP\Downloads\Medical\Medical_Affiliation\Models\UniversityImagesViewModel.cs(7,26): warning CS8618: Non-nullable property 'ImgFile' must contain a non-null value when exiting constructor. Consider adding the 'required' modifier or declaring the property as nullable. [C:\Users\HP\Downloads\Medical\Medical_Affiliation\Medical_Affiliation.csproj]
C:\Users\HP\Downloads\Medical\Medical_Affiliation\Models\UniversityImagesViewModel.cs(8,23): warning CS8618: Non-nullable property 'ImgByteArr' must contain a non-null value when exiting constructor. Consider adding the 'required' modifier or declaring the property as nullable. [C:\Users\HP\Downloads\Medical\Medical_Affiliation\Medical_Affiliation.csproj]
C:\Users\HP\Downloads\Medical\Medical_Affiliation\Models\AcademicIntakeViewModel.cs(12,23): warning CS8618: Non-nullable property 'CourseName' must contain a non-null value when exiting constructor. Consider adding the 'required' modifier or declaring the property as nullable. [C:\Users\HP\Downloads\Medical\Medical_Affiliation\Medical_Affiliation.csproj]
C:\Users\HP\Downloads\Medical\Medical_Affiliation\Models\AcademicIntakeViewModel.cs(35,23): warning CS8618: Non-nullable property 'AcademicYear' must contain a non-null value when exiting constructor. Consider adding the 'required' modifier or declaring the property as nullable. [C:\Users\HP\Downloads\Medical\Medical_Affiliation\Medical_Affiliation.csproj]
C:\Users\HP\Downloads\Medical\Medical_Affiliation\Services\Faculty\CAPreviewService.cs(42,31): warning CS8601: Possible null reference assignment. [C:\Users\HP\Downloads\Medical\Medical_Affiliation\Medical_Affiliation.csproj]
C:\Users\HP\Downloads\Medical\Medical_Affiliation\Services\Faculty\CAPreviewService.cs(43,31): warning CS8601: Possible null reference assignment. [C:\Users\HP\Downloads\Medical\Medical_Affiliation\Medical_Affiliation.csproj]
C:\Users\HP\Downloads\Medical\Medical_Affiliation\Services\Faculty\CABasicDetailsService.cs(38,49): warning CS8601: Possible null reference assignment. [C:\Users\HP\Downloads\Medical\Medical_Affiliation\Medical_Affiliation.csproj]
C:\Users\HP\Downloads\Medical\Medical_Affiliation\Services\Faculty\CABasicDetailsService.cs(39,44): warning CS8601: Possible null reference assignment. [C:\Users\HP\Downloads\Medical\Medical_Affiliation\Medical_Affiliation.csproj]
C:\Users\HP\Downloads\Medical\Medical_Affiliation\Views\Aff_Dental\Dental_FacultyDetails.cshtml(6,23): warning CS8602: Dereference of a possibly null reference. [C:\Users\HP\Downloads\Medical\Medical_Affiliation\Medical_Affiliation.csproj]
C:\Users\HP\Downloads\Medical\Medical_Affiliation\Views\Aff_Dental\Dental_FacultyDetails.cshtml(443,9): warning CS8604: Possible null reference argument for parameter 'source' in 'IEnumerable<string> Enumerable.Select<SelectListItem, string>(IEnumerable<SelectListItem> source, Func<SelectListItem, string> selector)'. [C:\Users\HP\Downloads\Medical\Medical_Affiliation\Medical_Affiliation.csproj]
C:\Users\HP\Downloads\Medical\Medical_Affiliation\Views\Aff_Dental\Dental_FacultyDetails.cshtml(448,9): warning CS8604: Possible null reference argument for parameter 'source' in 'IEnumerable<string> Enumerable.Select<SelectListItem, string>(IEnumerable<SelectListItem> source, Func<SelectListItem, string> selector)'. [C:\Users\HP\Downloads\Medical\Medical_Affiliation\Medical_Affiliation.csproj]
C:\Users\HP\Downloads\Medical\Medical_Affiliation\Views\Aff_CA_MedicalLibrary\Aff_CA_Medical_LibraryDetails.cshtml(5,23): warning CS8602: Dereference of a possibly null reference. [C:\Users\HP\Downloads\Medical\Medical_Affiliation\Medical_Affiliation.csproj]
C:\Users\HP\Downloads\Medical\Medical_Affiliation\Models\TeachingStaffDepartmentWiseVm.cs(10,37): warning CS8618: Non-nullable property 'Colleges' must contain a non-null value when exiting constructor. Consider adding the 'required' modifier or declaring the property as nullable. [C:\Users\HP\Downloads\Medical\Medical_Affiliation\Medical_Affiliation.csproj]
C:\Users\HP\Downloads\Medical\Medical_Affiliation\Controllers\AffiliationPaymentController.cs(65,39): warning CS8600: Converting null literal or possible null value to non-nullable type. [C:\Users\HP\Downloads\Medical\Medical_Affiliation\Medical_Affiliation.csproj]
C:\Users\HP\Downloads\Medical\Medical_Affiliation\Controllers\AffiliationPaymentController.cs(70,26): warning CS8600: Converting null literal or possible null value to non-nullable type. [C:\Users\HP\Downloads\Medical\Medical_Affiliation\Medical_Affiliation.csproj]
C:\Users\HP\Downloads\Medical\Medical_Affiliation\Controllers\AffiliationPaymentController.cs(76,36): warning CS8600: Converting null literal or possible null value to non-nullable type. [C:\Users\HP\Downloads\Medical\Medical_Affiliation\Medical_Affiliation.csproj]
C:\Users\HP\Downloads\Medical\Medical_Affiliation\Views\Aff_Homeopathy\Homeopathy_UGPG.cshtml(6,23): warning CS8602: Dereference of a possibly null reference. [C:\Users\HP\Downloads\Medical\Medical_Affiliation\Medical_Affiliation.csproj]
C:\Users\HP\Downloads\Medical\Medical_Affiliation\Views\Aff_Homeopathy\Homeopathy_UGPG.cshtml(10,9): warning CS0219: The variable 'currentStep' is assigned but its value is never used [C:\Users\HP\Downloads\Medical\Medical_Affiliation\Medical_Affiliation.csproj]
C:\Users\HP\Downloads\Medical\Medical_Affiliation\Services\Faculty\CAFinanceService.cs(43,22): warning CS8602: Dereference of a possibly null reference. [C:\Users\HP\Downloads\Medical\Medical_Affiliation\Medical_Affiliation.csproj]
C:\Users\HP\Downloads\Medical\Medical_Affiliation\Services\Faculty\CAFinanceService.cs(60,42): warning CS8602: Dereference of a possibly null reference. [C:\Users\HP\Downloads\Medical\Medical_Affiliation\Medical_Affiliation.csproj]
C:\Users\HP\Downloads\Medical\Medical_Affiliation\Services\Faculty\CAFinanceService.cs(61,40): warning CS8602: Dereference of a possibly null reference. [C:\Users\HP\Downloads\Medical\Medical_Affiliation\Medical_Affiliation.csproj]
C:\Users\HP\Downloads\Medical\Medical_Affiliation\Services\Faculty\CAFinanceService.cs(62,42): warning CS8602: Dereference of a possibly null reference. [C:\Users\HP\Downloads\Medical\Medical_Affiliation\Medical_Affiliation.csproj]
C:\Users\HP\Downloads\Medical\Medical_Affiliation\Models\AcademicIntakeViewModel.cs(55,23): warning CS8618: Non-nullable property 'CourseCode' must contain a non-null value when exiting constructor. Consider adding the 'required' modifier or declaring the property as nullable. [C:\Users\HP\Downloads\Medical\Medical_Affiliation\Medical_Affiliation.csproj]
C:\Users\HP\Downloads\Medical\Medical_Affiliation\Models\AcademicIntakeViewModel.cs(56,23): warning CS8618: Non-nullable property 'CourseName' must contain a non-null value when exiting constructor. Consider adding the 'required' modifier or declaring the property as nullable. [C:\Users\HP\Downloads\Medical\Medical_Affiliation\Medical_Affiliation.csproj]
C:\Users\HP\Downloads\Medical\Medical_Affiliation\Models\AcademicIntakeViewModel.cs(57,23): warning CS8618: Non-nullable property 'CourseLevel' must contain a non-null value when exiting constructor. Consider adding the 'required' modifier or declaring the property as nullable. [C:\Users\HP\Downloads\Medical\Medical_Affiliation\Medical_Affiliation.csproj]
C:\Users\HP\Downloads\Medical\Medical_Affiliation\Models\AcademicIntakeViewModel.cs(65,23): warning CS8618: Non-nullable property 'CollegeCode' must contain a non-null value when exiting constructor. Consider adding the 'required' modifier or declaring the property as nullable. [C:\Users\HP\Downloads\Medical\Medical_Affiliation\Medical_Affiliation.csproj]
C:\Users\HP\Downloads\Medical\Medical_Affiliation\Models\AcademicIntakeViewModel.cs(66,23): warning CS8618: Non-nullable property 'FacultyCode' must contain a non-null value when exiting constructor. Consider adding the 'required' modifier or declaring the property as nullable. [C:\Users\HP\Downloads\Medical\Medical_Affiliation\Medical_Affiliation.csproj]
C:\Users\HP\Downloads\Medical\Medical_Affiliation\Models\AcademicIntakeViewModel.cs(67,23): warning CS8618: Non-nullable property 'TypeOfAffiliation' must contain a non-null value when exiting constructor. Consider adding the 'required' modifier or declaring the property as nullable. [C:\Users\HP\Downloads\Medical\Medical_Affiliation\Medical_Affiliation.csproj]
C:\Users\HP\Downloads\Medical\Medical_Affiliation\Models\AcademicIntakeViewModel.cs(68,23): warning CS8618: Non-nullable property 'CollegeName' must contain a non-null value when exiting constructor. Consider adding the 'required' modifier or declaring the property as nullable. [C:\Users\HP\Downloads\Medical\Medical_Affiliation\Medical_Affiliation.csproj]
C:\Users\HP\Downloads\Medical\Medical_Affiliation\Controllers\AffiliationPgCourseController.cs(90,60): warning CS8601: Possible null reference assignment. [C:\Users\HP\Downloads\Medical\Medical_Affiliation\Medical_Affiliation.csproj]
C:\Users\HP\Downloads\Medical\Medical_Affiliation\Services\Faculty\CAFinanceService.cs(83,61): warning CS8601: Possible null reference assignment. [C:\Users\HP\Downloads\Medical\Medical_Affiliation\Medical_Affiliation.csproj]
C:\Users\HP\Downloads\Medical\Medical_Affiliation\Controllers\AffiliationPgCourseController.cs(136,61): warning CS8601: Possible null reference assignment. [C:\Users\HP\Downloads\Medical\Medical_Affiliation\Medical_Affiliation.csproj]
C:\Users\HP\Downloads\Medical\Medical_Affiliation\Services\Faculty\CAFinanceService.cs(102,52): warning CS8601: Possible null reference assignment. [C:\Users\HP\Downloads\Medical\Medical_Affiliation\Medical_Affiliation.csproj]
C:\Users\HP\Downloads\Medical\Medical_Affiliation\Services\Faculty\CAFinanceService.cs(106,62): warning CS8602: Dereference of a possibly null reference. [C:\Users\HP\Downloads\Medical\Medical_Affiliation\Medical_Affiliation.csproj]
C:\Users\HP\Downloads\Medical\Medical_Affiliation\Services\Faculty\CAFinanceService.cs(107,65): warning CS8602: Dereference of a possibly null reference. [C:\Users\HP\Downloads\Medical\Medical_Affiliation\Medical_Affiliation.csproj]
C:\Users\HP\Downloads\Medical\Medical_Affiliation\Services\Faculty\CAFinanceService.cs(108,67): warning CS8602: Dereference of a possibly null reference. [C:\Users\HP\Downloads\Medical\Medical_Affiliation\Medical_Affiliation.csproj]
C:\Users\HP\Downloads\Medical\Medical_Affiliation\Services\Faculty\CAFinanceService.cs(111,60): warning CS8602: Dereference of a possibly null reference. [C:\Users\HP\Downloads\Medical\Medical_Affiliation\Medical_Affiliation.csproj]
C:\Users\HP\Downloads\Medical\Medical_Affiliation\Services\Faculty\CAFinanceService.cs(112,50): warning CS8602: Dereference of a possibly null reference. [C:\Users\HP\Downloads\Medical\Medical_Affiliation\Medical_Affiliation.csproj]
C:\Users\HP\Downloads\Medical\Medical_Affiliation\Services\Faculty\CAFinanceService.cs(119,20): warning CS8603: Possible null reference return. [C:\Users\HP\Downloads\Medical\Medical_Affiliation\Medical_Affiliation.csproj]
C:\Users\HP\Downloads\Medical\Medical_Affiliation\Services\Faculty\CALandAndEquipmentService.cs(55,20): warning CS8603: Possible null reference return. [C:\Users\HP\Downloads\Medical\Medical_Affiliation\Medical_Affiliation.csproj]
C:\Users\HP\Downloads\Medical\Medical_Affiliation\Views\Aff_Medical\Medical_BasicDetails.cshtml(6,23): warning CS8602: Dereference of a possibly null reference. [C:\Users\HP\Downloads\Medical\Medical_Affiliation\Medical_Affiliation.csproj]
C:\Users\HP\Downloads\Medical\Medical_Affiliation\Services\Faculty\CALibraryService.cs(61,40): warning CS8602: Dereference of a possibly null reference. [C:\Users\HP\Downloads\Medical\Medical_Affiliation\Medical_Affiliation.csproj]
C:\Users\HP\Downloads\Medical\Medical_Affiliation\Services\Faculty\CAAcademicService.cs(46,38): warning CS8601: Possible null reference assignment. [C:\Users\HP\Downloads\Medical\Medical_Affiliation\Medical_Affiliation.csproj]
C:\Users\HP\Downloads\Medical\Medical_Affiliation\Controllers\AffiliationPgCourseController.cs(187,34): warning CS8601: Possible null reference assignment. [C:\Users\HP\Downloads\Medical\Medical_Affiliation\Medical_Affiliation.csproj]
C:\Users\HP\Downloads\Medical\Medical_Affiliation\Services\Faculty\CALandAndEquipmentService.cs(105,38): warning CS8601: Possible null reference assignment. [C:\Users\HP\Downloads\Medical\Medical_Affiliation\Medical_Affiliation.csproj]
C:\Users\HP\Downloads\Medical\Medical_Affiliation\Services\Faculty\CALibraryService.cs(233,20): warning CS8603: Possible null reference return. [C:\Users\HP\Downloads\Medical\Medical_Affiliation\Medical_Affiliation.csproj]
C:\Users\HP\Downloads\Medical\Medical_Affiliation\Controllers\LoginController.cs(432,34): warning CS8600: Converting null literal or possible null value to non-nullable type. [C:\Users\HP\Downloads\Medical\Medical_Affiliation\Medical_Affiliation.csproj]
C:\Users\HP\Downloads\Medical\Medical_Affiliation\Controllers\LoginController.cs(439,36): warning CS8602: Dereference of a possibly null reference. [C:\Users\HP\Downloads\Medical\Medical_Affiliation\Medical_Affiliation.csproj]
C:\Users\HP\Downloads\Medical\Medical_Affiliation\Controllers\LoginController.cs(453,62): warning CS8604: Possible null reference argument for parameter 'facultyCode' in '(string controller, string action) LoginController.SideBarActionAndControllers(string facultyCode, out (string controller, string action) routeInfo)'. [C:\Users\HP\Downloads\Medical\Medical_Affiliation\Medical_Affiliation.csproj]
C:\Users\HP\Downloads\Medical\Medical_Affiliation\Controllers\LoginController.cs(482,32): warning CS8602: Dereference of a possibly null reference. [C:\Users\HP\Downloads\Medical\Medical_Affiliation\Medical_Affiliation.csproj]
C:\Users\HP\Downloads\Medical\Medical_Affiliation\Controllers\LoginController.cs(498,40): warning CS8602: Dereference of a possibly null reference. [C:\Users\HP\Downloads\Medical\Medical_Affiliation\Medical_Affiliation.csproj]
C:\Users\HP\Downloads\Medical\Medical_Affiliation\Controllers\LoginController.cs(522,28): warning CS8601: Possible null reference assignment. [C:\Users\HP\Downloads\Medical\Medical_Affiliation\Medical_Affiliation.csproj]
C:\Users\HP\Downloads\Medical\Medical_Affiliation\Services\Faculty\CALandAndEquipmentService.cs(242,38): warning CS8601: Possible null reference assignment. [C:\Users\HP\Downloads\Medical\Medical_Affiliation\Medical_Affiliation.csproj]
C:\Users\HP\Downloads\Medical\Medical_Affiliation\Services\Faculty\CALandAndEquipmentService.cs(243,41): warning CS8601: Possible null reference assignment. [C:\Users\HP\Downloads\Medical\Medical_Affiliation\Medical_Affiliation.csproj]
C:\Users\HP\Downloads\Medical\Medical_Affiliation\Services\Faculty\CALandAndEquipmentService.cs(244,37): warning CS8601: Possible null reference assignment. [C:\Users\HP\Downloads\Medical\Medical_Affiliation\Medical_Affiliation.csproj]
C:\Users\HP\Downloads\Medical\Medical_Affiliation\Services\Faculty\CALibraryService.cs(274,20): warning CS8603: Possible null reference return. [C:\Users\HP\Downloads\Medical\Medical_Affiliation\Medical_Affiliation.csproj]
C:\Users\HP\Downloads\Medical\Medical_Affiliation\Services\Faculty\CALibraryService.cs(307,20): warning CS8603: Possible null reference return. [C:\Users\HP\Downloads\Medical\Medical_Affiliation\Medical_Affiliation.csproj]
C:\Users\HP\Downloads\Medical\Medical_Affiliation\Services\Faculty\CALibraryService.cs(300,61): warning CS1718: Comparison made to same variable; did you mean to compare something else? [C:\Users\HP\Downloads\Medical\Medical_Affiliation\Medical_Affiliation.csproj]
C:\Users\HP\Downloads\Medical\Medical_Affiliation\Services\Faculty\CALibraryService.cs(340,20): warning CS8603: Possible null reference return. [C:\Users\HP\Downloads\Medical\Medical_Affiliation\Medical_Affiliation.csproj]
C:\Users\HP\Downloads\Medical\Medical_Affiliation\Controllers\LoginController.cs(589,51): warning CS8601: Possible null reference assignment. [C:\Users\HP\Downloads\Medical\Medical_Affiliation\Medical_Affiliation.csproj]
C:\Users\HP\Downloads\Medical\Medical_Affiliation\Controllers\LoginController.cs(617,39): warning CS8619: Nullability of reference types in value of type 'List<string?>' doesn't match target type 'List<string>'. [C:\Users\HP\Downloads\Medical\Medical_Affiliation\Medical_Affiliation.csproj]
C:\Users\HP\Downloads\Medical\Medical_Affiliation\Controllers\LoginController.cs(657,28): warning CS8601: Possible null reference assignment. [C:\Users\HP\Downloads\Medical\Medical_Affiliation\Medical_Affiliation.csproj]
C:\Users\HP\Downloads\Medical\Medical_Affiliation\Controllers\AffiliationPgCourseController.cs(288,34): warning CS8601: Possible null reference assignment. [C:\Users\HP\Downloads\Medical\Medical_Affiliation\Medical_Affiliation.csproj]
C:\Users\HP\Downloads\Medical\Medical_Affiliation\Services\Faculty\CABasicDetailsService.cs(152,20): warning CS8603: Possible null reference return. [C:\Users\HP\Downloads\Medical\Medical_Affiliation\Medical_Affiliation.csproj]
C:\Users\HP\Downloads\Medical\Medical_Affiliation\Views\Aff_Dental\Dental_BasicDetails.cshtml(6,23): warning CS8602: Dereference of a possibly null reference. [C:\Users\HP\Downloads\Medical\Medical_Affiliation\Medical_Affiliation.csproj]
C:\Users\HP\Downloads\Medical\Medical_Affiliation\Views\Aff_Dental\Dental_BasicDetails.cshtml(10,9): warning CS0219: The variable 'currentStep' is assigned but its value is never used [C:\Users\HP\Downloads\Medical\Medical_Affiliation\Medical_Affiliation.csproj]
C:\Users\HP\Downloads\Medical\Medical_Affiliation\Models\SectionOfficerCourseWiseRguhsIntakeViewModel.cs(14,23): warning CS8618: Non-nullable property 'CollegeCode' must contain a non-null value when exiting constructor. Consider adding the 'required' modifier or declaring the property as nullable. [C:\Users\HP\Downloads\Medical\Medical_Affiliation\Medical_Affiliation.csproj]
C:\Users\HP\Downloads\Medical\Medical_Affiliation\Models\SectionOfficerCourseWiseRguhsIntakeViewModel.cs(15,23): warning CS8618: Non-nullable property 'CourseCode' must contain a non-null value when exiting constructor. Consider adding the 'required' modifier or declaring the property as nullable. [C:\Users\HP\Downloads\Medical\Medical_Affiliation\Medical_Affiliation.csproj]
C:\Users\HP\Downloads\Medical\Medical_Affiliation\Models\SectionOfficerCourseWiseRguhsIntakeViewModel.cs(17,23): warning CS8618: Non-nullable property 'Reason' must contain a non-null value when exiting constructor. Consider adding the 'required' modifier or declaring the property as nullable. [C:\Users\HP\Downloads\Medical\Medical_Affiliation\Medical_Affiliation.csproj]
C:\Users\HP\Downloads\Medical\Medical_Affiliation\Models\SectionOfficerCourseWiseRguhsIntakeViewModel.cs(5,48): warning CS8618: Non-nullable property 'collegeCourseIntakeDetails' must contain a non-null value when exiting constructor. Consider adding the 'required' modifier or declaring the property as nullable. [C:\Users\HP\Downloads\Medical\Medical_Affiliation\Medical_Affiliation.csproj]
C:\Users\HP\Downloads\Medical\Medical_Affiliation\Models\SectionOfficerCourseWiseRguhsIntakeViewModel.cs(6,51): warning CS8618: Non-nullable property 'rguhsIntakeChangeAndApprovals' must contain a non-null value when exiting constructor. Consider adding the 'required' modifier or declaring the property as nullable. [C:\Users\HP\Downloads\Medical\Medical_Affiliation\Medical_Affiliation.csproj]
C:\Users\HP\Downloads\Medical\Medical_Affiliation\Models\SectionOfficerCourseWiseRguhsIntakeViewModel.cs(7,30): warning CS8618: Non-nullable property 'faculties' must contain a non-null value when exiting constructor. Consider adding the 'required' modifier or declaring the property as nullable. [C:\Users\HP\Downloads\Medical\Medical_Affiliation\Medical_Affiliation.csproj]
C:\Users\HP\Downloads\Medical\Medical_Affiliation\Models\SectionOfficerCourseWiseRguhsIntakeViewModel.cs(8,23): warning CS8618: Non-nullable property 'SelectedFacultyCode' must contain a non-null value when exiting constructor. Consider adding the 'required' modifier or declaring the property as nullable. [C:\Users\HP\Downloads\Medical\Medical_Affiliation\Medical_Affiliation.csproj]
C:\Users\HP\Downloads\Medical\Medical_Affiliation\Models\SaveFacultyDto.cs(7,23): warning CS8618: Non-nullable property 'DepartmentCode' must contain a non-null value when exiting constructor. Consider adding the 'required' modifier or declaring the property as nullable. [C:\Users\HP\Downloads\Medical\Medical_Affiliation\Medical_Affiliation.csproj]
C:\Users\HP\Downloads\Medical\Medical_Affiliation\Models\SaveFacultyDto.cs(8,23): warning CS8618: Non-nullable property 'NameOftheFaculty' must contain a non-null value when exiting constructor. Consider adding the 'required' modifier or declaring the property as nullable. [C:\Users\HP\Downloads\Medical\Medical_Affiliation\Medical_Affiliation.csproj]
C:\Users\HP\Downloads\Medical\Medical_Affiliation\Models\SaveFacultyDto.cs(9,23): warning CS8618: Non-nullable property 'DesignationCode' must contain a non-null value when exiting constructor. Consider adding the 'required' modifier or declaring the property as nullable. [C:\Users\HP\Downloads\Medical\Medical_Affiliation\Medical_Affiliation.csproj]
C:\Users\HP\Downloads\Medical\Medical_Affiliation\Models\SaveFacultyDto.cs(10,23): warning CS8618: Non-nullable property 'Dob' must contain a non-null value when exiting constructor. Consider adding the 'required' modifier or declaring the property as nullable. [C:\Users\HP\Downloads\Medical\Medical_Affiliation\Medical_Affiliation.csproj]
C:\Users\HP\Downloads\Medical\Medical_Affiliation\Models\SaveFacultyDto.cs(11,23): warning CS8618: Non-nullable property 'DateOfAppointment' must contain a non-null value when exiting constructor. Consider adding the 'required' modifier or declaring the property as nullable. [C:\Users\HP\Downloads\Medical\Medical_Affiliation\Medical_Affiliation.csproj]
C:\Users\HP\Downloads\Medical\Medical_Affiliation\Models\SaveFacultyDto.cs(14,23): warning CS8618: Non-nullable property 'MobileNo' must contain a non-null value when exiting constructor. Consider adding the 'required' modifier or declaring the property as nullable. [C:\Users\HP\Downloads\Medical\Medical_Affiliation\Medical_Affiliation.csproj]
C:\Users\HP\Downloads\Medical\Medical_Affiliation\Models\SaveFacultyDto.cs(15,23): warning CS8618: Non-nullable property 'PanNo' must contain a non-null value when exiting constructor. Consider adding the 'required' modifier or declaring the property as nullable. [C:\Users\HP\Downloads\Medical\Medical_Affiliation\Medical_Affiliation.csproj]
C:\Users\HP\Downloads\Medical\Medical_Affiliation\Models\SaveFacultyDto.cs(17,23): warning CS8618: Non-nullable property 'StateCouncilRegNo' must contain a non-null value when exiting constructor. Consider adding the 'required' modifier or declaring the property as nullable. [C:\Users\HP\Downloads\Medical\Medical_Affiliation\Medical_Affiliation.csproj]
C:\Users\HP\Downloads\Medical\Medical_Affiliation\Models\SaveFacultyDto.cs(19,23): warning CS8618: Non-nullable property 'AEBASAttendId' must contain a non-null value when exiting constructor. Consider adding the 'required' modifier or declaring the property as nullable. [C:\Users\HP\Downloads\Medical\Medical_Affiliation\Medical_Affiliation.csproj]
C:\Users\HP\Downloads\Medical\Medical_Affiliation\Models\SaveFacultyDto.cs(20,23): warning CS8618: Non-nullable property 'ProfessionalQualification' must contain a non-null value when exiting constructor. Consider adding the 'required' modifier or declaring the property as nullable. [C:\Users\HP\Downloads\Medical\Medical_Affiliation\Medical_Affiliation.csproj]
C:\Users\HP\Downloads\Medical\Medical_Affiliation\Models\SaveFacultyDto.cs(21,23): warning CS8618: Non-nullable property 'NatureOfEmployment' must contain a non-null value when exiting constructor. Consider adding the 'required' modifier or declaring the property as nullable. [C:\Users\HP\Downloads\Medical\Medical_Affiliation\Medical_Affiliation.csproj]
C:\Users\HP\Downloads\Medical\Medical_Affiliation\Models\SaveFacultyDto.cs(22,23): warning CS8618: Non-nullable property 'TeachingExpInYrs' must contain a non-null value when exiting constructor. Consider adding the 'required' modifier or declaring the property as nullable. [C:\Users\HP\Downloads\Medical\Medical_Affiliation\Medical_Affiliation.csproj]
C:\Users\HP\Downloads\Medical\Medical_Affiliation\Models\SaveFacultyDto.cs(23,23): warning CS8618: Non-nullable property 'PhotoFilePath' must contain a non-null value when exiting constructor. Consider adding the 'required' modifier or declaring the property as nullable. [C:\Users\HP\Downloads\Medical\Medical_Affiliation\Medical_Affiliation.csproj]
C:\Users\HP\Downloads\Medical\Medical_Affiliation\Models\RecentClaimViewModel.cs(5,23): warning CS8618: Non-nullable property 'MemberName' must contain a non-null value when exiting constructor. Consider adding the 'required' modifier or declaring the property as nullable. [C:\Users\HP\Downloads\Medical\Medical_Affiliation\Medical_Affiliation.csproj]
C:\Users\HP\Downloads\Medical\Medical_Affiliation\Models\RecentClaimViewModel.cs(6,23): warning CS8618: Non-nullable property 'CollegeCode' must contain a non-null value when exiting constructor. Consider adding the 'required' modifier or declaring the property as nullable. [C:\Users\HP\Downloads\Medical\Medical_Affiliation\Medical_Affiliation.csproj]
C:\Users\HP\Downloads\Medical\Medical_Affiliation\Models\RecentClaimViewModel.cs(7,23): warning CS8618: Non-nullable property 'ModeOfTravel' must contain a non-null value when exiting constructor. Consider adding the 'required' modifier or declaring the property as nullable. [C:\Users\HP\Downloads\Medical\Medical_Affiliation\Medical_Affiliation.csproj]
C:\Users\HP\Downloads\Medical\Medical_Affiliation\Models\RecentClaimViewModel.cs(10,23): warning CS8618: Non-nullable property 'ApprovalStatus' must contain a non-null value when exiting constructor. Consider adding the 'required' modifier or declaring the property as nullable. [C:\Users\HP\Downloads\Medical\Medical_Affiliation\Medical_Affiliation.csproj]
C:\Users\HP\Downloads\Medical\Medical_Affiliation\Models\RecentClaimViewModel.cs(11,23): warning CS8618: Non-nullable property 'Remarks' must contain a non-null value when exiting constructor. Consider adding the 'required' modifier or declaring the property as nullable. [C:\Users\HP\Downloads\Medical\Medical_Affiliation\Medical_Affiliation.csproj]
C:\Users\HP\Downloads\Medical\Medical_Affiliation\Models\RecentClaimViewModel.cs(12,23): warning CS8618: Non-nullable property 'ApprovedBy' must contain a non-null value when exiting constructor. Consider adding the 'required' modifier or declaring the property as nullable. [C:\Users\HP\Downloads\Medical\Medical_Affiliation\Medical_Affiliation.csproj]
C:\Users\HP\Downloads\Medical\Medical_Affiliation\Models\PrincipalDeclarationModel.cs(5,23): warning CS8618: Non-nullable property 'PrincipalName' must contain a non-null value when exiting constructor. Consider adding the 'required' modifier or declaring the property as nullable. [C:\Users\HP\Downloads\Medical\Medical_Affiliation\Medical_Affiliation.csproj]
C:\Users\HP\Downloads\Medical\Medical_Affiliation\Models\PrincipalDeclarationModel.cs(6,23): warning CS8618: Non-nullable property 'IsDeclared' must contain a non-null value when exiting constructor. Consider adding the 'required' modifier or declaring the property as nullable. [C:\Users\HP\Downloads\Medical\Medical_Affiliation\Medical_Affiliation.csproj]
C:\Users\HP\Downloads\Medical\Medical_Affiliation\Models\Nursing_YearwiseMaterialsDataViewModel.cs(84,23): warning CS8618: Non-nullable property 'Year1' must contain a non-null value when exiting constructor. Consider adding the 'required' modifier or declaring the property as nullable. [C:\Users\HP\Downloads\Medical\Medical_Affiliation\Medical_Affiliation.csproj]
C:\Users\HP\Downloads\Medical\Medical_Affiliation\Models\Nursing_YearwiseMaterialsDataViewModel.cs(85,23): warning CS8618: Non-nullable property 'Year2' must contain a non-null value when exiting constructor. Consider adding the 'required' modifier or declaring the property as nullable. [C:\Users\HP\Downloads\Medical\Medical_Affiliation\Medical_Affiliation.csproj]
C:\Users\HP\Downloads\Medical\Medical_Affiliation\Models\Nursing_YearwiseMaterialsDataViewModel.cs(86,23): warning CS8618: Non-nullable property 'Year3' must contain a non-null value when exiting constructor. Consider adding the 'required' modifier or declaring the property as nullable. [C:\Users\HP\Downloads\Medical\Medical_Affiliation\Medical_Affiliation.csproj]
C:\Users\HP\Downloads\Medical\Medical_Affiliation\Services\Faculty\CAHospitalAffiliationService.cs(86,35): warning CS8714: The type 'string?' cannot be used as type parameter 'TKey' in the generic type or method 'Enumerable.ToDictionary<TSource, TKey, TElement>(IEnumerable<TSource>, Func<TSource, TKey>, Func<TSource, TElement>)'. Nullability of type argument 'string?' doesn't match 'notnull' constraint. [C:\Users\HP\Downloads\Medical\Medical_Affiliation\Medical_Affiliation.csproj]
C:\Users\HP\Downloads\Medical\Medical_Affiliation\Services\Faculty\CAHospitalAffiliationService.cs(86,87): warning CS8621: Nullability of reference types in return type of 'lambda expression' doesn't match the target delegate 'Func<IGrouping<string?, HospitalDetailsForAffiliation>, string?>' (possibly because of nullability attributes). [C:\Users\HP\Downloads\Medical\Medical_Affiliation\Medical_Affiliation.csproj]
C:\Users\HP\Downloads\Medical\Medical_Affiliation\Services\Faculty\CAHospitalAffiliationService.cs(116,36): warning CS8601: Possible null reference assignment. [C:\Users\HP\Downloads\Medical\Medical_Affiliation\Medical_Affiliation.csproj]
C:\Users\HP\Downloads\Medical\Medical_Affiliation\Services\Faculty\CAHospitalAffiliationService.cs(117,36): warning CS8601: Possible null reference assignment. [C:\Users\HP\Downloads\Medical\Medical_Affiliation\Medical_Affiliation.csproj]
C:\Users\HP\Downloads\Medical\Medical_Affiliation\Services\Faculty\CAHospitalAffiliationService.cs(118,39): warning CS8601: Possible null reference assignment. [C:\Users\HP\Downloads\Medical\Medical_Affiliation\Medical_Affiliation.csproj]
C:\Users\HP\Downloads\Medical\Medical_Affiliation\Services\Faculty\CAHospitalAffiliationService.cs(119,33): warning CS8601: Possible null reference assignment. [C:\Users\HP\Downloads\Medical\Medical_Affiliation\Medical_Affiliation.csproj]
C:\Users\HP\Downloads\Medical\Medical_Affiliation\Services\Faculty\CAHospitalAffiliationService.cs(120,36): warning CS8601: Possible null reference assignment. [C:\Users\HP\Downloads\Medical\Medical_Affiliation\Medical_Affiliation.csproj]
C:\Users\HP\Downloads\Medical\Medical_Affiliation\Services\Faculty\CAHospitalAffiliationService.cs(121,33): warning CS8601: Possible null reference assignment. [C:\Users\HP\Downloads\Medical\Medical_Affiliation\Medical_Affiliation.csproj]
C:\Users\HP\Downloads\Medical\Medical_Affiliation\Services\Faculty\CAHospitalAffiliationService.cs(122,32): warning CS8601: Possible null reference assignment. [C:\Users\HP\Downloads\Medical\Medical_Affiliation\Medical_Affiliation.csproj]
C:\Users\HP\Downloads\Medical\Medical_Affiliation\Models\Nursing_YearwiseMaterialsDataViewModel.cs(66,23): warning CS8618: Non-nullable property 'HospitalType' must contain a non-null value when exiting constructor. Consider adding the 'required' modifier or declaring the property as nullable. [C:\Users\HP\Downloads\Medical\Medical_Affiliation\Medical_Affiliation.csproj]
C:\Users\HP\Downloads\Medical\Medical_Affiliation\Models\Nursing_YearwiseMaterialsDataViewModel.cs(67,23): warning CS8618: Non-nullable property 'ParentHospitalName' must contain a non-null value when exiting constructor. Consider adding the 'required' modifier or declaring the property as nullable. [C:\Users\HP\Downloads\Medical\Medical_Affiliation\Medical_Affiliation.csproj]
C:\Users\HP\Downloads\Medical\Medical_Affiliation\Models\Nursing_YearwiseMaterialsDataViewModel.cs(68,23): warning CS8618: Non-nullable property 'ParentHospitalAddress' must contain a non-null value when exiting constructor. Consider adding the 'required' modifier or declaring the property as nullable. [C:\Users\HP\Downloads\Medical\Medical_Affiliation\Medical_Affiliation.csproj]
C:\Users\HP\Downloads\Medical\Medical_Affiliation\Models\Nursing_YearwiseMaterialsDataViewModel.cs(69,23): warning CS8618: Non-nullable property 'Kpmebeds' must contain a non-null value when exiting constructor. Consider adding the 'required' modifier or declaring the property as nullable. [C:\Users\HP\Downloads\Medical\Medical_Affiliation\Medical_Affiliation.csproj]
C:\Users\HP\Downloads\Medical\Medical_Affiliation\Models\Nursing_YearwiseMaterialsDataViewModel.cs(70,23): warning CS8618: Non-nullable property 'PostBasicBeds' must contain a non-null value when exiting constructor. Consider adding the 'required' modifier or declaring the property as nullable. [C:\Users\HP\Downloads\Medical\Medical_Affiliation\Medical_Affiliation.csproj]
C:\Users\HP\Downloads\Medical\Medical_Affiliation\Models\Nursing_YearwiseMaterialsDataViewModel.cs(71,23): warning CS8618: Non-nullable property 'TotalBeds' must contain a non-null value when exiting constructor. Consider adding the 'required' modifier or declaring the property as nullable. [C:\Users\HP\Downloads\Medical\Medical_Affiliation\Medical_Affiliation.csproj]
C:\Users\HP\Downloads\Medical\Medical_Affiliation\Models\Nursing_YearwiseMaterialsDataViewModel.cs(72,23): warning CS8618: Non-nullable property 'HospitalOwnerName' must contain a non-null value when exiting constructor. Consider adding the 'required' modifier or declaring the property as nullable. [C:\Users\HP\Downloads\Medical\Medical_Affiliation\Medical_Affiliation.csproj]
C:\Users\HP\Downloads\Medical\Medical_Affiliation\Models\Nursing_YearwiseMaterialsDataViewModel.cs(77,51): warning CS8618: Non-nullable property 'Parameters' must contain a non-null value when exiting constructor. Consider adding the 'required' modifier or declaring the property as nullable. [C:\Users\HP\Downloads\Medical\Medical_Affiliation\Medical_Affiliation.csproj]
C:\Users\HP\Downloads\Medical\Medical_Affiliation\Models\Nursing_YearwiseMaterialsDataViewModel.cs(8,23): warning CS8618: Non-nullable property 'CollegeCode' must contain a non-null value when exiting constructor. Consider adding the 'required' modifier or declaring the property as nullable. [C:\Users\HP\Downloads\Medical\Medical_Affiliation\Medical_Affiliation.csproj]
C:\Users\HP\Downloads\Medical\Medical_Affiliation\Models\Nursing_YearwiseMaterialsDataViewModel.cs(9,23): warning CS8618: Non-nullable property 'FacultyCode' must contain a non-null value when exiting constructor. Consider adding the 'required' modifier or declaring the property as nullable. [C:\Users\HP\Downloads\Medical\Medical_Affiliation\Medical_Affiliation.csproj]
C:\Users\HP\Downloads\Medical\Medical_Affiliation\Models\Nursing_YearwiseMaterialsDataViewModel.cs(11,23): warning CS8618: Non-nullable property 'ParametersName' must contain a non-null value when exiting constructor. Consider adding the 'required' modifier or declaring the property as nullable. [C:\Users\HP\Downloads\Medical\Medical_Affiliation\Medical_Affiliation.csproj]
C:\Users\HP\Downloads\Medical\Medical_Affiliation\Models\Nursing_YearwiseMaterialsDataViewModel.cs(12,23): warning CS8618: Non-nullable property 'HospitalType' must contain a non-null value when exiting constructor. Consider adding the 'required' modifier or declaring the property as nullable. [C:\Users\HP\Downloads\Medical\Medical_Affiliation\Medical_Affiliation.csproj]
C:\Users\HP\Downloads\Medical\Medical_Affiliation\Models\Nursing_YearwiseMaterialsDataViewModel.cs(13,23): warning CS8618: Non-nullable property 'Year1' must contain a non-null value when exiting constructor. Consider adding the 'required' modifier or declaring the property as nullable. [C:\Users\HP\Downloads\Medical\Medical_Affiliation\Medical_Affiliation.csproj]
C:\Users\HP\Downloads\Medical\Medical_Affiliation\Models\Nursing_YearwiseMaterialsDataViewModel.cs(14,23): warning CS8618: Non-nullable property 'Year2' must contain a non-null value when exiting constructor. Consider adding the 'required' modifier or declaring the property as nullable. [C:\Users\HP\Downloads\Medical\Medical_Affiliation\Medical_Affiliation.csproj]
C:\Users\HP\Downloads\Medical\Medical_Affiliation\Models\Nursing_YearwiseMaterialsDataViewModel.cs(15,23): warning CS8618: Non-nullable property 'Year3' must contain a non-null value when exiting constructor. Consider adding the 'required' modifier or declaring the property as nullable. [C:\Users\HP\Downloads\Medical\Medical_Affiliation\Medical_Affiliation.csproj]
C:\Users\HP\Downloads\Medical\Medical_Affiliation\Models\Nursing_YearwiseMaterialsDataViewModel.cs(28,26): warning CS8618: Non-nullable property 'ParentHospitalOwnerNameDocFile' must contain a non-null value when exiting constructor. Consider adding the 'required' modifier or declaring the property as nullable. [C:\Users\HP\Downloads\Medical\Medical_Affiliation\Medical_Affiliation.csproj]
C:\Users\HP\Downloads\Medical\Medical_Affiliation\Models\Nursing_YearwiseMaterialsDataViewModel.cs(29,26): warning CS8618: Non-nullable property 'ParentHospitalKpmebedsDocFile' must contain a non-null value when exiting constructor. Consider adding the 'required' modifier or declaring the property as nullable. [C:\Users\HP\Downloads\Medical\Medical_Affiliation\Medical_Affiliation.csproj]
C:\Users\HP\Downloads\Medical\Medical_Affiliation\Models\Nursing_YearwiseMaterialsDataViewModel.cs(41,48): warning CS8618: Non-nullable property 'YearwiseMaterials' must contain a non-null value when exiting constructor. Consider adding the 'required' modifier or declaring the property as nullable. [C:\Users\HP\Downloads\Medical\Medical_Affiliation\Medical_Affiliation.csproj]
C:\Users\HP\Downloads\Medical\Medical_Affiliation\Models\Nursing_YearwiseMaterialsDataViewModel.cs(42,23): warning CS8618: Non-nullable property 'ParentHospitalMoudocAvailable' must contain a non-null value when exiting constructor. Consider adding the 'required' modifier or declaring the property as nullable. [C:\Users\HP\Downloads\Medical\Medical_Affiliation\Medical_Affiliation.csproj]
C:\Users\HP\Downloads\Medical\Medical_Affiliation\Models\Nursing_YearwiseMaterialsDataViewModel.cs(43,23): warning CS8618: Non-nullable property 'ParentHospitalOwnerNameDocAvailable' must contain a non-null value when exiting constructor. Consider adding the 'required' modifier or declaring the property as nullable. [C:\Users\HP\Downloads\Medical\Medical_Affiliation\Medical_Affiliation.csproj]
C:\Users\HP\Downloads\Medical\Medical_Affiliation\Models\Nursing_YearwiseMaterialsDataViewModel.cs(44,23): warning CS8618: Non-nullable property 'ParentHospitalKpmebedsDocAvailable' must contain a non-null value when exiting constructor. Consider adding the 'required' modifier or declaring the property as nullable. [C:\Users\HP\Downloads\Medical\Medical_Affiliation\Medical_Affiliation.csproj]
C:\Users\HP\Downloads\Medical\Medical_Affiliation\Models\Nursing_YearwiseMaterialsDataViewModel.cs(45,23): warning CS8618: Non-nullable property 'ParentHospitalPostBasicDocAvailable' must contain a non-null value when exiting constructor. Consider adding the 'required' modifier or declaring the property as nullable. [C:\Users\HP\Downloads\Medical\Medical_Affiliation\Medical_Affiliation.csproj]
C:\Users\HP\Downloads\Medical\Medical_Affiliation\Models\NursingFacultyViewModel.cs(9,23): warning CS8618: Non-nullable property 'TeachingFacultyName' must contain a non-null value when exiting constructor. Consider adding the 'required' modifier or declaring the property as nullable. [C:\Users\HP\Downloads\Medical\Medical_Affiliation\Medical_Affiliation.csproj]
C:\Users\HP\Downloads\Medical\Medical_Affiliation\Models\NursingFacultyViewModel.cs(10,23): warning CS8618: Non-nullable property 'Designation' must contain a non-null value when exiting constructor. Consider adding the 'required' modifier or declaring the property as nullable. [C:\Users\HP\Downloads\Medical\Medical_Affiliation\Medical_Affiliation.csproj]
C:\Users\HP\Downloads\Medical\Medical_Affiliation\Models\NursingFacultyViewModel.cs(11,23): warning CS8618: Non-nullable property 'AadhaarNumber' must contain a non-null value when exiting constructor. Consider adding the 'required' modifier or declaring the property as nullable. [C:\Users\HP\Downloads\Medical\Medical_Affiliation\Medical_Affiliation.csproj]
C:\Users\HP\Downloads\Medical\Medical_Affiliation\Models\NursingFacultyViewModel.cs(12,23): warning CS8618: Non-nullable property 'PANNumber' must contain a non-null value when exiting constructor. Consider adding the 'required' modifier or declaring the property as nullable. [C:\Users\HP\Downloads\Medical\Medical_Affiliation\Medical_Affiliation.csproj]
C:\Users\HP\Downloads\Medical\Medical_Affiliation\Models\NursingFacultyViewModel.cs(15,23): warning CS8618: Non-nullable property 'Subject' must contain a non-null value when exiting constructor. Consider adding the 'required' modifier or declaring the property as nullable. [C:\Users\HP\Downloads\Medical\Medical_Affiliation\Medical_Affiliation.csproj]
C:\Users\HP\Downloads\Medical\Medical_Affiliation\Models\NursingFacultyViewModel.cs(16,23): warning CS8618: Non-nullable property 'Mobile' must contain a non-null value when exiting constructor. Consider adding the 'required' modifier or declaring the property as nullable. [C:\Users\HP\Downloads\Medical\Medical_Affiliation\Medical_Affiliation.csproj]
C:\Users\HP\Downloads\Medical\Medical_Affiliation\Models\NursingFacultyViewModel.cs(17,23): warning CS8618: Non-nullable property 'Email' must contain a non-null value when exiting constructor. Consider adding the 'required' modifier or declaring the property as nullable. [C:\Users\HP\Downloads\Medical\Medical_Affiliation\Medical_Affiliation.csproj]
C:\Users\HP\Downloads\Medical\Medical_Affiliation\Controllers\LoginController.cs(709,52): warning CS8600: Converting null literal or possible null value to non-nullable type. [C:\Users\HP\Downloads\Medical\Medical_Affiliation\Medical_Affiliation.csproj]
C:\Users\HP\Downloads\Medical\Medical_Affiliation\Controllers\LoginController.cs(714,37): warning CS8600: Converting null literal or possible null value to non-nullable type. [C:\Users\HP\Downloads\Medical\Medical_Affiliation\Medical_Affiliation.csproj]
C:\Users\HP\Downloads\Medical\Medical_Affiliation\Controllers\LoginController.cs(720,53): warning CS8602: Dereference of a possibly null reference. [C:\Users\HP\Downloads\Medical\Medical_Affiliation\Medical_Affiliation.csproj]
C:\Users\HP\Downloads\Medical\Medical_Affiliation\Controllers\LoginController.cs(723,58): warning CS8602: Dereference of a possibly null reference. [C:\Users\HP\Downloads\Medical\Medical_Affiliation\Medical_Affiliation.csproj]
C:\Users\HP\Downloads\Medical\Medical_Affiliation\Controllers\LoginController.cs(724,53): warning CS8602: Dereference of a possibly null reference. [C:\Users\HP\Downloads\Medical\Medical_Affiliation\Medical_Affiliation.csproj]
C:\Users\HP\Downloads\Medical\Medical_Affiliation\Controllers\LoginController.cs(725,49): warning CS8602: Dereference of a possibly null reference. [C:\Users\HP\Downloads\Medical\Medical_Affiliation\Medical_Affiliation.csproj]
C:\Users\HP\Downloads\Medical\Medical_Affiliation\Controllers\LoginController.cs(735,39): warning CS8602: Dereference of a possibly null reference. [C:\Users\HP\Downloads\Medical\Medical_Affiliation\Medical_Affiliation.csproj]
C:\Users\HP\Downloads\Medical\Medical_Affiliation\Controllers\LoginController.cs(737,39): warning CS8602: Dereference of a possibly null reference. [C:\Users\HP\Downloads\Medical\Medical_Affiliation\Medical_Affiliation.csproj]
C:\Users\HP\Downloads\Medical\Medical_Affiliation\Controllers\LoginController.cs(738,44): warning CS8602: Dereference of a possibly null reference. [C:\Users\HP\Downloads\Medical\Medical_Affiliation\Medical_Affiliation.csproj]
C:\Users\HP\Downloads\Medical\Medical_Affiliation\Controllers\LoginController.cs(739,39): warning CS8602: Dereference of a possibly null reference. [C:\Users\HP\Downloads\Medical\Medical_Affiliation\Medical_Affiliation.csproj]
C:\Users\HP\Downloads\Medical\Medical_Affiliation\Controllers\LoginController.cs(740,35): warning CS8602: Dereference of a possibly null reference. [C:\Users\HP\Downloads\Medical\Medical_Affiliation\Medical_Affiliation.csproj]
C:\Users\HP\Downloads\Medical\Medical_Affiliation\Controllers\LoginController.cs(750,113): warning CS8602: Dereference of a possibly null reference. [C:\Users\HP\Downloads\Medical\Medical_Affiliation\Medical_Affiliation.csproj]
C:\Users\HP\Downloads\Medical\Medical_Affiliation\Controllers\LoginController.cs(758,42): warning CS8602: Dereference of a possibly null reference. [C:\Users\HP\Downloads\Medical\Medical_Affiliation\Medical_Affiliation.csproj]
C:\Users\HP\Downloads\Medical\Medical_Affiliation\Controllers\LoginController.cs(760,44): warning CS8601: Possible null reference assignment. [C:\Users\HP\Downloads\Medical\Medical_Affiliation\Medical_Affiliation.csproj]
C:\Users\HP\Downloads\Medical\Medical_Affiliation\Controllers\LoginController.cs(765,85): warning CS8604: Possible null reference argument for parameter 'item' in 'bool List<string>.Contains(string item)'. [C:\Users\HP\Downloads\Medical\Medical_Affiliation\Medical_Affiliation.csproj]
C:\Users\HP\Downloads\Medical\Medical_Affiliation\Controllers\AffiliationPgCourseController.cs(370,34): warning CS8601: Possible null reference assignment. [C:\Users\HP\Downloads\Medical\Medical_Affiliation\Medical_Affiliation.csproj]
C:\Users\HP\Downloads\Medical\Medical_Affiliation\Models\NodalOfficerDetailViewModel.cs(59,23): warning CS8618: Non-nullable property 'UpdatedPassword' must contain a non-null value when exiting constructor. Consider adding the 'required' modifier or declaring the property as nullable. [C:\Users\HP\Downloads\Medical\Medical_Affiliation\Medical_Affiliation.csproj]
C:\Users\HP\Downloads\Medical\Medical_Affiliation\Models\NodalOfficerEditViewModel.cs(6,23): warning CS8618: Non-nullable property 'NodalOfficerName' must contain a non-null value when exiting constructor. Consider adding the 'required' modifier or declaring the property as nullable. [C:\Users\HP\Downloads\Medical\Medical_Affiliation\Medical_Affiliation.csproj]
C:\Users\HP\Downloads\Medical\Medical_Affiliation\Models\NodalOfficerEditViewModel.cs(7,23): warning CS8618: Non-nullable property 'PhoneNumber' must contain a non-null value when exiting constructor. Consider adding the 'required' modifier or declaring the property as nullable. [C:\Users\HP\Downloads\Medical\Medical_Affiliation\Medical_Affiliation.csproj]
C:\Users\HP\Downloads\Medical\Medical_Affiliation\Models\NodalOfficerEditViewModel.cs(8,23): warning CS8618: Non-nullable property 'EmailId' must contain a non-null value when exiting constructor. Consider adding the 'required' modifier or declaring the property as nullable. [C:\Users\HP\Downloads\Medical\Medical_Affiliation\Medical_Affiliation.csproj]
C:\Users\HP\Downloads\Medical\Medical_Affiliation\Models\NodalOfficerEditViewModel.cs(10,50): warning CS8618: Non-nullable property 'InitiativeList' must contain a non-null value when exiting constructor. Consider adding the 'required' modifier or declaring the property as nullable. [C:\Users\HP\Downloads\Medical\Medical_Affiliation\Medical_Affiliation.csproj]
C:\Users\HP\Downloads\Medical\Medical_Affiliation\Models\NodalOfficerDetailViewModel.cs(46,23): warning CS8618: Non-nullable property 'Id' must contain a non-null value when exiting constructor. Consider adding the 'required' modifier or declaring the property as nullable. [C:\Users\HP\Downloads\Medical\Medical_Affiliation\Medical_Affiliation.csproj]
C:\Users\HP\Downloads\Medical\Medical_Affiliation\Models\NodalOfficerDetailViewModel.cs(47,23): warning CS8618: Non-nullable property 'Name' must contain a non-null value when exiting constructor. Consider adding the 'required' modifier or declaring the property as nullable. [C:\Users\HP\Downloads\Medical\Medical_Affiliation\Medical_Affiliation.csproj]
C:\Users\HP\Downloads\Medical\Medical_Affiliation\Models\NodalOfficerDetailViewModel.cs(51,23): warning CS8618: Non-nullable property 'DebugInfo' must contain a non-null value when exiting constructor. Consider adding the 'required' modifier or declaring the property as nullable. [C:\Users\HP\Downloads\Medical\Medical_Affiliation\Medical_Affiliation.csproj]
C:\Users\HP\Downloads\Medical\Medical_Affiliation\Models\NodalOfficerDetailViewModel.cs(8,50): warning CS8618: Non-nullable property 'NodalOfficerDetail' must contain a non-null value when exiting constructor. Consider adding the 'required' modifier or declaring the property as nullable. [C:\Users\HP\Downloads\Medical\Medical_Affiliation\Medical_Affiliation.csproj]
C:\Users\HP\Downloads\Medical\Medical_Affiliation\Models\NodalOfficerDetailViewModel.cs(9,44): warning CS8618: Non-nullable property 'NewOfficer' must contain a non-null value when exiting constructor. Consider adding the 'required' modifier or declaring the property as nullable. [C:\Users\HP\Downloads\Medical\Medical_Affiliation\Medical_Affiliation.csproj]
C:\Users\HP\Downloads\Medical\Medical_Affiliation\Models\NodalOfficerDetailViewModel.cs(10,39): warning CS8618: Non-nullable property 'MasterInitiatives' must contain a non-null value when exiting constructor. Consider adding the 'required' modifier or declaring the property as nullable. [C:\Users\HP\Downloads\Medical\Medical_Affiliation\Medical_Affiliation.csproj]
C:\Users\HP\Downloads\Medical\Medical_Affiliation\Models\NodalOfficerDetailViewModel.cs(12,39): warning CS8618: Non-nullable property 'FreeInitiatives' must contain a non-null value when exiting constructor. Consider adding the 'required' modifier or declaring the property as nullable. [C:\Users\HP\Downloads\Medical\Medical_Affiliation\Medical_Affiliation.csproj]
C:\Users\HP\Downloads\Medical\Medical_Affiliation\Models\NodalOfficerDetailViewModel.cs(38,23): warning CS8618: Non-nullable property 'DeclarationAccepted' must contain a non-null value when exiting constructor. Consider adding the 'required' modifier or declaring the property as nullable. [C:\Users\HP\Downloads\Medical\Medical_Affiliation\Medical_Affiliation.csproj]
C:\Users\HP\Downloads\Medical\Medical_Affiliation\Models\NodalOfficerDetailViewModel.cs(39,37): warning CS8618: Non-nullable property 'FacultyList' must contain a non-null value when exiting constructor. Consider adding the 'required' modifier or declaring the property as nullable. [C:\Users\HP\Downloads\Medical\Medical_Affiliation\Medical_Affiliation.csproj]
C:\Users\HP\Downloads\Medical\Medical_Affiliation\Models\NodalOfficerDetailViewModel.cs(40,37): warning CS8618: Non-nullable property 'CollegeList' must contain a non-null value when exiting constructor. Consider adding the 'required' modifier or declaring the property as nullable. [C:\Users\HP\Downloads\Medical\Medical_Affiliation\Medical_Affiliation.csproj]
C:\Users\HP\Downloads\Medical\Medical_Affiliation\Models\NodalOfficerDetailViewModel.cs(41,50): warning CS8618: Non-nullable property 'InitiativeList' must contain a non-null value when exiting constructor. Consider adding the 'required' modifier or declaring the property as nullable. [C:\Users\HP\Downloads\Medical\Medical_Affiliation\Medical_Affiliation.csproj]
C:\Users\HP\Downloads\Medical\Medical_Affiliation\Models\NodalOfficerAdminViewModel.cs(93,23): warning CS8618: Non-nullable property 'SelectedFaculty' must contain a non-null value when exiting constructor. Consider adding the 'required' modifier or declaring the property as nullable. [C:\Users\HP\Downloads\Medical\Medical_Affiliation\Medical_Affiliation.csproj]
C:\Users\HP\Downloads\Medical\Medical_Affiliation\Models\NodalOfficerAdminViewModel.cs(94,23): warning CS8618: Non-nullable property 'SelectedCollege' must contain a non-null value when exiting constructor. Consider adding the 'required' modifier or declaring the property as nullable. [C:\Users\HP\Downloads\Medical\Medical_Affiliation\Medical_Affiliation.csproj]
C:\Users\HP\Downloads\Medical\Medical_Affiliation\Models\NodalOfficerAdminViewModel.cs(79,23): warning CS8618: Non-nullable property 'CollegeCode' must contain a non-null value when exiting constructor. Consider adding the 'required' modifier or declaring the property as nullable. [C:\Users\HP\Downloads\Medical\Medical_Affiliation\Medical_Affiliation.csproj]
C:\Users\HP\Downloads\Medical\Medical_Affiliation\Models\NodalOfficerAdminViewModel.cs(81,23): warning CS8618: Non-nullable property 'CollegeName' must contain a non-null value when exiting constructor. Consider adding the 'required' modifier or declaring the property as nullable. [C:\Users\HP\Downloads\Medical\Medical_Affiliation\Medical_Affiliation.csproj]
C:\Users\HP\Downloads\Medical\Medical_Affiliation\Models\NodalOfficerAdminViewModel.cs(82,23): warning CS8618: Non-nullable property 'NodalOfficerName' must contain a non-null value when exiting constructor. Consider adding the 'required' modifier or declaring the property as nullable. [C:\Users\HP\Downloads\Medical\Medical_Affiliation\Medical_Affiliation.csproj]
C:\Users\HP\Downloads\Medical\Medical_Affiliation\Models\NodalOfficerAdminViewModel.cs(83,23): warning CS8618: Non-nullable property 'PhoneNumber' must contain a non-null value when exiting constructor. Consider adding the 'required' modifier or declaring the property as nullable. [C:\Users\HP\Downloads\Medical\Medical_Affiliation\Medical_Affiliation.csproj]
C:\Users\HP\Downloads\Medical\Medical_Affiliation\Models\NodalOfficerAdminViewModel.cs(84,23): warning CS8618: Non-nullable property 'EmailId' must contain a non-null value when exiting constructor. Consider adding the 'required' modifier or declaring the property as nullable. [C:\Users\HP\Downloads\Medical\Medical_Affiliation\Medical_Affiliation.csproj]
C:\Users\HP\Downloads\Medical\Medical_Affiliation\Models\NodalOfficerAdminViewModel.cs(85,23): warning CS8618: Non-nullable property 'Initiative' must contain a non-null value when exiting constructor. Consider adding the 'required' modifier or declaring the property as nullable. [C:\Users\HP\Downloads\Medical\Medical_Affiliation\Medical_Affiliation.csproj]
C:\Users\HP\Downloads\Medical\Medical_Affiliation\Models\NodalOfficerAdminViewModel.cs(86,23): warning CS8618: Non-nullable property 'FacultyName' must contain a non-null value when exiting constructor. Consider adding the 'required' modifier or declaring the property as nullable. [C:\Users\HP\Downloads\Medical\Medical_Affiliation\Medical_Affiliation.csproj]
C:\Users\HP\Downloads\Medical\Medical_Affiliation\Services\Faculty\CALandClassEquipmentService.cs(108,35): warning CS8601: Possible null reference assignment. [C:\Users\HP\Downloads\Medical\Medical_Affiliation\Medical_Affiliation.csproj]
C:\Users\HP\Downloads\Medical\Medical_Affiliation\Models\NodalOfficerAdminViewModel.cs(50,23): warning CS8618: Non-nullable property 'CollegeName' must contain a non-null value when exiting constructor. Consider adding the 'required' modifier or declaring the property as nullable. [C:\Users\HP\Downloads\Medical\Medical_Affiliation\Medical_Affiliation.csproj]
C:\Users\HP\Downloads\Medical\Medical_Affiliation\Models\NodalOfficerAdminViewModel.cs(51,23): warning CS8618: Non-nullable property 'NodalOfficerName' must contain a non-null value when exiting constructor. Consider adding the 'required' modifier or declaring the property as nullable. [C:\Users\HP\Downloads\Medical\Medical_Affiliation\Medical_Affiliation.csproj]
C:\Users\HP\Downloads\Medical\Medical_Affiliation\Models\NodalOfficerAdminViewModel.cs(52,23): warning CS8618: Non-nullable property 'PhoneNumber' must contain a non-null value when exiting constructor. Consider adding the 'required' modifier or declaring the property as nullable. [C:\Users\HP\Downloads\Medical\Medical_Affiliation\Medical_Affiliation.csproj]
C:\Users\HP\Downloads\Medical\Medical_Affiliation\Models\NodalOfficerAdminViewModel.cs(53,23): warning CS8618: Non-nullable property 'EmailId' must contain a non-null value when exiting constructor. Consider adding the 'required' modifier or declaring the property as nullable. [C:\Users\HP\Downloads\Medical\Medical_Affiliation\Medical_Affiliation.csproj]
C:\Users\HP\Downloads\Medical\Medical_Affiliation\Models\NodalOfficerAdminViewModel.cs(54,23): warning CS8618: Non-nullable property 'Initiative' must contain a non-null value when exiting constructor. Consider adding the 'required' modifier or declaring the property as nullable. [C:\Users\HP\Downloads\Medical\Medical_Affiliation\Medical_Affiliation.csproj]
C:\Users\HP\Downloads\Medical\Medical_Affiliation\Models\NodalOfficerAdminViewModel.cs(55,23): warning CS8618: Non-nullable property 'FacultyName' must contain a non-null value when exiting constructor. Consider adding the 'required' modifier or declaring the property as nullable. [C:\Users\HP\Downloads\Medical\Medical_Affiliation\Medical_Affiliation.csproj]
C:\Users\HP\Downloads\Medical\Medical_Affiliation\Models\NodalOfficerAdminViewModel.cs(61,23): warning CS8618: Non-nullable property 'CollegeName' must contain a non-null value when exiting constructor. Consider adding the 'required' modifier or declaring the property as nullable. [C:\Users\HP\Downloads\Medical\Medical_Affiliation\Medical_Affiliation.csproj]
C:\Users\HP\Downloads\Medical\Medical_Affiliation\Models\NodalOfficerAdminViewModel.cs(62,23): warning CS8618: Non-nullable property 'Initiative' must contain a non-null value when exiting constructor. Consider adding the 'required' modifier or declaring the property as nullable. [C:\Users\HP\Downloads\Medical\Medical_Affiliation\Medical_Affiliation.csproj]
C:\Users\HP\Downloads\Medical\Medical_Affiliation\Models\NodalOfficerAdminViewModel.cs(63,23): warning CS8618: Non-nullable property 'NodalOfficerName' must contain a non-null value when exiting constructor. Consider adding the 'required' modifier or declaring the property as nullable. [C:\Users\HP\Downloads\Medical\Medical_Affiliation\Medical_Affiliation.csproj]
C:\Users\HP\Downloads\Medical\Medical_Affiliation\Models\NodalOfficerAdminViewModel.cs(64,23): warning CS8618: Non-nullable property 'PhoneNumber' must contain a non-null value when exiting constructor. Consider adding the 'required' modifier or declaring the property as nullable. [C:\Users\HP\Downloads\Medical\Medical_Affiliation\Medical_Affiliation.csproj]
C:\Users\HP\Downloads\Medical\Medical_Affiliation\Models\NodalOfficerAdminViewModel.cs(65,23): warning CS8618: Non-nullable property 'EmailId' must contain a non-null value when exiting constructor. Consider adding the 'required' modifier or declaring the property as nullable. [C:\Users\HP\Downloads\Medical\Medical_Affiliation\Medical_Affiliation.csproj]
C:\Users\HP\Downloads\Medical\Medical_Affiliation\Models\NodalOfficerAdminViewModel.cs(68,23): warning CS8618: Non-nullable property 'SelectedFacultyCode' must contain a non-null value when exiting constructor. Consider adding the 'required' modifier or declaring the property as nullable. [C:\Users\HP\Downloads\Medical\Medical_Affiliation\Medical_Affiliation.csproj]
C:\Users\HP\Downloads\Medical\Medical_Affiliation\Models\NodalOfficerAdminViewModel.cs(69,23): warning CS8618: Non-nullable property 'SelectedCollegeCode' must contain a non-null value when exiting constructor. Consider adding the 'required' modifier or declaring the property as nullable. [C:\Users\HP\Downloads\Medical\Medical_Affiliation\Medical_Affiliation.csproj]
C:\Users\HP\Downloads\Medical\Medical_Affiliation\Models\NodalOfficerAdminViewModel.cs(70,23): warning CS8618: Non-nullable property 'SelectedFaculty' must contain a non-null value when exiting constructor. Consider adding the 'required' modifier or declaring the property as nullable. [C:\Users\HP\Downloads\Medical\Medical_Affiliation\Medical_Affiliation.csproj]
C:\Users\HP\Downloads\Medical\Medical_Affiliation\Models\NodalOfficerAdminViewModel.cs(71,23): warning CS8618: Non-nullable property 'SelectedCollege' must contain a non-null value when exiting constructor. Consider adding the 'required' modifier or declaring the property as nullable. [C:\Users\HP\Downloads\Medical\Medical_Affiliation\Medical_Affiliation.csproj]
C:\Users\HP\Downloads\Medical\Medical_Affiliation\Models\NodalOfficerAdminViewModel.cs(72,37): warning CS8618: Non-nullable property 'Faculties' must contain a non-null value when exiting constructor. Consider adding the 'required' modifier or declaring the property as nullable. [C:\Users\HP\Downloads\Medical\Medical_Affiliation\Medical_Affiliation.csproj]
C:\Users\HP\Downloads\Medical\Medical_Affiliation\Models\NodalOfficerAdminViewModel.cs(73,37): warning CS8618: Non-nullable property 'Colleges' must contain a non-null value when exiting constructor. Consider adding the 'required' modifier or declaring the property as nullable. [C:\Users\HP\Downloads\Medical\Medical_Affiliation\Medical_Affiliation.csproj]
C:\Users\HP\Downloads\Medical\Medical_Affiliation\Models\NodalOfficerAdminViewModel.cs(75,44): warning CS8618: Non-nullable property 'NodalOfficerReport' must contain a non-null value when exiting constructor. Consider adding the 'required' modifier or declaring the property as nullable. [C:\Users\HP\Downloads\Medical\Medical_Affiliation\Medical_Affiliation.csproj]
C:\Users\HP\Downloads\Medical\Medical_Affiliation\Models\NodalOfficerAdminViewModel.cs(38,23): warning CS8618: Non-nullable property 'SelectedFaculty' must contain a non-null value when exiting constructor. Consider adding the 'required' modifier or declaring the property as nullable. [C:\Users\HP\Downloads\Medical\Medical_Affiliation\Medical_Affiliation.csproj]
C:\Users\HP\Downloads\Medical\Medical_Affiliation\Models\NodalOfficerAdminViewModel.cs(39,23): warning CS8618: Non-nullable property 'SelectedCollege' must contain a non-null value when exiting constructor. Consider adding the 'required' modifier or declaring the property as nullable. [C:\Users\HP\Downloads\Medical\Medical_Affiliation\Medical_Affiliation.csproj]
C:\Users\HP\Downloads\Medical\Medical_Affiliation\Models\NodalOfficerAdminViewModel.cs(43,23): warning CS8618: Non-nullable property 'SelectedInitiative' must contain a non-null value when exiting constructor. Consider adding the 'required' modifier or declaring the property as nullable. [C:\Users\HP\Downloads\Medical\Medical_Affiliation\Medical_Affiliation.csproj]
C:\Users\HP\Downloads\Medical\Medical_Affiliation\Models\NodalOfficerAdminViewModel.cs(27,23): warning CS8618: Non-nullable property 'Id' must contain a non-null value when exiting constructor. Consider adding the 'required' modifier or declaring the property as nullable. [C:\Users\HP\Downloads\Medical\Medical_Affiliation\Medical_Affiliation.csproj]
C:\Users\HP\Downloads\Medical\Medical_Affiliation\Models\NodalOfficerAdminViewModel.cs(28,23): warning CS8618: Non-nullable property 'Name' must contain a non-null value when exiting constructor. Consider adding the 'required' modifier or declaring the property as nullable. [C:\Users\HP\Downloads\Medical\Medical_Affiliation\Medical_Affiliation.csproj]
C:\Users\HP\Downloads\Medical\Medical_Affiliation\Models\NodalOfficerAdminViewModel.cs(10,23): warning CS8618: Non-nullable property 'FacultyCode' must contain a non-null value when exiting constructor. Consider adding the 'required' modifier or declaring the property as nullable. [C:\Users\HP\Downloads\Medical\Medical_Affiliation\Medical_Affiliation.csproj]
C:\Users\HP\Downloads\Medical\Medical_Affiliation\Models\NodalOfficerAdminViewModel.cs(11,23): warning CS8618: Non-nullable property 'FacultyName' must contain a non-null value when exiting constructor. Consider adding the 'required' modifier or declaring the property as nullable. [C:\Users\HP\Downloads\Medical\Medical_Affiliation\Medical_Affiliation.csproj]
C:\Users\HP\Downloads\Medical\Medical_Affiliation\Models\NodalOfficerAdminViewModel.cs(12,23): warning CS8618: Non-nullable property 'CollegeCode' must contain a non-null value when exiting constructor. Consider adding the 'required' modifier or declaring the property as nullable. [C:\Users\HP\Downloads\Medical\Medical_Affiliation\Medical_Affiliation.csproj]
C:\Users\HP\Downloads\Medical\Medical_Affiliation\Models\NodalOfficerAdminViewModel.cs(13,23): warning CS8618: Non-nullable property 'CollegeName' must contain a non-null value when exiting constructor. Consider adding the 'required' modifier or declaring the property as nullable. [C:\Users\HP\Downloads\Medical\Medical_Affiliation\Medical_Affiliation.csproj]
C:\Users\HP\Downloads\Medical\Medical_Affiliation\Models\NodalOfficerAdminViewModel.cs(14,23): warning CS8618: Non-nullable property 'NodalOfficerName' must contain a non-null value when exiting constructor. Consider adding the 'required' modifier or declaring the property as nullable. [C:\Users\HP\Downloads\Medical\Medical_Affiliation\Medical_Affiliation.csproj]
C:\Users\HP\Downloads\Medical\Medical_Affiliation\Models\NodalOfficerAdminViewModel.cs(15,23): warning CS8618: Non-nullable property 'PhoneNumber' must contain a non-null value when exiting constructor. Consider adding the 'required' modifier or declaring the property as nullable. [C:\Users\HP\Downloads\Medical\Medical_Affiliation\Medical_Affiliation.csproj]
C:\Users\HP\Downloads\Medical\Medical_Affiliation\Models\NodalOfficerAdminViewModel.cs(16,23): warning CS8618: Non-nullable property 'EmailId' must contain a non-null value when exiting constructor. Consider adding the 'required' modifier or declaring the property as nullable. [C:\Users\HP\Downloads\Medical\Medical_Affiliation\Medical_Affiliation.csproj]
C:\Users\HP\Downloads\Medical\Medical_Affiliation\Controllers\LoginController.cs(838,48): warning CS8601: Possible null reference assignment. [C:\Users\HP\Downloads\Medical\Medical_Affiliation\Medical_Affiliation.csproj]
C:\Users\HP\Downloads\Medical\Medical_Affiliation\Views\Aff_Dental\Dental_UGPG.cshtml(8,23): warning CS8602: Dereference of a possibly null reference. [C:\Users\HP\Downloads\Medical\Medical_Affiliation\Medical_Affiliation.csproj]
C:\Users\HP\Downloads\Medical\Medical_Affiliation\Controllers\AffiliationPgCourseController.cs(443,35): warning CS8601: Possible null reference assignment. [C:\Users\HP\Downloads\Medical\Medical_Affiliation\Medical_Affiliation.csproj]
C:\Users\HP\Downloads\Medical\Medical_Affiliation\Controllers\AffiliationPgCourseController.cs(458,34): warning CS8601: Possible null reference assignment. [C:\Users\HP\Downloads\Medical\Medical_Affiliation\Medical_Affiliation.csproj]
C:\Users\HP\Downloads\Medical\Medical_Affiliation\Views\Aff_Homeopathy\Homeopathy_BasicDetails.cshtml(6,23): warning CS8602: Dereference of a possibly null reference. [C:\Users\HP\Downloads\Medical\Medical_Affiliation\Medical_Affiliation.csproj]
C:\Users\HP\Downloads\Medical\Medical_Affiliation\Models\Nursing_YearwiseMaterialsDataViewModel.cs(50,23): warning CS8618: Non-nullable property 'CollegeCode' must contain a non-null value when exiting constructor. Consider adding the 'required' modifier or declaring the property as nullable. [C:\Users\HP\Downloads\Medical\Medical_Affiliation\Medical_Affiliation.csproj]
C:\Users\HP\Downloads\Medical\Medical_Affiliation\Models\Nursing_YearwiseMaterialsDataViewModel.cs(51,23): warning CS8618: Non-nullable property 'ParentHospitalName' must contain a non-null value when exiting constructor. Consider adding the 'required' modifier or declaring the property as nullable. [C:\Users\HP\Downloads\Medical\Medical_Affiliation\Medical_Affiliation.csproj]
C:\Users\HP\Downloads\Medical\Medical_Affiliation\Models\Nursing_YearwiseMaterialsDataViewModel.cs(52,23): warning CS8618: Non-nullable property 'ParentHospitalAddress' must contain a non-null value when exiting constructor. Consider adding the 'required' modifier or declaring the property as nullable. [C:\Users\HP\Downloads\Medical\Medical_Affiliation\Medical_Affiliation.csproj]
C:\Users\HP\Downloads\Medical\Medical_Affiliation\Models\Nursing_YearwiseMaterialsDataViewModel.cs(53,23): warning CS8618: Non-nullable property 'HospitalOwnerName' must contain a non-null value when exiting constructor. Consider adding the 'required' modifier or declaring the property as nullable. [C:\Users\HP\Downloads\Medical\Medical_Affiliation\Medical_Affiliation.csproj]
C:\Users\HP\Downloads\Medical\Medical_Affiliation\Models\Nursing_YearwiseMaterialsDataViewModel.cs(54,23): warning CS8618: Non-nullable property 'Kpmebeds' must contain a non-null value when exiting constructor. Consider adding the 'required' modifier or declaring the property as nullable. [C:\Users\HP\Downloads\Medical\Medical_Affiliation\Medical_Affiliation.csproj]
C:\Users\HP\Downloads\Medical\Medical_Affiliation\Models\Nursing_YearwiseMaterialsDataViewModel.cs(55,23): warning CS8618: Non-nullable property 'PostBasicBeds' must contain a non-null value when exiting constructor. Consider adding the 'required' modifier or declaring the property as nullable. [C:\Users\HP\Downloads\Medical\Medical_Affiliation\Medical_Affiliation.csproj]
C:\Users\HP\Downloads\Medical\Medical_Affiliation\Models\Nursing_YearwiseMaterialsDataViewModel.cs(56,23): warning CS8618: Non-nullable property 'TotalBeds' must contain a non-null value when exiting constructor. Consider adding the 'required' modifier or declaring the property as nullable. [C:\Users\HP\Downloads\Medical\Medical_Affiliation\Medical_Affiliation.csproj]
C:\Users\HP\Downloads\Medical\Medical_Affiliation\Models\Nursing_YearwiseMaterialsDataViewModel.cs(57,23): warning CS8618: Non-nullable property 'ParentHospitalKpmebedsDoc' must contain a non-null value when exiting constructor. Consider adding the 'required' modifier or declaring the property as nullable. [C:\Users\HP\Downloads\Medical\Medical_Affiliation\Medical_Affiliation.csproj]
C:\Users\HP\Downloads\Medical\Medical_Affiliation\Models\Nursing_YearwiseMaterialsDataViewModel.cs(58,23): warning CS8618: Non-nullable property 'ParentHospitalMoudoc' must contain a non-null value when exiting constructor. Consider adding the 'required' modifier or declaring the property as nullable. [C:\Users\HP\Downloads\Medical\Medical_Affiliation\Medical_Affiliation.csproj]
C:\Users\HP\Downloads\Medical\Medical_Affiliation\Models\Nursing_YearwiseMaterialsDataViewModel.cs(59,23): warning CS8618: Non-nullable property 'ParentHospitalOwnerNameDoc' must contain a non-null value when exiting constructor. Consider adding the 'required' modifier or declaring the property as nullable. [C:\Users\HP\Downloads\Medical\Medical_Affiliation\Medical_Affiliation.csproj]
C:\Users\HP\Downloads\Medical\Medical_Affiliation\Models\Nursing_YearwiseMaterialsDataViewModel.cs(60,23): warning CS8618: Non-nullable property 'ParentHospitalPostBasicDoc' must contain a non-null value when exiting constructor. Consider adding the 'required' modifier or declaring the property as nullable. [C:\Users\HP\Downloads\Medical\Medical_Affiliation\Medical_Affiliation.csproj]
C:\Users\HP\Downloads\Medical\Medical_Affiliation\Models\Nursing_YearwiseMaterialsDataViewModel.cs(61,61): warning CS8618: Non-nullable property 'YearwiseMaterials' must contain a non-null value when exiting constructor. Consider adding the 'required' modifier or declaring the property as nullable. [C:\Users\HP\Downloads\Medical\Medical_Affiliation\Medical_Affiliation.csproj]
C:\Users\HP\Downloads\Medical\Medical_Affiliation\Models\MedicalVm.cs(153,23): warning CS8618: Non-nullable property 'FacultyCode' must contain a non-null value when exiting constructor. Consider adding the 'required' modifier or declaring the property as nullable. [C:\Users\HP\Downloads\Medical\Medical_Affiliation\Medical_Affiliation.csproj]
C:\Users\HP\Downloads\Medical\Medical_Affiliation\Models\MedicalVm.cs(154,23): warning CS8618: Non-nullable property 'CollegeCode' must contain a non-null value when exiting constructor. Consider adding the 'required' modifier or declaring the property as nullable. [C:\Users\HP\Downloads\Medical\Medical_Affiliation\Medical_Affiliation.csproj]
C:\Users\HP\Downloads\Medical\Medical_Affiliation\Models\MedicalVm.cs(126,23): warning CS8618: Non-nullable property 'FacultyCode' must contain a non-null value when exiting constructor. Consider adding the 'required' modifier or declaring the property as nullable. [C:\Users\HP\Downloads\Medical\Medical_Affiliation\Medical_Affiliation.csproj]
C:\Users\HP\Downloads\Medical\Medical_Affiliation\Models\MedicalVm.cs(127,23): warning CS8618: Non-nullable property 'CollegeCode' must contain a non-null value when exiting constructor. Consider adding the 'required' modifier or declaring the property as nullable. [C:\Users\HP\Downloads\Medical\Medical_Affiliation\Medical_Affiliation.csproj]
C:\Users\HP\Downloads\Medical\Medical_Affiliation\Models\MedicalVm.cs(131,23): warning CS8618: Non-nullable property 'TrustMemberName' must contain a non-null value when exiting constructor. Consider adding the 'required' modifier or declaring the property as nullable. [C:\Users\HP\Downloads\Medical\Medical_Affiliation\Medical_Affiliation.csproj]
C:\Users\HP\Downloads\Medical\Medical_Affiliation\Models\MedicalVm.cs(133,23): warning CS8618: Non-nullable property 'Qualification' must contain a non-null value when exiting constructor. Consider adding the 'required' modifier or declaring the property as nullable. [C:\Users\HP\Downloads\Medical\Medical_Affiliation\Medical_Affiliation.csproj]
C:\Users\HP\Downloads\Medical\Medical_Affiliation\Models\MedicalVm.cs(137,23): warning CS8618: Non-nullable property 'MobileNumber' must contain a non-null value when exiting constructor. Consider adding the 'required' modifier or declaring the property as nullable. [C:\Users\HP\Downloads\Medical\Medical_Affiliation\Medical_Affiliation.csproj]
C:\Users\HP\Downloads\Medical\Medical_Affiliation\Models\MedicalVm.cs(143,23): warning CS8618: Non-nullable property 'JoiningDateString' must contain a non-null value when exiting constructor. Consider adding the 'required' modifier or declaring the property as nullable. [C:\Users\HP\Downloads\Medical\Medical_Affiliation\Medical_Affiliation.csproj]
C:\Users\HP\Downloads\Medical\Medical_Affiliation\Models\MedicalViewModels.cs(95,27): warning CS8618: Non-nullable property 'ParametersName' must contain a non-null value when exiting constructor. Consider adding the 'required' modifier or declaring the property as nullable. [C:\Users\HP\Downloads\Medical\Medical_Affiliation\Medical_Affiliation.csproj]
C:\Users\HP\Downloads\Medical\Medical_Affiliation\Models\MedicalViewModels.cs(96,27): warning CS8618: Non-nullable property 'CollegeCode' must contain a non-null value when exiting constructor. Consider adding the 'required' modifier or declaring the property as nullable. [C:\Users\HP\Downloads\Medical\Medical_Affiliation\Medical_Affiliation.csproj]
C:\Users\HP\Downloads\Medical\Medical_Affiliation\Models\MedicalViewModels.cs(97,27): warning CS8618: Non-nullable property 'FacultyCode' must contain a non-null value when exiting constructor. Consider adding the 'required' modifier or declaring the property as nullable. [C:\Users\HP\Downloads\Medical\Medical_Affiliation\Medical_Affiliation.csproj]
C:\Users\HP\Downloads\Medical\Medical_Affiliation\Models\MedicalViewModels.cs(102,27): warning CS8618: Non-nullable property 'ParentHospitalName' must contain a non-null value when exiting constructor. Consider adding the 'required' modifier or declaring the property as nullable. [C:\Users\HP\Downloads\Medical\Medical_Affiliation\Medical_Affiliation.csproj]
C:\Users\HP\Downloads\Medical\Medical_Affiliation\Models\MedicalViewModels.cs(103,27): warning CS8618: Non-nullable property 'ParentHospitalAddress' must contain a non-null value when exiting constructor. Consider adding the 'required' modifier or declaring the property as nullable. [C:\Users\HP\Downloads\Medical\Medical_Affiliation\Medical_Affiliation.csproj]
C:\Users\HP\Downloads\Medical\Medical_Affiliation\Models\MedicalViewModels.cs(104,27): warning CS8618: Non-nullable property 'HospitalOwnerName' must contain a non-null value when exiting constructor. Consider adding the 'required' modifier or declaring the property as nullable. [C:\Users\HP\Downloads\Medical\Medical_Affiliation\Medical_Affiliation.csproj]
C:\Users\HP\Downloads\Medical\Medical_Affiliation\Models\MedicalViewModels.cs(105,27): warning CS8618: Non-nullable property 'HospitalType' must contain a non-null value when exiting constructor. Consider adding the 'required' modifier or declaring the property as nullable. [C:\Users\HP\Downloads\Medical\Medical_Affiliation\Medical_Affiliation.csproj]
C:\Users\HP\Downloads\Medical\Medical_Affiliation\Models\MedicalViewModels.cs(73,27): warning CS8618: Non-nullable property 'CollegeCode' must contain a non-null value when exiting constructor. Consider adding the 'required' modifier or declaring the property as nullable. [C:\Users\HP\Downloads\Medical\Medical_Affiliation\Medical_Affiliation.csproj]
C:\Users\HP\Downloads\Medical\Medical_Affiliation\Models\MedicalViewModels.cs(74,27): warning CS8618: Non-nullable property 'DepartmentCode' must contain a non-null value when exiting constructor. Consider adding the 'required' modifier or declaring the property as nullable. [C:\Users\HP\Downloads\Medical\Medical_Affiliation\Medical_Affiliation.csproj]
C:\Users\HP\Downloads\Medical\Medical_Affiliation\Models\MedicalViewModels.cs(75,27): warning CS8618: Non-nullable property 'DepartmentName' must contain a non-null value when exiting constructor. Consider adding the 'required' modifier or declaring the property as nullable. [C:\Users\HP\Downloads\Medical\Medical_Affiliation\Medical_Affiliation.csproj]
C:\Users\HP\Downloads\Medical\Medical_Affiliation\Models\MedicalViewModels.cs(76,27): warning CS8618: Non-nullable property 'FacultyCode' must contain a non-null value when exiting constructor. Consider adding the 'required' modifier or declaring the property as nullable. [C:\Users\HP\Downloads\Medical\Medical_Affiliation\Medical_Affiliation.csproj]
C:\Users\HP\Downloads\Medical\Medical_Affiliation\Models\MedicalViewModels.cs(77,27): warning CS8618: Non-nullable property 'Faculty' must contain a non-null value when exiting constructor. Consider adding the 'required' modifier or declaring the property as nullable. [C:\Users\HP\Downloads\Medical\Medical_Affiliation\Medical_Affiliation.csproj]
C:\Users\HP\Downloads\Medical\Medical_Affiliation\Models\MedicalViewModels.cs(79,27): warning CS8618: Non-nullable property 'DesignationCode' must contain a non-null value when exiting constructor. Consider adding the 'required' modifier or declaring the property as nullable. [C:\Users\HP\Downloads\Medical\Medical_Affiliation\Medical_Affiliation.csproj]
C:\Users\HP\Downloads\Medical\Medical_Affiliation\Models\MedicalViewModels.cs(80,27): warning CS8618: Non-nullable property 'DesignationName' must contain a non-null value when exiting constructor. Consider adding the 'required' modifier or declaring the property as nullable. [C:\Users\HP\Downloads\Medical\Medical_Affiliation\Medical_Affiliation.csproj]
C:\Users\HP\Downloads\Medical\Medical_Affiliation\Models\MedicalViewModels.cs(83,27): warning CS8618: Non-nullable property 'SeatSlabId' must contain a non-null value when exiting constructor. Consider adding the 'required' modifier or declaring the property as nullable. [C:\Users\HP\Downloads\Medical\Medical_Affiliation\Medical_Affiliation.csproj]
C:\Users\HP\Downloads\Medical\Medical_Affiliation\Models\MedicalViewModels.cs(86,27): warning CS8618: Non-nullable property 'ExistingSeatIntake' must contain a non-null value when exiting constructor. Consider adding the 'required' modifier or declaring the property as nullable. [C:\Users\HP\Downloads\Medical\Medical_Affiliation\Medical_Affiliation.csproj]
C:\Users\HP\Downloads\Medical\Medical_Affiliation\Models\MedicalViewModels.cs(87,27): warning CS8618: Non-nullable property 'PresentSeatIntake' must contain a non-null value when exiting constructor. Consider adding the 'required' modifier or declaring the property as nullable. [C:\Users\HP\Downloads\Medical\Medical_Affiliation\Medical_Affiliation.csproj]
C:\Users\HP\Downloads\Medical\Medical_Affiliation\Models\MedicalViewModels.cs(62,27): warning CS8618: Non-nullable property 'ParametersName' must contain a non-null value when exiting constructor. Consider adding the 'required' modifier or declaring the property as nullable. [C:\Users\HP\Downloads\Medical\Medical_Affiliation\Medical_Affiliation.csproj]
C:\Users\HP\Downloads\Medical\Medical_Affiliation\Models\MedicalViewModels.cs(63,27): warning CS8618: Non-nullable property 'CollegeCode' must contain a non-null value when exiting constructor. Consider adding the 'required' modifier or declaring the property as nullable. [C:\Users\HP\Downloads\Medical\Medical_Affiliation\Medical_Affiliation.csproj]
C:\Users\HP\Downloads\Medical\Medical_Affiliation\Models\MedicalViewModels.cs(64,27): warning CS8618: Non-nullable property 'FacultyCode' must contain a non-null value when exiting constructor. Consider adding the 'required' modifier or declaring the property as nullable. [C:\Users\HP\Downloads\Medical\Medical_Affiliation\Medical_Affiliation.csproj]
C:\Users\HP\Downloads\Medical\Medical_Affiliation\Models\MedicalViewModels.cs(48,27): warning CS8618: Non-nullable property 'ParametersName' must contain a non-null value when exiting constructor. Consider adding the 'required' modifier or declaring the property as nullable. [C:\Users\HP\Downloads\Medical\Medical_Affiliation\Medical_Affiliation.csproj]
C:\Users\HP\Downloads\Medical\Medical_Affiliation\Models\MedicalViewModels.cs(49,27): warning CS8618: Non-nullable property 'CollegeCode' must contain a non-null value when exiting constructor. Consider adding the 'required' modifier or declaring the property as nullable. [C:\Users\HP\Downloads\Medical\Medical_Affiliation\Medical_Affiliation.csproj]
C:\Users\HP\Downloads\Medical\Medical_Affiliation\Models\MedicalViewModels.cs(50,27): warning CS8618: Non-nullable property 'FacultyCode' must contain a non-null value when exiting constructor. Consider adding the 'required' modifier or declaring the property as nullable. [C:\Users\HP\Downloads\Medical\Medical_Affiliation\Medical_Affiliation.csproj]
C:\Users\HP\Downloads\Medical\Medical_Affiliation\Models\MedicalVm.cs(18,23): warning CS8618: Non-nullable property 'FacultyCode' must contain a non-null value when exiting constructor. Consider adding the 'required' modifier or declaring the property as nullable. [C:\Users\HP\Downloads\Medical\Medical_Affiliation\Medical_Affiliation.csproj]
C:\Users\HP\Downloads\Medical\Medical_Affiliation\Models\MedicalVm.cs(19,27): warning CS8618: Non-nullable property 'CollegeCode' must contain a non-null value when exiting constructor. Consider adding the 'required' modifier or declaring the property as nullable. [C:\Users\HP\Downloads\Medical\Medical_Affiliation\Medical_Affiliation.csproj]
C:\Users\HP\Downloads\Medical\Medical_Affiliation\Models\MedicalVm.cs(34,27): warning CS8618: Non-nullable property 'Address' must contain a non-null value when exiting constructor. Consider adding the 'required' modifier or declaring the property as nullable. [C:\Users\HP\Downloads\Medical\Medical_Affiliation\Medical_Affiliation.csproj]
C:\Users\HP\Downloads\Medical\Medical_Affiliation\Models\MedicalVm.cs(35,27): warning CS8618: Non-nullable property 'PinCode' must contain a non-null value when exiting constructor. Consider adding the 'required' modifier or declaring the property as nullable. [C:\Users\HP\Downloads\Medical\Medical_Affiliation\Medical_Affiliation.csproj]
C:\Users\HP\Downloads\Medical\Medical_Affiliation\Models\MedicalVm.cs(36,27): warning CS8618: Non-nullable property 'MobileNumber' must contain a non-null value when exiting constructor. Consider adding the 'required' modifier or declaring the property as nullable. [C:\Users\HP\Downloads\Medical\Medical_Affiliation\Medical_Affiliation.csproj]
C:\Users\HP\Downloads\Medical\Medical_Affiliation\Models\MedicalVm.cs(37,27): warning CS8618: Non-nullable property 'StdCode' must contain a non-null value when exiting constructor. Consider adding the 'required' modifier or declaring the property as nullable. [C:\Users\HP\Downloads\Medical\Medical_Affiliation\Medical_Affiliation.csproj]
C:\Users\HP\Downloads\Medical\Medical_Affiliation\Models\MedicalVm.cs(38,27): warning CS8618: Non-nullable property 'Fax' must contain a non-null value when exiting constructor. Consider adding the 'required' modifier or declaring the property as nullable. [C:\Users\HP\Downloads\Medical\Medical_Affiliation\Medical_Affiliation.csproj]
C:\Users\HP\Downloads\Medical\Medical_Affiliation\Models\MedicalVm.cs(40,27): warning CS8618: Non-nullable property 'EmailId' must contain a non-null value when exiting constructor. Consider adding the 'required' modifier or declaring the property as nullable. [C:\Users\HP\Downloads\Medical\Medical_Affiliation\Medical_Affiliation.csproj]
C:\Users\HP\Downloads\Medical\Medical_Affiliation\Models\MedicalVm.cs(50,27): warning CS8618: Non-nullable property 'TrustName' must contain a non-null value when exiting constructor. Consider adding the 'required' modifier or declaring the property as nullable. [C:\Users\HP\Downloads\Medical\Medical_Affiliation\Medical_Affiliation.csproj]
C:\Users\HP\Downloads\Medical\Medical_Affiliation\Models\MedicalVm.cs(51,27): warning CS8618: Non-nullable property 'PresidentName' must contain a non-null value when exiting constructor. Consider adding the 'required' modifier or declaring the property as nullable. [C:\Users\HP\Downloads\Medical\Medical_Affiliation\Medical_Affiliation.csproj]
C:\Users\HP\Downloads\Medical\Medical_Affiliation\Models\MedicalVm.cs(54,27): warning CS8618: Non-nullable property 'PANNumber' must contain a non-null value when exiting constructor. Consider adding the 'required' modifier or declaring the property as nullable. [C:\Users\HP\Downloads\Medical\Medical_Affiliation\Medical_Affiliation.csproj]
C:\Users\HP\Downloads\Medical\Medical_Affiliation\Models\MedicalVm.cs(55,27): warning CS8618: Non-nullable property 'RegistrationNumber' must contain a non-null value when exiting constructor. Consider adding the 'required' modifier or declaring the property as nullable. [C:\Users\HP\Downloads\Medical\Medical_Affiliation\Medical_Affiliation.csproj]
C:\Users\HP\Downloads\Medical\Medical_Affiliation\Models\MedicalVm.cs(71,27): warning CS8618: Non-nullable property 'CategoryOfOrganisation' must contain a non-null value when exiting constructor. Consider adding the 'required' modifier or declaring the property as nullable. [C:\Users\HP\Downloads\Medical\Medical_Affiliation\Medical_Affiliation.csproj]
C:\Users\HP\Downloads\Medical\Medical_Affiliation\Models\MedicalVm.cs(72,27): warning CS8618: Non-nullable property 'ContactPersonName' must contain a non-null value when exiting constructor. Consider adding the 'required' modifier or declaring the property as nullable. [C:\Users\HP\Downloads\Medical\Medical_Affiliation\Medical_Affiliation.csproj]
C:\Users\HP\Downloads\Medical\Medical_Affiliation\Models\MedicalVm.cs(73,27): warning CS8618: Non-nullable property 'ContactPersonRelation' must contain a non-null value when exiting constructor. Consider adding the 'required' modifier or declaring the property as nullable. [C:\Users\HP\Downloads\Medical\Medical_Affiliation\Medical_Affiliation.csproj]
C:\Users\HP\Downloads\Medical\Medical_Affiliation\Models\MedicalVm.cs(74,27): warning CS8618: Non-nullable property 'ContactPersonMobile' must contain a non-null value when exiting constructor. Consider adding the 'required' modifier or declaring the property as nullable. [C:\Users\HP\Downloads\Medical\Medical_Affiliation\Medical_Affiliation.csproj]
C:\Users\HP\Downloads\Medical\Medical_Affiliation\Models\MedicalVm.cs(104,30): warning CS8618: Non-nullable property 'KSDCcertificateFile' must contain a non-null value when exiting constructor. Consider adding the 'required' modifier or declaring the property as nullable. [C:\Users\HP\Downloads\Medical\Medical_Affiliation\Medical_Affiliation.csproj]
C:\Users\HP\Downloads\Medical\Medical_Affiliation\Models\MedicalVm.cs(110,30): warning CS8618: Non-nullable property 'PANFile' must contain a non-null value when exiting constructor. Consider adding the 'required' modifier or declaring the property as nullable. [C:\Users\HP\Downloads\Medical\Medical_Affiliation\Medical_Affiliation.csproj]
C:\Users\HP\Downloads\Medical\Medical_Affiliation\Models\MedicalVm.cs(112,30): warning CS8618: Non-nullable property 'BankStatementFile' must contain a non-null value when exiting constructor. Consider adding the 'required' modifier or declaring the property as nullable. [C:\Users\HP\Downloads\Medical\Medical_Affiliation\Medical_Affiliation.csproj]
C:\Users\HP\Downloads\Medical\Medical_Affiliation\Models\MedicalVm.cs(114,30): warning CS8618: Non-nullable property 'RegistrationCertificateFile' must contain a non-null value when exiting constructor. Consider adding the 'required' modifier or declaring the property as nullable. [C:\Users\HP\Downloads\Medical\Medical_Affiliation\Medical_Affiliation.csproj]
C:\Users\HP\Downloads\Medical\Medical_Affiliation\Models\MedicalVm.cs(118,26): warning CS8618: Non-nullable property 'DCIcertificateFile' must contain a non-null value when exiting constructor. Consider adding the 'required' modifier or declaring the property as nullable. [C:\Users\HP\Downloads\Medical\Medical_Affiliation\Medical_Affiliation.csproj]
C:\Users\HP\Downloads\Medical\Medical_Affiliation\Models\MedicalVm.cs(120,30): warning CS8618: Non-nullable property 'AuditStatementFile' must contain a non-null value when exiting constructor. Consider adding the 'required' modifier or declaring the property as nullable. [C:\Users\HP\Downloads\Medical\Medical_Affiliation\Medical_Affiliation.csproj]
C:\Users\HP\Downloads\Medical\Medical_Affiliation\Models\MedicalLibraryPartOneViewModel.cs(91,23): warning CS8618: Non-nullable property 'DepartmentName' must contain a non-null value when exiting constructor. Consider adding the 'required' modifier or declaring the property as nullable. [C:\Users\HP\Downloads\Medical\Medical_Affiliation\Medical_Affiliation.csproj]
C:\Users\HP\Downloads\Medical\Medical_Affiliation\Models\MedicalLibraryPartOneViewModel.cs(60,23): warning CS8618: Non-nullable property 'ServiceName' must contain a non-null value when exiting constructor. Consider adding the 'required' modifier or declaring the property as nullable. [C:\Users\HP\Downloads\Medical\Medical_Affiliation\Medical_Affiliation.csproj]
C:\Users\HP\Downloads\Medical\Medical_Affiliation\Models\MedicalInstituteDetailViewModel.cs(297,23): warning CS8618: Non-nullable property 'FacultyCode' must contain a non-null value when exiting constructor. Consider adding the 'required' modifier or declaring the property as nullable. [C:\Users\HP\Downloads\Medical\Medical_Affiliation\Medical_Affiliation.csproj]
C:\Users\HP\Downloads\Medical\Medical_Affiliation\Models\MedicalInstituteDetailViewModel.cs(298,23): warning CS8618: Non-nullable property 'CollegeCode' must contain a non-null value when exiting constructor. Consider adding the 'required' modifier or declaring the property as nullable. [C:\Users\HP\Downloads\Medical\Medical_Affiliation\Medical_Affiliation.csproj]
C:\Users\HP\Downloads\Medical\Medical_Affiliation\Models\MedicalInstituteDetailViewModel.cs(195,23): warning CS8618: Non-nullable property 'CourseCode' must contain a non-null value when exiting constructor. Consider adding the 'required' modifier or declaring the property as nullable. [C:\Users\HP\Downloads\Medical\Medical_Affiliation\Medical_Affiliation.csproj]
C:\Users\HP\Downloads\Medical\Medical_Affiliation\Models\MedicalInstituteDetailViewModel.cs(196,23): warning CS8618: Non-nullable property 'CourseName' must contain a non-null value when exiting constructor. Consider adding the 'required' modifier or declaring the property as nullable. [C:\Users\HP\Downloads\Medical\Medical_Affiliation\Medical_Affiliation.csproj]
C:\Users\HP\Downloads\Medical\Medical_Affiliation\Models\MedicalInstituteDetailViewModel.cs(278,23): warning CS8618: Non-nullable property 'SSIntake' must contain a non-null value when exiting constructor. Consider adding the 'required' modifier or declaring the property as nullable. [C:\Users\HP\Downloads\Medical\Medical_Affiliation\Medical_Affiliation.csproj]
C:\Users\HP\Downloads\Medical\Medical_Affiliation\Models\MedicalInstituteDetailViewModel.cs(279,23): warning CS8618: Non-nullable property 'Course' must contain a non-null value when exiting constructor. Consider adding the 'required' modifier or declaring the property as nullable. [C:\Users\HP\Downloads\Medical\Medical_Affiliation\Medical_Affiliation.csproj]
C:\Users\HP\Downloads\Medical\Medical_Affiliation\Models\MedicalInstituteDetailViewModel.cs(280,23): warning CS8618: Non-nullable property 'FreshOrIncrease' must contain a non-null value when exiting constructor. Consider adding the 'required' modifier or declaring the property as nullable. [C:\Users\HP\Downloads\Medical\Medical_Affiliation\Medical_Affiliation.csproj]
C:\Users\HP\Downloads\Medical\Medical_Affiliation\Models\MedicalInstituteDetailViewModel.cs(282,23): warning CS8618: Non-nullable property 'NumberOfSeats' must contain a non-null value when exiting constructor. Consider adding the 'required' modifier or declaring the property as nullable. [C:\Users\HP\Downloads\Medical\Medical_Affiliation\Medical_Affiliation.csproj]
C:\Users\HP\Downloads\Medical\Medical_Affiliation\Models\MedicalInstituteDetailViewModel.cs(283,23): warning CS8618: Non-nullable property 'PermittedYear' must contain a non-null value when exiting constructor. Consider adding the 'required' modifier or declaring the property as nullable. [C:\Users\HP\Downloads\Medical\Medical_Affiliation\Medical_Affiliation.csproj]
C:\Users\HP\Downloads\Medical\Medical_Affiliation\Models\MedicalInstituteDetailViewModel.cs(284,23): warning CS8618: Non-nullable property 'RecognizedYear' must contain a non-null value when exiting constructor. Consider adding the 'required' modifier or declaring the property as nullable. [C:\Users\HP\Downloads\Medical\Medical_Affiliation\Medical_Affiliation.csproj]
C:\Users\HP\Downloads\Medical\Medical_Affiliation\Models\MedicalInstituteDetailViewModel.cs(286,26): warning CS8618: Non-nullable property 'RGUHSNotificationFile' must contain a non-null value when exiting constructor. Consider adding the 'required' modifier or declaring the property as nullable. [C:\Users\HP\Downloads\Medical\Medical_Affiliation\Medical_Affiliation.csproj]
C:\Users\HP\Downloads\Medical\Medical_Affiliation\Models\MedicalInstituteDetailViewModel.cs(287,26): warning CS8618: Non-nullable property 'GMCFile' must contain a non-null value when exiting constructor. Consider adding the 'required' modifier or declaring the property as nullable. [C:\Users\HP\Downloads\Medical\Medical_Affiliation\Medical_Affiliation.csproj]
C:\Users\HP\Downloads\Medical\Medical_Affiliation\Models\MedicalInstituteDetailViewModel.cs(288,26): warning CS8618: Non-nullable property 'NMCFile' must contain a non-null value when exiting constructor. Consider adding the 'required' modifier or declaring the property as nullable. [C:\Users\HP\Downloads\Medical\Medical_Affiliation\Medical_Affiliation.csproj]
C:\Users\HP\Downloads\Medical\Medical_Affiliation\Models\MedicalInstituteDetailViewModel.cs(291,23): warning CS8618: Non-nullable property 'Rguhsnotification' must contain a non-null value when exiting constructor. Consider adding the 'required' modifier or declaring the property as nullable. [C:\Users\HP\Downloads\Medical\Medical_Affiliation\Medical_Affiliation.csproj]
C:\Users\HP\Downloads\Medical\Medical_Affiliation\Models\MedicalInstituteDetailViewModel.cs(292,23): warning CS8618: Non-nullable property 'Gmc' must contain a non-null value when exiting constructor. Consider adding the 'required' modifier or declaring the property as nullable. [C:\Users\HP\Downloads\Medical\Medical_Affiliation\Medical_Affiliation.csproj]
C:\Users\HP\Downloads\Medical\Medical_Affiliation\Models\MedicalInstituteDetailViewModel.cs(293,23): warning CS8618: Non-nullable property 'Nmc' must contain a non-null value when exiting constructor. Consider adding the 'required' modifier or declaring the property as nullable. [C:\Users\HP\Downloads\Medical\Medical_Affiliation\Medical_Affiliation.csproj]
C:\Users\HP\Downloads\Medical\Medical_Affiliation\Models\MedicalInstituteDetailViewModel.cs(240,23): warning CS8618: Non-nullable property 'PGIntake' must contain a non-null value when exiting constructor. Consider adding the 'required' modifier or declaring the property as nullable. [C:\Users\HP\Downloads\Medical\Medical_Affiliation\Medical_Affiliation.csproj]
C:\Users\HP\Downloads\Medical\Medical_Affiliation\Models\MedicalInstituteDetailViewModel.cs(241,23): warning CS8618: Non-nullable property 'Course' must contain a non-null value when exiting constructor. Consider adding the 'required' modifier or declaring the property as nullable. [C:\Users\HP\Downloads\Medical\Medical_Affiliation\Medical_Affiliation.csproj]
C:\Users\HP\Downloads\Medical\Medical_Affiliation\Models\MedicalInstituteDetailViewModel.cs(242,23): warning CS8618: Non-nullable property 'FreshOrIncrease' must contain a non-null value when exiting constructor. Consider adding the 'required' modifier or declaring the property as nullable. [C:\Users\HP\Downloads\Medical\Medical_Affiliation\Medical_Affiliation.csproj]
C:\Users\HP\Downloads\Medical\Medical_Affiliation\Models\MedicalInstituteDetailViewModel.cs(244,23): warning CS8618: Non-nullable property 'NumberOfSeats' must contain a non-null value when exiting constructor. Consider adding the 'required' modifier or declaring the property as nullable. [C:\Users\HP\Downloads\Medical\Medical_Affiliation\Medical_Affiliation.csproj]
C:\Users\HP\Downloads\Medical\Medical_Affiliation\Models\MedicalInstituteDetailViewModel.cs(245,23): warning CS8618: Non-nullable property 'PermittedYear' must contain a non-null value when exiting constructor. Consider adding the 'required' modifier or declaring the property as nullable. [C:\Users\HP\Downloads\Medical\Medical_Affiliation\Medical_Affiliation.csproj]
C:\Users\HP\Downloads\Medical\Medical_Affiliation\Models\MedicalInstituteDetailViewModel.cs(246,23): warning CS8618: Non-nullable property 'RecognizedYear' must contain a non-null value when exiting constructor. Consider adding the 'required' modifier or declaring the property as nullable. [C:\Users\HP\Downloads\Medical\Medical_Affiliation\Medical_Affiliation.csproj]
C:\Users\HP\Downloads\Medical\Medical_Affiliation\Models\MedicalInstituteDetailViewModel.cs(248,26): warning CS8618: Non-nullable property 'RGUHSNotificationFile' must contain a non-null value when exiting constructor. Consider adding the 'required' modifier or declaring the property as nullable. [C:\Users\HP\Downloads\Medical\Medical_Affiliation\Medical_Affiliation.csproj]
C:\Users\HP\Downloads\Medical\Medical_Affiliation\Models\MedicalInstituteDetailViewModel.cs(249,26): warning CS8618: Non-nullable property 'GMCFile' must contain a non-null value when exiting constructor. Consider adding the 'required' modifier or declaring the property as nullable. [C:\Users\HP\Downloads\Medical\Medical_Affiliation\Medical_Affiliation.csproj]
C:\Users\HP\Downloads\Medical\Medical_Affiliation\Models\MedicalInstituteDetailViewModel.cs(250,26): warning CS8618: Non-nullable property 'NMCFile' must contain a non-null value when exiting constructor. Consider adding the 'required' modifier or declaring the property as nullable. [C:\Users\HP\Downloads\Medical\Medical_Affiliation\Medical_Affiliation.csproj]
C:\Users\HP\Downloads\Medical\Medical_Affiliation\Models\MedicalInstituteDetailViewModel.cs(253,23): warning CS8618: Non-nullable property 'Rguhsnotification' must contain a non-null value when exiting constructor. Consider adding the 'required' modifier or declaring the property as nullable. [C:\Users\HP\Downloads\Medical\Medical_Affiliation\Medical_Affiliation.csproj]
C:\Users\HP\Downloads\Medical\Medical_Affiliation\Models\MedicalInstituteDetailViewModel.cs(254,23): warning CS8618: Non-nullable property 'Gmc' must contain a non-null value when exiting constructor. Consider adding the 'required' modifier or declaring the property as nullable. [C:\Users\HP\Downloads\Medical\Medical_Affiliation\Medical_Affiliation.csproj]
C:\Users\HP\Downloads\Medical\Medical_Affiliation\Models\MedicalInstituteDetailViewModel.cs(255,23): warning CS8618: Non-nullable property 'Nmc' must contain a non-null value when exiting constructor. Consider adding the 'required' modifier or declaring the property as nullable. [C:\Users\HP\Downloads\Medical\Medical_Affiliation\Medical_Affiliation.csproj]
C:\Users\HP\Downloads\Medical\Medical_Affiliation\Models\MedicalInstituteDetailViewModel.cs(259,26): warning CS8618: Non-nullable property 'KSNCFile' must contain a non-null value when exiting constructor. Consider adding the 'required' modifier or declaring the property as nullable. [C:\Users\HP\Downloads\Medical\Medical_Affiliation\Medical_Affiliation.csproj]
C:\Users\HP\Downloads\Medical\Medical_Affiliation\Models\MedicalInstituteDetailViewModel.cs(263,26): warning CS8618: Non-nullable property 'Gok' must contain a non-null value when exiting constructor. Consider adding the 'required' modifier or declaring the property as nullable. [C:\Users\HP\Downloads\Medical\Medical_Affiliation\Medical_Affiliation.csproj]
C:\Users\HP\Downloads\Medical\Medical_Affiliation\Models\MedicalInstituteDetailViewModel.cs(202,23): warning CS8618: Non-nullable property 'UGIntake' must contain a non-null value when exiting constructor. Consider adding the 'required' modifier or declaring the property as nullable. [C:\Users\HP\Downloads\Medical\Medical_Affiliation\Medical_Affiliation.csproj]
C:\Users\HP\Downloads\Medical\Medical_Affiliation\Models\MedicalInstituteDetailViewModel.cs(203,23): warning CS8618: Non-nullable property 'Course' must contain a non-null value when exiting constructor. Consider adding the 'required' modifier or declaring the property as nullable. [C:\Users\HP\Downloads\Medical\Medical_Affiliation\Medical_Affiliation.csproj]
C:\Users\HP\Downloads\Medical\Medical_Affiliation\Models\MedicalInstituteDetailViewModel.cs(204,23): warning CS8618: Non-nullable property 'FreshOrIncrease' must contain a non-null value when exiting constructor. Consider adding the 'required' modifier or declaring the property as nullable. [C:\Users\HP\Downloads\Medical\Medical_Affiliation\Medical_Affiliation.csproj]
C:\Users\HP\Downloads\Medical\Medical_Affiliation\Models\MedicalInstituteDetailViewModel.cs(206,23): warning CS8618: Non-nullable property 'NumberOfSeats' must contain a non-null value when exiting constructor. Consider adding the 'required' modifier or declaring the property as nullable. [C:\Users\HP\Downloads\Medical\Medical_Affiliation\Medical_Affiliation.csproj]
C:\Users\HP\Downloads\Medical\Medical_Affiliation\Models\MedicalInstituteDetailViewModel.cs(207,23): warning CS8618: Non-nullable property 'PermittedYear' must contain a non-null value when exiting constructor. Consider adding the 'required' modifier or declaring the property as nullable. [C:\Users\HP\Downloads\Medical\Medical_Affiliation\Medical_Affiliation.csproj]
C:\Users\HP\Downloads\Medical\Medical_Affiliation\Models\MedicalInstituteDetailViewModel.cs(208,23): warning CS8618: Non-nullable property 'RecognizedYear' must contain a non-null value when exiting constructor. Consider adding the 'required' modifier or declaring the property as nullable. [C:\Users\HP\Downloads\Medical\Medical_Affiliation\Medical_Affiliation.csproj]
C:\Users\HP\Downloads\Medical\Medical_Affiliation\Models\MedicalInstituteDetailViewModel.cs(210,26): warning CS8618: Non-nullable property 'RGUHSNotificationFile' must contain a non-null value when exiting constructor. Consider adding the 'required' modifier or declaring the property as nullable. [C:\Users\HP\Downloads\Medical\Medical_Affiliation\Medical_Affiliation.csproj]
C:\Users\HP\Downloads\Medical\Medical_Affiliation\Models\MedicalInstituteDetailViewModel.cs(211,26): warning CS8618: Non-nullable property 'GMCFile' must contain a non-null value when exiting constructor. Consider adding the 'required' modifier or declaring the property as nullable. [C:\Users\HP\Downloads\Medical\Medical_Affiliation\Medical_Affiliation.csproj]
C:\Users\HP\Downloads\Medical\Medical_Affiliation\Models\MedicalInstituteDetailViewModel.cs(212,26): warning CS8618: Non-nullable property 'NMCFile' must contain a non-null value when exiting constructor. Consider adding the 'required' modifier or declaring the property as nullable. [C:\Users\HP\Downloads\Medical\Medical_Affiliation\Medical_Affiliation.csproj]
C:\Users\HP\Downloads\Medical\Medical_Affiliation\Models\MedicalInstituteDetailViewModel.cs(215,23): warning CS8618: Non-nullable property 'Rguhsnotification' must contain a non-null value when exiting constructor. Consider adding the 'required' modifier or declaring the property as nullable. [C:\Users\HP\Downloads\Medical\Medical_Affiliation\Medical_Affiliation.csproj]
C:\Users\HP\Downloads\Medical\Medical_Affiliation\Models\MedicalInstituteDetailViewModel.cs(216,23): warning CS8618: Non-nullable property 'Gmc' must contain a non-null value when exiting constructor. Consider adding the 'required' modifier or declaring the property as nullable. [C:\Users\HP\Downloads\Medical\Medical_Affiliation\Medical_Affiliation.csproj]
C:\Users\HP\Downloads\Medical\Medical_Affiliation\Models\MedicalInstituteDetailViewModel.cs(217,23): warning CS8618: Non-nullable property 'Nmc' must contain a non-null value when exiting constructor. Consider adding the 'required' modifier or declaring the property as nullable. [C:\Users\HP\Downloads\Medical\Medical_Affiliation\Medical_Affiliation.csproj]
C:\Users\HP\Downloads\Medical\Medical_Affiliation\Models\MedicalInstituteDetailViewModel.cs(222,26): warning CS8618: Non-nullable property 'KSNCFile' must contain a non-null value when exiting constructor. Consider adding the 'required' modifier or declaring the property as nullable. [C:\Users\HP\Downloads\Medical\Medical_Affiliation\Medical_Affiliation.csproj]
C:\Users\HP\Downloads\Medical\Medical_Affiliation\Models\MedicalInstituteDetailViewModel.cs(226,26): warning CS8618: Non-nullable property 'Gok' must contain a non-null value when exiting constructor. Consider adding the 'required' modifier or declaring the property as nullable. [C:\Users\HP\Downloads\Medical\Medical_Affiliation\Medical_Affiliation.csproj]
C:\Users\HP\Downloads\Medical\Medical_Affiliation\Models\MedicalInstituteDetailViewModel.cs(83,23): warning CS8618: Non-nullable property 'CollegeCode' must contain a non-null value when exiting constructor. Consider adding the 'required' modifier or declaring the property as nullable. [C:\Users\HP\Downloads\Medical\Medical_Affiliation\Medical_Affiliation.csproj]
C:\Users\HP\Downloads\Medical\Medical_Affiliation\Models\MedicalInstituteDetailViewModel.cs(84,23): warning CS8618: Non-nullable property 'FacultyCode' must contain a non-null value when exiting constructor. Consider adding the 'required' modifier or declaring the property as nullable. [C:\Users\HP\Downloads\Medical\Medical_Affiliation\Medical_Affiliation.csproj]
C:\Users\HP\Downloads\Medical\Medical_Affiliation\Models\MedicalInstituteDetailViewModel.cs(85,23): warning CS8618: Non-nullable property 'CourseCode' must contain a non-null value when exiting constructor. Consider adding the 'required' modifier or declaring the property as nullable. [C:\Users\HP\Downloads\Medical\Medical_Affiliation\Medical_Affiliation.csproj]
C:\Users\HP\Downloads\Medical\Medical_Affiliation\Models\MedicalInstituteDetailViewModel.cs(86,23): warning CS8618: Non-nullable property 'FreshOrIncrease' must contain a non-null value when exiting constructor. Consider adding the 'required' modifier or declaring the property as nullable. [C:\Users\HP\Downloads\Medical\Medical_Affiliation\Medical_Affiliation.csproj]
C:\Users\HP\Downloads\Medical\Medical_Affiliation\Models\MedicalInstituteDetailViewModel.cs(93,26): warning CS8618: Non-nullable property 'RGUHSNotificationFile' must contain a non-null value when exiting constructor. Consider adding the 'required' modifier or declaring the property as nullable. [C:\Users\HP\Downloads\Medical\Medical_Affiliation\Medical_Affiliation.csproj]
C:\Users\HP\Downloads\Medical\Medical_Affiliation\Models\MedicalInstituteDetailViewModel.cs(94,26): warning CS8618: Non-nullable property 'GMCFile' must contain a non-null value when exiting constructor. Consider adding the 'required' modifier or declaring the property as nullable. [C:\Users\HP\Downloads\Medical\Medical_Affiliation\Medical_Affiliation.csproj]
C:\Users\HP\Downloads\Medical\Medical_Affiliation\Models\MedicalInstituteDetailViewModel.cs(95,26): warning CS8618: Non-nullable property 'NMCFile' must contain a non-null value when exiting constructor. Consider adding the 'required' modifier or declaring the property as nullable. [C:\Users\HP\Downloads\Medical\Medical_Affiliation\Medical_Affiliation.csproj]
C:\Users\HP\Downloads\Medical\Medical_Affiliation\Services\Handlers\Dental\DentalHospitalHandler.cs(276,36): warning CS8601: Possible null reference assignment. [C:\Users\HP\Downloads\Medical\Medical_Affiliation\Medical_Affiliation.csproj]
C:\Users\HP\Downloads\Medical\Medical_Affiliation\Services\Handlers\Dental\DentalHospitalHandler.cs(277,41): warning CS8601: Possible null reference assignment. [C:\Users\HP\Downloads\Medical\Medical_Affiliation\Medical_Affiliation.csproj]
C:\Users\HP\Downloads\Medical\Medical_Affiliation\Services\Handlers\Dental\DentalHospitalHandler.cs(287,32): warning CS8601: Possible null reference assignment. [C:\Users\HP\Downloads\Medical\Medical_Affiliation\Medical_Affiliation.csproj]
C:\Users\HP\Downloads\Medical\Medical_Affiliation\Services\Handlers\Dental\DentalHospitalHandler.cs(366,41): warning CS8601: Possible null reference assignment. [C:\Users\HP\Downloads\Medical\Medical_Affiliation\Medical_Affiliation.csproj]
C:\Users\HP\Downloads\Medical\Medical_Affiliation\Services\Handlers\Dental\DentalHospitalHandler.cs(367,36): warning CS8601: Possible null reference assignment. [C:\Users\HP\Downloads\Medical\Medical_Affiliation\Medical_Affiliation.csproj]
C:\Users\HP\Downloads\Medical\Medical_Affiliation\Models\MedicalInstituteDetailViewModel.cs(123,23): warning CS8618: Non-nullable property 'NameOfFaculty' must contain a non-null value when exiting constructor. Consider adding the 'required' modifier or declaring the property as nullable. [C:\Users\HP\Downloads\Medical\Medical_Affiliation\Medical_Affiliation.csproj]
C:\Users\HP\Downloads\Medical\Medical_Affiliation\Models\MedicalInstituteDetailViewModel.cs(126,23): warning CS8618: Non-nullable property 'Subject' must contain a non-null value when exiting constructor. Consider adding the 'required' modifier or declaring the property as nullable. [C:\Users\HP\Downloads\Medical\Medical_Affiliation\Medical_Affiliation.csproj]
C:\Users\HP\Downloads\Medical\Medical_Affiliation\Models\MedicalInstituteDetailViewModel.cs(129,23): warning CS8618: Non-nullable property 'Designation' must contain a non-null value when exiting constructor. Consider adding the 'required' modifier or declaring the property as nullable. [C:\Users\HP\Downloads\Medical\Medical_Affiliation\Medical_Affiliation.csproj]
C:\Users\HP\Downloads\Medical\Medical_Affiliation\Models\MedicalInstituteDetailViewModel.cs(132,23): warning CS8618: Non-nullable property 'RecognizedPGTeacher' must contain a non-null value when exiting constructor. Consider adding the 'required' modifier or declaring the property as nullable. [C:\Users\HP\Downloads\Medical\Medical_Affiliation\Medical_Affiliation.csproj]
C:\Users\HP\Downloads\Medical\Medical_Affiliation\Models\MedicalInstituteDetailViewModel.cs(135,23): warning CS8618: Non-nullable property 'RecognizedPhDTeacher' must contain a non-null value when exiting constructor. Consider adding the 'required' modifier or declaring the property as nullable. [C:\Users\HP\Downloads\Medical\Medical_Affiliation\Medical_Affiliation.csproj]
C:\Users\HP\Downloads\Medical\Medical_Affiliation\Models\MedicalInstituteDetailViewModel.cs(138,23): warning CS8618: Non-nullable property 'LitigationPending' must contain a non-null value when exiting constructor. Consider adding the 'required' modifier or declaring the property as nullable. [C:\Users\HP\Downloads\Medical\Medical_Affiliation\Medical_Affiliation.csproj]
C:\Users\HP\Downloads\Medical\Medical_Affiliation\Models\MedicalInstituteDetailViewModel.cs(142,23): warning CS8618: Non-nullable property 'Mobile' must contain a non-null value when exiting constructor. Consider adding the 'required' modifier or declaring the property as nullable. [C:\Users\HP\Downloads\Medical\Medical_Affiliation\Medical_Affiliation.csproj]
C:\Users\HP\Downloads\Medical\Medical_Affiliation\Models\MedicalInstituteDetailViewModel.cs(146,23): warning CS8618: Non-nullable property 'Email' must contain a non-null value when exiting constructor. Consider adding the 'required' modifier or declaring the property as nullable. [C:\Users\HP\Downloads\Medical\Medical_Affiliation\Medical_Affiliation.csproj]
C:\Users\HP\Downloads\Medical\Medical_Affiliation\Models\MedicalInstituteDetailViewModel.cs(150,23): warning CS8618: Non-nullable property 'PAN' must contain a non-null value when exiting constructor. Consider adding the 'required' modifier or declaring the property as nullable. [C:\Users\HP\Downloads\Medical\Medical_Affiliation\Medical_Affiliation.csproj]
C:\Users\HP\Downloads\Medical\Medical_Affiliation\Models\MedicalInstituteDetailViewModel.cs(154,23): warning CS8618: Non-nullable property 'Aadhaar' must contain a non-null value when exiting constructor. Consider adding the 'required' modifier or declaring the property as nullable. [C:\Users\HP\Downloads\Medical\Medical_Affiliation\Medical_Affiliation.csproj]
C:\Users\HP\Downloads\Medical\Medical_Affiliation\Models\MedicalInstituteDetailViewModel.cs(159,23): warning CS8618: Non-nullable property 'SelectedDepartment' must contain a non-null value when exiting constructor. Consider adding the 'required' modifier or declaring the property as nullable. [C:\Users\HP\Downloads\Medical\Medical_Affiliation\Medical_Affiliation.csproj]
C:\Users\HP\Downloads\Medical\Medical_Affiliation\Models\MedicalInstituteDetailViewModel.cs(15,23): warning CS8618: Non-nullable property 'InstituteName' must contain a non-null value when exiting constructor. Consider adding the 'required' modifier or declaring the property as nullable. [C:\Users\HP\Downloads\Medical\Medical_Affiliation\Medical_Affiliation.csproj]
C:\Users\HP\Downloads\Medical\Medical_Affiliation\Models\MedicalInstituteDetailViewModel.cs(17,23): warning CS8618: Non-nullable property 'CollegeAddress' must contain a non-null value when exiting constructor. Consider adding the 'required' modifier or declaring the property as nullable. [C:\Users\HP\Downloads\Medical\Medical_Affiliation\Medical_Affiliation.csproj]
C:\Users\HP\Downloads\Medical\Medical_Affiliation\Models\MedicalInstituteDetailViewModel.cs(19,23): warning CS8618: Non-nullable property 'SelectedDegree' must contain a non-null value when exiting constructor. Consider adding the 'required' modifier or declaring the property as nullable. [C:\Users\HP\Downloads\Medical\Medical_Affiliation\Medical_Affiliation.csproj]
C:\Users\HP\Downloads\Medical\Medical_Affiliation\Models\MedicalInstituteDetailViewModel.cs(20,23): warning CS8618: Non-nullable property 'SelectedSpecialization' must contain a non-null value when exiting constructor. Consider adding the 'required' modifier or declaring the property as nullable. [C:\Users\HP\Downloads\Medical\Medical_Affiliation\Medical_Affiliation.csproj]
C:\Users\HP\Downloads\Medical\Medical_Affiliation\Models\MedicalInstituteDetailViewModel.cs(25,23): warning CS8618: Non-nullable property 'TrustSocietyName' must contain a non-null value when exiting constructor. Consider adding the 'required' modifier or declaring the property as nullable. [C:\Users\HP\Downloads\Medical\Medical_Affiliation\Medical_Affiliation.csproj]
C:\Users\HP\Downloads\Medical\Medical_Affiliation\Models\MedicalInstituteDetailViewModel.cs(29,23): warning CS8618: Non-nullable property 'YearOfEstablishmentOfTrust' must contain a non-null value when exiting constructor. Consider adding the 'required' modifier or declaring the property as nullable. [C:\Users\HP\Downloads\Medical\Medical_Affiliation\Medical_Affiliation.csproj]
C:\Users\HP\Downloads\Medical\Medical_Affiliation\Models\MedicalInstituteDetailViewModel.cs(33,23): warning CS8618: Non-nullable property 'YearOfEstablishmentOfCollege' must contain a non-null value when exiting constructor. Consider adding the 'required' modifier or declaring the property as nullable. [C:\Users\HP\Downloads\Medical\Medical_Affiliation\Medical_Affiliation.csproj]
C:\Users\HP\Downloads\Medical\Medical_Affiliation\Models\MedicalInstituteDetailViewModel.cs(36,23): warning CS8618: Non-nullable property 'InstitutionType' must contain a non-null value when exiting constructor. Consider adding the 'required' modifier or declaring the property as nullable. [C:\Users\HP\Downloads\Medical\Medical_Affiliation\Medical_Affiliation.csproj]
C:\Users\HP\Downloads\Medical\Medical_Affiliation\Models\MedicalInstituteDetailViewModel.cs(40,23): warning CS8618: Non-nullable property 'HODOfInstitution' must contain a non-null value when exiting constructor. Consider adding the 'required' modifier or declaring the property as nullable. [C:\Users\HP\Downloads\Medical\Medical_Affiliation\Medical_Affiliation.csproj]
C:\Users\HP\Downloads\Medical\Medical_Affiliation\Models\MedicalInstituteDetailViewModel.cs(52,23): warning CS8618: Non-nullable property 'Age' must contain a non-null value when exiting constructor. Consider adding the 'required' modifier or declaring the property as nullable. [C:\Users\HP\Downloads\Medical\Medical_Affiliation\Medical_Affiliation.csproj]
C:\Users\HP\Downloads\Medical\Medical_Affiliation\Models\MedicalInstituteDetailViewModel.cs(56,23): warning CS8618: Non-nullable property 'TeachingExperience' must contain a non-null value when exiting constructor. Consider adding the 'required' modifier or declaring the property as nullable. [C:\Users\HP\Downloads\Medical\Medical_Affiliation\Medical_Affiliation.csproj]
C:\Users\HP\Downloads\Medical\Medical_Affiliation\Models\MedicalInstituteDetailViewModel.cs(69,37): warning CS8618: Non-nullable property 'DegreeList' must contain a non-null value when exiting constructor. Consider adding the 'required' modifier or declaring the property as nullable. [C:\Users\HP\Downloads\Medical\Medical_Affiliation\Medical_Affiliation.csproj]
C:\Users\HP\Downloads\Medical\Medical_Affiliation\Models\MedicalInstituteDetailViewModel.cs(70,37): warning CS8618: Non-nullable property 'SpecializationList' must contain a non-null value when exiting constructor. Consider adding the 'required' modifier or declaring the property as nullable. [C:\Users\HP\Downloads\Medical\Medical_Affiliation\Medical_Affiliation.csproj]
C:\Users\HP\Downloads\Medical\Medical_Affiliation\Models\LICMemberSummary.cs(5,23): warning CS8618: Non-nullable property 'MemberName' must contain a non-null value when exiting constructor. Consider adding the 'required' modifier or declaring the property as nullable. [C:\Users\HP\Downloads\Medical\Medical_Affiliation\Medical_Affiliation.csproj]
C:\Users\HP\Downloads\Medical\Medical_Affiliation\Models\LICMemberSummary.cs(7,31): warning CS8618: Non-nullable property 'InspectionDates' must contain a non-null value when exiting constructor. Consider adding the 'required' modifier or declaring the property as nullable. [C:\Users\HP\Downloads\Medical\Medical_Affiliation\Medical_Affiliation.csproj]
C:\Users\HP\Downloads\Medical\Medical_Affiliation\Models\LICMemberCellViewModel.cs(5,33): warning CS8618: Non-nullable property 'Member' must contain a non-null value when exiting constructor. Consider adding the 'required' modifier or declaring the property as nullable. [C:\Users\HP\Downloads\Medical\Medical_Affiliation\Medical_Affiliation.csproj]
C:\Users\HP\Downloads\Medical\Medical_Affiliation\Models\LICMemberCellViewModel.cs(7,23): warning CS8618: Non-nullable property 'CollegeCode' must contain a non-null value when exiting constructor. Consider adding the 'required' modifier or declaring the property as nullable. [C:\Users\HP\Downloads\Medical\Medical_Affiliation\Medical_Affiliation.csproj]
C:\Users\HP\Downloads\Medical\Medical_Affiliation\Models\LicInspectionOtherDetailsViewModel.cs(115,23): warning CS8618: Non-nullable property 'SenateCode' must contain a non-null value when exiting constructor. Consider adding the 'required' modifier or declaring the property as nullable. [C:\Users\HP\Downloads\Medical\Medical_Affiliation\Medical_Affiliation.csproj]
C:\Users\HP\Downloads\Medical\Medical_Affiliation\Models\LicInspectionOtherDetailsViewModel.cs(116,23): warning CS8618: Non-nullable property 'Phonenumberselected' must contain a non-null value when exiting constructor. Consider adding the 'required' modifier or declaring the property as nullable. [C:\Users\HP\Downloads\Medical\Medical_Affiliation\Medical_Affiliation.csproj]
C:\Users\HP\Downloads\Medical\Medical_Affiliation\Models\LICMemberReportViewModel.cs(5,23): warning CS8618: Non-nullable property 'MemberName' must contain a non-null value when exiting constructor. Consider adding the 'required' modifier or declaring the property as nullable. [C:\Users\HP\Downloads\Medical\Medical_Affiliation\Medical_Affiliation.csproj]
C:\Users\HP\Downloads\Medical\Medical_Affiliation\Models\LICMemberReportViewModel.cs(6,23): warning CS8618: Non-nullable property 'CollegeName' must contain a non-null value when exiting constructor. Consider adding the 'required' modifier or declaring the property as nullable. [C:\Users\HP\Downloads\Medical\Medical_Affiliation\Medical_Affiliation.csproj]
C:\Users\HP\Downloads\Medical\Medical_Affiliation\Models\LICMemberReportViewModel.cs(7,23): warning CS8618: Non-nullable property 'CollegeCode' must contain a non-null value when exiting constructor. Consider adding the 'required' modifier or declaring the property as nullable. [C:\Users\HP\Downloads\Medical\Medical_Affiliation\Medical_Affiliation.csproj]
C:\Users\HP\Downloads\Medical\Medical_Affiliation\Models\LICMemberReportViewModel.cs(9,23): warning CS8618: Non-nullable property 'TypeOfMember' must contain a non-null value when exiting constructor. Consider adding the 'required' modifier or declaring the property as nullable. [C:\Users\HP\Downloads\Medical\Medical_Affiliation\Medical_Affiliation.csproj]
C:\Users\HP\Downloads\Medical\Medical_Affiliation\Models\LICMemberReportViewModel.cs(10,23): warning CS8618: Non-nullable property 'PhoneNumber' must contain a non-null value when exiting constructor. Consider adding the 'required' modifier or declaring the property as nullable. [C:\Users\HP\Downloads\Medical\Medical_Affiliation\Medical_Affiliation.csproj]
C:\Users\HP\Downloads\Medical\Medical_Affiliation\Models\LICMemberReportViewModel.cs(12,31): warning CS8618: Non-nullable property 'InspectionDates' must contain a non-null value when exiting constructor. Consider adding the 'required' modifier or declaring the property as nullable. [C:\Users\HP\Downloads\Medical\Medical_Affiliation\Medical_Affiliation.csproj]
C:\Users\HP\Downloads\Medical\Medical_Affiliation\Models\LICMemberReportViewModel.cs(14,37): warning CS8618: Non-nullable property 'Claims' must contain a non-null value when exiting constructor. Consider adding the 'required' modifier or declaring the property as nullable. [C:\Users\HP\Downloads\Medical\Medical_Affiliation\Medical_Affiliation.csproj]
C:\Users\HP\Downloads\Medical\Medical_Affiliation\Models\LicInspectionOtherDetailsViewModel.cs(98,23): warning CS8618: Non-nullable property 'SelectedMemberCode' must contain a non-null value when exiting constructor. Consider adding the 'required' modifier or declaring the property as nullable. [C:\Users\HP\Downloads\Medical\Medical_Affiliation\Medical_Affiliation.csproj]
C:\Users\HP\Downloads\Medical\Medical_Affiliation\Models\LicInspectionOtherDetailsViewModel.cs(99,23): warning CS8618: Non-nullable property 'SelectedMemberName' must contain a non-null value when exiting constructor. Consider adding the 'required' modifier or declaring the property as nullable. [C:\Users\HP\Downloads\Medical\Medical_Affiliation\Medical_Affiliation.csproj]
C:\Users\HP\Downloads\Medical\Medical_Affiliation\Models\LicInspectionOtherDetailsViewModel.cs(102,23): warning CS8618: Non-nullable property 'MemberType' must contain a non-null value when exiting constructor. Consider adding the 'required' modifier or declaring the property as nullable. [C:\Users\HP\Downloads\Medical\Medical_Affiliation\Medical_Affiliation.csproj]
C:\Users\HP\Downloads\Medical\Medical_Affiliation\Models\LicInspectionOtherDetailsViewModel.cs(108,23): warning CS8618: Non-nullable property 'collegeCode' must contain a non-null value when exiting constructor. Consider adding the 'required' modifier or declaring the property as nullable. [C:\Users\HP\Downloads\Medical\Medical_Affiliation\Medical_Affiliation.csproj]
C:\Users\HP\Downloads\Medical\Medical_Affiliation\Models\LicInspectionOtherDetailsViewModel.cs(109,23): warning CS8618: Non-nullable property 'collegeName' must contain a non-null value when exiting constructor. Consider adding the 'required' modifier or declaring the property as nullable. [C:\Users\HP\Downloads\Medical\Medical_Affiliation\Medical_Affiliation.csproj]
C:\Users\HP\Downloads\Medical\Medical_Affiliation\Models\LicInspectionOtherDetailsViewModel.cs(86,23): warning CS8618: Non-nullable property 'Name' must contain a non-null value when exiting constructor. Consider adding the 'required' modifier or declaring the property as nullable. [C:\Users\HP\Downloads\Medical\Medical_Affiliation\Medical_Affiliation.csproj]
C:\Users\HP\Downloads\Medical\Medical_Affiliation\Models\LicInspectionOtherDetailsViewModel.cs(87,23): warning CS8618: Non-nullable property 'PhoneNo' must contain a non-null value when exiting constructor. Consider adding the 'required' modifier or declaring the property as nullable. [C:\Users\HP\Downloads\Medical\Medical_Affiliation\Medical_Affiliation.csproj]
C:\Users\HP\Downloads\Medical\Medical_Affiliation\Models\LicInspectionOtherDetailsViewModel.cs(88,23): warning CS8618: Non-nullable property 'RevisedOrder' must contain a non-null value when exiting constructor. Consider adding the 'required' modifier or declaring the property as nullable. [C:\Users\HP\Downloads\Medical\Medical_Affiliation\Medical_Affiliation.csproj]
C:\Users\HP\Downloads\Medical\Medical_Affiliation\Models\LicInspectionOtherDetailsViewModel.cs(54,23): warning CS8618: Non-nullable property 'collegeCode' must contain a non-null value when exiting constructor. Consider adding the 'required' modifier or declaring the property as nullable. [C:\Users\HP\Downloads\Medical\Medical_Affiliation\Medical_Affiliation.csproj]
C:\Users\HP\Downloads\Medical\Medical_Affiliation\Models\LicInspectionOtherDetailsViewModel.cs(55,23): warning CS8618: Non-nullable property 'collegeName' must contain a non-null value when exiting constructor. Consider adding the 'required' modifier or declaring the property as nullable. [C:\Users\HP\Downloads\Medical\Medical_Affiliation\Medical_Affiliation.csproj]
C:\Users\HP\Downloads\Medical\Medical_Affiliation\Models\LicInspectionOtherDetailsViewModel.cs(61,23): warning CS8618: Non-nullable property 'Name' must contain a non-null value when exiting constructor. Consider adding the 'required' modifier or declaring the property as nullable. [C:\Users\HP\Downloads\Medical\Medical_Affiliation\Medical_Affiliation.csproj]
C:\Users\HP\Downloads\Medical\Medical_Affiliation\Models\LicInspectionOtherDetailsViewModel.cs(62,23): warning CS8618: Non-nullable property 'Code' must contain a non-null value when exiting constructor. Consider adding the 'required' modifier or declaring the property as nullable. [C:\Users\HP\Downloads\Medical\Medical_Affiliation\Medical_Affiliation.csproj]
C:\Users\HP\Downloads\Medical\Medical_Affiliation\Models\LicInspectionOtherDetailsViewModel.cs(63,23): warning CS8618: Non-nullable property 'Mobile' must contain a non-null value when exiting constructor. Consider adding the 'required' modifier or declaring the property as nullable. [C:\Users\HP\Downloads\Medical\Medical_Affiliation\Medical_Affiliation.csproj]
C:\Users\HP\Downloads\Medical\Medical_Affiliation\Models\LicInspectionOtherDetailsViewModel.cs(64,23): warning CS8618: Non-nullable property 'Email' must contain a non-null value when exiting constructor. Consider adding the 'required' modifier or declaring the property as nullable. [C:\Users\HP\Downloads\Medical\Medical_Affiliation\Medical_Affiliation.csproj]
C:\Users\HP\Downloads\Medical\Medical_Affiliation\Models\LicInspectionOtherDetailsViewModel.cs(65,23): warning CS8618: Non-nullable property 'Address' must contain a non-null value when exiting constructor. Consider adding the 'required' modifier or declaring the property as nullable. [C:\Users\HP\Downloads\Medical\Medical_Affiliation\Medical_Affiliation.csproj]
C:\Users\HP\Downloads\Medical\Medical_Affiliation\Models\LicInspectionOtherDetailsViewModel.cs(66,23): warning CS8618: Non-nullable property 'CollegeCode' must contain a non-null value when exiting constructor. Consider adding the 'required' modifier or declaring the property as nullable. [C:\Users\HP\Downloads\Medical\Medical_Affiliation\Medical_Affiliation.csproj]
C:\Users\HP\Downloads\Medical\Medical_Affiliation\Models\LicInspectionOtherDetailsViewModel.cs(67,23): warning CS8618: Non-nullable property 'CollegeName' must contain a non-null value when exiting constructor. Consider adding the 'required' modifier or declaring the property as nullable. [C:\Users\HP\Downloads\Medical\Medical_Affiliation\Medical_Affiliation.csproj]
C:\Users\HP\Downloads\Medical\Medical_Affiliation\Models\LicInspectionOtherDetailsViewModel.cs(19,23): warning CS8618: Non-nullable property 'CollegeCode' must contain a non-null value when exiting constructor. Consider adding the 'required' modifier or declaring the property as nullable. [C:\Users\HP\Downloads\Medical\Medical_Affiliation\Medical_Affiliation.csproj]
C:\Users\HP\Downloads\Medical\Medical_Affiliation\Models\LicInspectionOtherDetailsViewModel.cs(20,23): warning CS8618: Non-nullable property 'CollegeName' must contain a non-null value when exiting constructor. Consider adding the 'required' modifier or declaring the property as nullable. [C:\Users\HP\Downloads\Medical\Medical_Affiliation\Medical_Affiliation.csproj]
C:\Users\HP\Downloads\Medical\Medical_Affiliation\Models\LicInspectionOtherDetailsViewModel.cs(21,23): warning CS8618: Non-nullable property 'CollegePlace' must contain a non-null value when exiting constructor. Consider adding the 'required' modifier or declaring the property as nullable. [C:\Users\HP\Downloads\Medical\Medical_Affiliation\Medical_Affiliation.csproj]
C:\Users\HP\Downloads\Medical\Medical_Affiliation\Models\LicInspectionOtherDetailsViewModel.cs(22,23): warning CS8618: Non-nullable property 'SenetMember' must contain a non-null value when exiting constructor. Consider adding the 'required' modifier or declaring the property as nullable. [C:\Users\HP\Downloads\Medical\Medical_Affiliation\Medical_Affiliation.csproj]
C:\Users\HP\Downloads\Medical\Medical_Affiliation\Models\LicInspectionOtherDetailsViewModel.cs(23,23): warning CS8618: Non-nullable property 'SenetMemberPhNo' must contain a non-null value when exiting constructor. Consider adding the 'required' modifier or declaring the property as nullable. [C:\Users\HP\Downloads\Medical\Medical_Affiliation\Medical_Affiliation.csproj]
C:\Users\HP\Downloads\Medical\Medical_Affiliation\Models\LicInspectionOtherDetailsViewModel.cs(8,23): warning CS8618: Non-nullable property 'SenateCode' must contain a non-null value when exiting constructor. Consider adding the 'required' modifier or declaring the property as nullable. [C:\Users\HP\Downloads\Medical\Medical_Affiliation\Medical_Affiliation.csproj]
C:\Users\HP\Downloads\Medical\Medical_Affiliation\Models\LicInspectionOtherDetailsViewModel.cs(9,23): warning CS8618: Non-nullable property 'SenetMemberName' must contain a non-null value when exiting constructor. Consider adding the 'required' modifier or declaring the property as nullable. [C:\Users\HP\Downloads\Medical\Medical_Affiliation\Medical_Affiliation.csproj]
C:\Users\HP\Downloads\Medical\Medical_Affiliation\Models\LicInspectionOtherDetailsViewModel.cs(32,23): warning CS8618: Non-nullable property 'CollegeCode' must contain a non-null value when exiting constructor. Consider adding the 'required' modifier or declaring the property as nullable. [C:\Users\HP\Downloads\Medical\Medical_Affiliation\Medical_Affiliation.csproj]
C:\Users\HP\Downloads\Medical\Medical_Affiliation\Models\LicInspectionOtherDetailsViewModel.cs(33,23): warning CS8618: Non-nullable property 'PhoneNumber' must contain a non-null value when exiting constructor. Consider adding the 'required' modifier or declaring the property as nullable. [C:\Users\HP\Downloads\Medical\Medical_Affiliation\Medical_Affiliation.csproj]
C:\Users\HP\Downloads\Medical\Medical_Affiliation\Models\LicInspectionOtherDetailsViewModel.cs(34,23): warning CS8618: Non-nullable property 'ModeOfTransport' must contain a non-null value when exiting constructor. Consider adding the 'required' modifier or declaring the property as nullable. [C:\Users\HP\Downloads\Medical\Medical_Affiliation\Medical_Affiliation.csproj]
C:\Users\HP\Downloads\Medical\Medical_Affiliation\Models\LicInspectionOtherDetailsViewModel.cs(35,23): warning CS8618: Non-nullable property 'FromPlace' must contain a non-null value when exiting constructor. Consider adding the 'required' modifier or declaring the property as nullable. [C:\Users\HP\Downloads\Medical\Medical_Affiliation\Medical_Affiliation.csproj]
C:\Users\HP\Downloads\Medical\Medical_Affiliation\Models\LicInspectionOtherDetailsViewModel.cs(36,23): warning CS8618: Non-nullable property 'ToPlace' must contain a non-null value when exiting constructor. Consider adding the 'required' modifier or declaring the property as nullable. [C:\Users\HP\Downloads\Medical\Medical_Affiliation\Medical_Affiliation.csproj]
C:\Users\HP\Downloads\Medical\Medical_Affiliation\Models\LicInspectionOtherDetailsViewModel.cs(37,23): warning CS8618: Non-nullable property 'KiloMeters' must contain a non-null value when exiting constructor. Consider adding the 'required' modifier or declaring the property as nullable. [C:\Users\HP\Downloads\Medical\Medical_Affiliation\Medical_Affiliation.csproj]
C:\Users\HP\Downloads\Medical\Medical_Affiliation\Models\LicInspectionOtherDetailsViewModel.cs(38,23): warning CS8618: Non-nullable property 'ReturnFromPlace' must contain a non-null value when exiting constructor. Consider adding the 'required' modifier or declaring the property as nullable. [C:\Users\HP\Downloads\Medical\Medical_Affiliation\Medical_Affiliation.csproj]
C:\Users\HP\Downloads\Medical\Medical_Affiliation\Models\LicInspectionOtherDetailsViewModel.cs(39,23): warning CS8618: Non-nullable property 'ReturnToPlace' must contain a non-null value when exiting constructor. Consider adding the 'required' modifier or declaring the property as nullable. [C:\Users\HP\Downloads\Medical\Medical_Affiliation\Medical_Affiliation.csproj]
C:\Users\HP\Downloads\Medical\Medical_Affiliation\Models\LicInspectionOtherDetailsViewModel.cs(40,23): warning CS8618: Non-nullable property 'ReturnKilometers' must contain a non-null value when exiting constructor. Consider adding the 'required' modifier or declaring the property as nullable. [C:\Users\HP\Downloads\Medical\Medical_Affiliation\Medical_Affiliation.csproj]
C:\Users\HP\Downloads\Medical\Medical_Affiliation\Models\LICCollegeDashboardViewModel.cs(33,23): warning CS8618: Non-nullable property 'FacultyName' must contain a non-null value when exiting constructor. Consider adding the 'required' modifier or declaring the property as nullable. [C:\Users\HP\Downloads\Medical\Medical_Affiliation\Medical_Affiliation.csproj]
C:\Users\HP\Downloads\Medical\Medical_Affiliation\Models\LICCollegeDashboardViewModel.cs(34,23): warning CS8618: Non-nullable property 'EMS_FacultyId' must contain a non-null value when exiting constructor. Consider adding the 'required' modifier or declaring the property as nullable. [C:\Users\HP\Downloads\Medical\Medical_Affiliation\Medical_Affiliation.csproj]
C:\Users\HP\Downloads\Medical\Medical_Affiliation\Models\LICCollegeDashboardViewModel.cs(35,23): warning CS8618: Non-nullable property 'Faculty_Abbre' must contain a non-null value when exiting constructor. Consider adding the 'required' modifier or declaring the property as nullable. [C:\Users\HP\Downloads\Medical\Medical_Affiliation\Medical_Affiliation.csproj]
C:\Users\HP\Downloads\Medical\Medical_Affiliation\Models\LICCollegeDashboardViewModel.cs(36,23): warning CS8618: Non-nullable property 'Status' must contain a non-null value when exiting constructor. Consider adding the 'required' modifier or declaring the property as nullable. [C:\Users\HP\Downloads\Medical\Medical_Affiliation\Medical_Affiliation.csproj]
C:\Users\HP\Downloads\Medical\Medical_Affiliation\Models\LICCollegeDashboardViewModel.cs(43,23): warning CS8618: Non-nullable property 'AcademicYear' must contain a non-null value when exiting constructor. Consider adding the 'required' modifier or declaring the property as nullable. [C:\Users\HP\Downloads\Medical\Medical_Affiliation\Medical_Affiliation.csproj]
C:\Users\HP\Downloads\Medical\Medical_Affiliation\Models\LICCollegeDashboardViewModel.cs(46,23): warning CS8618: Non-nullable property 'ACMember' must contain a non-null value when exiting constructor. Consider adding the 'required' modifier or declaring the property as nullable. [C:\Users\HP\Downloads\Medical\Medical_Affiliation\Medical_Affiliation.csproj]
C:\Users\HP\Downloads\Medical\Medical_Affiliation\Models\LICCollegeDashboardViewModel.cs(47,23): warning CS8618: Non-nullable property 'AcMember_Phno' must contain a non-null value when exiting constructor. Consider adding the 'required' modifier or declaring the property as nullable. [C:\Users\HP\Downloads\Medical\Medical_Affiliation\Medical_Affiliation.csproj]
C:\Users\HP\Downloads\Medical\Medical_Affiliation\Models\LICCollegeDashboardViewModel.cs(50,23): warning CS8618: Non-nullable property 'SenetMember' must contain a non-null value when exiting constructor. Consider adding the 'required' modifier or declaring the property as nullable. [C:\Users\HP\Downloads\Medical\Medical_Affiliation\Medical_Affiliation.csproj]
C:\Users\HP\Downloads\Medical\Medical_Affiliation\Models\LICCollegeDashboardViewModel.cs(51,23): warning CS8618: Non-nullable property 'SenetMember_PhNo' must contain a non-null value when exiting constructor. Consider adding the 'required' modifier or declaring the property as nullable. [C:\Users\HP\Downloads\Medical\Medical_Affiliation\Medical_Affiliation.csproj]
C:\Users\HP\Downloads\Medical\Medical_Affiliation\Models\LICCollegeDashboardViewModel.cs(54,23): warning CS8618: Non-nullable property 'SubjectExpertise' must contain a non-null value when exiting constructor. Consider adding the 'required' modifier or declaring the property as nullable. [C:\Users\HP\Downloads\Medical\Medical_Affiliation\Medical_Affiliation.csproj]
C:\Users\HP\Downloads\Medical\Medical_Affiliation\Models\LICCollegeDashboardViewModel.cs(55,23): warning CS8618: Non-nullable property 'SubjectExpertise_PhNo' must contain a non-null value when exiting constructor. Consider adding the 'required' modifier or declaring the property as nullable. [C:\Users\HP\Downloads\Medical\Medical_Affiliation\Medical_Affiliation.csproj]
C:\Users\HP\Downloads\Medical\Medical_Affiliation\Models\LICCollegeDashboardViewModel.cs(57,23): warning CS8618: Non-nullable property 'FacultyCode' must contain a non-null value when exiting constructor. Consider adding the 'required' modifier or declaring the property as nullable. [C:\Users\HP\Downloads\Medical\Medical_Affiliation\Medical_Affiliation.csproj]
C:\Users\HP\Downloads\Medical\Medical_Affiliation\Models\LICCollegeDashboardViewModel.cs(58,23): warning CS8618: Non-nullable property 'CollegeName' must contain a non-null value when exiting constructor. Consider adding the 'required' modifier or declaring the property as nullable. [C:\Users\HP\Downloads\Medical\Medical_Affiliation\Medical_Affiliation.csproj]
C:\Users\HP\Downloads\Medical\Medical_Affiliation\Models\LICCollegeDashboardViewModel.cs(59,23): warning CS8618: Non-nullable property 'CollegePlace' must contain a non-null value when exiting constructor. Consider adding the 'required' modifier or declaring the property as nullable. [C:\Users\HP\Downloads\Medical\Medical_Affiliation\Medical_Affiliation.csproj]
C:\Users\HP\Downloads\Medical\Medical_Affiliation\Models\LICCollegeDashboardViewModel.cs(60,23): warning CS8618: Non-nullable property 'CollegeCode' must contain a non-null value when exiting constructor. Consider adding the 'required' modifier or declaring the property as nullable. [C:\Users\HP\Downloads\Medical\Medical_Affiliation\Medical_Affiliation.csproj]
C:\Users\HP\Downloads\Medical\Medical_Affiliation\Models\LICCollegeDashboardViewModel.cs(61,23): warning CS8618: Non-nullable property 'SE_RevisedOrder' must contain a non-null value when exiting constructor. Consider adding the 'required' modifier or declaring the property as nullable. [C:\Users\HP\Downloads\Medical\Medical_Affiliation\Medical_Affiliation.csproj]
C:\Users\HP\Downloads\Medical\Medical_Affiliation\Models\LICCollegeDashboardViewModel.cs(64,23): warning CS8618: Non-nullable property 'FacultyName' must contain a non-null value when exiting constructor. Consider adding the 'required' modifier or declaring the property as nullable. [C:\Users\HP\Downloads\Medical\Medical_Affiliation\Medical_Affiliation.csproj]
C:\Users\HP\Downloads\Medical\Medical_Affiliation\Models\LICCollegeDashboardViewModel.cs(65,23): warning CS8618: Non-nullable property 'FacultyAbbreviation' must contain a non-null value when exiting constructor. Consider adding the 'required' modifier or declaring the property as nullable. [C:\Users\HP\Downloads\Medical\Medical_Affiliation\Medical_Affiliation.csproj]
C:\Users\HP\Downloads\Medical\Medical_Affiliation\Models\LICCollegeDashboardViewModel.cs(68,23): warning CS8618: Non-nullable property 'ClaimStatus' must contain a non-null value when exiting constructor. Consider adding the 'required' modifier or declaring the property as nullable. [C:\Users\HP\Downloads\Medical\Medical_Affiliation\Medical_Affiliation.csproj]
C:\Users\HP\Downloads\Medical\Medical_Affiliation\Models\LICCollegeDashboardViewModel.cs(69,23): warning CS8618: Non-nullable property 'ClaimMobile' must contain a non-null value when exiting constructor. Consider adding the 'required' modifier or declaring the property as nullable. [C:\Users\HP\Downloads\Medical\Medical_Affiliation\Medical_Affiliation.csproj]
C:\Users\HP\Downloads\Medical\Medical_Affiliation\Models\LICCollegeDashboardViewModel.cs(5,23): warning CS8618: Non-nullable property 'CollegeName' must contain a non-null value when exiting constructor. Consider adding the 'required' modifier or declaring the property as nullable. [C:\Users\HP\Downloads\Medical\Medical_Affiliation\Medical_Affiliation.csproj]
C:\Users\HP\Downloads\Medical\Medical_Affiliation\Models\LICCollegeDashboardViewModel.cs(8,23): warning CS8618: Non-nullable property 'CollegeCode' must contain a non-null value when exiting constructor. Consider adding the 'required' modifier or declaring the property as nullable. [C:\Users\HP\Downloads\Medical\Medical_Affiliation\Medical_Affiliation.csproj]
C:\Users\HP\Downloads\Medical\Medical_Affiliation\Models\LICCollegeDashboardViewModel.cs(10,33): warning CS8618: Non-nullable property 'SenateMember' must contain a non-null value when exiting constructor. Consider adding the 'required' modifier or declaring the property as nullable. [C:\Users\HP\Downloads\Medical\Medical_Affiliation\Medical_Affiliation.csproj]
C:\Users\HP\Downloads\Medical\Medical_Affiliation\Models\LICCollegeDashboardViewModel.cs(12,33): warning CS8618: Non-nullable property 'ACMember' must contain a non-null value when exiting constructor. Consider adding the 'required' modifier or declaring the property as nullable. [C:\Users\HP\Downloads\Medical\Medical_Affiliation\Medical_Affiliation.csproj]
C:\Users\HP\Downloads\Medical\Medical_Affiliation\Models\LICCollegeDashboardViewModel.cs(14,33): warning CS8618: Non-nullable property 'SubjectExpert' must contain a non-null value when exiting constructor. Consider adding the 'required' modifier or declaring the property as nullable. [C:\Users\HP\Downloads\Medical\Medical_Affiliation\Medical_Affiliation.csproj]
C:\Users\HP\Downloads\Medical\Medical_Affiliation\Models\LICCollegeDashboardViewModel.cs(18,23): warning CS8618: Non-nullable property 'ApprovalStatus' must contain a non-null value when exiting constructor. Consider adding the 'required' modifier or declaring the property as nullable. [C:\Users\HP\Downloads\Medical\Medical_Affiliation\Medical_Affiliation.csproj]
C:\Users\HP\Downloads\Medical\Medical_Affiliation\Models\LICCollegeDashboardViewModel.cs(19,23): warning CS8618: Non-nullable property 'LicApprovalFileName' must contain a non-null value when exiting constructor. Consider adding the 'required' modifier or declaring the property as nullable. [C:\Users\HP\Downloads\Medical\Medical_Affiliation\Medical_Affiliation.csproj]
C:\Users\HP\Downloads\Medical\Medical_Affiliation\Models\InstitutionBasicDetailsViewModel.cs(575,23): warning CS8618: Non-nullable property 'FacultyCode' must contain a non-null value when exiting constructor. Consider adding the 'required' modifier or declaring the property as nullable. [C:\Users\HP\Downloads\Medical\Medical_Affiliation\Medical_Affiliation.csproj]
C:\Users\HP\Downloads\Medical\Medical_Affiliation\Models\InstitutionBasicDetailsViewModel.cs(576,23): warning CS8618: Non-nullable property 'CollegeCode' must contain a non-null value when exiting constructor. Consider adding the 'required' modifier or declaring the property as nullable. [C:\Users\HP\Downloads\Medical\Medical_Affiliation\Medical_Affiliation.csproj]
C:\Users\HP\Downloads\Medical\Medical_Affiliation\Models\InstitutionBasicDetailsViewModel.cs(577,23): warning CS8618: Non-nullable property 'PostHeld' must contain a non-null value when exiting constructor. Consider adding the 'required' modifier or declaring the property as nullable. [C:\Users\HP\Downloads\Medical\Medical_Affiliation\Medical_Affiliation.csproj]
C:\Users\HP\Downloads\Medical\Medical_Affiliation\Models\LICCollegeDashboardViewModel.cs(76,23): warning CS8618: Non-nullable property 'Name' must contain a non-null value when exiting constructor. Consider adding the 'required' modifier or declaring the property as nullable. [C:\Users\HP\Downloads\Medical\Medical_Affiliation\Medical_Affiliation.csproj]
C:\Users\HP\Downloads\Medical\Medical_Affiliation\Models\LICCollegeDashboardViewModel.cs(77,23): warning CS8618: Non-nullable property 'TypeofMember' must contain a non-null value when exiting constructor. Consider adding the 'required' modifier or declaring the property as nullable. [C:\Users\HP\Downloads\Medical\Medical_Affiliation\Medical_Affiliation.csproj]
C:\Users\HP\Downloads\Medical\Medical_Affiliation\Models\LICCollegeDashboardViewModel.cs(78,23): warning CS8618: Non-nullable property 'MobileNumber' must contain a non-null value when exiting constructor. Consider adding the 'required' modifier or declaring the property as nullable. [C:\Users\HP\Downloads\Medical\Medical_Affiliation\Medical_Affiliation.csproj]
C:\Users\HP\Downloads\Medical\Medical_Affiliation\Models\LICCollegeDashboardViewModel.cs(91,23): warning CS8618: Non-nullable property 'SearchTerm' must contain a non-null value when exiting constructor. Consider adding the 'required' modifier or declaring the property as nullable. [C:\Users\HP\Downloads\Medical\Medical_Affiliation\Medical_Affiliation.csproj]
C:\Users\HP\Downloads\Medical\Medical_Affiliation\Models\LICCollegeDashboardViewModel.cs(92,23): warning CS8618: Non-nullable property 'StatusFilter' must contain a non-null value when exiting constructor. Consider adding the 'required' modifier or declaring the property as nullable. [C:\Users\HP\Downloads\Medical\Medical_Affiliation\Medical_Affiliation.csproj]
C:\Users\HP\Downloads\Medical\Medical_Affiliation\Models\InstitutionBasicDetailsViewModel.cs(364,23): warning CS8618: Non-nullable property 'FacultyName' must contain a non-null value when exiting constructor. Consider adding the 'required' modifier or declaring the property as nullable. [C:\Users\HP\Downloads\Medical\Medical_Affiliation\Medical_Affiliation.csproj]
C:\Users\HP\Downloads\Medical\Medical_Affiliation\Models\InstitutionBasicDetailsViewModel.cs(365,23): warning CS8618: Non-nullable property 'Designation' must contain a non-null value when exiting constructor. Consider adding the 'required' modifier or declaring the property as nullable. [C:\Users\HP\Downloads\Medical\Medical_Affiliation\Medical_Affiliation.csproj]
C:\Users\HP\Downloads\Medical\Medical_Affiliation\Models\InstitutionBasicDetailsViewModel.cs(366,23): warning CS8618: Non-nullable property 'Qualification' must contain a non-null value when exiting constructor. Consider adding the 'required' modifier or declaring the property as nullable. [C:\Users\HP\Downloads\Medical\Medical_Affiliation\Medical_Affiliation.csproj]
C:\Users\HP\Downloads\Medical\Medical_Affiliation\Models\InstitutionBasicDetailsViewModel.cs(368,23): warning CS8618: Non-nullable property 'Remarks' must contain a non-null value when exiting constructor. Consider adding the 'required' modifier or declaring the property as nullable. [C:\Users\HP\Downloads\Medical\Medical_Affiliation\Medical_Affiliation.csproj]
C:\Users\HP\Downloads\Medical\Medical_Affiliation\Models\InstitutionBasicDetailsViewModel.cs(355,23): warning CS8618: Non-nullable property 'CollegeCode' must contain a non-null value when exiting constructor. Consider adding the 'required' modifier or declaring the property as nullable. [C:\Users\HP\Downloads\Medical\Medical_Affiliation\Medical_Affiliation.csproj]
C:\Users\HP\Downloads\Medical\Medical_Affiliation\Models\InstitutionBasicDetailsViewModel.cs(356,23): warning CS8618: Non-nullable property 'FacultyCode' must contain a non-null value when exiting constructor. Consider adding the 'required' modifier or declaring the property as nullable. [C:\Users\HP\Downloads\Medical\Medical_Affiliation\Medical_Affiliation.csproj]
C:\Users\HP\Downloads\Medical\Medical_Affiliation\Models\InstitutionBasicDetailsViewModel.cs(347,41): warning CS8618: Non-nullable property 'AffSanIntake' must contain a non-null value when exiting constructor. Consider adding the 'required' modifier or declaring the property as nullable. [C:\Users\HP\Downloads\Medical\Medical_Affiliation\Medical_Affiliation.csproj]
C:\Users\HP\Downloads\Medical\Medical_Affiliation\Models\InstitutionBasicDetailsViewModel.cs(348,39): warning CS8618: Non-nullable property 'AffCourseDetails' must contain a non-null value when exiting constructor. Consider adding the 'required' modifier or declaring the property as nullable. [C:\Users\HP\Downloads\Medical\Medical_Affiliation\Medical_Affiliation.csproj]
C:\Users\HP\Downloads\Medical\Medical_Affiliation\Models\InstitutionBasicDetailsViewModel.cs(349,44): warning CS8618: Non-nullable property 'InstituteDetails' must contain a non-null value when exiting constructor. Consider adding the 'required' modifier or declaring the property as nullable. [C:\Users\HP\Downloads\Medical\Medical_Affiliation\Medical_Affiliation.csproj]
C:\Users\HP\Downloads\Medical\Medical_Affiliation\Models\InstitutionBasicDetailsViewModel.cs(350,49): warning CS8618: Non-nullable property 'NursingInstituteDetails' must contain a non-null value when exiting constructor. Consider adding the 'required' modifier or declaring the property as nullable. [C:\Users\HP\Downloads\Medical\Medical_Affiliation\Medical_Affiliation.csproj]
C:\Users\HP\Downloads\Medical\Medical_Affiliation\Models\InstitutionBasicDetailsViewModel.cs(351,41): warning CS8618: Non-nullable property 'TrustMemberDetails' must contain a non-null value when exiting constructor. Consider adding the 'required' modifier or declaring the property as nullable. [C:\Users\HP\Downloads\Medical\Medical_Affiliation\Medical_Affiliation.csproj]
C:\Users\HP\Downloads\Medical\Medical_Affiliation\Models\InstitutionBasicDetailsViewModel.cs(279,23): warning CS8618: Non-nullable property 'FacultyCode' must contain a non-null value when exiting constructor. Consider adding the 'required' modifier or declaring the property as nullable. [C:\Users\HP\Downloads\Medical\Medical_Affiliation\Medical_Affiliation.csproj]
C:\Users\HP\Downloads\Medical\Medical_Affiliation\Models\InstitutionBasicDetailsViewModel.cs(280,23): warning CS8618: Non-nullable property 'CollegeCode' must contain a non-null value when exiting constructor. Consider adding the 'required' modifier or declaring the property as nullable. [C:\Users\HP\Downloads\Medical\Medical_Affiliation\Medical_Affiliation.csproj]
C:\Users\HP\Downloads\Medical\Medical_Affiliation\Models\InstitutionBasicDetailsViewModel.cs(267,23): warning CS8618: Non-nullable property 'HostelFacilityName' must contain a non-null value when exiting constructor. Consider adding the 'required' modifier or declaring the property as nullable. [C:\Users\HP\Downloads\Medical\Medical_Affiliation\Medical_Affiliation.csproj]
C:\Users\HP\Downloads\Medical\Medical_Affiliation\Models\InstitutionBasicDetailsViewModel.cs(272,23): warning CS8618: Non-nullable property 'FacultyCode' must contain a non-null value when exiting constructor. Consider adding the 'required' modifier or declaring the property as nullable. [C:\Users\HP\Downloads\Medical\Medical_Affiliation\Medical_Affiliation.csproj]
C:\Users\HP\Downloads\Medical\Medical_Affiliation\Models\InstitutionBasicDetailsViewModel.cs(273,23): warning CS8618: Non-nullable property 'CollegeCode' must contain a non-null value when exiting constructor. Consider adding the 'required' modifier or declaring the property as nullable. [C:\Users\HP\Downloads\Medical\Medical_Affiliation\Medical_Affiliation.csproj]
C:\Users\HP\Downloads\Medical\Medical_Affiliation\Controllers\AffiliationPgCourseController.cs(698,50): warning CS8604: Possible null reference argument for parameter 'file' in 'Task<string?> AffiliationPgCourseController.SavePgFileAsync(IFormFile file, string subFolder)'. [C:\Users\HP\Downloads\Medical\Medical_Affiliation\Medical_Affiliation.csproj]
C:\Users\HP\Downloads\Medical\Medical_Affiliation\Models\InstitutionBasicDetailsViewModel.cs(288,23): warning CS8618: Non-nullable property 'NameOfFaculty' must contain a non-null value when exiting constructor. Consider adding the 'required' modifier or declaring the property as nullable. [C:\Users\HP\Downloads\Medical\Medical_Affiliation\Medical_Affiliation.csproj]
C:\Users\HP\Downloads\Medical\Medical_Affiliation\Models\InstitutionBasicDetailsViewModel.cs(289,23): warning CS8618: Non-nullable property 'Subject' must contain a non-null value when exiting constructor. Consider adding the 'required' modifier or declaring the property as nullable. [C:\Users\HP\Downloads\Medical\Medical_Affiliation\Medical_Affiliation.csproj]
C:\Users\HP\Downloads\Medical\Medical_Affiliation\Models\InstitutionBasicDetailsViewModel.cs(291,23): warning CS8618: Non-nullable property 'Mobile' must contain a non-null value when exiting constructor. Consider adding the 'required' modifier or declaring the property as nullable. [C:\Users\HP\Downloads\Medical\Medical_Affiliation\Medical_Affiliation.csproj]
C:\Users\HP\Downloads\Medical\Medical_Affiliation\Models\InstitutionBasicDetailsViewModel.cs(292,23): warning CS8618: Non-nullable property 'Email' must contain a non-null value when exiting constructor. Consider adding the 'required' modifier or declaring the property as nullable. [C:\Users\HP\Downloads\Medical\Medical_Affiliation\Medical_Affiliation.csproj]
C:\Users\HP\Downloads\Medical\Medical_Affiliation\Models\InstitutionBasicDetailsViewModel.cs(293,23): warning CS8618: Non-nullable property 'Aadhaar' must contain a non-null value when exiting constructor. Consider adding the 'required' modifier or declaring the property as nullable. [C:\Users\HP\Downloads\Medical\Medical_Affiliation\Medical_Affiliation.csproj]
C:\Users\HP\Downloads\Medical\Medical_Affiliation\Models\InstitutionBasicDetailsViewModel.cs(294,23): warning CS8618: Non-nullable property 'PAN' must contain a non-null value when exiting constructor. Consider adding the 'required' modifier or declaring the property as nullable. [C:\Users\HP\Downloads\Medical\Medical_Affiliation\Medical_Affiliation.csproj]
C:\Users\HP\Downloads\Medical\Medical_Affiliation\Models\InstitutionBasicDetailsViewModel.cs(295,23): warning CS8618: Non-nullable property 'RN_RMNumber' must contain a non-null value when exiting constructor. Consider adding the 'required' modifier or declaring the property as nullable. [C:\Users\HP\Downloads\Medical\Medical_Affiliation\Medical_Affiliation.csproj]
C:\Users\HP\Downloads\Medical\Medical_Affiliation\Models\InstitutionBasicDetailsViewModel.cs(296,23): warning CS8618: Non-nullable property 'Department' must contain a non-null value when exiting constructor. Consider adding the 'required' modifier or declaring the property as nullable. [C:\Users\HP\Downloads\Medical\Medical_Affiliation\Medical_Affiliation.csproj]
C:\Users\HP\Downloads\Medical\Medical_Affiliation\Models\InstitutionBasicDetailsViewModel.cs(297,23): warning CS8618: Non-nullable property 'DepartmentDetails' must contain a non-null value when exiting constructor. Consider adding the 'required' modifier or declaring the property as nullable. [C:\Users\HP\Downloads\Medical\Medical_Affiliation\Medical_Affiliation.csproj]
C:\Users\HP\Downloads\Medical\Medical_Affiliation\Models\InstitutionBasicDetailsViewModel.cs(298,23): warning CS8618: Non-nullable property 'SelectedDepartment' must contain a non-null value when exiting constructor. Consider adding the 'required' modifier or declaring the property as nullable. [C:\Users\HP\Downloads\Medical\Medical_Affiliation\Medical_Affiliation.csproj]
C:\Users\HP\Downloads\Medical\Medical_Affiliation\Models\InstitutionBasicDetailsViewModel.cs(299,23): warning CS8618: Non-nullable property 'Designation' must contain a non-null value when exiting constructor. Consider adding the 'required' modifier or declaring the property as nullable. [C:\Users\HP\Downloads\Medical\Medical_Affiliation\Medical_Affiliation.csproj]
C:\Users\HP\Downloads\Medical\Medical_Affiliation\Models\InstitutionBasicDetailsViewModel.cs(300,23): warning CS8618: Non-nullable property 'Qualification' must contain a non-null value when exiting constructor. Consider adding the 'required' modifier or declaring the property as nullable. [C:\Users\HP\Downloads\Medical\Medical_Affiliation\Medical_Affiliation.csproj]
C:\Users\HP\Downloads\Medical\Medical_Affiliation\Models\InstitutionBasicDetailsViewModel.cs(301,23): warning CS8618: Non-nullable property 'UGInstituteName' must contain a non-null value when exiting constructor. Consider adding the 'required' modifier or declaring the property as nullable. [C:\Users\HP\Downloads\Medical\Medical_Affiliation\Medical_Affiliation.csproj]
C:\Users\HP\Downloads\Medical\Medical_Affiliation\Models\InstitutionBasicDetailsViewModel.cs(303,23): warning CS8618: Non-nullable property 'PGInstituteName' must contain a non-null value when exiting constructor. Consider adding the 'required' modifier or declaring the property as nullable. [C:\Users\HP\Downloads\Medical\Medical_Affiliation\Medical_Affiliation.csproj]
C:\Users\HP\Downloads\Medical\Medical_Affiliation\Models\InstitutionBasicDetailsViewModel.cs(305,23): warning CS8618: Non-nullable property 'PGPassingSpecialization' must contain a non-null value when exiting constructor. Consider adding the 'required' modifier or declaring the property as nullable. [C:\Users\HP\Downloads\Medical\Medical_Affiliation\Medical_Affiliation.csproj]
C:\Users\HP\Downloads\Medical\Medical_Affiliation\Models\InstitutionBasicDetailsViewModel.cs(313,23): warning CS8618: Non-nullable property 'ExaminerFor' must contain a non-null value when exiting constructor. Consider adding the 'required' modifier or declaring the property as nullable. [C:\Users\HP\Downloads\Medical\Medical_Affiliation\Medical_Affiliation.csproj]
C:\Users\HP\Downloads\Medical\Medical_Affiliation\Models\InstitutionBasicDetailsViewModel.cs(314,29): warning CS8618: Non-nullable property 'ExaminerForList' must contain a non-null value when exiting constructor. Consider adding the 'required' modifier or declaring the property as nullable. [C:\Users\HP\Downloads\Medical\Medical_Affiliation\Medical_Affiliation.csproj]
C:\Users\HP\Downloads\Medical\Medical_Affiliation\Models\InstitutionBasicDetailsViewModel.cs(316,23): warning CS8618: Non-nullable property 'NRTSNumber' must contain a non-null value when exiting constructor. Consider adding the 'required' modifier or declaring the property as nullable. [C:\Users\HP\Downloads\Medical\Medical_Affiliation\Medical_Affiliation.csproj]
C:\Users\HP\Downloads\Medical\Medical_Affiliation\Models\InstitutionBasicDetailsViewModel.cs(317,23): warning CS8618: Non-nullable property 'RGUHSTIN' must contain a non-null value when exiting constructor. Consider adding the 'required' modifier or declaring the property as nullable. [C:\Users\HP\Downloads\Medical\Medical_Affiliation\Medical_Affiliation.csproj]
C:\Users\HP\Downloads\Medical\Medical_Affiliation\Models\InstitutionBasicDetailsViewModel.cs(318,23): warning CS8618: Non-nullable property 'RemoveRemarks' must contain a non-null value when exiting constructor. Consider adding the 'required' modifier or declaring the property as nullable. [C:\Users\HP\Downloads\Medical\Medical_Affiliation\Medical_Affiliation.csproj]
C:\Users\HP\Downloads\Medical\Medical_Affiliation\Models\InstitutionBasicDetailsViewModel.cs(322,26): warning CS8618: Non-nullable property 'AadhaarDocument' must contain a non-null value when exiting constructor. Consider adding the 'required' modifier or declaring the property as nullable. [C:\Users\HP\Downloads\Medical\Medical_Affiliation\Medical_Affiliation.csproj]
C:\Users\HP\Downloads\Medical\Medical_Affiliation\Models\InstitutionBasicDetailsViewModel.cs(323,26): warning CS8618: Non-nullable property 'PANDocument' must contain a non-null value when exiting constructor. Consider adding the 'required' modifier or declaring the property as nullable. [C:\Users\HP\Downloads\Medical\Medical_Affiliation\Medical_Affiliation.csproj]
C:\Users\HP\Downloads\Medical\Medical_Affiliation\Models\InstitutionBasicDetailsViewModel.cs(324,26): warning CS8618: Non-nullable property 'RN_RMDocument' must contain a non-null value when exiting constructor. Consider adding the 'required' modifier or declaring the property as nullable. [C:\Users\HP\Downloads\Medical\Medical_Affiliation\Medical_Affiliation.csproj]
C:\Users\HP\Downloads\Medical\Medical_Affiliation\Models\InstitutionBasicDetailsViewModel.cs(325,26): warning CS8618: Non-nullable property 'Form16OrLast6MonthsStatement' must contain a non-null value when exiting constructor. Consider adding the 'required' modifier or declaring the property as nullable. [C:\Users\HP\Downloads\Medical\Medical_Affiliation\Medical_Affiliation.csproj]
C:\Users\HP\Downloads\Medical\Medical_Affiliation\Models\InstitutionBasicDetailsViewModel.cs(326,26): warning CS8618: Non-nullable property 'AppointmentOrderDocument' must contain a non-null value when exiting constructor. Consider adding the 'required' modifier or declaring the property as nullable. [C:\Users\HP\Downloads\Medical\Medical_Affiliation\Medical_Affiliation.csproj]
C:\Users\HP\Downloads\Medical\Medical_Affiliation\Models\InstitutionBasicDetailsViewModel.cs(327,26): warning CS8618: Non-nullable property 'GuideRecognitionDoc' must contain a non-null value when exiting constructor. Consider adding the 'required' modifier or declaring the property as nullable. [C:\Users\HP\Downloads\Medical\Medical_Affiliation\Medical_Affiliation.csproj]
C:\Users\HP\Downloads\Medical\Medical_Affiliation\Models\InstitutionBasicDetailsViewModel.cs(328,26): warning CS8618: Non-nullable property 'PhDRecognitionDoc' must contain a non-null value when exiting constructor. Consider adding the 'required' modifier or declaring the property as nullable. [C:\Users\HP\Downloads\Medical\Medical_Affiliation\Medical_Affiliation.csproj]
C:\Users\HP\Downloads\Medical\Medical_Affiliation\Models\InstitutionBasicDetailsViewModel.cs(329,26): warning CS8618: Non-nullable property 'LitigationDoc' must contain a non-null value when exiting constructor. Consider adding the 'required' modifier or declaring the property as nullable. [C:\Users\HP\Downloads\Medical\Medical_Affiliation\Medical_Affiliation.csproj]
C:\Users\HP\Downloads\Medical\Medical_Affiliation\Models\InstitutionBasicDetailsViewModel.cs(332,37): warning CS8618: Non-nullable property 'Subjects' must contain a non-null value when exiting constructor. Consider adding the 'required' modifier or declaring the property as nullable. [C:\Users\HP\Downloads\Medical\Medical_Affiliation\Medical_Affiliation.csproj]
C:\Users\HP\Downloads\Medical\Medical_Affiliation\Models\InstitutionBasicDetailsViewModel.cs(333,37): warning CS8618: Non-nullable property 'Designations' must contain a non-null value when exiting constructor. Consider adding the 'required' modifier or declaring the property as nullable. [C:\Users\HP\Downloads\Medical\Medical_Affiliation\Medical_Affiliation.csproj]
C:\Users\HP\Downloads\Medical\Medical_Affiliation\Models\InstitutionBasicDetailsViewModel.cs(334,37): warning CS8618: Non-nullable property 'DepartmentDetailsList' must contain a non-null value when exiting constructor. Consider adding the 'required' modifier or declaring the property as nullable. [C:\Users\HP\Downloads\Medical\Medical_Affiliation\Medical_Affiliation.csproj]
C:\Users\HP\Downloads\Medical\Medical_Affiliation\Models\InstitutionBasicDetailsViewModel.cs(335,26): warning CS8618: Non-nullable property 'OnlineTeachersDatabase' must contain a non-null value when exiting constructor. Consider adding the 'required' modifier or declaring the property as nullable. [C:\Users\HP\Downloads\Medical\Medical_Affiliation\Medical_Affiliation.csproj]
C:\Users\HP\Downloads\Medical\Medical_Affiliation\Models\InstitutionBasicDetailsViewModel.cs(336,26): warning CS8618: Non-nullable property 'madetorecruit' must contain a non-null value when exiting constructor. Consider adding the 'required' modifier or declaring the property as nullable. [C:\Users\HP\Downloads\Medical\Medical_Affiliation\Medical_Affiliation.csproj]
C:\Users\HP\Downloads\Medical\Medical_Affiliation\Models\InstitutionBasicDetailsViewModel.cs(120,23): warning CS8618: Non-nullable property 'FacultyCode' must contain a non-null value when exiting constructor. Consider adding the 'required' modifier or declaring the property as nullable. [C:\Users\HP\Downloads\Medical\Medical_Affiliation\Medical_Affiliation.csproj]
C:\Users\HP\Downloads\Medical\Medical_Affiliation\Models\InstitutionBasicDetailsViewModel.cs(121,23): warning CS8618: Non-nullable property 'CollegeCode' must contain a non-null value when exiting constructor. Consider adding the 'required' modifier or declaring the property as nullable. [C:\Users\HP\Downloads\Medical\Medical_Affiliation\Medical_Affiliation.csproj]
C:\Users\HP\Downloads\Medical\Medical_Affiliation\Models\InstitutionBasicDetailsViewModel.cs(101,23): warning CS8618: Non-nullable property 'FacultyCode' must contain a non-null value when exiting constructor. Consider adding the 'required' modifier or declaring the property as nullable. [C:\Users\HP\Downloads\Medical\Medical_Affiliation\Medical_Affiliation.csproj]
C:\Users\HP\Downloads\Medical\Medical_Affiliation\Models\InstitutionBasicDetailsViewModel.cs(102,23): warning CS8618: Non-nullable property 'CollegeCode' must contain a non-null value when exiting constructor. Consider adding the 'required' modifier or declaring the property as nullable. [C:\Users\HP\Downloads\Medical\Medical_Affiliation\Medical_Affiliation.csproj]
C:\Users\HP\Downloads\Medical\Medical_Affiliation\Models\InstitutionBasicDetailsViewModel.cs(103,23): warning CS8618: Non-nullable property 'TrustMemberName' must contain a non-null value when exiting constructor. Consider adding the 'required' modifier or declaring the property as nullable. [C:\Users\HP\Downloads\Medical\Medical_Affiliation\Medical_Affiliation.csproj]
C:\Users\HP\Downloads\Medical\Medical_Affiliation\Models\InstitutionBasicDetailsViewModel.cs(105,23): warning CS8618: Non-nullable property 'Qualification' must contain a non-null value when exiting constructor. Consider adding the 'required' modifier or declaring the property as nullable. [C:\Users\HP\Downloads\Medical\Medical_Affiliation\Medical_Affiliation.csproj]
C:\Users\HP\Downloads\Medical\Medical_Affiliation\Models\InstitutionBasicDetailsViewModel.cs(106,23): warning CS8618: Non-nullable property 'MobileNumber' must contain a non-null value when exiting constructor. Consider adding the 'required' modifier or declaring the property as nullable. [C:\Users\HP\Downloads\Medical\Medical_Affiliation\Medical_Affiliation.csproj]
C:\Users\HP\Downloads\Medical\Medical_Affiliation\Models\InstitutionBasicDetailsViewModel.cs(110,23): warning CS8618: Non-nullable property 'JoiningDateString' must contain a non-null value when exiting constructor. Consider adding the 'required' modifier or declaring the property as nullable. [C:\Users\HP\Downloads\Medical\Medical_Affiliation\Medical_Affiliation.csproj]
C:\Users\HP\Downloads\Medical\Medical_Affiliation\Models\InstitutionBasicDetailsViewModel.cs(115,23): warning CS8618: Non-nullable property 'Designation' must contain a non-null value when exiting constructor. Consider adding the 'required' modifier or declaring the property as nullable. [C:\Users\HP\Downloads\Medical\Medical_Affiliation\Medical_Affiliation.csproj]
C:\Users\HP\Downloads\Medical\Medical_Affiliation\Models\InstitutionBasicDetailsViewModel.cs(376,23): warning CS8618: Non-nullable property 'CollegeCode' must contain a non-null value when exiting constructor. Consider adding the 'required' modifier or declaring the property as nullable. [C:\Users\HP\Downloads\Medical\Medical_Affiliation\Medical_Affiliation.csproj]
C:\Users\HP\Downloads\Medical\Medical_Affiliation\Models\InstitutionBasicDetailsViewModel.cs(377,23): warning CS8618: Non-nullable property 'FacultyCode' must contain a non-null value when exiting constructor. Consider adding the 'required' modifier or declaring the property as nullable. [C:\Users\HP\Downloads\Medical\Medical_Affiliation\Medical_Affiliation.csproj]
C:\Users\HP\Downloads\Medical\Medical_Affiliation\Models\InstitutionBasicDetailsViewModel.cs(379,23): warning CS8618: Non-nullable property 'TypeOfInstitution' must contain a non-null value when exiting constructor. Consider adding the 'required' modifier or declaring the property as nullable. [C:\Users\HP\Downloads\Medical\Medical_Affiliation\Medical_Affiliation.csproj]
C:\Users\HP\Downloads\Medical\Medical_Affiliation\Models\InstitutionBasicDetailsViewModel.cs(380,23): warning CS8618: Non-nullable property 'NameOfInstitution' must contain a non-null value when exiting constructor. Consider adding the 'required' modifier or declaring the property as nullable. [C:\Users\HP\Downloads\Medical\Medical_Affiliation\Medical_Affiliation.csproj]
C:\Users\HP\Downloads\Medical\Medical_Affiliation\Models\InstitutionBasicDetailsViewModel.cs(381,23): warning CS8618: Non-nullable property 'Address' must contain a non-null value when exiting constructor. Consider adding the 'required' modifier or declaring the property as nullable. [C:\Users\HP\Downloads\Medical\Medical_Affiliation\Medical_Affiliation.csproj]
C:\Users\HP\Downloads\Medical\Medical_Affiliation\Models\InstitutionBasicDetailsViewModel.cs(382,23): warning CS8618: Non-nullable property 'VillageTownCity' must contain a non-null value when exiting constructor. Consider adding the 'required' modifier or declaring the property as nullable. [C:\Users\HP\Downloads\Medical\Medical_Affiliation\Medical_Affiliation.csproj]
C:\Users\HP\Downloads\Medical\Medical_Affiliation\Models\InstitutionBasicDetailsViewModel.cs(383,23): warning CS8618: Non-nullable property 'Taluk' must contain a non-null value when exiting constructor. Consider adding the 'required' modifier or declaring the property as nullable. [C:\Users\HP\Downloads\Medical\Medical_Affiliation\Medical_Affiliation.csproj]
C:\Users\HP\Downloads\Medical\Medical_Affiliation\Models\InstitutionBasicDetailsViewModel.cs(384,23): warning CS8618: Non-nullable property 'District' must contain a non-null value when exiting constructor. Consider adding the 'required' modifier or declaring the property as nullable. [C:\Users\HP\Downloads\Medical\Medical_Affiliation\Medical_Affiliation.csproj]
C:\Users\HP\Downloads\Medical\Medical_Affiliation\Models\InstitutionBasicDetailsViewModel.cs(385,23): warning CS8618: Non-nullable property 'PinCode' must contain a non-null value when exiting constructor. Consider adding the 'required' modifier or declaring the property as nullable. [C:\Users\HP\Downloads\Medical\Medical_Affiliation\Medical_Affiliation.csproj]
C:\Users\HP\Downloads\Medical\Medical_Affiliation\Models\InstitutionBasicDetailsViewModel.cs(386,23): warning CS8618: Non-nullable property 'MobileNumber' must contain a non-null value when exiting constructor. Consider adding the 'required' modifier or declaring the property as nullable. [C:\Users\HP\Downloads\Medical\Medical_Affiliation\Medical_Affiliation.csproj]
C:\Users\HP\Downloads\Medical\Medical_Affiliation\Models\InstitutionBasicDetailsViewModel.cs(387,23): warning CS8618: Non-nullable property 'StdCode' must contain a non-null value when exiting constructor. Consider adding the 'required' modifier or declaring the property as nullable. [C:\Users\HP\Downloads\Medical\Medical_Affiliation\Medical_Affiliation.csproj]
C:\Users\HP\Downloads\Medical\Medical_Affiliation\Models\InstitutionBasicDetailsViewModel.cs(388,23): warning CS8618: Non-nullable property 'Fax' must contain a non-null value when exiting constructor. Consider adding the 'required' modifier or declaring the property as nullable. [C:\Users\HP\Downloads\Medical\Medical_Affiliation\Medical_Affiliation.csproj]
C:\Users\HP\Downloads\Medical\Medical_Affiliation\Models\InstitutionBasicDetailsViewModel.cs(389,23): warning CS8618: Non-nullable property 'Website' must contain a non-null value when exiting constructor. Consider adding the 'required' modifier or declaring the property as nullable. [C:\Users\HP\Downloads\Medical\Medical_Affiliation\Medical_Affiliation.csproj]
C:\Users\HP\Downloads\Medical\Medical_Affiliation\Models\InstitutionBasicDetailsViewModel.cs(390,23): warning CS8618: Non-nullable property 'SurveyNoPidNo' must contain a non-null value when exiting constructor. Consider adding the 'required' modifier or declaring the property as nullable. [C:\Users\HP\Downloads\Medical\Medical_Affiliation\Medical_Affiliation.csproj]
C:\Users\HP\Downloads\Medical\Medical_Affiliation\Models\InstitutionBasicDetailsViewModel.cs(394,23): warning CS8618: Non-nullable property 'YearOfEstablishment' must contain a non-null value when exiting constructor. Consider adding the 'required' modifier or declaring the property as nullable. [C:\Users\HP\Downloads\Medical\Medical_Affiliation\Medical_Affiliation.csproj]
C:\Users\HP\Downloads\Medical\Medical_Affiliation\Models\InstitutionBasicDetailsViewModel.cs(395,23): warning CS8618: Non-nullable property 'EmailId' must contain a non-null value when exiting constructor. Consider adding the 'required' modifier or declaring the property as nullable. [C:\Users\HP\Downloads\Medical\Medical_Affiliation\Medical_Affiliation.csproj]
C:\Users\HP\Downloads\Medical\Medical_Affiliation\Models\InstitutionBasicDetailsViewModel.cs(396,23): warning CS8618: Non-nullable property 'AltLandlineMobile' must contain a non-null value when exiting constructor. Consider adding the 'required' modifier or declaring the property as nullable. [C:\Users\HP\Downloads\Medical\Medical_Affiliation\Medical_Affiliation.csproj]
C:\Users\HP\Downloads\Medical\Medical_Affiliation\Models\InstitutionBasicDetailsViewModel.cs(397,23): warning CS8618: Non-nullable property 'AltEmailId' must contain a non-null value when exiting constructor. Consider adding the 'required' modifier or declaring the property as nullable. [C:\Users\HP\Downloads\Medical\Medical_Affiliation\Medical_Affiliation.csproj]
C:\Users\HP\Downloads\Medical\Medical_Affiliation\Models\InstitutionBasicDetailsViewModel.cs(398,23): warning CS8618: Non-nullable property 'HeadOfInstitution' must contain a non-null value when exiting constructor. Consider adding the 'required' modifier or declaring the property as nullable. [C:\Users\HP\Downloads\Medical\Medical_Affiliation\Medical_Affiliation.csproj]
C:\Users\HP\Downloads\Medical\Medical_Affiliation\Models\InstitutionBasicDetailsViewModel.cs(399,23): warning CS8618: Non-nullable property 'HeadAddress' must contain a non-null value when exiting constructor. Consider adding the 'required' modifier or declaring the property as nullable. [C:\Users\HP\Downloads\Medical\Medical_Affiliation\Medical_Affiliation.csproj]
C:\Users\HP\Downloads\Medical\Medical_Affiliation\Models\InstitutionBasicDetailsViewModel.cs(400,23): warning CS8618: Non-nullable property 'FinancingAuthority' must contain a non-null value when exiting constructor. Consider adding the 'required' modifier or declaring the property as nullable. [C:\Users\HP\Downloads\Medical\Medical_Affiliation\Medical_Affiliation.csproj]
C:\Users\HP\Downloads\Medical\Medical_Affiliation\Models\InstitutionBasicDetailsViewModel.cs(401,23): warning CS8618: Non-nullable property 'StatusOfCollege' must contain a non-null value when exiting constructor. Consider adding the 'required' modifier or declaring the property as nullable. [C:\Users\HP\Downloads\Medical\Medical_Affiliation\Medical_Affiliation.csproj]
C:\Users\HP\Downloads\Medical\Medical_Affiliation\Models\InstitutionBasicDetailsViewModel.cs(402,23): warning CS8618: Non-nullable property 'CourseApplied' must contain a non-null value when exiting constructor. Consider adding the 'required' modifier or declaring the property as nullable. [C:\Users\HP\Downloads\Medical\Medical_Affiliation\Medical_Affiliation.csproj]
C:\Users\HP\Downloads\Medical\Medical_Affiliation\Models\InstitutionBasicDetailsViewModel.cs(404,23): warning CS8618: Non-nullable property 'DocumentName' must contain a non-null value when exiting constructor. Consider adding the 'required' modifier or declaring the property as nullable. [C:\Users\HP\Downloads\Medical\Medical_Affiliation\Medical_Affiliation.csproj]
C:\Users\HP\Downloads\Medical\Medical_Affiliation\Models\InstitutionBasicDetailsViewModel.cs(405,23): warning CS8618: Non-nullable property 'DocumentContentType' must contain a non-null value when exiting constructor. Consider adding the 'required' modifier or declaring the property as nullable. [C:\Users\HP\Downloads\Medical\Medical_Affiliation\Medical_Affiliation.csproj]
C:\Users\HP\Downloads\Medical\Medical_Affiliation\Models\InstitutionBasicDetailsViewModel.cs(408,23): warning CS8618: Non-nullable property 'NodalOfficer_Name' must contain a non-null value when exiting constructor. Consider adding the 'required' modifier or declaring the property as nullable. [C:\Users\HP\Downloads\Medical\Medical_Affiliation\Medical_Affiliation.csproj]
C:\Users\HP\Downloads\Medical\Medical_Affiliation\Models\InstitutionBasicDetailsViewModel.cs(409,23): warning CS8618: Non-nullable property 'NodalOfficer_Mob_Number' must contain a non-null value when exiting constructor. Consider adding the 'required' modifier or declaring the property as nullable. [C:\Users\HP\Downloads\Medical\Medical_Affiliation\Medical_Affiliation.csproj]
C:\Users\HP\Downloads\Medical\Medical_Affiliation\Models\InstitutionBasicDetailsViewModel.cs(410,23): warning CS8618: Non-nullable property 'NodalOfficer_Email' must contain a non-null value when exiting constructor. Consider adding the 'required' modifier or declaring the property as nullable. [C:\Users\HP\Downloads\Medical\Medical_Affiliation\Medical_Affiliation.csproj]
C:\Users\HP\Downloads\Medical\Medical_Affiliation\Models\InstitutionBasicDetailsViewModel.cs(412,23): warning CS8618: Non-nullable property 'Principal_Name' must contain a non-null value when exiting constructor. Consider adding the 'required' modifier or declaring the property as nullable. [C:\Users\HP\Downloads\Medical\Medical_Affiliation\Medical_Affiliation.csproj]
C:\Users\HP\Downloads\Medical\Medical_Affiliation\Models\InstitutionBasicDetailsViewModel.cs(413,23): warning CS8618: Non-nullable property 'Principal_Mob_No' must contain a non-null value when exiting constructor. Consider adding the 'required' modifier or declaring the property as nullable. [C:\Users\HP\Downloads\Medical\Medical_Affiliation\Medical_Affiliation.csproj]
C:\Users\HP\Downloads\Medical\Medical_Affiliation\Models\InstitutionBasicDetailsViewModel.cs(414,23): warning CS8618: Non-nullable property 'Principal_Email' must contain a non-null value when exiting constructor. Consider adding the 'required' modifier or declaring the property as nullable. [C:\Users\HP\Downloads\Medical\Medical_Affiliation\Medical_Affiliation.csproj]
C:\Users\HP\Downloads\Medical\Medical_Affiliation\Models\InstitutionBasicDetailsViewModel.cs(416,23): warning CS8618: Non-nullable property 'HeadOfInstitution_Mob_NO' must contain a non-null value when exiting constructor. Consider adding the 'required' modifier or declaring the property as nullable. [C:\Users\HP\Downloads\Medical\Medical_Affiliation\Medical_Affiliation.csproj]
C:\Users\HP\Downloads\Medical\Medical_Affiliation\Models\InstitutionBasicDetailsViewModel.cs(417,23): warning CS8618: Non-nullable property 'HeadOfInstitution_Email' must contain a non-null value when exiting constructor. Consider adding the 'required' modifier or declaring the property as nullable. [C:\Users\HP\Downloads\Medical\Medical_Affiliation\Medical_Affiliation.csproj]
C:\Users\HP\Downloads\Medical\Medical_Affiliation\Models\InstitutionBasicDetailsViewModel.cs(419,23): warning CS8618: Non-nullable property 'College_URL' must contain a non-null value when exiting constructor. Consider adding the 'required' modifier or declaring the property as nullable. [C:\Users\HP\Downloads\Medical\Medical_Affiliation\Medical_Affiliation.csproj]
C:\Users\HP\Downloads\Medical\Medical_Affiliation\Models\InstitutionBasicDetailsViewModel.cs(421,23): warning CS8618: Non-nullable property 'TrustName' must contain a non-null value when exiting constructor. Consider adding the 'required' modifier or declaring the property as nullable. [C:\Users\HP\Downloads\Medical\Medical_Affiliation\Medical_Affiliation.csproj]
C:\Users\HP\Downloads\Medical\Medical_Affiliation\Models\InstitutionBasicDetailsViewModel.cs(422,23): warning CS8618: Non-nullable property 'TrustAddress' must contain a non-null value when exiting constructor. Consider adding the 'required' modifier or declaring the property as nullable. [C:\Users\HP\Downloads\Medical\Medical_Affiliation\Medical_Affiliation.csproj]
C:\Users\HP\Downloads\Medical\Medical_Affiliation\Models\InstitutionBasicDetailsViewModel.cs(424,23): warning CS8618: Non-nullable property 'TrustPresidentName' must contain a non-null value when exiting constructor. Consider adding the 'required' modifier or declaring the property as nullable. [C:\Users\HP\Downloads\Medical\Medical_Affiliation\Medical_Affiliation.csproj]
C:\Users\HP\Downloads\Medical\Medical_Affiliation\Models\InstitutionBasicDetailsViewModel.cs(425,23): warning CS8618: Non-nullable property 'TrustPresidentContactNo' must contain a non-null value when exiting constructor. Consider adding the 'required' modifier or declaring the property as nullable. [C:\Users\HP\Downloads\Medical\Medical_Affiliation\Medical_Affiliation.csproj]
C:\Users\HP\Downloads\Medical\Medical_Affiliation\Models\InstitutionBasicDetailsViewModel.cs(427,23): warning CS8618: Non-nullable property 'DeanName' must contain a non-null value when exiting constructor. Consider adding the 'required' modifier or declaring the property as nullable. [C:\Users\HP\Downloads\Medical\Medical_Affiliation\Medical_Affiliation.csproj]
C:\Users\HP\Downloads\Medical\Medical_Affiliation\Models\InstitutionBasicDetailsViewModel.cs(428,23): warning CS8618: Non-nullable property 'DeanMobileNumber' must contain a non-null value when exiting constructor. Consider adding the 'required' modifier or declaring the property as nullable. [C:\Users\HP\Downloads\Medical\Medical_Affiliation\Medical_Affiliation.csproj]
C:\Users\HP\Downloads\Medical\Medical_Affiliation\Models\InstitutionBasicDetailsViewModel.cs(429,23): warning CS8618: Non-nullable property 'DeanEmailId' must contain a non-null value when exiting constructor. Consider adding the 'required' modifier or declaring the property as nullable. [C:\Users\HP\Downloads\Medical\Medical_Affiliation\Medical_Affiliation.csproj]
C:\Users\HP\Downloads\Medical\Medical_Affiliation\Models\InstitutionBasicDetailsViewModel.cs(431,23): warning CS8618: Non-nullable property 'PrincipalMobileNumber' must contain a non-null value when exiting constructor. Consider adding the 'required' modifier or declaring the property as nullable. [C:\Users\HP\Downloads\Medical\Medical_Affiliation\Medical_Affiliation.csproj]
C:\Users\HP\Downloads\Medical\Medical_Affiliation\Models\InstitutionBasicDetailsViewModel.cs(432,23): warning CS8618: Non-nullable property 'PrincipalEmailId' must contain a non-null value when exiting constructor. Consider adding the 'required' modifier or declaring the property as nullable. [C:\Users\HP\Downloads\Medical\Medical_Affiliation\Medical_Affiliation.csproj]
C:\Users\HP\Downloads\Medical\Medical_Affiliation\Models\InstitutionBasicDetailsViewModel.cs(434,23): warning CS8618: Non-nullable property 'MinorityCategory' must contain a non-null value when exiting constructor. Consider adding the 'required' modifier or declaring the property as nullable. [C:\Users\HP\Downloads\Medical\Medical_Affiliation\Medical_Affiliation.csproj]
C:\Users\HP\Downloads\Medical\Medical_Affiliation\Models\InstitutionBasicDetailsViewModel.cs(435,23): warning CS8618: Non-nullable property 'RunningCourse' must contain a non-null value when exiting constructor. Consider adding the 'required' modifier or declaring the property as nullable. [C:\Users\HP\Downloads\Medical\Medical_Affiliation\Medical_Affiliation.csproj]
C:\Users\HP\Downloads\Medical\Medical_Affiliation\Models\InstitutionBasicDetailsViewModel.cs(438,37): warning CS8618: Non-nullable property 'TalukList' must contain a non-null value when exiting constructor. Consider adding the 'required' modifier or declaring the property as nullable. [C:\Users\HP\Downloads\Medical\Medical_Affiliation\Medical_Affiliation.csproj]
C:\Users\HP\Downloads\Medical\Medical_Affiliation\Models\InstitutionBasicDetailsViewModel.cs(439,37): warning CS8618: Non-nullable property 'DistrictList' must contain a non-null value when exiting constructor. Consider adding the 'required' modifier or declaring the property as nullable. [C:\Users\HP\Downloads\Medical\Medical_Affiliation\Medical_Affiliation.csproj]
C:\Users\HP\Downloads\Medical\Medical_Affiliation\Models\InstitutionBasicDetailsViewModel.cs(440,37): warning CS8618: Non-nullable property 'CourseList' must contain a non-null value when exiting constructor. Consider adding the 'required' modifier or declaring the property as nullable. [C:\Users\HP\Downloads\Medical\Medical_Affiliation\Medical_Affiliation.csproj]
C:\Users\HP\Downloads\Medical\Medical_Affiliation\Models\InstitutionBasicDetailsViewModel.cs(441,37): warning CS8618: Non-nullable property 'institutetypelist' must contain a non-null value when exiting constructor. Consider adding the 'required' modifier or declaring the property as nullable. [C:\Users\HP\Downloads\Medical\Medical_Affiliation\Medical_Affiliation.csproj]
C:\Users\HP\Downloads\Medical\Medical_Affiliation\Models\InstitutionBasicDetailsViewModel.cs(442,37): warning CS8618: Non-nullable property 'Institutestatuslist' must contain a non-null value when exiting constructor. Consider adding the 'required' modifier or declaring the property as nullable. [C:\Users\HP\Downloads\Medical\Medical_Affiliation\Medical_Affiliation.csproj]
C:\Users\HP\Downloads\Medical\Medical_Affiliation\Models\LicInspectionOtherDetailsViewModel.cs(78,23): warning CS8618: Non-nullable property 'Name' must contain a non-null value when exiting constructor. Consider adding the 'required' modifier or declaring the property as nullable. [C:\Users\HP\Downloads\Medical\Medical_Affiliation\Medical_Affiliation.csproj]
C:\Users\HP\Downloads\Medical\Medical_Affiliation\Models\LicInspectionOtherDetailsViewModel.cs(79,23): warning CS8618: Non-nullable property 'PhoneNo' must contain a non-null value when exiting constructor. Consider adding the 'required' modifier or declaring the property as nullable. [C:\Users\HP\Downloads\Medical\Medical_Affiliation\Medical_Affiliation.csproj]
C:\Users\HP\Downloads\Medical\Medical_Affiliation\Models\InstitutionBasicDetailsViewModel.cs(130,23): warning CS8618: Non-nullable property 'CollegeCode' must contain a non-null value when exiting constructor. Consider adding the 'required' modifier or declaring the property as nullable. [C:\Users\HP\Downloads\Medical\Medical_Affiliation\Medical_Affiliation.csproj]
C:\Users\HP\Downloads\Medical\Medical_Affiliation\Models\InstitutionBasicDetailsViewModel.cs(131,23): warning CS8618: Non-nullable property 'FacultyCode' must contain a non-null value when exiting constructor. Consider adding the 'required' modifier or declaring the property as nullable. [C:\Users\HP\Downloads\Medical\Medical_Affiliation\Medical_Affiliation.csproj]
C:\Users\HP\Downloads\Medical\Medical_Affiliation\Models\InstitutionBasicDetailsViewModel.cs(132,23): warning CS8618: Non-nullable property 'TypeOfInstitution' must contain a non-null value when exiting constructor. Consider adding the 'required' modifier or declaring the property as nullable. [C:\Users\HP\Downloads\Medical\Medical_Affiliation\Medical_Affiliation.csproj]
C:\Users\HP\Downloads\Medical\Medical_Affiliation\Models\InstitutionBasicDetailsViewModel.cs(133,23): warning CS8618: Non-nullable property 'NameOfInstitution' must contain a non-null value when exiting constructor. Consider adding the 'required' modifier or declaring the property as nullable. [C:\Users\HP\Downloads\Medical\Medical_Affiliation\Medical_Affiliation.csproj]
C:\Users\HP\Downloads\Medical\Medical_Affiliation\Models\InstitutionBasicDetailsViewModel.cs(134,23): warning CS8618: Non-nullable property 'Address' must contain a non-null value when exiting constructor. Consider adding the 'required' modifier or declaring the property as nullable. [C:\Users\HP\Downloads\Medical\Medical_Affiliation\Medical_Affiliation.csproj]
C:\Users\HP\Downloads\Medical\Medical_Affiliation\Models\InstitutionBasicDetailsViewModel.cs(135,23): warning CS8618: Non-nullable property 'VillageTownCity' must contain a non-null value when exiting constructor. Consider adding the 'required' modifier or declaring the property as nullable. [C:\Users\HP\Downloads\Medical\Medical_Affiliation\Medical_Affiliation.csproj]
C:\Users\HP\Downloads\Medical\Medical_Affiliation\Models\InstitutionBasicDetailsViewModel.cs(136,23): warning CS8618: Non-nullable property 'Taluk' must contain a non-null value when exiting constructor. Consider adding the 'required' modifier or declaring the property as nullable. [C:\Users\HP\Downloads\Medical\Medical_Affiliation\Medical_Affiliation.csproj]
C:\Users\HP\Downloads\Medical\Medical_Affiliation\Models\InstitutionBasicDetailsViewModel.cs(137,23): warning CS8618: Non-nullable property 'District' must contain a non-null value when exiting constructor. Consider adding the 'required' modifier or declaring the property as nullable. [C:\Users\HP\Downloads\Medical\Medical_Affiliation\Medical_Affiliation.csproj]
C:\Users\HP\Downloads\Medical\Medical_Affiliation\Models\InstitutionBasicDetailsViewModel.cs(138,23): warning CS8618: Non-nullable property 'PinCode' must contain a non-null value when exiting constructor. Consider adding the 'required' modifier or declaring the property as nullable. [C:\Users\HP\Downloads\Medical\Medical_Affiliation\Medical_Affiliation.csproj]
C:\Users\HP\Downloads\Medical\Medical_Affiliation\Models\InstitutionBasicDetailsViewModel.cs(139,23): warning CS8618: Non-nullable property 'MobileNumber' must contain a non-null value when exiting constructor. Consider adding the 'required' modifier or declaring the property as nullable. [C:\Users\HP\Downloads\Medical\Medical_Affiliation\Medical_Affiliation.csproj]
C:\Users\HP\Downloads\Medical\Medical_Affiliation\Models\InstitutionBasicDetailsViewModel.cs(140,23): warning CS8618: Non-nullable property 'StdCode' must contain a non-null value when exiting constructor. Consider adding the 'required' modifier or declaring the property as nullable. [C:\Users\HP\Downloads\Medical\Medical_Affiliation\Medical_Affiliation.csproj]
C:\Users\HP\Downloads\Medical\Medical_Affiliation\Models\InstitutionBasicDetailsViewModel.cs(141,23): warning CS8618: Non-nullable property 'Fax' must contain a non-null value when exiting constructor. Consider adding the 'required' modifier or declaring the property as nullable. [C:\Users\HP\Downloads\Medical\Medical_Affiliation\Medical_Affiliation.csproj]
C:\Users\HP\Downloads\Medical\Medical_Affiliation\Models\InstitutionBasicDetailsViewModel.cs(142,23): warning CS8618: Non-nullable property 'Website' must contain a non-null value when exiting constructor. Consider adding the 'required' modifier or declaring the property as nullable. [C:\Users\HP\Downloads\Medical\Medical_Affiliation\Medical_Affiliation.csproj]
C:\Users\HP\Downloads\Medical\Medical_Affiliation\Models\InstitutionBasicDetailsViewModel.cs(143,23): warning CS8618: Non-nullable property 'SurveyNoPidNo' must contain a non-null value when exiting constructor. Consider adding the 'required' modifier or declaring the property as nullable. [C:\Users\HP\Downloads\Medical\Medical_Affiliation\Medical_Affiliation.csproj]
C:\Users\HP\Downloads\Medical\Medical_Affiliation\Models\InstitutionBasicDetailsViewModel.cs(148,23): warning CS8618: Non-nullable property 'EmailId' must contain a non-null value when exiting constructor. Consider adding the 'required' modifier or declaring the property as nullable. [C:\Users\HP\Downloads\Medical\Medical_Affiliation\Medical_Affiliation.csproj]
C:\Users\HP\Downloads\Medical\Medical_Affiliation\Models\InstitutionBasicDetailsViewModel.cs(149,23): warning CS8618: Non-nullable property 'AltLandlineMobile' must contain a non-null value when exiting constructor. Consider adding the 'required' modifier or declaring the property as nullable. [C:\Users\HP\Downloads\Medical\Medical_Affiliation\Medical_Affiliation.csproj]
C:\Users\HP\Downloads\Medical\Medical_Affiliation\Models\InstitutionBasicDetailsViewModel.cs(150,23): warning CS8618: Non-nullable property 'AltEmailId' must contain a non-null value when exiting constructor. Consider adding the 'required' modifier or declaring the property as nullable. [C:\Users\HP\Downloads\Medical\Medical_Affiliation\Medical_Affiliation.csproj]
C:\Users\HP\Downloads\Medical\Medical_Affiliation\Models\InstitutionBasicDetailsViewModel.cs(151,23): warning CS8618: Non-nullable property 'HeadOfInstitution' must contain a non-null value when exiting constructor. Consider adding the 'required' modifier or declaring the property as nullable. [C:\Users\HP\Downloads\Medical\Medical_Affiliation\Medical_Affiliation.csproj]
C:\Users\HP\Downloads\Medical\Medical_Affiliation\Models\InstitutionBasicDetailsViewModel.cs(152,23): warning CS8618: Non-nullable property 'HeadAddress' must contain a non-null value when exiting constructor. Consider adding the 'required' modifier or declaring the property as nullable. [C:\Users\HP\Downloads\Medical\Medical_Affiliation\Medical_Affiliation.csproj]
C:\Users\HP\Downloads\Medical\Medical_Affiliation\Models\InstitutionBasicDetailsViewModel.cs(153,23): warning CS8618: Non-nullable property 'FinancingAuthority' must contain a non-null value when exiting constructor. Consider adding the 'required' modifier or declaring the property as nullable. [C:\Users\HP\Downloads\Medical\Medical_Affiliation\Medical_Affiliation.csproj]
C:\Users\HP\Downloads\Medical\Medical_Affiliation\Models\InstitutionBasicDetailsViewModel.cs(154,23): warning CS8618: Non-nullable property 'StatusOfCollege' must contain a non-null value when exiting constructor. Consider adding the 'required' modifier or declaring the property as nullable. [C:\Users\HP\Downloads\Medical\Medical_Affiliation\Medical_Affiliation.csproj]
C:\Users\HP\Downloads\Medical\Medical_Affiliation\Models\InstitutionBasicDetailsViewModel.cs(155,23): warning CS8618: Non-nullable property 'CourseApplied' must contain a non-null value when exiting constructor. Consider adding the 'required' modifier or declaring the property as nullable. [C:\Users\HP\Downloads\Medical\Medical_Affiliation\Medical_Affiliation.csproj]
C:\Users\HP\Downloads\Medical\Medical_Affiliation\Models\InstitutionBasicDetailsViewModel.cs(158,26): warning CS8618: Non-nullable property 'DocumentFile' must contain a non-null value when exiting constructor. Consider adding the 'required' modifier or declaring the property as nullable. [C:\Users\HP\Downloads\Medical\Medical_Affiliation\Medical_Affiliation.csproj]
C:\Users\HP\Downloads\Medical\Medical_Affiliation\Models\InstitutionBasicDetailsViewModel.cs(11,23): warning CS8618: Non-nullable property 'FacultyCode' must contain a non-null value when exiting constructor. Consider adding the 'required' modifier or declaring the property as nullable. [C:\Users\HP\Downloads\Medical\Medical_Affiliation\Medical_Affiliation.csproj]
C:\Users\HP\Downloads\Medical\Medical_Affiliation\Models\InstitutionBasicDetailsViewModel.cs(12,23): warning CS8618: Non-nullable property 'CollegeCode' must contain a non-null value when exiting constructor. Consider adding the 'required' modifier or declaring the property as nullable. [C:\Users\HP\Downloads\Medical\Medical_Affiliation\Medical_Affiliation.csproj]
C:\Users\HP\Downloads\Medical\Medical_Affiliation\Models\InstitutionBasicDetailsViewModel.cs(21,23): warning CS8618: Non-nullable property 'NameOfInstitution' must contain a non-null value when exiting constructor. Consider adding the 'required' modifier or declaring the property as nullable. [C:\Users\HP\Downloads\Medical\Medical_Affiliation\Medical_Affiliation.csproj]
C:\Users\HP\Downloads\Medical\Medical_Affiliation\Models\InstitutionBasicDetailsViewModel.cs(22,23): warning CS8618: Non-nullable property 'AddressOfInstitution' must contain a non-null value when exiting constructor. Consider adding the 'required' modifier or declaring the property as nullable. [C:\Users\HP\Downloads\Medical\Medical_Affiliation\Medical_Affiliation.csproj]
C:\Users\HP\Downloads\Medical\Medical_Affiliation\Models\InstitutionBasicDetailsViewModel.cs(23,23): warning CS8618: Non-nullable property 'VillageTownCity' must contain a non-null value when exiting constructor. Consider adding the 'required' modifier or declaring the property as nullable. [C:\Users\HP\Downloads\Medical\Medical_Affiliation\Medical_Affiliation.csproj]
C:\Users\HP\Downloads\Medical\Medical_Affiliation\Models\InstitutionBasicDetailsViewModel.cs(24,23): warning CS8618: Non-nullable property 'Taluk' must contain a non-null value when exiting constructor. Consider adding the 'required' modifier or declaring the property as nullable. [C:\Users\HP\Downloads\Medical\Medical_Affiliation\Medical_Affiliation.csproj]
C:\Users\HP\Downloads\Medical\Medical_Affiliation\Models\InstitutionBasicDetailsViewModel.cs(25,23): warning CS8618: Non-nullable property 'District' must contain a non-null value when exiting constructor. Consider adding the 'required' modifier or declaring the property as nullable. [C:\Users\HP\Downloads\Medical\Medical_Affiliation\Medical_Affiliation.csproj]
C:\Users\HP\Downloads\Medical\Medical_Affiliation\Models\InstitutionBasicDetailsViewModel.cs(26,23): warning CS8618: Non-nullable property 'PinCode' must contain a non-null value when exiting constructor. Consider adding the 'required' modifier or declaring the property as nullable. [C:\Users\HP\Downloads\Medical\Medical_Affiliation\Medical_Affiliation.csproj]
C:\Users\HP\Downloads\Medical\Medical_Affiliation\Models\InstitutionBasicDetailsViewModel.cs(27,23): warning CS8618: Non-nullable property 'MobileNumber' must contain a non-null value when exiting constructor. Consider adding the 'required' modifier or declaring the property as nullable. [C:\Users\HP\Downloads\Medical\Medical_Affiliation\Medical_Affiliation.csproj]
C:\Users\HP\Downloads\Medical\Medical_Affiliation\Models\InstitutionBasicDetailsViewModel.cs(28,23): warning CS8618: Non-nullable property 'StdCode' must contain a non-null value when exiting constructor. Consider adding the 'required' modifier or declaring the property as nullable. [C:\Users\HP\Downloads\Medical\Medical_Affiliation\Medical_Affiliation.csproj]
C:\Users\HP\Downloads\Medical\Medical_Affiliation\Models\InstitutionBasicDetailsViewModel.cs(29,23): warning CS8618: Non-nullable property 'Fax' must contain a non-null value when exiting constructor. Consider adding the 'required' modifier or declaring the property as nullable. [C:\Users\HP\Downloads\Medical\Medical_Affiliation\Medical_Affiliation.csproj]
C:\Users\HP\Downloads\Medical\Medical_Affiliation\Models\InstitutionBasicDetailsViewModel.cs(30,23): warning CS8618: Non-nullable property 'Website' must contain a non-null value when exiting constructor. Consider adding the 'required' modifier or declaring the property as nullable. [C:\Users\HP\Downloads\Medical\Medical_Affiliation\Medical_Affiliation.csproj]
C:\Users\HP\Downloads\Medical\Medical_Affiliation\Models\InstitutionBasicDetailsViewModel.cs(31,23): warning CS8618: Non-nullable property 'EmailId' must contain a non-null value when exiting constructor. Consider adding the 'required' modifier or declaring the property as nullable. [C:\Users\HP\Downloads\Medical\Medical_Affiliation\Medical_Affiliation.csproj]
C:\Users\HP\Downloads\Medical\Medical_Affiliation\Models\InstitutionBasicDetailsViewModel.cs(32,23): warning CS8618: Non-nullable property 'AltLandlineOrMobile' must contain a non-null value when exiting constructor. Consider adding the 'required' modifier or declaring the property as nullable. [C:\Users\HP\Downloads\Medical\Medical_Affiliation\Medical_Affiliation.csproj]
C:\Users\HP\Downloads\Medical\Medical_Affiliation\Models\InstitutionBasicDetailsViewModel.cs(33,23): warning CS8618: Non-nullable property 'AltEmailId' must contain a non-null value when exiting constructor. Consider adding the 'required' modifier or declaring the property as nullable. [C:\Users\HP\Downloads\Medical\Medical_Affiliation\Medical_Affiliation.csproj]
C:\Users\HP\Downloads\Medical\Medical_Affiliation\Models\InstitutionBasicDetailsViewModel.cs(34,23): warning CS8618: Non-nullable property 'AcademicYearStarted' must contain a non-null value when exiting constructor. Consider adding the 'required' modifier or declaring the property as nullable. [C:\Users\HP\Downloads\Medical\Medical_Affiliation\Medical_Affiliation.csproj]
C:\Users\HP\Downloads\Medical\Medical_Affiliation\Models\InstitutionBasicDetailsViewModel.cs(41,23): warning CS8618: Non-nullable property 'TrustName' must contain a non-null value when exiting constructor. Consider adding the 'required' modifier or declaring the property as nullable. [C:\Users\HP\Downloads\Medical\Medical_Affiliation\Medical_Affiliation.csproj]
C:\Users\HP\Downloads\Medical\Medical_Affiliation\Models\InstitutionBasicDetailsViewModel.cs(42,23): warning CS8618: Non-nullable property 'PresidentName' must contain a non-null value when exiting constructor. Consider adding the 'required' modifier or declaring the property as nullable. [C:\Users\HP\Downloads\Medical\Medical_Affiliation\Medical_Affiliation.csproj]
C:\Users\HP\Downloads\Medical\Medical_Affiliation\Models\InstitutionBasicDetailsViewModel.cs(43,23): warning CS8618: Non-nullable property 'AadhaarNumber' must contain a non-null value when exiting constructor. Consider adding the 'required' modifier or declaring the property as nullable. [C:\Users\HP\Downloads\Medical\Medical_Affiliation\Medical_Affiliation.csproj]
C:\Users\HP\Downloads\Medical\Medical_Affiliation\Models\InstitutionBasicDetailsViewModel.cs(44,23): warning CS8618: Non-nullable property 'PANNumber' must contain a non-null value when exiting constructor. Consider adding the 'required' modifier or declaring the property as nullable. [C:\Users\HP\Downloads\Medical\Medical_Affiliation\Medical_Affiliation.csproj]
C:\Users\HP\Downloads\Medical\Medical_Affiliation\Models\InstitutionBasicDetailsViewModel.cs(45,23): warning CS8618: Non-nullable property 'RegistrationNumber' must contain a non-null value when exiting constructor. Consider adding the 'required' modifier or declaring the property as nullable. [C:\Users\HP\Downloads\Medical\Medical_Affiliation\Medical_Affiliation.csproj]
C:\Users\HP\Downloads\Medical\Medical_Affiliation\Models\InstitutionBasicDetailsViewModel.cs(53,23): warning CS8618: Non-nullable property 'ExistingTrustName' must contain a non-null value when exiting constructor. Consider adding the 'required' modifier or declaring the property as nullable. [C:\Users\HP\Downloads\Medical\Medical_Affiliation\Medical_Affiliation.csproj]
C:\Users\HP\Downloads\Medical\Medical_Affiliation\Models\InstitutionBasicDetailsViewModel.cs(54,23): warning CS8618: Non-nullable property 'GOKObtainedTrustName' must contain a non-null value when exiting constructor. Consider adding the 'required' modifier or declaring the property as nullable. [C:\Users\HP\Downloads\Medical\Medical_Affiliation\Medical_Affiliation.csproj]
C:\Users\HP\Downloads\Medical\Medical_Affiliation\Models\InstitutionBasicDetailsViewModel.cs(60,23): warning CS8618: Non-nullable property 'CategoryOfOrganisation' must contain a non-null value when exiting constructor. Consider adding the 'required' modifier or declaring the property as nullable. [C:\Users\HP\Downloads\Medical\Medical_Affiliation\Medical_Affiliation.csproj]
C:\Users\HP\Downloads\Medical\Medical_Affiliation\Models\InstitutionBasicDetailsViewModel.cs(61,23): warning CS8618: Non-nullable property 'ContactPersonName' must contain a non-null value when exiting constructor. Consider adding the 'required' modifier or declaring the property as nullable. [C:\Users\HP\Downloads\Medical\Medical_Affiliation\Medical_Affiliation.csproj]
C:\Users\HP\Downloads\Medical\Medical_Affiliation\Models\InstitutionBasicDetailsViewModel.cs(62,23): warning CS8618: Non-nullable property 'ContactPersonRelation' must contain a non-null value when exiting constructor. Consider adding the 'required' modifier or declaring the property as nullable. [C:\Users\HP\Downloads\Medical\Medical_Affiliation\Medical_Affiliation.csproj]
C:\Users\HP\Downloads\Medical\Medical_Affiliation\Models\InstitutionBasicDetailsViewModel.cs(63,23): warning CS8618: Non-nullable property 'ContactPersonMobile' must contain a non-null value when exiting constructor. Consider adding the 'required' modifier or declaring the property as nullable. [C:\Users\HP\Downloads\Medical\Medical_Affiliation\Medical_Affiliation.csproj]
C:\Users\HP\Downloads\Medical\Medical_Affiliation\Models\InstitutionBasicDetailsViewModel.cs(69,23): warning CS8618: Non-nullable property 'CoursesAppliedText' must contain a non-null value when exiting constructor. Consider adding the 'required' modifier or declaring the property as nullable. [C:\Users\HP\Downloads\Medical\Medical_Affiliation\Medical_Affiliation.csproj]
C:\Users\HP\Downloads\Medical\Medical_Affiliation\Models\InstitutionBasicDetailsViewModel.cs(70,23): warning CS8618: Non-nullable property 'HeadOfInstitutionName' must contain a non-null value when exiting constructor. Consider adding the 'required' modifier or declaring the property as nullable. [C:\Users\HP\Downloads\Medical\Medical_Affiliation\Medical_Affiliation.csproj]
C:\Users\HP\Downloads\Medical\Medical_Affiliation\Models\InstitutionBasicDetailsViewModel.cs(71,23): warning CS8618: Non-nullable property 'HeadOfInstitutionAddress' must contain a non-null value when exiting constructor. Consider adding the 'required' modifier or declaring the property as nullable. [C:\Users\HP\Downloads\Medical\Medical_Affiliation\Medical_Affiliation.csproj]
C:\Users\HP\Downloads\Medical\Medical_Affiliation\Models\InstitutionBasicDetailsViewModel.cs(72,23): warning CS8618: Non-nullable property 'FinancingAuthorityName' must contain a non-null value when exiting constructor. Consider adding the 'required' modifier or declaring the property as nullable. [C:\Users\HP\Downloads\Medical\Medical_Affiliation\Medical_Affiliation.csproj]
C:\Users\HP\Downloads\Medical\Medical_Affiliation\Models\InstitutionBasicDetailsViewModel.cs(73,23): warning CS8618: Non-nullable property 'CollegeStatus' must contain a non-null value when exiting constructor. Consider adding the 'required' modifier or declaring the property as nullable. [C:\Users\HP\Downloads\Medical\Medical_Affiliation\Medical_Affiliation.csproj]
C:\Users\HP\Downloads\Medical\Medical_Affiliation\Models\InstitutionBasicDetailsViewModel.cs(76,23): warning CS8618: Non-nullable property 'GovAutonomousCertNumber' must contain a non-null value when exiting constructor. Consider adding the 'required' modifier or declaring the property as nullable. [C:\Users\HP\Downloads\Medical\Medical_Affiliation\Medical_Affiliation.csproj]
C:\Users\HP\Downloads\Medical\Medical_Affiliation\Models\InstitutionBasicDetailsViewModel.cs(77,23): warning CS8618: Non-nullable property 'KncCertificateNumber' must contain a non-null value when exiting constructor. Consider adding the 'required' modifier or declaring the property as nullable. [C:\Users\HP\Downloads\Medical\Medical_Affiliation\Medical_Affiliation.csproj]
C:\Users\HP\Downloads\Medical\Medical_Affiliation\Models\InstitutionBasicDetailsViewModel.cs(80,26): warning CS8618: Non-nullable property 'GovAutonomousCertFile' must contain a non-null value when exiting constructor. Consider adding the 'required' modifier or declaring the property as nullable. [C:\Users\HP\Downloads\Medical\Medical_Affiliation\Medical_Affiliation.csproj]
C:\Users\HP\Downloads\Medical\Medical_Affiliation\Models\InstitutionBasicDetailsViewModel.cs(81,26): warning CS8618: Non-nullable property 'GovCouncilMembershipFile' must contain a non-null value when exiting constructor. Consider adding the 'required' modifier or declaring the property as nullable. [C:\Users\HP\Downloads\Medical\Medical_Affiliation\Medical_Affiliation.csproj]
C:\Users\HP\Downloads\Medical\Medical_Affiliation\Models\InstitutionBasicDetailsViewModel.cs(82,26): warning CS8618: Non-nullable property 'GokOrderExistingCoursesFile' must contain a non-null value when exiting constructor. Consider adding the 'required' modifier or declaring the property as nullable. [C:\Users\HP\Downloads\Medical\Medical_Affiliation\Medical_Affiliation.csproj]
C:\Users\HP\Downloads\Medical\Medical_Affiliation\Models\InstitutionBasicDetailsViewModel.cs(83,26): warning CS8618: Non-nullable property 'FirstAffiliationNotifFile' must contain a non-null value when exiting constructor. Consider adding the 'required' modifier or declaring the property as nullable. [C:\Users\HP\Downloads\Medical\Medical_Affiliation\Medical_Affiliation.csproj]
C:\Users\HP\Downloads\Medical\Medical_Affiliation\Models\InstitutionBasicDetailsViewModel.cs(84,26): warning CS8618: Non-nullable property 'ContinuationAffiliationFile' must contain a non-null value when exiting constructor. Consider adding the 'required' modifier or declaring the property as nullable. [C:\Users\HP\Downloads\Medical\Medical_Affiliation\Medical_Affiliation.csproj]
C:\Users\HP\Downloads\Medical\Medical_Affiliation\Models\InstitutionBasicDetailsViewModel.cs(85,26): warning CS8618: Non-nullable property 'KncCertificateFile' must contain a non-null value when exiting constructor. Consider adding the 'required' modifier or declaring the property as nullable. [C:\Users\HP\Downloads\Medical\Medical_Affiliation\Medical_Affiliation.csproj]
C:\Users\HP\Downloads\Medical\Medical_Affiliation\Models\InstitutionBasicDetailsViewModel.cs(86,26): warning CS8618: Non-nullable property 'AmendedDoc' must contain a non-null value when exiting constructor. Consider adding the 'required' modifier or declaring the property as nullable. [C:\Users\HP\Downloads\Medical\Medical_Affiliation\Medical_Affiliation.csproj]
C:\Users\HP\Downloads\Medical\Medical_Affiliation\Models\InstitutionBasicDetailsViewModel.cs(87,26): warning CS8618: Non-nullable property 'AadhaarFile' must contain a non-null value when exiting constructor. Consider adding the 'required' modifier or declaring the property as nullable. [C:\Users\HP\Downloads\Medical\Medical_Affiliation\Medical_Affiliation.csproj]
C:\Users\HP\Downloads\Medical\Medical_Affiliation\Models\InstitutionBasicDetailsViewModel.cs(88,26): warning CS8618: Non-nullable property 'PANFile' must contain a non-null value when exiting constructor. Consider adding the 'required' modifier or declaring the property as nullable. [C:\Users\HP\Downloads\Medical\Medical_Affiliation\Medical_Affiliation.csproj]
C:\Users\HP\Downloads\Medical\Medical_Affiliation\Models\InstitutionBasicDetailsViewModel.cs(89,26): warning CS8618: Non-nullable property 'BankStatementFile' must contain a non-null value when exiting constructor. Consider adding the 'required' modifier or declaring the property as nullable. [C:\Users\HP\Downloads\Medical\Medical_Affiliation\Medical_Affiliation.csproj]
C:\Users\HP\Downloads\Medical\Medical_Affiliation\Models\InstitutionBasicDetailsViewModel.cs(90,26): warning CS8618: Non-nullable property 'RegistrationCertificateFile' must contain a non-null value when exiting constructor. Consider adding the 'required' modifier or declaring the property as nullable. [C:\Users\HP\Downloads\Medical\Medical_Affiliation\Medical_Affiliation.csproj]
C:\Users\HP\Downloads\Medical\Medical_Affiliation\Models\InstitutionBasicDetailsViewModel.cs(91,26): warning CS8618: Non-nullable property 'RegisteredTrustMemberDetails' must contain a non-null value when exiting constructor. Consider adding the 'required' modifier or declaring the property as nullable. [C:\Users\HP\Downloads\Medical\Medical_Affiliation\Medical_Affiliation.csproj]
C:\Users\HP\Downloads\Medical\Medical_Affiliation\Models\InstitutionBasicDetailsViewModel.cs(92,26): warning CS8618: Non-nullable property 'AuditStatementFile' must contain a non-null value when exiting constructor. Consider adding the 'required' modifier or declaring the property as nullable. [C:\Users\HP\Downloads\Medical\Medical_Affiliation\Medical_Affiliation.csproj]
C:\Users\HP\Downloads\Medical\Medical_Affiliation\Models\EquipmentVM.cs(6,23): warning CS8618: Non-nullable property 'EquipmentName' must contain a non-null value when exiting constructor. Consider adding the 'required' modifier or declaring the property as nullable. [C:\Users\HP\Downloads\Medical\Medical_Affiliation\Medical_Affiliation.csproj]
C:\Users\HP\Downloads\Medical\Medical_Affiliation\Models\EquipmentVM.cs(7,23): warning CS8618: Non-nullable property 'Make' must contain a non-null value when exiting constructor. Consider adding the 'required' modifier or declaring the property as nullable. [C:\Users\HP\Downloads\Medical\Medical_Affiliation\Medical_Affiliation.csproj]
C:\Users\HP\Downloads\Medical\Medical_Affiliation\Models\EquipmentVM.cs(8,23): warning CS8618: Non-nullable property 'Model' must contain a non-null value when exiting constructor. Consider adding the 'required' modifier or declaring the property as nullable. [C:\Users\HP\Downloads\Medical\Medical_Affiliation\Medical_Affiliation.csproj]
C:\Users\HP\Downloads\Medical\Medical_Affiliation\Models\EquipmentAvailabilityViewModel.cs(20,23): warning CS8618: Non-nullable property 'EquipmentName' must contain a non-null value when exiting constructor. Consider adding the 'required' modifier or declaring the property as nullable. [C:\Users\HP\Downloads\Medical\Medical_Affiliation\Medical_Affiliation.csproj]
C:\Users\HP\Downloads\Medical\Medical_Affiliation\Models\EquipmentAvailabilityViewModel.cs(11,37): warning CS8618: Non-nullable property 'Courses' must contain a non-null value when exiting constructor. Consider adding the 'required' modifier or declaring the property as nullable. [C:\Users\HP\Downloads\Medical\Medical_Affiliation\Medical_Affiliation.csproj]
C:\Users\HP\Downloads\Medical\Medical_Affiliation\Models\EquipmentAvailabilityViewModel.cs(14,45): warning CS8618: Non-nullable property 'Equipments' must contain a non-null value when exiting constructor. Consider adding the 'required' modifier or declaring the property as nullable. [C:\Users\HP\Downloads\Medical\Medical_Affiliation\Medical_Affiliation.csproj]
C:\Users\HP\Downloads\Medical\Medical_Affiliation\Models\DentalTeachingStaffVm.cs(31,23): warning CS8618: Non-nullable property 'CollegeName' must contain a non-null value when exiting constructor. Consider adding the 'required' modifier or declaring the property as nullable. [C:\Users\HP\Downloads\Medical\Medical_Affiliation\Medical_Affiliation.csproj]
C:\Users\HP\Downloads\Medical\Medical_Affiliation\Models\DentalTeachingStaffVm.cs(33,23): warning CS8618: Non-nullable property 'CollegeTown' must contain a non-null value when exiting constructor. Consider adding the 'required' modifier or declaring the property as nullable. [C:\Users\HP\Downloads\Medical\Medical_Affiliation\Medical_Affiliation.csproj]
C:\Users\HP\Downloads\Medical\Medical_Affiliation\Models\InstitutionBasicDetailsViewModel.cs(538,16): warning CS8618: Non-nullable property 'FacultyCode' must contain a non-null value when exiting constructor. Consider adding the 'required' modifier or declaring the property as nullable. [C:\Users\HP\Downloads\Medical\Medical_Affiliation\Medical_Affiliation.csproj]
C:\Users\HP\Downloads\Medical\Medical_Affiliation\Models\InstitutionBasicDetailsViewModel.cs(538,16): warning CS8618: Non-nullable property 'DeanOrDirectorName' must contain a non-null value when exiting constructor. Consider adding the 'required' modifier or declaring the property as nullable. [C:\Users\HP\Downloads\Medical\Medical_Affiliation\Medical_Affiliation.csproj]
C:\Users\HP\Downloads\Medical\Medical_Affiliation\Models\InstitutionBasicDetailsViewModel.cs(538,16): warning CS8618: Non-nullable property 'DeanQualification' must contain a non-null value when exiting constructor. Consider adding the 'required' modifier or declaring the property as nullable. [C:\Users\HP\Downloads\Medical\Medical_Affiliation\Medical_Affiliation.csproj]
C:\Users\HP\Downloads\Medical\Medical_Affiliation\Models\InstitutionBasicDetailsViewModel.cs(538,16): warning CS8618: Non-nullable property 'DeanUniversity' must contain a non-null value when exiting constructor. Consider adding the 'required' modifier or declaring the property as nullable. [C:\Users\HP\Downloads\Medical\Medical_Affiliation\Medical_Affiliation.csproj]
C:\Users\HP\Downloads\Medical\Medical_Affiliation\Models\InstitutionBasicDetailsViewModel.cs(538,16): warning CS8618: Non-nullable property 'DeanStateCouncilNumber' must contain a non-null value when exiting constructor. Consider adding the 'required' modifier or declaring the property as nullable. [C:\Users\HP\Downloads\Medical\Medical_Affiliation\Medical_Affiliation.csproj]
C:\Users\HP\Downloads\Medical\Medical_Affiliation\Models\DashboardViewModel.cs(5,23): warning CS8618: Non-nullable property 'CollegeCode' must contain a non-null value when exiting constructor. Consider adding the 'required' modifier or declaring the property as nullable. [C:\Users\HP\Downloads\Medical\Medical_Affiliation\Medical_Affiliation.csproj]
C:\Users\HP\Downloads\Medical\Medical_Affiliation\Models\DashboardViewModel.cs(6,23): warning CS8618: Non-nullable property 'CollegeName' must contain a non-null value when exiting constructor. Consider adding the 'required' modifier or declaring the property as nullable. [C:\Users\HP\Downloads\Medical\Medical_Affiliation\Medical_Affiliation.csproj]
C:\Users\HP\Downloads\Medical\Medical_Affiliation\Models\CollegeLocationViewModel.cs(5,23): warning CS8618: Non-nullable property 'CollegeCode' must contain a non-null value when exiting constructor. Consider adding the 'required' modifier or declaring the property as nullable. [C:\Users\HP\Downloads\Medical\Medical_Affiliation\Medical_Affiliation.csproj]
C:\Users\HP\Downloads\Medical\Medical_Affiliation\Models\CollegeLocationViewModel.cs(7,23): warning CS8618: Non-nullable property 'CollegeName' must contain a non-null value when exiting constructor. Consider adding the 'required' modifier or declaring the property as nullable. [C:\Users\HP\Downloads\Medical\Medical_Affiliation\Medical_Affiliation.csproj]
C:\Users\HP\Downloads\Medical\Medical_Affiliation\Models\DeclarationViewModel.cs(7,23): warning CS8618: Non-nullable property 'UniversityName' must contain a non-null value when exiting constructor. Consider adding the 'required' modifier or declaring the property as nullable. [C:\Users\HP\Downloads\Medical\Medical_Affiliation\Medical_Affiliation.csproj]
C:\Users\HP\Downloads\Medical\Medical_Affiliation\Models\DeclarationViewModel.cs(8,23): warning CS8618: Non-nullable property 'DownloadUrl' must contain a non-null value when exiting constructor. Consider adding the 'required' modifier or declaring the property as nullable. [C:\Users\HP\Downloads\Medical\Medical_Affiliation\Medical_Affiliation.csproj]
C:\Users\HP\Downloads\Medical\Medical_Affiliation\Models\CollegeDocsReportFilterViewModel.cs(7,23): warning CS8618: Non-nullable property 'FacultyCode' must contain a non-null value when exiting constructor. Consider adding the 'required' modifier or declaring the property as nullable. [C:\Users\HP\Downloads\Medical\Medical_Affiliation\Medical_Affiliation.csproj]
C:\Users\HP\Downloads\Medical\Medical_Affiliation\Models\CollegeDocsReportFilterViewModel.cs(8,23): warning CS8618: Non-nullable property 'CollegeCode' must contain a non-null value when exiting constructor. Consider adding the 'required' modifier or declaring the property as nullable. [C:\Users\HP\Downloads\Medical\Medical_Affiliation\Medical_Affiliation.csproj]
C:\Users\HP\Downloads\Medical\Medical_Affiliation\Models\CollegeDocsReportFilterViewModel.cs(9,23): warning CS8618: Non-nullable property 'CourseLevel' must contain a non-null value when exiting constructor. Consider adding the 'required' modifier or declaring the property as nullable. [C:\Users\HP\Downloads\Medical\Medical_Affiliation\Medical_Affiliation.csproj]
C:\Users\HP\Downloads\Medical\Medical_Affiliation\Models\CollegeDetailsUpdateViewModel.cs(19,23): warning CS8618: Non-nullable property 'CollegeCode' must contain a non-null value when exiting constructor. Consider adding the 'required' modifier or declaring the property as nullable. [C:\Users\HP\Downloads\Medical\Medical_Affiliation\Medical_Affiliation.csproj]
C:\Users\HP\Downloads\Medical\Medical_Affiliation\Models\CollegeDetailsUpdateViewModel.cs(20,23): warning CS8618: Non-nullable property 'CollegeName' must contain a non-null value when exiting constructor. Consider adding the 'required' modifier or declaring the property as nullable. [C:\Users\HP\Downloads\Medical\Medical_Affiliation\Medical_Affiliation.csproj]
C:\Users\HP\Downloads\Medical\Medical_Affiliation\Models\CollegeDetailsUpdateViewModel.cs(21,23): warning CS8618: Non-nullable property 'MobileNumber' must contain a non-null value when exiting constructor. Consider adding the 'required' modifier or declaring the property as nullable. [C:\Users\HP\Downloads\Medical\Medical_Affiliation\Medical_Affiliation.csproj]
C:\Users\HP\Downloads\Medical\Medical_Affiliation\Models\CollegeDetailsUpdateViewModel.cs(22,23): warning CS8618: Non-nullable property 'Password' must contain a non-null value when exiting constructor. Consider adding the 'required' modifier or declaring the property as nullable. [C:\Users\HP\Downloads\Medical\Medical_Affiliation\Medical_Affiliation.csproj]
C:\Users\HP\Downloads\Medical\Medical_Affiliation\Models\CollegeDetailsUpdateViewModel.cs(7,23): warning CS8618: Non-nullable property 'CollegeCode' must contain a non-null value when exiting constructor. Consider adding the 'required' modifier or declaring the property as nullable. [C:\Users\HP\Downloads\Medical\Medical_Affiliation\Medical_Affiliation.csproj]
C:\Users\HP\Downloads\Medical\Medical_Affiliation\Models\CollegeDetailsUpdateViewModel.cs(8,23): warning CS8618: Non-nullable property 'CollegeName' must contain a non-null value when exiting constructor. Consider adding the 'required' modifier or declaring the property as nullable. [C:\Users\HP\Downloads\Medical\Medical_Affiliation\Medical_Affiliation.csproj]
C:\Users\HP\Downloads\Medical\Medical_Affiliation\Models\CollegeDetailsUpdateViewModel.cs(9,23): warning CS8618: Non-nullable property 'CollegeTown' must contain a non-null value when exiting constructor. Consider adding the 'required' modifier or declaring the property as nullable. [C:\Users\HP\Downloads\Medical\Medical_Affiliation\Medical_Affiliation.csproj]
C:\Users\HP\Downloads\Medical\Medical_Affiliation\Models\CollegeDetailsUpdateViewModel.cs(10,23): warning CS8618: Non-nullable property 'MobileNumber' must contain a non-null value when exiting constructor. Consider adding the 'required' modifier or declaring the property as nullable. [C:\Users\HP\Downloads\Medical\Medical_Affiliation\Medical_Affiliation.csproj]
C:\Users\HP\Downloads\Medical\Medical_Affiliation\Models\CollegeDetailsUpdateViewModel.cs(11,23): warning CS8618: Non-nullable property 'Password' must contain a non-null value when exiting constructor. Consider adding the 'required' modifier or declaring the property as nullable. [C:\Users\HP\Downloads\Medical\Medical_Affiliation\Medical_Affiliation.csproj]
C:\Users\HP\Downloads\Medical\Medical_Affiliation\Models\CollegeDetailsUpdateViewModel.cs(13,23): warning CS8618: Non-nullable property 'SelectedCollegeCode' must contain a non-null value when exiting constructor. Consider adding the 'required' modifier or declaring the property as nullable. [C:\Users\HP\Downloads\Medical\Medical_Affiliation\Medical_Affiliation.csproj]
C:\Users\HP\Downloads\Medical\Medical_Affiliation\Models\CollegeDetailsViewModel.cs(6,23): warning CS8618: Non-nullable property 'CollegeName' must contain a non-null value when exiting constructor. Consider adding the 'required' modifier or declaring the property as nullable. [C:\Users\HP\Downloads\Medical\Medical_Affiliation\Medical_Affiliation.csproj]
C:\Users\HP\Downloads\Medical\Medical_Affiliation\Models\CollegeDetailsViewModel.cs(7,23): warning CS8618: Non-nullable property 'CollegeCode' must contain a non-null value when exiting constructor. Consider adding the 'required' modifier or declaring the property as nullable. [C:\Users\HP\Downloads\Medical\Medical_Affiliation\Medical_Affiliation.csproj]
C:\Users\HP\Downloads\Medical\Medical_Affiliation\Models\CollegeDetailsViewModel.cs(12,35): warning CS8618: Non-nullable property 'Courses' must contain a non-null value when exiting constructor. Consider adding the 'required' modifier or declaring the property as nullable. [C:\Users\HP\Downloads\Medical\Medical_Affiliation\Medical_Affiliation.csproj]
C:\Users\HP\Downloads\Medical\Medical_Affiliation\Models\CollegeCourseViewModel .cs(46,23): warning CS8618: Non-nullable property 'FacultyCode' must contain a non-null value when exiting constructor. Consider adding the 'required' modifier or declaring the property as nullable. [C:\Users\HP\Downloads\Medical\Medical_Affiliation\Medical_Affiliation.csproj]
C:\Users\HP\Downloads\Medical\Medical_Affiliation\Models\CollegeCourseViewModel .cs(47,23): warning CS8618: Non-nullable property 'FacultyName' must contain a non-null value when exiting constructor. Consider adding the 'required' modifier or declaring the property as nullable. [C:\Users\HP\Downloads\Medical\Medical_Affiliation\Medical_Affiliation.csproj]
C:\Users\HP\Downloads\Medical\Medical_Affiliation\Models\CollegeDetailsViewModel.cs(24,23): warning CS8618: Non-nullable property 'CourseCode' must contain a non-null value when exiting constructor. Consider adding the 'required' modifier or declaring the property as nullable. [C:\Users\HP\Downloads\Medical\Medical_Affiliation\Medical_Affiliation.csproj]
C:\Users\HP\Downloads\Medical\Medical_Affiliation\Models\CollegeDetailsViewModel.cs(25,23): warning CS8618: Non-nullable property 'CourseName' must contain a non-null value when exiting constructor. Consider adding the 'required' modifier or declaring the property as nullable. [C:\Users\HP\Downloads\Medical\Medical_Affiliation\Medical_Affiliation.csproj]
C:\Users\HP\Downloads\Medical\Medical_Affiliation\Models\CollegeDetailsViewModel.cs(28,23): warning CS8618: Non-nullable property 'FacultyCode' must contain a non-null value when exiting constructor. Consider adding the 'required' modifier or declaring the property as nullable. [C:\Users\HP\Downloads\Medical\Medical_Affiliation\Medical_Affiliation.csproj]
C:\Users\HP\Downloads\Medical\Medical_Affiliation\Models\CollegeDetailsViewModel.cs(30,23): warning CS8618: Non-nullable property 'FreshOrContinuationName' must contain a non-null value when exiting constructor. Consider adding the 'required' modifier or declaring the property as nullable. [C:\Users\HP\Downloads\Medical\Medical_Affiliation\Medical_Affiliation.csproj]
C:\Users\HP\Downloads\Medical\Medical_Affiliation\Models\CollegeDetailsViewModel.cs(33,23): warning CS8618: Non-nullable property 'SelectedDegree' must contain a non-null value when exiting constructor. Consider adding the 'required' modifier or declaring the property as nullable. [C:\Users\HP\Downloads\Medical\Medical_Affiliation\Medical_Affiliation.csproj]
C:\Users\HP\Downloads\Medical\Medical_Affiliation\Models\CollegeDetailsViewModel.cs(34,23): warning CS8618: Non-nullable property 'SelectedCourse' must contain a non-null value when exiting constructor. Consider adding the 'required' modifier or declaring the property as nullable. [C:\Users\HP\Downloads\Medical\Medical_Affiliation\Medical_Affiliation.csproj]
C:\Users\HP\Downloads\Medical\Medical_Affiliation\Models\CollegeDetailsViewModel.cs(35,23): warning CS8618: Non-nullable property 'SelectedFreshOrContinuation' must contain a non-null value when exiting constructor. Consider adding the 'required' modifier or declaring the property as nullable. [C:\Users\HP\Downloads\Medical\Medical_Affiliation\Medical_Affiliation.csproj]
C:\Users\HP\Downloads\Medical\Medical_Affiliation\Models\CollegeDetailsViewModel.cs(38,35): warning CS8618: Non-nullable property 'Courses' must contain a non-null value when exiting constructor. Consider adding the 'required' modifier or declaring the property as nullable. [C:\Users\HP\Downloads\Medical\Medical_Affiliation\Medical_Affiliation.csproj]
C:\Users\HP\Downloads\Medical\Medical_Affiliation\Models\CollegeDetailsViewModel.cs(41,26): warning CS8618: Non-nullable property 'DocumentFile' must contain a non-null value when exiting constructor. Consider adding the 'required' modifier or declaring the property as nullable. [C:\Users\HP\Downloads\Medical\Medical_Affiliation\Medical_Affiliation.csproj]
C:\Users\HP\Downloads\Medical\Medical_Affiliation\Models\CollegeDetailsViewModel.cs(42,23): warning CS8618: Non-nullable property 'DocumentBytes' must contain a non-null value when exiting constructor. Consider adding the 'required' modifier or declaring the property as nullable. [C:\Users\HP\Downloads\Medical\Medical_Affiliation\Medical_Affiliation.csproj]
C:\Users\HP\Downloads\Medical\Medical_Affiliation\Models\CollegeDetailsViewModel.cs(43,23): warning CS8618: Non-nullable property 'Remarks' must contain a non-null value when exiting constructor. Consider adding the 'required' modifier or declaring the property as nullable. [C:\Users\HP\Downloads\Medical\Medical_Affiliation\Medical_Affiliation.csproj]
C:\Users\HP\Downloads\Medical\Medical_Affiliation\Models\CollegeCourseViewModel .cs(37,23): warning CS8618: Non-nullable property 'facultyCode' must contain a non-null value when exiting constructor. Consider adding the 'required' modifier or declaring the property as nullable. [C:\Users\HP\Downloads\Medical\Medical_Affiliation\Medical_Affiliation.csproj]
C:\Users\HP\Downloads\Medical\Medical_Affiliation\Models\CollegeCourseViewModel .cs(38,23): warning CS8618: Non-nullable property 'collegeCode' must contain a non-null value when exiting constructor. Consider adding the 'required' modifier or declaring the property as nullable. [C:\Users\HP\Downloads\Medical\Medical_Affiliation\Medical_Affiliation.csproj]
C:\Users\HP\Downloads\Medical\Medical_Affiliation\Models\CollegeCourseViewModel .cs(39,23): warning CS8618: Non-nullable property 'collegeName' must contain a non-null value when exiting constructor. Consider adding the 'required' modifier or declaring the property as nullable. [C:\Users\HP\Downloads\Medical\Medical_Affiliation\Medical_Affiliation.csproj]
C:\Users\HP\Downloads\Medical\Medical_Affiliation\Models\CollegeCourseViewModel .cs(41,48): warning CS8618: Non-nullable property 'FacultyForFreeze' must contain a non-null value when exiting constructor. Consider adding the 'required' modifier or declaring the property as nullable. [C:\Users\HP\Downloads\Medical\Medical_Affiliation\Medical_Affiliation.csproj]
C:\Users\HP\Downloads\Medical\Medical_Affiliation\Models\CollegeCourseViewModel .cs(10,23): warning CS8618: Non-nullable property 'SelectedCourseLevel' must contain a non-null value when exiting constructor. Consider adding the 'required' modifier or declaring the property as nullable. [C:\Users\HP\Downloads\Medical\Medical_Affiliation\Medical_Affiliation.csproj]
C:\Users\HP\Downloads\Medical\Medical_Affiliation\Models\CollegeCourseViewModel .cs(11,44): warning CS8618: Non-nullable property 'CourseLevelList' must contain a non-null value when exiting constructor. Consider adding the 'required' modifier or declaring the property as nullable. [C:\Users\HP\Downloads\Medical\Medical_Affiliation\Medical_Affiliation.csproj]
C:\Users\HP\Downloads\Medical\Medical_Affiliation\Models\ClinicalFacilitesViewModel.cs(581,23): warning CS8618: Non-nullable property 'CollegeCode' must contain a non-null value when exiting constructor. Consider adding the 'required' modifier or declaring the property as nullable. [C:\Users\HP\Downloads\Medical\Medical_Affiliation\Medical_Affiliation.csproj]
C:\Users\HP\Downloads\Medical\Medical_Affiliation\Models\ClinicalFacilitesViewModel.cs(531,23): warning CS8618: Non-nullable property 'SeatSlabId' must contain a non-null value when exiting constructor. Consider adding the 'required' modifier or declaring the property as nullable. [C:\Users\HP\Downloads\Medical\Medical_Affiliation\Medical_Affiliation.csproj]
C:\Users\HP\Downloads\Medical\Medical_Affiliation\Models\ClinicalFacilitesViewModel.cs(546,23): warning CS8618: Non-nullable property 'Post' must contain a non-null value when exiting constructor. Consider adding the 'required' modifier or declaring the property as nullable. [C:\Users\HP\Downloads\Medical\Medical_Affiliation\Medical_Affiliation.csproj]
C:\Users\HP\Downloads\Medical\Medical_Affiliation\Models\ClinicalFacilitesViewModel.cs(550,23): warning CS8618: Non-nullable property 'Name' must contain a non-null value when exiting constructor. Consider adding the 'required' modifier or declaring the property as nullable. [C:\Users\HP\Downloads\Medical\Medical_Affiliation\Medical_Affiliation.csproj]
C:\Users\HP\Downloads\Medical\Medical_Affiliation\Models\ClinicalFacilitesViewModel.cs(554,23): warning CS8618: Non-nullable property 'Qualification' must contain a non-null value when exiting constructor. Consider adding the 'required' modifier or declaring the property as nullable. [C:\Users\HP\Downloads\Medical\Medical_Affiliation\Medical_Affiliation.csproj]
C:\Users\HP\Downloads\Medical\Medical_Affiliation\Models\ClinicalFacilitesViewModel.cs(562,23): warning CS8618: Non-nullable property 'University' must contain a non-null value when exiting constructor. Consider adding the 'required' modifier or declaring the property as nullable. [C:\Users\HP\Downloads\Medical\Medical_Affiliation\Medical_Affiliation.csproj]
C:\Users\HP\Downloads\Medical\Medical_Affiliation\Models\ClinicalFacilitesViewModel.cs(575,23): warning CS8618: Non-nullable property 'Responsibilities' must contain a non-null value when exiting constructor. Consider adding the 'required' modifier or declaring the property as nullable. [C:\Users\HP\Downloads\Medical\Medical_Affiliation\Medical_Affiliation.csproj]
C:\Users\HP\Downloads\Medical\Medical_Affiliation\Models\ClinicalFacilitesViewModel.cs(400,23): warning CS8618: Non-nullable property 'RequirementName' must contain a non-null value when exiting constructor. Consider adding the 'required' modifier or declaring the property as nullable. [C:\Users\HP\Downloads\Medical\Medical_Affiliation\Medical_Affiliation.csproj]
C:\Users\HP\Downloads\Medical\Medical_Affiliation\Models\ClinicalFacilitesViewModel.cs(423,23): warning CS8618: Non-nullable field 'CourseLevel' must contain a non-null value when exiting constructor. Consider adding the 'required' modifier or declaring the field as nullable. [C:\Users\HP\Downloads\Medical\Medical_Affiliation\Medical_Affiliation.csproj]
C:\Users\HP\Downloads\Medical\Medical_Affiliation\Models\ClinicalFacilitesViewModel.cs(444,23): warning CS8618: Non-nullable property 'CourseLevel' must contain a non-null value when exiting constructor. Consider adding the 'required' modifier or declaring the property as nullable. [C:\Users\HP\Downloads\Medical\Medical_Affiliation\Medical_Affiliation.csproj]
C:\Users\HP\Downloads\Medical\Medical_Affiliation\Models\ClinicalFacilitesViewModel.cs(368,23): warning CS8618: Non-nullable property 'CollegeCode' must contain a non-null value when exiting constructor. Consider adding the 'required' modifier or declaring the property as nullable. [C:\Users\HP\Downloads\Medical\Medical_Affiliation\Medical_Affiliation.csproj]
C:\Users\HP\Downloads\Medical\Medical_Affiliation\Models\ClinicalFacilitesViewModel.cs(370,23): warning CS8618: Non-nullable property 'FacultyCode' must contain a non-null value when exiting constructor. Consider adding the 'required' modifier or declaring the property as nullable. [C:\Users\HP\Downloads\Medical\Medical_Affiliation\Medical_Affiliation.csproj]
C:\Users\HP\Downloads\Medical\Medical_Affiliation\Models\ClinicalFacilitesViewModel.cs(376,35): warning CS8618: Non-nullable property 'Disciplines' must contain a non-null value when exiting constructor. Consider adding the 'required' modifier or declaring the property as nullable. [C:\Users\HP\Downloads\Medical\Medical_Affiliation\Medical_Affiliation.csproj]
C:\Users\HP\Downloads\Medical\Medical_Affiliation\Models\ClinicalFacilitesViewModel.cs(362,23): warning CS8618: Non-nullable property 'CollegeCode' must contain a non-null value when exiting constructor. Consider adding the 'required' modifier or declaring the property as nullable. [C:\Users\HP\Downloads\Medical\Medical_Affiliation\Medical_Affiliation.csproj]
C:\Users\HP\Downloads\Medical\Medical_Affiliation\Models\ClinicalFacilitesViewModel.cs(337,23): warning CS8618: Non-nullable property 'CollegeCode' must contain a non-null value when exiting constructor. Consider adding the 'required' modifier or declaring the property as nullable. [C:\Users\HP\Downloads\Medical\Medical_Affiliation\Medical_Affiliation.csproj]
C:\Users\HP\Downloads\Medical\Medical_Affiliation\Models\ClinicalFacilitesViewModel.cs(338,23): warning CS8618: Non-nullable property 'FacultyCode' must contain a non-null value when exiting constructor. Consider adding the 'required' modifier or declaring the property as nullable. [C:\Users\HP\Downloads\Medical\Medical_Affiliation\Medical_Affiliation.csproj]
C:\Users\HP\Downloads\Medical\Medical_Affiliation\Models\ClinicalFacilitesViewModel.cs(341,23): warning CS8618: Non-nullable property 'DisciplineCode' must contain a non-null value when exiting constructor. Consider adding the 'required' modifier or declaring the property as nullable. [C:\Users\HP\Downloads\Medical\Medical_Affiliation\Medical_Affiliation.csproj]
C:\Users\HP\Downloads\Medical\Medical_Affiliation\Models\ClinicalFacilitesViewModel.cs(343,23): warning CS8618: Non-nullable property 'DisciplineName' must contain a non-null value when exiting constructor. Consider adding the 'required' modifier or declaring the property as nullable. [C:\Users\HP\Downloads\Medical\Medical_Affiliation\Medical_Affiliation.csproj]
C:\Users\HP\Downloads\Medical\Medical_Affiliation\Models\CollegeCourseViewModel .cs(53,23): warning CS8618: Non-nullable property 'CourseCode' must contain a non-null value when exiting constructor. Consider adding the 'required' modifier or declaring the property as nullable. [C:\Users\HP\Downloads\Medical\Medical_Affiliation\Medical_Affiliation.csproj]
C:\Users\HP\Downloads\Medical\Medical_Affiliation\Models\CollegeCourseViewModel .cs(67,23): warning CS8618: Non-nullable property 'CourseLevel' must contain a non-null value when exiting constructor. Consider adding the 'required' modifier or declaring the property as nullable. [C:\Users\HP\Downloads\Medical\Medical_Affiliation\Medical_Affiliation.csproj]
C:\Users\HP\Downloads\Medical\Medical_Affiliation\Models\ClinicalFacilitesViewModel.cs(244,61): warning CS8618: Non-nullable property 'Documents' must contain a non-null value when exiting constructor. Consider adding the 'required' modifier or declaring the property as nullable. [C:\Users\HP\Downloads\Medical\Medical_Affiliation\Medical_Affiliation.csproj]
C:\Users\HP\Downloads\Medical\Medical_Affiliation\Models\ClinicalFacilitesViewModel.cs(312,23): warning CS8618: Non-nullable property 'CollegeCode' must contain a non-null value when exiting constructor. Consider adding the 'required' modifier or declaring the property as nullable. [C:\Users\HP\Downloads\Medical\Medical_Affiliation\Medical_Affiliation.csproj]
C:\Users\HP\Downloads\Medical\Medical_Affiliation\Models\ClinicalFacilitesViewModel.cs(313,23): warning CS8618: Non-nullable property 'FacultyCode' must contain a non-null value when exiting constructor. Consider adding the 'required' modifier or declaring the property as nullable. [C:\Users\HP\Downloads\Medical\Medical_Affiliation\Medical_Affiliation.csproj]
C:\Users\HP\Downloads\Medical\Medical_Affiliation\Models\ClinicalFacilitesViewModel.cs(258,23): warning CS8618: Non-nullable property 'CollegeCode' must contain a non-null value when exiting constructor. Consider adding the 'required' modifier or declaring the property as nullable. [C:\Users\HP\Downloads\Medical\Medical_Affiliation\Medical_Affiliation.csproj]
C:\Users\HP\Downloads\Medical\Medical_Affiliation\Models\ClinicalFacilitesViewModel.cs(259,23): warning CS8618: Non-nullable property 'FacultyCode' must contain a non-null value when exiting constructor. Consider adding the 'required' modifier or declaring the property as nullable. [C:\Users\HP\Downloads\Medical\Medical_Affiliation\Medical_Affiliation.csproj]
C:\Users\HP\Downloads\Medical\Medical_Affiliation\Models\ClinicalFacilitesViewModel.cs(263,23): warning CS8618: Non-nullable property 'AffiliationType' must contain a non-null value when exiting constructor. Consider adding the 'required' modifier or declaring the property as nullable. [C:\Users\HP\Downloads\Medical\Medical_Affiliation\Medical_Affiliation.csproj]
C:\Users\HP\Downloads\Medical\Medical_Affiliation\Models\ClinicalFacilitesViewModel.cs(274,23): warning CS8618: Non-nullable property 'HospitalName' must contain a non-null value when exiting constructor. Consider adding the 'required' modifier or declaring the property as nullable. [C:\Users\HP\Downloads\Medical\Medical_Affiliation\Medical_Affiliation.csproj]
C:\Users\HP\Downloads\Medical\Medical_Affiliation\Models\ClinicalFacilitesViewModel.cs(276,23): warning CS8618: Non-nullable property 'HospitalOwnerName' must contain a non-null value when exiting constructor. Consider adding the 'required' modifier or declaring the property as nullable. [C:\Users\HP\Downloads\Medical\Medical_Affiliation\Medical_Affiliation.csproj]
C:\Users\HP\Downloads\Medical\Medical_Affiliation\Models\ClinicalFacilitesViewModel.cs(282,23): warning CS8618: Non-nullable property 'Location' must contain a non-null value when exiting constructor. Consider adding the 'required' modifier or declaring the property as nullable. [C:\Users\HP\Downloads\Medical\Medical_Affiliation\Medical_Affiliation.csproj]
C:\Users\HP\Downloads\Medical\Medical_Affiliation\Models\ClinicalFacilitesViewModel.cs(145,23): warning CS8618: Non-nullable property 'CollegeCode' must contain a non-null value when exiting constructor. Consider adding the 'required' modifier or declaring the property as nullable. [C:\Users\HP\Downloads\Medical\Medical_Affiliation\Medical_Affiliation.csproj]
C:\Users\HP\Downloads\Medical\Medical_Affiliation\Models\ClinicalFacilitesViewModel.cs(148,23): warning CS8618: Non-nullable property 'HospitalName' must contain a non-null value when exiting constructor. Consider adding the 'required' modifier or declaring the property as nullable. [C:\Users\HP\Downloads\Medical\Medical_Affiliation\Medical_Affiliation.csproj]
C:\Users\HP\Downloads\Medical\Medical_Affiliation\Models\ClinicalFacilitesViewModel.cs(153,23): warning CS8618: Non-nullable property 'DocumentName' must contain a non-null value when exiting constructor. Consider adding the 'required' modifier or declaring the property as nullable. [C:\Users\HP\Downloads\Medical\Medical_Affiliation\Medical_Affiliation.csproj]
C:\Users\HP\Downloads\Medical\Medical_Affiliation\Models\ClinicalFacilitesViewModel.cs(162,23): warning CS8618: Non-nullable property 'CertificateNumber' must contain a non-null value when exiting constructor. Consider adding the 'required' modifier or declaring the property as nullable. [C:\Users\HP\Downloads\Medical\Medical_Affiliation\Medical_Affiliation.csproj]
C:\Users\HP\Downloads\Medical\Medical_Affiliation\Models\ClinicalFacilitesViewModel.cs(106,23): warning CS8618: Non-nullable property 'CollegeCode' must contain a non-null value when exiting constructor. Consider adding the 'required' modifier or declaring the property as nullable. [C:\Users\HP\Downloads\Medical\Medical_Affiliation\Medical_Affiliation.csproj]
C:\Users\HP\Downloads\Medical\Medical_Affiliation\Models\ClinicalFacilitesViewModel.cs(112,35): warning CS8618: Non-nullable property 'AdopAffTypeOptions' must contain a non-null value when exiting constructor. Consider adding the 'required' modifier or declaring the property as nullable. [C:\Users\HP\Downloads\Medical\Medical_Affiliation\Medical_Affiliation.csproj]
C:\Users\HP\Downloads\Medical\Medical_Affiliation\Models\ClinicalFacilitesViewModel.cs(114,35): warning CS8618: Non-nullable property 'AdministrationTypeOptions' must contain a non-null value when exiting constructor. Consider adding the 'required' modifier or declaring the property as nullable. [C:\Users\HP\Downloads\Medical\Medical_Affiliation\Medical_Affiliation.csproj]
C:\Users\HP\Downloads\Medical\Medical_Affiliation\Models\ClinicalFacilitesViewModel.cs(133,23): warning CS8618: Non-nullable property 'NameOfCHC' must contain a non-null value when exiting constructor. Consider adding the 'required' modifier or declaring the property as nullable. [C:\Users\HP\Downloads\Medical\Medical_Affiliation\Medical_Affiliation.csproj]
C:\Users\HP\Downloads\Medical\Medical_Affiliation\Models\ClinicalFacilitesViewModel.cs(137,23): warning CS8618: Non-nullable property 'DistanceFromNursingInstitution' must contain a non-null value when exiting constructor. Consider adding the 'required' modifier or declaring the property as nullable. [C:\Users\HP\Downloads\Medical\Medical_Affiliation\Medical_Affiliation.csproj]
C:\Users\HP\Downloads\Medical\Medical_Affiliation\Models\ClinicalFacilitesViewModel.cs(140,23): warning CS8618: Non-nullable property 'ServicesRendered' must contain a non-null value when exiting constructor. Consider adding the 'required' modifier or declaring the property as nullable. [C:\Users\HP\Downloads\Medical\Medical_Affiliation\Medical_Affiliation.csproj]
C:\Users\HP\Downloads\Medical\Medical_Affiliation\Models\ClinicalFacilitesViewModel.cs(10,23): warning CS8618: Non-nullable property 'Name' must contain a non-null value when exiting constructor. Consider adding the 'required' modifier or declaring the property as nullable. [C:\Users\HP\Downloads\Medical\Medical_Affiliation\Medical_Affiliation.csproj]
C:\Users\HP\Downloads\Medical\Medical_Affiliation\Models\ClassroomPageVM.cs(5,23): warning CS8618: Non-nullable property 'FacultyCode' must contain a non-null value when exiting constructor. Consider adding the 'required' modifier or declaring the property as nullable. [C:\Users\HP\Downloads\Medical\Medical_Affiliation\Medical_Affiliation.csproj]
C:\Users\HP\Downloads\Medical\Medical_Affiliation\Models\ClassroomPageVM.cs(8,40): warning CS8618: Non-nullable property 'ClassroomDetails' must contain a non-null value when exiting constructor. Consider adding the 'required' modifier or declaring the property as nullable. [C:\Users\HP\Downloads\Medical\Medical_Affiliation\Medical_Affiliation.csproj]
C:\Users\HP\Downloads\Medical\Medical_Affiliation\Models\ClassroomPageVM.cs(10,41): warning CS8618: Non-nullable property 'LaboratoryDetails' must contain a non-null value when exiting constructor. Consider adding the 'required' modifier or declaring the property as nullable. [C:\Users\HP\Downloads\Medical\Medical_Affiliation\Medical_Affiliation.csproj]
C:\Users\HP\Downloads\Medical\Medical_Affiliation\Models\CA_SS_SSCourseParticularsVM.cs(83,23): warning CS8618: Non-nullable property 'CollegeCode' must contain a non-null value when exiting constructor. Consider adding the 'required' modifier or declaring the property as nullable. [C:\Users\HP\Downloads\Medical\Medical_Affiliation\Medical_Affiliation.csproj]
C:\Users\HP\Downloads\Medical\Medical_Affiliation\Models\CA_SS_SSCourseParticularsVM.cs(85,23): warning CS8618: Non-nullable property 'CourseName' must contain a non-null value when exiting constructor. Consider adding the 'required' modifier or declaring the property as nullable. [C:\Users\HP\Downloads\Medical\Medical_Affiliation\Medical_Affiliation.csproj]
C:\Users\HP\Downloads\Medical\Medical_Affiliation\Models\ClassroomPageVM.cs(42,23): warning CS8618: Non-nullable property 'LaboratoryName' must contain a non-null value when exiting constructor. Consider adding the 'required' modifier or declaring the property as nullable. [C:\Users\HP\Downloads\Medical\Medical_Affiliation\Medical_Affiliation.csproj]
C:\Users\HP\Downloads\Medical\Medical_Affiliation\Models\ClassroomPageVM.cs(17,23): warning CS8618: Non-nullable property 'CourseCode' must contain a non-null value when exiting constructor. Consider adding the 'required' modifier or declaring the property as nullable. [C:\Users\HP\Downloads\Medical\Medical_Affiliation\Medical_Affiliation.csproj]
C:\Users\HP\Downloads\Medical\Medical_Affiliation\Models\ClassroomPageVM.cs(18,23): warning CS8618: Non-nullable property 'CourseName' must contain a non-null value when exiting constructor. Consider adding the 'required' modifier or declaring the property as nullable. [C:\Users\HP\Downloads\Medical\Medical_Affiliation\Medical_Affiliation.csproj]
C:\Users\HP\Downloads\Medical\Medical_Affiliation\Models\CA_SS_SSCourseParticularsVM.cs(67,23): warning CS8618: Non-nullable property 'CourseName' must contain a non-null value when exiting constructor. Consider adding the 'required' modifier or declaring the property as nullable. [C:\Users\HP\Downloads\Medical\Medical_Affiliation\Medical_Affiliation.csproj]
C:\Users\HP\Downloads\Medical\Medical_Affiliation\Models\CA_SS_SSCourseParticularsVM.cs(69,23): warning CS8618: Non-nullable property 'SanctionedIntake' must contain a non-null value when exiting constructor. Consider adding the 'required' modifier or declaring the property as nullable. [C:\Users\HP\Downloads\Medical\Medical_Affiliation\Medical_Affiliation.csproj]
C:\Users\HP\Downloads\Medical\Medical_Affiliation\Models\CA_SS_SSCourseParticularsVM.cs(33,23): warning CS8618: Non-nullable property 'CourseName' must contain a non-null value when exiting constructor. Consider adding the 'required' modifier or declaring the property as nullable. [C:\Users\HP\Downloads\Medical\Medical_Affiliation\Medical_Affiliation.csproj]
C:\Users\HP\Downloads\Medical\Medical_Affiliation\Models\CA_SS_SSCourseParticularsVM.cs(21,23): warning CS8618: Non-nullable property 'CourseName' must contain a non-null value when exiting constructor. Consider adding the 'required' modifier or declaring the property as nullable. [C:\Users\HP\Downloads\Medical\Medical_Affiliation\Medical_Affiliation.csproj]
C:\Users\HP\Downloads\Medical\Medical_Affiliation\Models\CA_SS_SSCourseParticularsVM.cs(46,23): warning CS8618: Non-nullable property 'CourseName' must contain a non-null value when exiting constructor. Consider adding the 'required' modifier or declaring the property as nullable. [C:\Users\HP\Downloads\Medical\Medical_Affiliation\Medical_Affiliation.csproj]
C:\Users\HP\Downloads\Medical\Medical_Affiliation\Models\CA_Med_ResearchPublicationsDetailsVM.cs(93,23): warning CS8618: Non-nullable property 'DeptCode' must contain a non-null value when exiting constructor. Consider adding the 'required' modifier or declaring the property as nullable. [C:\Users\HP\Downloads\Medical\Medical_Affiliation\Medical_Affiliation.csproj]
C:\Users\HP\Downloads\Medical\Medical_Affiliation\Models\CA_Med_Lib_OtherAcademicActivitiesVM.cs(14,23): warning CS8618: Non-nullable property 'ActivityName' must contain a non-null value when exiting constructor. Consider adding the 'required' modifier or declaring the property as nullable. [C:\Users\HP\Downloads\Medical\Medical_Affiliation\Medical_Affiliation.csproj]
C:\Users\HP\Downloads\Medical\Medical_Affiliation\Models\CA_Med_Lib_OtherAcademicActivitiesVM.cs(17,23): warning CS8618: Non-nullable property 'DepartmentCode' must contain a non-null value when exiting constructor. Consider adding the 'required' modifier or declaring the property as nullable. [C:\Users\HP\Downloads\Medical\Medical_Affiliation\Medical_Affiliation.csproj]
C:\Users\HP\Downloads\Medical\Medical_Affiliation\Models\ClinicalFacilitesViewModel.cs(209,23): warning CS8618: Non-nullable property 'CollegeCode' must contain a non-null value when exiting constructor. Consider adding the 'required' modifier or declaring the property as nullable. [C:\Users\HP\Downloads\Medical\Medical_Affiliation\Medical_Affiliation.csproj]
C:\Users\HP\Downloads\Medical\Medical_Affiliation\Models\ClinicalFacilitesViewModel.cs(211,23): warning CS8618: Non-nullable property 'CourseLevel' must contain a non-null value when exiting constructor. Consider adding the 'required' modifier or declaring the property as nullable. [C:\Users\HP\Downloads\Medical\Medical_Affiliation\Medical_Affiliation.csproj]
C:\Users\HP\Downloads\Medical\Medical_Affiliation\Models\CA_Aff_AcademicMattersViewModel.cs(152,23): warning CS8618: Non-nullable property 'Subject' must contain a non-null value when exiting constructor. Consider adding the 'required' modifier or declaring the property as nullable. [C:\Users\HP\Downloads\Medical\Medical_Affiliation\Medical_Affiliation.csproj]
C:\Users\HP\Downloads\Medical\Medical_Affiliation\Models\CA_Aff_AcademicMattersViewModel.cs(160,23): warning CS8618: Non-nullable property 'YearName' must contain a non-null value when exiting constructor. Consider adding the 'required' modifier or declaring the property as nullable. [C:\Users\HP\Downloads\Medical\Medical_Affiliation\Medical_Affiliation.csproj]
C:\Users\HP\Downloads\Medical\Medical_Affiliation\Models\CA_Aff_AcademicMattersViewModel.cs(168,23): warning CS8618: Non-nullable property 'Remarks' must contain a non-null value when exiting constructor. Consider adding the 'required' modifier or declaring the property as nullable. [C:\Users\HP\Downloads\Medical\Medical_Affiliation\Medical_Affiliation.csproj]
C:\Users\HP\Downloads\Medical\Medical_Affiliation\Models\CA_Aff_AcademicMattersViewModel.cs(104,23): warning CS8618: Non-nullable property 'CurriculumName' must contain a non-null value when exiting constructor. Consider adding the 'required' modifier or declaring the property as nullable. [C:\Users\HP\Downloads\Medical\Medical_Affiliation\Medical_Affiliation.csproj]
C:\Users\HP\Downloads\Medical\Medical_Affiliation\Models\LandBuildingDetailsVM.cs(12,23): warning CS8618: Non-nullable property 'BuildingType' must contain a non-null value when exiting constructor. Consider adding the 'required' modifier or declaring the property as nullable. [C:\Users\HP\Downloads\Medical\Medical_Affiliation\Medical_Affiliation.csproj]
C:\Users\HP\Downloads\Medical\Medical_Affiliation\Models\LandBuildingDetailsVM.cs(13,23): warning CS8618: Non-nullable property 'OwnerName' must contain a non-null value when exiting constructor. Consider adding the 'required' modifier or declaring the property as nullable. [C:\Users\HP\Downloads\Medical\Medical_Affiliation\Medical_Affiliation.csproj]
C:\Users\HP\Downloads\Medical\Medical_Affiliation\Models\LandBuildingDetailsVM.cs(16,23): warning CS8618: Non-nullable property 'CourtCase' must contain a non-null value when exiting constructor. Consider adding the 'required' modifier or declaring the property as nullable. [C:\Users\HP\Downloads\Medical\Medical_Affiliation\Medical_Affiliation.csproj]
C:\Users\HP\Downloads\Medical\Medical_Affiliation\Models\LandBuildingDetailsVM.cs(17,23): warning CS8618: Non-nullable property 'CoursesInBuilding' must contain a non-null value when exiting constructor. Consider adding the 'required' modifier or declaring the property as nullable. [C:\Users\HP\Downloads\Medical\Medical_Affiliation\Medical_Affiliation.csproj]
C:\Users\HP\Downloads\Medical\Medical_Affiliation\Models\LandBuildingDetailsVM.cs(24,23): warning CS8618: Non-nullable property 'Survey' must contain a non-null value when exiting constructor. Consider adding the 'required' modifier or declaring the property as nullable. [C:\Users\HP\Downloads\Medical\Medical_Affiliation\Medical_Affiliation.csproj]
C:\Users\HP\Downloads\Medical\Medical_Affiliation\Models\LandBuildingDetailsVM.cs(25,23): warning CS8618: Non-nullable property 'RR' must contain a non-null value when exiting constructor. Consider adding the 'required' modifier or declaring the property as nullable. [C:\Users\HP\Downloads\Medical\Medical_Affiliation\Medical_Affiliation.csproj]
C:\Users\HP\Downloads\Medical\Medical_Affiliation\Models\LandBuildingDetailsVM.cs(28,23): warning CS8618: Non-nullable property 'WaterSupply' must contain a non-null value when exiting constructor. Consider adding the 'required' modifier or declaring the property as nullable. [C:\Users\HP\Downloads\Medical\Medical_Affiliation\Medical_Affiliation.csproj]
C:\Users\HP\Downloads\Medical\Medical_Affiliation\Models\LandBuildingDetailsVM.cs(29,23): warning CS8618: Non-nullable property 'Auditorium' must contain a non-null value when exiting constructor. Consider adding the 'required' modifier or declaring the property as nullable. [C:\Users\HP\Downloads\Medical\Medical_Affiliation\Medical_Affiliation.csproj]
C:\Users\HP\Downloads\Medical\Medical_Affiliation\Models\LandBuildingDetailsVM.cs(30,23): warning CS8618: Non-nullable property 'OfficeFacilities' must contain a non-null value when exiting constructor. Consider adding the 'required' modifier or declaring the property as nullable. [C:\Users\HP\Downloads\Medical\Medical_Affiliation\Medical_Affiliation.csproj]
C:\Users\HP\Downloads\Medical\Medical_Affiliation\Models\LandBuildingDetailsVM.cs(31,23): warning CS8618: Non-nullable property 'Seating' must contain a non-null value when exiting constructor. Consider adding the 'required' modifier or declaring the property as nullable. [C:\Users\HP\Downloads\Medical\Medical_Affiliation\Medical_Affiliation.csproj]
C:\Users\HP\Downloads\Medical\Medical_Affiliation\Models\LandBuildingDetailsVM.cs(32,23): warning CS8618: Non-nullable property 'Electricity' must contain a non-null value when exiting constructor. Consider adding the 'required' modifier or declaring the property as nullable. [C:\Users\HP\Downloads\Medical\Medical_Affiliation\Medical_Affiliation.csproj]
C:\Users\HP\Downloads\Medical\Medical_Affiliation\Models\LandBuildingDetailsVM.cs(35,23): warning CS8618: Non-nullable property 'BlueprintCertNo' must contain a non-null value when exiting constructor. Consider adding the 'required' modifier or declaring the property as nullable. [C:\Users\HP\Downloads\Medical\Medical_Affiliation\Medical_Affiliation.csproj]
C:\Users\HP\Downloads\Medical\Medical_Affiliation\Models\LandBuildingDetailsVM.cs(36,23): warning CS8618: Non-nullable property 'ApprovalCertNo' must contain a non-null value when exiting constructor. Consider adding the 'required' modifier or declaring the property as nullable. [C:\Users\HP\Downloads\Medical\Medical_Affiliation\Medical_Affiliation.csproj]
C:\Users\HP\Downloads\Medical\Medical_Affiliation\Models\LandBuildingDetailsVM.cs(37,23): warning CS8618: Non-nullable property 'TaxCertNo' must contain a non-null value when exiting constructor. Consider adding the 'required' modifier or declaring the property as nullable. [C:\Users\HP\Downloads\Medical\Medical_Affiliation\Medical_Affiliation.csproj]
C:\Users\HP\Downloads\Medical\Medical_Affiliation\Models\LandBuildingDetailsVM.cs(38,23): warning CS8618: Non-nullable property 'RTCCertNo' must contain a non-null value when exiting constructor. Consider adding the 'required' modifier or declaring the property as nullable. [C:\Users\HP\Downloads\Medical\Medical_Affiliation\Medical_Affiliation.csproj]
C:\Users\HP\Downloads\Medical\Medical_Affiliation\Models\LandBuildingDetailsVM.cs(39,23): warning CS8618: Non-nullable property 'OccupancyCertNo' must contain a non-null value when exiting constructor. Consider adding the 'required' modifier or declaring the property as nullable. [C:\Users\HP\Downloads\Medical\Medical_Affiliation\Medical_Affiliation.csproj]
C:\Users\HP\Downloads\Medical\Medical_Affiliation\Models\LandBuildingDetailsVM.cs(40,23): warning CS8618: Non-nullable property 'SaleDeedCertNo' must contain a non-null value when exiting constructor. Consider adding the 'required' modifier or declaring the property as nullable. [C:\Users\HP\Downloads\Medical\Medical_Affiliation\Medical_Affiliation.csproj]
C:\Users\HP\Downloads\Medical\Medical_Affiliation\Models\LandBuildingDetailsVM.cs(44,26): warning CS8618: Non-nullable property 'BlueprintDoc' must contain a non-null value when exiting constructor. Consider adding the 'required' modifier or declaring the property as nullable. [C:\Users\HP\Downloads\Medical\Medical_Affiliation\Medical_Affiliation.csproj]
C:\Users\HP\Downloads\Medical\Medical_Affiliation\Models\LandBuildingDetailsVM.cs(45,26): warning CS8618: Non-nullable property 'ApprovalCert' must contain a non-null value when exiting constructor. Consider adding the 'required' modifier or declaring the property as nullable. [C:\Users\HP\Downloads\Medical\Medical_Affiliation\Medical_Affiliation.csproj]
C:\Users\HP\Downloads\Medical\Medical_Affiliation\Models\LandBuildingDetailsVM.cs(46,26): warning CS8618: Non-nullable property 'TaxReceipt' must contain a non-null value when exiting constructor. Consider adding the 'required' modifier or declaring the property as nullable. [C:\Users\HP\Downloads\Medical\Medical_Affiliation\Medical_Affiliation.csproj]
C:\Users\HP\Downloads\Medical\Medical_Affiliation\Models\LandBuildingDetailsVM.cs(47,26): warning CS8618: Non-nullable property 'RTC' must contain a non-null value when exiting constructor. Consider adding the 'required' modifier or declaring the property as nullable. [C:\Users\HP\Downloads\Medical\Medical_Affiliation\Medical_Affiliation.csproj]
C:\Users\HP\Downloads\Medical\Medical_Affiliation\Models\LandBuildingDetailsVM.cs(48,26): warning CS8618: Non-nullable property 'OccupancyCert' must contain a non-null value when exiting constructor. Consider adding the 'required' modifier or declaring the property as nullable. [C:\Users\HP\Downloads\Medical\Medical_Affiliation\Medical_Affiliation.csproj]
C:\Users\HP\Downloads\Medical\Medical_Affiliation\Models\LandBuildingDetailsVM.cs(49,26): warning CS8618: Non-nullable property 'SaleDeed' must contain a non-null value when exiting constructor. Consider adding the 'required' modifier or declaring the property as nullable. [C:\Users\HP\Downloads\Medical\Medical_Affiliation\Medical_Affiliation.csproj]
C:\Users\HP\Downloads\Medical\Medical_Affiliation\Models\LandBuildingDetailsVM.cs(53,23): warning CS8618: Non-nullable property 'BlueprintPdf' must contain a non-null value when exiting constructor. Consider adding the 'required' modifier or declaring the property as nullable. [C:\Users\HP\Downloads\Medical\Medical_Affiliation\Medical_Affiliation.csproj]
C:\Users\HP\Downloads\Medical\Medical_Affiliation\Models\LandBuildingDetailsVM.cs(54,23): warning CS8618: Non-nullable property 'ApprovalCertPdf' must contain a non-null value when exiting constructor. Consider adding the 'required' modifier or declaring the property as nullable. [C:\Users\HP\Downloads\Medical\Medical_Affiliation\Medical_Affiliation.csproj]
C:\Users\HP\Downloads\Medical\Medical_Affiliation\Models\LandBuildingDetailsVM.cs(55,23): warning CS8618: Non-nullable property 'TaxReceiptPdf' must contain a non-null value when exiting constructor. Consider adding the 'required' modifier or declaring the property as nullable. [C:\Users\HP\Downloads\Medical\Medical_Affiliation\Medical_Affiliation.csproj]
C:\Users\HP\Downloads\Medical\Medical_Affiliation\Models\LandBuildingDetailsVM.cs(56,23): warning CS8618: Non-nullable property 'RTCPdf' must contain a non-null value when exiting constructor. Consider adding the 'required' modifier or declaring the property as nullable. [C:\Users\HP\Downloads\Medical\Medical_Affiliation\Medical_Affiliation.csproj]
C:\Users\HP\Downloads\Medical\Medical_Affiliation\Models\LandBuildingDetailsVM.cs(57,23): warning CS8618: Non-nullable property 'OccupancyCertPdf' must contain a non-null value when exiting constructor. Consider adding the 'required' modifier or declaring the property as nullable. [C:\Users\HP\Downloads\Medical\Medical_Affiliation\Medical_Affiliation.csproj]
C:\Users\HP\Downloads\Medical\Medical_Affiliation\Models\LandBuildingDetailsVM.cs(58,23): warning CS8618: Non-nullable property 'SaleDeedPdf' must contain a non-null value when exiting constructor. Consider adding the 'required' modifier or declaring the property as nullable. [C:\Users\HP\Downloads\Medical\Medical_Affiliation\Medical_Affiliation.csproj]
C:\Users\HP\Downloads\Medical\Medical_Affiliation\Models\CApreviewViewModel.cs(872,23): warning CS8618: Non-nullable property 'CollegeCode' must contain a non-null value when exiting constructor. Consider adding the 'required' modifier or declaring the property as nullable. [C:\Users\HP\Downloads\Medical\Medical_Affiliation\Medical_Affiliation.csproj]
C:\Users\HP\Downloads\Medical\Medical_Affiliation\Models\CApreviewViewModel.cs(873,53): warning CS8618: Non-nullable property 'AdminTeachingBlockDisplayVM' must contain a non-null value when exiting constructor. Consider adding the 'required' modifier or declaring the property as nullable. [C:\Users\HP\Downloads\Medical\Medical_Affiliation\Medical_Affiliation.csproj]
C:\Users\HP\Downloads\Medical\Medical_Affiliation\Models\CApreviewViewModel.cs(874,44): warning CS8618: Non-nullable property 'HostelDetailsVM' must contain a non-null value when exiting constructor. Consider adding the 'required' modifier or declaring the property as nullable. [C:\Users\HP\Downloads\Medical\Medical_Affiliation\Medical_Affiliation.csproj]
C:\Users\HP\Downloads\Medical\Medical_Affiliation\Models\CApreviewViewModel.cs(875,49): warning CS8618: Non-nullable property 'AffHostelFacilitiesVM' must contain a non-null value when exiting constructor. Consider adding the 'required' modifier or declaring the property as nullable. [C:\Users\HP\Downloads\Medical\Medical_Affiliation\Medical_Affiliation.csproj]
C:\Users\HP\Downloads\Medical\Medical_Affiliation\Models\CApreviewViewModel.cs(890,23): warning CS8618: Non-nullable property 'HostelType' must contain a non-null value when exiting constructor. Consider adding the 'required' modifier or declaring the property as nullable. [C:\Users\HP\Downloads\Medical\Medical_Affiliation\Medical_Affiliation.csproj]
C:\Users\HP\Downloads\Medical\Medical_Affiliation\Models\CApreviewViewModel.cs(891,23): warning CS8618: Non-nullable property 'BuiltUpAreaSqFt' must contain a non-null value when exiting constructor. Consider adding the 'required' modifier or declaring the property as nullable. [C:\Users\HP\Downloads\Medical\Medical_Affiliation\Medical_Affiliation.csproj]
C:\Users\HP\Downloads\Medical\Medical_Affiliation\Models\CApreviewViewModel.cs(896,23): warning CS8618: Non-nullable property 'TotalFemaleStudents' must contain a non-null value when exiting constructor. Consider adding the 'required' modifier or declaring the property as nullable. [C:\Users\HP\Downloads\Medical\Medical_Affiliation\Medical_Affiliation.csproj]
C:\Users\HP\Downloads\Medical\Medical_Affiliation\Models\CApreviewViewModel.cs(897,23): warning CS8618: Non-nullable property 'TotalFemaleRooms' must contain a non-null value when exiting constructor. Consider adding the 'required' modifier or declaring the property as nullable. [C:\Users\HP\Downloads\Medical\Medical_Affiliation\Medical_Affiliation.csproj]
C:\Users\HP\Downloads\Medical\Medical_Affiliation\Models\CApreviewViewModel.cs(899,23): warning CS8618: Non-nullable property 'TotalMaleStudents' must contain a non-null value when exiting constructor. Consider adding the 'required' modifier or declaring the property as nullable. [C:\Users\HP\Downloads\Medical\Medical_Affiliation\Medical_Affiliation.csproj]
C:\Users\HP\Downloads\Medical\Medical_Affiliation\Models\CApreviewViewModel.cs(900,23): warning CS8618: Non-nullable property 'TotalMaleRooms' must contain a non-null value when exiting constructor. Consider adding the 'required' modifier or declaring the property as nullable. [C:\Users\HP\Downloads\Medical\Medical_Affiliation\Medical_Affiliation.csproj]
C:\Users\HP\Downloads\Medical\Medical_Affiliation\Models\CApreviewViewModel.cs(930,23): warning CS8618: Non-nullable property 'Course' must contain a non-null value when exiting constructor. Consider adding the 'required' modifier or declaring the property as nullable. [C:\Users\HP\Downloads\Medical\Medical_Affiliation\Medical_Affiliation.csproj]
C:\Users\HP\Downloads\Medical\Medical_Affiliation\Models\CApreviewViewModel.cs(827,23): warning CS8618: Non-nullable property 'CourseName' must contain a non-null value when exiting constructor. Consider adding the 'required' modifier or declaring the property as nullable. [C:\Users\HP\Downloads\Medical\Medical_Affiliation\Medical_Affiliation.csproj]
C:\Users\HP\Downloads\Medical\Medical_Affiliation\Models\CApreviewViewModel.cs(768,60): warning CS8618: Non-nullable property 'TrustMemberVM' must contain a non-null value when exiting constructor. Consider adding the 'required' modifier or declaring the property as nullable. [C:\Users\HP\Downloads\Medical\Medical_Affiliation\Medical_Affiliation.csproj]
C:\Users\HP\Downloads\Medical\Medical_Affiliation\Models\CApreviewViewModel.cs(769,65): warning CS8618: Non-nullable property 'IntakeForCourseVM' must contain a non-null value when exiting constructor. Consider adding the 'required' modifier or declaring the property as nullable. [C:\Users\HP\Downloads\Medical\Medical_Affiliation\Medical_Affiliation.csproj]
C:\Users\HP\Downloads\Medical\Medical_Affiliation\Models\CApreviewViewModel.cs(770,35): warning CS8618: Non-nullable property 'AffCoursesVM' must contain a non-null value when exiting constructor. Consider adding the 'required' modifier or declaring the property as nullable. [C:\Users\HP\Downloads\Medical\Medical_Affiliation\Medical_Affiliation.csproj]
C:\Users\HP\Downloads\Medical\Medical_Affiliation\Models\CApreviewViewModel.cs(772,49): warning CS8618: Non-nullable property 'AffiliationCourseDetailVM' must contain a non-null value when exiting constructor. Consider adding the 'required' modifier or declaring the property as nullable. [C:\Users\HP\Downloads\Medical\Medical_Affiliation\Medical_Affiliation.csproj]
C:\Users\HP\Downloads\Medical\Medical_Affiliation\Models\CApreviewViewModel.cs(774,49): warning CS8618: Non-nullable property 'DeanOrDirectorDetailDisplayVM' must contain a non-null value when exiting constructor. Consider adding the 'required' modifier or declaring the property as nullable. [C:\Users\HP\Downloads\Medical\Medical_Affiliation\Medical_Affiliation.csproj]
C:\Users\HP\Downloads\Medical\Medical_Affiliation\Models\CApreviewViewModel.cs(775,44): warning CS8618: Non-nullable property 'PrincipalDetailDisplayVM' must contain a non-null value when exiting constructor. Consider adding the 'required' modifier or declaring the property as nullable. [C:\Users\HP\Downloads\Medical\Medical_Affiliation\Medical_Affiliation.csproj]
C:\Users\HP\Downloads\Medical\Medical_Affiliation\Models\CApreviewViewModel.cs(788,23): warning CS8618: Non-nullable property 'Faculty' must contain a non-null value when exiting constructor. Consider adding the 'required' modifier or declaring the property as nullable. [C:\Users\HP\Downloads\Medical\Medical_Affiliation\Medical_Affiliation.csproj]
C:\Users\HP\Downloads\Medical\Medical_Affiliation\Models\CApreviewViewModel.cs(789,23): warning CS8618: Non-nullable property 'CollegeCode' must contain a non-null value when exiting constructor. Consider adding the 'required' modifier or declaring the property as nullable. [C:\Users\HP\Downloads\Medical\Medical_Affiliation\Medical_Affiliation.csproj]
C:\Users\HP\Downloads\Medical\Medical_Affiliation\Models\CApreviewViewModel.cs(447,57): warning CS8618: Non-nullable property 'medCaAccountAndFee' must contain a non-null value when exiting constructor. Consider adding the 'required' modifier or declaring the property as nullable. [C:\Users\HP\Downloads\Medical\Medical_Affiliation\Medical_Affiliation.csproj]
C:\Users\HP\Downloads\Medical\Medical_Affiliation\Models\CApreviewViewModel.cs(448,57): warning CS8618: Non-nullable property 'staffParticularsVM' must contain a non-null value when exiting constructor. Consider adding the 'required' modifier or declaring the property as nullable. [C:\Users\HP\Downloads\Medical\Medical_Affiliation\Medical_Affiliation.csproj]
C:\Users\HP\Downloads\Medical\Medical_Affiliation\Models\CApreviewViewModel.cs(449,59): warning CS8618: Non-nullable property 'otherStaffParticularsVM' must contain a non-null value when exiting constructor. Consider adding the 'required' modifier or declaring the property as nullable. [C:\Users\HP\Downloads\Medical\Medical_Affiliation\Medical_Affiliation.csproj]
C:\Users\HP\Downloads\Medical\Medical_Affiliation\Models\CApreviewViewModel.cs(397,23): warning CS8618: Non-nullable property 'Subject' must contain a non-null value when exiting constructor. Consider adding the 'required' modifier or declaring the property as nullable. [C:\Users\HP\Downloads\Medical\Medical_Affiliation\Medical_Affiliation.csproj]
C:\Users\HP\Downloads\Medical\Medical_Affiliation\Models\CApreviewViewModel.cs(531,23): warning CS8618: Non-nullable property 'CollegeName' must contain a non-null value when exiting constructor. Consider adding the 'required' modifier or declaring the property as nullable. [C:\Users\HP\Downloads\Medical\Medical_Affiliation\Medical_Affiliation.csproj]
C:\Users\HP\Downloads\Medical\Medical_Affiliation\Models\CApreviewViewModel.cs(431,48): warning CS8618: Non-nullable property 'caAffMedicalLibraryvm' must contain a non-null value when exiting constructor. Consider adding the 'required' modifier or declaring the property as nullable. [C:\Users\HP\Downloads\Medical\Medical_Affiliation\Medical_Affiliation.csproj]
C:\Users\HP\Downloads\Medical\Medical_Affiliation\Models\CApreviewViewModel.cs(432,54): warning CS8618: Non-nullable property 'librarayCommitteeVM' must contain a non-null value when exiting constructor. Consider adding the 'required' modifier or declaring the property as nullable. [C:\Users\HP\Downloads\Medical\Medical_Affiliation\Medical_Affiliation.csproj]
C:\Users\HP\Downloads\Medical\Medical_Affiliation\Models\CApreviewViewModel.cs(433,52): warning CS8618: Non-nullable property 'LibraryGeneralVM' must contain a non-null value when exiting constructor. Consider adding the 'required' modifier or declaring the property as nullable. [C:\Users\HP\Downloads\Medical\Medical_Affiliation\Medical_Affiliation.csproj]
C:\Users\HP\Downloads\Medical\Medical_Affiliation\Models\CApreviewViewModel.cs(434,53): warning CS8618: Non-nullable property 'LibraryItemListVM' must contain a non-null value when exiting constructor. Consider adding the 'required' modifier or declaring the property as nullable. [C:\Users\HP\Downloads\Medical\Medical_Affiliation\Medical_Affiliation.csproj]
C:\Users\HP\Downloads\Medical\Medical_Affiliation\Models\CApreviewViewModel.cs(435,53): warning CS8618: Non-nullable property 'LibraryBuildingVM' must contain a non-null value when exiting constructor. Consider adding the 'required' modifier or declaring the property as nullable. [C:\Users\HP\Downloads\Medical\Medical_Affiliation\Medical_Affiliation.csproj]
C:\Users\HP\Downloads\Medical\Medical_Affiliation\Models\CApreviewViewModel.cs(436,61): warning CS8618: Non-nullable property 'LibraryTechListVM' must contain a non-null value when exiting constructor. Consider adding the 'required' modifier or declaring the property as nullable. [C:\Users\HP\Downloads\Medical\Medical_Affiliation\Medical_Affiliation.csproj]
C:\Users\HP\Downloads\Medical\Medical_Affiliation\Models\CApreviewViewModel.cs(437,52): warning CS8618: Non-nullable property 'LibraryFinancVM' must contain a non-null value when exiting constructor. Consider adding the 'required' modifier or declaring the property as nullable. [C:\Users\HP\Downloads\Medical\Medical_Affiliation\Medical_Affiliation.csproj]
C:\Users\HP\Downloads\Medical\Medical_Affiliation\Models\CApreviewViewModel.cs(438,58): warning CS8618: Non-nullable property 'LibraryEquipmentListVM' must contain a non-null value when exiting constructor. Consider adding the 'required' modifier or declaring the property as nullable. [C:\Users\HP\Downloads\Medical\Medical_Affiliation\Medical_Affiliation.csproj]
C:\Users\HP\Downloads\Medical\Medical_Affiliation\Models\CApreviewViewModel.cs(439,58): warning CS8618: Non-nullable property 'ResearchPublicationsDisplayViewModel' must contain a non-null value when exiting constructor. Consider adding the 'required' modifier or declaring the property as nullable. [C:\Users\HP\Downloads\Medical\Medical_Affiliation\Medical_Affiliation.csproj]
C:\Users\HP\Downloads\Medical\Medical_Affiliation\Models\CApreviewViewModel.cs(378,23): warning CS8618: Non-nullable property 'EquipmentName' must contain a non-null value when exiting constructor. Consider adding the 'required' modifier or declaring the property as nullable. [C:\Users\HP\Downloads\Medical\Medical_Affiliation\Medical_Affiliation.csproj]
C:\Users\HP\Downloads\Medical\Medical_Affiliation\Models\CApreviewViewModel.cs(387,23): warning CS8618: Non-nullable property 'Subject' must contain a non-null value when exiting constructor. Consider adding the 'required' modifier or declaring the property as nullable. [C:\Users\HP\Downloads\Medical\Medical_Affiliation\Medical_Affiliation.csproj]
C:\Users\HP\Downloads\Medical\Medical_Affiliation\Models\CApreviewViewModel.cs(353,23): warning CS8618: Non-nullable property 'MeuCoordinatorName' must contain a non-null value when exiting constructor. Consider adding the 'required' modifier or declaring the property as nullable. [C:\Users\HP\Downloads\Medical\Medical_Affiliation\Medical_Affiliation.csproj]
C:\Users\HP\Downloads\Medical\Medical_Affiliation\Models\CApreviewViewModel.cs(355,23): warning CS8618: Non-nullable property 'MeuCoordinatorDesignationDepartment' must contain a non-null value when exiting constructor. Consider adding the 'required' modifier or declaring the property as nullable. [C:\Users\HP\Downloads\Medical\Medical_Affiliation\Medical_Affiliation.csproj]
C:\Users\HP\Downloads\Medical\Medical_Affiliation\Models\CApreviewViewModel.cs(357,23): warning CS8618: Non-nullable property 'MeuCoordinatorPhone' must contain a non-null value when exiting constructor. Consider adding the 'required' modifier or declaring the property as nullable. [C:\Users\HP\Downloads\Medical\Medical_Affiliation\Medical_Affiliation.csproj]
C:\Users\HP\Downloads\Medical\Medical_Affiliation\Models\CApreviewViewModel.cs(359,23): warning CS8618: Non-nullable property 'MeuCoordinatorEmail' must contain a non-null value when exiting constructor. Consider adding the 'required' modifier or declaring the property as nullable. [C:\Users\HP\Downloads\Medical\Medical_Affiliation\Medical_Affiliation.csproj]
C:\Users\HP\Downloads\Medical\Medical_Affiliation\Models\CApreviewViewModel.cs(362,23): warning CS8618: Non-nullable property 'MeuMembersListDescription' must contain a non-null value when exiting constructor. Consider adding the 'required' modifier or declaring the property as nullable. [C:\Users\HP\Downloads\Medical\Medical_Affiliation\Medical_Affiliation.csproj]
C:\Users\HP\Downloads\Medical\Medical_Affiliation\Models\CApreviewViewModel.cs(364,23): warning CS8618: Non-nullable property 'MeuActivitiesLastAcademicYear' must contain a non-null value when exiting constructor. Consider adding the 'required' modifier or declaring the property as nullable. [C:\Users\HP\Downloads\Medical\Medical_Affiliation\Medical_Affiliation.csproj]
C:\Users\HP\Downloads\Medical\Medical_Affiliation\Models\CApreviewViewModel.cs(367,26): warning CS8618: Non-nullable property 'MeuMembersListFile' must contain a non-null value when exiting constructor. Consider adding the 'required' modifier or declaring the property as nullable. [C:\Users\HP\Downloads\Medical\Medical_Affiliation\Medical_Affiliation.csproj]
C:\Users\HP\Downloads\Medical\Medical_Affiliation\Models\CApreviewViewModel.cs(155,23): warning CS8618: Non-nullable property 'CollegeCode' must contain a non-null value when exiting constructor. Consider adding the 'required' modifier or declaring the property as nullable. [C:\Users\HP\Downloads\Medical\Medical_Affiliation\Medical_Affiliation.csproj]
C:\Users\HP\Downloads\Medical\Medical_Affiliation\Models\CApreviewViewModel.cs(156,51): warning CS8618: Non-nullable property 'SmallGroupTeaching' must contain a non-null value when exiting constructor. Consider adding the 'required' modifier or declaring the property as nullable. [C:\Users\HP\Downloads\Medical\Medical_Affiliation\Medical_Affiliation.csproj]
C:\Users\HP\Downloads\Medical\Medical_Affiliation\Models\CApreviewViewModel.cs(157,54): warning CS8618: Non-nullable property 'SmallGroupStudentLabs' must contain a non-null value when exiting constructor. Consider adding the 'required' modifier or declaring the property as nullable. [C:\Users\HP\Downloads\Medical\Medical_Affiliation\Medical_Affiliation.csproj]
C:\Users\HP\Downloads\Medical\Medical_Affiliation\Models\CApreviewViewModel.cs(158,50): warning CS8618: Non-nullable property 'SmallGroupMuseums' must contain a non-null value when exiting constructor. Consider adding the 'required' modifier or declaring the property as nullable. [C:\Users\HP\Downloads\Medical\Medical_Affiliation\Medical_Affiliation.csproj]
C:\Users\HP\Downloads\Medical\Medical_Affiliation\Models\CApreviewViewModel.cs(159,42): warning CS8618: Non-nullable property 'SkillsLab' must contain a non-null value when exiting constructor. Consider adding the 'required' modifier or declaring the property as nullable. [C:\Users\HP\Downloads\Medical\Medical_Affiliation\Medical_Affiliation.csproj]
C:\Users\HP\Downloads\Medical\Medical_Affiliation\Models\CApreviewViewModel.cs(160,53): warning CS8618: Non-nullable property 'DeptOfficeMeu' must contain a non-null value when exiting constructor. Consider adding the 'required' modifier or declaring the property as nullable. [C:\Users\HP\Downloads\Medical\Medical_Affiliation\Medical_Affiliation.csproj]
C:\Users\HP\Downloads\Medical\Medical_Affiliation\Models\CApreviewViewModel.cs(161,52): warning CS8618: Non-nullable property 'LaboratoryEquipment' must contain a non-null value when exiting constructor. Consider adding the 'required' modifier or declaring the property as nullable. [C:\Users\HP\Downloads\Medical\Medical_Affiliation\Medical_Affiliation.csproj]
C:\Users\HP\Downloads\Medical\Medical_Affiliation\Models\CApreviewViewModel.cs(162,44): warning CS8618: Non-nullable property 'SkillsLabEquipment' must contain a non-null value when exiting constructor. Consider adding the 'required' modifier or declaring the property as nullable. [C:\Users\HP\Downloads\Medical\Medical_Affiliation\Medical_Affiliation.csproj]
C:\Users\HP\Downloads\Medical\Medical_Affiliation\Models\CApreviewViewModel.cs(47,48): warning CS8618: Non-nullable property 'IndoorBedsOccupancy' must contain a non-null value when exiting constructor. Consider adding the 'required' modifier or declaring the property as nullable. [C:\Users\HP\Downloads\Medical\Medical_Affiliation\Medical_Affiliation.csproj]
C:\Users\HP\Downloads\Medical\Medical_Affiliation\Models\CApreviewViewModel.cs(48,62): warning CS8618: Non-nullable property 'SuperVisionInFPa' must contain a non-null value when exiting constructor. Consider adding the 'required' modifier or declaring the property as nullable. [C:\Users\HP\Downloads\Medical\Medical_Affiliation\Medical_Affiliation.csproj]
C:\Users\HP\Downloads\Medical\Medical_Affiliation\Models\CApreviewViewModel.cs(7,23): warning CS8618: Non-nullable property 'CollegeCode' must contain a non-null value when exiting constructor. Consider adding the 'required' modifier or declaring the property as nullable. [C:\Users\HP\Downloads\Medical\Medical_Affiliation\Medical_Affiliation.csproj]
C:\Users\HP\Downloads\Medical\Medical_Affiliation\Models\CApreviewViewModel.cs(8,23): warning CS8618: Non-nullable property 'FacultyCode' must contain a non-null value when exiting constructor. Consider adding the 'required' modifier or declaring the property as nullable. [C:\Users\HP\Downloads\Medical\Medical_Affiliation\Medical_Affiliation.csproj]
C:\Users\HP\Downloads\Medical\Medical_Affiliation\Models\CApreviewViewModel.cs(10,23): warning CS8618: Non-nullable property 'CollegeName' must contain a non-null value when exiting constructor. Consider adding the 'required' modifier or declaring the property as nullable. [C:\Users\HP\Downloads\Medical\Medical_Affiliation\Medical_Affiliation.csproj]
C:\Users\HP\Downloads\Medical\Medical_Affiliation\Models\CApreviewViewModel.cs(11,23): warning CS8618: Non-nullable property 'FacultyName' must contain a non-null value when exiting constructor. Consider adding the 'required' modifier or declaring the property as nullable. [C:\Users\HP\Downloads\Medical\Medical_Affiliation\Medical_Affiliation.csproj]
C:\Users\HP\Downloads\Medical\Medical_Affiliation\Models\CApreviewViewModel.cs(13,48): warning CS8618: Non-nullable property 'InstitutionBasicVM' must contain a non-null value when exiting constructor. Consider adding the 'required' modifier or declaring the property as nullable. [C:\Users\HP\Downloads\Medical\Medical_Affiliation\Medical_Affiliation.csproj]
C:\Users\HP\Downloads\Medical\Medical_Affiliation\Models\CApreviewViewModel.cs(15,48): warning CS8618: Non-nullable property 'CAacademicMattersVM' must contain a non-null value when exiting constructor. Consider adding the 'required' modifier or declaring the property as nullable. [C:\Users\HP\Downloads\Medical\Medical_Affiliation\Medical_Affiliation.csproj]
C:\Users\HP\Downloads\Medical\Medical_Affiliation\Models\CApreviewViewModel.cs(16,54): warning CS8618: Non-nullable property 'CAHospitalAFfiliationCompVM' must contain a non-null value when exiting constructor. Consider adding the 'required' modifier or declaring the property as nullable. [C:\Users\HP\Downloads\Medical\Medical_Affiliation\Medical_Affiliation.csproj]
C:\Users\HP\Downloads\Medical\Medical_Affiliation\Models\CApreviewViewModel.cs(17,51): warning CS8618: Non-nullable property 'PhysicalFacilities' must contain a non-null value when exiting constructor. Consider adding the 'required' modifier or declaring the property as nullable. [C:\Users\HP\Downloads\Medical\Medical_Affiliation\Medical_Affiliation.csproj]
C:\Users\HP\Downloads\Medical\Medical_Affiliation\Models\CApreviewViewModel.cs(19,47): warning CS8618: Non-nullable property 'LibraryDisplay' must contain a non-null value when exiting constructor. Consider adding the 'required' modifier or declaring the property as nullable. [C:\Users\HP\Downloads\Medical\Medical_Affiliation\Medical_Affiliation.csproj]
C:\Users\HP\Downloads\Medical\Medical_Affiliation\Models\CApreviewViewModel.cs(21,33): warning CS8618: Non-nullable property 'FinanceVm' must contain a non-null value when exiting constructor. Consider adding the 'required' modifier or declaring the property as nullable. [C:\Users\HP\Downloads\Medical\Medical_Affiliation\Medical_Affiliation.csproj]
C:\Users\HP\Downloads\Medical\Medical_Affiliation\Models\CApreviewViewModel.cs(23,50): warning CS8618: Non-nullable property 'VehicleDetailsVM' must contain a non-null value when exiting constructor. Consider adding the 'required' modifier or declaring the property as nullable. [C:\Users\HP\Downloads\Medical\Medical_Affiliation\Medical_Affiliation.csproj]
C:\Users\HP\Downloads\Medical\Medical_Affiliation\Models\CApreviewViewModel.cs(25,45): warning CS8618: Non-nullable property 'AdminTeachAndHostelVM' must contain a non-null value when exiting constructor. Consider adding the 'required' modifier or declaring the property as nullable. [C:\Users\HP\Downloads\Medical\Medical_Affiliation\Medical_Affiliation.csproj]
C:\Users\HP\Downloads\Medical\Medical_Affiliation\Models\CApreviewViewModel.cs(26,46): warning CS8618: Non-nullable property 'FacultyDesigNonTeachDisplayVM' must contain a non-null value when exiting constructor. Consider adding the 'required' modifier or declaring the property as nullable. [C:\Users\HP\Downloads\Medical\Medical_Affiliation\Medical_Affiliation.csproj]
C:\Users\HP\Downloads\Medical\Medical_Affiliation\Models\CApreviewViewModel.cs(27,44): warning CS8618: Non-nullable property 'PaymentVM' must contain a non-null value when exiting constructor. Consider adding the 'required' modifier or declaring the property as nullable. [C:\Users\HP\Downloads\Medical\Medical_Affiliation\Medical_Affiliation.csproj]
C:\Users\HP\Downloads\Medical\Medical_Affiliation\Models\CApreviewViewModel.cs(28,53): warning CS8618: Non-nullable property 'DeclarationVM' must contain a non-null value when exiting constructor. Consider adding the 'required' modifier or declaring the property as nullable. [C:\Users\HP\Downloads\Medical\Medical_Affiliation\Medical_Affiliation.csproj]
C:\Users\HP\Downloads\Medical\Medical_Affiliation\Models\CApreviewViewModel.cs(404,23): warning CS8618: Non-nullable property 'CourseCode' must contain a non-null value when exiting constructor. Consider adding the 'required' modifier or declaring the property as nullable. [C:\Users\HP\Downloads\Medical\Medical_Affiliation\Medical_Affiliation.csproj]
C:\Users\HP\Downloads\Medical\Medical_Affiliation\Models\AHSSOloginViewModel.cs(9,23): warning CS8618: Non-nullable property 'username' must contain a non-null value when exiting constructor. Consider adding the 'required' modifier or declaring the property as nullable. [C:\Users\HP\Downloads\Medical\Medical_Affiliation\Medical_Affiliation.csproj]
C:\Users\HP\Downloads\Medical\Medical_Affiliation\Models\AHSSOloginViewModel.cs(12,23): warning CS8618: Non-nullable property 'password' must contain a non-null value when exiting constructor. Consider adding the 'required' modifier or declaring the property as nullable. [C:\Users\HP\Downloads\Medical\Medical_Affiliation\Medical_Affiliation.csproj]
C:\Users\HP\Downloads\Medical\Medical_Affiliation\Models\AHShospitalDetailsViewModel.cs(32,23): warning CS8618: Non-nullable property 'AffiliatedHospitalName' must contain a non-null value when exiting constructor. Consider adding the 'required' modifier or declaring the property as nullable. [C:\Users\HP\Downloads\Medical\Medical_Affiliation\Medical_Affiliation.csproj]
C:\Users\HP\Downloads\Medical\Medical_Affiliation\Models\AHShospitalDetailsViewModel.cs(34,23): warning CS8618: Non-nullable property 'PermissionLetter' must contain a non-null value when exiting constructor. Consider adding the 'required' modifier or declaring the property as nullable. [C:\Users\HP\Downloads\Medical\Medical_Affiliation\Medical_Affiliation.csproj]
C:\Users\HP\Downloads\Medical\Medical_Affiliation\Models\AHShospitalDetailsViewModel.cs(35,26): warning CS8618: Non-nullable property 'PermissionLetterFile' must contain a non-null value when exiting constructor. Consider adding the 'required' modifier or declaring the property as nullable. [C:\Users\HP\Downloads\Medical\Medical_Affiliation\Medical_Affiliation.csproj]
C:\Users\HP\Downloads\Medical\Medical_Affiliation\Models\AHS_FacultyIntakeViewModel.cs(11,23): warning CS8618: Non-nullable property 'CourseLevel' must contain a non-null value when exiting constructor. Consider adding the 'required' modifier or declaring the property as nullable. [C:\Users\HP\Downloads\Medical\Medical_Affiliation\Medical_Affiliation.csproj]
C:\Users\HP\Downloads\Medical\Medical_Affiliation\Models\AHS_FacultyIntakeViewModel.cs(14,23): warning CS8618: Non-nullable property 'CourseCode' must contain a non-null value when exiting constructor. Consider adding the 'required' modifier or declaring the property as nullable. [C:\Users\HP\Downloads\Medical\Medical_Affiliation\Medical_Affiliation.csproj]
C:\Users\HP\Downloads\Medical\Medical_Affiliation\Models\AHS_FacultyIntakeViewModel.cs(15,23): warning CS8618: Non-nullable property 'IntakeDetails' must contain a non-null value when exiting constructor. Consider adding the 'required' modifier or declaring the property as nullable. [C:\Users\HP\Downloads\Medical\Medical_Affiliation\Medical_Affiliation.csproj]
C:\Users\HP\Downloads\Medical\Medical_Affiliation\Models\AHS_FacultyIntakeViewModel.cs(17,23): warning CS8618: Non-nullable property 'FreshOrIncrease' must contain a non-null value when exiting constructor. Consider adding the 'required' modifier or declaring the property as nullable. [C:\Users\HP\Downloads\Medical\Medical_Affiliation\Medical_Affiliation.csproj]
C:\Users\HP\Downloads\Medical\Medical_Affiliation\Models\AHS_FacultyIntakeViewModel.cs(24,26): warning CS8618: Non-nullable property 'RGUHSNotificationFile' must contain a non-null value when exiting constructor. Consider adding the 'required' modifier or declaring the property as nullable. [C:\Users\HP\Downloads\Medical\Medical_Affiliation\Medical_Affiliation.csproj]
C:\Users\HP\Downloads\Medical\Medical_Affiliation\Models\AHS_FacultyIntakeViewModel.cs(27,26): warning CS8618: Non-nullable property 'GOKUploadFile' must contain a non-null value when exiting constructor. Consider adding the 'required' modifier or declaring the property as nullable. [C:\Users\HP\Downloads\Medical\Medical_Affiliation\Medical_Affiliation.csproj]
C:\Users\HP\Downloads\Medical\Medical_Affiliation\Models\AHSSOloginViewModel.cs(50,23): warning CS8618: Non-nullable property 'notificationBytes' must contain a non-null value when exiting constructor. Consider adding the 'required' modifier or declaring the property as nullable. [C:\Users\HP\Downloads\Medical\Medical_Affiliation\Medical_Affiliation.csproj]
C:\Users\HP\Downloads\Medical\Medical_Affiliation\Models\AffiliationSSViewModel.cs(69,23): warning CS8618: Non-nullable property 'CollegeCode' must contain a non-null value when exiting constructor. Consider adding the 'required' modifier or declaring the property as nullable. [C:\Users\HP\Downloads\Medical\Medical_Affiliation\Medical_Affiliation.csproj]
C:\Users\HP\Downloads\Medical\Medical_Affiliation\Models\AffiliationSSViewModel.cs(70,23): warning CS8618: Non-nullable property 'CollegeName' must contain a non-null value when exiting constructor. Consider adding the 'required' modifier or declaring the property as nullable. [C:\Users\HP\Downloads\Medical\Medical_Affiliation\Medical_Affiliation.csproj]
C:\Users\HP\Downloads\Medical\Medical_Affiliation\Models\AffiliationSSViewModel.cs(62,23): warning CS8618: Non-nullable property 'FacultyCode' must contain a non-null value when exiting constructor. Consider adding the 'required' modifier or declaring the property as nullable. [C:\Users\HP\Downloads\Medical\Medical_Affiliation\Medical_Affiliation.csproj]
C:\Users\HP\Downloads\Medical\Medical_Affiliation\Models\AffiliationSSViewModel.cs(63,23): warning CS8618: Non-nullable property 'FacultyName' must contain a non-null value when exiting constructor. Consider adding the 'required' modifier or declaring the property as nullable. [C:\Users\HP\Downloads\Medical\Medical_Affiliation\Medical_Affiliation.csproj]
C:\Users\HP\Downloads\Medical\Medical_Affiliation\Models\CA_Aff_AcademicMattersViewModel.cs(174,23): warning CS8618: Non-nullable property 'CollegeCode' must contain a non-null value when exiting constructor. Consider adding the 'required' modifier or declaring the property as nullable. [C:\Users\HP\Downloads\Medical\Medical_Affiliation\Medical_Affiliation.csproj]
C:\Users\HP\Downloads\Medical\Medical_Affiliation\Models\AHShospitalDetailsViewModel.cs(7,23): warning CS8618: Non-nullable property 'CollegeName' must contain a non-null value when exiting constructor. Consider adding the 'required' modifier or declaring the property as nullable. [C:\Users\HP\Downloads\Medical\Medical_Affiliation\Medical_Affiliation.csproj]
C:\Users\HP\Downloads\Medical\Medical_Affiliation\Models\AHShospitalDetailsViewModel.cs(8,23): warning CS8618: Non-nullable property 'CollegeCode' must contain a non-null value when exiting constructor. Consider adding the 'required' modifier or declaring the property as nullable. [C:\Users\HP\Downloads\Medical\Medical_Affiliation\Medical_Affiliation.csproj]
C:\Users\HP\Downloads\Medical\Medical_Affiliation\Models\AHShospitalDetailsViewModel.cs(11,23): warning CS8618: Non-nullable property 'HospitalName' must contain a non-null value when exiting constructor. Consider adding the 'required' modifier or declaring the property as nullable. [C:\Users\HP\Downloads\Medical\Medical_Affiliation\Medical_Affiliation.csproj]
C:\Users\HP\Downloads\Medical\Medical_Affiliation\Models\AHShospitalDetailsViewModel.cs(13,23): warning CS8618: Non-nullable property 'SelectedDistrictId' must contain a non-null value when exiting constructor. Consider adding the 'required' modifier or declaring the property as nullable. [C:\Users\HP\Downloads\Medical\Medical_Affiliation\Medical_Affiliation.csproj]
C:\Users\HP\Downloads\Medical\Medical_Affiliation\Models\AHShospitalDetailsViewModel.cs(14,23): warning CS8618: Non-nullable property 'SelectedTalukId' must contain a non-null value when exiting constructor. Consider adding the 'required' modifier or declaring the property as nullable. [C:\Users\HP\Downloads\Medical\Medical_Affiliation\Medical_Affiliation.csproj]
C:\Users\HP\Downloads\Medical\Medical_Affiliation\Models\AHShospitalDetailsViewModel.cs(15,37): warning CS8618: Non-nullable property 'HospitalDistrict' must contain a non-null value when exiting constructor. Consider adding the 'required' modifier or declaring the property as nullable. [C:\Users\HP\Downloads\Medical\Medical_Affiliation\Medical_Affiliation.csproj]
C:\Users\HP\Downloads\Medical\Medical_Affiliation\Models\AHShospitalDetailsViewModel.cs(16,37): warning CS8618: Non-nullable property 'HospitalTaluk' must contain a non-null value when exiting constructor. Consider adding the 'required' modifier or declaring the property as nullable. [C:\Users\HP\Downloads\Medical\Medical_Affiliation\Medical_Affiliation.csproj]
C:\Users\HP\Downloads\Medical\Medical_Affiliation\Models\AHShospitalDetailsViewModel.cs(17,23): warning CS8618: Non-nullable property 'HospitalLocation' must contain a non-null value when exiting constructor. Consider adding the 'required' modifier or declaring the property as nullable. [C:\Users\HP\Downloads\Medical\Medical_Affiliation\Medical_Affiliation.csproj]
C:\Users\HP\Downloads\Medical\Medical_Affiliation\Models\AHShospitalDetailsViewModel.cs(18,23): warning CS8618: Non-nullable property 'HospitalStateId' must contain a non-null value when exiting constructor. Consider adding the 'required' modifier or declaring the property as nullable. [C:\Users\HP\Downloads\Medical\Medical_Affiliation\Medical_Affiliation.csproj]
C:\Users\HP\Downloads\Medical\Medical_Affiliation\Models\AffiliationPgCourseViewModel.cs(83,23): warning CS8618: Non-nullable property 'ActionTaken' must contain a non-null value when exiting constructor. Consider adding the 'required' modifier or declaring the property as nullable. [C:\Users\HP\Downloads\Medical\Medical_Affiliation\Medical_Affiliation.csproj]
C:\Users\HP\Downloads\Medical\Medical_Affiliation\Models\AffiliationPgCourseViewModel.cs(65,26): warning CS8618: Non-nullable property 'RGUHSDocumentFile' must contain a non-null value when exiting constructor. Consider adding the 'required' modifier or declaring the property as nullable. [C:\Users\HP\Downloads\Medical\Medical_Affiliation\Medical_Affiliation.csproj]
C:\Users\HP\Downloads\Medical\Medical_Affiliation\Models\AffiliationPgCourseViewModel.cs(66,23): warning CS8618: Non-nullable property 'RGUHSDocBytes' must contain a non-null value when exiting constructor. Consider adding the 'required' modifier or declaring the property as nullable. [C:\Users\HP\Downloads\Medical\Medical_Affiliation\Medical_Affiliation.csproj]
C:\Users\HP\Downloads\Medical\Medical_Affiliation\Models\AffiliationPgCourseViewModel.cs(54,26): warning CS8618: Non-nullable property 'GOKDocumentFile' must contain a non-null value when exiting constructor. Consider adding the 'required' modifier or declaring the property as nullable. [C:\Users\HP\Downloads\Medical\Medical_Affiliation\Medical_Affiliation.csproj]
C:\Users\HP\Downloads\Medical\Medical_Affiliation\Models\AffiliationPgCourseViewModel.cs(55,23): warning CS8618: Non-nullable property 'GokDocBytes' must contain a non-null value when exiting constructor. Consider adding the 'required' modifier or declaring the property as nullable. [C:\Users\HP\Downloads\Medical\Medical_Affiliation\Medical_Affiliation.csproj]
C:\Users\HP\Downloads\Medical\Medical_Affiliation\Models\AffiliationPgCourseViewModel.cs(45,23): warning CS8618: Non-nullable property 'CollegeCode' must contain a non-null value when exiting constructor. Consider adding the 'required' modifier or declaring the property as nullable. [C:\Users\HP\Downloads\Medical\Medical_Affiliation\Medical_Affiliation.csproj]
C:\Users\HP\Downloads\Medical\Medical_Affiliation\Models\AffiliationSSViewModel.cs(31,23): warning CS8618: Non-nullable property 'CourseCode' must contain a non-null value when exiting constructor. Consider adding the 'required' modifier or declaring the property as nullable. [C:\Users\HP\Downloads\Medical\Medical_Affiliation\Medical_Affiliation.csproj]
C:\Users\HP\Downloads\Medical\Medical_Affiliation\Models\AffiliationSSViewModel.cs(32,23): warning CS8618: Non-nullable property 'CourseName' must contain a non-null value when exiting constructor. Consider adding the 'required' modifier or declaring the property as nullable. [C:\Users\HP\Downloads\Medical\Medical_Affiliation\Medical_Affiliation.csproj]
C:\Users\HP\Downloads\Medical\Medical_Affiliation\Models\AffiliationSSViewModel.cs(33,23): warning CS8618: Non-nullable property 'CourseLevel' must contain a non-null value when exiting constructor. Consider adding the 'required' modifier or declaring the property as nullable. [C:\Users\HP\Downloads\Medical\Medical_Affiliation\Medical_Affiliation.csproj]
C:\Users\HP\Downloads\Medical\Medical_Affiliation\Models\AffiliationSSViewModel.cs(34,23): warning CS8618: Non-nullable property 'FacultyCode' must contain a non-null value when exiting constructor. Consider adding the 'required' modifier or declaring the property as nullable. [C:\Users\HP\Downloads\Medical\Medical_Affiliation\Medical_Affiliation.csproj]
C:\Users\HP\Downloads\Medical\Medical_Affiliation\Models\AffiliationSSViewModel.cs(35,23): warning CS8618: Non-nullable property 'AssociatedCollegeCode' must contain a non-null value when exiting constructor. Consider adding the 'required' modifier or declaring the property as nullable. [C:\Users\HP\Downloads\Medical\Medical_Affiliation\Medical_Affiliation.csproj]
C:\Users\HP\Downloads\Medical\Medical_Affiliation\Models\AffiliationSSViewModel.cs(36,23): warning CS8618: Non-nullable property 'AssociatedCollegeName' must contain a non-null value when exiting constructor. Consider adding the 'required' modifier or declaring the property as nullable. [C:\Users\HP\Downloads\Medical\Medical_Affiliation\Medical_Affiliation.csproj]
C:\Users\HP\Downloads\Medical\Medical_Affiliation\Models\AffiliationSSViewModel.cs(37,23): warning CS8618: Non-nullable property 'AssociatedFacultyCode' must contain a non-null value when exiting constructor. Consider adding the 'required' modifier or declaring the property as nullable. [C:\Users\HP\Downloads\Medical\Medical_Affiliation\Medical_Affiliation.csproj]
C:\Users\HP\Downloads\Medical\Medical_Affiliation\Models\AffiliationSSViewModel.cs(38,23): warning CS8618: Non-nullable property 'AssociatedFacultyName' must contain a non-null value when exiting constructor. Consider adding the 'required' modifier or declaring the property as nullable. [C:\Users\HP\Downloads\Medical\Medical_Affiliation\Medical_Affiliation.csproj]
C:\Users\HP\Downloads\Medical\Medical_Affiliation\Models\AffiliationSSViewModel.cs(40,23): warning CS8618: Non-nullable property 'SelectedFacultyCode' must contain a non-null value when exiting constructor. Consider adding the 'required' modifier or declaring the property as nullable. [C:\Users\HP\Downloads\Medical\Medical_Affiliation\Medical_Affiliation.csproj]
C:\Users\HP\Downloads\Medical\Medical_Affiliation\Models\AffiliationSSViewModel.cs(41,23): warning CS8618: Non-nullable property 'SelectedAssociatedCollegeCode' must contain a non-null value when exiting constructor. Consider adding the 'required' modifier or declaring the property as nullable. [C:\Users\HP\Downloads\Medical\Medical_Affiliation\Medical_Affiliation.csproj]
C:\Users\HP\Downloads\Medical\Medical_Affiliation\Models\AffiliationSSViewModel.cs(42,23): warning CS8618: Non-nullable property 'SelectedCourseCode' must contain a non-null value when exiting constructor. Consider adding the 'required' modifier or declaring the property as nullable. [C:\Users\HP\Downloads\Medical\Medical_Affiliation\Medical_Affiliation.csproj]
C:\Users\HP\Downloads\Medical\Medical_Affiliation\Models\AffiliationPgCourseViewModel.cs(23,23): warning CS8618: Non-nullable property 'CollegeCode' must contain a non-null value when exiting constructor. Consider adding the 'required' modifier or declaring the property as nullable. [C:\Users\HP\Downloads\Medical\Medical_Affiliation\Medical_Affiliation.csproj]
C:\Users\HP\Downloads\Medical\Medical_Affiliation\Models\AffiliationPgCourseViewModel.cs(24,23): warning CS8618: Non-nullable property 'CourseCode' must contain a non-null value when exiting constructor. Consider adding the 'required' modifier or declaring the property as nullable. [C:\Users\HP\Downloads\Medical\Medical_Affiliation\Medical_Affiliation.csproj]
C:\Users\HP\Downloads\Medical\Medical_Affiliation\Models\AffiliationPgCourseViewModel.cs(25,23): warning CS8618: Non-nullable property 'CourseName' must contain a non-null value when exiting constructor. Consider adding the 'required' modifier or declaring the property as nullable. [C:\Users\HP\Downloads\Medical\Medical_Affiliation\Medical_Affiliation.csproj]
C:\Users\HP\Downloads\Medical\Medical_Affiliation\Models\AffiliationPgCourseViewModel.cs(26,23): warning CS8618: Non-nullable property 'CourseLevel' must contain a non-null value when exiting constructor. Consider adding the 'required' modifier or declaring the property as nullable. [C:\Users\HP\Downloads\Medical\Medical_Affiliation\Medical_Affiliation.csproj]
C:\Users\HP\Downloads\Medical\Medical_Affiliation\Models\AffiliationPgCourseViewModel.cs(27,23): warning CS8618: Non-nullable property 'CoursePrefix' must contain a non-null value when exiting constructor. Consider adding the 'required' modifier or declaring the property as nullable. [C:\Users\HP\Downloads\Medical\Medical_Affiliation\Medical_Affiliation.csproj]
C:\Users\HP\Downloads\Medical\Medical_Affiliation\Models\AffiliationSSViewModel.cs(51,23): warning CS8618: Non-nullable property 'CourseLevel' must contain a non-null value when exiting constructor. Consider adding the 'required' modifier or declaring the property as nullable. [C:\Users\HP\Downloads\Medical\Medical_Affiliation\Medical_Affiliation.csproj]
C:\Users\HP\Downloads\Medical\Medical_Affiliation\Models\AffiliationSSViewModel.cs(53,23): warning CS8618: Non-nullable property 'AssociatedCollegeCode' must contain a non-null value when exiting constructor. Consider adding the 'required' modifier or declaring the property as nullable. [C:\Users\HP\Downloads\Medical\Medical_Affiliation\Medical_Affiliation.csproj]
C:\Users\HP\Downloads\Medical\Medical_Affiliation\Models\AffiliationSSViewModel.cs(54,23): warning CS8618: Non-nullable property 'AssociatedFacultyCode' must contain a non-null value when exiting constructor. Consider adding the 'required' modifier or declaring the property as nullable. [C:\Users\HP\Downloads\Medical\Medical_Affiliation\Medical_Affiliation.csproj]
C:\Users\HP\Downloads\Medical\Medical_Affiliation\Models\AffiliationSSViewModel.cs(55,23): warning CS8618: Non-nullable property 'CourseCode' must contain a non-null value when exiting constructor. Consider adding the 'required' modifier or declaring the property as nullable. [C:\Users\HP\Downloads\Medical\Medical_Affiliation\Medical_Affiliation.csproj]
C:\Users\HP\Downloads\Medical\Medical_Affiliation\Models\AffiliationPgCourseViewModel.cs(73,26): warning CS8618: Non-nullable property 'NMCdocumentFile' must contain a non-null value when exiting constructor. Consider adding the 'required' modifier or declaring the property as nullable. [C:\Users\HP\Downloads\Medical\Medical_Affiliation\Medical_Affiliation.csproj]
C:\Users\HP\Downloads\Medical\Medical_Affiliation\Models\AffiliationPgCourseViewModel.cs(74,23): warning CS8618: Non-nullable property 'NMCdocBytes' must contain a non-null value when exiting constructor. Consider adding the 'required' modifier or declaring the property as nullable. [C:\Users\HP\Downloads\Medical\Medical_Affiliation\Medical_Affiliation.csproj]
C:\Users\HP\Downloads\Medical\Medical_Affiliation\Models\AffiliationPgCourseViewModel.cs(77,23): warning CS8618: Non-nullable property 'FacultyCode' must contain a non-null value when exiting constructor. Consider adding the 'required' modifier or declaring the property as nullable. [C:\Users\HP\Downloads\Medical\Medical_Affiliation\Medical_Affiliation.csproj]
C:\Users\HP\Downloads\Medical\Medical_Affiliation\Models\AffiliationSSViewModel.cs(7,23): warning CS8618: Non-nullable property 'CollegeCode' must contain a non-null value when exiting constructor. Consider adding the 'required' modifier or declaring the property as nullable. [C:\Users\HP\Downloads\Medical\Medical_Affiliation\Medical_Affiliation.csproj]
C:\Users\HP\Downloads\Medical\Medical_Affiliation\Models\AffiliationSSViewModel.cs(9,33): warning CS8618: Non-nullable property 'AllCourses' must contain a non-null value when exiting constructor. Consider adding the 'required' modifier or declaring the property as nullable. [C:\Users\HP\Downloads\Medical\Medical_Affiliation\Medical_Affiliation.csproj]
C:\Users\HP\Downloads\Medical\Medical_Affiliation\Models\AffiliationSSViewModel.cs(10,47): warning CS8618: Non-nullable property 'AssociatedInstitutions' must contain a non-null value when exiting constructor. Consider adding the 'required' modifier or declaring the property as nullable. [C:\Users\HP\Downloads\Medical\Medical_Affiliation\Medical_Affiliation.csproj]
C:\Users\HP\Downloads\Medical\Medical_Affiliation\Models\AHS_YearwiseMaterialsDataViewModel.cs(8,23): warning CS8618: Non-nullable property 'CollegeCode' must contain a non-null value when exiting constructor. Consider adding the 'required' modifier or declaring the property as nullable. [C:\Users\HP\Downloads\Medical\Medical_Affiliation\Medical_Affiliation.csproj]
C:\Users\HP\Downloads\Medical\Medical_Affiliation\Models\AHS_YearwiseMaterialsDataViewModel.cs(9,23): warning CS8618: Non-nullable property 'FacultyCode' must contain a non-null value when exiting constructor. Consider adding the 'required' modifier or declaring the property as nullable. [C:\Users\HP\Downloads\Medical\Medical_Affiliation\Medical_Affiliation.csproj]
C:\Users\HP\Downloads\Medical\Medical_Affiliation\Models\AHS_YearwiseMaterialsDataViewModel.cs(11,23): warning CS8618: Non-nullable property 'ParametersName' must contain a non-null value when exiting constructor. Consider adding the 'required' modifier or declaring the property as nullable. [C:\Users\HP\Downloads\Medical\Medical_Affiliation\Medical_Affiliation.csproj]
C:\Users\HP\Downloads\Medical\Medical_Affiliation\Models\AHS_YearwiseMaterialsDataViewModel.cs(12,23): warning CS8618: Non-nullable property 'HospitalType' must contain a non-null value when exiting constructor. Consider adding the 'required' modifier or declaring the property as nullable. [C:\Users\HP\Downloads\Medical\Medical_Affiliation\Medical_Affiliation.csproj]
C:\Users\HP\Downloads\Medical\Medical_Affiliation\Models\AHS_YearwiseMaterialsDataViewModel.cs(13,23): warning CS8618: Non-nullable property 'Year1' must contain a non-null value when exiting constructor. Consider adding the 'required' modifier or declaring the property as nullable. [C:\Users\HP\Downloads\Medical\Medical_Affiliation\Medical_Affiliation.csproj]
C:\Users\HP\Downloads\Medical\Medical_Affiliation\Models\AHS_YearwiseMaterialsDataViewModel.cs(14,23): warning CS8618: Non-nullable property 'Year2' must contain a non-null value when exiting constructor. Consider adding the 'required' modifier or declaring the property as nullable. [C:\Users\HP\Downloads\Medical\Medical_Affiliation\Medical_Affiliation.csproj]
C:\Users\HP\Downloads\Medical\Medical_Affiliation\Models\AHS_YearwiseMaterialsDataViewModel.cs(15,23): warning CS8618: Non-nullable property 'Year3' must contain a non-null value when exiting constructor. Consider adding the 'required' modifier or declaring the property as nullable. [C:\Users\HP\Downloads\Medical\Medical_Affiliation\Medical_Affiliation.csproj]
C:\Users\HP\Downloads\Medical\Medical_Affiliation\Models\AHS_YearwiseMaterialsDataViewModel.cs(28,26): warning CS8618: Non-nullable property 'ParentHospitalOwnerNameDocFile' must contain a non-null value when exiting constructor. Consider adding the 'required' modifier or declaring the property as nullable. [C:\Users\HP\Downloads\Medical\Medical_Affiliation\Medical_Affiliation.csproj]
C:\Users\HP\Downloads\Medical\Medical_Affiliation\Models\AHS_YearwiseMaterialsDataViewModel.cs(29,26): warning CS8618: Non-nullable property 'ParentHospitalKpmebedsDocFile' must contain a non-null value when exiting constructor. Consider adding the 'required' modifier or declaring the property as nullable. [C:\Users\HP\Downloads\Medical\Medical_Affiliation\Medical_Affiliation.csproj]
C:\Users\HP\Downloads\Medical\Medical_Affiliation\Models\AHS_YearwiseMaterialsDataViewModel.cs(41,48): warning CS8618: Non-nullable property 'YearwiseMaterials' must contain a non-null value when exiting constructor. Consider adding the 'required' modifier or declaring the property as nullable. [C:\Users\HP\Downloads\Medical\Medical_Affiliation\Medical_Affiliation.csproj]
C:\Users\HP\Downloads\Medical\Medical_Affiliation\Models\AHS_YearwiseMaterialsDataViewModel.cs(42,23): warning CS8618: Non-nullable property 'ParentHospitalMoudocAvailable' must contain a non-null value when exiting constructor. Consider adding the 'required' modifier or declaring the property as nullable. [C:\Users\HP\Downloads\Medical\Medical_Affiliation\Medical_Affiliation.csproj]
C:\Users\HP\Downloads\Medical\Medical_Affiliation\Models\AHS_YearwiseMaterialsDataViewModel.cs(43,23): warning CS8618: Non-nullable property 'ParentHospitalOwnerNameDocAvailable' must contain a non-null value when exiting constructor. Consider adding the 'required' modifier or declaring the property as nullable. [C:\Users\HP\Downloads\Medical\Medical_Affiliation\Medical_Affiliation.csproj]
C:\Users\HP\Downloads\Medical\Medical_Affiliation\Models\AHS_YearwiseMaterialsDataViewModel.cs(44,23): warning CS8618: Non-nullable property 'ParentHospitalKpmebedsDocAvailable' must contain a non-null value when exiting constructor. Consider adding the 'required' modifier or declaring the property as nullable. [C:\Users\HP\Downloads\Medical\Medical_Affiliation\Medical_Affiliation.csproj]
C:\Users\HP\Downloads\Medical\Medical_Affiliation\Models\AHS_YearwiseMaterialsDataViewModel.cs(45,23): warning CS8618: Non-nullable property 'ParentHospitalPostBasicDocAvailable' must contain a non-null value when exiting constructor. Consider adding the 'required' modifier or declaring the property as nullable. [C:\Users\HP\Downloads\Medical\Medical_Affiliation\Medical_Affiliation.csproj]
C:\Users\HP\Downloads\Medical\Medical_Affiliation\Models\AffiliationFinalDeclarationViewModel.cs(7,23): warning CS8618: Non-nullable property 'PrincipalName' must contain a non-null value when exiting constructor. Consider adding the 'required' modifier or declaring the property as nullable. [C:\Users\HP\Downloads\Medical\Medical_Affiliation\Medical_Affiliation.csproj]
C:\Users\HP\Downloads\Medical\Medical_Affiliation\Models\AHSSOloginViewModel.cs(23,23): warning CS8618: Non-nullable property 'CollegeTown' must contain a non-null value when exiting constructor. Consider adding the 'required' modifier or declaring the property as nullable. [C:\Users\HP\Downloads\Medical\Medical_Affiliation\Medical_Affiliation.csproj]
C:\Users\HP\Downloads\Medical\Medical_Affiliation\Models\AHSSOloginViewModel.cs(30,23): warning CS8618: Non-nullable property 'allCoursesBytes' must contain a non-null value when exiting constructor. Consider adding the 'required' modifier or declaring the property as nullable. [C:\Users\HP\Downloads\Medical\Medical_Affiliation\Medical_Affiliation.csproj]
C:\Users\HP\Downloads\Medical\Medical_Affiliation\Models\AHSSOloginViewModel.cs(32,23): warning CS8618: Non-nullable property 'principalName' must contain a non-null value when exiting constructor. Consider adding the 'required' modifier or declaring the property as nullable. [C:\Users\HP\Downloads\Medical\Medical_Affiliation\Medical_Affiliation.csproj]
C:\Users\HP\Downloads\Medical\Medical_Affiliation\Models\AHShospitalDetailsViewModel.cs(42,23): warning CS8618: Non-nullable property 'CollegeCode' must contain a non-null value when exiting constructor. Consider adding the 'required' modifier or declaring the property as nullable. [C:\Users\HP\Downloads\Medical\Medical_Affiliation\Medical_Affiliation.csproj]
C:\Users\HP\Downloads\Medical\Medical_Affiliation\Models\AHShospitalDetailsViewModel.cs(43,23): warning CS8618: Non-nullable property 'CollegeName' must contain a non-null value when exiting constructor. Consider adding the 'required' modifier or declaring the property as nullable. [C:\Users\HP\Downloads\Medical\Medical_Affiliation\Medical_Affiliation.csproj]
C:\Users\HP\Downloads\Medical\Medical_Affiliation\Models\AHShospitalDetailsViewModel.cs(44,23): warning CS8618: Non-nullable property 'TeachingFacultyName' must contain a non-null value when exiting constructor. Consider adding the 'required' modifier or declaring the property as nullable. [C:\Users\HP\Downloads\Medical\Medical_Affiliation\Medical_Affiliation.csproj]
C:\Users\HP\Downloads\Medical\Medical_Affiliation\Models\AHShospitalDetailsViewModel.cs(46,23): warning CS8618: Non-nullable property 'AadharNumber' must contain a non-null value when exiting constructor. Consider adding the 'required' modifier or declaring the property as nullable. [C:\Users\HP\Downloads\Medical\Medical_Affiliation\Medical_Affiliation.csproj]
C:\Users\HP\Downloads\Medical\Medical_Affiliation\Models\AHShospitalDetailsViewModel.cs(47,23): warning CS8618: Non-nullable property 'PanNumber' must contain a non-null value when exiting constructor. Consider adding the 'required' modifier or declaring the property as nullable. [C:\Users\HP\Downloads\Medical\Medical_Affiliation\Medical_Affiliation.csproj]
C:\Users\HP\Downloads\Medical\Medical_Affiliation\Models\AHShospitalDetailsViewModel.cs(48,26): warning CS8618: Non-nullable property 'AadharFile' must contain a non-null value when exiting constructor. Consider adding the 'required' modifier or declaring the property as nullable. [C:\Users\HP\Downloads\Medical\Medical_Affiliation\Medical_Affiliation.csproj]
C:\Users\HP\Downloads\Medical\Medical_Affiliation\Models\AHShospitalDetailsViewModel.cs(49,26): warning CS8618: Non-nullable property 'PanFile' must contain a non-null value when exiting constructor. Consider adding the 'required' modifier or declaring the property as nullable. [C:\Users\HP\Downloads\Medical\Medical_Affiliation\Medical_Affiliation.csproj]
C:\Users\HP\Downloads\Medical\Medical_Affiliation\Models\AHShospitalDetailsViewModel.cs(50,26): warning CS8618: Non-nullable property 'Form16_bankStatement' must contain a non-null value when exiting constructor. Consider adding the 'required' modifier or declaring the property as nullable. [C:\Users\HP\Downloads\Medical\Medical_Affiliation\Medical_Affiliation.csproj]
C:\Users\HP\Downloads\Medical\Medical_Affiliation\Models\AHShospitalDetailsViewModel.cs(55,23): warning CS8618: Non-nullable property 'AdharFileBytes' must contain a non-null value when exiting constructor. Consider adding the 'required' modifier or declaring the property as nullable. [C:\Users\HP\Downloads\Medical\Medical_Affiliation\Medical_Affiliation.csproj]
C:\Users\HP\Downloads\Medical\Medical_Affiliation\Models\AHShospitalDetailsViewModel.cs(56,23): warning CS8618: Non-nullable property 'PanFileBytes' must contain a non-null value when exiting constructor. Consider adding the 'required' modifier or declaring the property as nullable. [C:\Users\HP\Downloads\Medical\Medical_Affiliation\Medical_Affiliation.csproj]
C:\Users\HP\Downloads\Medical\Medical_Affiliation\Models\AHShospitalDetailsViewModel.cs(57,23): warning CS8618: Non-nullable property 'Form16_bankStatementBytes' must contain a non-null value when exiting constructor. Consider adding the 'required' modifier or declaring the property as nullable. [C:\Users\HP\Downloads\Medical\Medical_Affiliation\Medical_Affiliation.csproj]
C:\Users\HP\Downloads\Medical\Medical_Affiliation\Models\AHShospitalDetailsViewModel.cs(59,37): warning CS8618: Non-nullable property 'FacultyDepartment' must contain a non-null value when exiting constructor. Consider adding the 'required' modifier or declaring the property as nullable. [C:\Users\HP\Downloads\Medical\Medical_Affiliation\Medical_Affiliation.csproj]
C:\Users\HP\Downloads\Medical\Medical_Affiliation\Models\AHShospitalDetailsViewModel.cs(60,37): warning CS8618: Non-nullable property 'FacultyDesignation' must contain a non-null value when exiting constructor. Consider adding the 'required' modifier or declaring the property as nullable. [C:\Users\HP\Downloads\Medical\Medical_Affiliation\Medical_Affiliation.csproj]
C:\Users\HP\Downloads\Medical\Medical_Affiliation\Models\AHShospitalDetailsViewModel.cs(61,23): warning CS8618: Non-nullable property 'selectedFacultyDepartment' must contain a non-null value when exiting constructor. Consider adding the 'required' modifier or declaring the property as nullable. [C:\Users\HP\Downloads\Medical\Medical_Affiliation\Medical_Affiliation.csproj]
C:\Users\HP\Downloads\Medical\Medical_Affiliation\Models\AHShospitalDetailsViewModel.cs(62,23): warning CS8618: Non-nullable property 'selectedFacultyDesignation' must contain a non-null value when exiting constructor. Consider adding the 'required' modifier or declaring the property as nullable. [C:\Users\HP\Downloads\Medical\Medical_Affiliation\Medical_Affiliation.csproj]
C:\Users\HP\Downloads\Medical\Medical_Affiliation\Models\AHShospitalDetailsViewModel.cs(63,23): warning CS8618: Non-nullable property 'Qualification' must contain a non-null value when exiting constructor. Consider adding the 'required' modifier or declaring the property as nullable. [C:\Users\HP\Downloads\Medical\Medical_Affiliation\Medical_Affiliation.csproj]
C:\Users\HP\Downloads\Medical\Medical_Affiliation\Models\AHShospitalDetailsViewModel.cs(64,23): warning CS8618: Non-nullable property 'UgUniversityName' must contain a non-null value when exiting constructor. Consider adding the 'required' modifier or declaring the property as nullable. [C:\Users\HP\Downloads\Medical\Medical_Affiliation\Medical_Affiliation.csproj]
C:\Users\HP\Downloads\Medical\Medical_Affiliation\Models\AHShospitalDetailsViewModel.cs(65,23): warning CS8618: Non-nullable property 'PgUniverstityName' must contain a non-null value when exiting constructor. Consider adding the 'required' modifier or declaring the property as nullable. [C:\Users\HP\Downloads\Medical\Medical_Affiliation\Medical_Affiliation.csproj]
C:\Users\HP\Downloads\Medical\Medical_Affiliation\Models\AHShospitalDetailsViewModel.cs(66,37): warning CS8618: Non-nullable property 'UGPassingYearList' must contain a non-null value when exiting constructor. Consider adding the 'required' modifier or declaring the property as nullable. [C:\Users\HP\Downloads\Medical\Medical_Affiliation\Medical_Affiliation.csproj]
C:\Users\HP\Downloads\Medical\Medical_Affiliation\Models\AHShospitalDetailsViewModel.cs(67,37): warning CS8618: Non-nullable property 'PGPassingYearList' must contain a non-null value when exiting constructor. Consider adding the 'required' modifier or declaring the property as nullable. [C:\Users\HP\Downloads\Medical\Medical_Affiliation\Medical_Affiliation.csproj]
C:\Users\HP\Downloads\Medical\Medical_Affiliation\Models\AHShospitalDetailsViewModel.cs(68,23): warning CS8618: Non-nullable property 'selectedUgYear' must contain a non-null value when exiting constructor. Consider adding the 'required' modifier or declaring the property as nullable. [C:\Users\HP\Downloads\Medical\Medical_Affiliation\Medical_Affiliation.csproj]
C:\Users\HP\Downloads\Medical\Medical_Affiliation\Models\AHShospitalDetailsViewModel.cs(69,23): warning CS8618: Non-nullable property 'selectedPgYear' must contain a non-null value when exiting constructor. Consider adding the 'required' modifier or declaring the property as nullable. [C:\Users\HP\Downloads\Medical\Medical_Affiliation\Medical_Affiliation.csproj]
C:\Users\HP\Downloads\Medical\Medical_Affiliation\Models\AHShospitalDetailsViewModel.cs(70,23): warning CS8618: Non-nullable property 'TeachingExpAfterUg' must contain a non-null value when exiting constructor. Consider adding the 'required' modifier or declaring the property as nullable. [C:\Users\HP\Downloads\Medical\Medical_Affiliation\Medical_Affiliation.csproj]
C:\Users\HP\Downloads\Medical\Medical_Affiliation\Models\AHShospitalDetailsViewModel.cs(71,23): warning CS8618: Non-nullable property 'TeachingExpAfterPg' must contain a non-null value when exiting constructor. Consider adding the 'required' modifier or declaring the property as nullable. [C:\Users\HP\Downloads\Medical\Medical_Affiliation\Medical_Affiliation.csproj]
C:\Users\HP\Downloads\Medical\Medical_Affiliation\Models\AffiliationPaymentViewModel.cs(6,23): warning CS8618: Non-nullable property 'CollegeCode' must contain a non-null value when exiting constructor. Consider adding the 'required' modifier or declaring the property as nullable. [C:\Users\HP\Downloads\Medical\Medical_Affiliation\Medical_Affiliation.csproj]
C:\Users\HP\Downloads\Medical\Medical_Affiliation\Models\AffiliationPaymentViewModel.cs(11,23): warning CS8618: Non-nullable property 'TransactionReferenceNo' must contain a non-null value when exiting constructor. Consider adding the 'required' modifier or declaring the property as nullable. [C:\Users\HP\Downloads\Medical\Medical_Affiliation\Medical_Affiliation.csproj]
C:\Users\HP\Downloads\Medical\Medical_Affiliation\Models\AffiliatedYearwiseMaterialsFormViewModel.cs(126,23): warning CS8618: Non-nullable property 'CourseLevel' must contain a non-null value when exiting constructor. Consider adding the 'required' modifier or declaring the property as nullable. [C:\Users\HP\Downloads\Medical\Medical_Affiliation\Medical_Affiliation.csproj]
C:\Users\HP\Downloads\Medical\Medical_Affiliation\Models\AffiliatedYearwiseMaterialsFormViewModel.cs(127,23): warning CS8618: Non-nullable property 'CourseCode' must contain a non-null value when exiting constructor. Consider adding the 'required' modifier or declaring the property as nullable. [C:\Users\HP\Downloads\Medical\Medical_Affiliation\Medical_Affiliation.csproj]
C:\Users\HP\Downloads\Medical\Medical_Affiliation\Models\AffiliatedYearwiseMaterialsFormViewModel.cs(128,23): warning CS8618: Non-nullable property 'CourseName' must contain a non-null value when exiting constructor. Consider adding the 'required' modifier or declaring the property as nullable. [C:\Users\HP\Downloads\Medical\Medical_Affiliation\Medical_Affiliation.csproj]
C:\Users\HP\Downloads\Medical\Medical_Affiliation\Models\AffiliatedYearwiseMaterialsFormViewModel.cs(133,23): warning CS8618: Non-nullable property 'PrincipalName' must contain a non-null value when exiting constructor. Consider adding the 'required' modifier or declaring the property as nullable. [C:\Users\HP\Downloads\Medical\Medical_Affiliation\Medical_Affiliation.csproj]
C:\Users\HP\Downloads\Medical\Medical_Affiliation\Models\AffiliatedYearwiseMaterialsFormViewModel.cs(98,23): warning CS8618: Non-nullable property 'FacultyCode' must contain a non-null value when exiting constructor. Consider adding the 'required' modifier or declaring the property as nullable. [C:\Users\HP\Downloads\Medical\Medical_Affiliation\Medical_Affiliation.csproj]
C:\Users\HP\Downloads\Medical\Medical_Affiliation\Models\AffiliatedYearwiseMaterialsFormViewModel.cs(99,23): warning CS8618: Non-nullable property 'CollegeCode' must contain a non-null value when exiting constructor. Consider adding the 'required' modifier or declaring the property as nullable. [C:\Users\HP\Downloads\Medical\Medical_Affiliation\Medical_Affiliation.csproj]
C:\Users\HP\Downloads\Medical\Medical_Affiliation\Models\AffiliatedYearwiseMaterialsFormViewModel.cs(104,23): warning CS8618: Non-nullable property 'SelectedCourseLevel' must contain a non-null value when exiting constructor. Consider adding the 'required' modifier or declaring the property as nullable. [C:\Users\HP\Downloads\Medical\Medical_Affiliation\Medical_Affiliation.csproj]
C:\Users\HP\Downloads\Medical\Medical_Affiliation\Models\AffiliatedYearwiseMaterialsFormViewModel.cs(105,44): warning CS8618: Non-nullable property 'CourseLevels' must contain a non-null value when exiting constructor. Consider adding the 'required' modifier or declaring the property as nullable. [C:\Users\HP\Downloads\Medical\Medical_Affiliation\Medical_Affiliation.csproj]
C:\Users\HP\Downloads\Medical\Medical_Affiliation\Models\AffiliatedYearwiseMaterialsFormViewModel.cs(107,23): warning CS8618: Non-nullable property 'SelectedCourseCode' must contain a non-null value when exiting constructor. Consider adding the 'required' modifier or declaring the property as nullable. [C:\Users\HP\Downloads\Medical\Medical_Affiliation\Medical_Affiliation.csproj]
C:\Users\HP\Downloads\Medical\Medical_Affiliation\Models\AffiliatedYearwiseMaterialsFormViewModel.cs(108,44): warning CS8618: Non-nullable property 'Courses' must contain a non-null value when exiting constructor. Consider adding the 'required' modifier or declaring the property as nullable. [C:\Users\HP\Downloads\Medical\Medical_Affiliation\Medical_Affiliation.csproj]
C:\Users\HP\Downloads\Medical\Medical_Affiliation\Models\AffiliatedYearwiseMaterialsFormViewModel.cs(115,23): warning CS8618: Non-nullable property 'PrincipalName' must contain a non-null value when exiting constructor. Consider adding the 'required' modifier or declaring the property as nullable. [C:\Users\HP\Downloads\Medical\Medical_Affiliation\Medical_Affiliation.csproj]
C:\Users\HP\Downloads\Medical\Medical_Affiliation\Models\AffiliatedYearwiseMaterialsFormViewModel.cs(82,19): warning CS8618: Non-nullable property 'PrincipalNameUG' must contain a non-null value when exiting constructor. Consider adding the 'required' modifier or declaring the property as nullable. [C:\Users\HP\Downloads\Medical\Medical_Affiliation\Medical_Affiliation.csproj]
C:\Users\HP\Downloads\Medical\Medical_Affiliation\Models\AffiliatedYearwiseMaterialsFormViewModel.cs(83,19): warning CS8618: Non-nullable property 'PrincipalNamePG' must contain a non-null value when exiting constructor. Consider adding the 'required' modifier or declaring the property as nullable. [C:\Users\HP\Downloads\Medical\Medical_Affiliation\Medical_Affiliation.csproj]
C:\Users\HP\Downloads\Medical\Medical_Affiliation\Models\AffiliatedYearwiseMaterialsFormViewModel.cs(84,19): warning CS8618: Non-nullable property 'PrincipalNameSS' must contain a non-null value when exiting constructor. Consider adding the 'required' modifier or declaring the property as nullable. [C:\Users\HP\Downloads\Medical\Medical_Affiliation\Medical_Affiliation.csproj]
C:\Users\HP\Downloads\Medical\Medical_Affiliation\Models\AHSSOloginViewModel.cs(107,23): warning CS8618: Non-nullable property 'SelectedDistrictId' must contain a non-null value when exiting constructor. Consider adding the 'required' modifier or declaring the property as nullable. [C:\Users\HP\Downloads\Medical\Medical_Affiliation\Medical_Affiliation.csproj]
C:\Users\HP\Downloads\Medical\Medical_Affiliation\Models\AHSSOloginViewModel.cs(108,23): warning CS8618: Non-nullable property 'SelectedTalukId' must contain a non-null value when exiting constructor. Consider adding the 'required' modifier or declaring the property as nullable. [C:\Users\HP\Downloads\Medical\Medical_Affiliation\Medical_Affiliation.csproj]
C:\Users\HP\Downloads\Medical\Medical_Affiliation\Controllers\LIC_DirectorController.cs(52,39): warning CS8619: Nullability of reference types in value of type 'List<string?>' doesn't match target type 'List<string>'. [C:\Users\HP\Downloads\Medical\Medical_Affiliation\Medical_Affiliation.csproj]
C:\Users\HP\Downloads\Medical\Medical_Affiliation\Controllers\LIC_DirectorController.cs(67,62): warning CS8604: Possible null reference argument for parameter 'item' in 'bool List<string>.Contains(string item)'. [C:\Users\HP\Downloads\Medical\Medical_Affiliation\Medical_Affiliation.csproj]
C:\Users\HP\Downloads\Medical\Medical_Affiliation\Controllers\LIC_DirectorController.cs(119,34): warning CS8601: Possible null reference assignment. [C:\Users\HP\Downloads\Medical\Medical_Affiliation\Medical_Affiliation.csproj]
C:\Users\HP\Downloads\Medical\Medical_Affiliation\Controllers\LIC_DirectorController.cs(120,35): warning CS8601: Possible null reference assignment. [C:\Users\HP\Downloads\Medical\Medical_Affiliation\Medical_Affiliation.csproj]
C:\Users\HP\Downloads\Medical\Medical_Affiliation\Controllers\LIC_DirectorController.cs(122,36): warning CS8601: Possible null reference assignment. [C:\Users\HP\Downloads\Medical\Medical_Affiliation\Medical_Affiliation.csproj]
C:\Users\HP\Downloads\Medical\Medical_Affiliation\Controllers\LIC_DirectorController.cs(126,31): warning CS8601: Possible null reference assignment. [C:\Users\HP\Downloads\Medical\Medical_Affiliation\Medical_Affiliation.csproj]
C:\Users\HP\Downloads\Medical\Medical_Affiliation\Controllers\LIC_DirectorController.cs(127,34): warning CS8601: Possible null reference assignment. [C:\Users\HP\Downloads\Medical\Medical_Affiliation\Medical_Affiliation.csproj]
C:\Users\HP\Downloads\Medical\Medical_Affiliation\Controllers\LIC_DirectorController.cs(151,26): warning CS8600: Converting null literal or possible null value to non-nullable type. [C:\Users\HP\Downloads\Medical\Medical_Affiliation\Medical_Affiliation.csproj]
C:\Users\HP\Downloads\Medical\Medical_Affiliation\Controllers\LIC_DirectorController.cs(152,27): warning CS8600: Converting null literal or possible null value to non-nullable type. [C:\Users\HP\Downloads\Medical\Medical_Affiliation\Medical_Affiliation.csproj]
C:\Users\HP\Downloads\Medical\Medical_Affiliation\Controllers\LIC_DirectorController.cs(155,32): warning CS8602: Dereference of a possibly null reference. [C:\Users\HP\Downloads\Medical\Medical_Affiliation\Medical_Affiliation.csproj]
C:\Users\HP\Downloads\Medical\Medical_Affiliation\Controllers\LIC_DirectorController.cs(156,32): warning CS8602: Dereference of a possibly null reference. [C:\Users\HP\Downloads\Medical\Medical_Affiliation\Medical_Affiliation.csproj]
C:\Users\HP\Downloads\Medical\Medical_Affiliation\Models\AffiliationSSViewModel.cs(19,23): warning CS8618: Non-nullable property 'CourseCode' must contain a non-null value when exiting constructor. Consider adding the 'required' modifier or declaring the property as nullable. [C:\Users\HP\Downloads\Medical\Medical_Affiliation\Medical_Affiliation.csproj]
C:\Users\HP\Downloads\Medical\Medical_Affiliation\Models\AffiliationSSViewModel.cs(20,23): warning CS8618: Non-nullable property 'CourseName' must contain a non-null value when exiting constructor. Consider adding the 'required' modifier or declaring the property as nullable. [C:\Users\HP\Downloads\Medical\Medical_Affiliation\Medical_Affiliation.csproj]
C:\Users\HP\Downloads\Medical\Medical_Affiliation\Models\AffiliationSSViewModel.cs(21,23): warning CS8618: Non-nullable property 'CourseLevel' must contain a non-null value when exiting constructor. Consider adding the 'required' modifier or declaring the property as nullable. [C:\Users\HP\Downloads\Medical\Medical_Affiliation\Medical_Affiliation.csproj]
C:\Users\HP\Downloads\Medical\Medical_Affiliation\Models\AffiliationSSViewModel.cs(22,23): warning CS8618: Non-nullable property 'YearOfStarting' must contain a non-null value when exiting constructor. Consider adding the 'required' modifier or declaring the property as nullable. [C:\Users\HP\Downloads\Medical\Medical_Affiliation\Medical_Affiliation.csproj]
C:\Users\HP\Downloads\Medical\Medical_Affiliation\Models\AffiliationSSViewModel.cs(25,23): warning CS8618: Non-nullable property 'Remarks' must contain a non-null value when exiting constructor. Consider adding the 'required' modifier or declaring the property as nullable. [C:\Users\HP\Downloads\Medical\Medical_Affiliation\Medical_Affiliation.csproj]
C:\Users\HP\Downloads\Medical\Medical_Affiliation\Models\AffiliationSSViewModel.cs(75,23): warning CS8618: Non-nullable property 'CourseCode' must contain a non-null value when exiting constructor. Consider adding the 'required' modifier or declaring the property as nullable. [C:\Users\HP\Downloads\Medical\Medical_Affiliation\Medical_Affiliation.csproj]
C:\Users\HP\Downloads\Medical\Medical_Affiliation\Models\AffiliationSSViewModel.cs(76,23): warning CS8618: Non-nullable property 'CourseName' must contain a non-null value when exiting constructor. Consider adding the 'required' modifier or declaring the property as nullable. [C:\Users\HP\Downloads\Medical\Medical_Affiliation\Medical_Affiliation.csproj]
C:\Users\HP\Downloads\Medical\Medical_Affiliation\Models\AffiliationSSViewModel.cs(77,23): warning CS8618: Non-nullable property 'CourseLevel' must contain a non-null value when exiting constructor. Consider adding the 'required' modifier or declaring the property as nullable. [C:\Users\HP\Downloads\Medical\Medical_Affiliation\Medical_Affiliation.csproj]
C:\Users\HP\Downloads\Medical\Medical_Affiliation\Models\AffiliationPgCourseViewModel.cs(5,23): warning CS8618: Non-nullable property 'CollegeCode' must contain a non-null value when exiting constructor. Consider adding the 'required' modifier or declaring the property as nullable. [C:\Users\HP\Downloads\Medical\Medical_Affiliation\Medical_Affiliation.csproj]
C:\Users\HP\Downloads\Medical\Medical_Affiliation\Models\AffiliationPgCourseViewModel.cs(17,32): warning CS8618: Non-nullable property 'LicInspectionVm' must contain a non-null value when exiting constructor. Consider adding the 'required' modifier or declaring the property as nullable. [C:\Users\HP\Downloads\Medical\Medical_Affiliation\Medical_Affiliation.csproj]
C:\Users\HP\Downloads\Medical\Medical_Affiliation\Controllers\Aff_AHS_ContinousApplicationController.cs(263,34): warning CS8600: Converting null literal or possible null value to non-nullable type. [C:\Users\HP\Downloads\Medical\Medical_Affiliation\Medical_Affiliation.csproj]
C:\Users\HP\Downloads\Medical\Medical_Affiliation\Controllers\Aff_AHS_ContinousApplicationController.cs(264,34): warning CS8600: Converting null literal or possible null value to non-nullable type. [C:\Users\HP\Downloads\Medical\Medical_Affiliation\Medical_Affiliation.csproj]
C:\Users\HP\Downloads\Medical\Medical_Affiliation\Controllers\Aff_AHS_ContinousApplicationController.cs(313,34): warning CS8600: Converting null literal or possible null value to non-nullable type. [C:\Users\HP\Downloads\Medical\Medical_Affiliation\Medical_Affiliation.csproj]
C:\Users\HP\Downloads\Medical\Medical_Affiliation\Controllers\Aff_AHS_ContinousApplicationController.cs(314,34): warning CS8600: Converting null literal or possible null value to non-nullable type. [C:\Users\HP\Downloads\Medical\Medical_Affiliation\Medical_Affiliation.csproj]
C:\Users\HP\Downloads\Medical\Medical_Affiliation\Controllers\LIC_DirectorController.cs(180,55): warning CS8604: Possible null reference argument for parameter 'memberName' in 'Task<LICMemberSummary> LIC_DirectorController.BuildMemberSummary(string memberName, string collegeCode)'. [C:\Users\HP\Downloads\Medical\Medical_Affiliation\Medical_Affiliation.csproj]
C:\Users\HP\Downloads\Medical\Medical_Affiliation\Controllers\LIC_DirectorController.cs(180,76): warning CS8604: Possible null reference argument for parameter 'collegeCode' in 'Task<LICMemberSummary> LIC_DirectorController.BuildMemberSummary(string memberName, string collegeCode)'. [C:\Users\HP\Downloads\Medical\Medical_Affiliation\Medical_Affiliation.csproj]
C:\Users\HP\Downloads\Medical\Medical_Affiliation\Controllers\LIC_DirectorController.cs(181,51): warning CS8604: Possible null reference argument for parameter 'memberName' in 'Task<LICMemberSummary> LIC_DirectorController.BuildMemberSummary(string memberName, string collegeCode)'. [C:\Users\HP\Downloads\Medical\Medical_Affiliation\Medical_Affiliation.csproj]
C:\Users\HP\Downloads\Medical\Medical_Affiliation\Controllers\LIC_DirectorController.cs(182,56): warning CS8604: Possible null reference argument for parameter 'memberName' in 'Task<LICMemberSummary> LIC_DirectorController.BuildMemberSummary(string memberName, string collegeCode)'. [C:\Users\HP\Downloads\Medical\Medical_Affiliation\Medical_Affiliation.csproj]
C:\Users\HP\Downloads\Medical\Medical_Affiliation\Controllers\LIC_DirectorController.cs(189,57): warning CS8629: Nullable value type may be null. [C:\Users\HP\Downloads\Medical\Medical_Affiliation\Medical_Affiliation.csproj]
C:\Users\HP\Downloads\Medical\Medical_Affiliation\Controllers\LIC_DirectorController.cs(219,35): warning CS8601: Possible null reference assignment. [C:\Users\HP\Downloads\Medical\Medical_Affiliation\Medical_Affiliation.csproj]
C:\Users\HP\Downloads\Medical\Medical_Affiliation\Controllers\LIC_DirectorController.cs(222,36): warning CS8601: Possible null reference assignment. [C:\Users\HP\Downloads\Medical\Medical_Affiliation\Medical_Affiliation.csproj]
C:\Users\HP\Downloads\Medical\Medical_Affiliation\Controllers\LIC_DirectorController.cs(223,32): warning CS8601: Possible null reference assignment. [C:\Users\HP\Downloads\Medical\Medical_Affiliation\Medical_Affiliation.csproj]
C:\Users\HP\Downloads\Medical\Medical_Affiliation\Controllers\LIC_DirectorController.cs(224,37): warning CS8601: Possible null reference assignment. [C:\Users\HP\Downloads\Medical\Medical_Affiliation\Medical_Affiliation.csproj]
C:\Users\HP\Downloads\Medical\Medical_Affiliation\Controllers\LIC_DirectorController.cs(228,43): warning CS8601: Possible null reference assignment. [C:\Users\HP\Downloads\Medical\Medical_Affiliation\Medical_Affiliation.csproj]
C:\Users\HP\Downloads\Medical\Medical_Affiliation\Controllers\Aff_AHS_ContinousApplicationController.cs(386,31): warning CS8601: Possible null reference assignment. [C:\Users\HP\Downloads\Medical\Medical_Affiliation\Medical_Affiliation.csproj]
C:\Users\HP\Downloads\Medical\Medical_Affiliation\Controllers\Aff_AHS_ContinousApplicationController.cs(429,29): warning CS8601: Possible null reference assignment. [C:\Users\HP\Downloads\Medical\Medical_Affiliation\Medical_Affiliation.csproj]
C:\Users\HP\Downloads\Medical\Medical_Affiliation\Controllers\Aff_AHSController.cs(41,31): warning CS8601: Possible null reference assignment. [C:\Users\HP\Downloads\Medical\Medical_Affiliation\Medical_Affiliation.csproj]
C:\Users\HP\Downloads\Medical\Medical_Affiliation\Controllers\Aff_AHSController.cs(42,31): warning CS8601: Possible null reference assignment. [C:\Users\HP\Downloads\Medical\Medical_Affiliation\Medical_Affiliation.csproj]
C:\Users\HP\Downloads\Medical\Medical_Affiliation\Controllers\Aff_AHSController.cs(43,33): warning CS8601: Possible null reference assignment. [C:\Users\HP\Downloads\Medical\Medical_Affiliation\Medical_Affiliation.csproj]
C:\Users\HP\Downloads\Medical\Medical_Affiliation\Controllers\Aff_AHSController.cs(44,36): warning CS8601: Possible null reference assignment. [C:\Users\HP\Downloads\Medical\Medical_Affiliation\Medical_Affiliation.csproj]
C:\Users\HP\Downloads\Medical\Medical_Affiliation\Controllers\Aff_AHSController.cs(65,38): warning CS8601: Possible null reference assignment. [C:\Users\HP\Downloads\Medical\Medical_Affiliation\Medical_Affiliation.csproj]
C:\Users\HP\Downloads\Medical\Medical_Affiliation\Controllers\Aff_AHSController.cs(66,35): warning CS8601: Possible null reference assignment. [C:\Users\HP\Downloads\Medical\Medical_Affiliation\Medical_Affiliation.csproj]
C:\Users\HP\Downloads\Medical\Medical_Affiliation\Controllers\Aff_AHSController.cs(92,35): warning CS8601: Possible null reference assignment. [C:\Users\HP\Downloads\Medical\Medical_Affiliation\Medical_Affiliation.csproj]
C:\Users\HP\Downloads\Medical\Medical_Affiliation\Controllers\Aff_AHSController.cs(94,37): warning CS8601: Possible null reference assignment. [C:\Users\HP\Downloads\Medical\Medical_Affiliation\Medical_Affiliation.csproj]
C:\Users\HP\Downloads\Medical\Medical_Affiliation\Controllers\LIC_DirectorController.cs(248,58): warning CS8603: Possible null reference return. [C:\Users\HP\Downloads\Medical\Medical_Affiliation\Medical_Affiliation.csproj]
C:\Users\HP\Downloads\Medical\Medical_Affiliation\Controllers\LIC_DirectorController.cs(255,29): warning CS8602: Dereference of a possibly null reference. [C:\Users\HP\Downloads\Medical\Medical_Affiliation\Medical_Affiliation.csproj]
C:\Users\HP\Downloads\Medical\Medical_Affiliation\Controllers\LIC_DirectorController.cs(256,29): warning CS8602: Dereference of a possibly null reference. [C:\Users\HP\Downloads\Medical\Medical_Affiliation\Medical_Affiliation.csproj]
C:\Users\HP\Downloads\Medical\Medical_Affiliation\Controllers\LIC_DirectorController.cs(258,30): warning CS8629: Nullable value type may be null. [C:\Users\HP\Downloads\Medical\Medical_Affiliation\Medical_Affiliation.csproj]
C:\Users\HP\Downloads\Medical\Medical_Affiliation\Controllers\LIC_DirectorController.cs(262,29): warning CS8602: Dereference of a possibly null reference. [C:\Users\HP\Downloads\Medical\Medical_Affiliation\Medical_Affiliation.csproj]
C:\Users\HP\Downloads\Medical\Medical_Affiliation\Controllers\LIC_DirectorController.cs(263,29): warning CS8602: Dereference of a possibly null reference. [C:\Users\HP\Downloads\Medical\Medical_Affiliation\Medical_Affiliation.csproj]
C:\Users\HP\Downloads\Medical\Medical_Affiliation\Controllers\Aff_AHS_ContinousApplicationController.cs(480,34): warning CS8601: Possible null reference assignment. [C:\Users\HP\Downloads\Medical\Medical_Affiliation\Medical_Affiliation.csproj]
C:\Users\HP\Downloads\Medical\Medical_Affiliation\Controllers\Aff_AHS_ContinousApplicationController.cs(534,44): warning CS8601: Possible null reference assignment. [C:\Users\HP\Downloads\Medical\Medical_Affiliation\Medical_Affiliation.csproj]
C:\Users\HP\Downloads\Medical\Medical_Affiliation\Controllers\Aff_AHS_ContinousApplicationController.cs(557,34): warning CS8600: Converting null literal or possible null value to non-nullable type. [C:\Users\HP\Downloads\Medical\Medical_Affiliation\Medical_Affiliation.csproj]
C:\Users\HP\Downloads\Medical\Medical_Affiliation\Controllers\Aff_AHS_ContinousApplicationController.cs(558,34): warning CS8600: Converting null literal or possible null value to non-nullable type. [C:\Users\HP\Downloads\Medical\Medical_Affiliation\Medical_Affiliation.csproj]
C:\Users\HP\Downloads\Medical\Medical_Affiliation\Controllers\Aff_AHS_ContinousApplicationController.cs(564,50): warning CS8604: Possible null reference argument for parameter 'collegeCode' in 'Task Aff_AHS_ContinousApplicationController.RepopulateViewModel(CA_DepartmentLibraryDetailsViewModel model, string collegeCode, string facultyCode)'. [C:\Users\HP\Downloads\Medical\Medical_Affiliation\Medical_Affiliation.csproj]
C:\Users\HP\Downloads\Medical\Medical_Affiliation\Controllers\Aff_AHS_ContinousApplicationController.cs(564,63): warning CS8604: Possible null reference argument for parameter 'facultyCode' in 'Task Aff_AHS_ContinousApplicationController.RepopulateViewModel(CA_DepartmentLibraryDetailsViewModel model, string collegeCode, string facultyCode)'. [C:\Users\HP\Downloads\Medical\Medical_Affiliation\Medical_Affiliation.csproj]
C:\Users\HP\Downloads\Medical\Medical_Affiliation\Controllers\Aff_AHSController.cs(225,35): warning CS8601: Possible null reference assignment. [C:\Users\HP\Downloads\Medical\Medical_Affiliation\Medical_Affiliation.csproj]
C:\Users\HP\Downloads\Medical\Medical_Affiliation\Controllers\AffiliationSSController.cs(75,31): warning CS8714: The type 'string?' cannot be used as type parameter 'TKey' in the generic type or method 'Enumerable.ToDictionary<TSource, TKey>(IEnumerable<TSource>, Func<TSource, TKey>)'. Nullability of type argument 'string?' doesn't match 'notnull' constraint. [C:\Users\HP\Downloads\Medical\Medical_Affiliation\Medical_Affiliation.csproj]
C:\Users\HP\Downloads\Medical\Medical_Affiliation\Controllers\AffiliationSSController.cs(76,31): warning CS8621: Nullability of reference types in return type of 'lambda expression' doesn't match the target delegate 'Func<<anonymous type: string? CourseCode, string? CourseName, string? CourseLevel, int? SanctionedAdmissions, int? AdmittedAdmissions, string? YearOfStarting, string? Remarks>, string?>' (possibly because of nullability attributes). [C:\Users\HP\Downloads\Medical\Medical_Affiliation\Medical_Affiliation.csproj]
C:\Users\HP\Downloads\Medical\Medical_Affiliation\Controllers\AffiliationSSController.cs(78,30): warning CS8714: The type 'string?' cannot be used as type parameter 'TKey' in the generic type or method 'Enumerable.ToDictionary<TSource, TKey>(IEnumerable<TSource>, Func<TSource, TKey>)'. Nullability of type argument 'string?' doesn't match 'notnull' constraint. [C:\Users\HP\Downloads\Medical\Medical_Affiliation\Medical_Affiliation.csproj]
C:\Users\HP\Downloads\Medical\Medical_Affiliation\Controllers\AffiliationSSController.cs(79,31): warning CS8621: Nullability of reference types in return type of 'lambda expression' doesn't match the target delegate 'Func<<anonymous type: string? CourseCode, string? CourseName, int? ExistingIntake>, string?>' (possibly because of nullability attributes). [C:\Users\HP\Downloads\Medical\Medical_Affiliation\Medical_Affiliation.csproj]
C:\Users\HP\Downloads\Medical\Medical_Affiliation\Controllers\AffiliationSSController.cs(95,41): warning CS8604: Possible null reference argument for parameter 'key' in 'bool Dictionary<string, <anonymous type: string Code, string CourseName, string CourseLevel>>.ContainsKey(string key)'. [C:\Users\HP\Downloads\Medical\Medical_Affiliation\Medical_Affiliation.csproj]
C:\Users\HP\Downloads\Medical\Medical_Affiliation\Controllers\AffiliationSSController.cs(108,40): warning CS8604: Possible null reference argument for parameter 'key' in 'bool Dictionary<string, <anonymous type: string Code, string CourseName, string CourseLevel>>.TryGetValue(string key, out <anonymous type: string Code, string CourseName, string CourseLevel> value)'. [C:\Users\HP\Downloads\Medical\Medical_Affiliation\Medical_Affiliation.csproj]
C:\Users\HP\Downloads\Medical\Medical_Affiliation\Controllers\AffiliationSSController.cs(115,25): warning CS8601: Possible null reference assignment. [C:\Users\HP\Downloads\Medical\Medical_Affiliation\Medical_Affiliation.csproj]
C:\Users\HP\Downloads\Medical\Medical_Affiliation\Controllers\AffiliationSSController.cs(120,25): warning CS8601: Possible null reference assignment. [C:\Users\HP\Downloads\Medical\Medical_Affiliation\Medical_Affiliation.csproj]
C:\Users\HP\Downloads\Medical\Medical_Affiliation\Controllers\AffiliationSSController.cs(129,38): warning CS8601: Possible null reference assignment. [C:\Users\HP\Downloads\Medical\Medical_Affiliation\Medical_Affiliation.csproj]
C:\Users\HP\Downloads\Medical\Medical_Affiliation\Controllers\AffiliationSSController.cs(131,31): warning CS8601: Possible null reference assignment. [C:\Users\HP\Downloads\Medical\Medical_Affiliation\Medical_Affiliation.csproj]
C:\Users\HP\Downloads\Medical\Medical_Affiliation\Controllers\Aff_AHS_ContinousApplicationController.cs(624,44): warning CS8601: Possible null reference assignment. [C:\Users\HP\Downloads\Medical\Medical_Affiliation\Medical_Affiliation.csproj]
C:\Users\HP\Downloads\Medical\Medical_Affiliation\Controllers\AffiliationSSController.cs(246,39): warning CS8601: Possible null reference assignment. [C:\Users\HP\Downloads\Medical\Medical_Affiliation\Medical_Affiliation.csproj]
C:\Users\HP\Downloads\Medical\Medical_Affiliation\Controllers\Aff_AHSController.cs(348,32): warning CS8600: Converting null literal or possible null value to non-nullable type. [C:\Users\HP\Downloads\Medical\Medical_Affiliation\Medical_Affiliation.csproj]
C:\Users\HP\Downloads\Medical\Medical_Affiliation\Controllers\Aff_AHSController.cs(354,43): warning CS8600: Converting null literal or possible null value to non-nullable type. [C:\Users\HP\Downloads\Medical\Medical_Affiliation\Medical_Affiliation.csproj]
C:\Users\HP\Downloads\Medical\Medical_Affiliation\Controllers\Aff_AHSController.cs(355,41): warning CS8600: Converting null literal or possible null value to non-nullable type. [C:\Users\HP\Downloads\Medical\Medical_Affiliation\Medical_Affiliation.csproj]
C:\Users\HP\Downloads\Medical\Medical_Affiliation\Controllers\Aff_AHSController.cs(356,42): warning CS8600: Converting null literal or possible null value to non-nullable type. [C:\Users\HP\Downloads\Medical\Medical_Affiliation\Medical_Affiliation.csproj]
C:\Users\HP\Downloads\Medical\Medical_Affiliation\Controllers\Aff_AHSController.cs(357,41): warning CS8600: Converting null literal or possible null value to non-nullable type. [C:\Users\HP\Downloads\Medical\Medical_Affiliation\Medical_Affiliation.csproj]
C:\Users\HP\Downloads\Medical\Medical_Affiliation\Controllers\Aff_AHS_ContinousApplicationController.cs(878,34): warning CS8600: Converting null literal or possible null value to non-nullable type. [C:\Users\HP\Downloads\Medical\Medical_Affiliation\Medical_Affiliation.csproj]
C:\Users\HP\Downloads\Medical\Medical_Affiliation\Controllers\Aff_AHS_ContinousApplicationController.cs(879,34): warning CS8600: Converting null literal or possible null value to non-nullable type. [C:\Users\HP\Downloads\Medical\Medical_Affiliation\Medical_Affiliation.csproj]
C:\Users\HP\Downloads\Medical\Medical_Affiliation\Controllers\Aff_AHS_ContinousApplicationController.cs(930,34): warning CS8600: Converting null literal or possible null value to non-nullable type. [C:\Users\HP\Downloads\Medical\Medical_Affiliation\Medical_Affiliation.csproj]
C:\Users\HP\Downloads\Medical\Medical_Affiliation\Controllers\Aff_AHS_ContinousApplicationController.cs(931,34): warning CS8600: Converting null literal or possible null value to non-nullable type. [C:\Users\HP\Downloads\Medical\Medical_Affiliation\Medical_Affiliation.csproj]
C:\Users\HP\Downloads\Medical\Medical_Affiliation\Controllers\Aff_CA_Med_FinanceDetailsController.cs(154,39): warning CS8601: Possible null reference assignment. [C:\Users\HP\Downloads\Medical\Medical_Affiliation\Medical_Affiliation.csproj]
C:\Users\HP\Downloads\Medical\Medical_Affiliation\Controllers\Aff_CA_Med_FinanceDetailsController.cs(163,17): warning CS8602: Dereference of a possibly null reference. [C:\Users\HP\Downloads\Medical\Medical_Affiliation\Medical_Affiliation.csproj]
C:\Users\HP\Downloads\Medical\Medical_Affiliation\Controllers\Aff_CA_Med_FinanceDetailsController.cs(301,13): warning CS0162: Unreachable code detected [C:\Users\HP\Downloads\Medical\Medical_Affiliation\Medical_Affiliation.csproj]
C:\Users\HP\Downloads\Medical\Medical_Affiliation\Controllers\LIC_DirectorController.cs(458,26): warning CS8600: Converting null literal or possible null value to non-nullable type. [C:\Users\HP\Downloads\Medical\Medical_Affiliation\Medical_Affiliation.csproj]
C:\Users\HP\Downloads\Medical\Medical_Affiliation\Controllers\LIC_DirectorController.cs(459,27): warning CS8600: Converting null literal or possible null value to non-nullable type. [C:\Users\HP\Downloads\Medical\Medical_Affiliation\Medical_Affiliation.csproj]
C:\Users\HP\Downloads\Medical\Medical_Affiliation\Controllers\LIC_DirectorController.cs(465,43): warning CS8602: Dereference of a possibly null reference. [C:\Users\HP\Downloads\Medical\Medical_Affiliation\Medical_Affiliation.csproj]
C:\Users\HP\Downloads\Medical\Medical_Affiliation\Controllers\LIC_DirectorController.cs(468,29): warning CS8602: Dereference of a possibly null reference. [C:\Users\HP\Downloads\Medical\Medical_Affiliation\Medical_Affiliation.csproj]
C:\Users\HP\Downloads\Medical\Medical_Affiliation\Controllers\LIC_DirectorController.cs(469,29): warning CS8602: Dereference of a possibly null reference. [C:\Users\HP\Downloads\Medical\Medical_Affiliation\Medical_Affiliation.csproj]
C:\Users\HP\Downloads\Medical\Medical_Affiliation\Controllers\LIC_DirectorController.cs(473,29): warning CS8602: Dereference of a possibly null reference. [C:\Users\HP\Downloads\Medical\Medical_Affiliation\Medical_Affiliation.csproj]
C:\Users\HP\Downloads\Medical\Medical_Affiliation\Controllers\LIC_DirectorController.cs(474,29): warning CS8602: Dereference of a possibly null reference. [C:\Users\HP\Downloads\Medical\Medical_Affiliation\Medical_Affiliation.csproj]
C:\Users\HP\Downloads\Medical\Medical_Affiliation\Controllers\LIC_DirectorController.cs(476,30): warning CS8629: Nullable value type may be null. [C:\Users\HP\Downloads\Medical\Medical_Affiliation\Medical_Affiliation.csproj]
C:\Users\HP\Downloads\Medical\Medical_Affiliation\Controllers\LIC_DirectorController.cs(483,43): warning CS8600: Converting null literal or possible null value to non-nullable type. [C:\Users\HP\Downloads\Medical\Medical_Affiliation\Medical_Affiliation.csproj]
C:\Users\HP\Downloads\Medical\Medical_Affiliation\Controllers\LIC_DirectorController.cs(489,25): warning CS8602: Dereference of a possibly null reference. [C:\Users\HP\Downloads\Medical\Medical_Affiliation\Medical_Affiliation.csproj]
C:\Users\HP\Downloads\Medical\Medical_Affiliation\Controllers\LIC_DirectorController.cs(486,28): warning CS8600: Converting null literal or possible null value to non-nullable type. [C:\Users\HP\Downloads\Medical\Medical_Affiliation\Medical_Affiliation.csproj]
C:\Users\HP\Downloads\Medical\Medical_Affiliation\Controllers\LIC_DirectorController.cs(496,31): warning CS8601: Possible null reference assignment. [C:\Users\HP\Downloads\Medical\Medical_Affiliation\Medical_Affiliation.csproj]
C:\Users\HP\Downloads\Medical\Medical_Affiliation\Controllers\LIC_DirectorController.cs(498,32): warning CS8601: Possible null reference assignment. [C:\Users\HP\Downloads\Medical\Medical_Affiliation\Medical_Affiliation.csproj]
C:\Users\HP\Downloads\Medical\Medical_Affiliation\Controllers\LIC_DirectorController.cs(499,31): warning CS8601: Possible null reference assignment. [C:\Users\HP\Downloads\Medical\Medical_Affiliation\Medical_Affiliation.csproj]
C:\Users\HP\Downloads\Medical\Medical_Affiliation\Controllers\Aff_CA_Med_FinanceDetailsController.cs(370,59): warning CS8600: Converting null literal or possible null value to non-nullable type. [C:\Users\HP\Downloads\Medical\Medical_Affiliation\Medical_Affiliation.csproj]
C:\Users\HP\Downloads\Medical\Medical_Affiliation\Controllers\Aff_CA_MedicalLibraryController.cs(282,39): warning CS8601: Possible null reference assignment. [C:\Users\HP\Downloads\Medical\Medical_Affiliation\Medical_Affiliation.csproj]
C:\Users\HP\Downloads\Medical\Medical_Affiliation\Controllers\Aff_CA_MedicalLibraryController.cs(283,39): warning CS8601: Possible null reference assignment. [C:\Users\HP\Downloads\Medical\Medical_Affiliation\Medical_Affiliation.csproj]
C:\Users\HP\Downloads\Medical\Medical_Affiliation\Controllers\Aff_CA_MedicalLibraryController.cs(333,43): warning CS8601: Possible null reference assignment. [C:\Users\HP\Downloads\Medical\Medical_Affiliation\Medical_Affiliation.csproj]
C:\Users\HP\Downloads\Medical\Medical_Affiliation\Controllers\Aff_CA_MedicalLibraryController.cs(334,43): warning CS8601: Possible null reference assignment. [C:\Users\HP\Downloads\Medical\Medical_Affiliation\Medical_Affiliation.csproj]
C:\Users\HP\Downloads\Medical\Medical_Affiliation\Controllers\Aff_AHSController.cs(445,31): warning CS8601: Possible null reference assignment. [C:\Users\HP\Downloads\Medical\Medical_Affiliation\Medical_Affiliation.csproj]
C:\Users\HP\Downloads\Medical\Medical_Affiliation\Controllers\Aff_AHSController.cs(446,31): warning CS8601: Possible null reference assignment. [C:\Users\HP\Downloads\Medical\Medical_Affiliation\Medical_Affiliation.csproj]
C:\Users\HP\Downloads\Medical\Medical_Affiliation\Controllers\Aff_AHSController.cs(453,62): warning CS8603: Possible null reference return. [C:\Users\HP\Downloads\Medical\Medical_Affiliation\Medical_Affiliation.csproj]
C:\Users\HP\Downloads\Medical\Medical_Affiliation\Controllers\LIC_DirectorController.cs(569,50): warning CS8602: Dereference of a possibly null reference. [C:\Users\HP\Downloads\Medical\Medical_Affiliation\Medical_Affiliation.csproj]
C:\Users\HP\Downloads\Medical\Medical_Affiliation\Controllers\LIC_DirectorController.cs(575,42): warning CS8602: Dereference of a possibly null reference. [C:\Users\HP\Downloads\Medical\Medical_Affiliation\Medical_Affiliation.csproj]
C:\Users\HP\Downloads\Medical\Medical_Affiliation\Controllers\Aff_AHS_ContinousApplicationController.cs(1080,55): warning CS8604: Possible null reference argument for parameter 'input' in 'string Aff_AHS_ContinousApplicationController.NormalizeVehicle(string input)'. [C:\Users\HP\Downloads\Medical\Medical_Affiliation\Medical_Affiliation.csproj]
C:\Users\HP\Downloads\Medical\Medical_Affiliation\Controllers\Aff_AHS_ContinousApplicationController.cs(1118,38): warning CS8604: Possible null reference argument for parameter 'input' in 'string Aff_AHS_ContinousApplicationController.NormalizeVehicle(string input)'. [C:\Users\HP\Downloads\Medical\Medical_Affiliation\Medical_Affiliation.csproj]
C:\Users\HP\Downloads\Medical\Medical_Affiliation\Controllers\Aff_AHS_ContinousApplicationController.cs(1150,34): warning CS8601: Possible null reference assignment. [C:\Users\HP\Downloads\Medical\Medical_Affiliation\Medical_Affiliation.csproj]
C:\Users\HP\Downloads\Medical\Medical_Affiliation\Controllers\Aff_CA_MedicalLibraryController.cs(416,39): warning CS8601: Possible null reference assignment. [C:\Users\HP\Downloads\Medical\Medical_Affiliation\Medical_Affiliation.csproj]
C:\Users\HP\Downloads\Medical\Medical_Affiliation\Controllers\Aff_CA_MedicalLibraryController.cs(417,39): warning CS8601: Possible null reference assignment. [C:\Users\HP\Downloads\Medical\Medical_Affiliation\Medical_Affiliation.csproj]
C:\Users\HP\Downloads\Medical\Medical_Affiliation\Controllers\Aff_AHS_ContinousApplicationController.cs(1330,37): warning CS8601: Possible null reference assignment. [C:\Users\HP\Downloads\Medical\Medical_Affiliation\Medical_Affiliation.csproj]
C:\Users\HP\Downloads\Medical\Medical_Affiliation\Controllers\Aff_AHS_ContinousApplicationController.cs(1331,39): warning CS8601: Possible null reference assignment. [C:\Users\HP\Downloads\Medical\Medical_Affiliation\Medical_Affiliation.csproj]
C:\Users\HP\Downloads\Medical\Medical_Affiliation\Controllers\Aff_CA_MedicalLibraryController.cs(477,47): warning CS8601: Possible null reference assignment. [C:\Users\HP\Downloads\Medical\Medical_Affiliation\Medical_Affiliation.csproj]
C:\Users\HP\Downloads\Medical\Medical_Affiliation\Controllers\Aff_CA_MedicalLibraryController.cs(478,47): warning CS8601: Possible null reference assignment. [C:\Users\HP\Downloads\Medical\Medical_Affiliation\Medical_Affiliation.csproj]
C:\Users\HP\Downloads\Medical\Medical_Affiliation\Controllers\Aff_AHS_ContinousApplicationController.cs(1376,58): warning CS8603: Possible null reference return. [C:\Users\HP\Downloads\Medical\Medical_Affiliation\Medical_Affiliation.csproj]
C:\Users\HP\Downloads\Medical\Medical_Affiliation\Controllers\Aff_AHS_ContinousApplicationController.cs(1392,58): warning CS8603: Possible null reference return. [C:\Users\HP\Downloads\Medical\Medical_Affiliation\Medical_Affiliation.csproj]
C:\Users\HP\Downloads\Medical\Medical_Affiliation\Controllers\Aff_CA_MedicalLibraryController.cs(548,43): warning CS8601: Possible null reference assignment. [C:\Users\HP\Downloads\Medical\Medical_Affiliation\Medical_Affiliation.csproj]
C:\Users\HP\Downloads\Medical\Medical_Affiliation\Controllers\Aff_CA_MedicalLibraryController.cs(549,43): warning CS8601: Possible null reference assignment. [C:\Users\HP\Downloads\Medical\Medical_Affiliation\Medical_Affiliation.csproj]
C:\Users\HP\Downloads\Medical\Medical_Affiliation\Controllers\Aff_DentalController.cs(35,31): warning CS8601: Possible null reference assignment. [C:\Users\HP\Downloads\Medical\Medical_Affiliation\Medical_Affiliation.csproj]
C:\Users\HP\Downloads\Medical\Medical_Affiliation\Controllers\Aff_DentalController.cs(36,31): warning CS8601: Possible null reference assignment. [C:\Users\HP\Downloads\Medical\Medical_Affiliation\Medical_Affiliation.csproj]
C:\Users\HP\Downloads\Medical\Medical_Affiliation\Controllers\Aff_DentalController.cs(37,33): warning CS8601: Possible null reference assignment. [C:\Users\HP\Downloads\Medical\Medical_Affiliation\Medical_Affiliation.csproj]
C:\Users\HP\Downloads\Medical\Medical_Affiliation\Controllers\Aff_DentalController.cs(38,36): warning CS8601: Possible null reference assignment. [C:\Users\HP\Downloads\Medical\Medical_Affiliation\Medical_Affiliation.csproj]
C:\Users\HP\Downloads\Medical\Medical_Affiliation\Controllers\Aff_DentalController.cs(59,38): warning CS8601: Possible null reference assignment. [C:\Users\HP\Downloads\Medical\Medical_Affiliation\Medical_Affiliation.csproj]
C:\Users\HP\Downloads\Medical\Medical_Affiliation\Controllers\Aff_DentalController.cs(60,35): warning CS8601: Possible null reference assignment. [C:\Users\HP\Downloads\Medical\Medical_Affiliation\Medical_Affiliation.csproj]
C:\Users\HP\Downloads\Medical\Medical_Affiliation\Controllers\Aff_DentalController.cs(86,35): warning CS8601: Possible null reference assignment. [C:\Users\HP\Downloads\Medical\Medical_Affiliation\Medical_Affiliation.csproj]
C:\Users\HP\Downloads\Medical\Medical_Affiliation\Controllers\Aff_DentalController.cs(88,37): warning CS8601: Possible null reference assignment. [C:\Users\HP\Downloads\Medical\Medical_Affiliation\Medical_Affiliation.csproj]
C:\Users\HP\Downloads\Medical\Medical_Affiliation\Controllers\Aff_AHSController.cs(474,34): warning CS8600: Converting null literal or possible null value to non-nullable type. [C:\Users\HP\Downloads\Medical\Medical_Affiliation\Medical_Affiliation.csproj]
C:\Users\HP\Downloads\Medical\Medical_Affiliation\Controllers\Aff_AHSController.cs(475,34): warning CS8600: Converting null literal or possible null value to non-nullable type. [C:\Users\HP\Downloads\Medical\Medical_Affiliation\Medical_Affiliation.csproj]
C:\Users\HP\Downloads\Medical\Medical_Affiliation\Controllers\Aff_AHSController.cs(501,43): warning CS8601: Possible null reference assignment. [C:\Users\HP\Downloads\Medical\Medical_Affiliation\Medical_Affiliation.csproj]
C:\Users\HP\Downloads\Medical\Medical_Affiliation\Controllers\Aff_AHSController.cs(502,50): warning CS8601: Possible null reference assignment. [C:\Users\HP\Downloads\Medical\Medical_Affiliation\Medical_Affiliation.csproj]
C:\Users\HP\Downloads\Medical\Medical_Affiliation\Controllers\Aff_AHSController.cs(504,48): warning CS8601: Possible null reference assignment. [C:\Users\HP\Downloads\Medical\Medical_Affiliation\Medical_Affiliation.csproj]
C:\Users\HP\Downloads\Medical\Medical_Affiliation\Controllers\Aff_AHSController.cs(505,48): warning CS8601: Possible null reference assignment. [C:\Users\HP\Downloads\Medical\Medical_Affiliation\Medical_Affiliation.csproj]
C:\Users\HP\Downloads\Medical\Medical_Affiliation\Controllers\Aff_AHSController.cs(506,49): warning CS8601: Possible null reference assignment. [C:\Users\HP\Downloads\Medical\Medical_Affiliation\Medical_Affiliation.csproj]
C:\Users\HP\Downloads\Medical\Medical_Affiliation\Controllers\Aff_AHSController.cs(525,43): warning CS8601: Possible null reference assignment. [C:\Users\HP\Downloads\Medical\Medical_Affiliation\Medical_Affiliation.csproj]
C:\Users\HP\Downloads\Medical\Medical_Affiliation\Controllers\Aff_AHSController.cs(526,50): warning CS8601: Possible null reference assignment. [C:\Users\HP\Downloads\Medical\Medical_Affiliation\Medical_Affiliation.csproj]
C:\Users\HP\Downloads\Medical\Medical_Affiliation\Controllers\Aff_AHSController.cs(528,48): warning CS8601: Possible null reference assignment. [C:\Users\HP\Downloads\Medical\Medical_Affiliation\Medical_Affiliation.csproj]
C:\Users\HP\Downloads\Medical\Medical_Affiliation\Controllers\Aff_AHSController.cs(529,48): warning CS8601: Possible null reference assignment. [C:\Users\HP\Downloads\Medical\Medical_Affiliation\Medical_Affiliation.csproj]
C:\Users\HP\Downloads\Medical\Medical_Affiliation\Controllers\Aff_AHSController.cs(530,49): warning CS8601: Possible null reference assignment. [C:\Users\HP\Downloads\Medical\Medical_Affiliation\Medical_Affiliation.csproj]
C:\Users\HP\Downloads\Medical\Medical_Affiliation\Controllers\Aff_AHSController.cs(552,33): warning CS8714: The type 'string?' cannot be used as type parameter 'TKey' in the generic type or method 'Enumerable.ToDictionary<TSource, TKey, TElement>(IEnumerable<TSource>, Func<TSource, TKey>, Func<TSource, TElement>)'. Nullability of type argument 'string?' doesn't match 'notnull' constraint. [C:\Users\HP\Downloads\Medical\Medical_Affiliation\Medical_Affiliation.csproj]
C:\Users\HP\Downloads\Medical\Medical_Affiliation\Controllers\Aff_AHSController.cs(554,31): warning CS8621: Nullability of reference types in return type of 'lambda expression' doesn't match the target delegate 'Func<CollegeCourseIntakeDetail, string?>' (possibly because of nullability attributes). [C:\Users\HP\Downloads\Medical\Medical_Affiliation\Medical_Affiliation.csproj]
C:\Users\HP\Downloads\Medical\Medical_Affiliation\Controllers\Aff_AHSController.cs(556,33): warning CS8714: The type 'string?' cannot be used as type parameter 'TKey' in the generic type or method 'Enumerable.ToDictionary<TSource, TKey, TElement>(IEnumerable<TSource>, Func<TSource, TKey>, Func<TSource, TElement>)'. Nullability of type argument 'string?' doesn't match 'notnull' constraint. [C:\Users\HP\Downloads\Medical\Medical_Affiliation\Medical_Affiliation.csproj]
C:\Users\HP\Downloads\Medical\Medical_Affiliation\Controllers\Aff_AHSController.cs(558,31): warning CS8621: Nullability of reference types in return type of 'lambda expression' doesn't match the target delegate 'Func<CollegeCourseIntakeDetail, string?>' (possibly because of nullability attributes). [C:\Users\HP\Downloads\Medical\Medical_Affiliation\Medical_Affiliation.csproj]
C:\Users\HP\Downloads\Medical\Medical_Affiliation\Controllers\AffiliationSSController.cs(302,42): warning CS8601: Possible null reference assignment. [C:\Users\HP\Downloads\Medical\Medical_Affiliation\Medical_Affiliation.csproj]
C:\Users\HP\Downloads\Medical\Medical_Affiliation\Controllers\AffiliationSSController.cs(304,43): warning CS8601: Possible null reference assignment. [C:\Users\HP\Downloads\Medical\Medical_Affiliation\Medical_Affiliation.csproj]
C:\Users\HP\Downloads\Medical\Medical_Affiliation\Controllers\AffiliationSSController.cs(309,53): warning CS8601: Possible null reference assignment. [C:\Users\HP\Downloads\Medical\Medical_Affiliation\Medical_Affiliation.csproj]
C:\Users\HP\Downloads\Medical\Medical_Affiliation\Controllers\AffiliationSSController.cs(312,53): warning CS8601: Possible null reference assignment. [C:\Users\HP\Downloads\Medical\Medical_Affiliation\Medical_Affiliation.csproj]
C:\Users\HP\Downloads\Medical\Medical_Affiliation\Controllers\Aff_NaturopathyController.cs(35,31): warning CS8601: Possible null reference assignment. [C:\Users\HP\Downloads\Medical\Medical_Affiliation\Medical_Affiliation.csproj]
C:\Users\HP\Downloads\Medical\Medical_Affiliation\Controllers\Aff_NaturopathyController.cs(36,31): warning CS8601: Possible null reference assignment. [C:\Users\HP\Downloads\Medical\Medical_Affiliation\Medical_Affiliation.csproj]
C:\Users\HP\Downloads\Medical\Medical_Affiliation\Controllers\Aff_NaturopathyController.cs(37,33): warning CS8601: Possible null reference assignment. [C:\Users\HP\Downloads\Medical\Medical_Affiliation\Medical_Affiliation.csproj]
C:\Users\HP\Downloads\Medical\Medical_Affiliation\Controllers\Aff_NaturopathyController.cs(38,36): warning CS8601: Possible null reference assignment. [C:\Users\HP\Downloads\Medical\Medical_Affiliation\Medical_Affiliation.csproj]
C:\Users\HP\Downloads\Medical\Medical_Affiliation\Controllers\Aff_NaturopathyController.cs(59,38): warning CS8601: Possible null reference assignment. [C:\Users\HP\Downloads\Medical\Medical_Affiliation\Medical_Affiliation.csproj]
C:\Users\HP\Downloads\Medical\Medical_Affiliation\Controllers\Aff_NaturopathyController.cs(60,35): warning CS8601: Possible null reference assignment. [C:\Users\HP\Downloads\Medical\Medical_Affiliation\Medical_Affiliation.csproj]
C:\Users\HP\Downloads\Medical\Medical_Affiliation\Controllers\Aff_NaturopathyController.cs(86,35): warning CS8601: Possible null reference assignment. [C:\Users\HP\Downloads\Medical\Medical_Affiliation\Medical_Affiliation.csproj]
C:\Users\HP\Downloads\Medical\Medical_Affiliation\Controllers\Aff_NaturopathyController.cs(88,37): warning CS8601: Possible null reference assignment. [C:\Users\HP\Downloads\Medical\Medical_Affiliation\Medical_Affiliation.csproj]
C:\Users\HP\Downloads\Medical\Medical_Affiliation\Controllers\Aff_CA_MedicalLibraryController.cs(608,43): warning CS8601: Possible null reference assignment. [C:\Users\HP\Downloads\Medical\Medical_Affiliation\Medical_Affiliation.csproj]
C:\Users\HP\Downloads\Medical\Medical_Affiliation\Controllers\Aff_CA_MedicalLibraryController.cs(609,43): warning CS8601: Possible null reference assignment. [C:\Users\HP\Downloads\Medical\Medical_Affiliation\Medical_Affiliation.csproj]
C:\Users\HP\Downloads\Medical\Medical_Affiliation\Controllers\Aff_CA_SS_CoursesAppliedSSController.cs(232,43): warning CS8604: Possible null reference argument for parameter 'item' in 'bool List<string>.Contains(string item)'. [C:\Users\HP\Downloads\Medical\Medical_Affiliation\Medical_Affiliation.csproj]
C:\Users\HP\Downloads\Medical\Medical_Affiliation\Controllers\Aff_CA_SS_CoursesAppliedSSController.cs(258,43): warning CS8604: Possible null reference argument for parameter 'item' in 'bool List<string>.Contains(string item)'. [C:\Users\HP\Downloads\Medical\Medical_Affiliation\Medical_Affiliation.csproj]
C:\Users\HP\Downloads\Medical\Medical_Affiliation\Controllers\Aff_CA_SS_CoursesAppliedSSController.cs(293,43): warning CS8604: Possible null reference argument for parameter 'item' in 'bool List<string>.Contains(string item)'. [C:\Users\HP\Downloads\Medical\Medical_Affiliation\Medical_Affiliation.csproj]
C:\Users\HP\Downloads\Medical\Medical_Affiliation\Controllers\Aff_CA_SS_CoursesAppliedSSController.cs(319,43): warning CS8604: Possible null reference argument for parameter 'item' in 'bool List<string>.Contains(string item)'. [C:\Users\HP\Downloads\Medical\Medical_Affiliation\Medical_Affiliation.csproj]
C:\Users\HP\Downloads\Medical\Medical_Affiliation\Controllers\Aff_CA_SS_CoursesAppliedSSController.cs(355,43): warning CS8604: Possible null reference argument for parameter 'item' in 'bool List<string>.Contains(string item)'. [C:\Users\HP\Downloads\Medical\Medical_Affiliation\Medical_Affiliation.csproj]
C:\Users\HP\Downloads\Medical\Medical_Affiliation\Controllers\Aff_DentalController.cs(219,35): warning CS8601: Possible null reference assignment. [C:\Users\HP\Downloads\Medical\Medical_Affiliation\Medical_Affiliation.csproj]
C:\Users\HP\Downloads\Medical\Medical_Affiliation\Controllers\Aff_HomeopathyController.cs(35,31): warning CS8601: Possible null reference assignment. [C:\Users\HP\Downloads\Medical\Medical_Affiliation\Medical_Affiliation.csproj]
C:\Users\HP\Downloads\Medical\Medical_Affiliation\Controllers\Aff_HomeopathyController.cs(36,31): warning CS8601: Possible null reference assignment. [C:\Users\HP\Downloads\Medical\Medical_Affiliation\Medical_Affiliation.csproj]
C:\Users\HP\Downloads\Medical\Medical_Affiliation\Controllers\Aff_HomeopathyController.cs(37,33): warning CS8601: Possible null reference assignment. [C:\Users\HP\Downloads\Medical\Medical_Affiliation\Medical_Affiliation.csproj]
C:\Users\HP\Downloads\Medical\Medical_Affiliation\Controllers\Aff_HomeopathyController.cs(38,36): warning CS8601: Possible null reference assignment. [C:\Users\HP\Downloads\Medical\Medical_Affiliation\Medical_Affiliation.csproj]
C:\Users\HP\Downloads\Medical\Medical_Affiliation\Controllers\Aff_HomeopathyController.cs(59,38): warning CS8601: Possible null reference assignment. [C:\Users\HP\Downloads\Medical\Medical_Affiliation\Medical_Affiliation.csproj]
C:\Users\HP\Downloads\Medical\Medical_Affiliation\Controllers\Aff_HomeopathyController.cs(60,35): warning CS8601: Possible null reference assignment. [C:\Users\HP\Downloads\Medical\Medical_Affiliation\Medical_Affiliation.csproj]
C:\Users\HP\Downloads\Medical\Medical_Affiliation\Controllers\Aff_HomeopathyController.cs(86,35): warning CS8601: Possible null reference assignment. [C:\Users\HP\Downloads\Medical\Medical_Affiliation\Medical_Affiliation.csproj]
C:\Users\HP\Downloads\Medical\Medical_Affiliation\Controllers\Aff_HomeopathyController.cs(88,37): warning CS8601: Possible null reference assignment. [C:\Users\HP\Downloads\Medical\Medical_Affiliation\Medical_Affiliation.csproj]
C:\Users\HP\Downloads\Medical\Medical_Affiliation\Controllers\Aff_CA_SS_CoursesAppliedSSController.cs(551,52): warning CS8604: Possible null reference argument for parameter 'collegeCode' in 'Task Aff_CA_SS_CoursesAppliedSSController.PopulateFullViewModel(CA_SS_FullViewVM vm, string collegeCode)'. [C:\Users\HP\Downloads\Medical\Medical_Affiliation\Medical_Affiliation.csproj]
C:\Users\HP\Downloads\Medical\Medical_Affiliation\Controllers\Aff_AHSController.cs(567,34): warning CS8600: Converting null literal or possible null value to non-nullable type. [C:\Users\HP\Downloads\Medical\Medical_Affiliation\Medical_Affiliation.csproj]
C:\Users\HP\Downloads\Medical\Medical_Affiliation\Controllers\Aff_AHSController.cs(568,34): warning CS8600: Converting null literal or possible null value to non-nullable type. [C:\Users\HP\Downloads\Medical\Medical_Affiliation\Medical_Affiliation.csproj]
C:\Users\HP\Downloads\Medical\Medical_Affiliation\Controllers\Aff_AHSController.cs(707,31): warning CS8600: Converting null literal or possible null value to non-nullable type. [C:\Users\HP\Downloads\Medical\Medical_Affiliation\Medical_Affiliation.csproj]
C:\Users\HP\Downloads\Medical\Medical_Affiliation\Controllers\Aff_NaturopathyController.cs(219,35): warning CS8601: Possible null reference assignment. [C:\Users\HP\Downloads\Medical\Medical_Affiliation\Medical_Affiliation.csproj]
C:\Users\HP\Downloads\Medical\Medical_Affiliation\Controllers\Aff_CA_SS_CoursesAppliedSSController.cs(654,41): warning CS8601: Possible null reference assignment. [C:\Users\HP\Downloads\Medical\Medical_Affiliation\Medical_Affiliation.csproj]
C:\Users\HP\Downloads\Medical\Medical_Affiliation\Controllers\Aff_CA_SS_CoursesAppliedSSController.cs(666,22): warning CS8629: Nullable value type may be null. [C:\Users\HP\Downloads\Medical\Medical_Affiliation\Medical_Affiliation.csproj]
C:\Users\HP\Downloads\Medical\Medical_Affiliation\Controllers\Aff_CA_SS_CoursesAppliedSSController.cs(679,52): warning CS8604: Possible null reference argument for parameter 'collegeCode' in 'Task Aff_CA_SS_CoursesAppliedSSController.PopulateFullViewModel(CA_SS_FullViewVM vm, string collegeCode)'. [C:\Users\HP\Downloads\Medical\Medical_Affiliation\Medical_Affiliation.csproj]
C:\Users\HP\Downloads\Medical\Medical_Affiliation\Controllers\AffiliationSSController.cs(348,35): warning CS8601: Possible null reference assignment. [C:\Users\HP\Downloads\Medical\Medical_Affiliation\Medical_Affiliation.csproj]
C:\Users\HP\Downloads\Medical\Medical_Affiliation\Controllers\Aff_DentalController.cs(366,32): warning CS8600: Converting null literal or possible null value to non-nullable type. [C:\Users\HP\Downloads\Medical\Medical_Affiliation\Medical_Affiliation.csproj]
C:\Users\HP\Downloads\Medical\Medical_Affiliation\Controllers\Aff_DentalController.cs(372,43): warning CS8600: Converting null literal or possible null value to non-nullable type. [C:\Users\HP\Downloads\Medical\Medical_Affiliation\Medical_Affiliation.csproj]
C:\Users\HP\Downloads\Medical\Medical_Affiliation\Controllers\Aff_DentalController.cs(373,43): warning CS8600: Converting null literal or possible null value to non-nullable type. [C:\Users\HP\Downloads\Medical\Medical_Affiliation\Medical_Affiliation.csproj]
C:\Users\HP\Downloads\Medical\Medical_Affiliation\Controllers\Aff_DentalController.cs(374,41): warning CS8600: Converting null literal or possible null value to non-nullable type. [C:\Users\HP\Downloads\Medical\Medical_Affiliation\Medical_Affiliation.csproj]
C:\Users\HP\Downloads\Medical\Medical_Affiliation\Controllers\Aff_HomeopathyController.cs(219,35): warning CS8601: Possible null reference assignment. [C:\Users\HP\Downloads\Medical\Medical_Affiliation\Medical_Affiliation.csproj]
C:\Users\HP\Downloads\Medical\Medical_Affiliation\Controllers\Aff_NursingController.cs(40,31): warning CS8601: Possible null reference assignment. [C:\Users\HP\Downloads\Medical\Medical_Affiliation\Medical_Affiliation.csproj]
C:\Users\HP\Downloads\Medical\Medical_Affiliation\Controllers\Aff_NursingController.cs(41,31): warning CS8601: Possible null reference assignment. [C:\Users\HP\Downloads\Medical\Medical_Affiliation\Medical_Affiliation.csproj]
C:\Users\HP\Downloads\Medical\Medical_Affiliation\Controllers\Aff_NursingController.cs(42,33): warning CS8601: Possible null reference assignment. [C:\Users\HP\Downloads\Medical\Medical_Affiliation\Medical_Affiliation.csproj]
C:\Users\HP\Downloads\Medical\Medical_Affiliation\Controllers\Aff_NursingController.cs(43,36): warning CS8601: Possible null reference assignment. [C:\Users\HP\Downloads\Medical\Medical_Affiliation\Medical_Affiliation.csproj]
C:\Users\HP\Downloads\Medical\Medical_Affiliation\Controllers\Aff_NursingController.cs(64,38): warning CS8601: Possible null reference assignment. [C:\Users\HP\Downloads\Medical\Medical_Affiliation\Medical_Affiliation.csproj]
C:\Users\HP\Downloads\Medical\Medical_Affiliation\Controllers\Aff_NursingController.cs(65,35): warning CS8601: Possible null reference assignment. [C:\Users\HP\Downloads\Medical\Medical_Affiliation\Medical_Affiliation.csproj]
C:\Users\HP\Downloads\Medical\Medical_Affiliation\Controllers\Aff_NursingController.cs(91,35): warning CS8601: Possible null reference assignment. [C:\Users\HP\Downloads\Medical\Medical_Affiliation\Medical_Affiliation.csproj]
C:\Users\HP\Downloads\Medical\Medical_Affiliation\Controllers\Aff_NursingController.cs(93,37): warning CS8601: Possible null reference assignment. [C:\Users\HP\Downloads\Medical\Medical_Affiliation\Medical_Affiliation.csproj]
C:\Users\HP\Downloads\Medical\Medical_Affiliation\Controllers\Aff_NaturopathyController.cs(366,32): warning CS8600: Converting null literal or possible null value to non-nullable type. [C:\Users\HP\Downloads\Medical\Medical_Affiliation\Medical_Affiliation.csproj]
C:\Users\HP\Downloads\Medical\Medical_Affiliation\Controllers\Aff_NaturopathyController.cs(372,43): warning CS8600: Converting null literal or possible null value to non-nullable type. [C:\Users\HP\Downloads\Medical\Medical_Affiliation\Medical_Affiliation.csproj]
C:\Users\HP\Downloads\Medical\Medical_Affiliation\Controllers\Aff_NaturopathyController.cs(373,43): warning CS8600: Converting null literal or possible null value to non-nullable type. [C:\Users\HP\Downloads\Medical\Medical_Affiliation\Medical_Affiliation.csproj]
C:\Users\HP\Downloads\Medical\Medical_Affiliation\Controllers\Aff_NaturopathyController.cs(374,41): warning CS8600: Converting null literal or possible null value to non-nullable type. [C:\Users\HP\Downloads\Medical\Medical_Affiliation\Medical_Affiliation.csproj]
C:\Users\HP\Downloads\Medical\Medical_Affiliation\Controllers\Aff_CA_SS_CoursesAppliedSSController.cs(769,39): warning CS8601: Possible null reference assignment. [C:\Users\HP\Downloads\Medical\Medical_Affiliation\Medical_Affiliation.csproj]
C:\Users\HP\Downloads\Medical\Medical_Affiliation\Controllers\Aff_CA_SS_CoursesAppliedSSController.cs(780,43): warning CS8629: Nullable value type may be null. [C:\Users\HP\Downloads\Medical\Medical_Affiliation\Medical_Affiliation.csproj]
C:\Users\HP\Downloads\Medical\Medical_Affiliation\Controllers\Aff_CA_SS_CoursesAppliedSSController.cs(783,43): warning CS8629: Nullable value type may be null. [C:\Users\HP\Downloads\Medical\Medical_Affiliation\Medical_Affiliation.csproj]
C:\Users\HP\Downloads\Medical\Medical_Affiliation\Controllers\Aff_AHSController.cs(863,45): warning CS8600: Converting null literal or possible null value to non-nullable type. [C:\Users\HP\Downloads\Medical\Medical_Affiliation\Medical_Affiliation.csproj]
C:\Users\HP\Downloads\Medical\Medical_Affiliation\Controllers\Aff_AHSController.cs(864,48): warning CS8600: Converting null literal or possible null value to non-nullable type. [C:\Users\HP\Downloads\Medical\Medical_Affiliation\Medical_Affiliation.csproj]
C:\Users\HP\Downloads\Medical\Medical_Affiliation\Controllers\Aff_AHSController.cs(865,44): warning CS8600: Converting null literal or possible null value to non-nullable type. [C:\Users\HP\Downloads\Medical\Medical_Affiliation\Medical_Affiliation.csproj]
C:\Users\HP\Downloads\Medical\Medical_Affiliation\Controllers\Aff_AHSController.cs(866,35): warning CS8600: Converting null literal or possible null value to non-nullable type. [C:\Users\HP\Downloads\Medical\Medical_Affiliation\Medical_Affiliation.csproj]
C:\Users\HP\Downloads\Medical\Medical_Affiliation\Controllers\Aff_AHSController.cs(867,40): warning CS8600: Converting null literal or possible null value to non-nullable type. [C:\Users\HP\Downloads\Medical\Medical_Affiliation\Medical_Affiliation.csproj]
C:\Users\HP\Downloads\Medical\Medical_Affiliation\Controllers\Aff_AHSController.cs(868,36): warning CS8600: Converting null literal or possible null value to non-nullable type. [C:\Users\HP\Downloads\Medical\Medical_Affiliation\Medical_Affiliation.csproj]
C:\Users\HP\Downloads\Medical\Medical_Affiliation\Controllers\Aff_AHSController.cs(953,32): warning CS8600: Converting null literal or possible null value to non-nullable type. [C:\Users\HP\Downloads\Medical\Medical_Affiliation\Medical_Affiliation.csproj]
C:\Users\HP\Downloads\Medical\Medical_Affiliation\Controllers\Aff_AHSController.cs(960,33): warning CS8600: Converting null literal or possible null value to non-nullable type. [C:\Users\HP\Downloads\Medical\Medical_Affiliation\Medical_Affiliation.csproj]
C:\Users\HP\Downloads\Medical\Medical_Affiliation\Controllers\Aff_AHSController.cs(965,33): warning CS8600: Converting null literal or possible null value to non-nullable type. [C:\Users\HP\Downloads\Medical\Medical_Affiliation\Medical_Affiliation.csproj]
C:\Users\HP\Downloads\Medical\Medical_Affiliation\Controllers\Aff_AHSController.cs(970,33): warning CS8600: Converting null literal or possible null value to non-nullable type. [C:\Users\HP\Downloads\Medical\Medical_Affiliation\Medical_Affiliation.csproj]
C:\Users\HP\Downloads\Medical\Medical_Affiliation\Controllers\Aff_AHSController.cs(975,33): warning CS8600: Converting null literal or possible null value to non-nullable type. [C:\Users\HP\Downloads\Medical\Medical_Affiliation\Medical_Affiliation.csproj]
C:\Users\HP\Downloads\Medical\Medical_Affiliation\Controllers\Aff_CA_MedicalLibraryController.cs(816,35): warning CS8601: Possible null reference assignment. [C:\Users\HP\Downloads\Medical\Medical_Affiliation\Medical_Affiliation.csproj]
C:\Users\HP\Downloads\Medical\Medical_Affiliation\Controllers\Aff_CA_MedicalLibraryController.cs(817,35): warning CS8601: Possible null reference assignment. [C:\Users\HP\Downloads\Medical\Medical_Affiliation\Medical_Affiliation.csproj]
C:\Users\HP\Downloads\Medical\Medical_Affiliation\Controllers\Aff_HomeopathyController.cs(366,32): warning CS8600: Converting null literal or possible null value to non-nullable type. [C:\Users\HP\Downloads\Medical\Medical_Affiliation\Medical_Affiliation.csproj]
C:\Users\HP\Downloads\Medical\Medical_Affiliation\Controllers\Aff_HomeopathyController.cs(372,43): warning CS8600: Converting null literal or possible null value to non-nullable type. [C:\Users\HP\Downloads\Medical\Medical_Affiliation\Medical_Affiliation.csproj]
C:\Users\HP\Downloads\Medical\Medical_Affiliation\Controllers\Aff_HomeopathyController.cs(373,43): warning CS8600: Converting null literal or possible null value to non-nullable type. [C:\Users\HP\Downloads\Medical\Medical_Affiliation\Medical_Affiliation.csproj]
C:\Users\HP\Downloads\Medical\Medical_Affiliation\Controllers\Aff_HomeopathyController.cs(374,41): warning CS8600: Converting null literal or possible null value to non-nullable type. [C:\Users\HP\Downloads\Medical\Medical_Affiliation\Medical_Affiliation.csproj]
C:\Users\HP\Downloads\Medical\Medical_Affiliation\Controllers\Aff_AHSController.cs(1081,32): warning CS8600: Converting null literal or possible null value to non-nullable type. [C:\Users\HP\Downloads\Medical\Medical_Affiliation\Medical_Affiliation.csproj]
C:\Users\HP\Downloads\Medical\Medical_Affiliation\Controllers\Aff_AHSController.cs(1087,41): warning CS8600: Converting null literal or possible null value to non-nullable type. [C:\Users\HP\Downloads\Medical\Medical_Affiliation\Medical_Affiliation.csproj]
C:\Users\HP\Downloads\Medical\Medical_Affiliation\Controllers\Aff_AHSController.cs(1088,43): warning CS8600: Converting null literal or possible null value to non-nullable type. [C:\Users\HP\Downloads\Medical\Medical_Affiliation\Medical_Affiliation.csproj]
C:\Users\HP\Downloads\Medical\Medical_Affiliation\Controllers\Aff_AHSController.cs(1089,46): warning CS8600: Converting null literal or possible null value to non-nullable type. [C:\Users\HP\Downloads\Medical\Medical_Affiliation\Medical_Affiliation.csproj]
C:\Users\HP\Downloads\Medical\Medical_Affiliation\Controllers\Aff_AHSController.cs(1090,47): warning CS8600: Converting null literal or possible null value to non-nullable type. [C:\Users\HP\Downloads\Medical\Medical_Affiliation\Medical_Affiliation.csproj]
C:\Users\HP\Downloads\Medical\Medical_Affiliation\Controllers\Aff_AHSController.cs(1091,42): warning CS8600: Converting null literal or possible null value to non-nullable type. [C:\Users\HP\Downloads\Medical\Medical_Affiliation\Medical_Affiliation.csproj]
C:\Users\HP\Downloads\Medical\Medical_Affiliation\Controllers\Aff_AHSController.cs(1092,42): warning CS8600: Converting null literal or possible null value to non-nullable type. [C:\Users\HP\Downloads\Medical\Medical_Affiliation\Medical_Affiliation.csproj]
C:\Users\HP\Downloads\Medical\Medical_Affiliation\Controllers\Aff_NursingController.cs(224,35): warning CS8601: Possible null reference assignment. [C:\Users\HP\Downloads\Medical\Medical_Affiliation\Medical_Affiliation.csproj]
C:\Users\HP\Downloads\Medical\Medical_Affiliation\Controllers\Aff_DentalController.cs(508,32): warning CS8600: Converting null literal or possible null value to non-nullable type. [C:\Users\HP\Downloads\Medical\Medical_Affiliation\Medical_Affiliation.csproj]
C:\Users\HP\Downloads\Medical\Medical_Affiliation\Controllers\Aff_DentalController.cs(515,33): warning CS8600: Converting null literal or possible null value to non-nullable type. [C:\Users\HP\Downloads\Medical\Medical_Affiliation\Medical_Affiliation.csproj]
C:\Users\HP\Downloads\Medical\Medical_Affiliation\Controllers\Aff_DentalController.cs(519,33): warning CS8600: Converting null literal or possible null value to non-nullable type. [C:\Users\HP\Downloads\Medical\Medical_Affiliation\Medical_Affiliation.csproj]
C:\Users\HP\Downloads\Medical\Medical_Affiliation\Controllers\Aff_DentalController.cs(523,33): warning CS8600: Converting null literal or possible null value to non-nullable type. [C:\Users\HP\Downloads\Medical\Medical_Affiliation\Medical_Affiliation.csproj]
C:\Users\HP\Downloads\Medical\Medical_Affiliation\Controllers\Aff_DentalController.cs(527,33): warning CS8600: Converting null literal or possible null value to non-nullable type. [C:\Users\HP\Downloads\Medical\Medical_Affiliation\Medical_Affiliation.csproj]
C:\Users\HP\Downloads\Medical\Medical_Affiliation\Controllers\Aff_DentalController.cs(531,33): warning CS8600: Converting null literal or possible null value to non-nullable type. [C:\Users\HP\Downloads\Medical\Medical_Affiliation\Medical_Affiliation.csproj]
C:\Users\HP\Downloads\Medical\Medical_Affiliation\Controllers\Aff_DentalController.cs(535,33): warning CS8600: Converting null literal or possible null value to non-nullable type. [C:\Users\HP\Downloads\Medical\Medical_Affiliation\Medical_Affiliation.csproj]
C:\Users\HP\Downloads\Medical\Medical_Affiliation\Controllers\Aff_DentalController.cs(539,33): warning CS8600: Converting null literal or possible null value to non-nullable type. [C:\Users\HP\Downloads\Medical\Medical_Affiliation\Medical_Affiliation.csproj]
C:\Users\HP\Downloads\Medical\Medical_Affiliation\Controllers\Aff_DentalController.cs(543,33): warning CS8600: Converting null literal or possible null value to non-nullable type. [C:\Users\HP\Downloads\Medical\Medical_Affiliation\Medical_Affiliation.csproj]
C:\Users\HP\Downloads\Medical\Medical_Affiliation\Controllers\Aff_DentalController.cs(547,33): warning CS8600: Converting null literal or possible null value to non-nullable type. [C:\Users\HP\Downloads\Medical\Medical_Affiliation\Medical_Affiliation.csproj]
C:\Users\HP\Downloads\Medical\Medical_Affiliation\Controllers\Aff_CA_SS_CoursesAppliedSSController.cs(902,35): warning CS8600: Converting null literal or possible null value to non-nullable type. [C:\Users\HP\Downloads\Medical\Medical_Affiliation\Medical_Affiliation.csproj]
C:\Users\HP\Downloads\Medical\Medical_Affiliation\Controllers\Aff_CA_SS_CoursesAppliedSSController.cs(903,35): warning CS8600: Converting null literal or possible null value to non-nullable type. [C:\Users\HP\Downloads\Medical\Medical_Affiliation\Medical_Affiliation.csproj]
C:\Users\HP\Downloads\Medical\Medical_Affiliation\Controllers\Aff_CA_SS_CoursesAppliedSSController.cs(905,34): warning CS8604: Possible null reference argument for parameter 'file' in 'bool Aff_CA_SS_CoursesAppliedSSController.FileTooLarge(IFormFile file)'. [C:\Users\HP\Downloads\Medical\Medical_Affiliation\Medical_Affiliation.csproj]
C:\Users\HP\Downloads\Medical\Medical_Affiliation\Controllers\Aff_CA_SS_CoursesAppliedSSController.cs(918,29): warning CS8604: Possible null reference argument for parameter 'facultyCode' in 'Task<string?> Aff_CA_SS_CoursesAppliedSSController.SaveSSFileAsync(IFormFile? file, string folder, string facultyCode)'. [C:\Users\HP\Downloads\Medical\Medical_Affiliation\Medical_Affiliation.csproj]
C:\Users\HP\Downloads\Medical\Medical_Affiliation\Controllers\Aff_CA_SS_CoursesAppliedSSController.cs(920,32): warning CS8600: Converting null literal or possible null value to non-nullable type. [C:\Users\HP\Downloads\Medical\Medical_Affiliation\Medical_Affiliation.csproj]
C:\Users\HP\Downloads\Medical\Medical_Affiliation\Controllers\Aff_CA_SS_CoursesAppliedSSController.cs(936,41): warning CS8601: Possible null reference assignment. [C:\Users\HP\Downloads\Medical\Medical_Affiliation\Medical_Affiliation.csproj]
C:\Users\HP\Downloads\Medical\Medical_Affiliation\Controllers\Aff_NaturopathyController.cs(461,31): warning CS8601: Possible null reference assignment. [C:\Users\HP\Downloads\Medical\Medical_Affiliation\Medical_Affiliation.csproj]
C:\Users\HP\Downloads\Medical\Medical_Affiliation\Controllers\Aff_NaturopathyController.cs(462,31): warning CS8601: Possible null reference assignment. [C:\Users\HP\Downloads\Medical\Medical_Affiliation\Medical_Affiliation.csproj]
C:\Users\HP\Downloads\Medical\Medical_Affiliation\Controllers\Aff_NaturopathyController.cs(469,62): warning CS8603: Possible null reference return. [C:\Users\HP\Downloads\Medical\Medical_Affiliation\Medical_Affiliation.csproj]
C:\Users\HP\Downloads\Medical\Medical_Affiliation\Controllers\Aff_PharmacyController.cs(35,31): warning CS8601: Possible null reference assignment. [C:\Users\HP\Downloads\Medical\Medical_Affiliation\Medical_Affiliation.csproj]
C:\Users\HP\Downloads\Medical\Medical_Affiliation\Controllers\Aff_PharmacyController.cs(36,31): warning CS8601: Possible null reference assignment. [C:\Users\HP\Downloads\Medical\Medical_Affiliation\Medical_Affiliation.csproj]
C:\Users\HP\Downloads\Medical\Medical_Affiliation\Controllers\Aff_PharmacyController.cs(37,33): warning CS8601: Possible null reference assignment. [C:\Users\HP\Downloads\Medical\Medical_Affiliation\Medical_Affiliation.csproj]
C:\Users\HP\Downloads\Medical\Medical_Affiliation\Controllers\Aff_PharmacyController.cs(38,36): warning CS8601: Possible null reference assignment. [C:\Users\HP\Downloads\Medical\Medical_Affiliation\Medical_Affiliation.csproj]
C:\Users\HP\Downloads\Medical\Medical_Affiliation\Controllers\Aff_PharmacyController.cs(59,38): warning CS8601: Possible null reference assignment. [C:\Users\HP\Downloads\Medical\Medical_Affiliation\Medical_Affiliation.csproj]
C:\Users\HP\Downloads\Medical\Medical_Affiliation\Controllers\Aff_PharmacyController.cs(60,35): warning CS8601: Possible null reference assignment. [C:\Users\HP\Downloads\Medical\Medical_Affiliation\Medical_Affiliation.csproj]
C:\Users\HP\Downloads\Medical\Medical_Affiliation\Controllers\Aff_PharmacyController.cs(86,35): warning CS8601: Possible null reference assignment. [C:\Users\HP\Downloads\Medical\Medical_Affiliation\Medical_Affiliation.csproj]
C:\Users\HP\Downloads\Medical\Medical_Affiliation\Controllers\Aff_PharmacyController.cs(88,37): warning CS8601: Possible null reference assignment. [C:\Users\HP\Downloads\Medical\Medical_Affiliation\Medical_Affiliation.csproj]
C:\Users\HP\Downloads\Medical\Medical_Affiliation\Controllers\Aff_DentalController.cs(634,31): warning CS8601: Possible null reference assignment. [C:\Users\HP\Downloads\Medical\Medical_Affiliation\Medical_Affiliation.csproj]
C:\Users\HP\Downloads\Medical\Medical_Affiliation\Controllers\Aff_DentalController.cs(635,31): warning CS8601: Possible null reference assignment. [C:\Users\HP\Downloads\Medical\Medical_Affiliation\Medical_Affiliation.csproj]
C:\Users\HP\Downloads\Medical\Medical_Affiliation\Controllers\Aff_DentalController.cs(642,62): warning CS8603: Possible null reference return. [C:\Users\HP\Downloads\Medical\Medical_Affiliation\Medical_Affiliation.csproj]
C:\Users\HP\Downloads\Medical\Medical_Affiliation\Controllers\Aff_AHSController.cs(1161,42): warning CS8601: Possible null reference assignment. [C:\Users\HP\Downloads\Medical\Medical_Affiliation\Medical_Affiliation.csproj]
C:\Users\HP\Downloads\Medical\Medical_Affiliation\Controllers\Aff_AHSController.cs(1162,42): warning CS8601: Possible null reference assignment. [C:\Users\HP\Downloads\Medical\Medical_Affiliation\Medical_Affiliation.csproj]
C:\Users\HP\Downloads\Medical\Medical_Affiliation\Controllers\Aff_AHSController.cs(1163,42): warning CS8601: Possible null reference assignment. [C:\Users\HP\Downloads\Medical\Medical_Affiliation\Medical_Affiliation.csproj]
C:\Users\HP\Downloads\Medical\Medical_Affiliation\Controllers\Aff_DentalController.cs(670,32): warning CS8600: Converting null literal or possible null value to non-nullable type. [C:\Users\HP\Downloads\Medical\Medical_Affiliation\Medical_Affiliation.csproj]
C:\Users\HP\Downloads\Medical\Medical_Affiliation\Controllers\Aff_DentalController.cs(677,33): warning CS8600: Converting null literal or possible null value to non-nullable type. [C:\Users\HP\Downloads\Medical\Medical_Affiliation\Medical_Affiliation.csproj]
C:\Users\HP\Downloads\Medical\Medical_Affiliation\Controllers\Aff_DentalController.cs(681,33): warning CS8600: Converting null literal or possible null value to non-nullable type. [C:\Users\HP\Downloads\Medical\Medical_Affiliation\Medical_Affiliation.csproj]
C:\Users\HP\Downloads\Medical\Medical_Affiliation\Controllers\Aff_DentalController.cs(685,33): warning CS8600: Converting null literal or possible null value to non-nullable type. [C:\Users\HP\Downloads\Medical\Medical_Affiliation\Medical_Affiliation.csproj]
C:\Users\HP\Downloads\Medical\Medical_Affiliation\Controllers\Aff_DentalController.cs(689,33): warning CS8600: Converting null literal or possible null value to non-nullable type. [C:\Users\HP\Downloads\Medical\Medical_Affiliation\Medical_Affiliation.csproj]
C:\Users\HP\Downloads\Medical\Medical_Affiliation\Controllers\Aff_DentalController.cs(693,33): warning CS8600: Converting null literal or possible null value to non-nullable type. [C:\Users\HP\Downloads\Medical\Medical_Affiliation\Medical_Affiliation.csproj]
C:\Users\HP\Downloads\Medical\Medical_Affiliation\Controllers\Aff_DentalController.cs(697,33): warning CS8600: Converting null literal or possible null value to non-nullable type. [C:\Users\HP\Downloads\Medical\Medical_Affiliation\Medical_Affiliation.csproj]
C:\Users\HP\Downloads\Medical\Medical_Affiliation\Controllers\Aff_DentalController.cs(701,33): warning CS8600: Converting null literal or possible null value to non-nullable type. [C:\Users\HP\Downloads\Medical\Medical_Affiliation\Medical_Affiliation.csproj]
C:\Users\HP\Downloads\Medical\Medical_Affiliation\Controllers\Aff_DentalController.cs(705,33): warning CS8600: Converting null literal or possible null value to non-nullable type. [C:\Users\HP\Downloads\Medical\Medical_Affiliation\Medical_Affiliation.csproj]
C:\Users\HP\Downloads\Medical\Medical_Affiliation\Controllers\Aff_DentalController.cs(709,33): warning CS8600: Converting null literal or possible null value to non-nullable type. [C:\Users\HP\Downloads\Medical\Medical_Affiliation\Medical_Affiliation.csproj]
C:\Users\HP\Downloads\Medical\Medical_Affiliation\Controllers\Aff_NaturopathyController.cs(570,32): warning CS8600: Converting null literal or possible null value to non-nullable type. [C:\Users\HP\Downloads\Medical\Medical_Affiliation\Medical_Affiliation.csproj]
C:\Users\HP\Downloads\Medical\Medical_Affiliation\Controllers\Aff_NaturopathyController.cs(577,33): warning CS8600: Converting null literal or possible null value to non-nullable type. [C:\Users\HP\Downloads\Medical\Medical_Affiliation\Medical_Affiliation.csproj]
C:\Users\HP\Downloads\Medical\Medical_Affiliation\Controllers\Aff_NaturopathyController.cs(581,33): warning CS8600: Converting null literal or possible null value to non-nullable type. [C:\Users\HP\Downloads\Medical\Medical_Affiliation\Medical_Affiliation.csproj]
C:\Users\HP\Downloads\Medical\Medical_Affiliation\Controllers\Aff_NaturopathyController.cs(585,33): warning CS8600: Converting null literal or possible null value to non-nullable type. [C:\Users\HP\Downloads\Medical\Medical_Affiliation\Medical_Affiliation.csproj]
C:\Users\HP\Downloads\Medical\Medical_Affiliation\Controllers\Aff_NaturopathyController.cs(589,33): warning CS8600: Converting null literal or possible null value to non-nullable type. [C:\Users\HP\Downloads\Medical\Medical_Affiliation\Medical_Affiliation.csproj]
C:\Users\HP\Downloads\Medical\Medical_Affiliation\Controllers\Aff_NaturopathyController.cs(593,33): warning CS8600: Converting null literal or possible null value to non-nullable type. [C:\Users\HP\Downloads\Medical\Medical_Affiliation\Medical_Affiliation.csproj]
C:\Users\HP\Downloads\Medical\Medical_Affiliation\Controllers\Aff_NaturopathyController.cs(597,33): warning CS8600: Converting null literal or possible null value to non-nullable type. [C:\Users\HP\Downloads\Medical\Medical_Affiliation\Medical_Affiliation.csproj]
C:\Users\HP\Downloads\Medical\Medical_Affiliation\Controllers\Aff_NaturopathyController.cs(601,33): warning CS8600: Converting null literal or possible null value to non-nullable type. [C:\Users\HP\Downloads\Medical\Medical_Affiliation\Medical_Affiliation.csproj]
C:\Users\HP\Downloads\Medical\Medical_Affiliation\Controllers\Aff_NaturopathyController.cs(605,33): warning CS8600: Converting null literal or possible null value to non-nullable type. [C:\Users\HP\Downloads\Medical\Medical_Affiliation\Medical_Affiliation.csproj]
C:\Users\HP\Downloads\Medical\Medical_Affiliation\Controllers\Aff_NaturopathyController.cs(609,33): warning CS8600: Converting null literal or possible null value to non-nullable type. [C:\Users\HP\Downloads\Medical\Medical_Affiliation\Medical_Affiliation.csproj]
C:\Users\HP\Downloads\Medical\Medical_Affiliation\Controllers\Aff_CA_SS_CoursesAppliedSSController.cs(1023,35): warning CS8600: Converting null literal or possible null value to non-nullable type. [C:\Users\HP\Downloads\Medical\Medical_Affiliation\Medical_Affiliation.csproj]
C:\Users\HP\Downloads\Medical\Medical_Affiliation\Controllers\Aff_CA_SS_CoursesAppliedSSController.cs(1024,35): warning CS8600: Converting null literal or possible null value to non-nullable type. [C:\Users\HP\Downloads\Medical\Medical_Affiliation\Medical_Affiliation.csproj]
C:\Users\HP\Downloads\Medical\Medical_Affiliation\Controllers\Aff_CA_SS_CoursesAppliedSSController.cs(1026,34): warning CS8604: Possible null reference argument for parameter 'file' in 'bool Aff_CA_SS_CoursesAppliedSSController.FileTooLarge(IFormFile file)'. [C:\Users\HP\Downloads\Medical\Medical_Affiliation\Medical_Affiliation.csproj]
C:\Users\HP\Downloads\Medical\Medical_Affiliation\Controllers\Aff_CA_SS_CoursesAppliedSSController.cs(1039,26): warning CS8604: Possible null reference argument for parameter 'facultyCode' in 'Task<string?> Aff_CA_SS_CoursesAppliedSSController.SaveSSFileAsync(IFormFile? file, string folder, string facultyCode)'. [C:\Users\HP\Downloads\Medical\Medical_Affiliation\Medical_Affiliation.csproj]
C:\Users\HP\Downloads\Medical\Medical_Affiliation\Controllers\Aff_CA_SS_CoursesAppliedSSController.cs(1041,32): warning CS8600: Converting null literal or possible null value to non-nullable type. [C:\Users\HP\Downloads\Medical\Medical_Affiliation\Medical_Affiliation.csproj]
C:\Users\HP\Downloads\Medical\Medical_Affiliation\Controllers\Aff_CA_SS_CoursesAppliedSSController.cs(1057,41): warning CS8601: Possible null reference assignment. [C:\Users\HP\Downloads\Medical\Medical_Affiliation\Medical_Affiliation.csproj]
C:\Users\HP\Downloads\Medical\Medical_Affiliation\Controllers\Aff_HomeopathyController.cs(461,31): warning CS8601: Possible null reference assignment. [C:\Users\HP\Downloads\Medical\Medical_Affiliation\Medical_Affiliation.csproj]
C:\Users\HP\Downloads\Medical\Medical_Affiliation\Controllers\Aff_HomeopathyController.cs(462,31): warning CS8601: Possible null reference assignment. [C:\Users\HP\Downloads\Medical\Medical_Affiliation\Medical_Affiliation.csproj]
C:\Users\HP\Downloads\Medical\Medical_Affiliation\Controllers\Aff_HomeopathyController.cs(469,62): warning CS8603: Possible null reference return. [C:\Users\HP\Downloads\Medical\Medical_Affiliation\Medical_Affiliation.csproj]
C:\Users\HP\Downloads\Medical\Medical_Affiliation\Controllers\Aff_PharmacyController.cs(219,35): warning CS8601: Possible null reference assignment. [C:\Users\HP\Downloads\Medical\Medical_Affiliation\Medical_Affiliation.csproj]
C:\Users\HP\Downloads\Medical\Medical_Affiliation\Controllers\Aff_DentalController.cs(803,39): warning CS8601: Possible null reference assignment. [C:\Users\HP\Downloads\Medical\Medical_Affiliation\Medical_Affiliation.csproj]
C:\Users\HP\Downloads\Medical\Medical_Affiliation\Controllers\Aff_DentalController.cs(804,39): warning CS8601: Possible null reference assignment. [C:\Users\HP\Downloads\Medical\Medical_Affiliation\Medical_Affiliation.csproj]
C:\Users\HP\Downloads\Medical\Medical_Affiliation\Controllers\CAPreviewController.cs(16,16): warning CS8618: Non-nullable field '_userContext' must contain a non-null value when exiting constructor. Consider adding the 'required' modifier or declaring the field as nullable. [C:\Users\HP\Downloads\Medical\Medical_Affiliation\Medical_Affiliation.csproj]
C:\Users\HP\Downloads\Medical\Medical_Affiliation\Controllers\Aff_DentalController.cs(1269,21): warning CS8602: Dereference of a possibly null reference. [C:\Users\HP\Downloads\Medical\Medical_Affiliation\Medical_Affiliation.csproj]
C:\Users\HP\Downloads\Medical\Medical_Affiliation\Controllers\Aff_DentalController.cs(1274,46): warning CS8629: Nullable value type may be null. [C:\Users\HP\Downloads\Medical\Medical_Affiliation\Medical_Affiliation.csproj]
C:\Users\HP\Downloads\Medical\Medical_Affiliation\Controllers\Aff_DentalController.cs(1275,43): warning CS8629: Nullable value type may be null. [C:\Users\HP\Downloads\Medical\Medical_Affiliation\Medical_Affiliation.csproj]
C:\Users\HP\Downloads\Medical\Medical_Affiliation\Controllers\Aff_CA_SS_CoursesAppliedSSController.cs(1143,54): warning CS8600: Converting null literal or possible null value to non-nullable type. [C:\Users\HP\Downloads\Medical\Medical_Affiliation\Medical_Affiliation.csproj]
C:\Users\HP\Downloads\Medical\Medical_Affiliation\Controllers\Aff_CA_SS_CoursesAppliedSSController.cs(1148,22): warning CS8600: Converting null literal or possible null value to non-nullable type. [C:\Users\HP\Downloads\Medical\Medical_Affiliation\Medical_Affiliation.csproj]
C:\Users\HP\Downloads\Medical\Medical_Affiliation\Controllers\Aff_CA_SS_CoursesAppliedSSController.cs(1154,22): warning CS8600: Converting null literal or possible null value to non-nullable type. [C:\Users\HP\Downloads\Medical\Medical_Affiliation\Medical_Affiliation.csproj]
C:\Users\HP\Downloads\Medical\Medical_Affiliation\Controllers\Aff_CA_SS_CoursesAppliedSSController.cs(1180,32): warning CS8604: Possible null reference argument for parameter 'facultyCode' in 'Task<string?> Aff_CA_SS_CoursesAppliedSSController.SaveSSFileAsync(IFormFile? file, string folder, string facultyCode)'. [C:\Users\HP\Downloads\Medical\Medical_Affiliation\Medical_Affiliation.csproj]
C:\Users\HP\Downloads\Medical\Medical_Affiliation\Controllers\Aff_CA_SS_CoursesAppliedSSController.cs(1197,27): warning CS8604: Possible null reference argument for parameter 'facultyCode' in 'Task<string?> Aff_CA_SS_CoursesAppliedSSController.SaveSSFileAsync(IFormFile? file, string folder, string facultyCode)'. [C:\Users\HP\Downloads\Medical\Medical_Affiliation\Medical_Affiliation.csproj]
C:\Users\HP\Downloads\Medical\Medical_Affiliation\Controllers\Aff_CA_SS_CoursesAppliedSSController.cs(1202,41): warning CS8601: Possible null reference assignment. [C:\Users\HP\Downloads\Medical\Medical_Affiliation\Medical_Affiliation.csproj]
C:\Users\HP\Downloads\Medical\Medical_Affiliation\Controllers\Aff_AHSController.cs(1236,45): warning CS8600: Converting null literal or possible null value to non-nullable type. [C:\Users\HP\Downloads\Medical\Medical_Affiliation\Medical_Affiliation.csproj]
C:\Users\HP\Downloads\Medical\Medical_Affiliation\Controllers\Aff_AHSController.cs(1237,48): warning CS8600: Converting null literal or possible null value to non-nullable type. [C:\Users\HP\Downloads\Medical\Medical_Affiliation\Medical_Affiliation.csproj]
C:\Users\HP\Downloads\Medical\Medical_Affiliation\Controllers\Aff_AHSController.cs(1238,44): warning CS8600: Converting null literal or possible null value to non-nullable type. [C:\Users\HP\Downloads\Medical\Medical_Affiliation\Medical_Affiliation.csproj]
C:\Users\HP\Downloads\Medical\Medical_Affiliation\Controllers\Aff_AHSController.cs(1239,39): warning CS8600: Converting null literal or possible null value to non-nullable type. [C:\Users\HP\Downloads\Medical\Medical_Affiliation\Medical_Affiliation.csproj]
C:\Users\HP\Downloads\Medical\Medical_Affiliation\Controllers\Aff_AHSController.cs(1256,45): warning CS8600: Converting null literal or possible null value to non-nullable type. [C:\Users\HP\Downloads\Medical\Medical_Affiliation\Medical_Affiliation.csproj]
C:\Users\HP\Downloads\Medical\Medical_Affiliation\Controllers\Aff_AHSController.cs(1260,59): warning CS8602: Dereference of a possibly null reference. [C:\Users\HP\Downloads\Medical\Medical_Affiliation\Medical_Affiliation.csproj]
C:\Users\HP\Downloads\Medical\Medical_Affiliation\Controllers\Aff_AHSController.cs(1259,42): warning CS8600: Converting null literal or possible null value to non-nullable type. [C:\Users\HP\Downloads\Medical\Medical_Affiliation\Medical_Affiliation.csproj]
C:\Users\HP\Downloads\Medical\Medical_Affiliation\Controllers\Aff_AHSController.cs(1267,63): warning CS8602: Dereference of a possibly null reference. [C:\Users\HP\Downloads\Medical\Medical_Affiliation\Medical_Affiliation.csproj]
C:\Users\HP\Downloads\Medical\Medical_Affiliation\Controllers\Aff_AHSController.cs(1266,46): warning CS8600: Converting null literal or possible null value to non-nullable type. [C:\Users\HP\Downloads\Medical\Medical_Affiliation\Medical_Affiliation.csproj]
C:\Users\HP\Downloads\Medical\Medical_Affiliation\Controllers\Aff_AHSController.cs(1280,67): warning CS8602: Dereference of a possibly null reference. [C:\Users\HP\Downloads\Medical\Medical_Affiliation\Medical_Affiliation.csproj]
C:\Users\HP\Downloads\Medical\Medical_Affiliation\Controllers\Aff_AHSController.cs(1284,42): warning CS8602: Dereference of a possibly null reference. [C:\Users\HP\Downloads\Medical\Medical_Affiliation\Medical_Affiliation.csproj]
C:\Users\HP\Downloads\Medical\Medical_Affiliation\Controllers\Aff_AHSController.cs(1312,44): warning CS8602: Dereference of a possibly null reference. [C:\Users\HP\Downloads\Medical\Medical_Affiliation\Medical_Affiliation.csproj]
C:\Users\HP\Downloads\Medical\Medical_Affiliation\Controllers\Aff_AHSController.cs(1244,51): warning CS8603: Possible null reference return. [C:\Users\HP\Downloads\Medical\Medical_Affiliation\Medical_Affiliation.csproj]
C:\Users\HP\Downloads\Medical\Medical_Affiliation\Controllers\CAPreviewController.cs(66,71): warning CS8600: Converting null literal or possible null value to non-nullable type. [C:\Users\HP\Downloads\Medical\Medical_Affiliation\Medical_Affiliation.csproj]
C:\Users\HP\Downloads\Medical\Medical_Affiliation\Controllers\Aff_NursingController.cs(302,34): warning CS8600: Converting null literal or possible null value to non-nullable type. [C:\Users\HP\Downloads\Medical\Medical_Affiliation\Medical_Affiliation.csproj]
C:\Users\HP\Downloads\Medical\Medical_Affiliation\Controllers\Aff_NursingController.cs(303,34): warning CS8600: Converting null literal or possible null value to non-nullable type. [C:\Users\HP\Downloads\Medical\Medical_Affiliation\Medical_Affiliation.csproj]
C:\Users\HP\Downloads\Medical\Medical_Affiliation\Controllers\Aff_NursingController.cs(329,43): warning CS8601: Possible null reference assignment. [C:\Users\HP\Downloads\Medical\Medical_Affiliation\Medical_Affiliation.csproj]
C:\Users\HP\Downloads\Medical\Medical_Affiliation\Controllers\Aff_NursingController.cs(330,50): warning CS8601: Possible null reference assignment. [C:\Users\HP\Downloads\Medical\Medical_Affiliation\Medical_Affiliation.csproj]
C:\Users\HP\Downloads\Medical\Medical_Affiliation\Controllers\Aff_NursingController.cs(332,48): warning CS8601: Possible null reference assignment. [C:\Users\HP\Downloads\Medical\Medical_Affiliation\Medical_Affiliation.csproj]
C:\Users\HP\Downloads\Medical\Medical_Affiliation\Controllers\Aff_NursingController.cs(333,48): warning CS8601: Possible null reference assignment. [C:\Users\HP\Downloads\Medical\Medical_Affiliation\Medical_Affiliation.csproj]
C:\Users\HP\Downloads\Medical\Medical_Affiliation\Controllers\Aff_NursingController.cs(334,49): warning CS8601: Possible null reference assignment. [C:\Users\HP\Downloads\Medical\Medical_Affiliation\Medical_Affiliation.csproj]
C:\Users\HP\Downloads\Medical\Medical_Affiliation\Controllers\Aff_NursingController.cs(352,43): warning CS8601: Possible null reference assignment. [C:\Users\HP\Downloads\Medical\Medical_Affiliation\Medical_Affiliation.csproj]
C:\Users\HP\Downloads\Medical\Medical_Affiliation\Controllers\Aff_NursingController.cs(353,50): warning CS8601: Possible null reference assignment. [C:\Users\HP\Downloads\Medical\Medical_Affiliation\Medical_Affiliation.csproj]
C:\Users\HP\Downloads\Medical\Medical_Affiliation\Controllers\Aff_NursingController.cs(355,48): warning CS8601: Possible null reference assignment. [C:\Users\HP\Downloads\Medical\Medical_Affiliation\Medical_Affiliation.csproj]
C:\Users\HP\Downloads\Medical\Medical_Affiliation\Controllers\Aff_NursingController.cs(356,48): warning CS8601: Possible null reference assignment. [C:\Users\HP\Downloads\Medical\Medical_Affiliation\Medical_Affiliation.csproj]
C:\Users\HP\Downloads\Medical\Medical_Affiliation\Controllers\Aff_NursingController.cs(357,49): warning CS8601: Possible null reference assignment. [C:\Users\HP\Downloads\Medical\Medical_Affiliation\Medical_Affiliation.csproj]
C:\Users\HP\Downloads\Medical\Medical_Affiliation\Controllers\Aff_NursingController.cs(377,33): warning CS8714: The type 'string?' cannot be used as type parameter 'TKey' in the generic type or method 'Enumerable.ToDictionary<TSource, TKey, TElement>(IEnumerable<TSource>, Func<TSource, TKey>, Func<TSource, TElement>)'. Nullability of type argument 'string?' doesn't match 'notnull' constraint. [C:\Users\HP\Downloads\Medical\Medical_Affiliation\Medical_Affiliation.csproj]
C:\Users\HP\Downloads\Medical\Medical_Affiliation\Controllers\Aff_NursingController.cs(379,31): warning CS8621: Nullability of reference types in return type of 'lambda expression' doesn't match the target delegate 'Func<CollegeCourseIntakeDetail, string?>' (possibly because of nullability attributes). [C:\Users\HP\Downloads\Medical\Medical_Affiliation\Medical_Affiliation.csproj]
C:\Users\HP\Downloads\Medical\Medical_Affiliation\Controllers\Aff_NursingController.cs(381,33): warning CS8714: The type 'string?' cannot be used as type parameter 'TKey' in the generic type or method 'Enumerable.ToDictionary<TSource, TKey, TElement>(IEnumerable<TSource>, Func<TSource, TKey>, Func<TSource, TElement>)'. Nullability of type argument 'string?' doesn't match 'notnull' constraint. [C:\Users\HP\Downloads\Medical\Medical_Affiliation\Medical_Affiliation.csproj]
C:\Users\HP\Downloads\Medical\Medical_Affiliation\Controllers\Aff_NursingController.cs(383,31): warning CS8621: Nullability of reference types in return type of 'lambda expression' doesn't match the target delegate 'Func<CollegeCourseIntakeDetail, string?>' (possibly because of nullability attributes). [C:\Users\HP\Downloads\Medical\Medical_Affiliation\Medical_Affiliation.csproj]
C:\Users\HP\Downloads\Medical\Medical_Affiliation\Controllers\Aff_NaturopathyController.cs(681,45): warning CS8600: Converting null literal or possible null value to non-nullable type. [C:\Users\HP\Downloads\Medical\Medical_Affiliation\Medical_Affiliation.csproj]
C:\Users\HP\Downloads\Medical\Medical_Affiliation\Controllers\Aff_NaturopathyController.cs(682,48): warning CS8600: Converting null literal or possible null value to non-nullable type. [C:\Users\HP\Downloads\Medical\Medical_Affiliation\Medical_Affiliation.csproj]
C:\Users\HP\Downloads\Medical\Medical_Affiliation\Controllers\Aff_NaturopathyController.cs(683,44): warning CS8600: Converting null literal or possible null value to non-nullable type. [C:\Users\HP\Downloads\Medical\Medical_Affiliation\Medical_Affiliation.csproj]
C:\Users\HP\Downloads\Medical\Medical_Affiliation\Controllers\Aff_NaturopathyController.cs(684,39): warning CS8600: Converting null literal or possible null value to non-nullable type. [C:\Users\HP\Downloads\Medical\Medical_Affiliation\Medical_Affiliation.csproj]
C:\Users\HP\Downloads\Medical\Medical_Affiliation\Controllers\Aff_NaturopathyController.cs(689,38): warning CS8600: Converting null literal or possible null value to non-nullable type. [C:\Users\HP\Downloads\Medical\Medical_Affiliation\Medical_Affiliation.csproj]
C:\Users\HP\Downloads\Medical\Medical_Affiliation\Controllers\Aff_NaturopathyController.cs(690,39): warning CS8600: Converting null literal or possible null value to non-nullable type. [C:\Users\HP\Downloads\Medical\Medical_Affiliation\Medical_Affiliation.csproj]
C:\Users\HP\Downloads\Medical\Medical_Affiliation\Controllers\Aff_NaturopathyController.cs(691,42): warning CS8600: Converting null literal or possible null value to non-nullable type. [C:\Users\HP\Downloads\Medical\Medical_Affiliation\Medical_Affiliation.csproj]
C:\Users\HP\Downloads\Medical\Medical_Affiliation\Controllers\Aff_NaturopathyController.cs(692,37): warning CS8600: Converting null literal or possible null value to non-nullable type. [C:\Users\HP\Downloads\Medical\Medical_Affiliation\Medical_Affiliation.csproj]
C:\Users\HP\Downloads\Medical\Medical_Affiliation\Controllers\Aff_NaturopathyController.cs(693,42): warning CS8600: Converting null literal or possible null value to non-nullable type. [C:\Users\HP\Downloads\Medical\Medical_Affiliation\Medical_Affiliation.csproj]
C:\Users\HP\Downloads\Medical\Medical_Affiliation\Controllers\Aff_NaturopathyController.cs(694,42): warning CS8600: Converting null literal or possible null value to non-nullable type. [C:\Users\HP\Downloads\Medical\Medical_Affiliation\Medical_Affiliation.csproj]
C:\Users\HP\Downloads\Medical\Medical_Affiliation\Controllers\Aff_NaturopathyController.cs(695,42): warning CS8600: Converting null literal or possible null value to non-nullable type. [C:\Users\HP\Downloads\Medical\Medical_Affiliation\Medical_Affiliation.csproj]
C:\Users\HP\Downloads\Medical\Medical_Affiliation\Controllers\Aff_NaturopathyController.cs(696,47): warning CS8600: Converting null literal or possible null value to non-nullable type. [C:\Users\HP\Downloads\Medical\Medical_Affiliation\Medical_Affiliation.csproj]
C:\Users\HP\Downloads\Medical\Medical_Affiliation\Controllers\Aff_NaturopathyController.cs(697,47): warning CS8600: Converting null literal or possible null value to non-nullable type. [C:\Users\HP\Downloads\Medical\Medical_Affiliation\Medical_Affiliation.csproj]
C:\Users\HP\Downloads\Medical\Medical_Affiliation\Controllers\Aff_NaturopathyController.cs(762,57): warning CS8601: Possible null reference assignment. [C:\Users\HP\Downloads\Medical\Medical_Affiliation\Medical_Affiliation.csproj]
C:\Users\HP\Downloads\Medical\Medical_Affiliation\Controllers\Aff_NaturopathyController.cs(792,46): warning CS8601: Possible null reference assignment. [C:\Users\HP\Downloads\Medical\Medical_Affiliation\Medical_Affiliation.csproj]
C:\Users\HP\Downloads\Medical\Medical_Affiliation\Controllers\Aff_NaturopathyController.cs(687,57): warning CS8603: Possible null reference return. [C:\Users\HP\Downloads\Medical\Medical_Affiliation\Medical_Affiliation.csproj]
C:\Users\HP\Downloads\Medical\Medical_Affiliation\Controllers\Aff_NaturopathyController.cs(704,28): warning CS8603: Possible null reference return. [C:\Users\HP\Downloads\Medical\Medical_Affiliation\Medical_Affiliation.csproj]
C:\Users\HP\Downloads\Medical\Medical_Affiliation\Controllers\Aff_PhysioTherapyController.cs(35,31): warning CS8601: Possible null reference assignment. [C:\Users\HP\Downloads\Medical\Medical_Affiliation\Medical_Affiliation.csproj]
C:\Users\HP\Downloads\Medical\Medical_Affiliation\Controllers\Aff_PhysioTherapyController.cs(36,31): warning CS8601: Possible null reference assignment. [C:\Users\HP\Downloads\Medical\Medical_Affiliation\Medical_Affiliation.csproj]
C:\Users\HP\Downloads\Medical\Medical_Affiliation\Controllers\Aff_PhysioTherapyController.cs(37,33): warning CS8601: Possible null reference assignment. [C:\Users\HP\Downloads\Medical\Medical_Affiliation\Medical_Affiliation.csproj]
C:\Users\HP\Downloads\Medical\Medical_Affiliation\Controllers\Aff_PhysioTherapyController.cs(38,36): warning CS8601: Possible null reference assignment. [C:\Users\HP\Downloads\Medical\Medical_Affiliation\Medical_Affiliation.csproj]
C:\Users\HP\Downloads\Medical\Medical_Affiliation\Controllers\Aff_PhysioTherapyController.cs(59,38): warning CS8601: Possible null reference assignment. [C:\Users\HP\Downloads\Medical\Medical_Affiliation\Medical_Affiliation.csproj]
C:\Users\HP\Downloads\Medical\Medical_Affiliation\Controllers\Aff_PhysioTherapyController.cs(60,35): warning CS8601: Possible null reference assignment. [C:\Users\HP\Downloads\Medical\Medical_Affiliation\Medical_Affiliation.csproj]
C:\Users\HP\Downloads\Medical\Medical_Affiliation\Controllers\Aff_PhysioTherapyController.cs(86,35): warning CS8601: Possible null reference assignment. [C:\Users\HP\Downloads\Medical\Medical_Affiliation\Medical_Affiliation.csproj]
C:\Users\HP\Downloads\Medical\Medical_Affiliation\Controllers\Aff_PhysioTherapyController.cs(88,37): warning CS8601: Possible null reference assignment. [C:\Users\HP\Downloads\Medical\Medical_Affiliation\Medical_Affiliation.csproj]
C:\Users\HP\Downloads\Medical\Medical_Affiliation\Controllers\Aff_NaturopathyController.cs(841,32): warning CS8600: Converting null literal or possible null value to non-nullable type. [C:\Users\HP\Downloads\Medical\Medical_Affiliation\Medical_Affiliation.csproj]
C:\Users\HP\Downloads\Medical\Medical_Affiliation\Controllers\Aff_NaturopathyController.cs(848,33): warning CS8600: Converting null literal or possible null value to non-nullable type. [C:\Users\HP\Downloads\Medical\Medical_Affiliation\Medical_Affiliation.csproj]
C:\Users\HP\Downloads\Medical\Medical_Affiliation\Controllers\Aff_NaturopathyController.cs(852,33): warning CS8600: Converting null literal or possible null value to non-nullable type. [C:\Users\HP\Downloads\Medical\Medical_Affiliation\Medical_Affiliation.csproj]
C:\Users\HP\Downloads\Medical\Medical_Affiliation\Controllers\Aff_NaturopathyController.cs(856,33): warning CS8600: Converting null literal or possible null value to non-nullable type. [C:\Users\HP\Downloads\Medical\Medical_Affiliation\Medical_Affiliation.csproj]
C:\Users\HP\Downloads\Medical\Medical_Affiliation\Controllers\Aff_NaturopathyController.cs(860,33): warning CS8600: Converting null literal or possible null value to non-nullable type. [C:\Users\HP\Downloads\Medical\Medical_Affiliation\Medical_Affiliation.csproj]
C:\Users\HP\Downloads\Medical\Medical_Affiliation\Controllers\Aff_NaturopathyController.cs(864,33): warning CS8600: Converting null literal or possible null value to non-nullable type. [C:\Users\HP\Downloads\Medical\Medical_Affiliation\Medical_Affiliation.csproj]
C:\Users\HP\Downloads\Medical\Medical_Affiliation\Controllers\Aff_NaturopathyController.cs(868,33): warning CS8600: Converting null literal or possible null value to non-nullable type. [C:\Users\HP\Downloads\Medical\Medical_Affiliation\Medical_Affiliation.csproj]
C:\Users\HP\Downloads\Medical\Medical_Affiliation\Controllers\Aff_NaturopathyController.cs(872,33): warning CS8600: Converting null literal or possible null value to non-nullable type. [C:\Users\HP\Downloads\Medical\Medical_Affiliation\Medical_Affiliation.csproj]
C:\Users\HP\Downloads\Medical\Medical_Affiliation\Controllers\Aff_NaturopathyController.cs(876,33): warning CS8600: Converting null literal or possible null value to non-nullable type. [C:\Users\HP\Downloads\Medical\Medical_Affiliation\Medical_Affiliation.csproj]
C:\Users\HP\Downloads\Medical\Medical_Affiliation\Controllers\Aff_NaturopathyController.cs(880,33): warning CS8600: Converting null literal or possible null value to non-nullable type. [C:\Users\HP\Downloads\Medical\Medical_Affiliation\Medical_Affiliation.csproj]
C:\Users\HP\Downloads\Medical\Medical_Affiliation\Controllers\Aff_AHSController.cs(1704,52): warning CS8601: Possible null reference assignment. [C:\Users\HP\Downloads\Medical\Medical_Affiliation\Medical_Affiliation.csproj]
C:\Users\HP\Downloads\Medical\Medical_Affiliation\Controllers\Aff_AHSController.cs(1707,52): warning CS8601: Possible null reference assignment. [C:\Users\HP\Downloads\Medical\Medical_Affiliation\Medical_Affiliation.csproj]
C:\Users\HP\Downloads\Medical\Medical_Affiliation\Controllers\Aff_AHSController.cs(1708,48): warning CS8601: Possible null reference assignment. [C:\Users\HP\Downloads\Medical\Medical_Affiliation\Medical_Affiliation.csproj]
C:\Users\HP\Downloads\Medical\Medical_Affiliation\Controllers\Aff_HomeopathyController.cs(570,32): warning CS8600: Converting null literal or possible null value to non-nullable type. [C:\Users\HP\Downloads\Medical\Medical_Affiliation\Medical_Affiliation.csproj]
C:\Users\HP\Downloads\Medical\Medical_Affiliation\Controllers\Aff_HomeopathyController.cs(577,33): warning CS8600: Converting null literal or possible null value to non-nullable type. [C:\Users\HP\Downloads\Medical\Medical_Affiliation\Medical_Affiliation.csproj]
C:\Users\HP\Downloads\Medical\Medical_Affiliation\Controllers\Aff_HomeopathyController.cs(581,33): warning CS8600: Converting null literal or possible null value to non-nullable type. [C:\Users\HP\Downloads\Medical\Medical_Affiliation\Medical_Affiliation.csproj]
C:\Users\HP\Downloads\Medical\Medical_Affiliation\Controllers\Aff_HomeopathyController.cs(585,33): warning CS8600: Converting null literal or possible null value to non-nullable type. [C:\Users\HP\Downloads\Medical\Medical_Affiliation\Medical_Affiliation.csproj]
C:\Users\HP\Downloads\Medical\Medical_Affiliation\Controllers\Aff_HomeopathyController.cs(589,33): warning CS8600: Converting null literal or possible null value to non-nullable type. [C:\Users\HP\Downloads\Medical\Medical_Affiliation\Medical_Affiliation.csproj]
C:\Users\HP\Downloads\Medical\Medical_Affiliation\Controllers\Aff_HomeopathyController.cs(593,33): warning CS8600: Converting null literal or possible null value to non-nullable type. [C:\Users\HP\Downloads\Medical\Medical_Affiliation\Medical_Affiliation.csproj]
C:\Users\HP\Downloads\Medical\Medical_Affiliation\Controllers\Aff_HomeopathyController.cs(597,33): warning CS8600: Converting null literal or possible null value to non-nullable type. [C:\Users\HP\Downloads\Medical\Medical_Affiliation\Medical_Affiliation.csproj]
C:\Users\HP\Downloads\Medical\Medical_Affiliation\Controllers\Aff_HomeopathyController.cs(601,33): warning CS8600: Converting null literal or possible null value to non-nullable type. [C:\Users\HP\Downloads\Medical\Medical_Affiliation\Medical_Affiliation.csproj]
C:\Users\HP\Downloads\Medical\Medical_Affiliation\Controllers\Aff_HomeopathyController.cs(605,33): warning CS8600: Converting null literal or possible null value to non-nullable type. [C:\Users\HP\Downloads\Medical\Medical_Affiliation\Medical_Affiliation.csproj]
C:\Users\HP\Downloads\Medical\Medical_Affiliation\Controllers\Aff_HomeopathyController.cs(609,33): warning CS8600: Converting null literal or possible null value to non-nullable type. [C:\Users\HP\Downloads\Medical\Medical_Affiliation\Medical_Affiliation.csproj]
C:\Users\HP\Downloads\Medical\Medical_Affiliation\Controllers\Aff_NaturopathyController.cs(974,39): warning CS8601: Possible null reference assignment. [C:\Users\HP\Downloads\Medical\Medical_Affiliation\Medical_Affiliation.csproj]
C:\Users\HP\Downloads\Medical\Medical_Affiliation\Controllers\Aff_NaturopathyController.cs(975,39): warning CS8601: Possible null reference assignment. [C:\Users\HP\Downloads\Medical\Medical_Affiliation\Medical_Affiliation.csproj]
C:\Users\HP\Downloads\Medical\Medical_Affiliation\Controllers\Aff_PharmacyController.cs(366,32): warning CS8600: Converting null literal or possible null value to non-nullable type. [C:\Users\HP\Downloads\Medical\Medical_Affiliation\Medical_Affiliation.csproj]
C:\Users\HP\Downloads\Medical\Medical_Affiliation\Controllers\Aff_PharmacyController.cs(372,43): warning CS8600: Converting null literal or possible null value to non-nullable type. [C:\Users\HP\Downloads\Medical\Medical_Affiliation\Medical_Affiliation.csproj]
C:\Users\HP\Downloads\Medical\Medical_Affiliation\Controllers\Aff_PharmacyController.cs(373,43): warning CS8600: Converting null literal or possible null value to non-nullable type. [C:\Users\HP\Downloads\Medical\Medical_Affiliation\Medical_Affiliation.csproj]
C:\Users\HP\Downloads\Medical\Medical_Affiliation\Controllers\Aff_PharmacyController.cs(374,41): warning CS8600: Converting null literal or possible null value to non-nullable type. [C:\Users\HP\Downloads\Medical\Medical_Affiliation\Medical_Affiliation.csproj]
C:\Users\HP\Downloads\Medical\Medical_Affiliation\Controllers\Aff_AHSController.cs(1844,34): warning CS8600: Converting null literal or possible null value to non-nullable type. [C:\Users\HP\Downloads\Medical\Medical_Affiliation\Medical_Affiliation.csproj]
C:\Users\HP\Downloads\Medical\Medical_Affiliation\Controllers\Aff_AHSController.cs(1845,34): warning CS8600: Converting null literal or possible null value to non-nullable type. [C:\Users\HP\Downloads\Medical\Medical_Affiliation\Medical_Affiliation.csproj]
C:\Users\HP\Downloads\Medical\Medical_Affiliation\Controllers\Aff_AHSController.cs(1869,43): warning CS8601: Possible null reference assignment. [C:\Users\HP\Downloads\Medical\Medical_Affiliation\Medical_Affiliation.csproj]
C:\Users\HP\Downloads\Medical\Medical_Affiliation\Controllers\Aff_AHSController.cs(1870,35): warning CS8601: Possible null reference assignment. [C:\Users\HP\Downloads\Medical\Medical_Affiliation\Medical_Affiliation.csproj]
C:\Users\HP\Downloads\Medical\Medical_Affiliation\Controllers\Aff_AHSController.cs(1871,37): warning CS8601: Possible null reference assignment. [C:\Users\HP\Downloads\Medical\Medical_Affiliation\Medical_Affiliation.csproj]
C:\Users\HP\Downloads\Medical\Medical_Affiliation\Controllers\Aff_AHSController.cs(1872,33): warning CS8601: Possible null reference assignment. [C:\Users\HP\Downloads\Medical\Medical_Affiliation\Medical_Affiliation.csproj]
C:\Users\HP\Downloads\Medical\Medical_Affiliation\Controllers\Aff_AHSController.cs(1894,34): warning CS8600: Converting null literal or possible null value to non-nullable type. [C:\Users\HP\Downloads\Medical\Medical_Affiliation\Medical_Affiliation.csproj]
C:\Users\HP\Downloads\Medical\Medical_Affiliation\Controllers\Aff_AHSController.cs(1895,34): warning CS8600: Converting null literal or possible null value to non-nullable type. [C:\Users\HP\Downloads\Medical\Medical_Affiliation\Medical_Affiliation.csproj]
C:\Users\HP\Downloads\Medical\Medical_Affiliation\Controllers\Aff_NursingController.cs(392,34): warning CS8600: Converting null literal or possible null value to non-nullable type. [C:\Users\HP\Downloads\Medical\Medical_Affiliation\Medical_Affiliation.csproj]
C:\Users\HP\Downloads\Medical\Medical_Affiliation\Controllers\Aff_NursingController.cs(393,34): warning CS8600: Converting null literal or possible null value to non-nullable type. [C:\Users\HP\Downloads\Medical\Medical_Affiliation\Medical_Affiliation.csproj]
C:\Users\HP\Downloads\Medical\Medical_Affiliation\Controllers\Aff_NursingController.cs(531,31): warning CS8600: Converting null literal or possible null value to non-nullable type. [C:\Users\HP\Downloads\Medical\Medical_Affiliation\Medical_Affiliation.csproj]
C:\Users\HP\Downloads\Medical\Medical_Affiliation\Controllers\Aff_NaturopathyController.cs(1434,21): warning CS8602: Dereference of a possibly null reference. [C:\Users\HP\Downloads\Medical\Medical_Affiliation\Medical_Affiliation.csproj]
C:\Users\HP\Downloads\Medical\Medical_Affiliation\Controllers\Aff_NaturopathyController.cs(1439,46): warning CS8629: Nullable value type may be null. [C:\Users\HP\Downloads\Medical\Medical_Affiliation\Medical_Affiliation.csproj]
C:\Users\HP\Downloads\Medical\Medical_Affiliation\Controllers\Aff_NaturopathyController.cs(1440,43): warning CS8629: Nullable value type may be null. [C:\Users\HP\Downloads\Medical\Medical_Affiliation\Medical_Affiliation.csproj]
C:\Users\HP\Downloads\Medical\Medical_Affiliation\Controllers\Aff_DentalController.cs(1398,45): warning CS8600: Converting null literal or possible null value to non-nullable type. [C:\Users\HP\Downloads\Medical\Medical_Affiliation\Medical_Affiliation.csproj]
C:\Users\HP\Downloads\Medical\Medical_Affiliation\Controllers\Aff_DentalController.cs(1399,48): warning CS8600: Converting null literal or possible null value to non-nullable type. [C:\Users\HP\Downloads\Medical\Medical_Affiliation\Medical_Affiliation.csproj]
C:\Users\HP\Downloads\Medical\Medical_Affiliation\Controllers\Aff_DentalController.cs(1400,44): warning CS8600: Converting null literal or possible null value to non-nullable type. [C:\Users\HP\Downloads\Medical\Medical_Affiliation\Medical_Affiliation.csproj]
C:\Users\HP\Downloads\Medical\Medical_Affiliation\Controllers\Aff_DentalController.cs(1401,39): warning CS8600: Converting null literal or possible null value to non-nullable type. [C:\Users\HP\Downloads\Medical\Medical_Affiliation\Medical_Affiliation.csproj]
C:\Users\HP\Downloads\Medical\Medical_Affiliation\Controllers\Aff_DentalController.cs(1406,38): warning CS8600: Converting null literal or possible null value to non-nullable type. [C:\Users\HP\Downloads\Medical\Medical_Affiliation\Medical_Affiliation.csproj]
C:\Users\HP\Downloads\Medical\Medical_Affiliation\Controllers\Aff_DentalController.cs(1407,39): warning CS8600: Converting null literal or possible null value to non-nullable type. [C:\Users\HP\Downloads\Medical\Medical_Affiliation\Medical_Affiliation.csproj]
C:\Users\HP\Downloads\Medical\Medical_Affiliation\Controllers\Aff_DentalController.cs(1408,42): warning CS8600: Converting null literal or possible null value to non-nullable type. [C:\Users\HP\Downloads\Medical\Medical_Affiliation\Medical_Affiliation.csproj]
C:\Users\HP\Downloads\Medical\Medical_Affiliation\Controllers\Aff_DentalController.cs(1409,37): warning CS8600: Converting null literal or possible null value to non-nullable type. [C:\Users\HP\Downloads\Medical\Medical_Affiliation\Medical_Affiliation.csproj]
C:\Users\HP\Downloads\Medical\Medical_Affiliation\Controllers\Aff_DentalController.cs(1410,42): warning CS8600: Converting null literal or possible null value to non-nullable type. [C:\Users\HP\Downloads\Medical\Medical_Affiliation\Medical_Affiliation.csproj]
C:\Users\HP\Downloads\Medical\Medical_Affiliation\Controllers\Aff_DentalController.cs(1411,42): warning CS8600: Converting null literal or possible null value to non-nullable type. [C:\Users\HP\Downloads\Medical\Medical_Affiliation\Medical_Affiliation.csproj]
C:\Users\HP\Downloads\Medical\Medical_Affiliation\Controllers\Aff_DentalController.cs(1412,42): warning CS8600: Converting null literal or possible null value to non-nullable type. [C:\Users\HP\Downloads\Medical\Medical_Affiliation\Medical_Affiliation.csproj]
C:\Users\HP\Downloads\Medical\Medical_Affiliation\Controllers\Aff_DentalController.cs(1413,47): warning CS8600: Converting null literal or possible null value to non-nullable type. [C:\Users\HP\Downloads\Medical\Medical_Affiliation\Medical_Affiliation.csproj]
C:\Users\HP\Downloads\Medical\Medical_Affiliation\Controllers\Aff_DentalController.cs(1414,47): warning CS8600: Converting null literal or possible null value to non-nullable type. [C:\Users\HP\Downloads\Medical\Medical_Affiliation\Medical_Affiliation.csproj]
C:\Users\HP\Downloads\Medical\Medical_Affiliation\Controllers\Aff_DentalController.cs(1479,57): warning CS8601: Possible null reference assignment. [C:\Users\HP\Downloads\Medical\Medical_Affiliation\Medical_Affiliation.csproj]
C:\Users\HP\Downloads\Medical\Medical_Affiliation\Controllers\Aff_DentalController.cs(1509,46): warning CS8601: Possible null reference assignment. [C:\Users\HP\Downloads\Medical\Medical_Affiliation\Medical_Affiliation.csproj]
C:\Users\HP\Downloads\Medical\Medical_Affiliation\Controllers\Aff_DentalController.cs(1404,57): warning CS8603: Possible null reference return. [C:\Users\HP\Downloads\Medical\Medical_Affiliation\Medical_Affiliation.csproj]
C:\Users\HP\Downloads\Medical\Medical_Affiliation\Controllers\Aff_DentalController.cs(1421,28): warning CS8603: Possible null reference return. [C:\Users\HP\Downloads\Medical\Medical_Affiliation\Medical_Affiliation.csproj]
C:\Users\HP\Downloads\Medical\Medical_Affiliation\Controllers\Aff_PhysioTherapyController.cs(219,35): warning CS8601: Possible null reference assignment. [C:\Users\HP\Downloads\Medical\Medical_Affiliation\Medical_Affiliation.csproj]
C:\Users\HP\Downloads\Medical\Medical_Affiliation\Controllers\Aff_AHSController.cs(2014,39): warning CS8601: Possible null reference assignment. [C:\Users\HP\Downloads\Medical\Medical_Affiliation\Medical_Affiliation.csproj]
C:\Users\HP\Downloads\Medical\Medical_Affiliation\Controllers\Aff_AHSController.cs(2015,39): warning CS8601: Possible null reference assignment. [C:\Users\HP\Downloads\Medical\Medical_Affiliation\Medical_Affiliation.csproj]
C:\Users\HP\Downloads\Medical\Medical_Affiliation\Controllers\CA_Aff_AcademicMattersController.cs(29,34): warning CS8600: Converting null literal or possible null value to non-nullable type. [C:\Users\HP\Downloads\Medical\Medical_Affiliation\Medical_Affiliation.csproj]
C:\Users\HP\Downloads\Medical\Medical_Affiliation\Controllers\CA_Aff_AcademicMattersController.cs(80,59): warning CS8629: Nullable value type may be null. [C:\Users\HP\Downloads\Medical\Medical_Affiliation\Medical_Affiliation.csproj]
C:\Users\HP\Downloads\Medical\Medical_Affiliation\Controllers\CA_Aff_AcademicMattersController.cs(99,59): warning CS8629: Nullable value type may be null. [C:\Users\HP\Downloads\Medical\Medical_Affiliation\Medical_Affiliation.csproj]
C:\Users\HP\Downloads\Medical\Medical_Affiliation\Controllers\Aff_SowaRigPaiController.cs(35,31): warning CS8601: Possible null reference assignment. [C:\Users\HP\Downloads\Medical\Medical_Affiliation\Medical_Affiliation.csproj]
C:\Users\HP\Downloads\Medical\Medical_Affiliation\Controllers\Aff_SowaRigPaiController.cs(36,31): warning CS8601: Possible null reference assignment. [C:\Users\HP\Downloads\Medical\Medical_Affiliation\Medical_Affiliation.csproj]
C:\Users\HP\Downloads\Medical\Medical_Affiliation\Controllers\Aff_SowaRigPaiController.cs(37,33): warning CS8601: Possible null reference assignment. [C:\Users\HP\Downloads\Medical\Medical_Affiliation\Medical_Affiliation.csproj]
C:\Users\HP\Downloads\Medical\Medical_Affiliation\Controllers\Aff_SowaRigPaiController.cs(38,36): warning CS8601: Possible null reference assignment. [C:\Users\HP\Downloads\Medical\Medical_Affiliation\Medical_Affiliation.csproj]
C:\Users\HP\Downloads\Medical\Medical_Affiliation\Controllers\Aff_SowaRigPaiController.cs(59,38): warning CS8601: Possible null reference assignment. [C:\Users\HP\Downloads\Medical\Medical_Affiliation\Medical_Affiliation.csproj]
C:\Users\HP\Downloads\Medical\Medical_Affiliation\Controllers\Aff_SowaRigPaiController.cs(60,35): warning CS8601: Possible null reference assignment. [C:\Users\HP\Downloads\Medical\Medical_Affiliation\Medical_Affiliation.csproj]
C:\Users\HP\Downloads\Medical\Medical_Affiliation\Controllers\Aff_SowaRigPaiController.cs(86,35): warning CS8601: Possible null reference assignment. [C:\Users\HP\Downloads\Medical\Medical_Affiliation\Medical_Affiliation.csproj]
C:\Users\HP\Downloads\Medical\Medical_Affiliation\Controllers\Aff_SowaRigPaiController.cs(88,37): warning CS8601: Possible null reference assignment. [C:\Users\HP\Downloads\Medical\Medical_Affiliation\Medical_Affiliation.csproj]
C:\Users\HP\Downloads\Medical\Medical_Affiliation\Controllers\CollegeBasicDetailsController.cs(19,16): warning CS8618: Non-nullable field '_userContext' must contain a non-null value when exiting constructor. Consider adding the 'required' modifier or declaring the field as nullable. [C:\Users\HP\Downloads\Medical\Medical_Affiliation\Medical_Affiliation.csproj]
C:\Users\HP\Downloads\Medical\Medical_Affiliation\Controllers\ContinuesAffiliation_FacultybasedController.cs(21,16): warning CS8618: Non-nullable field '_userContext' must contain a non-null value when exiting constructor. Consider adding the 'required' modifier or declaring the field as nullable. [C:\Users\HP\Downloads\Medical\Medical_Affiliation\Medical_Affiliation.csproj]
C:\Users\HP\Downloads\Medical\Medical_Affiliation\Controllers\ContinuesAffiliation_FacultybasedController.cs(21,16): warning CS8618: Non-nullable field '_webHostEnvironment' must contain a non-null value when exiting constructor. Consider adding the 'required' modifier or declaring the field as nullable. [C:\Users\HP\Downloads\Medical\Medical_Affiliation\Medical_Affiliation.csproj]
C:\Users\HP\Downloads\Medical\Medical_Affiliation\Controllers\Aff_PharmacyController.cs(461,31): warning CS8601: Possible null reference assignment. [C:\Users\HP\Downloads\Medical\Medical_Affiliation\Medical_Affiliation.csproj]
C:\Users\HP\Downloads\Medical\Medical_Affiliation\Controllers\Aff_PharmacyController.cs(462,31): warning CS8601: Possible null reference assignment. [C:\Users\HP\Downloads\Medical\Medical_Affiliation\Medical_Affiliation.csproj]
C:\Users\HP\Downloads\Medical\Medical_Affiliation\Controllers\Aff_PharmacyController.cs(469,62): warning CS8603: Possible null reference return. [C:\Users\HP\Downloads\Medical\Medical_Affiliation\Medical_Affiliation.csproj]
C:\Users\HP\Downloads\Medical\Medical_Affiliation\Controllers\AyurvedhaRepositoryController.cs(35,31): warning CS8601: Possible null reference assignment. [C:\Users\HP\Downloads\Medical\Medical_Affiliation\Medical_Affiliation.csproj]
C:\Users\HP\Downloads\Medical\Medical_Affiliation\Controllers\AyurvedhaRepositoryController.cs(36,31): warning CS8601: Possible null reference assignment. [C:\Users\HP\Downloads\Medical\Medical_Affiliation\Medical_Affiliation.csproj]
C:\Users\HP\Downloads\Medical\Medical_Affiliation\Controllers\AyurvedhaRepositoryController.cs(37,33): warning CS8601: Possible null reference assignment. [C:\Users\HP\Downloads\Medical\Medical_Affiliation\Medical_Affiliation.csproj]
C:\Users\HP\Downloads\Medical\Medical_Affiliation\Controllers\AyurvedhaRepositoryController.cs(38,36): warning CS8601: Possible null reference assignment. [C:\Users\HP\Downloads\Medical\Medical_Affiliation\Medical_Affiliation.csproj]
C:\Users\HP\Downloads\Medical\Medical_Affiliation\Controllers\AyurvedhaRepositoryController.cs(59,38): warning CS8601: Possible null reference assignment. [C:\Users\HP\Downloads\Medical\Medical_Affiliation\Medical_Affiliation.csproj]
C:\Users\HP\Downloads\Medical\Medical_Affiliation\Controllers\AyurvedhaRepositoryController.cs(60,35): warning CS8601: Possible null reference assignment. [C:\Users\HP\Downloads\Medical\Medical_Affiliation\Medical_Affiliation.csproj]
C:\Users\HP\Downloads\Medical\Medical_Affiliation\Controllers\AyurvedhaRepositoryController.cs(86,35): warning CS8601: Possible null reference assignment. [C:\Users\HP\Downloads\Medical\Medical_Affiliation\Medical_Affiliation.csproj]
C:\Users\HP\Downloads\Medical\Medical_Affiliation\Controllers\AyurvedhaRepositoryController.cs(88,37): warning CS8601: Possible null reference assignment. [C:\Users\HP\Downloads\Medical\Medical_Affiliation\Medical_Affiliation.csproj]
C:\Users\HP\Downloads\Medical\Medical_Affiliation\Controllers\Aff_UnaniController.cs(35,31): warning CS8601: Possible null reference assignment. [C:\Users\HP\Downloads\Medical\Medical_Affiliation\Medical_Affiliation.csproj]
C:\Users\HP\Downloads\Medical\Medical_Affiliation\Controllers\Aff_UnaniController.cs(36,31): warning CS8601: Possible null reference assignment. [C:\Users\HP\Downloads\Medical\Medical_Affiliation\Medical_Affiliation.csproj]
C:\Users\HP\Downloads\Medical\Medical_Affiliation\Controllers\Aff_UnaniController.cs(37,33): warning CS8601: Possible null reference assignment. [C:\Users\HP\Downloads\Medical\Medical_Affiliation\Medical_Affiliation.csproj]
C:\Users\HP\Downloads\Medical\Medical_Affiliation\Controllers\Aff_UnaniController.cs(38,36): warning CS8601: Possible null reference assignment. [C:\Users\HP\Downloads\Medical\Medical_Affiliation\Medical_Affiliation.csproj]
C:\Users\HP\Downloads\Medical\Medical_Affiliation\Controllers\Aff_UnaniController.cs(59,38): warning CS8601: Possible null reference assignment. [C:\Users\HP\Downloads\Medical\Medical_Affiliation\Medical_Affiliation.csproj]
C:\Users\HP\Downloads\Medical\Medical_Affiliation\Controllers\Aff_UnaniController.cs(60,35): warning CS8601: Possible null reference assignment. [C:\Users\HP\Downloads\Medical\Medical_Affiliation\Medical_Affiliation.csproj]
C:\Users\HP\Downloads\Medical\Medical_Affiliation\Controllers\Aff_UnaniController.cs(86,35): warning CS8601: Possible null reference assignment. [C:\Users\HP\Downloads\Medical\Medical_Affiliation\Medical_Affiliation.csproj]
C:\Users\HP\Downloads\Medical\Medical_Affiliation\Controllers\Aff_UnaniController.cs(88,37): warning CS8601: Possible null reference assignment. [C:\Users\HP\Downloads\Medical\Medical_Affiliation\Medical_Affiliation.csproj]
C:\Users\HP\Downloads\Medical\Medical_Affiliation\Controllers\ContinuationAffiliationClinicalFacilitiesController.cs(106,38): warning CS8602: Dereference of a possibly null reference. [C:\Users\HP\Downloads\Medical\Medical_Affiliation\Medical_Affiliation.csproj]
C:\Users\HP\Downloads\Medical\Medical_Affiliation\Controllers\ContinuationAffiliationClinicalFacilitiesController.cs(110,40): warning CS8602: Dereference of a possibly null reference. [C:\Users\HP\Downloads\Medical\Medical_Affiliation\Medical_Affiliation.csproj]
C:\Users\HP\Downloads\Medical\Medical_Affiliation\Controllers\ContinuationAffiliationClinicalFacilitiesController.cs(122,32): warning CS8600: Converting null literal or possible null value to non-nullable type. [C:\Users\HP\Downloads\Medical\Medical_Affiliation\Medical_Affiliation.csproj]
C:\Users\HP\Downloads\Medical\Medical_Affiliation\Controllers\ContinuationAffiliationClinicalFacilitiesController.cs(142,41): warning CS8602: Dereference of a possibly null reference. [C:\Users\HP\Downloads\Medical\Medical_Affiliation\Medical_Affiliation.csproj]
C:\Users\HP\Downloads\Medical\Medical_Affiliation\Controllers\ContinuationAffiliationClinicalFacilitiesController.cs(143,44): warning CS8602: Dereference of a possibly null reference. [C:\Users\HP\Downloads\Medical\Medical_Affiliation\Medical_Affiliation.csproj]
C:\Users\HP\Downloads\Medical\Medical_Affiliation\Controllers\ContinuationAffiliationClinicalFacilitiesController.cs(146,47): warning CS8602: Dereference of a possibly null reference. [C:\Users\HP\Downloads\Medical\Medical_Affiliation\Medical_Affiliation.csproj]
C:\Users\HP\Downloads\Medical\Medical_Affiliation\Controllers\ContinuationAffiliationClinicalFacilitiesController.cs(147,44): warning CS8602: Dereference of a possibly null reference. [C:\Users\HP\Downloads\Medical\Medical_Affiliation\Medical_Affiliation.csproj]
C:\Users\HP\Downloads\Medical\Medical_Affiliation\Controllers\Aff_AHSController.cs(2080,21): warning CS8602: Dereference of a possibly null reference. [C:\Users\HP\Downloads\Medical\Medical_Affiliation\Medical_Affiliation.csproj]
C:\Users\HP\Downloads\Medical\Medical_Affiliation\Controllers\Aff_AHSController.cs(2085,46): warning CS8629: Nullable value type may be null. [C:\Users\HP\Downloads\Medical\Medical_Affiliation\Medical_Affiliation.csproj]
C:\Users\HP\Downloads\Medical\Medical_Affiliation\Controllers\Aff_AHSController.cs(2086,43): warning CS8629: Nullable value type may be null. [C:\Users\HP\Downloads\Medical\Medical_Affiliation\Medical_Affiliation.csproj]
C:\Users\HP\Downloads\Medical\Medical_Affiliation\Controllers\CA_Med_ResearchPublicationsController.cs(31,19): warning CS8604: Possible null reference argument for parameter 'source' in 'IEnumerable<string> Enumerable.Select<string, string>(IEnumerable<string> source, Func<string, string> selector)'. [C:\Users\HP\Downloads\Medical\Medical_Affiliation\Medical_Affiliation.csproj]
C:\Users\HP\Downloads\Medical\Medical_Affiliation\Controllers\Aff_PhysioTherapyController.cs(366,32): warning CS8600: Converting null literal or possible null value to non-nullable type. [C:\Users\HP\Downloads\Medical\Medical_Affiliation\Medical_Affiliation.csproj]
C:\Users\HP\Downloads\Medical\Medical_Affiliation\Controllers\Aff_PhysioTherapyController.cs(372,43): warning CS8600: Converting null literal or possible null value to non-nullable type. [C:\Users\HP\Downloads\Medical\Medical_Affiliation\Medical_Affiliation.csproj]
C:\Users\HP\Downloads\Medical\Medical_Affiliation\Controllers\Aff_PhysioTherapyController.cs(373,43): warning CS8600: Converting null literal or possible null value to non-nullable type. [C:\Users\HP\Downloads\Medical\Medical_Affiliation\Medical_Affiliation.csproj]
C:\Users\HP\Downloads\Medical\Medical_Affiliation\Controllers\Aff_PhysioTherapyController.cs(374,41): warning CS8600: Converting null literal or possible null value to non-nullable type. [C:\Users\HP\Downloads\Medical\Medical_Affiliation\Medical_Affiliation.csproj]
C:\Users\HP\Downloads\Medical\Medical_Affiliation\Controllers\ContinuousAffiliationController.cs(20,16): warning CS8618: Non-nullable field '_userContext' must contain a non-null value when exiting constructor. Consider adding the 'required' modifier or declaring the field as nullable. [C:\Users\HP\Downloads\Medical\Medical_Affiliation\Medical_Affiliation.csproj]
C:\Users\HP\Downloads\Medical\Medical_Affiliation\Controllers\ContinuousAffiliationController.cs(20,16): warning CS8618: Non-nullable field '__userContext' must contain a non-null value when exiting constructor. Consider adding the 'required' modifier or declaring the field as nullable. [C:\Users\HP\Downloads\Medical\Medical_Affiliation\Medical_Affiliation.csproj]
C:\Users\HP\Downloads\Medical\Medical_Affiliation\Controllers\ContinuousAffiliationController.cs(20,16): warning CS8618: Non-nullable field '_webHostEnvironment' must contain a non-null value when exiting constructor. Consider adding the 'required' modifier or declaring the field as nullable. [C:\Users\HP\Downloads\Medical\Medical_Affiliation\Medical_Affiliation.csproj]
C:\Users\HP\Downloads\Medical\Medical_Affiliation\Controllers\Aff_NursingController.cs(687,45): warning CS8600: Converting null literal or possible null value to non-nullable type. [C:\Users\HP\Downloads\Medical\Medical_Affiliation\Medical_Affiliation.csproj]
C:\Users\HP\Downloads\Medical\Medical_Affiliation\Controllers\Aff_NursingController.cs(688,48): warning CS8600: Converting null literal or possible null value to non-nullable type. [C:\Users\HP\Downloads\Medical\Medical_Affiliation\Medical_Affiliation.csproj]
C:\Users\HP\Downloads\Medical\Medical_Affiliation\Controllers\Aff_NursingController.cs(689,44): warning CS8600: Converting null literal or possible null value to non-nullable type. [C:\Users\HP\Downloads\Medical\Medical_Affiliation\Medical_Affiliation.csproj]
C:\Users\HP\Downloads\Medical\Medical_Affiliation\Controllers\Aff_NursingController.cs(690,35): warning CS8600: Converting null literal or possible null value to non-nullable type. [C:\Users\HP\Downloads\Medical\Medical_Affiliation\Medical_Affiliation.csproj]
C:\Users\HP\Downloads\Medical\Medical_Affiliation\Controllers\Aff_NursingController.cs(691,40): warning CS8600: Converting null literal or possible null value to non-nullable type. [C:\Users\HP\Downloads\Medical\Medical_Affiliation\Medical_Affiliation.csproj]
C:\Users\HP\Downloads\Medical\Medical_Affiliation\Controllers\Aff_NursingController.cs(692,36): warning CS8600: Converting null literal or possible null value to non-nullable type. [C:\Users\HP\Downloads\Medical\Medical_Affiliation\Medical_Affiliation.csproj]
C:\Users\HP\Downloads\Medical\Medical_Affiliation\Controllers\Aff_NursingController.cs(777,32): warning CS8600: Converting null literal or possible null value to non-nullable type. [C:\Users\HP\Downloads\Medical\Medical_Affiliation\Medical_Affiliation.csproj]
C:\Users\HP\Downloads\Medical\Medical_Affiliation\Controllers\Aff_NursingController.cs(784,33): warning CS8600: Converting null literal or possible null value to non-nullable type. [C:\Users\HP\Downloads\Medical\Medical_Affiliation\Medical_Affiliation.csproj]
C:\Users\HP\Downloads\Medical\Medical_Affiliation\Controllers\Aff_NursingController.cs(789,33): warning CS8600: Converting null literal or possible null value to non-nullable type. [C:\Users\HP\Downloads\Medical\Medical_Affiliation\Medical_Affiliation.csproj]
C:\Users\HP\Downloads\Medical\Medical_Affiliation\Controllers\Aff_NursingController.cs(794,33): warning CS8600: Converting null literal or possible null value to non-nullable type. [C:\Users\HP\Downloads\Medical\Medical_Affiliation\Medical_Affiliation.csproj]
C:\Users\HP\Downloads\Medical\Medical_Affiliation\Controllers\Aff_NursingController.cs(799,33): warning CS8600: Converting null literal or possible null value to non-nullable type. [C:\Users\HP\Downloads\Medical\Medical_Affiliation\Medical_Affiliation.csproj]
C:\Users\HP\Downloads\Medical\Medical_Affiliation\Controllers\CA_Med_StaffDetailsController.cs(278,41): warning CS8604: Possible null reference argument for parameter 'facultyCode' in 'Task<string?> CA_Med_StaffDetailsController.SaveStaffFileAsync(IFormFile? file, string folder, string facultyCode)'. [C:\Users\HP\Downloads\Medical\Medical_Affiliation\Medical_Affiliation.csproj]
C:\Users\HP\Downloads\Medical\Medical_Affiliation\Controllers\CA_Med_StaffDetailsController.cs(291,41): warning CS8604: Possible null reference argument for parameter 'facultyCode' in 'Task<string?> CA_Med_StaffDetailsController.SaveStaffFileAsync(IFormFile? file, string folder, string facultyCode)'. [C:\Users\HP\Downloads\Medical\Medical_Affiliation\Medical_Affiliation.csproj]
C:\Users\HP\Downloads\Medical\Medical_Affiliation\Controllers\CA_Med_StaffDetailsController.cs(318,25): warning CS8604: Possible null reference argument for parameter 'facultyCode' in 'Task<string?> CA_Med_StaffDetailsController.SaveStaffFileAsync(IFormFile? file, string folder, string facultyCode)'. [C:\Users\HP\Downloads\Medical\Medical_Affiliation\Medical_Affiliation.csproj]
C:\Users\HP\Downloads\Medical\Medical_Affiliation\Controllers\CA_Med_StaffDetailsController.cs(336,25): warning CS8604: Possible null reference argument for parameter 'facultyCode' in 'Task<string?> CA_Med_StaffDetailsController.SaveStaffFileAsync(IFormFile? file, string folder, string facultyCode)'. [C:\Users\HP\Downloads\Medical\Medical_Affiliation\Medical_Affiliation.csproj]
C:\Users\HP\Downloads\Medical\Medical_Affiliation\Controllers\ContinuationAffiliationClinicalFacilitiesController.cs(187,34): warning CS8602: Dereference of a possibly null reference. [C:\Users\HP\Downloads\Medical\Medical_Affiliation\Medical_Affiliation.csproj]
C:\Users\HP\Downloads\Medical\Medical_Affiliation\Controllers\ContinuationAffiliationClinicalFacilitiesController.cs(191,36): warning CS8602: Dereference of a possibly null reference. [C:\Users\HP\Downloads\Medical\Medical_Affiliation\Medical_Affiliation.csproj]
C:\Users\HP\Downloads\Medical\Medical_Affiliation\Controllers\ContinuationAffiliationClinicalFacilitiesController.cs(216,47): warning CS8602: Dereference of a possibly null reference. [C:\Users\HP\Downloads\Medical\Medical_Affiliation\Medical_Affiliation.csproj]
C:\Users\HP\Downloads\Medical\Medical_Affiliation\Controllers\Aff_HomeopathyController.cs(681,45): warning CS8600: Converting null literal or possible null value to non-nullable type. [C:\Users\HP\Downloads\Medical\Medical_Affiliation\Medical_Affiliation.csproj]
C:\Users\HP\Downloads\Medical\Medical_Affiliation\Controllers\Aff_HomeopathyController.cs(682,48): warning CS8600: Converting null literal or possible null value to non-nullable type. [C:\Users\HP\Downloads\Medical\Medical_Affiliation\Medical_Affiliation.csproj]
C:\Users\HP\Downloads\Medical\Medical_Affiliation\Controllers\Aff_HomeopathyController.cs(683,44): warning CS8600: Converting null literal or possible null value to non-nullable type. [C:\Users\HP\Downloads\Medical\Medical_Affiliation\Medical_Affiliation.csproj]
C:\Users\HP\Downloads\Medical\Medical_Affiliation\Controllers\Aff_HomeopathyController.cs(684,39): warning CS8600: Converting null literal or possible null value to non-nullable type. [C:\Users\HP\Downloads\Medical\Medical_Affiliation\Medical_Affiliation.csproj]
C:\Users\HP\Downloads\Medical\Medical_Affiliation\Controllers\Aff_HomeopathyController.cs(689,38): warning CS8600: Converting null literal or possible null value to non-nullable type. [C:\Users\HP\Downloads\Medical\Medical_Affiliation\Medical_Affiliation.csproj]
C:\Users\HP\Downloads\Medical\Medical_Affiliation\Controllers\Aff_HomeopathyController.cs(690,39): warning CS8600: Converting null literal or possible null value to non-nullable type. [C:\Users\HP\Downloads\Medical\Medical_Affiliation\Medical_Affiliation.csproj]
C:\Users\HP\Downloads\Medical\Medical_Affiliation\Controllers\Aff_HomeopathyController.cs(691,42): warning CS8600: Converting null literal or possible null value to non-nullable type. [C:\Users\HP\Downloads\Medical\Medical_Affiliation\Medical_Affiliation.csproj]
C:\Users\HP\Downloads\Medical\Medical_Affiliation\Controllers\Aff_HomeopathyController.cs(692,37): warning CS8600: Converting null literal or possible null value to non-nullable type. [C:\Users\HP\Downloads\Medical\Medical_Affiliation\Medical_Affiliation.csproj]
C:\Users\HP\Downloads\Medical\Medical_Affiliation\Controllers\Aff_HomeopathyController.cs(693,42): warning CS8600: Converting null literal or possible null value to non-nullable type. [C:\Users\HP\Downloads\Medical\Medical_Affiliation\Medical_Affiliation.csproj]
C:\Users\HP\Downloads\Medical\Medical_Affiliation\Controllers\Aff_HomeopathyController.cs(694,42): warning CS8600: Converting null literal or possible null value to non-nullable type. [C:\Users\HP\Downloads\Medical\Medical_Affiliation\Medical_Affiliation.csproj]
C:\Users\HP\Downloads\Medical\Medical_Affiliation\Controllers\Aff_HomeopathyController.cs(695,42): warning CS8600: Converting null literal or possible null value to non-nullable type. [C:\Users\HP\Downloads\Medical\Medical_Affiliation\Medical_Affiliation.csproj]
C:\Users\HP\Downloads\Medical\Medical_Affiliation\Controllers\Aff_HomeopathyController.cs(696,47): warning CS8600: Converting null literal or possible null value to non-nullable type. [C:\Users\HP\Downloads\Medical\Medical_Affiliation\Medical_Affiliation.csproj]
C:\Users\HP\Downloads\Medical\Medical_Affiliation\Controllers\Aff_HomeopathyController.cs(697,47): warning CS8600: Converting null literal or possible null value to non-nullable type. [C:\Users\HP\Downloads\Medical\Medical_Affiliation\Medical_Affiliation.csproj]
C:\Users\HP\Downloads\Medical\Medical_Affiliation\Controllers\Aff_HomeopathyController.cs(762,57): warning CS8601: Possible null reference assignment. [C:\Users\HP\Downloads\Medical\Medical_Affiliation\Medical_Affiliation.csproj]
C:\Users\HP\Downloads\Medical\Medical_Affiliation\Controllers\Aff_HomeopathyController.cs(792,46): warning CS8601: Possible null reference assignment. [C:\Users\HP\Downloads\Medical\Medical_Affiliation\Medical_Affiliation.csproj]
C:\Users\HP\Downloads\Medical\Medical_Affiliation\Controllers\Aff_HomeopathyController.cs(687,57): warning CS8603: Possible null reference return. [C:\Users\HP\Downloads\Medical\Medical_Affiliation\Medical_Affiliation.csproj]
C:\Users\HP\Downloads\Medical\Medical_Affiliation\Controllers\Aff_HomeopathyController.cs(704,28): warning CS8603: Possible null reference return. [C:\Users\HP\Downloads\Medical\Medical_Affiliation\Medical_Affiliation.csproj]
C:\Users\HP\Downloads\Medical\Medical_Affiliation\Controllers\Aff_PharmacyController.cs(570,32): warning CS8600: Converting null literal or possible null value to non-nullable type. [C:\Users\HP\Downloads\Medical\Medical_Affiliation\Medical_Affiliation.csproj]
C:\Users\HP\Downloads\Medical\Medical_Affiliation\Controllers\Aff_PharmacyController.cs(577,33): warning CS8600: Converting null literal or possible null value to non-nullable type. [C:\Users\HP\Downloads\Medical\Medical_Affiliation\Medical_Affiliation.csproj]
C:\Users\HP\Downloads\Medical\Medical_Affiliation\Controllers\Aff_PharmacyController.cs(581,33): warning CS8600: Converting null literal or possible null value to non-nullable type. [C:\Users\HP\Downloads\Medical\Medical_Affiliation\Medical_Affiliation.csproj]
C:\Users\HP\Downloads\Medical\Medical_Affiliation\Controllers\Aff_PharmacyController.cs(585,33): warning CS8600: Converting null literal or possible null value to non-nullable type. [C:\Users\HP\Downloads\Medical\Medical_Affiliation\Medical_Affiliation.csproj]
C:\Users\HP\Downloads\Medical\Medical_Affiliation\Controllers\Aff_PharmacyController.cs(589,33): warning CS8600: Converting null literal or possible null value to non-nullable type. [C:\Users\HP\Downloads\Medical\Medical_Affiliation\Medical_Affiliation.csproj]
C:\Users\HP\Downloads\Medical\Medical_Affiliation\Controllers\Aff_PharmacyController.cs(593,33): warning CS8600: Converting null literal or possible null value to non-nullable type. [C:\Users\HP\Downloads\Medical\Medical_Affiliation\Medical_Affiliation.csproj]
C:\Users\HP\Downloads\Medical\Medical_Affiliation\Controllers\Aff_PharmacyController.cs(597,33): warning CS8600: Converting null literal or possible null value to non-nullable type. [C:\Users\HP\Downloads\Medical\Medical_Affiliation\Medical_Affiliation.csproj]
C:\Users\HP\Downloads\Medical\Medical_Affiliation\Controllers\Aff_PharmacyController.cs(601,33): warning CS8600: Converting null literal or possible null value to non-nullable type. [C:\Users\HP\Downloads\Medical\Medical_Affiliation\Medical_Affiliation.csproj]
C:\Users\HP\Downloads\Medical\Medical_Affiliation\Controllers\Aff_PharmacyController.cs(605,33): warning CS8600: Converting null literal or possible null value to non-nullable type. [C:\Users\HP\Downloads\Medical\Medical_Affiliation\Medical_Affiliation.csproj]
C:\Users\HP\Downloads\Medical\Medical_Affiliation\Controllers\Aff_PharmacyController.cs(609,33): warning CS8600: Converting null literal or possible null value to non-nullable type. [C:\Users\HP\Downloads\Medical\Medical_Affiliation\Medical_Affiliation.csproj]
C:\Users\HP\Downloads\Medical\Medical_Affiliation\Controllers\Aff_HomeopathyController.cs(841,32): warning CS8600: Converting null literal or possible null value to non-nullable type. [C:\Users\HP\Downloads\Medical\Medical_Affiliation\Medical_Affiliation.csproj]
C:\Users\HP\Downloads\Medical\Medical_Affiliation\Controllers\Aff_HomeopathyController.cs(848,33): warning CS8600: Converting null literal or possible null value to non-nullable type. [C:\Users\HP\Downloads\Medical\Medical_Affiliation\Medical_Affiliation.csproj]
C:\Users\HP\Downloads\Medical\Medical_Affiliation\Controllers\Aff_HomeopathyController.cs(852,33): warning CS8600: Converting null literal or possible null value to non-nullable type. [C:\Users\HP\Downloads\Medical\Medical_Affiliation\Medical_Affiliation.csproj]
C:\Users\HP\Downloads\Medical\Medical_Affiliation\Controllers\Aff_HomeopathyController.cs(856,33): warning CS8600: Converting null literal or possible null value to non-nullable type. [C:\Users\HP\Downloads\Medical\Medical_Affiliation\Medical_Affiliation.csproj]
C:\Users\HP\Downloads\Medical\Medical_Affiliation\Controllers\Aff_HomeopathyController.cs(860,33): warning CS8600: Converting null literal or possible null value to non-nullable type. [C:\Users\HP\Downloads\Medical\Medical_Affiliation\Medical_Affiliation.csproj]
C:\Users\HP\Downloads\Medical\Medical_Affiliation\Controllers\Aff_HomeopathyController.cs(864,33): warning CS8600: Converting null literal or possible null value to non-nullable type. [C:\Users\HP\Downloads\Medical\Medical_Affiliation\Medical_Affiliation.csproj]
C:\Users\HP\Downloads\Medical\Medical_Affiliation\Controllers\Aff_HomeopathyController.cs(868,33): warning CS8600: Converting null literal or possible null value to non-nullable type. [C:\Users\HP\Downloads\Medical\Medical_Affiliation\Medical_Affiliation.csproj]
C:\Users\HP\Downloads\Medical\Medical_Affiliation\Controllers\Aff_HomeopathyController.cs(872,33): warning CS8600: Converting null literal or possible null value to non-nullable type. [C:\Users\HP\Downloads\Medical\Medical_Affiliation\Medical_Affiliation.csproj]
C:\Users\HP\Downloads\Medical\Medical_Affiliation\Controllers\Aff_HomeopathyController.cs(876,33): warning CS8600: Converting null literal or possible null value to non-nullable type. [C:\Users\HP\Downloads\Medical\Medical_Affiliation\Medical_Affiliation.csproj]
C:\Users\HP\Downloads\Medical\Medical_Affiliation\Controllers\Aff_HomeopathyController.cs(880,33): warning CS8600: Converting null literal or possible null value to non-nullable type. [C:\Users\HP\Downloads\Medical\Medical_Affiliation\Medical_Affiliation.csproj]
C:\Users\HP\Downloads\Medical\Medical_Affiliation\Controllers\CollegeBasicDetailsController.cs(232,81): warning CS8604: Possible null reference argument for parameter 'facultyCode' in 'Task<string?> CollegeBasicDetailsController.SaveFileAsync(IFormFile? file, string folder, string facultyCode)'. [C:\Users\HP\Downloads\Medical\Medical_Affiliation\Medical_Affiliation.csproj]
C:\Users\HP\Downloads\Medical\Medical_Affiliation\Controllers\CollegeBasicDetailsController.cs(236,21): warning CS8602: Dereference of a possibly null reference. [C:\Users\HP\Downloads\Medical\Medical_Affiliation\Medical_Affiliation.csproj]
C:\Users\HP\Downloads\Medical\Medical_Affiliation\Controllers\CollegeBasicDetailsController.cs(244,38): warning CS8604: Possible null reference argument for parameter 'e' in 'void CollegeBasicDetailsController.MapViewModelToEntity(InstitutionViewModel vm, AffInstitutionsDetail e)'. [C:\Users\HP\Downloads\Medical\Medical_Affiliation\Medical_Affiliation.csproj]
C:\Users\HP\Downloads\Medical\Medical_Affiliation\Controllers\CollegeBasicDetailsController.cs(282,27): warning CS8601: Possible null reference assignment. [C:\Users\HP\Downloads\Medical\Medical_Affiliation\Medical_Affiliation.csproj]
C:\Users\HP\Downloads\Medical\Medical_Affiliation\Controllers\CollegeBasicDetailsController.cs(284,27): warning CS8601: Possible null reference assignment. [C:\Users\HP\Downloads\Medical\Medical_Affiliation\Medical_Affiliation.csproj]
C:\Users\HP\Downloads\Medical\Medical_Affiliation\Controllers\CollegeBasicDetailsController.cs(285,33): warning CS8601: Possible null reference assignment. [C:\Users\HP\Downloads\Medical\Medical_Affiliation\Medical_Affiliation.csproj]
C:\Users\HP\Downloads\Medical\Medical_Affiliation\Controllers\CollegeBasicDetailsController.cs(300,37): warning CS8601: Possible null reference assignment. [C:\Users\HP\Downloads\Medical\Medical_Affiliation\Medical_Affiliation.csproj]
C:\Users\HP\Downloads\Medical\Medical_Affiliation\Controllers\CollegeBasicDetailsController.cs(301,43): warning CS8601: Possible null reference assignment. [C:\Users\HP\Downloads\Medical\Medical_Affiliation\Medical_Affiliation.csproj]
C:\Users\HP\Downloads\Medical\Medical_Affiliation\Controllers\CollegeBasicDetailsController.cs(302,38): warning CS8601: Possible null reference assignment. [C:\Users\HP\Downloads\Medical\Medical_Affiliation\Medical_Affiliation.csproj]
C:\Users\HP\Downloads\Medical\Medical_Affiliation\Controllers\CollegeBasicDetailsController.cs(303,34): warning CS8601: Possible null reference assignment. [C:\Users\HP\Downloads\Medical\Medical_Affiliation\Medical_Affiliation.csproj]
C:\Users\HP\Downloads\Medical\Medical_Affiliation\Controllers\CollegeBasicDetailsController.cs(304,36): warning CS8601: Possible null reference assignment. [C:\Users\HP\Downloads\Medical\Medical_Affiliation\Medical_Affiliation.csproj]
C:\Users\HP\Downloads\Medical\Medical_Affiliation\Controllers\CollegeBasicDetailsController.cs(305,35): warning CS8601: Possible null reference assignment. [C:\Users\HP\Downloads\Medical\Medical_Affiliation\Medical_Affiliation.csproj]
C:\Users\HP\Downloads\Medical\Medical_Affiliation\Controllers\CollegeBasicDetailsController.cs(308,31): warning CS8601: Possible null reference assignment. [C:\Users\HP\Downloads\Medical\Medical_Affiliation\Medical_Affiliation.csproj]
C:\Users\HP\Downloads\Medical\Medical_Affiliation\Controllers\CollegeBasicDetailsController.cs(314,28): warning CS8601: Possible null reference assignment. [C:\Users\HP\Downloads\Medical\Medical_Affiliation\Medical_Affiliation.csproj]
C:\Users\HP\Downloads\Medical\Medical_Affiliation\Controllers\CollegeBasicDetailsController.cs(319,36): warning CS8601: Possible null reference assignment. [C:\Users\HP\Downloads\Medical\Medical_Affiliation\Medical_Affiliation.csproj]
C:\Users\HP\Downloads\Medical\Medical_Affiliation\Controllers\CollegeBasicDetailsController.cs(320,33): warning CS8601: Possible null reference assignment. [C:\Users\HP\Downloads\Medical\Medical_Affiliation\Medical_Affiliation.csproj]
C:\Users\HP\Downloads\Medical\Medical_Affiliation\Controllers\CA_Aff_MedicalLibraryController.cs(484,38): warning CS8602: Dereference of a possibly null reference. [C:\Users\HP\Downloads\Medical\Medical_Affiliation\Medical_Affiliation.csproj]
C:\Users\HP\Downloads\Medical\Medical_Affiliation\Controllers\CA_Aff_MedicalLibraryController.cs(558,42): warning CS8601: Possible null reference assignment. [C:\Users\HP\Downloads\Medical\Medical_Affiliation\Medical_Affiliation.csproj]
C:\Users\HP\Downloads\Medical\Medical_Affiliation\Controllers\CA_Aff_MedicalLibraryController.cs(567,29): warning CS8604: Possible null reference argument for parameter 'facultyCode' in 'Task<string?> CA_Aff_MedicalLibraryController.SaveLibraryFileAsync(IFormFile? file, string folder, string facultyCode)'. [C:\Users\HP\Downloads\Medical\Medical_Affiliation\Medical_Affiliation.csproj]
C:\Users\HP\Downloads\Medical\Medical_Affiliation\Controllers\CA_Aff_MedicalLibraryController.cs(617,25): warning CS8604: Possible null reference argument for parameter 'facultyCode' in 'Task<string?> CA_Aff_MedicalLibraryController.SaveLibraryFileAsync(IFormFile? file, string folder, string facultyCode)'. [C:\Users\HP\Downloads\Medical\Medical_Affiliation\Medical_Affiliation.csproj]
C:\Users\HP\Downloads\Medical\Medical_Affiliation\Controllers\CA_Aff_MedicalLibraryController.cs(660,41): warning CS8601: Possible null reference assignment. [C:\Users\HP\Downloads\Medical\Medical_Affiliation\Medical_Affiliation.csproj]
C:\Users\HP\Downloads\Medical\Medical_Affiliation\Controllers\CA_Aff_MedicalLibraryController.cs(661,43): warning CS8601: Possible null reference assignment. [C:\Users\HP\Downloads\Medical\Medical_Affiliation\Medical_Affiliation.csproj]
C:\Users\HP\Downloads\Medical\Medical_Affiliation\Controllers\CA_Aff_MedicalLibraryController.cs(662,45): warning CS8601: Possible null reference assignment. [C:\Users\HP\Downloads\Medical\Medical_Affiliation\Medical_Affiliation.csproj]
C:\Users\HP\Downloads\Medical\Medical_Affiliation\Controllers\CA_Aff_MedicalLibraryController.cs(664,40): warning CS8601: Possible null reference assignment. [C:\Users\HP\Downloads\Medical\Medical_Affiliation\Medical_Affiliation.csproj]
C:\Users\HP\Downloads\Medical\Medical_Affiliation\Controllers\CA_Aff_MedicalLibraryController.cs(753,25): warning CS8601: Possible null reference assignment. [C:\Users\HP\Downloads\Medical\Medical_Affiliation\Medical_Affiliation.csproj]
C:\Users\HP\Downloads\Medical\Medical_Affiliation\Controllers\CA_Aff_MedicalLibraryController.cs(781,25): warning CS8604: Possible null reference argument for parameter 'facultyCode' in 'Task<string?> CA_Aff_MedicalLibraryController.SaveLibraryFileAsync(IFormFile? file, string folder, string facultyCode)'. [C:\Users\HP\Downloads\Medical\Medical_Affiliation\Medical_Affiliation.csproj]
C:\Users\HP\Downloads\Medical\Medical_Affiliation\Controllers\CA_Aff_MedicalLibraryController.cs(859,37): warning CS8604: Possible null reference argument for parameter 'facultyCode' in 'Task<string?> CA_Aff_MedicalLibraryController.SaveLibraryFileAsync(IFormFile? file, string folder, string facultyCode)'. [C:\Users\HP\Downloads\Medical\Medical_Affiliation\Medical_Affiliation.csproj]
C:\Users\HP\Downloads\Medical\Medical_Affiliation\Controllers\CollegeBasicDetailsController.cs(344,35): warning CS8601: Possible null reference assignment. [C:\Users\HP\Downloads\Medical\Medical_Affiliation\Medical_Affiliation.csproj]
C:\Users\HP\Downloads\Medical\Medical_Affiliation\Controllers\CollegeBasicDetailsController.cs(347,33): warning CS8601: Possible null reference assignment. [C:\Users\HP\Downloads\Medical\Medical_Affiliation\Medical_Affiliation.csproj]
C:\Users\HP\Downloads\Medical\Medical_Affiliation\Controllers\Aff_UnaniController.cs(219,35): warning CS8601: Possible null reference assignment. [C:\Users\HP\Downloads\Medical\Medical_Affiliation\Medical_Affiliation.csproj]
C:\Users\HP\Downloads\Medical\Medical_Affiliation\Controllers\Aff_PhysioTherapyController.cs(461,31): warning CS8601: Possible null reference assignment. [C:\Users\HP\Downloads\Medical\Medical_Affiliation\Medical_Affiliation.csproj]
C:\Users\HP\Downloads\Medical\Medical_Affiliation\Controllers\Aff_PhysioTherapyController.cs(462,31): warning CS8601: Possible null reference assignment. [C:\Users\HP\Downloads\Medical\Medical_Affiliation\Medical_Affiliation.csproj]
C:\Users\HP\Downloads\Medical\Medical_Affiliation\Controllers\Aff_PhysioTherapyController.cs(469,62): warning CS8603: Possible null reference return. [C:\Users\HP\Downloads\Medical\Medical_Affiliation\Medical_Affiliation.csproj]
C:\Users\HP\Downloads\Medical\Medical_Affiliation\Controllers\Aff_SowaRigPaiController.cs(219,35): warning CS8601: Possible null reference assignment. [C:\Users\HP\Downloads\Medical\Medical_Affiliation\Medical_Affiliation.csproj]
C:\Users\HP\Downloads\Medical\Medical_Affiliation\Controllers\AyurvedhaRepositoryController.cs(219,35): warning CS8601: Possible null reference assignment. [C:\Users\HP\Downloads\Medical\Medical_Affiliation\Medical_Affiliation.csproj]
C:\Users\HP\Downloads\Medical\Medical_Affiliation\Controllers\ContinuationAffiliationClinicalFacilitiesController.cs(325,38): warning CS8602: Dereference of a possibly null reference. [C:\Users\HP\Downloads\Medical\Medical_Affiliation\Medical_Affiliation.csproj]
C:\Users\HP\Downloads\Medical\Medical_Affiliation\Controllers\ContinuationAffiliationClinicalFacilitiesController.cs(329,40): warning CS8602: Dereference of a possibly null reference. [C:\Users\HP\Downloads\Medical\Medical_Affiliation\Medical_Affiliation.csproj]
C:\Users\HP\Downloads\Medical\Medical_Affiliation\Controllers\ContinuationAffiliationClinicalFacilitiesController.cs(381,100): warning CS8604: Possible null reference argument for parameter 'facultyCode' in 'Task<string?> ContinuationAffiliationClinicalFacilitiesController.SaveAffiliatedHospitalFileAsync(IFormFile? file, string facultyCode)'. [C:\Users\HP\Downloads\Medical\Medical_Affiliation\Medical_Affiliation.csproj]
C:\Users\HP\Downloads\Medical\Medical_Affiliation\Controllers\ContinuationAffiliationClinicalFacilitiesController.cs(403,96): warning CS8604: Possible null reference argument for parameter 'facultyCode' in 'Task<string?> ContinuationAffiliationClinicalFacilitiesController.SaveAffiliatedHospitalFileAsync(IFormFile? file, string facultyCode)'. [C:\Users\HP\Downloads\Medical\Medical_Affiliation\Medical_Affiliation.csproj]
C:\Users\HP\Downloads\Medical\Medical_Affiliation\Controllers\Aff_CA_SS_CoursesAppliedSSController.cs(1372,43): warning CS8604: Possible null reference argument for parameter 'item' in 'bool List<string>.Contains(string item)'. [C:\Users\HP\Downloads\Medical\Medical_Affiliation\Medical_Affiliation.csproj]
C:\Users\HP\Downloads\Medical\Medical_Affiliation\Controllers\Aff_CA_SS_CoursesAppliedSSController.cs(1377,87): warning CS8604: Possible null reference argument for parameter 's' in 'int int.Parse(string s)'. [C:\Users\HP\Downloads\Medical\Medical_Affiliation\Medical_Affiliation.csproj]
C:\Users\HP\Downloads\Medical\Medical_Affiliation\Controllers\Aff_CA_SS_CoursesAppliedSSController.cs(1381,44): warning CS8604: Possible null reference argument for parameter 's' in 'int int.Parse(string s)'. [C:\Users\HP\Downloads\Medical\Medical_Affiliation\Medical_Affiliation.csproj]
C:\Users\HP\Downloads\Medical\Medical_Affiliation\Controllers\Aff_CA_SS_CoursesAppliedSSController.cs(1382,34): warning CS8601: Possible null reference assignment. [C:\Users\HP\Downloads\Medical\Medical_Affiliation\Medical_Affiliation.csproj]
C:\Users\HP\Downloads\Medical\Medical_Affiliation\Controllers\Aff_CA_SS_CoursesAppliedSSController.cs(1394,43): warning CS8604: Possible null reference argument for parameter 'item' in 'bool List<string>.Contains(string item)'. [C:\Users\HP\Downloads\Medical\Medical_Affiliation\Medical_Affiliation.csproj]
C:\Users\HP\Downloads\Medical\Medical_Affiliation\Controllers\Aff_CA_SS_CoursesAppliedSSController.cs(1399,88): warning CS8604: Possible null reference argument for parameter 's' in 'int int.Parse(string s)'. [C:\Users\HP\Downloads\Medical\Medical_Affiliation\Medical_Affiliation.csproj]
C:\Users\HP\Downloads\Medical\Medical_Affiliation\Controllers\Aff_CA_SS_CoursesAppliedSSController.cs(1403,44): warning CS8604: Possible null reference argument for parameter 's' in 'int int.Parse(string s)'. [C:\Users\HP\Downloads\Medical\Medical_Affiliation\Medical_Affiliation.csproj]
C:\Users\HP\Downloads\Medical\Medical_Affiliation\Controllers\Aff_CA_SS_CoursesAppliedSSController.cs(1404,34): warning CS8601: Possible null reference assignment. [C:\Users\HP\Downloads\Medical\Medical_Affiliation\Medical_Affiliation.csproj]
C:\Users\HP\Downloads\Medical\Medical_Affiliation\Controllers\Aff_CA_SS_CoursesAppliedSSController.cs(1417,43): warning CS8604: Possible null reference argument for parameter 'item' in 'bool List<string>.Contains(string item)'. [C:\Users\HP\Downloads\Medical\Medical_Affiliation\Medical_Affiliation.csproj]
C:\Users\HP\Downloads\Medical\Medical_Affiliation\Controllers\Aff_CA_SS_CoursesAppliedSSController.cs(1422,87): warning CS8604: Possible null reference argument for parameter 's' in 'int int.Parse(string s)'. [C:\Users\HP\Downloads\Medical\Medical_Affiliation\Medical_Affiliation.csproj]
C:\Users\HP\Downloads\Medical\Medical_Affiliation\Controllers\Aff_CA_SS_CoursesAppliedSSController.cs(1427,44): warning CS8604: Possible null reference argument for parameter 's' in 'int int.Parse(string s)'. [C:\Users\HP\Downloads\Medical\Medical_Affiliation\Medical_Affiliation.csproj]
C:\Users\HP\Downloads\Medical\Medical_Affiliation\Controllers\Aff_CA_SS_CoursesAppliedSSController.cs(1428,34): warning CS8601: Possible null reference assignment. [C:\Users\HP\Downloads\Medical\Medical_Affiliation\Medical_Affiliation.csproj]
C:\Users\HP\Downloads\Medical\Medical_Affiliation\Controllers\Aff_CA_SS_CoursesAppliedSSController.cs(1441,43): warning CS8604: Possible null reference argument for parameter 'item' in 'bool List<string>.Contains(string item)'. [C:\Users\HP\Downloads\Medical\Medical_Affiliation\Medical_Affiliation.csproj]
C:\Users\HP\Downloads\Medical\Medical_Affiliation\Controllers\Aff_CA_SS_CoursesAppliedSSController.cs(1452,34): warning CS8601: Possible null reference assignment. [C:\Users\HP\Downloads\Medical\Medical_Affiliation\Medical_Affiliation.csproj]
C:\Users\HP\Downloads\Medical\Medical_Affiliation\Controllers\CA_Aff_MedicalLibraryController.cs(1380,92): warning CS8600: Converting null literal or possible null value to non-nullable type. [C:\Users\HP\Downloads\Medical\Medical_Affiliation\Medical_Affiliation.csproj]
C:\Users\HP\Downloads\Medical\Medical_Affiliation\Controllers\DentalController.cs(79,41): warning CS8601: Possible null reference assignment. [C:\Users\HP\Downloads\Medical\Medical_Affiliation\Medical_Affiliation.csproj]
C:\Users\HP\Downloads\Medical\Medical_Affiliation\Controllers\CA_Med_StaffDetailsController.cs(384,18): warning CS8604: Possible null reference argument for parameter 'source' in 'IEnumerable<string> Enumerable.Select<string, string>(IEnumerable<string> source, Func<string, string> selector)'. [C:\Users\HP\Downloads\Medical\Medical_Affiliation\Medical_Affiliation.csproj]
C:\Users\HP\Downloads\Medical\Medical_Affiliation\Controllers\CA_Aff_MedicalLibraryController.cs(1412,73): warning CS8600: Converting null literal or possible null value to non-nullable type. [C:\Users\HP\Downloads\Medical\Medical_Affiliation\Medical_Affiliation.csproj]
C:\Users\HP\Downloads\Medical\Medical_Affiliation\Controllers\Aff_HomeopathyController.cs(974,39): warning CS8601: Possible null reference assignment. [C:\Users\HP\Downloads\Medical\Medical_Affiliation\Medical_Affiliation.csproj]
C:\Users\HP\Downloads\Medical\Medical_Affiliation\Controllers\Aff_HomeopathyController.cs(975,39): warning CS8601: Possible null reference assignment. [C:\Users\HP\Downloads\Medical\Medical_Affiliation\Medical_Affiliation.csproj]
C:\Users\HP\Downloads\Medical\Medical_Affiliation\Controllers\CA_Med_StaffDetailsController.cs(553,21): warning CS8600: Converting null literal or possible null value to non-nullable type. [C:\Users\HP\Downloads\Medical\Medical_Affiliation\Medical_Affiliation.csproj]
C:\Users\HP\Downloads\Medical\Medical_Affiliation\Controllers\CA_Aff_MedicalLibraryController.cs(1443,78): warning CS8600: Converting null literal or possible null value to non-nullable type. [C:\Users\HP\Downloads\Medical\Medical_Affiliation\Medical_Affiliation.csproj]
C:\Users\HP\Downloads\Medical\Medical_Affiliation\Controllers\Aff_HomeopathyController.cs(1434,21): warning CS8602: Dereference of a possibly null reference. [C:\Users\HP\Downloads\Medical\Medical_Affiliation\Medical_Affiliation.csproj]
C:\Users\HP\Downloads\Medical\Medical_Affiliation\Controllers\Aff_HomeopathyController.cs(1439,46): warning CS8629: Nullable value type may be null. [C:\Users\HP\Downloads\Medical\Medical_Affiliation\Medical_Affiliation.csproj]
C:\Users\HP\Downloads\Medical\Medical_Affiliation\Controllers\Aff_HomeopathyController.cs(1440,43): warning CS8629: Nullable value type may be null. [C:\Users\HP\Downloads\Medical\Medical_Affiliation\Medical_Affiliation.csproj]
C:\Users\HP\Downloads\Medical\Medical_Affiliation\Controllers\ContinuesAffiliation_FacultybasedController.cs(363,21): warning CS8602: Dereference of a possibly null reference. [C:\Users\HP\Downloads\Medical\Medical_Affiliation\Medical_Affiliation.csproj]
C:\Users\HP\Downloads\Medical\Medical_Affiliation\Controllers\ContinuesAffiliation_FacultybasedController.cs(364,21): warning CS8602: Dereference of a possibly null reference. [C:\Users\HP\Downloads\Medical\Medical_Affiliation\Medical_Affiliation.csproj]
C:\Users\HP\Downloads\Medical\Medical_Affiliation\Controllers\ContinuesAffiliation_FacultybasedController.cs(374,30): warning CS8601: Possible null reference assignment. [C:\Users\HP\Downloads\Medical\Medical_Affiliation\Medical_Affiliation.csproj]
C:\Users\HP\Downloads\Medical\Medical_Affiliation\Controllers\ContinuesAffiliation_FacultybasedController.cs(375,35): warning CS8601: Possible null reference assignment. [C:\Users\HP\Downloads\Medical\Medical_Affiliation\Medical_Affiliation.csproj]
C:\Users\HP\Downloads\Medical\Medical_Affiliation\Controllers\ContinuesAffiliation_FacultybasedController.cs(376,30): warning CS8601: Possible null reference assignment. [C:\Users\HP\Downloads\Medical\Medical_Affiliation\Medical_Affiliation.csproj]
C:\Users\HP\Downloads\Medical\Medical_Affiliation\Controllers\ContinuesAffiliation_FacultybasedController.cs(377,26): warning CS8601: Possible null reference assignment. [C:\Users\HP\Downloads\Medical\Medical_Affiliation\Medical_Affiliation.csproj]
C:\Users\HP\Downloads\Medical\Medical_Affiliation\Controllers\ContinuesAffiliation_FacultybasedController.cs(379,30): warning CS8601: Possible null reference assignment. [C:\Users\HP\Downloads\Medical\Medical_Affiliation\Medical_Affiliation.csproj]
C:\Users\HP\Downloads\Medical\Medical_Affiliation\Controllers\ContinuesAffiliation_FacultybasedController.cs(388,32): warning CS8601: Possible null reference assignment. [C:\Users\HP\Downloads\Medical\Medical_Affiliation\Medical_Affiliation.csproj]
C:\Users\HP\Downloads\Medical\Medical_Affiliation\Controllers\ContinuesAffiliation_FacultybasedController.cs(389,41): warning CS8601: Possible null reference assignment. [C:\Users\HP\Downloads\Medical\Medical_Affiliation\Medical_Affiliation.csproj]
C:\Users\HP\Downloads\Medical\Medical_Affiliation\Controllers\ContinuesAffiliation_FacultybasedController.cs(401,42): warning CS8601: Possible null reference assignment. [C:\Users\HP\Downloads\Medical\Medical_Affiliation\Medical_Affiliation.csproj]
C:\Users\HP\Downloads\Medical\Medical_Affiliation\Controllers\CA_Med_ResearchPublicationsController.cs(317,43): warning CS8601: Possible null reference assignment. [C:\Users\HP\Downloads\Medical\Medical_Affiliation\Medical_Affiliation.csproj]
C:\Users\HP\Downloads\Medical\Medical_Affiliation\Controllers\CA_Med_ResearchPublicationsController.cs(380,66): warning CS8604: Possible null reference argument for parameter 'facultyCode' in 'Task<string?> CA_Med_ResearchPublicationsController.SaveResearchFileAsync(IFormFile? file, string folder, string facultyCode)'. [C:\Users\HP\Downloads\Medical\Medical_Affiliation\Medical_Affiliation.csproj]
C:\Users\HP\Downloads\Medical\Medical_Affiliation\Controllers\ContinuationAffiliationClinicalFacilitiesController.cs(492,43): warning CS8601: Possible null reference assignment. [C:\Users\HP\Downloads\Medical\Medical_Affiliation\Medical_Affiliation.csproj]
C:\Users\HP\Downloads\Medical\Medical_Affiliation\Controllers\CA_Aff_AcademicMattersController.cs(219,34): warning CS8600: Converting null literal or possible null value to non-nullable type. [C:\Users\HP\Downloads\Medical\Medical_Affiliation\Medical_Affiliation.csproj]
C:\Users\HP\Downloads\Medical\Medical_Affiliation\Controllers\CA_Aff_AcademicMattersController.cs(261,31): warning CS8601: Possible null reference assignment. [C:\Users\HP\Downloads\Medical\Medical_Affiliation\Medical_Affiliation.csproj]
C:\Users\HP\Downloads\Medical\Medical_Affiliation\Controllers\CA_Aff_AcademicMattersController.cs(283,21): warning CS8602: Dereference of a possibly null reference. [C:\Users\HP\Downloads\Medical\Medical_Affiliation\Medical_Affiliation.csproj]
C:\Users\HP\Downloads\Medical\Medical_Affiliation\Controllers\CA_Aff_AcademicMattersController.cs(298,31): warning CS8601: Possible null reference assignment. [C:\Users\HP\Downloads\Medical\Medical_Affiliation\Medical_Affiliation.csproj]
C:\Users\HP\Downloads\Medical\Medical_Affiliation\Controllers\CA_Aff_AcademicMattersController.cs(317,35): warning CS8601: Possible null reference assignment. [C:\Users\HP\Downloads\Medical\Medical_Affiliation\Medical_Affiliation.csproj]
C:\Users\HP\Downloads\Medical\Medical_Affiliation\Controllers\ContinuousAffiliationController.cs(208,44): warning CS8601: Possible null reference assignment. [C:\Users\HP\Downloads\Medical\Medical_Affiliation\Medical_Affiliation.csproj]
C:\Users\HP\Downloads\Medical\Medical_Affiliation\Controllers\CourseAffiliationController.cs(50,58): error CS1061: 'CollegeCourseIntakeDetail' does not contain a definition for 'CourseLevel' and no accessible extension method 'CourseLevel' accepting a first argument of type 'CollegeCourseIntakeDetail' could be found (are you missing a using directive or an assembly reference?) [C:\Users\HP\Downloads\Medical\Medical_Affiliation\Medical_Affiliation.csproj]
C:\Users\HP\Downloads\Medical\Medical_Affiliation\Controllers\CourseAffiliationController.cs(80,37): warning CS8601: Possible null reference assignment. [C:\Users\HP\Downloads\Medical\Medical_Affiliation\Medical_Affiliation.csproj]
C:\Users\HP\Downloads\Medical\Medical_Affiliation\Controllers\CourseAffiliationController.cs(81,31): warning CS8601: Possible null reference assignment. [C:\Users\HP\Downloads\Medical\Medical_Affiliation\Medical_Affiliation.csproj]
C:\Users\HP\Downloads\Medical\Medical_Affiliation\Controllers\Aff_UnaniController.cs(366,32): warning CS8600: Converting null literal or possible null value to non-nullable type. [C:\Users\HP\Downloads\Medical\Medical_Affiliation\Medical_Affiliation.csproj]
C:\Users\HP\Downloads\Medical\Medical_Affiliation\Controllers\Aff_UnaniController.cs(372,43): warning CS8600: Converting null literal or possible null value to non-nullable type. [C:\Users\HP\Downloads\Medical\Medical_Affiliation\Medical_Affiliation.csproj]
C:\Users\HP\Downloads\Medical\Medical_Affiliation\Controllers\Aff_UnaniController.cs(373,43): warning CS8600: Converting null literal or possible null value to non-nullable type. [C:\Users\HP\Downloads\Medical\Medical_Affiliation\Medical_Affiliation.csproj]
C:\Users\HP\Downloads\Medical\Medical_Affiliation\Controllers\Aff_UnaniController.cs(374,41): warning CS8600: Converting null literal or possible null value to non-nullable type. [C:\Users\HP\Downloads\Medical\Medical_Affiliation\Medical_Affiliation.csproj]
C:\Users\HP\Downloads\Medical\Medical_Affiliation\Controllers\DentalController.cs(200,34): warning CS8600: Converting null literal or possible null value to non-nullable type. [C:\Users\HP\Downloads\Medical\Medical_Affiliation\Medical_Affiliation.csproj]
C:\Users\HP\Downloads\Medical\Medical_Affiliation\Controllers\DentalController.cs(205,31): warning CS8601: Possible null reference assignment. [C:\Users\HP\Downloads\Medical\Medical_Affiliation\Medical_Affiliation.csproj]
C:\Users\HP\Downloads\Medical\Medical_Affiliation\Controllers\CA_ApplicationStatusReportController.cs(193,51): warning CS8604: Possible null reference argument for parameter 'item' in 'bool List<string>.Contains(string item)'. [C:\Users\HP\Downloads\Medical\Medical_Affiliation\Medical_Affiliation.csproj]
C:\Users\HP\Downloads\Medical\Medical_Affiliation\Controllers\CA_ApplicationStatusReportController.cs(216,48): warning CS8604: Possible null reference argument for parameter 'key' in 'bool Dictionary<string, List<string>>.ContainsKey(string key)'. [C:\Users\HP\Downloads\Medical\Medical_Affiliation\Medical_Affiliation.csproj]
C:\Users\HP\Downloads\Medical\Medical_Affiliation\Controllers\CA_ApplicationStatusReportController.cs(226,76): warning CS8604: Possible null reference argument for parameter 'item' in 'bool List<string>.Contains(string item)'. [C:\Users\HP\Downloads\Medical\Medical_Affiliation\Medical_Affiliation.csproj]
C:\Users\HP\Downloads\Medical\Medical_Affiliation\Controllers\CA_ApplicationStatusReportController.cs(271,35): warning CS8601: Possible null reference assignment. [C:\Users\HP\Downloads\Medical\Medical_Affiliation\Medical_Affiliation.csproj]
C:\Users\HP\Downloads\Medical\Medical_Affiliation\Controllers\CA_ApplicationStatusReportController.cs(202,29): warning CS0472: The result of the expression is always 'true' since a value of type 'int' is never equal to 'null' of type 'int?' [C:\Users\HP\Downloads\Medical\Medical_Affiliation\Medical_Affiliation.csproj]
C:\Users\HP\Downloads\Medical\Medical_Affiliation\Controllers\Aff_PhysioTherapyController.cs(570,32): warning CS8600: Converting null literal or possible null value to non-nullable type. [C:\Users\HP\Downloads\Medical\Medical_Affiliation\Medical_Affiliation.csproj]
C:\Users\HP\Downloads\Medical\Medical_Affiliation\Controllers\Aff_PhysioTherapyController.cs(577,33): warning CS8600: Converting null literal or possible null value to non-nullable type. [C:\Users\HP\Downloads\Medical\Medical_Affiliation\Medical_Affiliation.csproj]
C:\Users\HP\Downloads\Medical\Medical_Affiliation\Controllers\Aff_PhysioTherapyController.cs(581,33): warning CS8600: Converting null literal or possible null value to non-nullable type. [C:\Users\HP\Downloads\Medical\Medical_Affiliation\Medical_Affiliation.csproj]
C:\Users\HP\Downloads\Medical\Medical_Affiliation\Controllers\Aff_PhysioTherapyController.cs(585,33): warning CS8600: Converting null literal or possible null value to non-nullable type. [C:\Users\HP\Downloads\Medical\Medical_Affiliation\Medical_Affiliation.csproj]
C:\Users\HP\Downloads\Medical\Medical_Affiliation\Controllers\Aff_PhysioTherapyController.cs(589,33): warning CS8600: Converting null literal or possible null value to non-nullable type. [C:\Users\HP\Downloads\Medical\Medical_Affiliation\Medical_Affiliation.csproj]
C:\Users\HP\Downloads\Medical\Medical_Affiliation\Controllers\Aff_PhysioTherapyController.cs(593,33): warning CS8600: Converting null literal or possible null value to non-nullable type. [C:\Users\HP\Downloads\Medical\Medical_Affiliation\Medical_Affiliation.csproj]
C:\Users\HP\Downloads\Medical\Medical_Affiliation\Controllers\Aff_PhysioTherapyController.cs(597,33): warning CS8600: Converting null literal or possible null value to non-nullable type. [C:\Users\HP\Downloads\Medical\Medical_Affiliation\Medical_Affiliation.csproj]
C:\Users\HP\Downloads\Medical\Medical_Affiliation\Controllers\Aff_PhysioTherapyController.cs(601,33): warning CS8600: Converting null literal or possible null value to non-nullable type. [C:\Users\HP\Downloads\Medical\Medical_Affiliation\Medical_Affiliation.csproj]
C:\Users\HP\Downloads\Medical\Medical_Affiliation\Controllers\Aff_PhysioTherapyController.cs(605,33): warning CS8600: Converting null literal or possible null value to non-nullable type. [C:\Users\HP\Downloads\Medical\Medical_Affiliation\Medical_Affiliation.csproj]
C:\Users\HP\Downloads\Medical\Medical_Affiliation\Controllers\Aff_PhysioTherapyController.cs(609,33): warning CS8600: Converting null literal or possible null value to non-nullable type. [C:\Users\HP\Downloads\Medical\Medical_Affiliation\Medical_Affiliation.csproj]
C:\Users\HP\Downloads\Medical\Medical_Affiliation\Controllers\Aff_SowaRigPaiController.cs(366,32): warning CS8600: Converting null literal or possible null value to non-nullable type. [C:\Users\HP\Downloads\Medical\Medical_Affiliation\Medical_Affiliation.csproj]
C:\Users\HP\Downloads\Medical\Medical_Affiliation\Controllers\Aff_SowaRigPaiController.cs(372,43): warning CS8600: Converting null literal or possible null value to non-nullable type. [C:\Users\HP\Downloads\Medical\Medical_Affiliation\Medical_Affiliation.csproj]
C:\Users\HP\Downloads\Medical\Medical_Affiliation\Controllers\Aff_SowaRigPaiController.cs(373,43): warning CS8600: Converting null literal or possible null value to non-nullable type. [C:\Users\HP\Downloads\Medical\Medical_Affiliation\Medical_Affiliation.csproj]
C:\Users\HP\Downloads\Medical\Medical_Affiliation\Controllers\Aff_SowaRigPaiController.cs(374,41): warning CS8600: Converting null literal or possible null value to non-nullable type. [C:\Users\HP\Downloads\Medical\Medical_Affiliation\Medical_Affiliation.csproj]
C:\Users\HP\Downloads\Medical\Medical_Affiliation\Controllers\AyurvedhaRepositoryController.cs(366,32): warning CS8600: Converting null literal or possible null value to non-nullable type. [C:\Users\HP\Downloads\Medical\Medical_Affiliation\Medical_Affiliation.csproj]
C:\Users\HP\Downloads\Medical\Medical_Affiliation\Controllers\AyurvedhaRepositoryController.cs(372,43): warning CS8600: Converting null literal or possible null value to non-nullable type. [C:\Users\HP\Downloads\Medical\Medical_Affiliation\Medical_Affiliation.csproj]
C:\Users\HP\Downloads\Medical\Medical_Affiliation\Controllers\AyurvedhaRepositoryController.cs(373,43): warning CS8600: Converting null literal or possible null value to non-nullable type. [C:\Users\HP\Downloads\Medical\Medical_Affiliation\Medical_Affiliation.csproj]
C:\Users\HP\Downloads\Medical\Medical_Affiliation\Controllers\AyurvedhaRepositoryController.cs(374,41): warning CS8600: Converting null literal or possible null value to non-nullable type. [C:\Users\HP\Downloads\Medical\Medical_Affiliation\Medical_Affiliation.csproj]
C:\Users\HP\Downloads\Medical\Medical_Affiliation\Controllers\LICInspectionEditMemberController.cs(411,27): warning CS8601: Possible null reference assignment. [C:\Users\HP\Downloads\Medical\Medical_Affiliation\Medical_Affiliation.csproj]
C:\Users\HP\Downloads\Medical\Medical_Affiliation\Controllers\ContinuousAffiliationIncreaseintakeController.cs(86,21): warning CS4014: Because this call is not awaited, execution of the current method continues before the call is completed. Consider applying the 'await' operator to the result of the call. [C:\Users\HP\Downloads\Medical\Medical_Affiliation\Medical_Affiliation.csproj]
C:\Users\HP\Downloads\Medical\Medical_Affiliation\Controllers\ContinuousAffiliationIncreaseintakeController.cs(101,42): warning CS8714: The type 'string?' cannot be used as type parameter 'TKey' in the generic type or method 'EntityFrameworkQueryableExtensions.ToDictionaryAsync<TSource, TKey>(IQueryable<TSource>, Func<TSource, TKey>, IEqualityComparer<TKey>, CancellationToken)'. Nullability of type argument 'string?' doesn't match 'notnull' constraint. [C:\Users\HP\Downloads\Medical\Medical_Affiliation\Medical_Affiliation.csproj]
C:\Users\HP\Downloads\Medical\Medical_Affiliation\Controllers\ContinuousAffiliationIncreaseintakeController.cs(103,40): warning CS8621: Nullability of reference types in return type of 'lambda expression' doesn't match the target delegate 'Func<AcademicIntake, string?>' (possibly because of nullability attributes). [C:\Users\HP\Downloads\Medical\Medical_Affiliation\Medical_Affiliation.csproj]
C:\Users\HP\Downloads\Medical\Medical_Affiliation\Controllers\DentalRepositoryController.cs(34,33): warning CS8601: Possible null reference assignment. [C:\Users\HP\Downloads\Medical\Medical_Affiliation\Medical_Affiliation.csproj]
C:\Users\HP\Downloads\Medical\Medical_Affiliation\Controllers\DentalRepositoryController.cs(95,42): warning CS8601: Possible null reference assignment. [C:\Users\HP\Downloads\Medical\Medical_Affiliation\Medical_Affiliation.csproj]
C:\Users\HP\Downloads\Medical\Medical_Affiliation\Controllers\DentalRepositoryController.cs(96,52): warning CS8601: Possible null reference assignment. [C:\Users\HP\Downloads\Medical\Medical_Affiliation\Medical_Affiliation.csproj]
C:\Users\HP\Downloads\Medical\Medical_Affiliation\Controllers\DentalRepositoryController.cs(97,54): warning CS8601: Possible null reference assignment. [C:\Users\HP\Downloads\Medical\Medical_Affiliation\Medical_Affiliation.csproj]
C:\Users\HP\Downloads\Medical\Medical_Affiliation\Controllers\DentalRepositoryController.cs(98,41): warning CS8601: Possible null reference assignment. [C:\Users\HP\Downloads\Medical\Medical_Affiliation\Medical_Affiliation.csproj]
C:\Users\HP\Downloads\Medical\Medical_Affiliation\Controllers\DentalRepositoryController.cs(99,42): warning CS8601: Possible null reference assignment. [C:\Users\HP\Downloads\Medical\Medical_Affiliation\Medical_Affiliation.csproj]
C:\Users\HP\Downloads\Medical\Medical_Affiliation\Controllers\DentalRepositoryController.cs(100,29): warning CS8629: Nullable value type may be null. [C:\Users\HP\Downloads\Medical\Medical_Affiliation\Medical_Affiliation.csproj]
C:\Users\HP\Downloads\Medical\Medical_Affiliation\Controllers\DentalRepositoryController.cs(101,29): warning CS8601: Possible null reference assignment. [C:\Users\HP\Downloads\Medical\Medical_Affiliation\Medical_Affiliation.csproj]
C:\Users\HP\Downloads\Medical\Medical_Affiliation\Controllers\DentalRepositoryController.cs(102,44): warning CS8601: Possible null reference assignment. [C:\Users\HP\Downloads\Medical\Medical_Affiliation\Medical_Affiliation.csproj]
C:\Users\HP\Downloads\Medical\Medical_Affiliation\Controllers\DentalRepositoryController.cs(106,40): warning CS8601: Possible null reference assignment. [C:\Users\HP\Downloads\Medical\Medical_Affiliation\Medical_Affiliation.csproj]
C:\Users\HP\Downloads\Medical\Medical_Affiliation\Controllers\DentalRepositoryController.cs(107,48): warning CS8601: Possible null reference assignment. [C:\Users\HP\Downloads\Medical\Medical_Affiliation\Medical_Affiliation.csproj]
C:\Users\HP\Downloads\Medical\Medical_Affiliation\Controllers\CA_Med_ResearchPublicationsController.cs(481,59): warning CS8600: Converting null literal or possible null value to non-nullable type. [C:\Users\HP\Downloads\Medical\Medical_Affiliation\Medical_Affiliation.csproj]
C:\Users\HP\Downloads\Medical\Medical_Affiliation\Controllers\CollegeBasicDetailsController.cs(418,21): warning CS8602: Dereference of a possibly null reference. [C:\Users\HP\Downloads\Medical\Medical_Affiliation\Medical_Affiliation.csproj]
C:\Users\HP\Downloads\Medical\Medical_Affiliation\Controllers\CollegeBasicDetailsController.cs(419,21): warning CS8602: Dereference of a possibly null reference. [C:\Users\HP\Downloads\Medical\Medical_Affiliation\Medical_Affiliation.csproj]
C:\Users\HP\Downloads\Medical\Medical_Affiliation\Controllers\CollegeBasicDetailsController.cs(429,30): warning CS8601: Possible null reference assignment. [C:\Users\HP\Downloads\Medical\Medical_Affiliation\Medical_Affiliation.csproj]
C:\Users\HP\Downloads\Medical\Medical_Affiliation\Controllers\CollegeBasicDetailsController.cs(430,35): warning CS8601: Possible null reference assignment. [C:\Users\HP\Downloads\Medical\Medical_Affiliation\Medical_Affiliation.csproj]
C:\Users\HP\Downloads\Medical\Medical_Affiliation\Controllers\CollegeBasicDetailsController.cs(431,30): warning CS8601: Possible null reference assignment. [C:\Users\HP\Downloads\Medical\Medical_Affiliation\Medical_Affiliation.csproj]
C:\Users\HP\Downloads\Medical\Medical_Affiliation\Controllers\CollegeBasicDetailsController.cs(432,26): warning CS8601: Possible null reference assignment. [C:\Users\HP\Downloads\Medical\Medical_Affiliation\Medical_Affiliation.csproj]
C:\Users\HP\Downloads\Medical\Medical_Affiliation\Controllers\CollegeBasicDetailsController.cs(434,30): warning CS8601: Possible null reference assignment. [C:\Users\HP\Downloads\Medical\Medical_Affiliation\Medical_Affiliation.csproj]
C:\Users\HP\Downloads\Medical\Medical_Affiliation\Controllers\CollegeBasicDetailsController.cs(443,32): warning CS8601: Possible null reference assignment. [C:\Users\HP\Downloads\Medical\Medical_Affiliation\Medical_Affiliation.csproj]
C:\Users\HP\Downloads\Medical\Medical_Affiliation\Controllers\CollegeBasicDetailsController.cs(444,41): warning CS8601: Possible null reference assignment. [C:\Users\HP\Downloads\Medical\Medical_Affiliation\Medical_Affiliation.csproj]
C:\Users\HP\Downloads\Medical\Medical_Affiliation\Controllers\CollegeBasicDetailsController.cs(454,42): warning CS8601: Possible null reference assignment. [C:\Users\HP\Downloads\Medical\Medical_Affiliation\Medical_Affiliation.csproj]
C:\Users\HP\Downloads\Medical\Medical_Affiliation\Controllers\Aff_NursingController.cs(834,36): warning CS8602: Dereference of a possibly null reference. [C:\Users\HP\Downloads\Medical\Medical_Affiliation\Medical_Affiliation.csproj]
C:\Users\HP\Downloads\Medical\Medical_Affiliation\Controllers\Aff_NursingController.cs(890,40): warning CS8601: Possible null reference assignment. [C:\Users\HP\Downloads\Medical\Medical_Affiliation\Medical_Affiliation.csproj]
C:\Users\HP\Downloads\Medical\Medical_Affiliation\Controllers\Aff_NursingController.cs(891,46): warning CS8601: Possible null reference assignment. [C:\Users\HP\Downloads\Medical\Medical_Affiliation\Medical_Affiliation.csproj]
C:\Users\HP\Downloads\Medical\Medical_Affiliation\Controllers\Aff_NursingController.cs(892,49): warning CS8601: Possible null reference assignment. [C:\Users\HP\Downloads\Medical\Medical_Affiliation\Medical_Affiliation.csproj]
C:\Users\HP\Downloads\Medical\Medical_Affiliation\Controllers\Aff_NursingController.cs(893,36): warning CS8601: Possible null reference assignment. [C:\Users\HP\Downloads\Medical\Medical_Affiliation\Medical_Affiliation.csproj]
C:\Users\HP\Downloads\Medical\Medical_Affiliation\Controllers\Aff_NursingController.cs(894,41): warning CS8601: Possible null reference assignment. [C:\Users\HP\Downloads\Medical\Medical_Affiliation\Medical_Affiliation.csproj]
C:\Users\HP\Downloads\Medical\Medical_Affiliation\Controllers\Aff_NursingController.cs(895,37): warning CS8601: Possible null reference assignment. [C:\Users\HP\Downloads\Medical\Medical_Affiliation\Medical_Affiliation.csproj]
C:\Users\HP\Downloads\Medical\Medical_Affiliation\Controllers\Aff_NursingController.cs(896,45): warning CS8601: Possible null reference assignment. [C:\Users\HP\Downloads\Medical\Medical_Affiliation\Medical_Affiliation.csproj]
C:\Users\HP\Downloads\Medical\Medical_Affiliation\Controllers\Aff_PharmacyController.cs(681,45): warning CS8600: Converting null literal or possible null value to non-nullable type. [C:\Users\HP\Downloads\Medical\Medical_Affiliation\Medical_Affiliation.csproj]
C:\Users\HP\Downloads\Medical\Medical_Affiliation\Controllers\Aff_PharmacyController.cs(682,48): warning CS8600: Converting null literal or possible null value to non-nullable type. [C:\Users\HP\Downloads\Medical\Medical_Affiliation\Medical_Affiliation.csproj]
C:\Users\HP\Downloads\Medical\Medical_Affiliation\Controllers\Aff_PharmacyController.cs(683,44): warning CS8600: Converting null literal or possible null value to non-nullable type. [C:\Users\HP\Downloads\Medical\Medical_Affiliation\Medical_Affiliation.csproj]
C:\Users\HP\Downloads\Medical\Medical_Affiliation\Controllers\Aff_PharmacyController.cs(684,39): warning CS8600: Converting null literal or possible null value to non-nullable type. [C:\Users\HP\Downloads\Medical\Medical_Affiliation\Medical_Affiliation.csproj]
C:\Users\HP\Downloads\Medical\Medical_Affiliation\Controllers\Aff_PharmacyController.cs(689,38): warning CS8600: Converting null literal or possible null value to non-nullable type. [C:\Users\HP\Downloads\Medical\Medical_Affiliation\Medical_Affiliation.csproj]
C:\Users\HP\Downloads\Medical\Medical_Affiliation\Controllers\Aff_PharmacyController.cs(690,39): warning CS8600: Converting null literal or possible null value to non-nullable type. [C:\Users\HP\Downloads\Medical\Medical_Affiliation\Medical_Affiliation.csproj]
C:\Users\HP\Downloads\Medical\Medical_Affiliation\Controllers\Aff_PharmacyController.cs(691,42): warning CS8600: Converting null literal or possible null value to non-nullable type. [C:\Users\HP\Downloads\Medical\Medical_Affiliation\Medical_Affiliation.csproj]
C:\Users\HP\Downloads\Medical\Medical_Affiliation\Controllers\Aff_PharmacyController.cs(692,37): warning CS8600: Converting null literal or possible null value to non-nullable type. [C:\Users\HP\Downloads\Medical\Medical_Affiliation\Medical_Affiliation.csproj]
C:\Users\HP\Downloads\Medical\Medical_Affiliation\Controllers\Aff_PharmacyController.cs(693,42): warning CS8600: Converting null literal or possible null value to non-nullable type. [C:\Users\HP\Downloads\Medical\Medical_Affiliation\Medical_Affiliation.csproj]
C:\Users\HP\Downloads\Medical\Medical_Affiliation\Controllers\Aff_PharmacyController.cs(694,42): warning CS8600: Converting null literal or possible null value to non-nullable type. [C:\Users\HP\Downloads\Medical\Medical_Affiliation\Medical_Affiliation.csproj]
C:\Users\HP\Downloads\Medical\Medical_Affiliation\Controllers\Aff_PharmacyController.cs(695,42): warning CS8600: Converting null literal or possible null value to non-nullable type. [C:\Users\HP\Downloads\Medical\Medical_Affiliation\Medical_Affiliation.csproj]
C:\Users\HP\Downloads\Medical\Medical_Affiliation\Controllers\Aff_PharmacyController.cs(696,47): warning CS8600: Converting null literal or possible null value to non-nullable type. [C:\Users\HP\Downloads\Medical\Medical_Affiliation\Medical_Affiliation.csproj]
C:\Users\HP\Downloads\Medical\Medical_Affiliation\Controllers\Aff_PharmacyController.cs(697,47): warning CS8600: Converting null literal or possible null value to non-nullable type. [C:\Users\HP\Downloads\Medical\Medical_Affiliation\Medical_Affiliation.csproj]
C:\Users\HP\Downloads\Medical\Medical_Affiliation\Controllers\Aff_PharmacyController.cs(762,57): warning CS8601: Possible null reference assignment. [C:\Users\HP\Downloads\Medical\Medical_Affiliation\Medical_Affiliation.csproj]
C:\Users\HP\Downloads\Medical\Medical_Affiliation\Controllers\Aff_PharmacyController.cs(792,46): warning CS8601: Possible null reference assignment. [C:\Users\HP\Downloads\Medical\Medical_Affiliation\Medical_Affiliation.csproj]
C:\Users\HP\Downloads\Medical\Medical_Affiliation\Controllers\Aff_PharmacyController.cs(687,57): warning CS8603: Possible null reference return. [C:\Users\HP\Downloads\Medical\Medical_Affiliation\Medical_Affiliation.csproj]
C:\Users\HP\Downloads\Medical\Medical_Affiliation\Controllers\Aff_PharmacyController.cs(704,28): warning CS8603: Possible null reference return. [C:\Users\HP\Downloads\Medical\Medical_Affiliation\Medical_Affiliation.csproj]
C:\Users\HP\Downloads\Medical\Medical_Affiliation\Controllers\Aff_NursingController.cs(960,32): warning CS8600: Converting null literal or possible null value to non-nullable type. [C:\Users\HP\Downloads\Medical\Medical_Affiliation\Medical_Affiliation.csproj]
C:\Users\HP\Downloads\Medical\Medical_Affiliation\Controllers\Aff_NursingController.cs(967,33): warning CS8600: Converting null literal or possible null value to non-nullable type. [C:\Users\HP\Downloads\Medical\Medical_Affiliation\Medical_Affiliation.csproj]
C:\Users\HP\Downloads\Medical\Medical_Affiliation\Controllers\Aff_NursingController.cs(971,33): warning CS8600: Converting null literal or possible null value to non-nullable type. [C:\Users\HP\Downloads\Medical\Medical_Affiliation\Medical_Affiliation.csproj]
C:\Users\HP\Downloads\Medical\Medical_Affiliation\Controllers\Aff_NursingController.cs(975,33): warning CS8600: Converting null literal or possible null value to non-nullable type. [C:\Users\HP\Downloads\Medical\Medical_Affiliation\Medical_Affiliation.csproj]
C:\Users\HP\Downloads\Medical\Medical_Affiliation\Controllers\Aff_NursingController.cs(979,33): warning CS8600: Converting null literal or possible null value to non-nullable type. [C:\Users\HP\Downloads\Medical\Medical_Affiliation\Medical_Affiliation.csproj]
C:\Users\HP\Downloads\Medical\Medical_Affiliation\Controllers\DentalController.cs(229,34): warning CS8600: Converting null literal or possible null value to non-nullable type. [C:\Users\HP\Downloads\Medical\Medical_Affiliation\Medical_Affiliation.csproj]
C:\Users\HP\Downloads\Medical\Medical_Affiliation\Controllers\Aff_PharmacyController.cs(841,32): warning CS8600: Converting null literal or possible null value to non-nullable type. [C:\Users\HP\Downloads\Medical\Medical_Affiliation\Medical_Affiliation.csproj]
C:\Users\HP\Downloads\Medical\Medical_Affiliation\Controllers\Aff_PharmacyController.cs(848,33): warning CS8600: Converting null literal or possible null value to non-nullable type. [C:\Users\HP\Downloads\Medical\Medical_Affiliation\Medical_Affiliation.csproj]
C:\Users\HP\Downloads\Medical\Medical_Affiliation\Controllers\Aff_PharmacyController.cs(852,33): warning CS8600: Converting null literal or possible null value to non-nullable type. [C:\Users\HP\Downloads\Medical\Medical_Affiliation\Medical_Affiliation.csproj]
C:\Users\HP\Downloads\Medical\Medical_Affiliation\Controllers\Aff_PharmacyController.cs(856,33): warning CS8600: Converting null literal or possible null value to non-nullable type. [C:\Users\HP\Downloads\Medical\Medical_Affiliation\Medical_Affiliation.csproj]
C:\Users\HP\Downloads\Medical\Medical_Affiliation\Controllers\Aff_PharmacyController.cs(860,33): warning CS8600: Converting null literal or possible null value to non-nullable type. [C:\Users\HP\Downloads\Medical\Medical_Affiliation\Medical_Affiliation.csproj]
C:\Users\HP\Downloads\Medical\Medical_Affiliation\Controllers\Aff_PharmacyController.cs(864,33): warning CS8600: Converting null literal or possible null value to non-nullable type. [C:\Users\HP\Downloads\Medical\Medical_Affiliation\Medical_Affiliation.csproj]
C:\Users\HP\Downloads\Medical\Medical_Affiliation\Controllers\Aff_PharmacyController.cs(868,33): warning CS8600: Converting null literal or possible null value to non-nullable type. [C:\Users\HP\Downloads\Medical\Medical_Affiliation\Medical_Affiliation.csproj]
C:\Users\HP\Downloads\Medical\Medical_Affiliation\Controllers\Aff_PharmacyController.cs(872,33): warning CS8600: Converting null literal or possible null value to non-nullable type. [C:\Users\HP\Downloads\Medical\Medical_Affiliation\Medical_Affiliation.csproj]
C:\Users\HP\Downloads\Medical\Medical_Affiliation\Controllers\Aff_PharmacyController.cs(876,33): warning CS8600: Converting null literal or possible null value to non-nullable type. [C:\Users\HP\Downloads\Medical\Medical_Affiliation\Medical_Affiliation.csproj]
C:\Users\HP\Downloads\Medical\Medical_Affiliation\Controllers\Aff_PharmacyController.cs(880,33): warning CS8600: Converting null literal or possible null value to non-nullable type. [C:\Users\HP\Downloads\Medical\Medical_Affiliation\Medical_Affiliation.csproj]
C:\Users\HP\Downloads\Medical\Medical_Affiliation\Controllers\ClinicalFacilitiesForAffiliationController.cs(173,43): warning CS8601: Possible null reference assignment. [C:\Users\HP\Downloads\Medical\Medical_Affiliation\Medical_Affiliation.csproj]
C:\Users\HP\Downloads\Medical\Medical_Affiliation\Controllers\ClinicalFacilitiesForAffiliationController.cs(181,40): warning CS8601: Possible null reference assignment. [C:\Users\HP\Downloads\Medical\Medical_Affiliation\Medical_Affiliation.csproj]
C:\Users\HP\Downloads\Medical\Medical_Affiliation\Controllers\ClinicalFacilitiesForAffiliationController.cs(182,45): warning CS8601: Possible null reference assignment. [C:\Users\HP\Downloads\Medical\Medical_Affiliation\Medical_Affiliation.csproj]
C:\Users\HP\Downloads\Medical\Medical_Affiliation\Controllers\ClinicalFacilitiesForAffiliationController.cs(185,36): warning CS8601: Possible null reference assignment. [C:\Users\HP\Downloads\Medical\Medical_Affiliation\Medical_Affiliation.csproj]
C:\Users\HP\Downloads\Medical\Medical_Affiliation\Controllers\ClinicalFacilitiesForAffiliationController.cs(190,43): warning CS8601: Possible null reference assignment. [C:\Users\HP\Downloads\Medical\Medical_Affiliation\Medical_Affiliation.csproj]
C:\Users\HP\Downloads\Medical\Medical_Affiliation\Controllers\ClinicalFacilitiesForAffiliationController.cs(279,43): warning CS8601: Possible null reference assignment. [C:\Users\HP\Downloads\Medical\Medical_Affiliation\Medical_Affiliation.csproj]
C:\Users\HP\Downloads\Medical\Medical_Affiliation\Controllers\ClinicalFacilitiesForAffiliationController.cs(282,41): warning CS8601: Possible null reference assignment. [C:\Users\HP\Downloads\Medical\Medical_Affiliation\Medical_Affiliation.csproj]
C:\Users\HP\Downloads\Medical\Medical_Affiliation\Controllers\ClinicalFacilitiesForAffiliationController.cs(319,45): warning CS8601: Possible null reference assignment. [C:\Users\HP\Downloads\Medical\Medical_Affiliation\Medical_Affiliation.csproj]
C:\Users\HP\Downloads\Medical\Medical_Affiliation\Controllers\ClinicalFacilitiesForAffiliationController.cs(320,40): warning CS8601: Possible null reference assignment. [C:\Users\HP\Downloads\Medical\Medical_Affiliation\Medical_Affiliation.csproj]
C:\Users\HP\Downloads\Medical\Medical_Affiliation\Controllers\Aff_UnaniController.cs(461,31): warning CS8601: Possible null reference assignment. [C:\Users\HP\Downloads\Medical\Medical_Affiliation\Medical_Affiliation.csproj]
C:\Users\HP\Downloads\Medical\Medical_Affiliation\Controllers\Aff_UnaniController.cs(462,31): warning CS8601: Possible null reference assignment. [C:\Users\HP\Downloads\Medical\Medical_Affiliation\Medical_Affiliation.csproj]
C:\Users\HP\Downloads\Medical\Medical_Affiliation\Controllers\Aff_UnaniController.cs(469,62): warning CS8603: Possible null reference return. [C:\Users\HP\Downloads\Medical\Medical_Affiliation\Medical_Affiliation.csproj]
C:\Users\HP\Downloads\Medical\Medical_Affiliation\Controllers\CA_ApplicationStatusReportController.cs(297,31): warning CS8619: Nullability of reference types in value of type 'List<string>' doesn't match target type 'List<string?>'. [C:\Users\HP\Downloads\Medical\Medical_Affiliation\Medical_Affiliation.csproj]
C:\Users\HP\Downloads\Medical\Medical_Affiliation\Controllers\DentalSuperAdminController.cs(88,51): warning CS8604: Possible null reference argument for parameter 'item' in 'bool HashSet<string>.Contains(string item)'. [C:\Users\HP\Downloads\Medical\Medical_Affiliation\Medical_Affiliation.csproj]
C:\Users\HP\Downloads\Medical\Medical_Affiliation\Controllers\DentalSuperAdminController.cs(117,29): warning CS8600: Converting null literal or possible null value to non-nullable type. [C:\Users\HP\Downloads\Medical\Medical_Affiliation\Medical_Affiliation.csproj]
C:\Users\HP\Downloads\Medical\Medical_Affiliation\Controllers\DentalSuperAdminController.cs(121,34): warning CS8604: Possible null reference argument for parameter 'key' in 'int Dictionary<string, int>.this[string key]'. [C:\Users\HP\Downloads\Medical\Medical_Affiliation\Medical_Affiliation.csproj]
C:\Users\HP\Downloads\Medical\Medical_Affiliation\Controllers\DentalSuperAdminController.cs(127,34): warning CS8604: Possible null reference argument for parameter 'key' in 'int Dictionary<string, int>.this[string key]'. [C:\Users\HP\Downloads\Medical\Medical_Affiliation\Medical_Affiliation.csproj]
C:\Users\HP\Downloads\Medical\Medical_Affiliation\Controllers\DentalSuperAdminController.cs(169,25): warning CS8604: Possible null reference argument for parameter 'key' in 'bool Dictionary<string, int>.TryGetValue(string key, out int value)'. [C:\Users\HP\Downloads\Medical\Medical_Affiliation\Medical_Affiliation.csproj]
C:\Users\HP\Downloads\Medical\Medical_Affiliation\Controllers\Aff_SowaRigPaiController.cs(461,31): warning CS8601: Possible null reference assignment. [C:\Users\HP\Downloads\Medical\Medical_Affiliation\Medical_Affiliation.csproj]
C:\Users\HP\Downloads\Medical\Medical_Affiliation\Controllers\Aff_SowaRigPaiController.cs(462,31): warning CS8601: Possible null reference assignment. [C:\Users\HP\Downloads\Medical\Medical_Affiliation\Medical_Affiliation.csproj]
C:\Users\HP\Downloads\Medical\Medical_Affiliation\Controllers\Aff_SowaRigPaiController.cs(469,62): warning CS8603: Possible null reference return. [C:\Users\HP\Downloads\Medical\Medical_Affiliation\Medical_Affiliation.csproj]
C:\Users\HP\Downloads\Medical\Medical_Affiliation\Controllers\DentalApplicationStatusReportController.cs(193,51): warning CS8604: Possible null reference argument for parameter 'item' in 'bool List<string>.Contains(string item)'. [C:\Users\HP\Downloads\Medical\Medical_Affiliation\Medical_Affiliation.csproj]
C:\Users\HP\Downloads\Medical\Medical_Affiliation\Controllers\DentalApplicationStatusReportController.cs(216,48): warning CS8604: Possible null reference argument for parameter 'key' in 'bool Dictionary<string, List<string>>.ContainsKey(string key)'. [C:\Users\HP\Downloads\Medical\Medical_Affiliation\Medical_Affiliation.csproj]
C:\Users\HP\Downloads\Medical\Medical_Affiliation\Controllers\DentalApplicationStatusReportController.cs(226,76): warning CS8604: Possible null reference argument for parameter 'item' in 'bool List<string>.Contains(string item)'. [C:\Users\HP\Downloads\Medical\Medical_Affiliation\Medical_Affiliation.csproj]
C:\Users\HP\Downloads\Medical\Medical_Affiliation\Controllers\DentalApplicationStatusReportController.cs(271,35): warning CS8601: Possible null reference assignment. [C:\Users\HP\Downloads\Medical\Medical_Affiliation\Medical_Affiliation.csproj]
C:\Users\HP\Downloads\Medical\Medical_Affiliation\Controllers\DentalApplicationStatusReportController.cs(202,29): warning CS0472: The result of the expression is always 'true' since a value of type 'int' is never equal to 'null' of type 'int?' [C:\Users\HP\Downloads\Medical\Medical_Affiliation\Medical_Affiliation.csproj]
C:\Users\HP\Downloads\Medical\Medical_Affiliation\Controllers\CollegeBasicDetailsController.cs(542,21): warning CS8602: Dereference of a possibly null reference. [C:\Users\HP\Downloads\Medical\Medical_Affiliation\Medical_Affiliation.csproj]
C:\Users\HP\Downloads\Medical\Medical_Affiliation\Controllers\CollegeBasicDetailsController.cs(543,21): warning CS8602: Dereference of a possibly null reference. [C:\Users\HP\Downloads\Medical\Medical_Affiliation\Medical_Affiliation.csproj]
C:\Users\HP\Downloads\Medical\Medical_Affiliation\Controllers\CollegeBasicDetailsController.cs(560,36): warning CS8602: Dereference of a possibly null reference. [C:\Users\HP\Downloads\Medical\Medical_Affiliation\Medical_Affiliation.csproj]
C:\Users\HP\Downloads\Medical\Medical_Affiliation\Controllers\CollegeBasicDetailsController.cs(606,87): warning CS8604: Possible null reference argument for parameter 'facultyCode' in 'Task<string?> CollegeBasicDetailsController.SaveFileAsync(IFormFile? file, string folder, string facultyCode)'. [C:\Users\HP\Downloads\Medical\Medical_Affiliation\Medical_Affiliation.csproj]
C:\Users\HP\Downloads\Medical\Medical_Affiliation\Controllers\AyurvedhaRepositoryController.cs(461,31): warning CS8601: Possible null reference assignment. [C:\Users\HP\Downloads\Medical\Medical_Affiliation\Medical_Affiliation.csproj]
C:\Users\HP\Downloads\Medical\Medical_Affiliation\Controllers\AyurvedhaRepositoryController.cs(462,31): warning CS8601: Possible null reference assignment. [C:\Users\HP\Downloads\Medical\Medical_Affiliation\Medical_Affiliation.csproj]
C:\Users\HP\Downloads\Medical\Medical_Affiliation\Controllers\AyurvedhaRepositoryController.cs(469,62): warning CS8603: Possible null reference return. [C:\Users\HP\Downloads\Medical\Medical_Affiliation\Medical_Affiliation.csproj]
C:\Users\HP\Downloads\Medical\Medical_Affiliation\Controllers\ContinuationAffiliationClinicalFacilitiesController.cs(902,70): warning CS8600: Converting null literal or possible null value to non-nullable type. [C:\Users\HP\Downloads\Medical\Medical_Affiliation\Medical_Affiliation.csproj]
C:\Users\HP\Downloads\Medical\Medical_Affiliation\Controllers\CollegeBasicDetailsController.cs(693,55): warning CS8600: Converting null literal or possible null value to non-nullable type. [C:\Users\HP\Downloads\Medical\Medical_Affiliation\Medical_Affiliation.csproj]
C:\Users\HP\Downloads\Medical\Medical_Affiliation\Controllers\DentalRepositoryController.cs(205,37): warning CS8601: Possible null reference assignment. [C:\Users\HP\Downloads\Medical\Medical_Affiliation\Medical_Affiliation.csproj]
C:\Users\HP\Downloads\Medical\Medical_Affiliation\Controllers\HomeController.cs(30,27): warning CS8601: Possible null reference assignment. [C:\Users\HP\Downloads\Medical\Medical_Affiliation\Medical_Affiliation.csproj]
C:\Users\HP\Downloads\Medical\Medical_Affiliation\Controllers\HomeController.cs(31,30): warning CS8601: Possible null reference assignment. [C:\Users\HP\Downloads\Medical\Medical_Affiliation\Medical_Affiliation.csproj]
C:\Users\HP\Downloads\Medical\Medical_Affiliation\Controllers\DentalController.cs(281,38): warning CS8600: Converting null literal or possible null value to non-nullable type. [C:\Users\HP\Downloads\Medical\Medical_Affiliation\Medical_Affiliation.csproj]
C:\Users\HP\Downloads\Medical\Medical_Affiliation\Controllers\DentalController.cs(325,43): warning CS8601: Possible null reference assignment. [C:\Users\HP\Downloads\Medical\Medical_Affiliation\Medical_Affiliation.csproj]
C:\Users\HP\Downloads\Medical\Medical_Affiliation\Controllers\DentalController.cs(353,38): warning CS0168: The variable 'ex' is declared but never used [C:\Users\HP\Downloads\Medical\Medical_Affiliation\Medical_Affiliation.csproj]
C:\Users\HP\Downloads\Medical\Medical_Affiliation\Controllers\ContinuesAffiliation_FacultybasedController.cs(545,30): warning CS8601: Possible null reference assignment. [C:\Users\HP\Downloads\Medical\Medical_Affiliation\Medical_Affiliation.csproj]
C:\Users\HP\Downloads\Medical\Medical_Affiliation\Controllers\ContinuesAffiliation_FacultybasedController.cs(546,30): warning CS8601: Possible null reference assignment. [C:\Users\HP\Downloads\Medical\Medical_Affiliation\Medical_Affiliation.csproj]
C:\Users\HP\Downloads\Medical\Medical_Affiliation\Controllers\ContinuesAffiliation_FacultybasedController.cs(579,21): warning CS8602: Dereference of a possibly null reference. [C:\Users\HP\Downloads\Medical\Medical_Affiliation\Medical_Affiliation.csproj]
C:\Users\HP\Downloads\Medical\Medical_Affiliation\Controllers\ContinuesAffiliation_FacultybasedController.cs(580,21): warning CS8602: Dereference of a possibly null reference. [C:\Users\HP\Downloads\Medical\Medical_Affiliation\Medical_Affiliation.csproj]
C:\Users\HP\Downloads\Medical\Medical_Affiliation\Controllers\ContinuesAffiliation_FacultybasedController.cs(597,36): warning CS8602: Dereference of a possibly null reference. [C:\Users\HP\Downloads\Medical\Medical_Affiliation\Medical_Affiliation.csproj]
C:\Users\HP\Downloads\Medical\Medical_Affiliation\Controllers\ContinuesAffiliation_FacultybasedController.cs(658,87): warning CS8604: Possible null reference argument for parameter 'facultyCode' in 'Task<(string? path, string? name, string? type)> ContinuesAffiliation_FacultybasedController.SaveFileAsync(IFormFile? file, string folder, string facultyCode)'. [C:\Users\HP\Downloads\Medical\Medical_Affiliation\Medical_Affiliation.csproj]
C:\Users\HP\Downloads\Medical\Medical_Affiliation\Controllers\CA_Med_ResearchPublicationsController.cs(644,73): warning CS8600: Converting null literal or possible null value to non-nullable type. [C:\Users\HP\Downloads\Medical\Medical_Affiliation\Medical_Affiliation.csproj]
C:\Users\HP\Downloads\Medical\Medical_Affiliation\Controllers\FacultyDetailsController.cs(102,34): warning CS8600: Converting null literal or possible null value to non-nullable type. [C:\Users\HP\Downloads\Medical\Medical_Affiliation\Medical_Affiliation.csproj]
C:\Users\HP\Downloads\Medical\Medical_Affiliation\Controllers\FacultyDetailsController.cs(103,34): warning CS8600: Converting null literal or possible null value to non-nullable type. [C:\Users\HP\Downloads\Medical\Medical_Affiliation\Medical_Affiliation.csproj]
C:\Users\HP\Downloads\Medical\Medical_Affiliation\Controllers\FacultyDetailsController.cs(159,48): warning CS8601: Possible null reference assignment. [C:\Users\HP\Downloads\Medical\Medical_Affiliation\Medical_Affiliation.csproj]
C:\Users\HP\Downloads\Medical\Medical_Affiliation\Controllers\FacultyDetailsController.cs(160,49): warning CS8601: Possible null reference assignment. [C:\Users\HP\Downloads\Medical\Medical_Affiliation\Medical_Affiliation.csproj]
C:\Users\HP\Downloads\Medical\Medical_Affiliation\Controllers\FacultyDetailsController.cs(166,50): warning CS8601: Possible null reference assignment. [C:\Users\HP\Downloads\Medical\Medical_Affiliation\Medical_Affiliation.csproj]
C:\Users\HP\Downloads\Medical\Medical_Affiliation\Controllers\FacultyDetailsController.cs(167,47): warning CS8601: Possible null reference assignment. [C:\Users\HP\Downloads\Medical\Medical_Affiliation\Medical_Affiliation.csproj]
C:\Users\HP\Downloads\Medical\Medical_Affiliation\Controllers\FacultyDetailsController.cs(195,41): warning CS8601: Possible null reference assignment. [C:\Users\HP\Downloads\Medical\Medical_Affiliation\Medical_Affiliation.csproj]
C:\Users\HP\Downloads\Medical\Medical_Affiliation\Controllers\FacultyDetailsController.cs(196,39): warning CS8601: Possible null reference assignment. [C:\Users\HP\Downloads\Medical\Medical_Affiliation\Medical_Affiliation.csproj]
C:\Users\HP\Downloads\Medical\Medical_Affiliation\Controllers\FacultyDetailsController.cs(197,35): warning CS8601: Possible null reference assignment. [C:\Users\HP\Downloads\Medical\Medical_Affiliation\Medical_Affiliation.csproj]
C:\Users\HP\Downloads\Medical\Medical_Affiliation\Controllers\FacultyDetailsController.cs(198,31): warning CS8601: Possible null reference assignment. [C:\Users\HP\Downloads\Medical\Medical_Affiliation\Medical_Affiliation.csproj]
C:\Users\HP\Downloads\Medical\Medical_Affiliation\Controllers\ClinicalFacilitiesForAffiliationController.cs(384,38): warning CS8602: Dereference of a possibly null reference. [C:\Users\HP\Downloads\Medical\Medical_Affiliation\Medical_Affiliation.csproj]
C:\Users\HP\Downloads\Medical\Medical_Affiliation\Controllers\ClinicalFacilitiesForAffiliationController.cs(388,40): warning CS8602: Dereference of a possibly null reference. [C:\Users\HP\Downloads\Medical\Medical_Affiliation\Medical_Affiliation.csproj]
C:\Users\HP\Downloads\Medical\Medical_Affiliation\Controllers\ClinicalFacilitiesForAffiliationController.cs(400,32): warning CS8600: Converting null literal or possible null value to non-nullable type. [C:\Users\HP\Downloads\Medical\Medical_Affiliation\Medical_Affiliation.csproj]
C:\Users\HP\Downloads\Medical\Medical_Affiliation\Controllers\ClinicalFacilitiesForAffiliationController.cs(419,41): warning CS8602: Dereference of a possibly null reference. [C:\Users\HP\Downloads\Medical\Medical_Affiliation\Medical_Affiliation.csproj]
C:\Users\HP\Downloads\Medical\Medical_Affiliation\Controllers\ClinicalFacilitiesForAffiliationController.cs(420,44): warning CS8602: Dereference of a possibly null reference. [C:\Users\HP\Downloads\Medical\Medical_Affiliation\Medical_Affiliation.csproj]
C:\Users\HP\Downloads\Medical\Medical_Affiliation\Controllers\ClinicalFacilitiesForAffiliationController.cs(423,47): warning CS8602: Dereference of a possibly null reference. [C:\Users\HP\Downloads\Medical\Medical_Affiliation\Medical_Affiliation.csproj]
C:\Users\HP\Downloads\Medical\Medical_Affiliation\Controllers\ClinicalFacilitiesForAffiliationController.cs(424,44): warning CS8602: Dereference of a possibly null reference. [C:\Users\HP\Downloads\Medical\Medical_Affiliation\Medical_Affiliation.csproj]
C:\Users\HP\Downloads\Medical\Medical_Affiliation\Controllers\CA_Aff_AcademicMattersController.cs(537,64): warning CS0642: Possible mistaken empty statement [C:\Users\HP\Downloads\Medical\Medical_Affiliation\Medical_Affiliation.csproj]
C:\Users\HP\Downloads\Medical\Medical_Affiliation\Controllers\CA_Aff_AcademicMattersController.cs(406,29): warning CS8629: Nullable value type may be null. [C:\Users\HP\Downloads\Medical\Medical_Affiliation\Medical_Affiliation.csproj]
C:\Users\HP\Downloads\Medical\Medical_Affiliation\Controllers\CA_Aff_AcademicMattersController.cs(409,34): warning CS8629: Nullable value type may be null. [C:\Users\HP\Downloads\Medical\Medical_Affiliation\Medical_Affiliation.csproj]
C:\Users\HP\Downloads\Medical\Medical_Affiliation\Controllers\CA_Aff_AcademicMattersController.cs(465,47): warning CS8601: Possible null reference assignment. [C:\Users\HP\Downloads\Medical\Medical_Affiliation\Medical_Affiliation.csproj]
C:\Users\HP\Downloads\Medical\Medical_Affiliation\Controllers\CA_Aff_AcademicMattersController.cs(469,48): warning CS8629: Nullable value type may be null. [C:\Users\HP\Downloads\Medical\Medical_Affiliation\Medical_Affiliation.csproj]
C:\Users\HP\Downloads\Medical\Medical_Affiliation\Controllers\CA_Aff_AcademicMattersController.cs(486,84): warning CS8604: Possible null reference argument for parameter 'facultyCode' in 'Task<string?> CA_Aff_AcademicMattersController.SaveCurriculumFileAsync(IFormFile? file, string facultyCode)'. [C:\Users\HP\Downloads\Medical\Medical_Affiliation\Medical_Affiliation.csproj]
C:\Users\HP\Downloads\Medical\Medical_Affiliation\Controllers\CA_Aff_AcademicMattersController.cs(541,43): warning CS8601: Possible null reference assignment. [C:\Users\HP\Downloads\Medical\Medical_Affiliation\Medical_Affiliation.csproj]
C:\Users\HP\Downloads\Medical\Medical_Affiliation\Controllers\CA_Aff_AcademicMattersController.cs(545,40): warning CS8629: Nullable value type may be null. [C:\Users\HP\Downloads\Medical\Medical_Affiliation\Medical_Affiliation.csproj]
C:\Users\HP\Downloads\Medical\Medical_Affiliation\Controllers\CA_Aff_AcademicMattersController.cs(546,48): warning CS8629: Nullable value type may be null. [C:\Users\HP\Downloads\Medical\Medical_Affiliation\Medical_Affiliation.csproj]
C:\Users\HP\Downloads\Medical\Medical_Affiliation\Controllers\Aff_PharmacyController.cs(974,39): warning CS8601: Possible null reference assignment. [C:\Users\HP\Downloads\Medical\Medical_Affiliation\Medical_Affiliation.csproj]
C:\Users\HP\Downloads\Medical\Medical_Affiliation\Controllers\Aff_PharmacyController.cs(975,39): warning CS8601: Possible null reference assignment. [C:\Users\HP\Downloads\Medical\Medical_Affiliation\Medical_Affiliation.csproj]
C:\Users\HP\Downloads\Medical\Medical_Affiliation\Controllers\ClinicalFacilitiesForAffiliationController.cs(495,34): warning CS8602: Dereference of a possibly null reference. [C:\Users\HP\Downloads\Medical\Medical_Affiliation\Medical_Affiliation.csproj]
C:\Users\HP\Downloads\Medical\Medical_Affiliation\Controllers\ClinicalFacilitiesForAffiliationController.cs(499,36): warning CS8602: Dereference of a possibly null reference. [C:\Users\HP\Downloads\Medical\Medical_Affiliation\Medical_Affiliation.csproj]
C:\Users\HP\Downloads\Medical\Medical_Affiliation\Controllers\FellowshipController.cs(156,29): warning CS8602: Dereference of a possibly null reference. [C:\Users\HP\Downloads\Medical\Medical_Affiliation\Medical_Affiliation.csproj]
C:\Users\HP\Downloads\Medical\Medical_Affiliation\Controllers\ContinuousAffiliationController.cs(560,40): warning CS8601: Possible null reference assignment. [C:\Users\HP\Downloads\Medical\Medical_Affiliation\Medical_Affiliation.csproj]
C:\Users\HP\Downloads\Medical\Medical_Affiliation\Controllers\ContinuationAffiliationClinicalFacilitiesController.cs(983,38): warning CS8602: Dereference of a possibly null reference. [C:\Users\HP\Downloads\Medical\Medical_Affiliation\Medical_Affiliation.csproj]
C:\Users\HP\Downloads\Medical\Medical_Affiliation\Controllers\ContinuationAffiliationClinicalFacilitiesController.cs(987,40): warning CS8602: Dereference of a possibly null reference. [C:\Users\HP\Downloads\Medical\Medical_Affiliation\Medical_Affiliation.csproj]
C:\Users\HP\Downloads\Medical\Medical_Affiliation\Controllers\HomeController.cs(74,27): warning CS8600: Converting null literal or possible null value to non-nullable type. [C:\Users\HP\Downloads\Medical\Medical_Affiliation\Medical_Affiliation.csproj]
C:\Users\HP\Downloads\Medical\Medical_Affiliation\Controllers\CollegeBasicDetailsController.cs(817,37): warning CS8601: Possible null reference assignment. [C:\Users\HP\Downloads\Medical\Medical_Affiliation\Medical_Affiliation.csproj]
C:\Users\HP\Downloads\Medical\Medical_Affiliation\Controllers\CollegeBasicDetailsController.cs(818,36): warning CS8601: Possible null reference assignment. [C:\Users\HP\Downloads\Medical\Medical_Affiliation\Medical_Affiliation.csproj]
C:\Users\HP\Downloads\Medical\Medical_Affiliation\Controllers\CollegeBasicDetailsController.cs(820,41): warning CS8601: Possible null reference assignment. [C:\Users\HP\Downloads\Medical\Medical_Affiliation\Medical_Affiliation.csproj]
C:\Users\HP\Downloads\Medical\Medical_Affiliation\Controllers\CollegeBasicDetailsController.cs(822,35): warning CS8601: Possible null reference assignment. [C:\Users\HP\Downloads\Medical\Medical_Affiliation\Medical_Affiliation.csproj]
C:\Users\HP\Downloads\Medical\Medical_Affiliation\Controllers\ContinuousAffiliationController.cs(630,43): warning CS8601: Possible null reference assignment. [C:\Users\HP\Downloads\Medical\Medical_Affiliation\Medical_Affiliation.csproj]
C:\Users\HP\Downloads\Medical\Medical_Affiliation\Controllers\ContinuousAffiliationController.cs(631,43): warning CS8601: Possible null reference assignment. [C:\Users\HP\Downloads\Medical\Medical_Affiliation\Medical_Affiliation.csproj]
C:\Users\HP\Downloads\Medical\Medical_Affiliation\Controllers\ContinuousAffiliationController.cs(670,29): warning CS8604: Possible null reference argument for parameter 'facultyCode' in 'Task<string?> ContinuousAffiliationController.SaveCourseFileAsync(IFormFile? file, string folder, string facultyCode)'. [C:\Users\HP\Downloads\Medical\Medical_Affiliation\Medical_Affiliation.csproj]
C:\Users\HP\Downloads\Medical\Medical_Affiliation\Controllers\DentalApplicationStatusReportController.cs(301,65): warning CS8602: Dereference of a possibly null reference. [C:\Users\HP\Downloads\Medical\Medical_Affiliation\Medical_Affiliation.csproj]
C:\Users\HP\Downloads\Medical\Medical_Affiliation\Controllers\HomeController.cs(97,34): warning CS8600: Converting null literal or possible null value to non-nullable type. [C:\Users\HP\Downloads\Medical\Medical_Affiliation\Medical_Affiliation.csproj]
C:\Users\HP\Downloads\Medical\Medical_Affiliation\Controllers\Aff_PhysioTherapyController.cs(681,45): warning CS8600: Converting null literal or possible null value to non-nullable type. [C:\Users\HP\Downloads\Medical\Medical_Affiliation\Medical_Affiliation.csproj]
C:\Users\HP\Downloads\Medical\Medical_Affiliation\Controllers\Aff_PhysioTherapyController.cs(682,48): warning CS8600: Converting null literal or possible null value to non-nullable type. [C:\Users\HP\Downloads\Medical\Medical_Affiliation\Medical_Affiliation.csproj]
C:\Users\HP\Downloads\Medical\Medical_Affiliation\Controllers\Aff_PhysioTherapyController.cs(683,44): warning CS8600: Converting null literal or possible null value to non-nullable type. [C:\Users\HP\Downloads\Medical\Medical_Affiliation\Medical_Affiliation.csproj]
C:\Users\HP\Downloads\Medical\Medical_Affiliation\Controllers\Aff_PhysioTherapyController.cs(684,39): warning CS8600: Converting null literal or possible null value to non-nullable type. [C:\Users\HP\Downloads\Medical\Medical_Affiliation\Medical_Affiliation.csproj]
C:\Users\HP\Downloads\Medical\Medical_Affiliation\Controllers\Aff_PhysioTherapyController.cs(689,38): warning CS8600: Converting null literal or possible null value to non-nullable type. [C:\Users\HP\Downloads\Medical\Medical_Affiliation\Medical_Affiliation.csproj]
C:\Users\HP\Downloads\Medical\Medical_Affiliation\Controllers\Aff_PhysioTherapyController.cs(690,39): warning CS8600: Converting null literal or possible null value to non-nullable type. [C:\Users\HP\Downloads\Medical\Medical_Affiliation\Medical_Affiliation.csproj]
C:\Users\HP\Downloads\Medical\Medical_Affiliation\Controllers\Aff_PhysioTherapyController.cs(691,42): warning CS8600: Converting null literal or possible null value to non-nullable type. [C:\Users\HP\Downloads\Medical\Medical_Affiliation\Medical_Affiliation.csproj]
C:\Users\HP\Downloads\Medical\Medical_Affiliation\Controllers\Aff_PhysioTherapyController.cs(692,37): warning CS8600: Converting null literal or possible null value to non-nullable type. [C:\Users\HP\Downloads\Medical\Medical_Affiliation\Medical_Affiliation.csproj]
C:\Users\HP\Downloads\Medical\Medical_Affiliation\Controllers\Aff_PhysioTherapyController.cs(693,42): warning CS8600: Converting null literal or possible null value to non-nullable type. [C:\Users\HP\Downloads\Medical\Medical_Affiliation\Medical_Affiliation.csproj]
C:\Users\HP\Downloads\Medical\Medical_Affiliation\Controllers\Aff_PhysioTherapyController.cs(694,42): warning CS8600: Converting null literal or possible null value to non-nullable type. [C:\Users\HP\Downloads\Medical\Medical_Affiliation\Medical_Affiliation.csproj]
C:\Users\HP\Downloads\Medical\Medical_Affiliation\Controllers\Aff_PhysioTherapyController.cs(695,42): warning CS8600: Converting null literal or possible null value to non-nullable type. [C:\Users\HP\Downloads\Medical\Medical_Affiliation\Medical_Affiliation.csproj]
C:\Users\HP\Downloads\Medical\Medical_Affiliation\Controllers\Aff_PhysioTherapyController.cs(696,47): warning CS8600: Converting null literal or possible null value to non-nullable type. [C:\Users\HP\Downloads\Medical\Medical_Affiliation\Medical_Affiliation.csproj]
C:\Users\HP\Downloads\Medical\Medical_Affiliation\Controllers\Aff_PhysioTherapyController.cs(697,47): warning CS8600: Converting null literal or possible null value to non-nullable type. [C:\Users\HP\Downloads\Medical\Medical_Affiliation\Medical_Affiliation.csproj]
C:\Users\HP\Downloads\Medical\Medical_Affiliation\Controllers\Aff_PhysioTherapyController.cs(762,57): warning CS8601: Possible null reference assignment. [C:\Users\HP\Downloads\Medical\Medical_Affiliation\Medical_Affiliation.csproj]
C:\Users\HP\Downloads\Medical\Medical_Affiliation\Controllers\Aff_PhysioTherapyController.cs(792,46): warning CS8601: Possible null reference assignment. [C:\Users\HP\Downloads\Medical\Medical_Affiliation\Medical_Affiliation.csproj]
C:\Users\HP\Downloads\Medical\Medical_Affiliation\Controllers\Aff_PhysioTherapyController.cs(687,57): warning CS8603: Possible null reference return. [C:\Users\HP\Downloads\Medical\Medical_Affiliation\Medical_Affiliation.csproj]
C:\Users\HP\Downloads\Medical\Medical_Affiliation\Controllers\Aff_PhysioTherapyController.cs(704,28): warning CS8603: Possible null reference return. [C:\Users\HP\Downloads\Medical\Medical_Affiliation\Medical_Affiliation.csproj]
C:\Users\HP\Downloads\Medical\Medical_Affiliation\Controllers\ContinuesAffiliation_FacultybasedController.cs(905,96): warning CS8604: Possible null reference argument for parameter 'facultyCode' in 'Task<IActionResult> ContinuesAffiliation_FacultybasedController.ServeFileFromPath(int id, string facultyCode, Func<InstitutionBasicDetail, string?> pathSelector)'. [C:\Users\HP\Downloads\Medical\Medical_Affiliation\Medical_Affiliation.csproj]
C:\Users\HP\Downloads\Medical\Medical_Affiliation\Controllers\ContinuesAffiliation_FacultybasedController.cs(909,97): warning CS8604: Possible null reference argument for parameter 'facultyCode' in 'Task<IActionResult> ContinuesAffiliation_FacultybasedController.ServeFileFromPath(int id, string facultyCode, Func<InstitutionBasicDetail, string?> pathSelector)'. [C:\Users\HP\Downloads\Medical\Medical_Affiliation\Medical_Affiliation.csproj]
C:\Users\HP\Downloads\Medical\Medical_Affiliation\Controllers\ContinuesAffiliation_FacultybasedController.cs(913,38): warning CS8604: Possible null reference argument for parameter 'facultyCode' in 'Task<IActionResult> ContinuesAffiliation_FacultybasedController.ServeFileFromPath(int id, string facultyCode, Func<InstitutionBasicDetail, string?> pathSelector)'. [C:\Users\HP\Downloads\Medical\Medical_Affiliation\Medical_Affiliation.csproj]
C:\Users\HP\Downloads\Medical\Medical_Affiliation\Controllers\ContinuesAffiliation_FacultybasedController.cs(917,38): warning CS8604: Possible null reference argument for parameter 'facultyCode' in 'Task<IActionResult> ContinuesAffiliation_FacultybasedController.ServeFileFromPath(int id, string facultyCode, Func<InstitutionBasicDetail, string?> pathSelector)'. [C:\Users\HP\Downloads\Medical\Medical_Affiliation\Medical_Affiliation.csproj]
C:\Users\HP\Downloads\Medical\Medical_Affiliation\Controllers\ContinuesAffiliation_FacultybasedController.cs(921,38): warning CS8604: Possible null reference argument for parameter 'facultyCode' in 'Task<IActionResult> ContinuesAffiliation_FacultybasedController.ServeFileFromPath(int id, string facultyCode, Func<InstitutionBasicDetail, string?> pathSelector)'. [C:\Users\HP\Downloads\Medical\Medical_Affiliation\Medical_Affiliation.csproj]
C:\Users\HP\Downloads\Medical\Medical_Affiliation\Controllers\ContinuesAffiliation_FacultybasedController.cs(925,38): warning CS8604: Possible null reference argument for parameter 'facultyCode' in 'Task<IActionResult> ContinuesAffiliation_FacultybasedController.ServeFileFromPath(int id, string facultyCode, Func<InstitutionBasicDetail, string?> pathSelector)'. [C:\Users\HP\Downloads\Medical\Medical_Affiliation\Medical_Affiliation.csproj]
C:\Users\HP\Downloads\Medical\Medical_Affiliation\Controllers\ContinuesAffiliation_FacultybasedController.cs(929,38): warning CS8604: Possible null reference argument for parameter 'facultyCode' in 'Task<IActionResult> ContinuesAffiliation_FacultybasedController.ServeFileFromPath(int id, string facultyCode, Func<InstitutionBasicDetail, string?> pathSelector)'. [C:\Users\HP\Downloads\Medical\Medical_Affiliation\Medical_Affiliation.csproj]
C:\Users\HP\Downloads\Medical\Medical_Affiliation\Controllers\ClinicalFacilitiesForAffiliationController.cs(580,38): warning CS8602: Dereference of a possibly null reference. [C:\Users\HP\Downloads\Medical\Medical_Affiliation\Medical_Affiliation.csproj]
C:\Users\HP\Downloads\Medical\Medical_Affiliation\Controllers\ClinicalFacilitiesForAffiliationController.cs(584,40): warning CS8602: Dereference of a possibly null reference. [C:\Users\HP\Downloads\Medical\Medical_Affiliation\Medical_Affiliation.csproj]
C:\Users\HP\Downloads\Medical\Medical_Affiliation\Controllers\ContinuesAffiliation_FacultybasedController.cs(933,38): warning CS8604: Possible null reference argument for parameter 'facultyCode' in 'Task<IActionResult> ContinuesAffiliation_FacultybasedController.ServeFileFromPath(int id, string facultyCode, Func<InstitutionBasicDetail, string?> pathSelector)'. [C:\Users\HP\Downloads\Medical\Medical_Affiliation\Medical_Affiliation.csproj]
C:\Users\HP\Downloads\Medical\Medical_Affiliation\Controllers\ContinuesAffiliation_FacultybasedController.cs(937,38): warning CS8604: Possible null reference argument for parameter 'facultyCode' in 'Task<IActionResult> ContinuesAffiliation_FacultybasedController.ServeFileFromPath(int id, string facultyCode, Func<InstitutionBasicDetail, string?> pathSelector)'. [C:\Users\HP\Downloads\Medical\Medical_Affiliation\Medical_Affiliation.csproj]
C:\Users\HP\Downloads\Medical\Medical_Affiliation\Controllers\ContinuesAffiliation_FacultybasedController.cs(941,38): warning CS8604: Possible null reference argument for parameter 'facultyCode' in 'Task<IActionResult> ContinuesAffiliation_FacultybasedController.ServeFileFromPath(int id, string facultyCode, Func<InstitutionBasicDetail, string?> pathSelector)'. [C:\Users\HP\Downloads\Medical\Medical_Affiliation\Medical_Affiliation.csproj]
C:\Users\HP\Downloads\Medical\Medical_Affiliation\Controllers\ContinuesAffiliation_FacultybasedController.cs(945,38): warning CS8604: Possible null reference argument for parameter 'facultyCode' in 'Task<IActionResult> ContinuesAffiliation_FacultybasedController.ServeFileFromPath(int id, string facultyCode, Func<InstitutionBasicDetail, string?> pathSelector)'. [C:\Users\HP\Downloads\Medical\Medical_Affiliation\Medical_Affiliation.csproj]
C:\Users\HP\Downloads\Medical\Medical_Affiliation\Controllers\HomeController.cs(129,55): warning CS8601: Possible null reference assignment. [C:\Users\HP\Downloads\Medical\Medical_Affiliation\Medical_Affiliation.csproj]
C:\Users\HP\Downloads\Medical\Medical_Affiliation\Controllers\HomeController.cs(130,55): warning CS8601: Possible null reference assignment. [C:\Users\HP\Downloads\Medical\Medical_Affiliation\Medical_Affiliation.csproj]
C:\Users\HP\Downloads\Medical\Medical_Affiliation\Controllers\Aff_PharmacyController.cs(1434,21): warning CS8602: Dereference of a possibly null reference. [C:\Users\HP\Downloads\Medical\Medical_Affiliation\Medical_Affiliation.csproj]
C:\Users\HP\Downloads\Medical\Medical_Affiliation\Controllers\Aff_PharmacyController.cs(1439,46): warning CS8629: Nullable value type may be null. [C:\Users\HP\Downloads\Medical\Medical_Affiliation\Medical_Affiliation.csproj]
C:\Users\HP\Downloads\Medical\Medical_Affiliation\Controllers\Aff_PharmacyController.cs(1440,43): warning CS8629: Nullable value type may be null. [C:\Users\HP\Downloads\Medical\Medical_Affiliation\Medical_Affiliation.csproj]
C:\Users\HP\Downloads\Medical\Medical_Affiliation\Controllers\ContinuesAffiliation_FacultybasedController.cs(949,38): warning CS8604: Possible null reference argument for parameter 'facultyCode' in 'Task<IActionResult> ContinuesAffiliation_FacultybasedController.ServeFileFromPath(int id, string facultyCode, Func<InstitutionBasicDetail, string?> pathSelector)'. [C:\Users\HP\Downloads\Medical\Medical_Affiliation\Medical_Affiliation.csproj]
C:\Users\HP\Downloads\Medical\Medical_Affiliation\Controllers\ContinuesAffiliation_FacultybasedController.cs(957,38): warning CS8604: Possible null reference argument for parameter 'facultyCode' in 'Task<IActionResult> ContinuesAffiliation_FacultybasedController.ServeFileFromPath(int id, string facultyCode, Func<InstitutionBasicDetail, string?> pathSelector)'. [C:\Users\HP\Downloads\Medical\Medical_Affiliation\Medical_Affiliation.csproj]
C:\Users\HP\Downloads\Medical\Medical_Affiliation\Controllers\Aff_UnaniController.cs(570,32): warning CS8600: Converting null literal or possible null value to non-nullable type. [C:\Users\HP\Downloads\Medical\Medical_Affiliation\Medical_Affiliation.csproj]
C:\Users\HP\Downloads\Medical\Medical_Affiliation\Controllers\Aff_UnaniController.cs(577,33): warning CS8600: Converting null literal or possible null value to non-nullable type. [C:\Users\HP\Downloads\Medical\Medical_Affiliation\Medical_Affiliation.csproj]
C:\Users\HP\Downloads\Medical\Medical_Affiliation\Controllers\Aff_UnaniController.cs(581,33): warning CS8600: Converting null literal or possible null value to non-nullable type. [C:\Users\HP\Downloads\Medical\Medical_Affiliation\Medical_Affiliation.csproj]
C:\Users\HP\Downloads\Medical\Medical_Affiliation\Controllers\Aff_UnaniController.cs(585,33): warning CS8600: Converting null literal or possible null value to non-nullable type. [C:\Users\HP\Downloads\Medical\Medical_Affiliation\Medical_Affiliation.csproj]
C:\Users\HP\Downloads\Medical\Medical_Affiliation\Controllers\Aff_UnaniController.cs(589,33): warning CS8600: Converting null literal or possible null value to non-nullable type. [C:\Users\HP\Downloads\Medical\Medical_Affiliation\Medical_Affiliation.csproj]
C:\Users\HP\Downloads\Medical\Medical_Affiliation\Controllers\Aff_UnaniController.cs(593,33): warning CS8600: Converting null literal or possible null value to non-nullable type. [C:\Users\HP\Downloads\Medical\Medical_Affiliation\Medical_Affiliation.csproj]
C:\Users\HP\Downloads\Medical\Medical_Affiliation\Controllers\Aff_UnaniController.cs(597,33): warning CS8600: Converting null literal or possible null value to non-nullable type. [C:\Users\HP\Downloads\Medical\Medical_Affiliation\Medical_Affiliation.csproj]
C:\Users\HP\Downloads\Medical\Medical_Affiliation\Controllers\Aff_UnaniController.cs(601,33): warning CS8600: Converting null literal or possible null value to non-nullable type. [C:\Users\HP\Downloads\Medical\Medical_Affiliation\Medical_Affiliation.csproj]
C:\Users\HP\Downloads\Medical\Medical_Affiliation\Controllers\Aff_UnaniController.cs(605,33): warning CS8600: Converting null literal or possible null value to non-nullable type. [C:\Users\HP\Downloads\Medical\Medical_Affiliation\Medical_Affiliation.csproj]
C:\Users\HP\Downloads\Medical\Medical_Affiliation\Controllers\Aff_UnaniController.cs(609,33): warning CS8600: Converting null literal or possible null value to non-nullable type. [C:\Users\HP\Downloads\Medical\Medical_Affiliation\Medical_Affiliation.csproj]
C:\Users\HP\Downloads\Medical\Medical_Affiliation\Controllers\FacultyDetailsController.cs(281,34): warning CS8600: Converting null literal or possible null value to non-nullable type. [C:\Users\HP\Downloads\Medical\Medical_Affiliation\Medical_Affiliation.csproj]
C:\Users\HP\Downloads\Medical\Medical_Affiliation\Controllers\FacultyDetailsController.cs(282,34): warning CS8600: Converting null literal or possible null value to non-nullable type. [C:\Users\HP\Downloads\Medical\Medical_Affiliation\Medical_Affiliation.csproj]
C:\Users\HP\Downloads\Medical\Medical_Affiliation\Controllers\FacultyDetailsController.cs(315,50): warning CS8602: Dereference of a possibly null reference. [C:\Users\HP\Downloads\Medical\Medical_Affiliation\Medical_Affiliation.csproj]
C:\Users\HP\Downloads\Medical\Medical_Affiliation\Controllers\FacultyDetailsController.cs(341,42): warning CS8600: Converting null literal or possible null value to non-nullable type. [C:\Users\HP\Downloads\Medical\Medical_Affiliation\Medical_Affiliation.csproj]
C:\Users\HP\Downloads\Medical\Medical_Affiliation\Controllers\HomeController.cs(145,34): warning CS8600: Converting null literal or possible null value to non-nullable type. [C:\Users\HP\Downloads\Medical\Medical_Affiliation\Medical_Affiliation.csproj]
C:\Users\HP\Downloads\Medical\Medical_Affiliation\Controllers\FacultyDetailsController.cs(456,24): warning CS8603: Possible null reference return. [C:\Users\HP\Downloads\Medical\Medical_Affiliation\Medical_Affiliation.csproj]
C:\Users\HP\Downloads\Medical\Medical_Affiliation\Controllers\FacultyDetailsController.cs(458,30): warning CS8600: Converting null literal or possible null value to non-nullable type. [C:\Users\HP\Downloads\Medical\Medical_Affiliation\Medical_Affiliation.csproj]
C:\Users\HP\Downloads\Medical\Medical_Affiliation\Controllers\FacultyDetailsController.cs(459,26): warning CS8600: Converting null literal or possible null value to non-nullable type. [C:\Users\HP\Downloads\Medical\Medical_Affiliation\Medical_Affiliation.csproj]
C:\Users\HP\Downloads\Medical\Medical_Affiliation\Controllers\FacultyDetailsController.cs(462,24): warning CS8603: Possible null reference return. [C:\Users\HP\Downloads\Medical\Medical_Affiliation\Medical_Affiliation.csproj]
C:\Users\HP\Downloads\Medical\Medical_Affiliation\Controllers\FacultyDetailsController.cs(468,20): warning CS8603: Possible null reference return. [C:\Users\HP\Downloads\Medical\Medical_Affiliation\Medical_Affiliation.csproj]
C:\Users\HP\Downloads\Medical\Medical_Affiliation\Controllers\Aff_SowaRigPaiController.cs(570,32): warning CS8600: Converting null literal or possible null value to non-nullable type. [C:\Users\HP\Downloads\Medical\Medical_Affiliation\Medical_Affiliation.csproj]
C:\Users\HP\Downloads\Medical\Medical_Affiliation\Controllers\Aff_SowaRigPaiController.cs(577,33): warning CS8600: Converting null literal or possible null value to non-nullable type. [C:\Users\HP\Downloads\Medical\Medical_Affiliation\Medical_Affiliation.csproj]
C:\Users\HP\Downloads\Medical\Medical_Affiliation\Controllers\Aff_SowaRigPaiController.cs(581,33): warning CS8600: Converting null literal or possible null value to non-nullable type. [C:\Users\HP\Downloads\Medical\Medical_Affiliation\Medical_Affiliation.csproj]
C:\Users\HP\Downloads\Medical\Medical_Affiliation\Controllers\Aff_SowaRigPaiController.cs(585,33): warning CS8600: Converting null literal or possible null value to non-nullable type. [C:\Users\HP\Downloads\Medical\Medical_Affiliation\Medical_Affiliation.csproj]
C:\Users\HP\Downloads\Medical\Medical_Affiliation\Controllers\Aff_SowaRigPaiController.cs(589,33): warning CS8600: Converting null literal or possible null value to non-nullable type. [C:\Users\HP\Downloads\Medical\Medical_Affiliation\Medical_Affiliation.csproj]
C:\Users\HP\Downloads\Medical\Medical_Affiliation\Controllers\Aff_SowaRigPaiController.cs(593,33): warning CS8600: Converting null literal or possible null value to non-nullable type. [C:\Users\HP\Downloads\Medical\Medical_Affiliation\Medical_Affiliation.csproj]
C:\Users\HP\Downloads\Medical\Medical_Affiliation\Controllers\Aff_SowaRigPaiController.cs(597,33): warning CS8600: Converting null literal or possible null value to non-nullable type. [C:\Users\HP\Downloads\Medical\Medical_Affiliation\Medical_Affiliation.csproj]
C:\Users\HP\Downloads\Medical\Medical_Affiliation\Controllers\Aff_SowaRigPaiController.cs(601,33): warning CS8600: Converting null literal or possible null value to non-nullable type. [C:\Users\HP\Downloads\Medical\Medical_Affiliation\Medical_Affiliation.csproj]
C:\Users\HP\Downloads\Medical\Medical_Affiliation\Controllers\Aff_SowaRigPaiController.cs(605,33): warning CS8600: Converting null literal or possible null value to non-nullable type. [C:\Users\HP\Downloads\Medical\Medical_Affiliation\Medical_Affiliation.csproj]
C:\Users\HP\Downloads\Medical\Medical_Affiliation\Controllers\Aff_SowaRigPaiController.cs(609,33): warning CS8600: Converting null literal or possible null value to non-nullable type. [C:\Users\HP\Downloads\Medical\Medical_Affiliation\Medical_Affiliation.csproj]
C:\Users\HP\Downloads\Medical\Medical_Affiliation\Controllers\Aff_NursingController.cs(1061,41): warning CS8600: Converting null literal or possible null value to non-nullable type. [C:\Users\HP\Downloads\Medical\Medical_Affiliation\Medical_Affiliation.csproj]
C:\Users\HP\Downloads\Medical\Medical_Affiliation\Controllers\Aff_NursingController.cs(1062,44): warning CS8600: Converting null literal or possible null value to non-nullable type. [C:\Users\HP\Downloads\Medical\Medical_Affiliation\Medical_Affiliation.csproj]
C:\Users\HP\Downloads\Medical\Medical_Affiliation\Controllers\Aff_NursingController.cs(1063,40): warning CS8600: Converting null literal or possible null value to non-nullable type. [C:\Users\HP\Downloads\Medical\Medical_Affiliation\Medical_Affiliation.csproj]
C:\Users\HP\Downloads\Medical\Medical_Affiliation\Controllers\Aff_NursingController.cs(1064,35): warning CS8600: Converting null literal or possible null value to non-nullable type. [C:\Users\HP\Downloads\Medical\Medical_Affiliation\Medical_Affiliation.csproj]
C:\Users\HP\Downloads\Medical\Medical_Affiliation\Controllers\Aff_NursingController.cs(1071,102): warning CS8604: Possible null reference argument for parameter 'formFile' in 'byte[] Aff_NursingController.ConvertFileToBytes(IFormFile formFile)'. [C:\Users\HP\Downloads\Medical\Medical_Affiliation\Medical_Affiliation.csproj]
C:\Users\HP\Downloads\Medical\Medical_Affiliation\Controllers\Aff_NursingController.cs(1071,34): warning CS8600: Converting null literal or possible null value to non-nullable type. [C:\Users\HP\Downloads\Medical\Medical_Affiliation\Medical_Affiliation.csproj]
C:\Users\HP\Downloads\Medical\Medical_Affiliation\Controllers\Aff_NursingController.cs(1072,92): warning CS8604: Possible null reference argument for parameter 'formFile' in 'byte[] Aff_NursingController.ConvertFileToBytes(IFormFile formFile)'. [C:\Users\HP\Downloads\Medical\Medical_Affiliation\Medical_Affiliation.csproj]
C:\Users\HP\Downloads\Medical\Medical_Affiliation\Controllers\Aff_NursingController.cs(1072,29): warning CS8600: Converting null literal or possible null value to non-nullable type. [C:\Users\HP\Downloads\Medical\Medical_Affiliation\Medical_Affiliation.csproj]
C:\Users\HP\Downloads\Medical\Medical_Affiliation\Controllers\Aff_NursingController.cs(1073,100): warning CS8604: Possible null reference argument for parameter 'formFile' in 'byte[] Aff_NursingController.ConvertFileToBytes(IFormFile formFile)'. [C:\Users\HP\Downloads\Medical\Medical_Affiliation\Medical_Affiliation.csproj]
C:\Users\HP\Downloads\Medical\Medical_Affiliation\Controllers\Aff_NursingController.cs(1073,31): warning CS8600: Converting null literal or possible null value to non-nullable type. [C:\Users\HP\Downloads\Medical\Medical_Affiliation\Medical_Affiliation.csproj]
C:\Users\HP\Downloads\Medical\Medical_Affiliation\Controllers\Aff_NursingController.cs(1074,104): warning CS8604: Possible null reference argument for parameter 'formFile' in 'byte[] Aff_NursingController.ConvertFileToBytes(IFormFile formFile)'. [C:\Users\HP\Downloads\Medical\Medical_Affiliation\Medical_Affiliation.csproj]
C:\Users\HP\Downloads\Medical\Medical_Affiliation\Controllers\Aff_NursingController.cs(1074,35): warning CS8600: Converting null literal or possible null value to non-nullable type. [C:\Users\HP\Downloads\Medical\Medical_Affiliation\Medical_Affiliation.csproj]
C:\Users\HP\Downloads\Medical\Medical_Affiliation\Controllers\Aff_NursingController.cs(1079,33): warning CS8602: Dereference of a possibly null reference. [C:\Users\HP\Downloads\Medical\Medical_Affiliation\Medical_Affiliation.csproj]
C:\Users\HP\Downloads\Medical\Medical_Affiliation\Controllers\Aff_NursingController.cs(1087,39): warning CS8602: Dereference of a possibly null reference. [C:\Users\HP\Downloads\Medical\Medical_Affiliation\Medical_Affiliation.csproj]
C:\Users\HP\Downloads\Medical\Medical_Affiliation\Controllers\Aff_NursingController.cs(1114,53): warning CS8601: Possible null reference assignment. [C:\Users\HP\Downloads\Medical\Medical_Affiliation\Medical_Affiliation.csproj]
C:\Users\HP\Downloads\Medical\Medical_Affiliation\Controllers\Aff_NursingController.cs(1133,39): warning CS8601: Possible null reference assignment. [C:\Users\HP\Downloads\Medical\Medical_Affiliation\Medical_Affiliation.csproj]
C:\Users\HP\Downloads\Medical\Medical_Affiliation\Controllers\Aff_NursingController.cs(1134,39): warning CS8601: Possible null reference assignment. [C:\Users\HP\Downloads\Medical\Medical_Affiliation\Medical_Affiliation.csproj]
C:\Users\HP\Downloads\Medical\Medical_Affiliation\Controllers\Aff_NursingController.cs(1136,42): warning CS8601: Possible null reference assignment. [C:\Users\HP\Downloads\Medical\Medical_Affiliation\Medical_Affiliation.csproj]
C:\Users\HP\Downloads\Medical\Medical_Affiliation\Controllers\FacultyDetailsController.cs(477,31): warning CS8600: Converting null literal or possible null value to non-nullable type. [C:\Users\HP\Downloads\Medical\Medical_Affiliation\Medical_Affiliation.csproj]
C:\Users\HP\Downloads\Medical\Medical_Affiliation\Controllers\FacultyDetailsController.cs(482,32): warning CS8600: Converting null literal or possible null value to non-nullable type. [C:\Users\HP\Downloads\Medical\Medical_Affiliation\Medical_Affiliation.csproj]
C:\Users\HP\Downloads\Medical\Medical_Affiliation\Controllers\FacultyDetailsController.cs(486,32): warning CS8600: Converting null literal or possible null value to non-nullable type. [C:\Users\HP\Downloads\Medical\Medical_Affiliation\Medical_Affiliation.csproj]
C:\Users\HP\Downloads\Medical\Medical_Affiliation\Controllers\FacultyDetailsController.cs(490,32): warning CS8600: Converting null literal or possible null value to non-nullable type. [C:\Users\HP\Downloads\Medical\Medical_Affiliation\Medical_Affiliation.csproj]
C:\Users\HP\Downloads\Medical\Medical_Affiliation\Controllers\FacultyDetailsController.cs(505,59): warning CS8600: Converting null literal or possible null value to non-nullable type. [C:\Users\HP\Downloads\Medical\Medical_Affiliation\Medical_Affiliation.csproj]
C:\Users\HP\Downloads\Medical\Medical_Affiliation\Controllers\CA_Aff_AcademicMattersController.cs(602,34): warning CS8600: Converting null literal or possible null value to non-nullable type. [C:\Users\HP\Downloads\Medical\Medical_Affiliation\Medical_Affiliation.csproj]
C:\Users\HP\Downloads\Medical\Medical_Affiliation\Controllers\AyurvedhaRepositoryController.cs(570,32): warning CS8600: Converting null literal or possible null value to non-nullable type. [C:\Users\HP\Downloads\Medical\Medical_Affiliation\Medical_Affiliation.csproj]
C:\Users\HP\Downloads\Medical\Medical_Affiliation\Controllers\AyurvedhaRepositoryController.cs(577,33): warning CS8600: Converting null literal or possible null value to non-nullable type. [C:\Users\HP\Downloads\Medical\Medical_Affiliation\Medical_Affiliation.csproj]
C:\Users\HP\Downloads\Medical\Medical_Affiliation\Controllers\AyurvedhaRepositoryController.cs(581,33): warning CS8600: Converting null literal or possible null value to non-nullable type. [C:\Users\HP\Downloads\Medical\Medical_Affiliation\Medical_Affiliation.csproj]
C:\Users\HP\Downloads\Medical\Medical_Affiliation\Controllers\AyurvedhaRepositoryController.cs(585,33): warning CS8600: Converting null literal or possible null value to non-nullable type. [C:\Users\HP\Downloads\Medical\Medical_Affiliation\Medical_Affiliation.csproj]
C:\Users\HP\Downloads\Medical\Medical_Affiliation\Controllers\AyurvedhaRepositoryController.cs(589,33): warning CS8600: Converting null literal or possible null value to non-nullable type. [C:\Users\HP\Downloads\Medical\Medical_Affiliation\Medical_Affiliation.csproj]
C:\Users\HP\Downloads\Medical\Medical_Affiliation\Controllers\AyurvedhaRepositoryController.cs(593,33): warning CS8600: Converting null literal or possible null value to non-nullable type. [C:\Users\HP\Downloads\Medical\Medical_Affiliation\Medical_Affiliation.csproj]
C:\Users\HP\Downloads\Medical\Medical_Affiliation\Controllers\AyurvedhaRepositoryController.cs(597,33): warning CS8600: Converting null literal or possible null value to non-nullable type. [C:\Users\HP\Downloads\Medical\Medical_Affiliation\Medical_Affiliation.csproj]
C:\Users\HP\Downloads\Medical\Medical_Affiliation\Controllers\AyurvedhaRepositoryController.cs(601,33): warning CS8600: Converting null literal or possible null value to non-nullable type. [C:\Users\HP\Downloads\Medical\Medical_Affiliation\Medical_Affiliation.csproj]
C:\Users\HP\Downloads\Medical\Medical_Affiliation\Controllers\AyurvedhaRepositoryController.cs(605,33): warning CS8600: Converting null literal or possible null value to non-nullable type. [C:\Users\HP\Downloads\Medical\Medical_Affiliation\Medical_Affiliation.csproj]
C:\Users\HP\Downloads\Medical\Medical_Affiliation\Controllers\AyurvedhaRepositoryController.cs(609,33): warning CS8600: Converting null literal or possible null value to non-nullable type. [C:\Users\HP\Downloads\Medical\Medical_Affiliation\Medical_Affiliation.csproj]
C:\Users\HP\Downloads\Medical\Medical_Affiliation\Controllers\ClinicalFacilitiesForAffiliationController.cs(682,38): warning CS8602: Dereference of a possibly null reference. [C:\Users\HP\Downloads\Medical\Medical_Affiliation\Medical_Affiliation.csproj]
C:\Users\HP\Downloads\Medical\Medical_Affiliation\Controllers\ClinicalFacilitiesForAffiliationController.cs(686,40): warning CS8602: Dereference of a possibly null reference. [C:\Users\HP\Downloads\Medical\Medical_Affiliation\Medical_Affiliation.csproj]
C:\Users\HP\Downloads\Medical\Medical_Affiliation\Controllers\ClinicalFacilitiesForAffiliationController.cs(738,100): warning CS8604: Possible null reference argument for parameter 'facultyCode' in 'Task<string?> ClinicalFacilitiesForAffiliationController.SaveAffiliatedHospitalFileAsync(IFormFile? file, string facultyCode)'. [C:\Users\HP\Downloads\Medical\Medical_Affiliation\Medical_Affiliation.csproj]
C:\Users\HP\Downloads\Medical\Medical_Affiliation\Controllers\ClinicalFacilitiesForAffiliationController.cs(760,96): warning CS8604: Possible null reference argument for parameter 'facultyCode' in 'Task<string?> ClinicalFacilitiesForAffiliationController.SaveAffiliatedHospitalFileAsync(IFormFile? file, string facultyCode)'. [C:\Users\HP\Downloads\Medical\Medical_Affiliation\Medical_Affiliation.csproj]
C:\Users\HP\Downloads\Medical\Medical_Affiliation\Controllers\Aff_PhysioTherapyController.cs(841,32): warning CS8600: Converting null literal or possible null value to non-nullable type. [C:\Users\HP\Downloads\Medical\Medical_Affiliation\Medical_Affiliation.csproj]
C:\Users\HP\Downloads\Medical\Medical_Affiliation\Controllers\Aff_PhysioTherapyController.cs(848,33): warning CS8600: Converting null literal or possible null value to non-nullable type. [C:\Users\HP\Downloads\Medical\Medical_Affiliation\Medical_Affiliation.csproj]
C:\Users\HP\Downloads\Medical\Medical_Affiliation\Controllers\Aff_PhysioTherapyController.cs(852,33): warning CS8600: Converting null literal or possible null value to non-nullable type. [C:\Users\HP\Downloads\Medical\Medical_Affiliation\Medical_Affiliation.csproj]
C:\Users\HP\Downloads\Medical\Medical_Affiliation\Controllers\Aff_PhysioTherapyController.cs(856,33): warning CS8600: Converting null literal or possible null value to non-nullable type. [C:\Users\HP\Downloads\Medical\Medical_Affiliation\Medical_Affiliation.csproj]
C:\Users\HP\Downloads\Medical\Medical_Affiliation\Controllers\Aff_PhysioTherapyController.cs(860,33): warning CS8600: Converting null literal or possible null value to non-nullable type. [C:\Users\HP\Downloads\Medical\Medical_Affiliation\Medical_Affiliation.csproj]
C:\Users\HP\Downloads\Medical\Medical_Affiliation\Controllers\Aff_PhysioTherapyController.cs(864,33): warning CS8600: Converting null literal or possible null value to non-nullable type. [C:\Users\HP\Downloads\Medical\Medical_Affiliation\Medical_Affiliation.csproj]
C:\Users\HP\Downloads\Medical\Medical_Affiliation\Controllers\Aff_PhysioTherapyController.cs(868,33): warning CS8600: Converting null literal or possible null value to non-nullable type. [C:\Users\HP\Downloads\Medical\Medical_Affiliation\Medical_Affiliation.csproj]
C:\Users\HP\Downloads\Medical\Medical_Affiliation\Controllers\Aff_PhysioTherapyController.cs(872,33): warning CS8600: Converting null literal or possible null value to non-nullable type. [C:\Users\HP\Downloads\Medical\Medical_Affiliation\Medical_Affiliation.csproj]
C:\Users\HP\Downloads\Medical\Medical_Affiliation\Controllers\Aff_PhysioTherapyController.cs(876,33): warning CS8600: Converting null literal or possible null value to non-nullable type. [C:\Users\HP\Downloads\Medical\Medical_Affiliation\Medical_Affiliation.csproj]
C:\Users\HP\Downloads\Medical\Medical_Affiliation\Controllers\Aff_PhysioTherapyController.cs(880,33): warning CS8600: Converting null literal or possible null value to non-nullable type. [C:\Users\HP\Downloads\Medical\Medical_Affiliation\Medical_Affiliation.csproj]
C:\Users\HP\Downloads\Medical\Medical_Affiliation\Controllers\DentalSuperAdminController.cs(255,25): warning CS8600: Converting null literal or possible null value to non-nullable type. [C:\Users\HP\Downloads\Medical\Medical_Affiliation\Medical_Affiliation.csproj]
C:\Users\HP\Downloads\Medical\Medical_Affiliation\Controllers\DentalSuperAdminController.cs(259,38): warning CS8601: Possible null reference assignment. [C:\Users\HP\Downloads\Medical\Medical_Affiliation\Medical_Affiliation.csproj]
C:\Users\HP\Downloads\Medical\Medical_Affiliation\Controllers\DentalSuperAdminController.cs(277,35): warning CS8601: Possible null reference assignment. [C:\Users\HP\Downloads\Medical\Medical_Affiliation\Medical_Affiliation.csproj]
C:\Users\HP\Downloads\Medical\Medical_Affiliation\Controllers\CA_Med_ResearchPublicationsController.cs(801,74): warning CS8600: Converting null literal or possible null value to non-nullable type. [C:\Users\HP\Downloads\Medical\Medical_Affiliation\Medical_Affiliation.csproj]
C:\Users\HP\Downloads\Medical\Medical_Affiliation\Controllers\DentalController.cs(408,33): warning CS8602: Dereference of a possibly null reference. [C:\Users\HP\Downloads\Medical\Medical_Affiliation\Medical_Affiliation.csproj]
C:\Users\HP\Downloads\Medical\Medical_Affiliation\Controllers\ContinuesAffiliation_FacultybasedController.cs(1006,24): warning CS8603: Possible null reference return. [C:\Users\HP\Downloads\Medical\Medical_Affiliation\Medical_Affiliation.csproj]
C:\Users\HP\Downloads\Medical\Medical_Affiliation\Controllers\DentalRepositoryController.cs(289,34): warning CS8600: Converting null literal or possible null value to non-nullable type. [C:\Users\HP\Downloads\Medical\Medical_Affiliation\Medical_Affiliation.csproj]
C:\Users\HP\Downloads\Medical\Medical_Affiliation\Controllers\DentalRepositoryController.cs(290,34): warning CS8600: Converting null literal or possible null value to non-nullable type. [C:\Users\HP\Downloads\Medical\Medical_Affiliation\Medical_Affiliation.csproj]
C:\Users\HP\Downloads\Medical\Medical_Affiliation\Controllers\DentalRepositoryController.cs(363,48): warning CS8601: Possible null reference assignment. [C:\Users\HP\Downloads\Medical\Medical_Affiliation\Medical_Affiliation.csproj]
C:\Users\HP\Downloads\Medical\Medical_Affiliation\Controllers\DentalRepositoryController.cs(365,49): warning CS8601: Possible null reference assignment. [C:\Users\HP\Downloads\Medical\Medical_Affiliation\Medical_Affiliation.csproj]
C:\Users\HP\Downloads\Medical\Medical_Affiliation\Controllers\DentalRepositoryController.cs(378,37): warning CS8601: Possible null reference assignment. [C:\Users\HP\Downloads\Medical\Medical_Affiliation\Medical_Affiliation.csproj]
C:\Users\HP\Downloads\Medical\Medical_Affiliation\Controllers\DentalRepositoryController.cs(379,35): warning CS8601: Possible null reference assignment. [C:\Users\HP\Downloads\Medical\Medical_Affiliation\Medical_Affiliation.csproj]
C:\Users\HP\Downloads\Medical\Medical_Affiliation\Controllers\DentalRepositoryController.cs(380,31): warning CS8601: Possible null reference assignment. [C:\Users\HP\Downloads\Medical\Medical_Affiliation\Medical_Affiliation.csproj]
C:\Users\HP\Downloads\Medical\Medical_Affiliation\Controllers\DentalRepositoryController.cs(381,27): warning CS8601: Possible null reference assignment. [C:\Users\HP\Downloads\Medical\Medical_Affiliation\Medical_Affiliation.csproj]
C:\Users\HP\Downloads\Medical\Medical_Affiliation\Controllers\Aff_PhysioTherapyController.cs(974,39): warning CS8601: Possible null reference assignment. [C:\Users\HP\Downloads\Medical\Medical_Affiliation\Medical_Affiliation.csproj]
C:\Users\HP\Downloads\Medical\Medical_Affiliation\Controllers\Aff_PhysioTherapyController.cs(975,39): warning CS8601: Possible null reference assignment. [C:\Users\HP\Downloads\Medical\Medical_Affiliation\Medical_Affiliation.csproj]
C:\Users\HP\Downloads\Medical\Medical_Affiliation\Controllers\FellowshipController.cs(247,44): warning CS8601: Possible null reference assignment. [C:\Users\HP\Downloads\Medical\Medical_Affiliation\Medical_Affiliation.csproj]
C:\Users\HP\Downloads\Medical\Medical_Affiliation\Controllers\ClinicalFacilitiesForAffiliationController.cs(832,38): warning CS8602: Dereference of a possibly null reference. [C:\Users\HP\Downloads\Medical\Medical_Affiliation\Medical_Affiliation.csproj]
C:\Users\HP\Downloads\Medical\Medical_Affiliation\Controllers\ClinicalFacilitiesForAffiliationController.cs(836,40): warning CS8602: Dereference of a possibly null reference. [C:\Users\HP\Downloads\Medical\Medical_Affiliation\Medical_Affiliation.csproj]
C:\Users\HP\Downloads\Medical\Medical_Affiliation\Controllers\Aff_NursingController.cs(1195,52): warning CS8601: Possible null reference assignment. [C:\Users\HP\Downloads\Medical\Medical_Affiliation\Medical_Affiliation.csproj]
C:\Users\HP\Downloads\Medical\Medical_Affiliation\Controllers\Aff_NursingController.cs(1198,52): warning CS8601: Possible null reference assignment. [C:\Users\HP\Downloads\Medical\Medical_Affiliation\Medical_Affiliation.csproj]
C:\Users\HP\Downloads\Medical\Medical_Affiliation\Controllers\Aff_NursingController.cs(1199,48): warning CS8601: Possible null reference assignment. [C:\Users\HP\Downloads\Medical\Medical_Affiliation\Medical_Affiliation.csproj]
C:\Users\HP\Downloads\Medical\Medical_Affiliation\Controllers\ContinuationAffiliationClinicalFacilitiesController.cs(1564,37): warning CS8602: Dereference of a possibly null reference. [C:\Users\HP\Downloads\Medical\Medical_Affiliation\Medical_Affiliation.csproj]
C:\Users\HP\Downloads\Medical\Medical_Affiliation\Controllers\ContinuationAffiliationClinicalFacilitiesController.cs(1567,34): warning CS8602: Dereference of a possibly null reference. [C:\Users\HP\Downloads\Medical\Medical_Affiliation\Medical_Affiliation.csproj]
C:\Users\HP\Downloads\Medical\Medical_Affiliation\Controllers\ContinuationAffiliationClinicalFacilitiesController.cs(1590,34): warning CS8600: Converting null literal or possible null value to non-nullable type. [C:\Users\HP\Downloads\Medical\Medical_Affiliation\Medical_Affiliation.csproj]
C:\Users\HP\Downloads\Medical\Medical_Affiliation\Controllers\Aff_UnaniController.cs(681,45): warning CS8600: Converting null literal or possible null value to non-nullable type. [C:\Users\HP\Downloads\Medical\Medical_Affiliation\Medical_Affiliation.csproj]
C:\Users\HP\Downloads\Medical\Medical_Affiliation\Controllers\Aff_UnaniController.cs(682,48): warning CS8600: Converting null literal or possible null value to non-nullable type. [C:\Users\HP\Downloads\Medical\Medical_Affiliation\Medical_Affiliation.csproj]
C:\Users\HP\Downloads\Medical\Medical_Affiliation\Controllers\Aff_UnaniController.cs(683,44): warning CS8600: Converting null literal or possible null value to non-nullable type. [C:\Users\HP\Downloads\Medical\Medical_Affiliation\Medical_Affiliation.csproj]
C:\Users\HP\Downloads\Medical\Medical_Affiliation\Controllers\Aff_UnaniController.cs(684,39): warning CS8600: Converting null literal or possible null value to non-nullable type. [C:\Users\HP\Downloads\Medical\Medical_Affiliation\Medical_Affiliation.csproj]
C:\Users\HP\Downloads\Medical\Medical_Affiliation\Controllers\Aff_UnaniController.cs(689,38): warning CS8600: Converting null literal or possible null value to non-nullable type. [C:\Users\HP\Downloads\Medical\Medical_Affiliation\Medical_Affiliation.csproj]
C:\Users\HP\Downloads\Medical\Medical_Affiliation\Controllers\Aff_UnaniController.cs(690,39): warning CS8600: Converting null literal or possible null value to non-nullable type. [C:\Users\HP\Downloads\Medical\Medical_Affiliation\Medical_Affiliation.csproj]
C:\Users\HP\Downloads\Medical\Medical_Affiliation\Controllers\Aff_UnaniController.cs(691,42): warning CS8600: Converting null literal or possible null value to non-nullable type. [C:\Users\HP\Downloads\Medical\Medical_Affiliation\Medical_Affiliation.csproj]
C:\Users\HP\Downloads\Medical\Medical_Affiliation\Controllers\Aff_UnaniController.cs(692,37): warning CS8600: Converting null literal or possible null value to non-nullable type. [C:\Users\HP\Downloads\Medical\Medical_Affiliation\Medical_Affiliation.csproj]
C:\Users\HP\Downloads\Medical\Medical_Affiliation\Controllers\Aff_UnaniController.cs(693,42): warning CS8600: Converting null literal or possible null value to non-nullable type. [C:\Users\HP\Downloads\Medical\Medical_Affiliation\Medical_Affiliation.csproj]
C:\Users\HP\Downloads\Medical\Medical_Affiliation\Controllers\Aff_UnaniController.cs(694,42): warning CS8600: Converting null literal or possible null value to non-nullable type. [C:\Users\HP\Downloads\Medical\Medical_Affiliation\Medical_Affiliation.csproj]
C:\Users\HP\Downloads\Medical\Medical_Affiliation\Controllers\Aff_UnaniController.cs(695,42): warning CS8600: Converting null literal or possible null value to non-nullable type. [C:\Users\HP\Downloads\Medical\Medical_Affiliation\Medical_Affiliation.csproj]
C:\Users\HP\Downloads\Medical\Medical_Affiliation\Controllers\Aff_UnaniController.cs(696,47): warning CS8600: Converting null literal or possible null value to non-nullable type. [C:\Users\HP\Downloads\Medical\Medical_Affiliation\Medical_Affiliation.csproj]
C:\Users\HP\Downloads\Medical\Medical_Affiliation\Controllers\Aff_UnaniController.cs(697,47): warning CS8600: Converting null literal or possible null value to non-nullable type. [C:\Users\HP\Downloads\Medical\Medical_Affiliation\Medical_Affiliation.csproj]
C:\Users\HP\Downloads\Medical\Medical_Affiliation\Controllers\Aff_UnaniController.cs(762,57): warning CS8601: Possible null reference assignment. [C:\Users\HP\Downloads\Medical\Medical_Affiliation\Medical_Affiliation.csproj]
C:\Users\HP\Downloads\Medical\Medical_Affiliation\Controllers\Aff_UnaniController.cs(792,46): warning CS8601: Possible null reference assignment. [C:\Users\HP\Downloads\Medical\Medical_Affiliation\Medical_Affiliation.csproj]
C:\Users\HP\Downloads\Medical\Medical_Affiliation\Controllers\Aff_UnaniController.cs(687,57): warning CS8603: Possible null reference return. [C:\Users\HP\Downloads\Medical\Medical_Affiliation\Medical_Affiliation.csproj]
C:\Users\HP\Downloads\Medical\Medical_Affiliation\Controllers\Aff_UnaniController.cs(704,28): warning CS8603: Possible null reference return. [C:\Users\HP\Downloads\Medical\Medical_Affiliation\Medical_Affiliation.csproj]
C:\Users\HP\Downloads\Medical\Medical_Affiliation\Controllers\Aff_PhysioTherapyController.cs(1440,21): warning CS8602: Dereference of a possibly null reference. [C:\Users\HP\Downloads\Medical\Medical_Affiliation\Medical_Affiliation.csproj]
C:\Users\HP\Downloads\Medical\Medical_Affiliation\Controllers\Aff_PhysioTherapyController.cs(1445,46): warning CS8629: Nullable value type may be null. [C:\Users\HP\Downloads\Medical\Medical_Affiliation\Medical_Affiliation.csproj]
C:\Users\HP\Downloads\Medical\Medical_Affiliation\Controllers\Aff_PhysioTherapyController.cs(1446,43): warning CS8629: Nullable value type may be null. [C:\Users\HP\Downloads\Medical\Medical_Affiliation\Medical_Affiliation.csproj]
C:\Users\HP\Downloads\Medical\Medical_Affiliation\Controllers\ContinuesAffiliation_FacultybasedController.cs(1056,37): warning CS8601: Possible null reference assignment. [C:\Users\HP\Downloads\Medical\Medical_Affiliation\Medical_Affiliation.csproj]
C:\Users\HP\Downloads\Medical\Medical_Affiliation\Controllers\ContinuesAffiliation_FacultybasedController.cs(1057,36): warning CS8601: Possible null reference assignment. [C:\Users\HP\Downloads\Medical\Medical_Affiliation\Medical_Affiliation.csproj]
C:\Users\HP\Downloads\Medical\Medical_Affiliation\Controllers\ContinuesAffiliation_FacultybasedController.cs(1059,41): warning CS8601: Possible null reference assignment. [C:\Users\HP\Downloads\Medical\Medical_Affiliation\Medical_Affiliation.csproj]
C:\Users\HP\Downloads\Medical\Medical_Affiliation\Controllers\ContinuesAffiliation_FacultybasedController.cs(1060,35): warning CS8601: Possible null reference assignment. [C:\Users\HP\Downloads\Medical\Medical_Affiliation\Medical_Affiliation.csproj]
C:\Users\HP\Downloads\Medical\Medical_Affiliation\Controllers\ClinicalFacilitiesForAffiliationController.cs(974,38): warning CS8602: Dereference of a possibly null reference. [C:\Users\HP\Downloads\Medical\Medical_Affiliation\Medical_Affiliation.csproj]
C:\Users\HP\Downloads\Medical\Medical_Affiliation\Controllers\ClinicalFacilitiesForAffiliationController.cs(978,40): warning CS8602: Dereference of a possibly null reference. [C:\Users\HP\Downloads\Medical\Medical_Affiliation\Medical_Affiliation.csproj]
C:\Users\HP\Downloads\Medical\Medical_Affiliation\Controllers\ClinicalFacilitiesForAffiliationController.cs(1001,47): warning CS8629: Nullable value type may be null. [C:\Users\HP\Downloads\Medical\Medical_Affiliation\Medical_Affiliation.csproj]
C:\Users\HP\Downloads\Medical\Medical_Affiliation\Controllers\ClinicalFacilitiesForAffiliationController.cs(1002,53): warning CS8629: Nullable value type may be null. [C:\Users\HP\Downloads\Medical\Medical_Affiliation\Medical_Affiliation.csproj]
C:\Users\HP\Downloads\Medical\Medical_Affiliation\Controllers\ClinicalFacilitiesForAffiliationController.cs(1015,42): warning CS8629: Nullable value type may be null. [C:\Users\HP\Downloads\Medical\Medical_Affiliation\Medical_Affiliation.csproj]
C:\Users\HP\Downloads\Medical\Medical_Affiliation\Controllers\ClinicalFacilitiesForAffiliationController.cs(1016,48): warning CS8629: Nullable value type may be null. [C:\Users\HP\Downloads\Medical\Medical_Affiliation\Medical_Affiliation.csproj]
C:\Users\HP\Downloads\Medical\Medical_Affiliation\Controllers\ClinicalFacilitiesForAffiliationController.cs(1017,43): warning CS8629: Nullable value type may be null. [C:\Users\HP\Downloads\Medical\Medical_Affiliation\Medical_Affiliation.csproj]
C:\Users\HP\Downloads\Medical\Medical_Affiliation\Controllers\ClinicalFacilitiesForAffiliationController.cs(1147,25): warning CS8604: Possible null reference argument for parameter 'virtualPath' in 'VirtualFileResult ControllerBase.File(string virtualPath, string contentType)'. [C:\Users\HP\Downloads\Medical\Medical_Affiliation\Medical_Affiliation.csproj]
C:\Users\HP\Downloads\Medical\Medical_Affiliation\Controllers\ContinuousAffiliationIncreaseintakeController.cs(889,41): warning CS8604: Possible null reference argument for parameter 's' in 'int int.Parse(string s)'. [C:\Users\HP\Downloads\Medical\Medical_Affiliation\Medical_Affiliation.csproj]
C:\Users\HP\Downloads\Medical\Medical_Affiliation\Controllers\ContinuousAffiliationIncreaseintakeController.cs(895,34): warning CS8601: Possible null reference assignment. [C:\Users\HP\Downloads\Medical\Medical_Affiliation\Medical_Affiliation.csproj]
C:\Users\HP\Downloads\Medical\Medical_Affiliation\Controllers\ContinuousAffiliationIncreaseintakeController.cs(683,38): warning CS8604: Possible null reference argument for parameter 's' in 'int int.Parse(string s)'. [C:\Users\HP\Downloads\Medical\Medical_Affiliation\Medical_Affiliation.csproj]
C:\Users\HP\Downloads\Medical\Medical_Affiliation\Controllers\ClinicalFacilitiesForAffiliationController.cs(1155,17): warning CS8602: Dereference of a possibly null reference. [C:\Users\HP\Downloads\Medical\Medical_Affiliation\Medical_Affiliation.csproj]
C:\Users\HP\Downloads\Medical\Medical_Affiliation\Controllers\FellowshipController.cs(389,35): warning CS8601: Possible null reference assignment. [C:\Users\HP\Downloads\Medical\Medical_Affiliation\Medical_Affiliation.csproj]
C:\Users\HP\Downloads\Medical\Medical_Affiliation\Controllers\FellowshipController.cs(390,27): warning CS8629: Nullable value type may be null. [C:\Users\HP\Downloads\Medical\Medical_Affiliation\Medical_Affiliation.csproj]
C:\Users\HP\Downloads\Medical\Medical_Affiliation\Controllers\FellowshipController.cs(391,37): warning CS8629: Nullable value type may be null. [C:\Users\HP\Downloads\Medical\Medical_Affiliation\Medical_Affiliation.csproj]
C:\Users\HP\Downloads\Medical\Medical_Affiliation\Controllers\FellowshipController.cs(392,45): warning CS8629: Nullable value type may be null. [C:\Users\HP\Downloads\Medical\Medical_Affiliation\Medical_Affiliation.csproj]
C:\Users\HP\Downloads\Medical\Medical_Affiliation\Controllers\FellowshipController.cs(393,34): warning CS8629: Nullable value type may be null. [C:\Users\HP\Downloads\Medical\Medical_Affiliation\Medical_Affiliation.csproj]
C:\Users\HP\Downloads\Medical\Medical_Affiliation\Controllers\FellowshipController.cs(394,30): warning CS8601: Possible null reference assignment. [C:\Users\HP\Downloads\Medical\Medical_Affiliation\Medical_Affiliation.csproj]
C:\Users\HP\Downloads\Medical\Medical_Affiliation\Controllers\Aff_SowaRigPaiController.cs(681,45): warning CS8600: Converting null literal or possible null value to non-nullable type. [C:\Users\HP\Downloads\Medical\Medical_Affiliation\Medical_Affiliation.csproj]
C:\Users\HP\Downloads\Medical\Medical_Affiliation\Controllers\Aff_SowaRigPaiController.cs(682,48): warning CS8600: Converting null literal or possible null value to non-nullable type. [C:\Users\HP\Downloads\Medical\Medical_Affiliation\Medical_Affiliation.csproj]
C:\Users\HP\Downloads\Medical\Medical_Affiliation\Controllers\Aff_SowaRigPaiController.cs(683,44): warning CS8600: Converting null literal or possible null value to non-nullable type. [C:\Users\HP\Downloads\Medical\Medical_Affiliation\Medical_Affiliation.csproj]
C:\Users\HP\Downloads\Medical\Medical_Affiliation\Controllers\Aff_SowaRigPaiController.cs(684,39): warning CS8600: Converting null literal or possible null value to non-nullable type. [C:\Users\HP\Downloads\Medical\Medical_Affiliation\Medical_Affiliation.csproj]
C:\Users\HP\Downloads\Medical\Medical_Affiliation\Controllers\Aff_SowaRigPaiController.cs(689,38): warning CS8600: Converting null literal or possible null value to non-nullable type. [C:\Users\HP\Downloads\Medical\Medical_Affiliation\Medical_Affiliation.csproj]
C:\Users\HP\Downloads\Medical\Medical_Affiliation\Controllers\Aff_SowaRigPaiController.cs(690,39): warning CS8600: Converting null literal or possible null value to non-nullable type. [C:\Users\HP\Downloads\Medical\Medical_Affiliation\Medical_Affiliation.csproj]
C:\Users\HP\Downloads\Medical\Medical_Affiliation\Controllers\Aff_SowaRigPaiController.cs(691,42): warning CS8600: Converting null literal or possible null value to non-nullable type. [C:\Users\HP\Downloads\Medical\Medical_Affiliation\Medical_Affiliation.csproj]
C:\Users\HP\Downloads\Medical\Medical_Affiliation\Controllers\Aff_SowaRigPaiController.cs(692,37): warning CS8600: Converting null literal or possible null value to non-nullable type. [C:\Users\HP\Downloads\Medical\Medical_Affiliation\Medical_Affiliation.csproj]
C:\Users\HP\Downloads\Medical\Medical_Affiliation\Controllers\Aff_SowaRigPaiController.cs(693,42): warning CS8600: Converting null literal or possible null value to non-nullable type. [C:\Users\HP\Downloads\Medical\Medical_Affiliation\Medical_Affiliation.csproj]
C:\Users\HP\Downloads\Medical\Medical_Affiliation\Controllers\Aff_SowaRigPaiController.cs(694,42): warning CS8600: Converting null literal or possible null value to non-nullable type. [C:\Users\HP\Downloads\Medical\Medical_Affiliation\Medical_Affiliation.csproj]
C:\Users\HP\Downloads\Medical\Medical_Affiliation\Controllers\Aff_SowaRigPaiController.cs(695,42): warning CS8600: Converting null literal or possible null value to non-nullable type. [C:\Users\HP\Downloads\Medical\Medical_Affiliation\Medical_Affiliation.csproj]
C:\Users\HP\Downloads\Medical\Medical_Affiliation\Controllers\Aff_SowaRigPaiController.cs(696,47): warning CS8600: Converting null literal or possible null value to non-nullable type. [C:\Users\HP\Downloads\Medical\Medical_Affiliation\Medical_Affiliation.csproj]
C:\Users\HP\Downloads\Medical\Medical_Affiliation\Controllers\Aff_SowaRigPaiController.cs(697,47): warning CS8600: Converting null literal or possible null value to non-nullable type. [C:\Users\HP\Downloads\Medical\Medical_Affiliation\Medical_Affiliation.csproj]
C:\Users\HP\Downloads\Medical\Medical_Affiliation\Controllers\Aff_SowaRigPaiController.cs(762,57): warning CS8601: Possible null reference assignment. [C:\Users\HP\Downloads\Medical\Medical_Affiliation\Medical_Affiliation.csproj]
C:\Users\HP\Downloads\Medical\Medical_Affiliation\Controllers\Aff_SowaRigPaiController.cs(792,46): warning CS8601: Possible null reference assignment. [C:\Users\HP\Downloads\Medical\Medical_Affiliation\Medical_Affiliation.csproj]
C:\Users\HP\Downloads\Medical\Medical_Affiliation\Controllers\Aff_SowaRigPaiController.cs(687,57): warning CS8603: Possible null reference return. [C:\Users\HP\Downloads\Medical\Medical_Affiliation\Medical_Affiliation.csproj]
C:\Users\HP\Downloads\Medical\Medical_Affiliation\Controllers\Aff_SowaRigPaiController.cs(704,28): warning CS8603: Possible null reference return. [C:\Users\HP\Downloads\Medical\Medical_Affiliation\Medical_Affiliation.csproj]
C:\Users\HP\Downloads\Medical\Medical_Affiliation\Controllers\CA_Aff_AcademicMattersController.cs(785,40): warning CS8602: Dereference of a possibly null reference. [C:\Users\HP\Downloads\Medical\Medical_Affiliation\Medical_Affiliation.csproj]
C:\Users\HP\Downloads\Medical\Medical_Affiliation\Controllers\Aff_UnaniController.cs(841,32): warning CS8600: Converting null literal or possible null value to non-nullable type. [C:\Users\HP\Downloads\Medical\Medical_Affiliation\Medical_Affiliation.csproj]
C:\Users\HP\Downloads\Medical\Medical_Affiliation\Controllers\Aff_UnaniController.cs(848,33): warning CS8600: Converting null literal or possible null value to non-nullable type. [C:\Users\HP\Downloads\Medical\Medical_Affiliation\Medical_Affiliation.csproj]
C:\Users\HP\Downloads\Medical\Medical_Affiliation\Controllers\Aff_UnaniController.cs(852,33): warning CS8600: Converting null literal or possible null value to non-nullable type. [C:\Users\HP\Downloads\Medical\Medical_Affiliation\Medical_Affiliation.csproj]
C:\Users\HP\Downloads\Medical\Medical_Affiliation\Controllers\Aff_UnaniController.cs(856,33): warning CS8600: Converting null literal or possible null value to non-nullable type. [C:\Users\HP\Downloads\Medical\Medical_Affiliation\Medical_Affiliation.csproj]
C:\Users\HP\Downloads\Medical\Medical_Affiliation\Controllers\Aff_UnaniController.cs(860,33): warning CS8600: Converting null literal or possible null value to non-nullable type. [C:\Users\HP\Downloads\Medical\Medical_Affiliation\Medical_Affiliation.csproj]
C:\Users\HP\Downloads\Medical\Medical_Affiliation\Controllers\Aff_UnaniController.cs(864,33): warning CS8600: Converting null literal or possible null value to non-nullable type. [C:\Users\HP\Downloads\Medical\Medical_Affiliation\Medical_Affiliation.csproj]
C:\Users\HP\Downloads\Medical\Medical_Affiliation\Controllers\Aff_UnaniController.cs(868,33): warning CS8600: Converting null literal or possible null value to non-nullable type. [C:\Users\HP\Downloads\Medical\Medical_Affiliation\Medical_Affiliation.csproj]
C:\Users\HP\Downloads\Medical\Medical_Affiliation\Controllers\Aff_UnaniController.cs(872,33): warning CS8600: Converting null literal or possible null value to non-nullable type. [C:\Users\HP\Downloads\Medical\Medical_Affiliation\Medical_Affiliation.csproj]
C:\Users\HP\Downloads\Medical\Medical_Affiliation\Controllers\Aff_UnaniController.cs(876,33): warning CS8600: Converting null literal or possible null value to non-nullable type. [C:\Users\HP\Downloads\Medical\Medical_Affiliation\Medical_Affiliation.csproj]
C:\Users\HP\Downloads\Medical\Medical_Affiliation\Controllers\Aff_UnaniController.cs(880,33): warning CS8600: Converting null literal or possible null value to non-nullable type. [C:\Users\HP\Downloads\Medical\Medical_Affiliation\Medical_Affiliation.csproj]
C:\Users\HP\Downloads\Medical\Medical_Affiliation\Controllers\Aff_NursingController.cs(2032,34): warning CS8600: Converting null literal or possible null value to non-nullable type. [C:\Users\HP\Downloads\Medical\Medical_Affiliation\Medical_Affiliation.csproj]
C:\Users\HP\Downloads\Medical\Medical_Affiliation\Controllers\Aff_NursingController.cs(2033,34): warning CS8600: Converting null literal or possible null value to non-nullable type. [C:\Users\HP\Downloads\Medical\Medical_Affiliation\Medical_Affiliation.csproj]
C:\Users\HP\Downloads\Medical\Medical_Affiliation\Controllers\Aff_NursingController.cs(2057,43): warning CS8601: Possible null reference assignment. [C:\Users\HP\Downloads\Medical\Medical_Affiliation\Medical_Affiliation.csproj]
C:\Users\HP\Downloads\Medical\Medical_Affiliation\Controllers\Aff_NursingController.cs(2058,35): warning CS8601: Possible null reference assignment. [C:\Users\HP\Downloads\Medical\Medical_Affiliation\Medical_Affiliation.csproj]
C:\Users\HP\Downloads\Medical\Medical_Affiliation\Controllers\Aff_NursingController.cs(2059,37): warning CS8601: Possible null reference assignment. [C:\Users\HP\Downloads\Medical\Medical_Affiliation\Medical_Affiliation.csproj]
C:\Users\HP\Downloads\Medical\Medical_Affiliation\Controllers\Aff_NursingController.cs(2060,33): warning CS8601: Possible null reference assignment. [C:\Users\HP\Downloads\Medical\Medical_Affiliation\Medical_Affiliation.csproj]
C:\Users\HP\Downloads\Medical\Medical_Affiliation\Controllers\DentalRepositoryController.cs(449,34): warning CS8600: Converting null literal or possible null value to non-nullable type. [C:\Users\HP\Downloads\Medical\Medical_Affiliation\Medical_Affiliation.csproj]
C:\Users\HP\Downloads\Medical\Medical_Affiliation\Controllers\DentalRepositoryController.cs(450,34): warning CS8600: Converting null literal or possible null value to non-nullable type. [C:\Users\HP\Downloads\Medical\Medical_Affiliation\Medical_Affiliation.csproj]
C:\Users\HP\Downloads\Medical\Medical_Affiliation\Controllers\DentalRepositoryController.cs(529,44): warning CS8600: Converting null literal or possible null value to non-nullable type. [C:\Users\HP\Downloads\Medical\Medical_Affiliation\Medical_Affiliation.csproj]
C:\Users\HP\Downloads\Medical\Medical_Affiliation\Controllers\DentalRepositoryController.cs(533,104): warning CS8604: Possible null reference argument for parameter 'facultyCode' in 'Task<string?> DentalRepositoryController.SaveFacultyFileAsync(IFormFile? file, string folder, string facultyCode)'. [C:\Users\HP\Downloads\Medical\Medical_Affiliation\Medical_Affiliation.csproj]
C:\Users\HP\Downloads\Medical\Medical_Affiliation\Controllers\DentalRepositoryController.cs(533,41): warning CS8600: Converting null literal or possible null value to non-nullable type. [C:\Users\HP\Downloads\Medical\Medical_Affiliation\Medical_Affiliation.csproj]
C:\Users\HP\Downloads\Medical\Medical_Affiliation\Controllers\ContinuesAffiliation_FacultybasedController.cs(1125,43): warning CS8602: Dereference of a possibly null reference. [C:\Users\HP\Downloads\Medical\Medical_Affiliation\Medical_Affiliation.csproj]
C:\Users\HP\Downloads\Medical\Medical_Affiliation\Controllers\Aff_SowaRigPaiController.cs(841,32): warning CS8600: Converting null literal or possible null value to non-nullable type. [C:\Users\HP\Downloads\Medical\Medical_Affiliation\Medical_Affiliation.csproj]
C:\Users\HP\Downloads\Medical\Medical_Affiliation\Controllers\Aff_SowaRigPaiController.cs(848,33): warning CS8600: Converting null literal or possible null value to non-nullable type. [C:\Users\HP\Downloads\Medical\Medical_Affiliation\Medical_Affiliation.csproj]
C:\Users\HP\Downloads\Medical\Medical_Affiliation\Controllers\Aff_SowaRigPaiController.cs(852,33): warning CS8600: Converting null literal or possible null value to non-nullable type. [C:\Users\HP\Downloads\Medical\Medical_Affiliation\Medical_Affiliation.csproj]
C:\Users\HP\Downloads\Medical\Medical_Affiliation\Controllers\Aff_SowaRigPaiController.cs(856,33): warning CS8600: Converting null literal or possible null value to non-nullable type. [C:\Users\HP\Downloads\Medical\Medical_Affiliation\Medical_Affiliation.csproj]
C:\Users\HP\Downloads\Medical\Medical_Affiliation\Controllers\Aff_SowaRigPaiController.cs(860,33): warning CS8600: Converting null literal or possible null value to non-nullable type. [C:\Users\HP\Downloads\Medical\Medical_Affiliation\Medical_Affiliation.csproj]
C:\Users\HP\Downloads\Medical\Medical_Affiliation\Controllers\Aff_SowaRigPaiController.cs(864,33): warning CS8600: Converting null literal or possible null value to non-nullable type. [C:\Users\HP\Downloads\Medical\Medical_Affiliation\Medical_Affiliation.csproj]
C:\Users\HP\Downloads\Medical\Medical_Affiliation\Controllers\Aff_SowaRigPaiController.cs(868,33): warning CS8600: Converting null literal or possible null value to non-nullable type. [C:\Users\HP\Downloads\Medical\Medical_Affiliation\Medical_Affiliation.csproj]
C:\Users\HP\Downloads\Medical\Medical_Affiliation\Controllers\Aff_SowaRigPaiController.cs(872,33): warning CS8600: Converting null literal or possible null value to non-nullable type. [C:\Users\HP\Downloads\Medical\Medical_Affiliation\Medical_Affiliation.csproj]
C:\Users\HP\Downloads\Medical\Medical_Affiliation\Controllers\Aff_SowaRigPaiController.cs(876,33): warning CS8600: Converting null literal or possible null value to non-nullable type. [C:\Users\HP\Downloads\Medical\Medical_Affiliation\Medical_Affiliation.csproj]
C:\Users\HP\Downloads\Medical\Medical_Affiliation\Controllers\Aff_SowaRigPaiController.cs(880,33): warning CS8600: Converting null literal or possible null value to non-nullable type. [C:\Users\HP\Downloads\Medical\Medical_Affiliation\Medical_Affiliation.csproj]
C:\Users\HP\Downloads\Medical\Medical_Affiliation\Controllers\AyurvedhaRepositoryController.cs(681,45): warning CS8600: Converting null literal or possible null value to non-nullable type. [C:\Users\HP\Downloads\Medical\Medical_Affiliation\Medical_Affiliation.csproj]
C:\Users\HP\Downloads\Medical\Medical_Affiliation\Controllers\AyurvedhaRepositoryController.cs(682,48): warning CS8600: Converting null literal or possible null value to non-nullable type. [C:\Users\HP\Downloads\Medical\Medical_Affiliation\Medical_Affiliation.csproj]
C:\Users\HP\Downloads\Medical\Medical_Affiliation\Controllers\AyurvedhaRepositoryController.cs(683,44): warning CS8600: Converting null literal or possible null value to non-nullable type. [C:\Users\HP\Downloads\Medical\Medical_Affiliation\Medical_Affiliation.csproj]
C:\Users\HP\Downloads\Medical\Medical_Affiliation\Controllers\AyurvedhaRepositoryController.cs(684,39): warning CS8600: Converting null literal or possible null value to non-nullable type. [C:\Users\HP\Downloads\Medical\Medical_Affiliation\Medical_Affiliation.csproj]
C:\Users\HP\Downloads\Medical\Medical_Affiliation\Controllers\AyurvedhaRepositoryController.cs(689,38): warning CS8600: Converting null literal or possible null value to non-nullable type. [C:\Users\HP\Downloads\Medical\Medical_Affiliation\Medical_Affiliation.csproj]
C:\Users\HP\Downloads\Medical\Medical_Affiliation\Controllers\AyurvedhaRepositoryController.cs(690,39): warning CS8600: Converting null literal or possible null value to non-nullable type. [C:\Users\HP\Downloads\Medical\Medical_Affiliation\Medical_Affiliation.csproj]
C:\Users\HP\Downloads\Medical\Medical_Affiliation\Controllers\AyurvedhaRepositoryController.cs(691,42): warning CS8600: Converting null literal or possible null value to non-nullable type. [C:\Users\HP\Downloads\Medical\Medical_Affiliation\Medical_Affiliation.csproj]
C:\Users\HP\Downloads\Medical\Medical_Affiliation\Controllers\AyurvedhaRepositoryController.cs(692,37): warning CS8600: Converting null literal or possible null value to non-nullable type. [C:\Users\HP\Downloads\Medical\Medical_Affiliation\Medical_Affiliation.csproj]
C:\Users\HP\Downloads\Medical\Medical_Affiliation\Controllers\AyurvedhaRepositoryController.cs(693,42): warning CS8600: Converting null literal or possible null value to non-nullable type. [C:\Users\HP\Downloads\Medical\Medical_Affiliation\Medical_Affiliation.csproj]
C:\Users\HP\Downloads\Medical\Medical_Affiliation\Controllers\AyurvedhaRepositoryController.cs(694,42): warning CS8600: Converting null literal or possible null value to non-nullable type. [C:\Users\HP\Downloads\Medical\Medical_Affiliation\Medical_Affiliation.csproj]
C:\Users\HP\Downloads\Medical\Medical_Affiliation\Controllers\AyurvedhaRepositoryController.cs(695,42): warning CS8600: Converting null literal or possible null value to non-nullable type. [C:\Users\HP\Downloads\Medical\Medical_Affiliation\Medical_Affiliation.csproj]
C:\Users\HP\Downloads\Medical\Medical_Affiliation\Controllers\AyurvedhaRepositoryController.cs(696,47): warning CS8600: Converting null literal or possible null value to non-nullable type. [C:\Users\HP\Downloads\Medical\Medical_Affiliation\Medical_Affiliation.csproj]
C:\Users\HP\Downloads\Medical\Medical_Affiliation\Controllers\AyurvedhaRepositoryController.cs(697,47): warning CS8600: Converting null literal or possible null value to non-nullable type. [C:\Users\HP\Downloads\Medical\Medical_Affiliation\Medical_Affiliation.csproj]
C:\Users\HP\Downloads\Medical\Medical_Affiliation\Controllers\AyurvedhaRepositoryController.cs(762,57): warning CS8601: Possible null reference assignment. [C:\Users\HP\Downloads\Medical\Medical_Affiliation\Medical_Affiliation.csproj]
C:\Users\HP\Downloads\Medical\Medical_Affiliation\Controllers\AyurvedhaRepositoryController.cs(792,46): warning CS8601: Possible null reference assignment. [C:\Users\HP\Downloads\Medical\Medical_Affiliation\Medical_Affiliation.csproj]
C:\Users\HP\Downloads\Medical\Medical_Affiliation\Controllers\AyurvedhaRepositoryController.cs(687,57): warning CS8603: Possible null reference return. [C:\Users\HP\Downloads\Medical\Medical_Affiliation\Medical_Affiliation.csproj]
C:\Users\HP\Downloads\Medical\Medical_Affiliation\Controllers\AyurvedhaRepositoryController.cs(704,28): warning CS8603: Possible null reference return. [C:\Users\HP\Downloads\Medical\Medical_Affiliation\Medical_Affiliation.csproj]
C:\Users\HP\Downloads\Medical\Medical_Affiliation\Controllers\Aff_NursingController.cs(2082,34): warning CS8600: Converting null literal or possible null value to non-nullable type. [C:\Users\HP\Downloads\Medical\Medical_Affiliation\Medical_Affiliation.csproj]
C:\Users\HP\Downloads\Medical\Medical_Affiliation\Controllers\Aff_NursingController.cs(2083,34): warning CS8600: Converting null literal or possible null value to non-nullable type. [C:\Users\HP\Downloads\Medical\Medical_Affiliation\Medical_Affiliation.csproj]
C:\Users\HP\Downloads\Medical\Medical_Affiliation\Controllers\ContinuesAffiliation_FacultybasedController.cs(1315,39): warning CS8604: Possible null reference argument for parameter 'facultyCode' in 'Task<IActionResult> ContinuesAffiliation_FacultybasedController.ServeTrustDocument(string facultyCode, string collegeCode)'. [C:\Users\HP\Downloads\Medical\Medical_Affiliation\Medical_Affiliation.csproj]
C:\Users\HP\Downloads\Medical\Medical_Affiliation\Controllers\ContinuesAffiliation_FacultybasedController.cs(1315,52): warning CS8604: Possible null reference argument for parameter 'collegeCode' in 'Task<IActionResult> ContinuesAffiliation_FacultybasedController.ServeTrustDocument(string facultyCode, string collegeCode)'. [C:\Users\HP\Downloads\Medical\Medical_Affiliation\Medical_Affiliation.csproj]
C:\Users\HP\Downloads\Medical\Medical_Affiliation\Controllers\ClinicalFacilitiesForAffiliationController.cs(1349,43): warning CS8601: Possible null reference assignment. [C:\Users\HP\Downloads\Medical\Medical_Affiliation\Medical_Affiliation.csproj]
C:\Users\HP\Downloads\Medical\Medical_Affiliation\Controllers\ClinicalFacilitiesForAffiliationController.cs(1357,40): warning CS8601: Possible null reference assignment. [C:\Users\HP\Downloads\Medical\Medical_Affiliation\Medical_Affiliation.csproj]
C:\Users\HP\Downloads\Medical\Medical_Affiliation\Controllers\ClinicalFacilitiesForAffiliationController.cs(1358,45): warning CS8601: Possible null reference assignment. [C:\Users\HP\Downloads\Medical\Medical_Affiliation\Medical_Affiliation.csproj]
C:\Users\HP\Downloads\Medical\Medical_Affiliation\Controllers\ClinicalFacilitiesForAffiliationController.cs(1361,36): warning CS8601: Possible null reference assignment. [C:\Users\HP\Downloads\Medical\Medical_Affiliation\Medical_Affiliation.csproj]
C:\Users\HP\Downloads\Medical\Medical_Affiliation\Controllers\ClinicalFacilitiesForAffiliationController.cs(1366,43): warning CS8601: Possible null reference assignment. [C:\Users\HP\Downloads\Medical\Medical_Affiliation\Medical_Affiliation.csproj]
C:\Users\HP\Downloads\Medical\Medical_Affiliation\Controllers\Aff_SowaRigPaiController.cs(974,39): warning CS8601: Possible null reference assignment. [C:\Users\HP\Downloads\Medical\Medical_Affiliation\Medical_Affiliation.csproj]
C:\Users\HP\Downloads\Medical\Medical_Affiliation\Controllers\Aff_SowaRigPaiController.cs(975,39): warning CS8601: Possible null reference assignment. [C:\Users\HP\Downloads\Medical\Medical_Affiliation\Medical_Affiliation.csproj]
C:\Users\HP\Downloads\Medical\Medical_Affiliation\Controllers\DentalSuperAdminController.cs(350,51): warning CS8604: Possible null reference argument for parameter 'item' in 'bool HashSet<string>.Contains(string item)'. [C:\Users\HP\Downloads\Medical\Medical_Affiliation\Medical_Affiliation.csproj]
C:\Users\HP\Downloads\Medical\Medical_Affiliation\Controllers\DentalSuperAdminController.cs(379,29): warning CS8600: Converting null literal or possible null value to non-nullable type. [C:\Users\HP\Downloads\Medical\Medical_Affiliation\Medical_Affiliation.csproj]
C:\Users\HP\Downloads\Medical\Medical_Affiliation\Controllers\DentalSuperAdminController.cs(383,34): warning CS8604: Possible null reference argument for parameter 'key' in 'int Dictionary<string, int>.this[string key]'. [C:\Users\HP\Downloads\Medical\Medical_Affiliation\Medical_Affiliation.csproj]
C:\Users\HP\Downloads\Medical\Medical_Affiliation\Controllers\DentalSuperAdminController.cs(389,34): warning CS8604: Possible null reference argument for parameter 'key' in 'int Dictionary<string, int>.this[string key]'. [C:\Users\HP\Downloads\Medical\Medical_Affiliation\Medical_Affiliation.csproj]
C:\Users\HP\Downloads\Medical\Medical_Affiliation\Controllers\DentalSuperAdminController.cs(431,25): warning CS8604: Possible null reference argument for parameter 'key' in 'bool Dictionary<string, int>.TryGetValue(string key, out int value)'. [C:\Users\HP\Downloads\Medical\Medical_Affiliation\Medical_Affiliation.csproj]
C:\Users\HP\Downloads\Medical\Medical_Affiliation\Controllers\Aff_NursingController.cs(2175,79): warning CS8629: Nullable value type may be null. [C:\Users\HP\Downloads\Medical\Medical_Affiliation\Medical_Affiliation.csproj]
C:\Users\HP\Downloads\Medical\Medical_Affiliation\Controllers\AyurvedhaRepositoryController.cs(841,32): warning CS8600: Converting null literal or possible null value to non-nullable type. [C:\Users\HP\Downloads\Medical\Medical_Affiliation\Medical_Affiliation.csproj]
C:\Users\HP\Downloads\Medical\Medical_Affiliation\Controllers\AyurvedhaRepositoryController.cs(848,33): warning CS8600: Converting null literal or possible null value to non-nullable type. [C:\Users\HP\Downloads\Medical\Medical_Affiliation\Medical_Affiliation.csproj]
C:\Users\HP\Downloads\Medical\Medical_Affiliation\Controllers\AyurvedhaRepositoryController.cs(852,33): warning CS8600: Converting null literal or possible null value to non-nullable type. [C:\Users\HP\Downloads\Medical\Medical_Affiliation\Medical_Affiliation.csproj]
C:\Users\HP\Downloads\Medical\Medical_Affiliation\Controllers\AyurvedhaRepositoryController.cs(856,33): warning CS8600: Converting null literal or possible null value to non-nullable type. [C:\Users\HP\Downloads\Medical\Medical_Affiliation\Medical_Affiliation.csproj]
C:\Users\HP\Downloads\Medical\Medical_Affiliation\Controllers\AyurvedhaRepositoryController.cs(860,33): warning CS8600: Converting null literal or possible null value to non-nullable type. [C:\Users\HP\Downloads\Medical\Medical_Affiliation\Medical_Affiliation.csproj]
C:\Users\HP\Downloads\Medical\Medical_Affiliation\Controllers\AyurvedhaRepositoryController.cs(864,33): warning CS8600: Converting null literal or possible null value to non-nullable type. [C:\Users\HP\Downloads\Medical\Medical_Affiliation\Medical_Affiliation.csproj]
C:\Users\HP\Downloads\Medical\Medical_Affiliation\Controllers\AyurvedhaRepositoryController.cs(868,33): warning CS8600: Converting null literal or possible null value to non-nullable type. [C:\Users\HP\Downloads\Medical\Medical_Affiliation\Medical_Affiliation.csproj]
C:\Users\HP\Downloads\Medical\Medical_Affiliation\Controllers\AyurvedhaRepositoryController.cs(872,33): warning CS8600: Converting null literal or possible null value to non-nullable type. [C:\Users\HP\Downloads\Medical\Medical_Affiliation\Medical_Affiliation.csproj]
C:\Users\HP\Downloads\Medical\Medical_Affiliation\Controllers\AyurvedhaRepositoryController.cs(876,33): warning CS8600: Converting null literal or possible null value to non-nullable type. [C:\Users\HP\Downloads\Medical\Medical_Affiliation\Medical_Affiliation.csproj]
C:\Users\HP\Downloads\Medical\Medical_Affiliation\Controllers\AyurvedhaRepositoryController.cs(880,33): warning CS8600: Converting null literal or possible null value to non-nullable type. [C:\Users\HP\Downloads\Medical\Medical_Affiliation\Medical_Affiliation.csproj]
C:\Users\HP\Downloads\Medical\Medical_Affiliation\Controllers\Aff_UnaniController.cs(974,39): warning CS8601: Possible null reference assignment. [C:\Users\HP\Downloads\Medical\Medical_Affiliation\Medical_Affiliation.csproj]
C:\Users\HP\Downloads\Medical\Medical_Affiliation\Controllers\Aff_UnaniController.cs(975,39): warning CS8601: Possible null reference assignment. [C:\Users\HP\Downloads\Medical\Medical_Affiliation\Medical_Affiliation.csproj]
C:\Users\HP\Downloads\Medical\Medical_Affiliation\Controllers\Aff_SowaRigPaiController.cs(1434,21): warning CS8602: Dereference of a possibly null reference. [C:\Users\HP\Downloads\Medical\Medical_Affiliation\Medical_Affiliation.csproj]
C:\Users\HP\Downloads\Medical\Medical_Affiliation\Controllers\Aff_SowaRigPaiController.cs(1439,46): warning CS8629: Nullable value type may be null. [C:\Users\HP\Downloads\Medical\Medical_Affiliation\Medical_Affiliation.csproj]
C:\Users\HP\Downloads\Medical\Medical_Affiliation\Controllers\Aff_SowaRigPaiController.cs(1440,43): warning CS8629: Nullable value type may be null. [C:\Users\HP\Downloads\Medical\Medical_Affiliation\Medical_Affiliation.csproj]
C:\Users\HP\Downloads\Medical\Medical_Affiliation\Controllers\Aff_NursingController.cs(2273,32): warning CS8600: Converting null literal or possible null value to non-nullable type. [C:\Users\HP\Downloads\Medical\Medical_Affiliation\Medical_Affiliation.csproj]
C:\Users\HP\Downloads\Medical\Medical_Affiliation\Controllers\Aff_NursingController.cs(2279,43): warning CS8600: Converting null literal or possible null value to non-nullable type. [C:\Users\HP\Downloads\Medical\Medical_Affiliation\Medical_Affiliation.csproj]
C:\Users\HP\Downloads\Medical\Medical_Affiliation\Controllers\Aff_NursingController.cs(2280,41): warning CS8600: Converting null literal or possible null value to non-nullable type. [C:\Users\HP\Downloads\Medical\Medical_Affiliation\Medical_Affiliation.csproj]
C:\Users\HP\Downloads\Medical\Medical_Affiliation\Controllers\Aff_NursingController.cs(2281,42): warning CS8600: Converting null literal or possible null value to non-nullable type. [C:\Users\HP\Downloads\Medical\Medical_Affiliation\Medical_Affiliation.csproj]
C:\Users\HP\Downloads\Medical\Medical_Affiliation\Controllers\Aff_NursingController.cs(2282,41): warning CS8600: Converting null literal or possible null value to non-nullable type. [C:\Users\HP\Downloads\Medical\Medical_Affiliation\Medical_Affiliation.csproj]
C:\Users\HP\Downloads\Medical\Medical_Affiliation\Controllers\LICInspectionController.cs(24,16): warning CS8618: Non-nullable field '_webHostEnvironment' must contain a non-null value when exiting constructor. Consider adding the 'required' modifier or declaring the field as nullable. [C:\Users\HP\Downloads\Medical\Medical_Affiliation\Medical_Affiliation.csproj]
C:\Users\HP\Downloads\Medical\Medical_Affiliation\Controllers\AyurvedhaRepositoryController.cs(974,39): warning CS8601: Possible null reference assignment. [C:\Users\HP\Downloads\Medical\Medical_Affiliation\Medical_Affiliation.csproj]
C:\Users\HP\Downloads\Medical\Medical_Affiliation\Controllers\AyurvedhaRepositoryController.cs(975,39): warning CS8601: Possible null reference assignment. [C:\Users\HP\Downloads\Medical\Medical_Affiliation\Medical_Affiliation.csproj]
C:\Users\HP\Downloads\Medical\Medical_Affiliation\Controllers\DentalRepositoryController.cs(923,61): warning CS8601: Possible null reference assignment. [C:\Users\HP\Downloads\Medical\Medical_Affiliation\Medical_Affiliation.csproj]
C:\Users\HP\Downloads\Medical\Medical_Affiliation\Controllers\DentalRepositoryController.cs(924,64): warning CS8601: Possible null reference assignment. [C:\Users\HP\Downloads\Medical\Medical_Affiliation\Medical_Affiliation.csproj]
C:\Users\HP\Downloads\Medical\Medical_Affiliation\Controllers\DentalRepositoryController.cs(925,60): warning CS8601: Possible null reference assignment. [C:\Users\HP\Downloads\Medical\Medical_Affiliation\Medical_Affiliation.csproj]
C:\Users\HP\Downloads\Medical\Medical_Affiliation\Controllers\DentalRepositoryController.cs(926,55): warning CS8601: Possible null reference assignment. [C:\Users\HP\Downloads\Medical\Medical_Affiliation\Medical_Affiliation.csproj]
C:\Users\HP\Downloads\Medical\Medical_Affiliation\Controllers\Aff_UnaniController.cs(1440,21): warning CS8602: Dereference of a possibly null reference. [C:\Users\HP\Downloads\Medical\Medical_Affiliation\Medical_Affiliation.csproj]
C:\Users\HP\Downloads\Medical\Medical_Affiliation\Controllers\Aff_UnaniController.cs(1445,46): warning CS8629: Nullable value type may be null. [C:\Users\HP\Downloads\Medical\Medical_Affiliation\Medical_Affiliation.csproj]
C:\Users\HP\Downloads\Medical\Medical_Affiliation\Controllers\Aff_UnaniController.cs(1446,43): warning CS8629: Nullable value type may be null. [C:\Users\HP\Downloads\Medical\Medical_Affiliation\Medical_Affiliation.csproj]
C:\Users\HP\Downloads\Medical\Medical_Affiliation\Controllers\Aff_NursingController.cs(2369,31): warning CS8601: Possible null reference assignment. [C:\Users\HP\Downloads\Medical\Medical_Affiliation\Medical_Affiliation.csproj]
C:\Users\HP\Downloads\Medical\Medical_Affiliation\Controllers\Aff_NursingController.cs(2370,31): warning CS8601: Possible null reference assignment. [C:\Users\HP\Downloads\Medical\Medical_Affiliation\Medical_Affiliation.csproj]
C:\Users\HP\Downloads\Medical\Medical_Affiliation\Controllers\Aff_NursingController.cs(2377,62): warning CS8603: Possible null reference return. [C:\Users\HP\Downloads\Medical\Medical_Affiliation\Medical_Affiliation.csproj]
C:\Users\HP\Downloads\Medical\Medical_Affiliation\Controllers\AyurvedhaRepositoryController.cs(1434,21): warning CS8602: Dereference of a possibly null reference. [C:\Users\HP\Downloads\Medical\Medical_Affiliation\Medical_Affiliation.csproj]
C:\Users\HP\Downloads\Medical\Medical_Affiliation\Controllers\AyurvedhaRepositoryController.cs(1439,46): warning CS8629: Nullable value type may be null. [C:\Users\HP\Downloads\Medical\Medical_Affiliation\Medical_Affiliation.csproj]
C:\Users\HP\Downloads\Medical\Medical_Affiliation\Controllers\AyurvedhaRepositoryController.cs(1440,43): warning CS8629: Nullable value type may be null. [C:\Users\HP\Downloads\Medical\Medical_Affiliation\Medical_Affiliation.csproj]
C:\Users\HP\Downloads\Medical\Medical_Affiliation\Controllers\ContinuesAffiliation_FacultybasedController.cs(1458,37): warning CS8602: Dereference of a possibly null reference. [C:\Users\HP\Downloads\Medical\Medical_Affiliation\Medical_Affiliation.csproj]
C:\Users\HP\Downloads\Medical\Medical_Affiliation\Controllers\ContinuesAffiliation_FacultybasedController.cs(1470,37): warning CS8604: Possible null reference argument for parameter 'source' in 'IEnumerable<SanctionedIntakeRowVm> Enumerable.Where<SanctionedIntakeRowVm>(IEnumerable<SanctionedIntakeRowVm> source, Func<SanctionedIntakeRowVm, bool> predicate)'. [C:\Users\HP\Downloads\Medical\Medical_Affiliation\Medical_Affiliation.csproj]
C:\Users\HP\Downloads\Medical\Medical_Affiliation\Controllers\ContinuesAffiliation_FacultybasedController.cs(1516,37): warning CS8602: Dereference of a possibly null reference. [C:\Users\HP\Downloads\Medical\Medical_Affiliation\Medical_Affiliation.csproj]
C:\Users\HP\Downloads\Medical\Medical_Affiliation\Controllers\Aff_NursingController.cs(2452,39): warning CS8601: Possible null reference assignment. [C:\Users\HP\Downloads\Medical\Medical_Affiliation\Medical_Affiliation.csproj]
C:\Users\HP\Downloads\Medical\Medical_Affiliation\Controllers\Aff_NursingController.cs(2453,39): warning CS8601: Possible null reference assignment. [C:\Users\HP\Downloads\Medical\Medical_Affiliation\Medical_Affiliation.csproj]
C:\Users\HP\Downloads\Medical\Medical_Affiliation\Controllers\ContinuesAffiliation_FacultybasedController.cs(1562,42): warning CS8601: Possible null reference assignment. [C:\Users\HP\Downloads\Medical\Medical_Affiliation\Medical_Affiliation.csproj]
C:\Users\HP\Downloads\Medical\Medical_Affiliation\Controllers\LICInspectionController.cs(188,45): warning CS8604: Possible null reference argument for parameter 'value' in 'Claim.Claim(string type, string value)'. [C:\Users\HP\Downloads\Medical\Medical_Affiliation\Medical_Affiliation.csproj]
C:\Users\HP\Downloads\Medical\Medical_Affiliation\Controllers\LICInspectionController.cs(189,45): warning CS8604: Possible null reference argument for parameter 'value' in 'Claim.Claim(string type, string value)'. [C:\Users\HP\Downloads\Medical\Medical_Affiliation\Medical_Affiliation.csproj]
C:\Users\HP\Downloads\Medical\Medical_Affiliation\Controllers\DentalRepositoryController.cs(1056,34): warning CS8600: Converting null literal or possible null value to non-nullable type. [C:\Users\HP\Downloads\Medical\Medical_Affiliation\Medical_Affiliation.csproj]
C:\Users\HP\Downloads\Medical\Medical_Affiliation\Controllers\DentalRepositoryController.cs(1057,33): warning CS8600: Converting null literal or possible null value to non-nullable type. [C:\Users\HP\Downloads\Medical\Medical_Affiliation\Medical_Affiliation.csproj]
C:\Users\HP\Downloads\Medical\Medical_Affiliation\Controllers\DentalRepositoryController.cs(1058,35): warning CS8600: Converting null literal or possible null value to non-nullable type. [C:\Users\HP\Downloads\Medical\Medical_Affiliation\Medical_Affiliation.csproj]
C:\Users\HP\Downloads\Medical\Medical_Affiliation\Controllers\DentalRepositoryController.cs(1059,39): warning CS8600: Converting null literal or possible null value to non-nullable type. [C:\Users\HP\Downloads\Medical\Medical_Affiliation\Medical_Affiliation.csproj]
C:\Users\HP\Downloads\Medical\Medical_Affiliation\Controllers\DentalRepositoryController.cs(1061,34): warning CS8600: Converting null literal or possible null value to non-nullable type. [C:\Users\HP\Downloads\Medical\Medical_Affiliation\Medical_Affiliation.csproj]
C:\Users\HP\Downloads\Medical\Medical_Affiliation\Controllers\DentalRepositoryController.cs(1062,29): warning CS8600: Converting null literal or possible null value to non-nullable type. [C:\Users\HP\Downloads\Medical\Medical_Affiliation\Medical_Affiliation.csproj]
C:\Users\HP\Downloads\Medical\Medical_Affiliation\Controllers\DentalRepositoryController.cs(1063,31): warning CS8600: Converting null literal or possible null value to non-nullable type. [C:\Users\HP\Downloads\Medical\Medical_Affiliation\Medical_Affiliation.csproj]
C:\Users\HP\Downloads\Medical\Medical_Affiliation\Controllers\DentalRepositoryController.cs(1064,35): warning CS8600: Converting null literal or possible null value to non-nullable type. [C:\Users\HP\Downloads\Medical\Medical_Affiliation\Medical_Affiliation.csproj]
C:\Users\HP\Downloads\Medical\Medical_Affiliation\Controllers\DentalRepositoryController.cs(1089,51): warning CS8601: Possible null reference assignment. [C:\Users\HP\Downloads\Medical\Medical_Affiliation\Medical_Affiliation.csproj]
C:\Users\HP\Downloads\Medical\Medical_Affiliation\Controllers\DentalRepositoryController.cs(1113,46): warning CS8601: Possible null reference assignment. [C:\Users\HP\Downloads\Medical\Medical_Affiliation\Medical_Affiliation.csproj]
C:\Users\HP\Downloads\Medical\Medical_Affiliation\Controllers\Aff_NursingController.cs(2513,21): warning CS8602: Dereference of a possibly null reference. [C:\Users\HP\Downloads\Medical\Medical_Affiliation\Medical_Affiliation.csproj]
C:\Users\HP\Downloads\Medical\Medical_Affiliation\Controllers\Aff_NursingController.cs(2518,46): warning CS8629: Nullable value type may be null. [C:\Users\HP\Downloads\Medical\Medical_Affiliation\Medical_Affiliation.csproj]
C:\Users\HP\Downloads\Medical\Medical_Affiliation\Controllers\Aff_NursingController.cs(2519,43): warning CS8629: Nullable value type may be null. [C:\Users\HP\Downloads\Medical\Medical_Affiliation\Medical_Affiliation.csproj]
C:\Users\HP\Downloads\Medical\Medical_Affiliation\Controllers\DentalRepositoryController.cs(1151,30): warning CS8618: Non-nullable property 'Rguhsnotification' must contain a non-null value when exiting constructor. Consider adding the 'required' modifier or declaring the property as nullable. [C:\Users\HP\Downloads\Medical\Medical_Affiliation\Medical_Affiliation.csproj]
C:\Users\HP\Downloads\Medical\Medical_Affiliation\Controllers\DentalRepositoryController.cs(1152,30): warning CS8618: Non-nullable property 'Gmc' must contain a non-null value when exiting constructor. Consider adding the 'required' modifier or declaring the property as nullable. [C:\Users\HP\Downloads\Medical\Medical_Affiliation\Medical_Affiliation.csproj]
C:\Users\HP\Downloads\Medical\Medical_Affiliation\Controllers\DentalRepositoryController.cs(1153,30): warning CS8618: Non-nullable property 'Nmc' must contain a non-null value when exiting constructor. Consider adding the 'required' modifier or declaring the property as nullable. [C:\Users\HP\Downloads\Medical\Medical_Affiliation\Medical_Affiliation.csproj]
C:\Users\HP\Downloads\Medical\Medical_Affiliation\Controllers\DentalRepositoryController.cs(1154,30): warning CS8618: Non-nullable property 'KSNC' must contain a non-null value when exiting constructor. Consider adding the 'required' modifier or declaring the property as nullable. [C:\Users\HP\Downloads\Medical\Medical_Affiliation\Medical_Affiliation.csproj]
C:\Users\HP\Downloads\Medical\Medical_Affiliation\Controllers\DentalRepositoryController.cs(1155,27): warning CS8618: Non-nullable property 'AffiliationType' must contain a non-null value when exiting constructor. Consider adding the 'required' modifier or declaring the property as nullable. [C:\Users\HP\Downloads\Medical\Medical_Affiliation\Medical_Affiliation.csproj]
C:\Users\HP\Downloads\Medical\Medical_Affiliation\Controllers\DentalRepositoryController.cs(1161,27): warning CS8618: Non-nullable property 'NumberOfSeats' must contain a non-null value when exiting constructor. Consider adding the 'required' modifier or declaring the property as nullable. [C:\Users\HP\Downloads\Medical\Medical_Affiliation\Medical_Affiliation.csproj]
C:\Users\HP\Downloads\Medical\Medical_Affiliation\Controllers\DentalRepositoryController.cs(1162,27): warning CS8618: Non-nullable property 'PermittedYear' must contain a non-null value when exiting constructor. Consider adding the 'required' modifier or declaring the property as nullable. [C:\Users\HP\Downloads\Medical\Medical_Affiliation\Medical_Affiliation.csproj]
C:\Users\HP\Downloads\Medical\Medical_Affiliation\Controllers\DentalRepositoryController.cs(1163,27): warning CS8618: Non-nullable property 'RecognizedYear' must contain a non-null value when exiting constructor. Consider adding the 'required' modifier or declaring the property as nullable. [C:\Users\HP\Downloads\Medical\Medical_Affiliation\Medical_Affiliation.csproj]
C:\Users\HP\Downloads\Medical\Medical_Affiliation\Controllers\DentalRepositoryController.cs(1164,27): warning CS8618: Non-nullable property 'Courselevel' must contain a non-null value when exiting constructor. Consider adding the 'required' modifier or declaring the property as nullable. [C:\Users\HP\Downloads\Medical\Medical_Affiliation\Medical_Affiliation.csproj]
C:\Users\HP\Downloads\Medical\Medical_Affiliation\Controllers\DentalRepositoryController.cs(1165,27): warning CS8618: Non-nullable property 'CourseCode' must contain a non-null value when exiting constructor. Consider adding the 'required' modifier or declaring the property as nullable. [C:\Users\HP\Downloads\Medical\Medical_Affiliation\Medical_Affiliation.csproj]
C:\Users\HP\Downloads\Medical\Medical_Affiliation\Controllers\DentalSuperAdminController.cs(495,58): warning CS8604: Possible null reference argument for parameter 'item' in 'bool HashSet<string>.Contains(string item)'. [C:\Users\HP\Downloads\Medical\Medical_Affiliation\Medical_Affiliation.csproj]
C:\Users\HP\Downloads\Medical\Medical_Affiliation\Controllers\DentalSuperAdminController.cs(514,37): warning CS8600: Converting null literal or possible null value to non-nullable type. [C:\Users\HP\Downloads\Medical\Medical_Affiliation\Medical_Affiliation.csproj]
C:\Users\HP\Downloads\Medical\Medical_Affiliation\Controllers\DentalSuperAdminController.cs(451,20): warning CS8603: Possible null reference return. [C:\Users\HP\Downloads\Medical\Medical_Affiliation\Medical_Affiliation.csproj]
C:\Users\HP\Downloads\Medical\Medical_Affiliation\Controllers\LICInspectionController.cs(241,34): warning CS8602: Dereference of a possibly null reference. [C:\Users\HP\Downloads\Medical\Medical_Affiliation\Medical_Affiliation.csproj]
C:\Users\HP\Downloads\Medical\Medical_Affiliation\Controllers\ContinuesAffiliation_FacultybasedController.cs(1626,40): warning CS8600: Converting null literal or possible null value to non-nullable type. [C:\Users\HP\Downloads\Medical\Medical_Affiliation\Medical_Affiliation.csproj]
C:\Users\HP\Downloads\Medical\Medical_Affiliation\Controllers\ContinuesAffiliation_FacultybasedController.cs(1627,39): warning CS8600: Converting null literal or possible null value to non-nullable type. [C:\Users\HP\Downloads\Medical\Medical_Affiliation\Medical_Affiliation.csproj]
C:\Users\HP\Downloads\Medical\Medical_Affiliation\Controllers\ContinuesAffiliation_FacultybasedController.cs(1641,42): warning CS8601: Possible null reference assignment. [C:\Users\HP\Downloads\Medical\Medical_Affiliation\Medical_Affiliation.csproj]
C:\Users\HP\Downloads\Medical\Medical_Affiliation\Controllers\ContinuesAffiliation_FacultybasedController.cs(1642,50): warning CS8601: Possible null reference assignment. [C:\Users\HP\Downloads\Medical\Medical_Affiliation\Medical_Affiliation.csproj]
C:\Users\HP\Downloads\Medical\Medical_Affiliation\Controllers\ContinuesAffiliation_FacultybasedController.cs(1644,41): warning CS8601: Possible null reference assignment. [C:\Users\HP\Downloads\Medical\Medical_Affiliation\Medical_Affiliation.csproj]
C:\Users\HP\Downloads\Medical\Medical_Affiliation\Controllers\ContinuesAffiliation_FacultybasedController.cs(1645,56): warning CS8601: Possible null reference assignment. [C:\Users\HP\Downloads\Medical\Medical_Affiliation\Medical_Affiliation.csproj]
C:\Users\HP\Downloads\Medical\Medical_Affiliation\Controllers\ContinuesAffiliation_FacultybasedController.cs(1655,44): warning CS8601: Possible null reference assignment. [C:\Users\HP\Downloads\Medical\Medical_Affiliation\Medical_Affiliation.csproj]
C:\Users\HP\Downloads\Medical\Medical_Affiliation\Controllers\ContinuesAffiliation_FacultybasedController.cs(1656,59): warning CS8601: Possible null reference assignment. [C:\Users\HP\Downloads\Medical\Medical_Affiliation\Medical_Affiliation.csproj]
C:\Users\HP\Downloads\Medical\Medical_Affiliation\Controllers\ContinuesAffiliation_FacultybasedController.cs(1657,45): warning CS8601: Possible null reference assignment. [C:\Users\HP\Downloads\Medical\Medical_Affiliation\Medical_Affiliation.csproj]
C:\Users\HP\Downloads\Medical\Medical_Affiliation\Controllers\ContinuesAffiliation_FacultybasedController.cs(1658,53): warning CS8601: Possible null reference assignment. [C:\Users\HP\Downloads\Medical\Medical_Affiliation\Medical_Affiliation.csproj]
C:\Users\HP\Downloads\Medical\Medical_Affiliation\Controllers\LatestMedicalAffiliationController.cs(86,41): warning CS8601: Possible null reference assignment. [C:\Users\HP\Downloads\Medical\Medical_Affiliation\Medical_Affiliation.csproj]
C:\Users\HP\Downloads\Medical\Medical_Affiliation\Controllers\LatestMedicalAffiliationController.cs(114,41): warning CS8601: Possible null reference assignment. [C:\Users\HP\Downloads\Medical\Medical_Affiliation\Medical_Affiliation.csproj]
C:\Users\HP\Downloads\Medical\Medical_Affiliation\Controllers\LatestMedicalAffiliationController.cs(142,41): warning CS8601: Possible null reference assignment. [C:\Users\HP\Downloads\Medical\Medical_Affiliation\Medical_Affiliation.csproj]
C:\Users\HP\Downloads\Medical\Medical_Affiliation\Controllers\LatestMedicalAffiliationController.cs(155,53): warning CS8629: Nullable value type may be null. [C:\Users\HP\Downloads\Medical\Medical_Affiliation\Medical_Affiliation.csproj]
C:\Users\HP\Downloads\Medical\Medical_Affiliation\Controllers\LatestMedicalAffiliationController.cs(156,51): warning CS8629: Nullable value type may be null. [C:\Users\HP\Downloads\Medical\Medical_Affiliation\Medical_Affiliation.csproj]
C:\Users\HP\Downloads\Medical\Medical_Affiliation\Controllers\LatestMedicalAffiliationController.cs(160,48): warning CS8629: Nullable value type may be null. [C:\Users\HP\Downloads\Medical\Medical_Affiliation\Medical_Affiliation.csproj]
C:\Users\HP\Downloads\Medical\Medical_Affiliation\Controllers\LatestMedicalAffiliationController.cs(163,50): warning CS8601: Possible null reference assignment. [C:\Users\HP\Downloads\Medical\Medical_Affiliation\Medical_Affiliation.csproj]
C:\Users\HP\Downloads\Medical\Medical_Affiliation\Controllers\LatestMedicalAffiliationController.cs(166,46): warning CS8629: Nullable value type may be null. [C:\Users\HP\Downloads\Medical\Medical_Affiliation\Medical_Affiliation.csproj]
C:\Users\HP\Downloads\Medical\Medical_Affiliation\Controllers\DentalRepositoryController.cs(1232,31): warning CS8601: Possible null reference assignment. [C:\Users\HP\Downloads\Medical\Medical_Affiliation\Medical_Affiliation.csproj]
C:\Users\HP\Downloads\Medical\Medical_Affiliation\Controllers\DentalRepositoryController.cs(1233,31): warning CS8601: Possible null reference assignment. [C:\Users\HP\Downloads\Medical\Medical_Affiliation\Medical_Affiliation.csproj]
C:\Users\HP\Downloads\Medical\Medical_Affiliation\Controllers\DentalRepositoryController.cs(1255,32): warning CS8600: Converting null literal or possible null value to non-nullable type. [C:\Users\HP\Downloads\Medical\Medical_Affiliation\Medical_Affiliation.csproj]
C:\Users\HP\Downloads\Medical\Medical_Affiliation\Controllers\DentalRepositoryController.cs(1260,29): warning CS8602: Dereference of a possibly null reference. [C:\Users\HP\Downloads\Medical\Medical_Affiliation\Medical_Affiliation.csproj]
C:\Users\HP\Downloads\Medical\Medical_Affiliation\Controllers\DentalRepositoryController.cs(1260,29): warning CS8600: Converting null literal or possible null value to non-nullable type. [C:\Users\HP\Downloads\Medical\Medical_Affiliation\Medical_Affiliation.csproj]
C:\Users\HP\Downloads\Medical\Medical_Affiliation\Controllers\DentalRepositoryController.cs(1262,29): warning CS8602: Dereference of a possibly null reference. [C:\Users\HP\Downloads\Medical\Medical_Affiliation\Medical_Affiliation.csproj]
C:\Users\HP\Downloads\Medical\Medical_Affiliation\Controllers\DentalRepositoryController.cs(1262,29): warning CS8600: Converting null literal or possible null value to non-nullable type. [C:\Users\HP\Downloads\Medical\Medical_Affiliation\Medical_Affiliation.csproj]
C:\Users\HP\Downloads\Medical\Medical_Affiliation\Controllers\DentalRepositoryController.cs(1264,29): warning CS8602: Dereference of a possibly null reference. [C:\Users\HP\Downloads\Medical\Medical_Affiliation\Medical_Affiliation.csproj]
C:\Users\HP\Downloads\Medical\Medical_Affiliation\Controllers\DentalRepositoryController.cs(1264,29): warning CS8600: Converting null literal or possible null value to non-nullable type. [C:\Users\HP\Downloads\Medical\Medical_Affiliation\Medical_Affiliation.csproj]
C:\Users\HP\Downloads\Medical\Medical_Affiliation\Controllers\DentalRepositoryController.cs(1266,29): warning CS8602: Dereference of a possibly null reference. [C:\Users\HP\Downloads\Medical\Medical_Affiliation\Medical_Affiliation.csproj]
C:\Users\HP\Downloads\Medical\Medical_Affiliation\Controllers\DentalRepositoryController.cs(1266,29): warning CS8600: Converting null literal or possible null value to non-nullable type. [C:\Users\HP\Downloads\Medical\Medical_Affiliation\Medical_Affiliation.csproj]
C:\Users\HP\Downloads\Medical\Medical_Affiliation\Controllers\LatestMedicalAffiliationController.cs(324,53): warning CS8604: Possible null reference argument for parameter 'facultyCode' in 'AddIntakeViewModel LatestMedicalAffiliationController.PrepareViewModel(int facultyId, string facultyCode, string collegeCode, AddIntakeViewModel? existing = null)'. [C:\Users\HP\Downloads\Medical\Medical_Affiliation\Medical_Affiliation.csproj]
C:\Users\HP\Downloads\Medical\Medical_Affiliation\Controllers\LatestMedicalAffiliationController.cs(324,66): warning CS8604: Possible null reference argument for parameter 'collegeCode' in 'AddIntakeViewModel LatestMedicalAffiliationController.PrepareViewModel(int facultyId, string facultyCode, string collegeCode, AddIntakeViewModel? existing = null)'. [C:\Users\HP\Downloads\Medical\Medical_Affiliation\Medical_Affiliation.csproj]
C:\Users\HP\Downloads\Medical\Medical_Affiliation\Controllers\DentalRepositoryController.cs(1284,20): warning CS8603: Possible null reference return. [C:\Users\HP\Downloads\Medical\Medical_Affiliation\Medical_Affiliation.csproj]
C:\Users\HP\Downloads\Medical\Medical_Affiliation\Controllers\DentalRepositoryController.cs(1311,32): warning CS8600: Converting null literal or possible null value to non-nullable type. [C:\Users\HP\Downloads\Medical\Medical_Affiliation\Medical_Affiliation.csproj]
C:\Users\HP\Downloads\Medical\Medical_Affiliation\Controllers\LatestMedicalAffiliationController.cs(352,40): warning CS8604: Possible null reference argument for parameter 's' in 'int int.Parse(string s)'. [C:\Users\HP\Downloads\Medical\Medical_Affiliation\Medical_Affiliation.csproj]
C:\Users\HP\Downloads\Medical\Medical_Affiliation\Controllers\ContinuesAffiliation_FacultybasedController.cs(1821,70): warning CS8604: Possible null reference argument for parameter 'facultyCode' in 'Task<string?> ContinuesAffiliation_FacultybasedController.SaveHostelFileAsync(IFormFile? file, string facultyCode)'. [C:\Users\HP\Downloads\Medical\Medical_Affiliation\Medical_Affiliation.csproj]
C:\Users\HP\Downloads\Medical\Medical_Affiliation\Controllers\LatestMedicalAffiliationController.cs(411,54): warning CS8604: Possible null reference argument for parameter 'facultyCode' in 'AddIntakeViewModel LatestMedicalAffiliationController.PrepareViewModel(int facultyId, string facultyCode, string collegeCode, AddIntakeViewModel? existing = null)'. [C:\Users\HP\Downloads\Medical\Medical_Affiliation\Medical_Affiliation.csproj]
C:\Users\HP\Downloads\Medical\Medical_Affiliation\Controllers\LatestMedicalAffiliationController.cs(411,67): warning CS8604: Possible null reference argument for parameter 'collegeCode' in 'AddIntakeViewModel LatestMedicalAffiliationController.PrepareViewModel(int facultyId, string facultyCode, string collegeCode, AddIntakeViewModel? existing = null)'. [C:\Users\HP\Downloads\Medical\Medical_Affiliation\Medical_Affiliation.csproj]
C:\Users\HP\Downloads\Medical\Medical_Affiliation\Controllers\LatestMedicalAffiliationController.cs(428,54): warning CS8604: Possible null reference argument for parameter 'facultyCode' in 'AddIntakeViewModel LatestMedicalAffiliationController.PrepareViewModel(int facultyId, string facultyCode, string collegeCode, AddIntakeViewModel? existing = null)'. [C:\Users\HP\Downloads\Medical\Medical_Affiliation\Medical_Affiliation.csproj]
C:\Users\HP\Downloads\Medical\Medical_Affiliation\Controllers\LatestMedicalAffiliationController.cs(428,67): warning CS8604: Possible null reference argument for parameter 'collegeCode' in 'AddIntakeViewModel LatestMedicalAffiliationController.PrepareViewModel(int facultyId, string facultyCode, string collegeCode, AddIntakeViewModel? existing = null)'. [C:\Users\HP\Downloads\Medical\Medical_Affiliation\Medical_Affiliation.csproj]
C:\Users\HP\Downloads\Medical\Medical_Affiliation\Controllers\LatestMedicalAffiliationController.cs(435,31): warning CS8601: Possible null reference assignment. [C:\Users\HP\Downloads\Medical\Medical_Affiliation\Medical_Affiliation.csproj]
C:\Users\HP\Downloads\Medical\Medical_Affiliation\Controllers\LatestMedicalAffiliationController.cs(436,31): warning CS8601: Possible null reference assignment. [C:\Users\HP\Downloads\Medical\Medical_Affiliation\Medical_Affiliation.csproj]
C:\Users\HP\Downloads\Medical\Medical_Affiliation\Controllers\LatestMedicalAffiliationController.cs(473,55): warning CS8604: Possible null reference argument for parameter 'facultyCode' in 'AddIntakeViewModel LatestMedicalAffiliationController.PrepareViewModel(int facultyId, string facultyCode, string collegeCode, AddIntakeViewModel? existing = null)'. [C:\Users\HP\Downloads\Medical\Medical_Affiliation\Medical_Affiliation.csproj]
C:\Users\HP\Downloads\Medical\Medical_Affiliation\Controllers\LatestMedicalAffiliationController.cs(473,68): warning CS8604: Possible null reference argument for parameter 'collegeCode' in 'AddIntakeViewModel LatestMedicalAffiliationController.PrepareViewModel(int facultyId, string facultyCode, string collegeCode, AddIntakeViewModel? existing = null)'. [C:\Users\HP\Downloads\Medical\Medical_Affiliation\Medical_Affiliation.csproj]
C:\Users\HP\Downloads\Medical\Medical_Affiliation\Controllers\ContinuesAffiliation_FacultybasedController.cs(1953,31): warning CS8601: Possible null reference assignment. [C:\Users\HP\Downloads\Medical\Medical_Affiliation\Medical_Affiliation.csproj]
C:\Users\HP\Downloads\Medical\Medical_Affiliation\Controllers\ContinuesAffiliation_FacultybasedController.cs(1954,31): warning CS8601: Possible null reference assignment. [C:\Users\HP\Downloads\Medical\Medical_Affiliation\Medical_Affiliation.csproj]
C:\Users\HP\Downloads\Medical\Medical_Affiliation\Controllers\ContinuesAffiliation_FacultybasedController.cs(1967,50): warning CS8601: Possible null reference assignment. [C:\Users\HP\Downloads\Medical\Medical_Affiliation\Medical_Affiliation.csproj]
C:\Users\HP\Downloads\Medical\Medical_Affiliation\Controllers\ContinuesAffiliation_FacultybasedController.cs(1970,43): warning CS8601: Possible null reference assignment. [C:\Users\HP\Downloads\Medical\Medical_Affiliation\Medical_Affiliation.csproj]
C:\Users\HP\Downloads\Medical\Medical_Affiliation\Controllers\ContinuesAffiliation_FacultybasedController.cs(1971,43): warning CS8601: Possible null reference assignment. [C:\Users\HP\Downloads\Medical\Medical_Affiliation\Medical_Affiliation.csproj]
C:\Users\HP\Downloads\Medical\Medical_Affiliation\Controllers\LatestMedicalAffiliationController.cs(549,64): warning CS8629: Nullable value type may be null. [C:\Users\HP\Downloads\Medical\Medical_Affiliation\Medical_Affiliation.csproj]
C:\Users\HP\Downloads\Medical\Medical_Affiliation\Controllers\LatestMedicalAffiliationController.cs(550,53): warning CS8629: Nullable value type may be null. [C:\Users\HP\Downloads\Medical\Medical_Affiliation\Medical_Affiliation.csproj]
C:\Users\HP\Downloads\Medical\Medical_Affiliation\Controllers\LatestMedicalAffiliationController.cs(551,55): warning CS8601: Possible null reference assignment. [C:\Users\HP\Downloads\Medical\Medical_Affiliation\Medical_Affiliation.csproj]
C:\Users\HP\Downloads\Medical\Medical_Affiliation\Controllers\LatestMedicalAffiliationController.cs(552,51): warning CS8629: Nullable value type may be null. [C:\Users\HP\Downloads\Medical\Medical_Affiliation\Medical_Affiliation.csproj]
C:\Users\HP\Downloads\Medical\Medical_Affiliation\Controllers\ContinuesAffiliation_FacultybasedController.cs(2011,29): warning CS8622: Nullability of reference types in type of parameter 's' of 'int int.Parse(string s)' doesn't match the target delegate 'Func<string?, int>' (possibly because of nullability attributes). [C:\Users\HP\Downloads\Medical\Medical_Affiliation\Medical_Affiliation.csproj]
C:\Users\HP\Downloads\Medical\Medical_Affiliation\Controllers\ContinuesAffiliation_FacultybasedController.cs(2033,46): warning CS8601: Possible null reference assignment. [C:\Users\HP\Downloads\Medical\Medical_Affiliation\Medical_Affiliation.csproj]
C:\Users\HP\Downloads\Medical\Medical_Affiliation\Controllers\ContinuesAffiliation_FacultybasedController.cs(2050,54): warning CS8600: Converting null literal or possible null value to non-nullable type. [C:\Users\HP\Downloads\Medical\Medical_Affiliation\Medical_Affiliation.csproj]
C:\Users\HP\Downloads\Medical\Medical_Affiliation\Controllers\ContinuesAffiliation_FacultybasedController.cs(2054,34): warning CS8600: Converting null literal or possible null value to non-nullable type. [C:\Users\HP\Downloads\Medical\Medical_Affiliation\Medical_Affiliation.csproj]
C:\Users\HP\Downloads\Medical\Medical_Affiliation\Controllers\ContinuesAffiliation_FacultybasedController.cs(2060,34): warning CS8600: Converting null literal or possible null value to non-nullable type. [C:\Users\HP\Downloads\Medical\Medical_Affiliation\Medical_Affiliation.csproj]
C:\Users\HP\Downloads\Medical\Medical_Affiliation\Controllers\LatestMedicalAffiliationController.cs(571,50): warning CS8629: Nullable value type may be null. [C:\Users\HP\Downloads\Medical\Medical_Affiliation\Medical_Affiliation.csproj]
C:\Users\HP\Downloads\Medical\Medical_Affiliation\Controllers\LatestMedicalAffiliationController.cs(572,39): warning CS8629: Nullable value type may be null. [C:\Users\HP\Downloads\Medical\Medical_Affiliation\Medical_Affiliation.csproj]
C:\Users\HP\Downloads\Medical\Medical_Affiliation\Controllers\LatestMedicalAffiliationController.cs(574,37): warning CS8629: Nullable value type may be null. [C:\Users\HP\Downloads\Medical\Medical_Affiliation\Medical_Affiliation.csproj]
C:\Users\HP\Downloads\Medical\Medical_Affiliation\Controllers\ContinuesAffiliation_FacultybasedController.cs(2445,30): warning CS8601: Possible null reference assignment. [C:\Users\HP\Downloads\Medical\Medical_Affiliation\Medical_Affiliation.csproj]
C:\Users\HP\Downloads\Medical\Medical_Affiliation\Controllers\ContinuesAffiliation_FacultybasedController.cs(2446,30): warning CS8601: Possible null reference assignment. [C:\Users\HP\Downloads\Medical\Medical_Affiliation\Medical_Affiliation.csproj]
C:\Users\HP\Downloads\Medical\Medical_Affiliation\Controllers\ContinuesAffiliation_FacultybasedController.cs(2468,34): warning CS8601: Possible null reference assignment. [C:\Users\HP\Downloads\Medical\Medical_Affiliation\Medical_Affiliation.csproj]
C:\Users\HP\Downloads\Medical\Medical_Affiliation\Controllers\ContinuesAffiliation_FacultybasedController.cs(2469,30): warning CS8601: Possible null reference assignment. [C:\Users\HP\Downloads\Medical\Medical_Affiliation\Medical_Affiliation.csproj]
C:\Users\HP\Downloads\Medical\Medical_Affiliation\Controllers\ContinuesAffiliation_FacultybasedController.cs(2470,34): warning CS8601: Possible null reference assignment. [C:\Users\HP\Downloads\Medical\Medical_Affiliation\Medical_Affiliation.csproj]
C:\Users\HP\Downloads\Medical\Medical_Affiliation\Controllers\ContinuesAffiliation_FacultybasedController.cs(2471,40): warning CS8601: Possible null reference assignment. [C:\Users\HP\Downloads\Medical\Medical_Affiliation\Medical_Affiliation.csproj]
C:\Users\HP\Downloads\Medical\Medical_Affiliation\Controllers\ContinuesAffiliation_FacultybasedController.cs(2481,44): warning CS8601: Possible null reference assignment. [C:\Users\HP\Downloads\Medical\Medical_Affiliation\Medical_Affiliation.csproj]
C:\Users\HP\Downloads\Medical\Medical_Affiliation\Controllers\ContinuesAffiliation_FacultybasedController.cs(2482,37): warning CS8601: Possible null reference assignment. [C:\Users\HP\Downloads\Medical\Medical_Affiliation\Medical_Affiliation.csproj]
C:\Users\HP\Downloads\Medical\Medical_Affiliation\Controllers\ContinuesAffiliation_FacultybasedController.cs(2487,40): warning CS8601: Possible null reference assignment. [C:\Users\HP\Downloads\Medical\Medical_Affiliation\Medical_Affiliation.csproj]
C:\Users\HP\Downloads\Medical\Medical_Affiliation\Controllers\LatestMedicalAffiliationController.cs(633,42): warning CS8629: Nullable value type may be null. [C:\Users\HP\Downloads\Medical\Medical_Affiliation\Medical_Affiliation.csproj]
C:\Users\HP\Downloads\Medical\Medical_Affiliation\Controllers\LatestMedicalAffiliationController.cs(634,31): warning CS8629: Nullable value type may be null. [C:\Users\HP\Downloads\Medical\Medical_Affiliation\Medical_Affiliation.csproj]
C:\Users\HP\Downloads\Medical\Medical_Affiliation\Controllers\LatestMedicalAffiliationController.cs(635,33): warning CS8601: Possible null reference assignment. [C:\Users\HP\Downloads\Medical\Medical_Affiliation\Medical_Affiliation.csproj]
C:\Users\HP\Downloads\Medical\Medical_Affiliation\Controllers\ContinuesAffiliation_FacultybasedController.cs(2517,30): warning CS8601: Possible null reference assignment. [C:\Users\HP\Downloads\Medical\Medical_Affiliation\Medical_Affiliation.csproj]
C:\Users\HP\Downloads\Medical\Medical_Affiliation\Controllers\ContinuesAffiliation_FacultybasedController.cs(2518,30): warning CS8601: Possible null reference assignment. [C:\Users\HP\Downloads\Medical\Medical_Affiliation\Medical_Affiliation.csproj]
C:\Users\HP\Downloads\Medical\Medical_Affiliation\Controllers\ContinuesAffiliation_FacultybasedController.cs(2540,31): warning CS8600: Converting null literal or possible null value to non-nullable type. [C:\Users\HP\Downloads\Medical\Medical_Affiliation\Medical_Affiliation.csproj]
C:\Users\HP\Downloads\Medical\Medical_Affiliation\Controllers\ContinuesAffiliation_FacultybasedController.cs(2541,30): warning CS8600: Converting null literal or possible null value to non-nullable type. [C:\Users\HP\Downloads\Medical\Medical_Affiliation\Medical_Affiliation.csproj]
C:\Users\HP\Downloads\Medical\Medical_Affiliation\Controllers\ContinuesAffiliation_FacultybasedController.cs(2542,37): warning CS8600: Converting null literal or possible null value to non-nullable type. [C:\Users\HP\Downloads\Medical\Medical_Affiliation\Medical_Affiliation.csproj]
C:\Users\HP\Downloads\Medical\Medical_Affiliation\Controllers\ContinuesAffiliation_FacultybasedController.cs(2600,59): warning CS8601: Possible null reference assignment. [C:\Users\HP\Downloads\Medical\Medical_Affiliation\Medical_Affiliation.csproj]
C:\Users\HP\Downloads\Medical\Medical_Affiliation\Controllers\ContinuesAffiliation_FacultybasedController.cs(2649,43): warning CS8601: Possible null reference assignment. [C:\Users\HP\Downloads\Medical\Medical_Affiliation\Medical_Affiliation.csproj]
C:\Users\HP\Downloads\Medical\Medical_Affiliation\Controllers\ContinuesAffiliation_FacultybasedController.cs(2743,30): warning CS8600: Converting null literal or possible null value to non-nullable type. [C:\Users\HP\Downloads\Medical\Medical_Affiliation\Medical_Affiliation.csproj]
C:\Users\HP\Downloads\Medical\Medical_Affiliation\Controllers\LatestMedicalAffiliationController.cs(723,60): warning CS8629: Nullable value type may be null. [C:\Users\HP\Downloads\Medical\Medical_Affiliation\Medical_Affiliation.csproj]
C:\Users\HP\Downloads\Medical\Medical_Affiliation\Controllers\LatestMedicalAffiliationController.cs(724,54): warning CS8629: Nullable value type may be null. [C:\Users\HP\Downloads\Medical\Medical_Affiliation\Medical_Affiliation.csproj]
C:\Users\HP\Downloads\Medical\Medical_Affiliation\Controllers\LatestMedicalAffiliationController.cs(725,52): warning CS8629: Nullable value type may be null. [C:\Users\HP\Downloads\Medical\Medical_Affiliation\Medical_Affiliation.csproj]
C:\Users\HP\Downloads\Medical\Medical_Affiliation\Controllers\LatestMedicalAffiliationController.cs(726,49): warning CS8629: Nullable value type may be null. [C:\Users\HP\Downloads\Medical\Medical_Affiliation\Medical_Affiliation.csproj]
C:\Users\HP\Downloads\Medical\Medical_Affiliation\Controllers\LatestMedicalAffiliationController.cs(727,51): warning CS8601: Possible null reference assignment. [C:\Users\HP\Downloads\Medical\Medical_Affiliation\Medical_Affiliation.csproj]
C:\Users\HP\Downloads\Medical\Medical_Affiliation\Controllers\LatestMedicalAffiliationController.cs(728,47): warning CS8629: Nullable value type may be null. [C:\Users\HP\Downloads\Medical\Medical_Affiliation\Medical_Affiliation.csproj]
C:\Users\HP\Downloads\Medical\Medical_Affiliation\Controllers\LICInspectionController.cs(276,43): warning CS8602: Dereference of a possibly null reference. [C:\Users\HP\Downloads\Medical\Medical_Affiliation\Medical_Affiliation.csproj]
C:\Users\HP\Downloads\Medical\Medical_Affiliation\Controllers\LICInspectionController.cs(281,27): warning CS8600: Converting null literal or possible null value to non-nullable type. [C:\Users\HP\Downloads\Medical\Medical_Affiliation\Medical_Affiliation.csproj]
C:\Users\HP\Downloads\Medical\Medical_Affiliation\Controllers\LICInspectionController.cs(292,39): warning CS8601: Possible null reference assignment. [C:\Users\HP\Downloads\Medical\Medical_Affiliation\Medical_Affiliation.csproj]
C:\Users\HP\Downloads\Medical\Medical_Affiliation\Controllers\LICInspectionController.cs(293,39): warning CS8601: Possible null reference assignment. [C:\Users\HP\Downloads\Medical\Medical_Affiliation\Medical_Affiliation.csproj]
C:\Users\HP\Downloads\Medical\Medical_Affiliation\Controllers\LICInspectionController.cs(304,39): warning CS8601: Possible null reference assignment. [C:\Users\HP\Downloads\Medical\Medical_Affiliation\Medical_Affiliation.csproj]
C:\Users\HP\Downloads\Medical\Medical_Affiliation\Controllers\LICInspectionController.cs(305,39): warning CS8601: Possible null reference assignment. [C:\Users\HP\Downloads\Medical\Medical_Affiliation\Medical_Affiliation.csproj]
C:\Users\HP\Downloads\Medical\Medical_Affiliation\Controllers\LICInspectionController.cs(316,39): warning CS8601: Possible null reference assignment. [C:\Users\HP\Downloads\Medical\Medical_Affiliation\Medical_Affiliation.csproj]
C:\Users\HP\Downloads\Medical\Medical_Affiliation\Controllers\LICInspectionController.cs(317,39): warning CS8601: Possible null reference assignment. [C:\Users\HP\Downloads\Medical\Medical_Affiliation\Medical_Affiliation.csproj]
C:\Users\HP\Downloads\Medical\Medical_Affiliation\Controllers\LICInspectionController.cs(330,32): warning CS8601: Possible null reference assignment. [C:\Users\HP\Downloads\Medical\Medical_Affiliation\Medical_Affiliation.csproj]
C:\Users\HP\Downloads\Medical\Medical_Affiliation\Controllers\LICInspectionController.cs(333,31): warning CS8601: Possible null reference assignment. [C:\Users\HP\Downloads\Medical\Medical_Affiliation\Medical_Affiliation.csproj]
C:\Users\HP\Downloads\Medical\Medical_Affiliation\Controllers\LICInspectionController.cs(334,25): warning CS8601: Possible null reference assignment. [C:\Users\HP\Downloads\Medical\Medical_Affiliation\Medical_Affiliation.csproj]
C:\Users\HP\Downloads\Medical\Medical_Affiliation\Controllers\LICInspectionController.cs(335,29): warning CS8601: Possible null reference assignment. [C:\Users\HP\Downloads\Medical\Medical_Affiliation\Medical_Affiliation.csproj]
C:\Users\HP\Downloads\Medical\Medical_Affiliation\Controllers\LICInspectionController.cs(336,33): warning CS8601: Possible null reference assignment. [C:\Users\HP\Downloads\Medical\Medical_Affiliation\Medical_Affiliation.csproj]
C:\Users\HP\Downloads\Medical\Medical_Affiliation\Controllers\LICInspectionController.cs(338,33): warning CS8601: Possible null reference assignment. [C:\Users\HP\Downloads\Medical\Medical_Affiliation\Medical_Affiliation.csproj]
C:\Users\HP\Downloads\Medical\Medical_Affiliation\Controllers\LICInspectionController.cs(339,28): warning CS8601: Possible null reference assignment. [C:\Users\HP\Downloads\Medical\Medical_Affiliation\Medical_Affiliation.csproj]
C:\Users\HP\Downloads\Medical\Medical_Affiliation\Controllers\LICInspectionController.cs(340,28): warning CS8601: Possible null reference assignment. [C:\Users\HP\Downloads\Medical\Medical_Affiliation\Medical_Affiliation.csproj]
C:\Users\HP\Downloads\Medical\Medical_Affiliation\Controllers\LICInspectionController.cs(341,30): warning CS8601: Possible null reference assignment. [C:\Users\HP\Downloads\Medical\Medical_Affiliation\Medical_Affiliation.csproj]
C:\Users\HP\Downloads\Medical\Medical_Affiliation\Controllers\LICInspectionController.cs(347,29): warning CS8601: Possible null reference assignment. [C:\Users\HP\Downloads\Medical\Medical_Affiliation\Medical_Affiliation.csproj]
C:\Users\HP\Downloads\Medical\Medical_Affiliation\Controllers\LICInspectionController.cs(348,27): warning CS8601: Possible null reference assignment. [C:\Users\HP\Downloads\Medical\Medical_Affiliation\Medical_Affiliation.csproj]
C:\Users\HP\Downloads\Medical\Medical_Affiliation\Controllers\LICInspectionController.cs(352,41): warning CS8601: Possible null reference assignment. [C:\Users\HP\Downloads\Medical\Medical_Affiliation\Medical_Affiliation.csproj]
C:\Users\HP\Downloads\Medical\Medical_Affiliation\Controllers\LICInspectionController.cs(353,43): warning CS8601: Possible null reference assignment. [C:\Users\HP\Downloads\Medical\Medical_Affiliation\Medical_Affiliation.csproj]
C:\Users\HP\Downloads\Medical\Medical_Affiliation\Controllers\LICInspectionController.cs(355,42): warning CS8601: Possible null reference assignment. [C:\Users\HP\Downloads\Medical\Medical_Affiliation\Medical_Affiliation.csproj]
C:\Users\HP\Downloads\Medical\Medical_Affiliation\Controllers\LICInspectionController.cs(494,24): warning CS8603: Possible null reference return. [C:\Users\HP\Downloads\Medical\Medical_Affiliation\Medical_Affiliation.csproj]
C:\Users\HP\Downloads\Medical\Medical_Affiliation\Controllers\LatestMedicalAffiliationController.cs(812,42): warning CS8629: Nullable value type may be null. [C:\Users\HP\Downloads\Medical\Medical_Affiliation\Medical_Affiliation.csproj]
C:\Users\HP\Downloads\Medical\Medical_Affiliation\Controllers\LatestMedicalAffiliationController.cs(813,44): warning CS8629: Nullable value type may be null. [C:\Users\HP\Downloads\Medical\Medical_Affiliation\Medical_Affiliation.csproj]
C:\Users\HP\Downloads\Medical\Medical_Affiliation\Controllers\LatestMedicalAffiliationController.cs(814,50): warning CS8629: Nullable value type may be null. [C:\Users\HP\Downloads\Medical\Medical_Affiliation\Medical_Affiliation.csproj]
C:\Users\HP\Downloads\Medical\Medical_Affiliation\Controllers\LatestMedicalAffiliationController.cs(821,41): warning CS8601: Possible null reference assignment. [C:\Users\HP\Downloads\Medical\Medical_Affiliation\Medical_Affiliation.csproj]
C:\Users\HP\Downloads\Medical\Medical_Affiliation\Controllers\LatestMedicalAffiliationController.cs(822,37): warning CS8629: Nullable value type may be null. [C:\Users\HP\Downloads\Medical\Medical_Affiliation\Medical_Affiliation.csproj]
C:\Users\HP\Downloads\Medical\Medical_Affiliation\Controllers\ContinuesAffiliation_FacultybasedController.cs(2943,71): warning CS8600: Converting null literal or possible null value to non-nullable type. [C:\Users\HP\Downloads\Medical\Medical_Affiliation\Medical_Affiliation.csproj]
C:\Users\HP\Downloads\Medical\Medical_Affiliation\Controllers\ContinuesAffiliation_FacultybasedController.cs(2997,58): warning CS8602: Dereference of a possibly null reference. [C:\Users\HP\Downloads\Medical\Medical_Affiliation\Medical_Affiliation.csproj]
C:\Users\HP\Downloads\Medical\Medical_Affiliation\Controllers\ContinuesAffiliation_FacultybasedController.cs(2997,58): warning CS8604: Possible null reference argument for parameter 'value' in 'void SessionExtensions.SetString(ISession session, string key, string value)'. [C:\Users\HP\Downloads\Medical\Medical_Affiliation\Medical_Affiliation.csproj]
C:\Users\HP\Downloads\Medical\Medical_Affiliation\Controllers\ContinuesAffiliation_FacultybasedController.cs(3089,37): warning CS8602: Dereference of a possibly null reference. [C:\Users\HP\Downloads\Medical\Medical_Affiliation\Medical_Affiliation.csproj]
C:\Users\HP\Downloads\Medical\Medical_Affiliation\Controllers\ContinuesAffiliation_FacultybasedController.cs(3093,38): warning CS8602: Dereference of a possibly null reference. [C:\Users\HP\Downloads\Medical\Medical_Affiliation\Medical_Affiliation.csproj]
C:\Users\HP\Downloads\Medical\Medical_Affiliation\Controllers\ContinuesAffiliation_FacultybasedController.cs(3128,35): warning CS8602: Dereference of a possibly null reference. [C:\Users\HP\Downloads\Medical\Medical_Affiliation\Medical_Affiliation.csproj]
C:\Users\HP\Downloads\Medical\Medical_Affiliation\Controllers\ContinuesAffiliation_FacultybasedController.cs(3161,35): warning CS8602: Dereference of a possibly null reference. [C:\Users\HP\Downloads\Medical\Medical_Affiliation\Medical_Affiliation.csproj]
C:\Users\HP\Downloads\Medical\Medical_Affiliation\Controllers\ContinuesAffiliation_FacultybasedController.cs(3188,38): warning CS8604: Possible null reference argument for parameter 'e' in 'void ContinuesAffiliation_FacultybasedController.MapViewModelToEntity(InstitutionViewModel vm, AffInstitutionsDetail e)'. [C:\Users\HP\Downloads\Medical\Medical_Affiliation\Medical_Affiliation.csproj]
C:\Users\HP\Downloads\Medical\Medical_Affiliation\Controllers\ContinuesAffiliation_FacultybasedController.cs(3216,34): warning CS8600: Converting null literal or possible null value to non-nullable type. [C:\Users\HP\Downloads\Medical\Medical_Affiliation\Medical_Affiliation.csproj]
C:\Users\HP\Downloads\Medical\Medical_Affiliation\Controllers\ContinuesAffiliation_FacultybasedController.cs(3220,31): warning CS8600: Converting null literal or possible null value to non-nullable type. [C:\Users\HP\Downloads\Medical\Medical_Affiliation\Medical_Affiliation.csproj]
C:\Users\HP\Downloads\Medical\Medical_Affiliation\Controllers\ContinuesAffiliation_FacultybasedController.cs(3256,27): warning CS8601: Possible null reference assignment. [C:\Users\HP\Downloads\Medical\Medical_Affiliation\Medical_Affiliation.csproj]
C:\Users\HP\Downloads\Medical\Medical_Affiliation\Controllers\ContinuesAffiliation_FacultybasedController.cs(3258,27): warning CS8601: Possible null reference assignment. [C:\Users\HP\Downloads\Medical\Medical_Affiliation\Medical_Affiliation.csproj]
C:\Users\HP\Downloads\Medical\Medical_Affiliation\Controllers\ContinuesAffiliation_FacultybasedController.cs(3259,33): warning CS8601: Possible null reference assignment. [C:\Users\HP\Downloads\Medical\Medical_Affiliation\Medical_Affiliation.csproj]
C:\Users\HP\Downloads\Medical\Medical_Affiliation\Controllers\ContinuesAffiliation_FacultybasedController.cs(3274,37): warning CS8601: Possible null reference assignment. [C:\Users\HP\Downloads\Medical\Medical_Affiliation\Medical_Affiliation.csproj]
C:\Users\HP\Downloads\Medical\Medical_Affiliation\Controllers\ContinuesAffiliation_FacultybasedController.cs(3275,43): warning CS8601: Possible null reference assignment. [C:\Users\HP\Downloads\Medical\Medical_Affiliation\Medical_Affiliation.csproj]
C:\Users\HP\Downloads\Medical\Medical_Affiliation\Controllers\ContinuesAffiliation_FacultybasedController.cs(3276,38): warning CS8601: Possible null reference assignment. [C:\Users\HP\Downloads\Medical\Medical_Affiliation\Medical_Affiliation.csproj]
C:\Users\HP\Downloads\Medical\Medical_Affiliation\Controllers\ContinuesAffiliation_FacultybasedController.cs(3277,34): warning CS8601: Possible null reference assignment. [C:\Users\HP\Downloads\Medical\Medical_Affiliation\Medical_Affiliation.csproj]
C:\Users\HP\Downloads\Medical\Medical_Affiliation\Controllers\ContinuesAffiliation_FacultybasedController.cs(3278,36): warning CS8601: Possible null reference assignment. [C:\Users\HP\Downloads\Medical\Medical_Affiliation\Medical_Affiliation.csproj]
C:\Users\HP\Downloads\Medical\Medical_Affiliation\Controllers\ContinuesAffiliation_FacultybasedController.cs(3279,35): warning CS8601: Possible null reference assignment. [C:\Users\HP\Downloads\Medical\Medical_Affiliation\Medical_Affiliation.csproj]
C:\Users\HP\Downloads\Medical\Medical_Affiliation\Controllers\ContinuesAffiliation_FacultybasedController.cs(3282,31): warning CS8601: Possible null reference assignment. [C:\Users\HP\Downloads\Medical\Medical_Affiliation\Medical_Affiliation.csproj]
C:\Users\HP\Downloads\Medical\Medical_Affiliation\Controllers\ContinuesAffiliation_FacultybasedController.cs(3288,28): warning CS8601: Possible null reference assignment. [C:\Users\HP\Downloads\Medical\Medical_Affiliation\Medical_Affiliation.csproj]
C:\Users\HP\Downloads\Medical\Medical_Affiliation\Controllers\ContinuesAffiliation_FacultybasedController.cs(3293,36): warning CS8601: Possible null reference assignment. [C:\Users\HP\Downloads\Medical\Medical_Affiliation\Medical_Affiliation.csproj]
C:\Users\HP\Downloads\Medical\Medical_Affiliation\Controllers\ContinuesAffiliation_FacultybasedController.cs(3294,33): warning CS8601: Possible null reference assignment. [C:\Users\HP\Downloads\Medical\Medical_Affiliation\Medical_Affiliation.csproj]
C:\Users\HP\Downloads\Medical\Medical_Affiliation\Controllers\ContinuesAffiliation_FacultybasedController.cs(3321,35): warning CS8601: Possible null reference assignment. [C:\Users\HP\Downloads\Medical\Medical_Affiliation\Medical_Affiliation.csproj]
C:\Users\HP\Downloads\Medical\Medical_Affiliation\Controllers\ContinuesAffiliation_FacultybasedController.cs(3324,33): warning CS8601: Possible null reference assignment. [C:\Users\HP\Downloads\Medical\Medical_Affiliation\Medical_Affiliation.csproj]
C:\Users\HP\Downloads\Medical\Medical_Affiliation\Controllers\LatestMedicalAffiliationController.cs(1084,38): warning CS8601: Possible null reference assignment. [C:\Users\HP\Downloads\Medical\Medical_Affiliation\Medical_Affiliation.csproj]
C:\Users\HP\Downloads\Medical\Medical_Affiliation\Controllers\LatestMedicalAffiliationController.cs(1092,30): warning CS0168: The variable 'ex' is declared but never used [C:\Users\HP\Downloads\Medical\Medical_Affiliation\Medical_Affiliation.csproj]
C:\Users\HP\Downloads\Medical\Medical_Affiliation\Controllers\ContinuesAffiliation_FacultybasedController.cs(3439,17): warning CS8604: Possible null reference argument for parameter 'facultyCode' in 'Task<IActionResult> ContinuesAffiliation_FacultybasedController.ServeInstitutionFileFromPath(int id, string facultyCode, Func<AffInstitutionsDetail, string?> pathSelector)'. [C:\Users\HP\Downloads\Medical\Medical_Affiliation\Medical_Affiliation.csproj]
C:\Users\HP\Downloads\Medical\Medical_Affiliation\Controllers\ContinuesAffiliation_FacultybasedController.cs(3597,25): warning CS8604: Possible null reference argument for parameter 'facultyCode' in 'Task<string?> ContinuesAffiliation_FacultybasedController.SaveCourseFileAsync(IFormFile? file, string folder, string facultyCode)'. [C:\Users\HP\Downloads\Medical\Medical_Affiliation\Medical_Affiliation.csproj]
C:\Users\HP\Downloads\Medical\Medical_Affiliation\Controllers\ContinuesAffiliation_FacultybasedController.cs(3618,25): warning CS8604: Possible null reference argument for parameter 'facultyCode' in 'Task<string?> ContinuesAffiliation_FacultybasedController.SaveCourseFileAsync(IFormFile? file, string folder, string facultyCode)'. [C:\Users\HP\Downloads\Medical\Medical_Affiliation\Medical_Affiliation.csproj]
C:\Users\HP\Downloads\Medical\Medical_Affiliation\Controllers\ContinuesAffiliation_FacultybasedController.cs(3639,25): warning CS8604: Possible null reference argument for parameter 'facultyCode' in 'Task<string?> ContinuesAffiliation_FacultybasedController.SaveCourseFileAsync(IFormFile? file, string folder, string facultyCode)'. [C:\Users\HP\Downloads\Medical\Medical_Affiliation\Medical_Affiliation.csproj]
C:\Users\HP\Downloads\Medical\Medical_Affiliation\Controllers\ContinuesAffiliation_FacultybasedController.cs(3782,90): warning CS8604: Possible null reference argument for parameter 'facultyCode' in 'Task<string?> ContinuesAffiliation_FacultybasedController.SaveCourseFileAsync(IFormFile? file, string folder, string facultyCode)'. [C:\Users\HP\Downloads\Medical\Medical_Affiliation\Medical_Affiliation.csproj]
C:\Users\HP\Downloads\Medical\Medical_Affiliation\Controllers\ContinuesAffiliation_FacultybasedController.cs(3800,104): warning CS8604: Possible null reference argument for parameter 'facultyCode' in 'Task<string?> ContinuesAffiliation_FacultybasedController.SaveCourseFileAsync(IFormFile? file, string folder, string facultyCode)'. [C:\Users\HP\Downloads\Medical\Medical_Affiliation\Medical_Affiliation.csproj]
C:\Users\HP\Downloads\Medical\Medical_Affiliation\Controllers\ContinuesAffiliation_FacultybasedController.cs(3817,127): warning CS8604: Possible null reference argument for parameter 'facultyCode' in 'Task<string?> ContinuesAffiliation_FacultybasedController.SaveCourseFileAsync(IFormFile? file, string folder, string facultyCode)'. [C:\Users\HP\Downloads\Medical\Medical_Affiliation\Medical_Affiliation.csproj]
C:\Users\HP\Downloads\Medical\Medical_Affiliation\Controllers\LICInspectionController.cs(657,43): warning CS8602: Dereference of a possibly null reference. [C:\Users\HP\Downloads\Medical\Medical_Affiliation\Medical_Affiliation.csproj]
C:\Users\HP\Downloads\Medical\Medical_Affiliation\Controllers\LICInspectionController.cs(662,27): warning CS8600: Converting null literal or possible null value to non-nullable type. [C:\Users\HP\Downloads\Medical\Medical_Affiliation\Medical_Affiliation.csproj]
C:\Users\HP\Downloads\Medical\Medical_Affiliation\Controllers\LICInspectionController.cs(667,29): warning CS8602: Dereference of a possibly null reference. [C:\Users\HP\Downloads\Medical\Medical_Affiliation\Medical_Affiliation.csproj]
C:\Users\HP\Downloads\Medical\Medical_Affiliation\Controllers\LICInspectionController.cs(683,33): warning CS8602: Dereference of a possibly null reference. [C:\Users\HP\Downloads\Medical\Medical_Affiliation\Medical_Affiliation.csproj]
C:\Users\HP\Downloads\Medical\Medical_Affiliation\Controllers\LICInspectionController.cs(691,33): warning CS8602: Dereference of a possibly null reference. [C:\Users\HP\Downloads\Medical\Medical_Affiliation\Medical_Affiliation.csproj]
C:\Users\HP\Downloads\Medical\Medical_Affiliation\Controllers\LICInspectionController.cs(699,33): warning CS8602: Dereference of a possibly null reference. [C:\Users\HP\Downloads\Medical\Medical_Affiliation\Medical_Affiliation.csproj]
C:\Users\HP\Downloads\Medical\Medical_Affiliation\Controllers\LICInspectionController.cs(741,50): warning CS8600: Converting null literal or possible null value to non-nullable type. [C:\Users\HP\Downloads\Medical\Medical_Affiliation\Medical_Affiliation.csproj]
C:\Users\HP\Downloads\Medical\Medical_Affiliation\Controllers\LICInspectionController.cs(746,47): warning CS8602: Dereference of a possibly null reference. [C:\Users\HP\Downloads\Medical\Medical_Affiliation\Medical_Affiliation.csproj]
C:\Users\HP\Downloads\Medical\Medical_Affiliation\Controllers\LICInspectionController.cs(744,34): warning CS8600: Converting null literal or possible null value to non-nullable type. [C:\Users\HP\Downloads\Medical\Medical_Affiliation\Medical_Affiliation.csproj]
C:\Users\HP\Downloads\Medical\Medical_Affiliation\Controllers\LICInspectionController.cs(759,29): warning CS8602: Dereference of a possibly null reference. [C:\Users\HP\Downloads\Medical\Medical_Affiliation\Medical_Affiliation.csproj]
C:\Users\HP\Downloads\Medical\Medical_Affiliation\Controllers\LICInspectionController.cs(787,31): warning CS8601: Possible null reference assignment. [C:\Users\HP\Downloads\Medical\Medical_Affiliation\Medical_Affiliation.csproj]
C:\Users\HP\Downloads\Medical\Medical_Affiliation\Controllers\LICInspectionController.cs(788,32): warning CS8601: Possible null reference assignment. [C:\Users\HP\Downloads\Medical\Medical_Affiliation\Medical_Affiliation.csproj]
C:\Users\HP\Downloads\Medical\Medical_Affiliation\Controllers\LICInspectionController.cs(794,39): warning CS8601: Possible null reference assignment. [C:\Users\HP\Downloads\Medical\Medical_Affiliation\Medical_Affiliation.csproj]
C:\Users\HP\Downloads\Medical\Medical_Affiliation\Controllers\LICInspectionController.cs(813,43): warning CS8602: Dereference of a possibly null reference. [C:\Users\HP\Downloads\Medical\Medical_Affiliation\Medical_Affiliation.csproj]
C:\Users\HP\Downloads\Medical\Medical_Affiliation\Controllers\LICInspectionController.cs(819,39): warning CS8600: Converting null literal or possible null value to non-nullable type. [C:\Users\HP\Downloads\Medical\Medical_Affiliation\Medical_Affiliation.csproj]
C:\Users\HP\Downloads\Medical\Medical_Affiliation\Controllers\LICInspectionController.cs(822,35): warning CS8600: Converting null literal or possible null value to non-nullable type. [C:\Users\HP\Downloads\Medical\Medical_Affiliation\Medical_Affiliation.csproj]
C:\Users\HP\Downloads\Medical\Medical_Affiliation\Controllers\LICInspectionController.cs(836,43): warning CS8602: Dereference of a possibly null reference. [C:\Users\HP\Downloads\Medical\Medical_Affiliation\Medical_Affiliation.csproj]
C:\Users\HP\Downloads\Medical\Medical_Affiliation\Controllers\LICInspectionController.cs(1024,43): warning CS8602: Dereference of a possibly null reference. [C:\Users\HP\Downloads\Medical\Medical_Affiliation\Medical_Affiliation.csproj]
C:\Users\HP\Downloads\Medical\Medical_Affiliation\Controllers\LICInspectionController.cs(1036,29): warning CS8602: Dereference of a possibly null reference. [C:\Users\HP\Downloads\Medical\Medical_Affiliation\Medical_Affiliation.csproj]
C:\Users\HP\Downloads\Medical\Medical_Affiliation\Controllers\ContinuesAffiliation_FacultybasedController.cs(3915,29): warning CS8602: Dereference of a possibly null reference. [C:\Users\HP\Downloads\Medical\Medical_Affiliation\Medical_Affiliation.csproj]
C:\Users\HP\Downloads\Medical\Medical_Affiliation\Controllers\ContinuesAffiliation_FacultybasedController.cs(3972,41): warning CS8601: Possible null reference assignment. [C:\Users\HP\Downloads\Medical\Medical_Affiliation\Medical_Affiliation.csproj]
C:\Users\HP\Downloads\Medical\Medical_Affiliation\Controllers\ContinuesAffiliation_FacultybasedController.cs(3973,40): warning CS8601: Possible null reference assignment. [C:\Users\HP\Downloads\Medical\Medical_Affiliation\Medical_Affiliation.csproj]
C:\Users\HP\Downloads\Medical\Medical_Affiliation\Controllers\ContinuesAffiliation_FacultybasedController.cs(3975,37): warning CS8601: Possible null reference assignment. [C:\Users\HP\Downloads\Medical\Medical_Affiliation\Medical_Affiliation.csproj]
C:\Users\HP\Downloads\Medical\Medical_Affiliation\Controllers\ContinuesAffiliation_FacultybasedController.cs(3976,45): warning CS8601: Possible null reference assignment. [C:\Users\HP\Downloads\Medical\Medical_Affiliation\Medical_Affiliation.csproj]
C:\Users\HP\Downloads\Medical\Medical_Affiliation\Controllers\ContinuesAffiliation_FacultybasedController.cs(3979,42): warning CS8629: Nullable value type may be null. [C:\Users\HP\Downloads\Medical\Medical_Affiliation\Medical_Affiliation.csproj]
C:\Users\HP\Downloads\Medical\Medical_Affiliation\Controllers\ContinuesAffiliation_FacultybasedController.cs(3983,42): warning CS8629: Nullable value type may be null. [C:\Users\HP\Downloads\Medical\Medical_Affiliation\Medical_Affiliation.csproj]
C:\Users\HP\Downloads\Medical\Medical_Affiliation\Controllers\ContinuesAffiliation_FacultybasedController.cs(4014,36): warning CS8601: Possible null reference assignment. [C:\Users\HP\Downloads\Medical\Medical_Affiliation\Medical_Affiliation.csproj]
C:\Users\HP\Downloads\Medical\Medical_Affiliation\Controllers\ContinuesAffiliation_FacultybasedController.cs(4043,18): warning CS8604: Possible null reference argument for parameter 'source' in 'bool Enumerable.Any<TeachingExperienceRow>(IEnumerable<TeachingExperienceRow> source)'. [C:\Users\HP\Downloads\Medical\Medical_Affiliation\Medical_Affiliation.csproj]
C:\Users\HP\Downloads\Medical\Medical_Affiliation\Controllers\ContinuesAffiliation_FacultybasedController.cs(4049,18): warning CS8604: Possible null reference argument for parameter 'source' in 'bool Enumerable.Any<AdministrativeExperienceRow>(IEnumerable<AdministrativeExperienceRow> source)'. [C:\Users\HP\Downloads\Medical\Medical_Affiliation\Medical_Affiliation.csproj]
C:\Users\HP\Downloads\Medical\Medical_Affiliation\Controllers\LICInspectionController.cs(1100,43): warning CS8602: Dereference of a possibly null reference. [C:\Users\HP\Downloads\Medical\Medical_Affiliation\Medical_Affiliation.csproj]
C:\Users\HP\Downloads\Medical\Medical_Affiliation\Controllers\LICInspectionController.cs(1211,33): warning CS8602: Dereference of a possibly null reference. [C:\Users\HP\Downloads\Medical\Medical_Affiliation\Medical_Affiliation.csproj]
C:\Users\HP\Downloads\Medical\Medical_Affiliation\Controllers\LICInspectionController.cs(1228,43): warning CS8602: Dereference of a possibly null reference. [C:\Users\HP\Downloads\Medical\Medical_Affiliation\Medical_Affiliation.csproj]
C:\Users\HP\Downloads\Medical\Medical_Affiliation\Controllers\ContinuesAffiliation_FacultybasedController.cs(4191,37): warning CS8602: Dereference of a possibly null reference. [C:\Users\HP\Downloads\Medical\Medical_Affiliation\Medical_Affiliation.csproj]
C:\Users\HP\Downloads\Medical\Medical_Affiliation\Controllers\ContinuesAffiliation_FacultybasedController.cs(4206,38): warning CS8602: Dereference of a possibly null reference. [C:\Users\HP\Downloads\Medical\Medical_Affiliation\Medical_Affiliation.csproj]
C:\Users\HP\Downloads\Medical\Medical_Affiliation\Controllers\ContinuesAffiliation_FacultybasedController.cs(4233,37): warning CS8602: Dereference of a possibly null reference. [C:\Users\HP\Downloads\Medical\Medical_Affiliation\Medical_Affiliation.csproj]
C:\Users\HP\Downloads\Medical\Medical_Affiliation\Controllers\ContinuesAffiliation_FacultybasedController.cs(4237,38): warning CS8602: Dereference of a possibly null reference. [C:\Users\HP\Downloads\Medical\Medical_Affiliation\Medical_Affiliation.csproj]
C:\Users\HP\Downloads\Medical\Medical_Affiliation\Controllers\ContinuesAffiliation_FacultybasedController.cs(4326,30): warning CS0168: The variable 'ex' is declared but never used [C:\Users\HP\Downloads\Medical\Medical_Affiliation\Medical_Affiliation.csproj]
C:\Users\HP\Downloads\Medical\Medical_Affiliation\Controllers\ContinuesAffiliation_FacultybasedController.cs(4339,33): warning CS8602: Dereference of a possibly null reference. [C:\Users\HP\Downloads\Medical\Medical_Affiliation\Medical_Affiliation.csproj]
C:\Users\HP\Downloads\Medical\Medical_Affiliation\Controllers\LICInspectionController.cs(1420,43): warning CS8602: Dereference of a possibly null reference. [C:\Users\HP\Downloads\Medical\Medical_Affiliation\Medical_Affiliation.csproj]
C:\Users\HP\Downloads\Medical\Medical_Affiliation\Controllers\ContinuesAffiliation_FacultybasedController.cs(4370,31): warning CS8601: Possible null reference assignment. [C:\Users\HP\Downloads\Medical\Medical_Affiliation\Medical_Affiliation.csproj]
C:\Users\HP\Downloads\Medical\Medical_Affiliation\Controllers\ContinuesAffiliation_FacultybasedController.cs(4389,53): warning CS8602: Dereference of a possibly null reference. [C:\Users\HP\Downloads\Medical\Medical_Affiliation\Medical_Affiliation.csproj]
C:\Users\HP\Downloads\Medical\Medical_Affiliation\Controllers\ContinuesAffiliation_FacultybasedController.cs(4389,77): warning CS8602: Dereference of a possibly null reference. [C:\Users\HP\Downloads\Medical\Medical_Affiliation\Medical_Affiliation.csproj]
C:\Users\HP\Downloads\Medical\Medical_Affiliation\Controllers\ContinuesAffiliation_FacultybasedController.cs(4430,41): warning CS8601: Possible null reference assignment. [C:\Users\HP\Downloads\Medical\Medical_Affiliation\Medical_Affiliation.csproj]
C:\Users\HP\Downloads\Medical\Medical_Affiliation\Controllers\ContinuesAffiliation_FacultybasedController.cs(4431,40): warning CS8601: Possible null reference assignment. [C:\Users\HP\Downloads\Medical\Medical_Affiliation\Medical_Affiliation.csproj]
C:\Users\HP\Downloads\Medical\Medical_Affiliation\Controllers\ContinuesAffiliation_FacultybasedController.cs(4433,37): warning CS8601: Possible null reference assignment. [C:\Users\HP\Downloads\Medical\Medical_Affiliation\Medical_Affiliation.csproj]
C:\Users\HP\Downloads\Medical\Medical_Affiliation\Controllers\ContinuesAffiliation_FacultybasedController.cs(4434,45): warning CS8601: Possible null reference assignment. [C:\Users\HP\Downloads\Medical\Medical_Affiliation\Medical_Affiliation.csproj]
C:\Users\HP\Downloads\Medical\Medical_Affiliation\Controllers\ContinuesAffiliation_FacultybasedController.cs(4437,42): warning CS8629: Nullable value type may be null. [C:\Users\HP\Downloads\Medical\Medical_Affiliation\Medical_Affiliation.csproj]
C:\Users\HP\Downloads\Medical\Medical_Affiliation\Controllers\ContinuesAffiliation_FacultybasedController.cs(4441,42): warning CS8629: Nullable value type may be null. [C:\Users\HP\Downloads\Medical\Medical_Affiliation\Medical_Affiliation.csproj]
C:\Users\HP\Downloads\Medical\Medical_Affiliation\Controllers\ContinuesAffiliation_FacultybasedController.cs(4452,21): warning CS8602: Dereference of a possibly null reference. [C:\Users\HP\Downloads\Medical\Medical_Affiliation\Medical_Affiliation.csproj]
C:\Users\HP\Downloads\Medical\Medical_Affiliation\Controllers\ContinuesAffiliation_FacultybasedController.cs(4478,21): warning CS8602: Dereference of a possibly null reference. [C:\Users\HP\Downloads\Medical\Medical_Affiliation\Medical_Affiliation.csproj]
C:\Users\HP\Downloads\Medical\Medical_Affiliation\Controllers\ContinuesAffiliation_FacultybasedController.cs(4480,36): warning CS8601: Possible null reference assignment. [C:\Users\HP\Downloads\Medical\Medical_Affiliation\Medical_Affiliation.csproj]
C:\Users\HP\Downloads\Medical\Medical_Affiliation\Controllers\ContinuesAffiliation_FacultybasedController.cs(4501,18): warning CS8604: Possible null reference argument for parameter 'source' in 'bool Enumerable.Any<TeachingExperienceRow>(IEnumerable<TeachingExperienceRow> source)'. [C:\Users\HP\Downloads\Medical\Medical_Affiliation\Medical_Affiliation.csproj]
C:\Users\HP\Downloads\Medical\Medical_Affiliation\Controllers\ContinuesAffiliation_FacultybasedController.cs(4507,18): warning CS8604: Possible null reference argument for parameter 'source' in 'bool Enumerable.Any<AdministrativeExperienceRow>(IEnumerable<AdministrativeExperienceRow> source)'. [C:\Users\HP\Downloads\Medical\Medical_Affiliation\Medical_Affiliation.csproj]
C:\Users\HP\Downloads\Medical\Medical_Affiliation\Controllers\LICInspectionController.cs(1461,33): warning CS8602: Dereference of a possibly null reference. [C:\Users\HP\Downloads\Medical\Medical_Affiliation\Medical_Affiliation.csproj]
C:\Users\HP\Downloads\Medical\Medical_Affiliation\Controllers\LICInspectionController.cs(1462,34): warning CS8602: Dereference of a possibly null reference. [C:\Users\HP\Downloads\Medical\Medical_Affiliation\Medical_Affiliation.csproj]
C:\Users\HP\Downloads\Medical\Medical_Affiliation\Controllers\LICInspectionController.cs(1485,60): warning CS8604: Possible null reference argument for parameter 'item' in 'bool List<string>.Contains(string item)'. [C:\Users\HP\Downloads\Medical\Medical_Affiliation\Medical_Affiliation.csproj]
C:\Users\HP\Downloads\Medical\Medical_Affiliation\Controllers\LICInspectionController.cs(1572,30): warning CS8602: Dereference of a possibly null reference. [C:\Users\HP\Downloads\Medical\Medical_Affiliation\Medical_Affiliation.csproj]
C:\Users\HP\Downloads\Medical\Medical_Affiliation\Controllers\LICInspectionController.cs(1581,57): warning CS8604: Possible null reference argument for parameter 'item' in 'bool List<string>.Contains(string item)'. [C:\Users\HP\Downloads\Medical\Medical_Affiliation\Medical_Affiliation.csproj]
C:\Users\HP\Downloads\Medical\Medical_Affiliation\Controllers\ContinuesAffiliation_FacultybasedController.cs(4627,37): warning CS8602: Dereference of a possibly null reference. [C:\Users\HP\Downloads\Medical\Medical_Affiliation\Medical_Affiliation.csproj]
C:\Users\HP\Downloads\Medical\Medical_Affiliation\Controllers\ContinuesAffiliation_FacultybasedController.cs(4642,38): warning CS8602: Dereference of a possibly null reference. [C:\Users\HP\Downloads\Medical\Medical_Affiliation\Medical_Affiliation.csproj]
C:\Users\HP\Downloads\Medical\Medical_Affiliation\Controllers\ContinuesAffiliation_FacultybasedController.cs(4841,35): warning CS8601: Possible null reference assignment. [C:\Users\HP\Downloads\Medical\Medical_Affiliation\Medical_Affiliation.csproj]
C:\Users\HP\Downloads\Medical\Medical_Affiliation\Controllers\ContinuesAffiliation_FacultybasedController.cs(4950,33): warning CS8601: Possible null reference assignment. [C:\Users\HP\Downloads\Medical\Medical_Affiliation\Medical_Affiliation.csproj]
C:\Users\HP\Downloads\Medical\Medical_Affiliation\Controllers\ContinuesAffiliation_FacultybasedController.cs(4951,33): warning CS8601: Possible null reference assignment. [C:\Users\HP\Downloads\Medical\Medical_Affiliation\Medical_Affiliation.csproj]
C:\Users\HP\Downloads\Medical\Medical_Affiliation\Controllers\ContinuesAffiliation_FacultybasedController.cs(4976,36): warning CS8601: Possible null reference assignment. [C:\Users\HP\Downloads\Medical\Medical_Affiliation\Medical_Affiliation.csproj]
C:\Users\HP\Downloads\Medical\Medical_Affiliation\Controllers\ContinuesAffiliation_FacultybasedController.cs(5000,33): warning CS8601: Possible null reference assignment. [C:\Users\HP\Downloads\Medical\Medical_Affiliation\Medical_Affiliation.csproj]
C:\Users\HP\Downloads\Medical\Medical_Affiliation\Controllers\ContinuesAffiliation_FacultybasedController.cs(5001,33): warning CS8601: Possible null reference assignment. [C:\Users\HP\Downloads\Medical\Medical_Affiliation\Medical_Affiliation.csproj]
C:\Users\HP\Downloads\Medical\Medical_Affiliation\Controllers\ContinuesAffiliation_FacultybasedController.cs(5037,35): warning CS8601: Possible null reference assignment. [C:\Users\HP\Downloads\Medical\Medical_Affiliation\Medical_Affiliation.csproj]
C:\Users\HP\Downloads\Medical\Medical_Affiliation\Controllers\ContinuesAffiliation_FacultybasedController.cs(5038,35): warning CS8601: Possible null reference assignment. [C:\Users\HP\Downloads\Medical\Medical_Affiliation\Medical_Affiliation.csproj]
C:\Users\HP\Downloads\Medical\Medical_Affiliation\Controllers\ContinuesAffiliation_FacultybasedController.cs(5042,34): warning CS8629: Nullable value type may be null. [C:\Users\HP\Downloads\Medical\Medical_Affiliation\Medical_Affiliation.csproj]
C:\Users\HP\Downloads\Medical\Medical_Affiliation\Controllers\LICInspectionController.cs(1851,30): warning CS8602: Dereference of a possibly null reference. [C:\Users\HP\Downloads\Medical\Medical_Affiliation\Medical_Affiliation.csproj]
C:\Users\HP\Downloads\Medical\Medical_Affiliation\Controllers\LICInspectionController.cs(1861,34): warning CS8714: The type 'string?' cannot be used as type parameter 'TKey' in the generic type or method 'Enumerable.ToDictionary<TSource, TKey, TElement>(IEnumerable<TSource>, Func<TSource, TKey>, Func<TSource, TElement>)'. Nullability of type argument 'string?' doesn't match 'notnull' constraint. [C:\Users\HP\Downloads\Medical\Medical_Affiliation\Medical_Affiliation.csproj]
C:\Users\HP\Downloads\Medical\Medical_Affiliation\Controllers\LICInspectionController.cs(1864,21): warning CS8621: Nullability of reference types in return type of 'lambda expression' doesn't match the target delegate 'Func<IGrouping<string?, LicclaimDetail>, string?>' (possibly because of nullability attributes). [C:\Users\HP\Downloads\Medical\Medical_Affiliation\Medical_Affiliation.csproj]
C:\Users\HP\Downloads\Medical\Medical_Affiliation\Controllers\LICInspectionController.cs(1871,31): warning CS8602: Dereference of a possibly null reference. [C:\Users\HP\Downloads\Medical\Medical_Affiliation\Medical_Affiliation.csproj]
C:\Users\HP\Downloads\Medical\Medical_Affiliation\Controllers\LICInspectionController.cs(1879,51): warning CS8604: Possible null reference argument for parameter 'item' in 'bool List<string>.Contains(string item)'. [C:\Users\HP\Downloads\Medical\Medical_Affiliation\Medical_Affiliation.csproj]
C:\Users\HP\Downloads\Medical\Medical_Affiliation\Controllers\LICInspectionController.cs(1896,35): warning CS8601: Possible null reference assignment. [C:\Users\HP\Downloads\Medical\Medical_Affiliation\Medical_Affiliation.csproj]
C:\Users\HP\Downloads\Medical\Medical_Affiliation\Controllers\LICInspectionController.cs(1897,35): warning CS8601: Possible null reference assignment. [C:\Users\HP\Downloads\Medical\Medical_Affiliation\Medical_Affiliation.csproj]
C:\Users\HP\Downloads\Medical\Medical_Affiliation\Controllers\LICInspectionController.cs(1898,36): warning CS8601: Possible null reference assignment. [C:\Users\HP\Downloads\Medical\Medical_Affiliation\Medical_Affiliation.csproj]
C:\Users\HP\Downloads\Medical\Medical_Affiliation\Controllers\LICInspectionController.cs(1900,35): warning CS8601: Possible null reference assignment. [C:\Users\HP\Downloads\Medical\Medical_Affiliation\Medical_Affiliation.csproj]
C:\Users\HP\Downloads\Medical\Medical_Affiliation\Controllers\LICInspectionController.cs(1901,39): warning CS8601: Possible null reference assignment. [C:\Users\HP\Downloads\Medical\Medical_Affiliation\Medical_Affiliation.csproj]
C:\Users\HP\Downloads\Medical\Medical_Affiliation\Controllers\LICInspectionController.cs(1911,36): warning CS8601: Possible null reference assignment. [C:\Users\HP\Downloads\Medical\Medical_Affiliation\Medical_Affiliation.csproj]
C:\Users\HP\Downloads\Medical\Medical_Affiliation\Controllers\LICInspectionController.cs(1912,39): warning CS8601: Possible null reference assignment. [C:\Users\HP\Downloads\Medical\Medical_Affiliation\Medical_Affiliation.csproj]
C:\Users\HP\Downloads\Medical\Medical_Affiliation\Controllers\LICInspectionController.cs(1925,36): warning CS8601: Possible null reference assignment. [C:\Users\HP\Downloads\Medical\Medical_Affiliation\Medical_Affiliation.csproj]
C:\Users\HP\Downloads\Medical\Medical_Affiliation\Controllers\LICInspectionController.cs(1926,39): warning CS8601: Possible null reference assignment. [C:\Users\HP\Downloads\Medical\Medical_Affiliation\Medical_Affiliation.csproj]
C:\Users\HP\Downloads\Medical\Medical_Affiliation\Controllers\LICInspectionController.cs(1945,42): warning CS8601: Possible null reference assignment. [C:\Users\HP\Downloads\Medical\Medical_Affiliation\Medical_Affiliation.csproj]
C:\Users\HP\Downloads\Medical\Medical_Affiliation\Controllers\LICInspectionController.cs(1946,35): warning CS8601: Possible null reference assignment. [C:\Users\HP\Downloads\Medical\Medical_Affiliation\Medical_Affiliation.csproj]
C:\Users\HP\Downloads\Medical\Medical_Affiliation\Controllers\LICInspectionController.cs(1947,34): warning CS8629: Nullable value type may be null. [C:\Users\HP\Downloads\Medical\Medical_Affiliation\Medical_Affiliation.csproj]
C:\Users\HP\Downloads\Medical\Medical_Affiliation\Controllers\LICInspectionController.cs(1948,42): warning CS8601: Possible null reference assignment. [C:\Users\HP\Downloads\Medical\Medical_Affiliation\Medical_Affiliation.csproj]
C:\Users\HP\Downloads\Medical\Medical_Affiliation\Controllers\LICInspectionController.cs(1950,34): warning CS8602: Dereference of a possibly null reference. [C:\Users\HP\Downloads\Medical\Medical_Affiliation\Medical_Affiliation.csproj]
C:\Users\HP\Downloads\Medical\Medical_Affiliation\Controllers\ContinuesAffiliation_FacultybasedController.cs(5063,34): warning CS8600: Converting null literal or possible null value to non-nullable type. [C:\Users\HP\Downloads\Medical\Medical_Affiliation\Medical_Affiliation.csproj]
C:\Users\HP\Downloads\Medical\Medical_Affiliation\Controllers\ContinuesAffiliation_FacultybasedController.cs(5064,34): warning CS8600: Converting null literal or possible null value to non-nullable type. [C:\Users\HP\Downloads\Medical\Medical_Affiliation\Medical_Affiliation.csproj]
C:\Users\HP\Downloads\Medical\Medical_Affiliation\Controllers\ContinuesAffiliation_FacultybasedController.cs(5149,48): warning CS8601: Possible null reference assignment. [C:\Users\HP\Downloads\Medical\Medical_Affiliation\Medical_Affiliation.csproj]
C:\Users\HP\Downloads\Medical\Medical_Affiliation\Controllers\ContinuesAffiliation_FacultybasedController.cs(5151,49): warning CS8601: Possible null reference assignment. [C:\Users\HP\Downloads\Medical\Medical_Affiliation\Medical_Affiliation.csproj]
C:\Users\HP\Downloads\Medical\Medical_Affiliation\Controllers\ContinuesAffiliation_FacultybasedController.cs(5157,50): warning CS8601: Possible null reference assignment. [C:\Users\HP\Downloads\Medical\Medical_Affiliation\Medical_Affiliation.csproj]
C:\Users\HP\Downloads\Medical\Medical_Affiliation\Controllers\ContinuesAffiliation_FacultybasedController.cs(5158,47): warning CS8601: Possible null reference assignment. [C:\Users\HP\Downloads\Medical\Medical_Affiliation\Medical_Affiliation.csproj]
C:\Users\HP\Downloads\Medical\Medical_Affiliation\Controllers\ContinuesAffiliation_FacultybasedController.cs(5177,37): warning CS8601: Possible null reference assignment. [C:\Users\HP\Downloads\Medical\Medical_Affiliation\Medical_Affiliation.csproj]
C:\Users\HP\Downloads\Medical\Medical_Affiliation\Controllers\ContinuesAffiliation_FacultybasedController.cs(5178,35): warning CS8601: Possible null reference assignment. [C:\Users\HP\Downloads\Medical\Medical_Affiliation\Medical_Affiliation.csproj]
C:\Users\HP\Downloads\Medical\Medical_Affiliation\Controllers\ContinuesAffiliation_FacultybasedController.cs(5179,31): warning CS8601: Possible null reference assignment. [C:\Users\HP\Downloads\Medical\Medical_Affiliation\Medical_Affiliation.csproj]
C:\Users\HP\Downloads\Medical\Medical_Affiliation\Controllers\ContinuesAffiliation_FacultybasedController.cs(5180,27): warning CS8601: Possible null reference assignment. [C:\Users\HP\Downloads\Medical\Medical_Affiliation\Medical_Affiliation.csproj]
C:\Users\HP\Downloads\Medical\Medical_Affiliation\Controllers\LICInspectionController.cs(1965,35): warning CS8601: Possible null reference assignment. [C:\Users\HP\Downloads\Medical\Medical_Affiliation\Medical_Affiliation.csproj]
C:\Users\HP\Downloads\Medical\Medical_Affiliation\Controllers\LICInspectionController.cs(1966,35): warning CS8601: Possible null reference assignment. [C:\Users\HP\Downloads\Medical\Medical_Affiliation\Medical_Affiliation.csproj]
C:\Users\HP\Downloads\Medical\Medical_Affiliation\Controllers\LICInspectionController.cs(1967,39): warning CS8601: Possible null reference assignment. [C:\Users\HP\Downloads\Medical\Medical_Affiliation\Medical_Affiliation.csproj]
C:\Users\HP\Downloads\Medical\Medical_Affiliation\Controllers\LICInspectionController.cs(1968,33): warning CS8601: Possible null reference assignment. [C:\Users\HP\Downloads\Medical\Medical_Affiliation\Medical_Affiliation.csproj]
C:\Users\HP\Downloads\Medical\Medical_Affiliation\Controllers\LICInspectionController.cs(1969,31): warning CS8601: Possible null reference assignment. [C:\Users\HP\Downloads\Medical\Medical_Affiliation\Medical_Affiliation.csproj]
C:\Users\HP\Downloads\Medical\Medical_Affiliation\Controllers\LICInspectionController.cs(1970,34): warning CS8601: Possible null reference assignment. [C:\Users\HP\Downloads\Medical\Medical_Affiliation\Medical_Affiliation.csproj]
C:\Users\HP\Downloads\Medical\Medical_Affiliation\Controllers\LICInspectionController.cs(1971,39): warning CS8601: Possible null reference assignment. [C:\Users\HP\Downloads\Medical\Medical_Affiliation\Medical_Affiliation.csproj]
C:\Users\HP\Downloads\Medical\Medical_Affiliation\Controllers\LICInspectionController.cs(1972,37): warning CS8601: Possible null reference assignment. [C:\Users\HP\Downloads\Medical\Medical_Affiliation\Medical_Affiliation.csproj]
C:\Users\HP\Downloads\Medical\Medical_Affiliation\Controllers\LICInspectionController.cs(1973,40): warning CS8601: Possible null reference assignment. [C:\Users\HP\Downloads\Medical\Medical_Affiliation\Medical_Affiliation.csproj]
C:\Users\HP\Downloads\Medical\Medical_Affiliation\Controllers\ContinuesAffiliation_FacultybasedController.cs(5248,34): warning CS8600: Converting null literal or possible null value to non-nullable type. [C:\Users\HP\Downloads\Medical\Medical_Affiliation\Medical_Affiliation.csproj]
C:\Users\HP\Downloads\Medical\Medical_Affiliation\Controllers\ContinuesAffiliation_FacultybasedController.cs(5249,34): warning CS8600: Converting null literal or possible null value to non-nullable type. [C:\Users\HP\Downloads\Medical\Medical_Affiliation\Medical_Affiliation.csproj]
C:\Users\HP\Downloads\Medical\Medical_Affiliation\Controllers\ContinuesAffiliation_FacultybasedController.cs(5330,44): warning CS8600: Converting null literal or possible null value to non-nullable type. [C:\Users\HP\Downloads\Medical\Medical_Affiliation\Medical_Affiliation.csproj]
C:\Users\HP\Downloads\Medical\Medical_Affiliation\Controllers\ContinuesAffiliation_FacultybasedController.cs(5331,42): warning CS8600: Converting null literal or possible null value to non-nullable type. [C:\Users\HP\Downloads\Medical\Medical_Affiliation\Medical_Affiliation.csproj]
C:\Users\HP\Downloads\Medical\Medical_Affiliation\Controllers\ContinuesAffiliation_FacultybasedController.cs(5332,44): warning CS8600: Converting null literal or possible null value to non-nullable type. [C:\Users\HP\Downloads\Medical\Medical_Affiliation\Medical_Affiliation.csproj]
C:\Users\HP\Downloads\Medical\Medical_Affiliation\Controllers\ContinuesAffiliation_FacultybasedController.cs(5335,104): warning CS8604: Possible null reference argument for parameter 'facultyCode' in 'Task<string?> ContinuesAffiliation_FacultybasedController.SaveFacultyFileAsync(IFormFile? file, string folder, string facultyCode)'. [C:\Users\HP\Downloads\Medical\Medical_Affiliation\Medical_Affiliation.csproj]
C:\Users\HP\Downloads\Medical\Medical_Affiliation\Controllers\ContinuesAffiliation_FacultybasedController.cs(5335,41): warning CS8600: Converting null literal or possible null value to non-nullable type. [C:\Users\HP\Downloads\Medical\Medical_Affiliation\Medical_Affiliation.csproj]
C:\Users\HP\Downloads\Medical\Medical_Affiliation\Controllers\ContinuesAffiliation_FacultybasedController.cs(5338,98): warning CS8604: Possible null reference argument for parameter 'facultyCode' in 'Task<string?> ContinuesAffiliation_FacultybasedController.SaveFacultyFileAsync(IFormFile? file, string folder, string facultyCode)'. [C:\Users\HP\Downloads\Medical\Medical_Affiliation\Medical_Affiliation.csproj]
C:\Users\HP\Downloads\Medical\Medical_Affiliation\Controllers\ContinuesAffiliation_FacultybasedController.cs(5338,39): warning CS8600: Converting null literal or possible null value to non-nullable type. [C:\Users\HP\Downloads\Medical\Medical_Affiliation\Medical_Affiliation.csproj]
C:\Users\HP\Downloads\Medical\Medical_Affiliation\Controllers\ContinuesAffiliation_FacultybasedController.cs(5341,103): warning CS8604: Possible null reference argument for parameter 'facultyCode' in 'Task<string?> ContinuesAffiliation_FacultybasedController.SaveFacultyFileAsync(IFormFile? file, string folder, string facultyCode)'. [C:\Users\HP\Downloads\Medical\Medical_Affiliation\Medical_Affiliation.csproj]
C:\Users\HP\Downloads\Medical\Medical_Affiliation\Controllers\ContinuesAffiliation_FacultybasedController.cs(5341,41): warning CS8600: Converting null literal or possible null value to non-nullable type. [C:\Users\HP\Downloads\Medical\Medical_Affiliation\Medical_Affiliation.csproj]
C:\Users\HP\Downloads\Medical\Medical_Affiliation\Controllers\LICInspectionController.cs(2040,31): warning CS8602: Dereference of a possibly null reference. [C:\Users\HP\Downloads\Medical\Medical_Affiliation\Medical_Affiliation.csproj]
C:\Users\HP\Downloads\Medical\Medical_Affiliation\Controllers\LICInspectionController.cs(2084,52): warning CS8604: Possible null reference argument for parameter 'key' in 'bool Dictionary<string, DateOnly?>.TryGetValue(string key, out DateOnly? value)'. [C:\Users\HP\Downloads\Medical\Medical_Affiliation\Medical_Affiliation.csproj]
C:\Users\HP\Downloads\Medical\Medical_Affiliation\Controllers\ContinuesAffiliation_FacultybasedController.cs(5484,31): warning CS8600: Converting null literal or possible null value to non-nullable type. [C:\Users\HP\Downloads\Medical\Medical_Affiliation\Medical_Affiliation.csproj]
C:\Users\HP\Downloads\Medical\Medical_Affiliation\Controllers\ContinuesAffiliation_FacultybasedController.cs(5489,32): warning CS8600: Converting null literal or possible null value to non-nullable type. [C:\Users\HP\Downloads\Medical\Medical_Affiliation\Medical_Affiliation.csproj]
C:\Users\HP\Downloads\Medical\Medical_Affiliation\Controllers\ContinuesAffiliation_FacultybasedController.cs(5493,32): warning CS8600: Converting null literal or possible null value to non-nullable type. [C:\Users\HP\Downloads\Medical\Medical_Affiliation\Medical_Affiliation.csproj]
C:\Users\HP\Downloads\Medical\Medical_Affiliation\Controllers\ContinuesAffiliation_FacultybasedController.cs(5497,32): warning CS8600: Converting null literal or possible null value to non-nullable type. [C:\Users\HP\Downloads\Medical\Medical_Affiliation\Medical_Affiliation.csproj]
C:\Users\HP\Downloads\Medical\Medical_Affiliation\Controllers\ContinuesAffiliation_FacultybasedController.cs(5510,59): warning CS8600: Converting null literal or possible null value to non-nullable type. [C:\Users\HP\Downloads\Medical\Medical_Affiliation\Medical_Affiliation.csproj]
C:\Users\HP\Downloads\Medical\Medical_Affiliation\Controllers\ContinuesAffiliation_FacultybasedController.cs(5620,33): warning CS8602: Dereference of a possibly null reference. [C:\Users\HP\Downloads\Medical\Medical_Affiliation\Medical_Affiliation.csproj]
C:\Users\HP\Downloads\Medical\Medical_Affiliation\Controllers\LICInspectionController.cs(2173,30): warning CS8602: Dereference of a possibly null reference. [C:\Users\HP\Downloads\Medical\Medical_Affiliation\Medical_Affiliation.csproj]
C:\Users\HP\Downloads\Medical\Medical_Affiliation\Controllers\LICInspectionController.cs(2182,34): warning CS8714: The type 'string?' cannot be used as type parameter 'TKey' in the generic type or method 'Enumerable.ToDictionary<TSource, TKey, TElement>(IEnumerable<TSource>, Func<TSource, TKey>, Func<TSource, TElement>)'. Nullability of type argument 'string?' doesn't match 'notnull' constraint. [C:\Users\HP\Downloads\Medical\Medical_Affiliation\Medical_Affiliation.csproj]
C:\Users\HP\Downloads\Medical\Medical_Affiliation\Controllers\LICInspectionController.cs(2184,31): warning CS8621: Nullability of reference types in return type of 'lambda expression' doesn't match the target delegate 'Func<IGrouping<string?, LicclaimDetail>, string?>' (possibly because of nullability attributes). [C:\Users\HP\Downloads\Medical\Medical_Affiliation\Medical_Affiliation.csproj]
C:\Users\HP\Downloads\Medical\Medical_Affiliation\Controllers\LICInspectionController.cs(2188,31): warning CS8602: Dereference of a possibly null reference. [C:\Users\HP\Downloads\Medical\Medical_Affiliation\Medical_Affiliation.csproj]
C:\Users\HP\Downloads\Medical\Medical_Affiliation\Controllers\LICInspectionController.cs(2198,43): warning CS8604: Possible null reference argument for parameter 'item' in 'bool List<string>.Contains(string item)'. [C:\Users\HP\Downloads\Medical\Medical_Affiliation\Medical_Affiliation.csproj]
C:\Users\HP\Downloads\Medical\Medical_Affiliation\Controllers\LICInspectionController.cs(2203,30): warning CS8629: Nullable value type may be null. [C:\Users\HP\Downloads\Medical\Medical_Affiliation\Medical_Affiliation.csproj]
C:\Users\HP\Downloads\Medical\Medical_Affiliation\Controllers\LICInspectionController.cs(2206,34): warning CS8601: Possible null reference assignment. [C:\Users\HP\Downloads\Medical\Medical_Affiliation\Medical_Affiliation.csproj]
C:\Users\HP\Downloads\Medical\Medical_Affiliation\Controllers\LICInspectionController.cs(2212,35): warning CS8601: Possible null reference assignment. [C:\Users\HP\Downloads\Medical\Medical_Affiliation\Medical_Affiliation.csproj]
C:\Users\HP\Downloads\Medical\Medical_Affiliation\Controllers\LICInspectionController.cs(2213,35): warning CS8601: Possible null reference assignment. [C:\Users\HP\Downloads\Medical\Medical_Affiliation\Medical_Affiliation.csproj]
C:\Users\HP\Downloads\Medical\Medical_Affiliation\Controllers\LICInspectionController.cs(2214,36): warning CS8601: Possible null reference assignment. [C:\Users\HP\Downloads\Medical\Medical_Affiliation\Medical_Affiliation.csproj]
C:\Users\HP\Downloads\Medical\Medical_Affiliation\Controllers\LICInspectionController.cs(2215,35): warning CS8601: Possible null reference assignment. [C:\Users\HP\Downloads\Medical\Medical_Affiliation\Medical_Affiliation.csproj]
C:\Users\HP\Downloads\Medical\Medical_Affiliation\Controllers\LICInspectionController.cs(2216,39): warning CS8601: Possible null reference assignment. [C:\Users\HP\Downloads\Medical\Medical_Affiliation\Medical_Affiliation.csproj]
C:\Users\HP\Downloads\Medical\Medical_Affiliation\Controllers\LICInspectionController.cs(2224,36): warning CS8601: Possible null reference assignment. [C:\Users\HP\Downloads\Medical\Medical_Affiliation\Medical_Affiliation.csproj]
C:\Users\HP\Downloads\Medical\Medical_Affiliation\Controllers\LICInspectionController.cs(2225,39): warning CS8601: Possible null reference assignment. [C:\Users\HP\Downloads\Medical\Medical_Affiliation\Medical_Affiliation.csproj]
C:\Users\HP\Downloads\Medical\Medical_Affiliation\Controllers\LICInspectionController.cs(2237,36): warning CS8601: Possible null reference assignment. [C:\Users\HP\Downloads\Medical\Medical_Affiliation\Medical_Affiliation.csproj]
C:\Users\HP\Downloads\Medical\Medical_Affiliation\Controllers\LICInspectionController.cs(2238,39): warning CS8601: Possible null reference assignment. [C:\Users\HP\Downloads\Medical\Medical_Affiliation\Medical_Affiliation.csproj]
C:\Users\HP\Downloads\Medical\Medical_Affiliation\Controllers\LICInspectionController.cs(2253,42): warning CS8601: Possible null reference assignment. [C:\Users\HP\Downloads\Medical\Medical_Affiliation\Medical_Affiliation.csproj]
C:\Users\HP\Downloads\Medical\Medical_Affiliation\Controllers\LICInspectionController.cs(2254,42): warning CS8601: Possible null reference assignment. [C:\Users\HP\Downloads\Medical\Medical_Affiliation\Medical_Affiliation.csproj]
C:\Users\HP\Downloads\Medical\Medical_Affiliation\Controllers\LICInspectionController.cs(2255,35): warning CS8601: Possible null reference assignment. [C:\Users\HP\Downloads\Medical\Medical_Affiliation\Medical_Affiliation.csproj]
C:\Users\HP\Downloads\Medical\Medical_Affiliation\Controllers\LICInspectionController.cs(2257,34): warning CS8629: Nullable value type may be null. [C:\Users\HP\Downloads\Medical\Medical_Affiliation\Medical_Affiliation.csproj]
C:\Users\HP\Downloads\Medical\Medical_Affiliation\Controllers\LICInspectionController.cs(2258,54): warning CS8604: Possible null reference argument for parameter 'item' in 'bool HashSet<string>.Contains(string item)'. [C:\Users\HP\Downloads\Medical\Medical_Affiliation\Medical_Affiliation.csproj]
C:\Users\HP\Downloads\Medical\Medical_Affiliation\Controllers\LICInspectionController.cs(2433,55): warning CS8604: Possible null reference argument for parameter 'name' in 'Task<LICDashboardViewModel> LICInspectionController.BuildDashboardAsync(string phone, string name, string memberType, string searchTerm, string statusFilter, int pageNumber)'. [C:\Users\HP\Downloads\Medical\Medical_Affiliation\Medical_Affiliation.csproj]
C:\Users\HP\Downloads\Medical\Medical_Affiliation\Controllers\LICInspectionController.cs(2450,24): warning CS8604: Possible null reference argument for parameter 'name' in 'Task<LICDashboardViewModel> LICInspectionController.BuildDashboardAsync(string phone, string name, string memberType, string searchTerm, string statusFilter, int pageNumber)'. [C:\Users\HP\Downloads\Medical\Medical_Affiliation\Medical_Affiliation.csproj]
C:\Users\HP\Downloads\Medical\Medical_Affiliation\Controllers\LICInspectionController.cs(2450,30): warning CS8604: Possible null reference argument for parameter 'memberType' in 'Task<LICDashboardViewModel> LICInspectionController.BuildDashboardAsync(string phone, string name, string memberType, string searchTerm, string statusFilter, int pageNumber)'. [C:\Users\HP\Downloads\Medical\Medical_Affiliation\Medical_Affiliation.csproj]
C:\Users\HP\Downloads\Medical\Medical_Affiliation\Controllers\LICInspectionController.cs(2486,29): warning CS8602: Dereference of a possibly null reference. [C:\Users\HP\Downloads\Medical\Medical_Affiliation\Medical_Affiliation.csproj]
C:\Users\HP\Downloads\Medical\Medical_Affiliation\Controllers\CollegeBasicDetailsController.cs(17,45): warning CS0649: Field 'CollegeBasicDetailsController._userContext' is never assigned to, and will always have its default value null [C:\Users\HP\Downloads\Medical\Medical_Affiliation\Medical_Affiliation.csproj]
C:\Users\HP\Downloads\Medical\Medical_Affiliation\Controllers\LICInspectionController.cs(22,24): warning CS0169: The field 'LICInspectionController._webHostEnvironment' is never used [C:\Users\HP\Downloads\Medical\Medical_Affiliation\Medical_Affiliation.csproj]
C:\Users\HP\Downloads\Medical\Medical_Affiliation\Controllers\ContinuesAffiliation_FacultybasedController.cs(20,46): warning CS0169: The field 'ContinuesAffiliation_FacultybasedController._webHostEnvironment' is never used [C:\Users\HP\Downloads\Medical\Medical_Affiliation\Medical_Affiliation.csproj]
C:\Users\HP\Downloads\Medical\Medical_Affiliation\Controllers\ContinuousAffiliationController.cs(18,46): warning CS0169: The field 'ContinuousAffiliationController._webHostEnvironment' is never used [C:\Users\HP\Downloads\Medical\Medical_Affiliation\Medical_Affiliation.csproj]
C:\Users\HP\Downloads\Medical\Medical_Affiliation\Controllers\ContinuousAffiliationController.cs(17,39): warning CS0169: The field 'ContinuousAffiliationController.__userContext' is never used [C:\Users\HP\Downloads\Medical\Medical_Affiliation\Medical_Affiliation.csproj]
C:\Users\HP\Downloads\Medical\Medical_Affiliation\Controllers\CAPreviewController.cs(15,39): warning CS0169: The field 'CAPreviewController._userContext' is never used [C:\Users\HP\Downloads\Medical\Medical_Affiliation\Medical_Affiliation.csproj]
C:\Users\HP\Downloads\Medical\Medical_Affiliation\Controllers\ContinuousAffiliationController.cs(16,45): warning CS0169: The field 'ContinuousAffiliationController._userContext' is never used [C:\Users\HP\Downloads\Medical\Medical_Affiliation\Medical_Affiliation.csproj]
C:\Users\HP\Downloads\Medical\Medical_Affiliation\Controllers\ContinuesAffiliation_FacultybasedController.cs(19,39): warning CS0169: The field 'ContinuesAffiliation_FacultybasedController._userContext' is never used [C:\Users\HP\Downloads\Medical\Medical_Affiliation\Medical_Affiliation.csproj]
C:\Users\HP\Downloads\Medical\Medical_Affiliation\Controllers\SectionOfficerController.cs(22,60): warning CS0169: The field 'SectionOfficerController._logger' is never used [C:\Users\HP\Downloads\Medical\Medical_Affiliation\Medical_Affiliation.csproj]
C:\Users\HP\Downloads\Medical\Medical_Affiliation\Program.cs(83,5): warning CA1416: This call site is reachable on all platforms. 'ConnectionStringSecurity.Decrypt(string)' is only supported on: 'Windows' 7.0 and later. (https://learn.microsoft.com/dotnet/fundamentals/code-analysis/quality-rules/ca1416) [C:\Users\HP\Downloads\Medical\Medical_Affiliation\Medical_Affiliation.csproj]
C:\Users\HP\Downloads\Medical\Medical_Affiliation\Views\LIC_Director\CollegeClaimsDashboard.cshtml(1037,50): warning MVC1000: Use of IHtmlHelper.Partial may result in application deadlocks. Consider using <partial> Tag Helper or IHtmlHelper.PartialAsync. [C:\Users\HP\Downloads\Medical\Medical_Affiliation\Medical_Affiliation.csproj]
C:\Users\HP\Downloads\Medical\Medical_Affiliation\Views\LIC_Director\CollegeClaimsDashboard.cshtml(1040,50): warning MVC1000: Use of IHtmlHelper.Partial may result in application deadlocks. Consider using <partial> Tag Helper or IHtmlHelper.PartialAsync. [C:\Users\HP\Downloads\Medical\Medical_Affiliation\Medical_Affiliation.csproj]
C:\Users\HP\Downloads\Medical\Medical_Affiliation\Views\LIC_Director\CollegeClaimsDashboard.cshtml(1043,50): warning MVC1000: Use of IHtmlHelper.Partial may result in application deadlocks. Consider using <partial> Tag Helper or IHtmlHelper.PartialAsync. [C:\Users\HP\Downloads\Medical\Medical_Affiliation\Medical_Affiliation.csproj]
C:\Users\HP\Downloads\Medical\Medical_Affiliation\Views\LIC_Director\CollegeClaimsDashboard.cshtml(1181,46): warning MVC1000: Use of IHtmlHelper.Partial may result in application deadlocks. Consider using <partial> Tag Helper or IHtmlHelper.PartialAsync. [C:\Users\HP\Downloads\Medical\Medical_Affiliation\Medical_Affiliation.csproj]
C:\Users\HP\Downloads\Medical\Medical_Affiliation\Views\LIC_Director\CollegeClaimsDashboard.cshtml(1184,46): warning MVC1000: Use of IHtmlHelper.Partial may result in application deadlocks. Consider using <partial> Tag Helper or IHtmlHelper.PartialAsync. [C:\Users\HP\Downloads\Medical\Medical_Affiliation\Medical_Affiliation.csproj]
C:\Users\HP\Downloads\Medical\Medical_Affiliation\Views\LIC_Director\CollegeClaimsDashboard.cshtml(1187,46): warning MVC1000: Use of IHtmlHelper.Partial may result in application deadlocks. Consider using <partial> Tag Helper or IHtmlHelper.PartialAsync. [C:\Users\HP\Downloads\Medical\Medical_Affiliation\Medical_Affiliation.csproj]
C:\Users\HP\Downloads\Medical\Medical_Affiliation\Views\ClinicalFacilitiesForAffiliation\HospitalDetailsForAffiliation.cshtml(123,22): warning MVC1000: Use of IHtmlHelper.Partial may result in application deadlocks. Consider using <partial> Tag Helper or IHtmlHelper.PartialAsync. [C:\Users\HP\Downloads\Medical\Medical_Affiliation\Medical_Affiliation.csproj]
C:\Users\HP\Downloads\Medical\Medical_Affiliation\Controllers\ContinuousAffiliationIncreaseintakeController.cs(977,13): warning ASP0019: Use IHeaderDictionary.Append or the indexer to append or set headers. IDictionary.Add will throw an ArgumentException when attempting to add a duplicate key. (https://aka.ms/aspnet/analyzers) [C:\Users\HP\Downloads\Medical\Medical_Affiliation\Medical_Affiliation.csproj]

Build FAILED.

C:\Users\HP\Downloads\Medical\Medical_Affiliation\DATA\ApplicationDbContext.cs(522,10): warning CS1030: #warning: 'To protect potentially sensitive information in your connection string, you should move it out of source code. You can avoid scaffolding the connection string by using the Name= syntax to read it from configuration - see https://go.microsoft.com/fwlink/?linkid=2131148. For more guidance on storing connection strings, see https://go.microsoft.com/fwlink/?LinkId=723263.' [C:\Users\HP\Downloads\Medical\Medical_Affiliation\Medical_Affiliation.csproj]
C:\Users\HP\Downloads\Medical\Medical_Affiliation\Controllers\FacultyCollegesModel.cs(5,7): warning CS0105: The using directive for 'Medical_Affiliation.DATA' appeared previously in this namespace [C:\Users\HP\Downloads\Medical\Medical_Affiliation\Medical_Affiliation.csproj]
C:\Users\HP\Downloads\Medical\Medical_Affiliation\Controllers\Aff_CA_SS_CoursesAppliedSSController.cs(11,47): warning CS0108: 'Aff_CA_SS_CoursesAppliedSSController._context' hides inherited member 'BaseController._context'. Use the new keyword if hiding was intended. [C:\Users\HP\Downloads\Medical\Medical_Affiliation\Medical_Affiliation.csproj]
C:\Users\HP\Downloads\Medical\Medical_Affiliation\Controllers\AffiliationPaymentController.cs(12,46): warning CS0108: 'AffiliationPaymentController._context' hides inherited member 'BaseController._context'. Use the new keyword if hiding was intended. [C:\Users\HP\Downloads\Medical\Medical_Affiliation\Medical_Affiliation.csproj]
C:\Users\HP\Downloads\Medical\Medical_Affiliation\Controllers\AffiliationDeclarationController.cs(11,46): warning CS0108: 'AffiliationDeclarationController._context' hides inherited member 'BaseController._context'. Use the new keyword if hiding was intended. [C:\Users\HP\Downloads\Medical\Medical_Affiliation\Medical_Affiliation.csproj]
C:\Users\HP\Downloads\Medical\Medical_Affiliation\Controllers\AffiliationSSController.cs(13,47): warning CS0108: 'AffiliationSSController._context' hides inherited member 'BaseController._context'. Use the new keyword if hiding was intended. [C:\Users\HP\Downloads\Medical\Medical_Affiliation\Medical_Affiliation.csproj]
C:\Users\HP\Downloads\Medical\Medical_Affiliation\Controllers\AffiliationPgCourseController.cs(17,47): warning CS0108: 'AffiliationPgCourseController._context' hides inherited member 'BaseController._context'. Use the new keyword if hiding was intended. [C:\Users\HP\Downloads\Medical\Medical_Affiliation\Medical_Affiliation.csproj]
C:\Users\HP\Downloads\Medical\Medical_Affiliation\Controllers\Aff_AHS_ContinousApplicationController.cs(18,47): warning CS0108: 'Aff_AHS_ContinousApplicationController._context' hides inherited member 'BaseController._context'. Use the new keyword if hiding was intended. [C:\Users\HP\Downloads\Medical\Medical_Affiliation\Medical_Affiliation.csproj]
C:\Users\HP\Downloads\Medical\Medical_Affiliation\Controllers\CA_Aff_AcademicMattersController.cs(17,47): warning CS0108: 'CA_Aff_AcademicMattersController._context' hides inherited member 'BaseController._context'. Use the new keyword if hiding was intended. [C:\Users\HP\Downloads\Medical\Medical_Affiliation\Medical_Affiliation.csproj]
C:\Users\HP\Downloads\Medical\Medical_Affiliation\Controllers\CA_Aff_AcademicMattersController.cs(217,81): warning CS8625: Cannot convert null literal to non-nullable reference type. [C:\Users\HP\Downloads\Medical\Medical_Affiliation\Medical_Affiliation.csproj]
C:\Users\HP\Downloads\Medical\Medical_Affiliation\Controllers\CA_Aff_MedicalLibraryController.cs(14,47): warning CS0108: 'CA_Aff_MedicalLibraryController._context' hides inherited member 'BaseController._context'. Use the new keyword if hiding was intended. [C:\Users\HP\Downloads\Medical\Medical_Affiliation\Medical_Affiliation.csproj]
C:\Users\HP\Downloads\Medical\Medical_Affiliation\Controllers\CA_Med_StaffDetailsController.cs(10,47): warning CS0108: 'CA_Med_StaffDetailsController._context' hides inherited member 'BaseController._context'. Use the new keyword if hiding was intended. [C:\Users\HP\Downloads\Medical\Medical_Affiliation\Medical_Affiliation.csproj]
C:\Users\HP\Downloads\Medical\Medical_Affiliation\Controllers\Aff_CA_MedicalLibraryController.cs(15,47): warning CS0108: 'Aff_CA_MedicalLibraryController._context' hides inherited member 'BaseController._context'. Use the new keyword if hiding was intended. [C:\Users\HP\Downloads\Medical\Medical_Affiliation\Medical_Affiliation.csproj]
C:\Users\HP\Downloads\Medical\Medical_Affiliation\Controllers\ClinicalFacilitiesForAffiliationController.cs(11,47): warning CS0108: 'ClinicalFacilitiesForAffiliationController._context' hides inherited member 'BaseController._context'. Use the new keyword if hiding was intended. [C:\Users\HP\Downloads\Medical\Medical_Affiliation\Medical_Affiliation.csproj]
C:\Users\HP\Downloads\Medical\Medical_Affiliation\Controllers\CA_Med_ResearchPublicationsController.cs(12,47): warning CS0108: 'CA_Med_ResearchPublicationsController._context' hides inherited member 'BaseController._context'. Use the new keyword if hiding was intended. [C:\Users\HP\Downloads\Medical\Medical_Affiliation\Medical_Affiliation.csproj]
C:\Users\HP\Downloads\Medical\Medical_Affiliation\Controllers\Aff_CA_Med_FinanceDetailsController.cs(12,47): warning CS0108: 'Aff_CA_Med_FinanceDetailsController._context' hides inherited member 'BaseController._context'. Use the new keyword if hiding was intended. [C:\Users\HP\Downloads\Medical\Medical_Affiliation\Medical_Affiliation.csproj]
C:\Users\HP\Downloads\Medical\Medical_Affiliation\Controllers\FacultyDetailsController.cs(13,47): warning CS0108: 'FacultyDetailsController._context' hides inherited member 'BaseController._context'. Use the new keyword if hiding was intended. [C:\Users\HP\Downloads\Medical\Medical_Affiliation\Medical_Affiliation.csproj]
C:\Users\HP\Downloads\Medical\Medical_Affiliation\Controllers\DentalController.cs(17,47): warning CS0108: 'DentalController._context' hides inherited member 'BaseController._context'. Use the new keyword if hiding was intended. [C:\Users\HP\Downloads\Medical\Medical_Affiliation\Medical_Affiliation.csproj]
C:\Users\HP\Downloads\Medical\Medical_Affiliation\Controllers\CollegeBasicDetailsController.cs(16,47): warning CS0108: 'CollegeBasicDetailsController._context' hides inherited member 'BaseController._context'. Use the new keyword if hiding was intended. [C:\Users\HP\Downloads\Medical\Medical_Affiliation\Medical_Affiliation.csproj]
C:\Users\HP\Downloads\Medical\Medical_Affiliation\Controllers\ContinuationAffiliationClinicalFacilitiesController.cs(15,47): warning CS0108: 'ContinuationAffiliationClinicalFacilitiesController._context' hides inherited member 'BaseController._context'. Use the new keyword if hiding was intended. [C:\Users\HP\Downloads\Medical\Medical_Affiliation\Medical_Affiliation.csproj]
C:\Users\HP\Downloads\Medical\Medical_Affiliation\Controllers\DentalRepositoryController.cs(12,47): warning CS0108: 'DentalRepositoryController._context' hides inherited member 'BaseController._context'. Use the new keyword if hiding was intended. [C:\Users\HP\Downloads\Medical\Medical_Affiliation\Medical_Affiliation.csproj]
C:\Users\HP\Downloads\Medical\Medical_Affiliation\Controllers\MedicalRepositoryController.cs(12,47): warning CS0108: 'MedicalRepositoryController._context' hides inherited member 'BaseController._context'. Use the new keyword if hiding was intended. [C:\Users\HP\Downloads\Medical\Medical_Affiliation\Medical_Affiliation.csproj]
C:\Users\HP\Downloads\Medical\Medical_Affiliation\Controllers\MedicalContinuesAffiliationController.cs(13,47): warning CS0108: 'MedicalContinuesAffiliationController._context' hides inherited member 'BaseController._context'. Use the new keyword if hiding was intended. [C:\Users\HP\Downloads\Medical\Medical_Affiliation\Medical_Affiliation.csproj]
C:\Users\HP\Downloads\Medical\Medical_Affiliation\Controllers\LICInspectionController.cs(33,66): warning CS8625: Cannot convert null literal to non-nullable reference type. [C:\Users\HP\Downloads\Medical\Medical_Affiliation\Medical_Affiliation.csproj]
C:\Users\HP\Downloads\Medical\Medical_Affiliation\Controllers\LICInspectionController.cs(142,67): warning CS8625: Cannot convert null literal to non-nullable reference type. [C:\Users\HP\Downloads\Medical\Medical_Affiliation\Medical_Affiliation.csproj]
C:\Users\HP\Downloads\Medical\Medical_Affiliation\Controllers\LICInspectionController.cs(152,89): warning CS8625: Cannot convert null literal to non-nullable reference type. [C:\Users\HP\Downloads\Medical\Medical_Affiliation\Medical_Affiliation.csproj]
C:\Users\HP\Downloads\Medical\Medical_Affiliation\Controllers\Medical_ContinuousAffiliationController.cs(16,47): warning CS0108: 'Medical_ContinuousAffiliationController._context' hides inherited member 'BaseController._context'. Use the new keyword if hiding was intended. [C:\Users\HP\Downloads\Medical\Medical_Affiliation\Medical_Affiliation.csproj]
C:\Users\HP\Downloads\Medical\Medical_Affiliation\Controllers\PhysicalInfrastructureController.cs(13,47): warning CS0108: 'PhysicalInfrastructureController._context' hides inherited member 'BaseController._context'. Use the new keyword if hiding was intended. [C:\Users\HP\Downloads\Medical\Medical_Affiliation\Medical_Affiliation.csproj]
C:\Users\HP\Downloads\Medical\Medical_Affiliation\Controllers\ContinuesAffiliation_FacultybasedController.cs(18,47): warning CS0108: 'ContinuesAffiliation_FacultybasedController._context' hides inherited member 'BaseController._context'. Use the new keyword if hiding was intended. [C:\Users\HP\Downloads\Medical\Medical_Affiliation\Medical_Affiliation.csproj]
C:\Users\HP\Downloads\Medical\Medical_Affiliation\Controllers\ContinuesAffiliation_FacultybasedController.cs(4334,79): warning CS8625: Cannot convert null literal to non-nullable reference type. [C:\Users\HP\Downloads\Medical\Medical_Affiliation\Medical_Affiliation.csproj]
C:\Users\HP\Downloads\Medical\Medical_Affiliation\Controllers\ContinuesAffiliation_FacultybasedController.cs(4767,64): warning CS8625: Cannot convert null literal to non-nullable reference type. [C:\Users\HP\Downloads\Medical\Medical_Affiliation\Medical_Affiliation.csproj]
C:\Users\HP\Downloads\Medical\Medical_Affiliation\Controllers\ContinuousAffiliationController.cs(15,47): warning CS0108: 'ContinuousAffiliationController._context' hides inherited member 'BaseController._context'. Use the new keyword if hiding was intended. [C:\Users\HP\Downloads\Medical\Medical_Affiliation\Medical_Affiliation.csproj]
C:\Users\HP\Downloads\Medical\Medical_Affiliation\Controllers\CollegeloginController.cs(27,47): warning CS0108: 'CollegeloginController._context' hides inherited member 'BaseController._context'. Use the new keyword if hiding was intended. [C:\Users\HP\Downloads\Medical\Medical_Affiliation\Medical_Affiliation.csproj]
C:\Users\HP\Downloads\Medical\Medical_Affiliation\Controllers\ContinuousAffiliationIncreaseintakeController.cs(11,47): warning CS0108: 'ContinuousAffiliationIncreaseintakeController._context' hides inherited member 'BaseController._context'. Use the new keyword if hiding was intended. [C:\Users\HP\Downloads\Medical\Medical_Affiliation\Medical_Affiliation.csproj]
C:\Users\HP\Downloads\Medical\Medical_Affiliation\Services\UserContext\SessionUserContext.cs(15,41): warning CS8603: Possible null reference return. [C:\Users\HP\Downloads\Medical\Medical_Affiliation\Medical_Affiliation.csproj]
C:\Users\HP\Downloads\Medical\Medical_Affiliation\Controllers\CourseDropdown.cs(4,19): warning CS8618: Non-nullable property 'CourseName' must contain a non-null value when exiting constructor. Consider adding the 'required' modifier or declaring the property as nullable. [C:\Users\HP\Downloads\Medical\Medical_Affiliation\Medical_Affiliation.csproj]
C:\Users\HP\Downloads\Medical\Medical_Affiliation\Models\AdminLoginViewModel.cs(285,30): warning CS8618: Non-nullable property 'Faculties' must contain a non-null value when exiting constructor. Consider adding the 'required' modifier or declaring the property as nullable. [C:\Users\HP\Downloads\Medical\Medical_Affiliation\Medical_Affiliation.csproj]
C:\Users\HP\Downloads\Medical\Medical_Affiliation\Models\AdminLoginViewModel.cs(286,23): warning CS8618: Non-nullable property 'FacultyName' must contain a non-null value when exiting constructor. Consider adding the 'required' modifier or declaring the property as nullable. [C:\Users\HP\Downloads\Medical\Medical_Affiliation\Medical_Affiliation.csproj]
C:\Users\HP\Downloads\Medical\Medical_Affiliation\Models\AdminLoginViewModel.cs(287,23): warning CS8618: Non-nullable property 'FacultyCode' must contain a non-null value when exiting constructor. Consider adding the 'required' modifier or declaring the property as nullable. [C:\Users\HP\Downloads\Medical\Medical_Affiliation\Medical_Affiliation.csproj]
C:\Users\HP\Downloads\Medical\Medical_Affiliation\Models\AdminLoginViewModel.cs(288,23): warning CS8618: Non-nullable property 'SelectedFacultyId' must contain a non-null value when exiting constructor. Consider adding the 'required' modifier or declaring the property as nullable. [C:\Users\HP\Downloads\Medical\Medical_Affiliation\Medical_Affiliation.csproj]
C:\Users\HP\Downloads\Medical\Medical_Affiliation\Models\AdminLoginViewModel.cs(289,23): warning CS8618: Non-nullable property 'SOusername' must contain a non-null value when exiting constructor. Consider adding the 'required' modifier or declaring the property as nullable. [C:\Users\HP\Downloads\Medical\Medical_Affiliation\Medical_Affiliation.csproj]
C:\Users\HP\Downloads\Medical\Medical_Affiliation\Models\AdminLoginViewModel.cs(290,23): warning CS8618: Non-nullable property 'SOpassword' must contain a non-null value when exiting constructor. Consider adding the 'required' modifier or declaring the property as nullable. [C:\Users\HP\Downloads\Medical\Medical_Affiliation\Medical_Affiliation.csproj]
C:\Users\HP\Downloads\Medical\Medical_Affiliation\Models\AdminLoginViewModel.cs(293,37): warning CS8618: Non-nullable property 'SectionOfficersList' must contain a non-null value when exiting constructor. Consider adding the 'required' modifier or declaring the property as nullable. [C:\Users\HP\Downloads\Medical\Medical_Affiliation\Medical_Affiliation.csproj]
C:\Users\HP\Downloads\Medical\Medical_Affiliation\Models\AdminLoginViewModel.cs(279,23): warning CS8618: Non-nullable property 'FacultyId' must contain a non-null value when exiting constructor. Consider adding the 'required' modifier or declaring the property as nullable. [C:\Users\HP\Downloads\Medical\Medical_Affiliation\Medical_Affiliation.csproj]
C:\Users\HP\Downloads\Medical\Medical_Affiliation\Models\AdminLoginViewModel.cs(272,43): warning CS8618: Non-nullable property 'CollegeFlags' must contain a non-null value when exiting constructor. Consider adding the 'required' modifier or declaring the property as nullable. [C:\Users\HP\Downloads\Medical\Medical_Affiliation\Medical_Affiliation.csproj]
C:\Users\HP\Downloads\Medical\Medical_Affiliation\Models\AdminLoginViewModel.cs(273,30): warning CS8618: Non-nullable property 'FacultiesViewModel' must contain a non-null value when exiting constructor. Consider adding the 'required' modifier or declaring the property as nullable. [C:\Users\HP\Downloads\Medical\Medical_Affiliation\Medical_Affiliation.csproj]
C:\Users\HP\Downloads\Medical\Medical_Affiliation\Models\AdminLoginViewModel.cs(265,23): warning CS8618: Non-nullable property 'FacultyId' must contain a non-null value when exiting constructor. Consider adding the 'required' modifier or declaring the property as nullable. [C:\Users\HP\Downloads\Medical\Medical_Affiliation\Medical_Affiliation.csproj]
C:\Users\HP\Downloads\Medical\Medical_Affiliation\Models\AdminLoginViewModel.cs(266,23): warning CS8618: Non-nullable property 'FlagType' must contain a non-null value when exiting constructor. Consider adding the 'required' modifier or declaring the property as nullable. [C:\Users\HP\Downloads\Medical\Medical_Affiliation\Medical_Affiliation.csproj]
C:\Users\HP\Downloads\Medical\Medical_Affiliation\Models\AdminLoginViewModel.cs(256,23): warning CS8618: Non-nullable property 'FacultyId' must contain a non-null value when exiting constructor. Consider adding the 'required' modifier or declaring the property as nullable. [C:\Users\HP\Downloads\Medical\Medical_Affiliation\Medical_Affiliation.csproj]
C:\Users\HP\Downloads\Medical\Medical_Affiliation\Models\AdminLoginViewModel.cs(257,23): warning CS8618: Non-nullable property 'CollegeCode' must contain a non-null value when exiting constructor. Consider adding the 'required' modifier or declaring the property as nullable. [C:\Users\HP\Downloads\Medical\Medical_Affiliation\Medical_Affiliation.csproj]
C:\Users\HP\Downloads\Medical\Medical_Affiliation\Models\AdminLoginViewModel.cs(258,23): warning CS8618: Non-nullable property 'CollegeName' must contain a non-null value when exiting constructor. Consider adding the 'required' modifier or declaring the property as nullable. [C:\Users\HP\Downloads\Medical\Medical_Affiliation\Medical_Affiliation.csproj]
C:\Users\HP\Downloads\Medical\Medical_Affiliation\Models\AdminLoginViewModel.cs(245,23): warning CS8618: Non-nullable property 'CourseName' must contain a non-null value when exiting constructor. Consider adding the 'required' modifier or declaring the property as nullable. [C:\Users\HP\Downloads\Medical\Medical_Affiliation\Medical_Affiliation.csproj]
C:\Users\HP\Downloads\Medical\Medical_Affiliation\Models\AdminLoginViewModel.cs(251,23): warning CS8618: Non-nullable property 'Remarks' must contain a non-null value when exiting constructor. Consider adding the 'required' modifier or declaring the property as nullable. [C:\Users\HP\Downloads\Medical\Medical_Affiliation\Medical_Affiliation.csproj]
C:\Users\HP\Downloads\Medical\Medical_Affiliation\Models\AdminLoginViewModel.cs(252,23): warning CS8618: Non-nullable property 'ViewDocument' must contain a non-null value when exiting constructor. Consider adding the 'required' modifier or declaring the property as nullable. [C:\Users\HP\Downloads\Medical\Medical_Affiliation\Medical_Affiliation.csproj]
C:\Users\HP\Downloads\Medical\Medical_Affiliation\Models\AdminLoginViewModel.cs(231,23): warning CS8618: Non-nullable property 'CollegeCode' must contain a non-null value when exiting constructor. Consider adding the 'required' modifier or declaring the property as nullable. [C:\Users\HP\Downloads\Medical\Medical_Affiliation\Medical_Affiliation.csproj]
C:\Users\HP\Downloads\Medical\Medical_Affiliation\Models\AdminLoginViewModel.cs(232,23): warning CS8618: Non-nullable property 'AllDocsForCourse' must contain a non-null value when exiting constructor. Consider adding the 'required' modifier or declaring the property as nullable. [C:\Users\HP\Downloads\Medical\Medical_Affiliation\Medical_Affiliation.csproj]
C:\Users\HP\Downloads\Medical\Medical_Affiliation\Models\AdminLoginViewModel.cs(233,23): warning CS8618: Non-nullable property 'CollegeName' must contain a non-null value when exiting constructor. Consider adding the 'required' modifier or declaring the property as nullable. [C:\Users\HP\Downloads\Medical\Medical_Affiliation\Medical_Affiliation.csproj]
C:\Users\HP\Downloads\Medical\Medical_Affiliation\Models\AdminLoginViewModel.cs(235,23): warning CS8618: Non-nullable property 'FacultyName' must contain a non-null value when exiting constructor. Consider adding the 'required' modifier or declaring the property as nullable. [C:\Users\HP\Downloads\Medical\Medical_Affiliation\Medical_Affiliation.csproj]
C:\Users\HP\Downloads\Medical\Medical_Affiliation\Models\AdminLoginViewModel.cs(236,23): warning CS8618: Non-nullable property 'CourseCode' must contain a non-null value when exiting constructor. Consider adding the 'required' modifier or declaring the property as nullable. [C:\Users\HP\Downloads\Medical\Medical_Affiliation\Medical_Affiliation.csproj]
C:\Users\HP\Downloads\Medical\Medical_Affiliation\Models\AdminLoginViewModel.cs(238,57): warning CS8618: Non-nullable property 'Courses' must contain a non-null value when exiting constructor. Consider adding the 'required' modifier or declaring the property as nullable. [C:\Users\HP\Downloads\Medical\Medical_Affiliation\Medical_Affiliation.csproj]
C:\Users\HP\Downloads\Medical\Medical_Affiliation\Models\AdminLoginViewModel.cs(221,23): warning CS8618: Non-nullable property 'CollegeName' must contain a non-null value when exiting constructor. Consider adding the 'required' modifier or declaring the property as nullable. [C:\Users\HP\Downloads\Medical\Medical_Affiliation\Medical_Affiliation.csproj]
C:\Users\HP\Downloads\Medical\Medical_Affiliation\Models\AdminLoginViewModel.cs(222,23): warning CS8618: Non-nullable property 'courseName' must contain a non-null value when exiting constructor. Consider adding the 'required' modifier or declaring the property as nullable. [C:\Users\HP\Downloads\Medical\Medical_Affiliation\Medical_Affiliation.csproj]
C:\Users\HP\Downloads\Medical\Medical_Affiliation\Models\AdminLoginViewModel.cs(225,23): warning CS8618: Non-nullable property 'PrincipalName' must contain a non-null value when exiting constructor. Consider adding the 'required' modifier or declaring the property as nullable. [C:\Users\HP\Downloads\Medical\Medical_Affiliation\Medical_Affiliation.csproj]
C:\Users\HP\Downloads\Medical\Medical_Affiliation\Models\AdminLoginViewModel.cs(226,23): warning CS8618: Non-nullable property 'CollegeCode' must contain a non-null value when exiting constructor. Consider adding the 'required' modifier or declaring the property as nullable. [C:\Users\HP\Downloads\Medical\Medical_Affiliation\Medical_Affiliation.csproj]
C:\Users\HP\Downloads\Medical\Medical_Affiliation\Models\AddCourseToMstCourseViewModel.cs(20,19): warning CS8618: Non-nullable property 'DesignationCode' must contain a non-null value when exiting constructor. Consider adding the 'required' modifier or declaring the property as nullable. [C:\Users\HP\Downloads\Medical\Medical_Affiliation\Medical_Affiliation.csproj]
C:\Users\HP\Downloads\Medical\Medical_Affiliation\Models\AddCourseToMstCourseViewModel.cs(21,19): warning CS8618: Non-nullable property 'Designation' must contain a non-null value when exiting constructor. Consider adding the 'required' modifier or declaring the property as nullable. [C:\Users\HP\Downloads\Medical\Medical_Affiliation\Medical_Affiliation.csproj]
C:\Users\HP\Downloads\Medical\Medical_Affiliation\Models\AddCourseToMstCourseViewModel.cs(49,44): warning CS8618: Non-nullable property 'Courses' must contain a non-null value when exiting constructor. Consider adding the 'required' modifier or declaring the property as nullable. [C:\Users\HP\Downloads\Medical\Medical_Affiliation\Medical_Affiliation.csproj]
C:\Users\HP\Downloads\Medical\Medical_Affiliation\Models\AddCourseToMstCourseViewModel.cs(38,19): warning CS8618: Non-nullable property 'CourseName' must contain a non-null value when exiting constructor. Consider adding the 'required' modifier or declaring the property as nullable. [C:\Users\HP\Downloads\Medical\Medical_Affiliation\Medical_Affiliation.csproj]
C:\Users\HP\Downloads\Medical\Medical_Affiliation\Models\AddCourseToMstCourseViewModel.cs(41,19): warning CS8618: Non-nullable property 'RguhsNotificationNo' must contain a non-null value when exiting constructor. Consider adding the 'required' modifier or declaring the property as nullable. [C:\Users\HP\Downloads\Medical\Medical_Affiliation\Medical_Affiliation.csproj]
C:\Users\HP\Downloads\Medical\Medical_Affiliation\Models\AddCourseToMstCourseViewModel.cs(43,22): warning CS8618: Non-nullable property 'SupportingFile' must contain a non-null value when exiting constructor. Consider adding the 'required' modifier or declaring the property as nullable. [C:\Users\HP\Downloads\Medical\Medical_Affiliation\Medical_Affiliation.csproj]
C:\Users\HP\Downloads\Medical\Medical_Affiliation\Models\AddCourseToMstCourseViewModel.cs(54,19): warning CS8618: Non-nullable property 'Course' must contain a non-null value when exiting constructor. Consider adding the 'required' modifier or declaring the property as nullable. [C:\Users\HP\Downloads\Medical\Medical_Affiliation\Medical_Affiliation.csproj]
C:\Users\HP\Downloads\Medical\Medical_Affiliation\Models\AddCourseToMstCourseViewModel.cs(55,19): warning CS8618: Non-nullable property 'Year' must contain a non-null value when exiting constructor. Consider adding the 'required' modifier or declaring the property as nullable. [C:\Users\HP\Downloads\Medical\Medical_Affiliation\Medical_Affiliation.csproj]
C:\Users\HP\Downloads\Medical\Medical_Affiliation\Models\AddCourseToMstCourseViewModel.cs(68,19): warning CS8618: Non-nullable property 'Course' must contain a non-null value when exiting constructor. Consider adding the 'required' modifier or declaring the property as nullable. [C:\Users\HP\Downloads\Medical\Medical_Affiliation\Medical_Affiliation.csproj]
C:\Users\HP\Downloads\Medical\Medical_Affiliation\Models\AddCourseToMstCourseViewModel.cs(69,19): warning CS8618: Non-nullable property 'Year' must contain a non-null value when exiting constructor. Consider adding the 'required' modifier or declaring the property as nullable. [C:\Users\HP\Downloads\Medical\Medical_Affiliation\Medical_Affiliation.csproj]
C:\Users\HP\Downloads\Medical\Medical_Affiliation\Models\AddCourseToMstCourseViewModel.cs(83,19): warning CS8618: Non-nullable property 'Course' must contain a non-null value when exiting constructor. Consider adding the 'required' modifier or declaring the property as nullable. [C:\Users\HP\Downloads\Medical\Medical_Affiliation\Medical_Affiliation.csproj]
C:\Users\HP\Downloads\Medical\Medical_Affiliation\Models\AddCourseToMstCourseViewModel.cs(84,19): warning CS8618: Non-nullable property 'Year' must contain a non-null value when exiting constructor. Consider adding the 'required' modifier or declaring the property as nullable. [C:\Users\HP\Downloads\Medical\Medical_Affiliation\Medical_Affiliation.csproj]
C:\Users\HP\Downloads\Medical\Medical_Affiliation\Models\AddCourseToMstCourseViewModel.cs(132,19): warning CS8618: Non-nullable property 'HospitalFacilityName' must contain a non-null value when exiting constructor. Consider adding the 'required' modifier or declaring the property as nullable. [C:\Users\HP\Downloads\Medical\Medical_Affiliation\Medical_Affiliation.csproj]
C:\Users\HP\Downloads\Medical\Medical_Affiliation\Models\AddCourseToMstCourseViewModel.cs(135,19): warning CS8618: Non-nullable property 'FacultyCode' must contain a non-null value when exiting constructor. Consider adding the 'required' modifier or declaring the property as nullable. [C:\Users\HP\Downloads\Medical\Medical_Affiliation\Medical_Affiliation.csproj]
C:\Users\HP\Downloads\Medical\Medical_Affiliation\Models\AddCourseToMstCourseViewModel.cs(136,19): warning CS8618: Non-nullable property 'CollegeCode' must contain a non-null value when exiting constructor. Consider adding the 'required' modifier or declaring the property as nullable. [C:\Users\HP\Downloads\Medical\Medical_Affiliation\Medical_Affiliation.csproj]
C:\Users\HP\Downloads\Medical\Medical_Affiliation\Models\AddCourseToMstCourseViewModel.cs(143,19): warning CS8618: Non-nullable property 'FacultyCode' must contain a non-null value when exiting constructor. Consider adding the 'required' modifier or declaring the property as nullable. [C:\Users\HP\Downloads\Medical\Medical_Affiliation\Medical_Affiliation.csproj]
C:\Users\HP\Downloads\Medical\Medical_Affiliation\Models\AddCourseToMstCourseViewModel.cs(144,19): warning CS8618: Non-nullable property 'CollegeCode' must contain a non-null value when exiting constructor. Consider adding the 'required' modifier or declaring the property as nullable. [C:\Users\HP\Downloads\Medical\Medical_Affiliation\Medical_Affiliation.csproj]
C:\Users\HP\Downloads\Medical\Medical_Affiliation\Models\AdminLoginViewModel.cs(207,23): warning CS8618: Non-nullable property 'CollegeCode' must contain a non-null value when exiting constructor. Consider adding the 'required' modifier or declaring the property as nullable. [C:\Users\HP\Downloads\Medical\Medical_Affiliation\Medical_Affiliation.csproj]
C:\Users\HP\Downloads\Medical\Medical_Affiliation\Models\AdminLoginViewModel.cs(208,23): warning CS8618: Non-nullable property 'CollegeName' must contain a non-null value when exiting constructor. Consider adding the 'required' modifier or declaring the property as nullable. [C:\Users\HP\Downloads\Medical\Medical_Affiliation\Medical_Affiliation.csproj]
C:\Users\HP\Downloads\Medical\Medical_Affiliation\Models\AdminLoginViewModel.cs(212,23): warning CS8618: Non-nullable property 'collegeName' must contain a non-null value when exiting constructor. Consider adding the 'required' modifier or declaring the property as nullable. [C:\Users\HP\Downloads\Medical\Medical_Affiliation\Medical_Affiliation.csproj]
C:\Users\HP\Downloads\Medical\Medical_Affiliation\Models\AdminLoginViewModel.cs(213,23): warning CS8618: Non-nullable property 'PrincipalName' must contain a non-null value when exiting constructor. Consider adding the 'required' modifier or declaring the property as nullable. [C:\Users\HP\Downloads\Medical\Medical_Affiliation\Medical_Affiliation.csproj]
C:\Users\HP\Downloads\Medical\Medical_Affiliation\Models\AdminLoginViewModel.cs(195,23): warning CS8618: Non-nullable property 'CollegeCode' must contain a non-null value when exiting constructor. Consider adding the 'required' modifier or declaring the property as nullable. [C:\Users\HP\Downloads\Medical\Medical_Affiliation\Medical_Affiliation.csproj]
C:\Users\HP\Downloads\Medical\Medical_Affiliation\Models\AdminLoginViewModel.cs(196,23): warning CS8618: Non-nullable property 'CollegeName' must contain a non-null value when exiting constructor. Consider adding the 'required' modifier or declaring the property as nullable. [C:\Users\HP\Downloads\Medical\Medical_Affiliation\Medical_Affiliation.csproj]
C:\Users\HP\Downloads\Medical\Medical_Affiliation\Models\AdminLoginViewModel.cs(197,23): warning CS8618: Non-nullable property 'CollegeTown' must contain a non-null value when exiting constructor. Consider adding the 'required' modifier or declaring the property as nullable. [C:\Users\HP\Downloads\Medical\Medical_Affiliation\Medical_Affiliation.csproj]
C:\Users\HP\Downloads\Medical\Medical_Affiliation\Models\AdminLoginViewModel.cs(198,23): warning CS8618: Non-nullable property 'AllDocsForCourse' must contain a non-null value when exiting constructor. Consider adding the 'required' modifier or declaring the property as nullable. [C:\Users\HP\Downloads\Medical\Medical_Affiliation\Medical_Affiliation.csproj]
C:\Users\HP\Downloads\Medical\Medical_Affiliation\Models\AdminLoginViewModel.cs(199,23): warning CS8618: Non-nullable property 'PrincipalNameDeclared' must contain a non-null value when exiting constructor. Consider adding the 'required' modifier or declaring the property as nullable. [C:\Users\HP\Downloads\Medical\Medical_Affiliation\Medical_Affiliation.csproj]
C:\Users\HP\Downloads\Medical\Medical_Affiliation\Models\AdminLoginViewModel.cs(200,23): warning CS8618: Non-nullable property 'selectedCollegeName' must contain a non-null value when exiting constructor. Consider adding the 'required' modifier or declaring the property as nullable. [C:\Users\HP\Downloads\Medical\Medical_Affiliation\Medical_Affiliation.csproj]
C:\Users\HP\Downloads\Medical\Medical_Affiliation\Models\AddCourseToMstCourseViewModel.cs(608,19): warning CS8618: Non-nullable property 'Name' must contain a non-null value when exiting constructor. Consider adding the 'required' modifier or declaring the property as nullable. [C:\Users\HP\Downloads\Medical\Medical_Affiliation\Medical_Affiliation.csproj]
C:\Users\HP\Downloads\Medical\Medical_Affiliation\Models\AddCourseToMstCourseViewModel.cs(614,19): warning CS8618: Non-nullable property 'PhoneNumber' must contain a non-null value when exiting constructor. Consider adding the 'required' modifier or declaring the property as nullable. [C:\Users\HP\Downloads\Medical\Medical_Affiliation\Medical_Affiliation.csproj]
C:\Users\HP\Downloads\Medical\Medical_Affiliation\Models\AddCourseToMstCourseViewModel.cs(619,19): warning CS8618: Non-nullable property 'Email' must contain a non-null value when exiting constructor. Consider adding the 'required' modifier or declaring the property as nullable. [C:\Users\HP\Downloads\Medical\Medical_Affiliation\Medical_Affiliation.csproj]
C:\Users\HP\Downloads\Medical\Medical_Affiliation\Models\AddCourseToMstCourseViewModel.cs(624,19): warning CS8618: Non-nullable property 'Password' must contain a non-null value when exiting constructor. Consider adding the 'required' modifier or declaring the property as nullable. [C:\Users\HP\Downloads\Medical\Medical_Affiliation\Medical_Affiliation.csproj]
C:\Users\HP\Downloads\Medical\Medical_Affiliation\Models\AddCourseToMstCourseViewModel.cs(630,19): warning CS8618: Non-nullable property 'ConfirmPassword' must contain a non-null value when exiting constructor. Consider adding the 'required' modifier or declaring the property as nullable. [C:\Users\HP\Downloads\Medical\Medical_Affiliation\Medical_Affiliation.csproj]
C:\Users\HP\Downloads\Medical\Medical_Affiliation\Models\AddCourseToMstCourseViewModel.cs(634,19): warning CS8618: Non-nullable property 'TypeofMember' must contain a non-null value when exiting constructor. Consider adding the 'required' modifier or declaring the property as nullable. [C:\Users\HP\Downloads\Medical\Medical_Affiliation\Medical_Affiliation.csproj]
C:\Users\HP\Downloads\Medical\Medical_Affiliation\Models\AddCourseToMstCourseViewModel.cs(644,19): warning CS8618: Non-nullable property 'PhoneNumber' must contain a non-null value when exiting constructor. Consider adding the 'required' modifier or declaring the property as nullable. [C:\Users\HP\Downloads\Medical\Medical_Affiliation\Medical_Affiliation.csproj]
C:\Users\HP\Downloads\Medical\Medical_Affiliation\Models\AddCourseToMstCourseViewModel.cs(648,19): warning CS8618: Non-nullable property 'Password' must contain a non-null value when exiting constructor. Consider adding the 'required' modifier or declaring the property as nullable. [C:\Users\HP\Downloads\Medical\Medical_Affiliation\Medical_Affiliation.csproj]
C:\Users\HP\Downloads\Medical\Medical_Affiliation\Models\AddCourseToMstCourseViewModel.cs(698,19): warning CS8618: Non-nullable property 'CollegeName' must contain a non-null value when exiting constructor. Consider adding the 'required' modifier or declaring the property as nullable. [C:\Users\HP\Downloads\Medical\Medical_Affiliation\Medical_Affiliation.csproj]
C:\Users\HP\Downloads\Medical\Medical_Affiliation\Models\AddCourseToMstCourseViewModel.cs(699,19): warning CS8618: Non-nullable property 'CollegeCode' must contain a non-null value when exiting constructor. Consider adding the 'required' modifier or declaring the property as nullable. [C:\Users\HP\Downloads\Medical\Medical_Affiliation\Medical_Affiliation.csproj]
C:\Users\HP\Downloads\Medical\Medical_Affiliation\Models\AddCourseToMstCourseViewModel.cs(700,19): warning CS8618: Non-nullable property 'ACMember' must contain a non-null value when exiting constructor. Consider adding the 'required' modifier or declaring the property as nullable. [C:\Users\HP\Downloads\Medical\Medical_Affiliation\Medical_Affiliation.csproj]
C:\Users\HP\Downloads\Medical\Medical_Affiliation\Models\AddCourseToMstCourseViewModel.cs(701,19): warning CS8618: Non-nullable property 'SenetMember' must contain a non-null value when exiting constructor. Consider adding the 'required' modifier or declaring the property as nullable. [C:\Users\HP\Downloads\Medical\Medical_Affiliation\Medical_Affiliation.csproj]
C:\Users\HP\Downloads\Medical\Medical_Affiliation\Models\AddCourseToMstCourseViewModel.cs(702,19): warning CS8618: Non-nullable property 'SubjectExpert' must contain a non-null value when exiting constructor. Consider adding the 'required' modifier or declaring the property as nullable. [C:\Users\HP\Downloads\Medical\Medical_Affiliation\Medical_Affiliation.csproj]
C:\Users\HP\Downloads\Medical\Medical_Affiliation\Models\AddCourseToMstCourseViewModel.cs(793,19): warning CS8618: Non-nullable property 'FacultyName' must contain a non-null value when exiting constructor. Consider adding the 'required' modifier or declaring the property as nullable. [C:\Users\HP\Downloads\Medical\Medical_Affiliation\Medical_Affiliation.csproj]
C:\Users\HP\Downloads\Medical\Medical_Affiliation\Models\AddCourseToMstCourseViewModel.cs(567,19): warning CS8618: Non-nullable property 'CollegeCode' must contain a non-null value when exiting constructor. Consider adding the 'required' modifier or declaring the property as nullable. [C:\Users\HP\Downloads\Medical\Medical_Affiliation\Medical_Affiliation.csproj]
C:\Users\HP\Downloads\Medical\Medical_Affiliation\Models\AddCourseToMstCourseViewModel.cs(568,19): warning CS8618: Non-nullable property 'CollegeName' must contain a non-null value when exiting constructor. Consider adding the 'required' modifier or declaring the property as nullable. [C:\Users\HP\Downloads\Medical\Medical_Affiliation\Medical_Affiliation.csproj]
C:\Users\HP\Downloads\Medical\Medical_Affiliation\Models\AddCourseToMstCourseViewModel.cs(570,19): warning CS8618: Non-nullable property 'CourseCode' must contain a non-null value when exiting constructor. Consider adding the 'required' modifier or declaring the property as nullable. [C:\Users\HP\Downloads\Medical\Medical_Affiliation\Medical_Affiliation.csproj]
C:\Users\HP\Downloads\Medical\Medical_Affiliation\Models\AddCourseToMstCourseViewModel.cs(571,19): warning CS8618: Non-nullable property 'CourseName' must contain a non-null value when exiting constructor. Consider adding the 'required' modifier or declaring the property as nullable. [C:\Users\HP\Downloads\Medical\Medical_Affiliation\Medical_Affiliation.csproj]
C:\Users\HP\Downloads\Medical\Medical_Affiliation\Models\AddCourseToMstCourseViewModel.cs(581,19): warning CS8618: Non-nullable property 'Ay2025NmcDocument' must contain a non-null value when exiting constructor. Consider adding the 'required' modifier or declaring the property as nullable. [C:\Users\HP\Downloads\Medical\Medical_Affiliation\Medical_Affiliation.csproj]
C:\Users\HP\Downloads\Medical\Medical_Affiliation\Models\AddCourseToMstCourseViewModel.cs(587,33): warning CS8618: Non-nullable property 'IntakeData' must contain a non-null value when exiting constructor. Consider adding the 'required' modifier or declaring the property as nullable. [C:\Users\HP\Downloads\Medical\Medical_Affiliation\Medical_Affiliation.csproj]
C:\Users\HP\Downloads\Medical\Medical_Affiliation\Models\AddCourseToMstCourseViewModel.cs(589,53): warning CS8618: Non-nullable property 'GroupedByCollege' must contain a non-null value when exiting constructor. Consider adding the 'required' modifier or declaring the property as nullable. [C:\Users\HP\Downloads\Medical\Medical_Affiliation\Medical_Affiliation.csproj]
C:\Users\HP\Downloads\Medical\Medical_Affiliation\Models\AddCourseToMstCourseViewModel.cs(797,19): warning CS8618: Non-nullable property 'DesignationCode' must contain a non-null value when exiting constructor. Consider adding the 'required' modifier or declaring the property as nullable. [C:\Users\HP\Downloads\Medical\Medical_Affiliation\Medical_Affiliation.csproj]
C:\Users\HP\Downloads\Medical\Medical_Affiliation\Models\AddCourseToMstCourseViewModel.cs(798,19): warning CS8618: Non-nullable property 'DesignationName' must contain a non-null value when exiting constructor. Consider adding the 'required' modifier or declaring the property as nullable. [C:\Users\HP\Downloads\Medical\Medical_Affiliation\Medical_Affiliation.csproj]
C:\Users\HP\Downloads\Medical\Medical_Affiliation\Models\AddCourseToMstCourseViewModel.cs(707,19): warning CS8618: Non-nullable property 'CollegeName' must contain a non-null value when exiting constructor. Consider adding the 'required' modifier or declaring the property as nullable. [C:\Users\HP\Downloads\Medical\Medical_Affiliation\Medical_Affiliation.csproj]
C:\Users\HP\Downloads\Medical\Medical_Affiliation\Models\AddCourseToMstCourseViewModel.cs(708,19): warning CS8618: Non-nullable property 'CollegeCode' must contain a non-null value when exiting constructor. Consider adding the 'required' modifier or declaring the property as nullable. [C:\Users\HP\Downloads\Medical\Medical_Affiliation\Medical_Affiliation.csproj]
C:\Users\HP\Downloads\Medical\Medical_Affiliation\Models\AddCourseToMstCourseViewModel.cs(711,22): warning CS8618: Non-nullable property 'AttendenceDoc' must contain a non-null value when exiting constructor. Consider adding the 'required' modifier or declaring the property as nullable. [C:\Users\HP\Downloads\Medical\Medical_Affiliation\Medical_Affiliation.csproj]
C:\Users\HP\Downloads\Medical\Medical_Affiliation\Models\AddCourseToMstCourseViewModel.cs(712,19): warning CS8618: Non-nullable property 'ExistingAttendanceDocPath' must contain a non-null value when exiting constructor. Consider adding the 'required' modifier or declaring the property as nullable. [C:\Users\HP\Downloads\Medical\Medical_Affiliation\Medical_Affiliation.csproj]
C:\Users\HP\Downloads\Medical\Medical_Affiliation\Models\AdminLoginViewModel.cs(157,23): warning CS8618: Non-nullable property 'FacultyId' must contain a non-null value when exiting constructor. Consider adding the 'required' modifier or declaring the property as nullable. [C:\Users\HP\Downloads\Medical\Medical_Affiliation\Medical_Affiliation.csproj]
C:\Users\HP\Downloads\Medical\Medical_Affiliation\Models\AdminLoginViewModel.cs(158,23): warning CS8618: Non-nullable property 'FacultyName' must contain a non-null value when exiting constructor. Consider adding the 'required' modifier or declaring the property as nullable. [C:\Users\HP\Downloads\Medical\Medical_Affiliation\Medical_Affiliation.csproj]
C:\Users\HP\Downloads\Medical\Medical_Affiliation\Models\AdminLoginViewModel.cs(159,23): warning CS8618: Non-nullable property 'CollegeName' must contain a non-null value when exiting constructor. Consider adding the 'required' modifier or declaring the property as nullable. [C:\Users\HP\Downloads\Medical\Medical_Affiliation\Medical_Affiliation.csproj]
C:\Users\HP\Downloads\Medical\Medical_Affiliation\Models\AdminLoginViewModel.cs(161,23): warning CS8618: Non-nullable property 'selectedCollegeName' must contain a non-null value when exiting constructor. Consider adding the 'required' modifier or declaring the property as nullable. [C:\Users\HP\Downloads\Medical\Medical_Affiliation\Medical_Affiliation.csproj]
C:\Users\HP\Downloads\Medical\Medical_Affiliation\Models\AddCourseToMstCourseViewModel.cs(836,19): warning CS8618: Non-nullable property 'CollegeName' must contain a non-null value when exiting constructor. Consider adding the 'required' modifier or declaring the property as nullable. [C:\Users\HP\Downloads\Medical\Medical_Affiliation\Medical_Affiliation.csproj]
C:\Users\HP\Downloads\Medical\Medical_Affiliation\Models\AddCourseToMstCourseViewModel.cs(824,19): warning CS8618: Non-nullable property 'CollegeName' must contain a non-null value when exiting constructor. Consider adding the 'required' modifier or declaring the property as nullable. [C:\Users\HP\Downloads\Medical\Medical_Affiliation\Medical_Affiliation.csproj]
C:\Users\HP\Downloads\Medical\Medical_Affiliation\Models\AddCourseToMstCourseViewModel.cs(864,42): warning CS8618: Non-nullable property 'Profile' must contain a non-null value when exiting constructor. Consider adding the 'required' modifier or declaring the property as nullable. [C:\Users\HP\Downloads\Medical\Medical_Affiliation\Medical_Affiliation.csproj]
C:\Users\HP\Downloads\Medical\Medical_Affiliation\Models\AddCourseToMstCourseViewModel.cs(866,38): warning CS8618: Non-nullable property 'PendingInspections' must contain a non-null value when exiting constructor. Consider adding the 'required' modifier or declaring the property as nullable. [C:\Users\HP\Downloads\Medical\Medical_Affiliation\Medical_Affiliation.csproj]
C:\Users\HP\Downloads\Medical\Medical_Affiliation\Models\AddCourseToMstCourseViewModel.cs(868,40): warning CS8618: Non-nullable property 'CompletedInspections' must contain a non-null value when exiting constructor. Consider adding the 'required' modifier or declaring the property as nullable. [C:\Users\HP\Downloads\Medical\Medical_Affiliation\Medical_Affiliation.csproj]
C:\Users\HP\Downloads\Medical\Medical_Affiliation\Models\AddCourseToMstCourseViewModel.cs(870,26): warning CS8618: Non-nullable property 'Claims' must contain a non-null value when exiting constructor. Consider adding the 'required' modifier or declaring the property as nullable. [C:\Users\HP\Downloads\Medical\Medical_Affiliation\Medical_Affiliation.csproj]
C:\Users\HP\Downloads\Medical\Medical_Affiliation\Models\AddCourseToMstCourseViewModel.cs(846,19): warning CS8618: Non-nullable property 'CollegeName' must contain a non-null value when exiting constructor. Consider adding the 'required' modifier or declaring the property as nullable. [C:\Users\HP\Downloads\Medical\Medical_Affiliation\Medical_Affiliation.csproj]
C:\Users\HP\Downloads\Medical\Medical_Affiliation\Models\AddCourseToMstCourseViewModel.cs(852,19): warning CS8618: Non-nullable property 'FromPlace' must contain a non-null value when exiting constructor. Consider adding the 'required' modifier or declaring the property as nullable. [C:\Users\HP\Downloads\Medical\Medical_Affiliation\Medical_Affiliation.csproj]
C:\Users\HP\Downloads\Medical\Medical_Affiliation\Models\AddCourseToMstCourseViewModel.cs(854,19): warning CS8618: Non-nullable property 'ToPlace' must contain a non-null value when exiting constructor. Consider adding the 'required' modifier or declaring the property as nullable. [C:\Users\HP\Downloads\Medical\Medical_Affiliation\Medical_Affiliation.csproj]
C:\Users\HP\Downloads\Medical\Medical_Affiliation\Models\AdminLoginViewModel.cs(145,23): warning CS8618: Non-nullable property 'FacultyId' must contain a non-null value when exiting constructor. Consider adding the 'required' modifier or declaring the property as nullable. [C:\Users\HP\Downloads\Medical\Medical_Affiliation\Medical_Affiliation.csproj]
C:\Users\HP\Downloads\Medical\Medical_Affiliation\Models\AdminLoginViewModel.cs(146,23): warning CS8618: Non-nullable property 'FacultyName' must contain a non-null value when exiting constructor. Consider adding the 'required' modifier or declaring the property as nullable. [C:\Users\HP\Downloads\Medical\Medical_Affiliation\Medical_Affiliation.csproj]
C:\Users\HP\Downloads\Medical\Medical_Affiliation\Models\AdminLoginViewModel.cs(147,23): warning CS8618: Non-nullable property 'CollegeName' must contain a non-null value when exiting constructor. Consider adding the 'required' modifier or declaring the property as nullable. [C:\Users\HP\Downloads\Medical\Medical_Affiliation\Medical_Affiliation.csproj]
C:\Users\HP\Downloads\Medical\Medical_Affiliation\Models\AdminLoginViewModel.cs(149,23): warning CS8618: Non-nullable property 'selectedCollegeName' must contain a non-null value when exiting constructor. Consider adding the 'required' modifier or declaring the property as nullable. [C:\Users\HP\Downloads\Medical\Medical_Affiliation\Medical_Affiliation.csproj]
C:\Users\HP\Downloads\Medical\Medical_Affiliation\Models\AddCourseToMstCourseViewModel.cs(598,19): warning CS8618: Non-nullable property 'CollegeName' must contain a non-null value when exiting constructor. Consider adding the 'required' modifier or declaring the property as nullable. [C:\Users\HP\Downloads\Medical\Medical_Affiliation\Medical_Affiliation.csproj]
C:\Users\HP\Downloads\Medical\Medical_Affiliation\Models\AddCourseToMstCourseViewModel.cs(599,19): warning CS8618: Non-nullable property 'CourseName' must contain a non-null value when exiting constructor. Consider adding the 'required' modifier or declaring the property as nullable. [C:\Users\HP\Downloads\Medical\Medical_Affiliation\Medical_Affiliation.csproj]
C:\Users\HP\Downloads\Medical\Medical_Affiliation\Models\AddCourseToMstCourseViewModel.cs(601,19): warning CS8618: Non-nullable property 'Ay2025LopDocument' must contain a non-null value when exiting constructor. Consider adding the 'required' modifier or declaring the property as nullable. [C:\Users\HP\Downloads\Medical\Medical_Affiliation\Medical_Affiliation.csproj]
C:\Users\HP\Downloads\Medical\Medical_Affiliation\Models\AdmissionLoginViewModel.cs(63,19): warning CS8618: Non-nullable property 'CollegeCode' must contain a non-null value when exiting constructor. Consider adding the 'required' modifier or declaring the property as nullable. [C:\Users\HP\Downloads\Medical\Medical_Affiliation\Medical_Affiliation.csproj]
C:\Users\HP\Downloads\Medical\Medical_Affiliation\Models\AdmissionLoginViewModel.cs(64,19): warning CS8618: Non-nullable property 'CourseName' must contain a non-null value when exiting constructor. Consider adding the 'required' modifier or declaring the property as nullable. [C:\Users\HP\Downloads\Medical\Medical_Affiliation\Medical_Affiliation.csproj]
C:\Users\HP\Downloads\Medical\Medical_Affiliation\Models\AdmissionLoginViewModel.cs(65,19): warning CS8618: Non-nullable property 'CourseCode' must contain a non-null value when exiting constructor. Consider adding the 'required' modifier or declaring the property as nullable. [C:\Users\HP\Downloads\Medical\Medical_Affiliation\Medical_Affiliation.csproj]
C:\Users\HP\Downloads\Medical\Medical_Affiliation\Models\AdmissionLoginViewModel.cs(8,19): warning CS8618: Non-nullable property 'FacultyId' must contain a non-null value when exiting constructor. Consider adding the 'required' modifier or declaring the property as nullable. [C:\Users\HP\Downloads\Medical\Medical_Affiliation\Medical_Affiliation.csproj]
C:\Users\HP\Downloads\Medical\Medical_Affiliation\Models\AdmissionLoginViewModel.cs(11,19): warning CS8618: Non-nullable property 'CollegeId' must contain a non-null value when exiting constructor. Consider adding the 'required' modifier or declaring the property as nullable. [C:\Users\HP\Downloads\Medical\Medical_Affiliation\Medical_Affiliation.csproj]
C:\Users\HP\Downloads\Medical\Medical_Affiliation\Models\AdmissionLoginViewModel.cs(14,19): warning CS8618: Non-nullable property 'Username' must contain a non-null value when exiting constructor. Consider adding the 'required' modifier or declaring the property as nullable. [C:\Users\HP\Downloads\Medical\Medical_Affiliation\Medical_Affiliation.csproj]
C:\Users\HP\Downloads\Medical\Medical_Affiliation\Models\AdmissionLoginViewModel.cs(18,19): warning CS8618: Non-nullable property 'Password' must contain a non-null value when exiting constructor. Consider adding the 'required' modifier or declaring the property as nullable. [C:\Users\HP\Downloads\Medical\Medical_Affiliation\Medical_Affiliation.csproj]
C:\Users\HP\Downloads\Medical\Medical_Affiliation\Models\AdmissionLoginViewModel.cs(21,19): warning CS8618: Non-nullable property 'Captcha' must contain a non-null value when exiting constructor. Consider adding the 'required' modifier or declaring the property as nullable. [C:\Users\HP\Downloads\Medical\Medical_Affiliation\Medical_Affiliation.csproj]
C:\Users\HP\Downloads\Medical\Medical_Affiliation\Models\AdmissionLoginViewModel.cs(23,19): warning CS8618: Non-nullable property 'CaptchaCode' must contain a non-null value when exiting constructor. Consider adding the 'required' modifier or declaring the property as nullable. [C:\Users\HP\Downloads\Medical\Medical_Affiliation\Medical_Affiliation.csproj]
C:\Users\HP\Downloads\Medical\Medical_Affiliation\Models\AdmissionLoginViewModel.cs(30,19): warning CS8618: Non-nullable property 'FacultyId' must contain a non-null value when exiting constructor. Consider adding the 'required' modifier or declaring the property as nullable. [C:\Users\HP\Downloads\Medical\Medical_Affiliation\Medical_Affiliation.csproj]
C:\Users\HP\Downloads\Medical\Medical_Affiliation\Models\AdminLoginViewModel.cs(137,23): warning CS8618: Non-nullable property 'CourseName' must contain a non-null value when exiting constructor. Consider adding the 'required' modifier or declaring the property as nullable. [C:\Users\HP\Downloads\Medical\Medical_Affiliation\Medical_Affiliation.csproj]
C:\Users\HP\Downloads\Medical\Medical_Affiliation\Models\AddCourseToMstCourseViewModel.cs(726,19): warning CS8618: Non-nullable property 'TypeofMember' must contain a non-null value when exiting constructor. Consider adding the 'required' modifier or declaring the property as nullable. [C:\Users\HP\Downloads\Medical\Medical_Affiliation\Medical_Affiliation.csproj]
C:\Users\HP\Downloads\Medical\Medical_Affiliation\Models\AddCourseToMstCourseViewModel.cs(727,19): warning CS8618: Non-nullable property 'role' must contain a non-null value when exiting constructor. Consider adding the 'required' modifier or declaring the property as nullable. [C:\Users\HP\Downloads\Medical\Medical_Affiliation\Medical_Affiliation.csproj]
C:\Users\HP\Downloads\Medical\Medical_Affiliation\Models\AddCourseToMstCourseViewModel.cs(728,19): warning CS8618: Non-nullable property 'Name' must contain a non-null value when exiting constructor. Consider adding the 'required' modifier or declaring the property as nullable. [C:\Users\HP\Downloads\Medical\Medical_Affiliation\Medical_Affiliation.csproj]
C:\Users\HP\Downloads\Medical\Medical_Affiliation\Models\AddCourseToMstCourseViewModel.cs(730,19): warning CS8618: Non-nullable property 'PhoneNumber' must contain a non-null value when exiting constructor. Consider adding the 'required' modifier or declaring the property as nullable. [C:\Users\HP\Downloads\Medical\Medical_Affiliation\Medical_Affiliation.csproj]
C:\Users\HP\Downloads\Medical\Medical_Affiliation\Models\AddCourseToMstCourseViewModel.cs(731,19): warning CS8618: Non-nullable property 'Email' must contain a non-null value when exiting constructor. Consider adding the 'required' modifier or declaring the property as nullable. [C:\Users\HP\Downloads\Medical\Medical_Affiliation\Medical_Affiliation.csproj]
C:\Users\HP\Downloads\Medical\Medical_Affiliation\Models\AddCourseToMstCourseViewModel.cs(732,19): warning CS8618: Non-nullable property 'PANNumber' must contain a non-null value when exiting constructor. Consider adding the 'required' modifier or declaring the property as nullable. [C:\Users\HP\Downloads\Medical\Medical_Affiliation\Medical_Affiliation.csproj]
C:\Users\HP\Downloads\Medical\Medical_Affiliation\Models\AddCourseToMstCourseViewModel.cs(733,19): warning CS8618: Non-nullable property 'AadhaarNumber' must contain a non-null value when exiting constructor. Consider adding the 'required' modifier or declaring the property as nullable. [C:\Users\HP\Downloads\Medical\Medical_Affiliation\Medical_Affiliation.csproj]
C:\Users\HP\Downloads\Medical\Medical_Affiliation\Models\AddCourseToMstCourseViewModel.cs(736,19): warning CS8618: Non-nullable property 'ProfessionalFacultyId' must contain a non-null value when exiting constructor. Consider adding the 'required' modifier or declaring the property as nullable. [C:\Users\HP\Downloads\Medical\Medical_Affiliation\Medical_Affiliation.csproj]
C:\Users\HP\Downloads\Medical\Medical_Affiliation\Models\AddCourseToMstCourseViewModel.cs(737,33): warning CS8618: Non-nullable property 'FacultyOptions' must contain a non-null value when exiting constructor. Consider adding the 'required' modifier or declaring the property as nullable. [C:\Users\HP\Downloads\Medical\Medical_Affiliation\Medical_Affiliation.csproj]
C:\Users\HP\Downloads\Medical\Medical_Affiliation\Models\AddCourseToMstCourseViewModel.cs(740,19): warning CS8618: Non-nullable property 'ProfessionalCollegeCode' must contain a non-null value when exiting constructor. Consider adding the 'required' modifier or declaring the property as nullable. [C:\Users\HP\Downloads\Medical\Medical_Affiliation\Medical_Affiliation.csproj]
C:\Users\HP\Downloads\Medical\Medical_Affiliation\Models\AddCourseToMstCourseViewModel.cs(741,19): warning CS8618: Non-nullable property 'ProfessionalDepartment' must contain a non-null value when exiting constructor. Consider adding the 'required' modifier or declaring the property as nullable. [C:\Users\HP\Downloads\Medical\Medical_Affiliation\Medical_Affiliation.csproj]
C:\Users\HP\Downloads\Medical\Medical_Affiliation\Models\AddCourseToMstCourseViewModel.cs(742,33): warning CS8618: Non-nullable property 'CollegeOptions' must contain a non-null value when exiting constructor. Consider adding the 'required' modifier or declaring the property as nullable. [C:\Users\HP\Downloads\Medical\Medical_Affiliation\Medical_Affiliation.csproj]
C:\Users\HP\Downloads\Medical\Medical_Affiliation\Models\AddCourseToMstCourseViewModel.cs(743,33): warning CS8618: Non-nullable property 'DepartmentOptions' must contain a non-null value when exiting constructor. Consider adding the 'required' modifier or declaring the property as nullable. [C:\Users\HP\Downloads\Medical\Medical_Affiliation\Medical_Affiliation.csproj]
C:\Users\HP\Downloads\Medical\Medical_Affiliation\Models\AddCourseToMstCourseViewModel.cs(755,19): warning CS8618: Non-nullable property 'AccountHolderName' must contain a non-null value when exiting constructor. Consider adding the 'required' modifier or declaring the property as nullable. [C:\Users\HP\Downloads\Medical\Medical_Affiliation\Medical_Affiliation.csproj]
C:\Users\HP\Downloads\Medical\Medical_Affiliation\Models\AddCourseToMstCourseViewModel.cs(756,19): warning CS8618: Non-nullable property 'AccountNumber' must contain a non-null value when exiting constructor. Consider adding the 'required' modifier or declaring the property as nullable. [C:\Users\HP\Downloads\Medical\Medical_Affiliation\Medical_Affiliation.csproj]
C:\Users\HP\Downloads\Medical\Medical_Affiliation\Models\AddCourseToMstCourseViewModel.cs(757,19): warning CS8618: Non-nullable property 'IFSCCode' must contain a non-null value when exiting constructor. Consider adding the 'required' modifier or declaring the property as nullable. [C:\Users\HP\Downloads\Medical\Medical_Affiliation\Medical_Affiliation.csproj]
C:\Users\HP\Downloads\Medical\Medical_Affiliation\Models\AddCourseToMstCourseViewModel.cs(758,19): warning CS8618: Non-nullable property 'BankName' must contain a non-null value when exiting constructor. Consider adding the 'required' modifier or declaring the property as nullable. [C:\Users\HP\Downloads\Medical\Medical_Affiliation\Medical_Affiliation.csproj]
C:\Users\HP\Downloads\Medical\Medical_Affiliation\Models\AddCourseToMstCourseViewModel.cs(759,19): warning CS8618: Non-nullable property 'BranchName' must contain a non-null value when exiting constructor. Consider adding the 'required' modifier or declaring the property as nullable. [C:\Users\HP\Downloads\Medical\Medical_Affiliation\Medical_Affiliation.csproj]
C:\Users\HP\Downloads\Medical\Medical_Affiliation\Models\AddCourseToMstCourseViewModel.cs(773,19): warning CS8618: Non-nullable property 'FromPlace' must contain a non-null value when exiting constructor. Consider adding the 'required' modifier or declaring the property as nullable. [C:\Users\HP\Downloads\Medical\Medical_Affiliation\Medical_Affiliation.csproj]
C:\Users\HP\Downloads\Medical\Medical_Affiliation\Models\AddCourseToMstCourseViewModel.cs(775,19): warning CS8618: Non-nullable property 'ToPlace' must contain a non-null value when exiting constructor. Consider adding the 'required' modifier or declaring the property as nullable. [C:\Users\HP\Downloads\Medical\Medical_Affiliation\Medical_Affiliation.csproj]
C:\Users\HP\Downloads\Medical\Medical_Affiliation\Models\AddCourseToMstCourseViewModel.cs(779,19): warning CS8618: Non-nullable property 'SelectedCollegeCode' must contain a non-null value when exiting constructor. Consider adding the 'required' modifier or declaring the property as nullable. [C:\Users\HP\Downloads\Medical\Medical_Affiliation\Medical_Affiliation.csproj]
C:\Users\HP\Downloads\Medical\Medical_Affiliation\Models\AddCourseToMstCourseViewModel.cs(787,19): warning CS8618: Non-nullable property 'SelectedFacultyName' must contain a non-null value when exiting constructor. Consider adding the 'required' modifier or declaring the property as nullable. [C:\Users\HP\Downloads\Medical\Medical_Affiliation\Medical_Affiliation.csproj]
C:\Users\HP\Downloads\Medical\Medical_Affiliation\Models\AdmissionLoginViewModel.cs(46,19): warning CS8618: Non-nullable property 'Place' must contain a non-null value when exiting constructor. Consider adding the 'required' modifier or declaring the property as nullable. [C:\Users\HP\Downloads\Medical\Medical_Affiliation\Medical_Affiliation.csproj]
C:\Users\HP\Downloads\Medical\Medical_Affiliation\Models\AdmissionLoginViewModel.cs(48,19): warning CS8618: Non-nullable property 'Password' must contain a non-null value when exiting constructor. Consider adding the 'required' modifier or declaring the property as nullable. [C:\Users\HP\Downloads\Medical\Medical_Affiliation\Medical_Affiliation.csproj]
C:\Users\HP\Downloads\Medical\Medical_Affiliation\Models\AdmissionLoginViewModel.cs(49,19): warning CS8618: Non-nullable property 'NewPassword' must contain a non-null value when exiting constructor. Consider adding the 'required' modifier or declaring the property as nullable. [C:\Users\HP\Downloads\Medical\Medical_Affiliation\Medical_Affiliation.csproj]
C:\Users\HP\Downloads\Medical\Medical_Affiliation\Models\AdmissionLoginViewModel.cs(50,19): warning CS8618: Non-nullable property 'FacultyCode' must contain a non-null value when exiting constructor. Consider adding the 'required' modifier or declaring the property as nullable. [C:\Users\HP\Downloads\Medical\Medical_Affiliation\Medical_Affiliation.csproj]
C:\Users\HP\Downloads\Medical\Medical_Affiliation\Models\AddCourseToMstCourseViewModel.cs(317,19): warning CS8618: Non-nullable property 'CollegeCode' must contain a non-null value when exiting constructor. Consider adding the 'required' modifier or declaring the property as nullable. [C:\Users\HP\Downloads\Medical\Medical_Affiliation\Medical_Affiliation.csproj]
C:\Users\HP\Downloads\Medical\Medical_Affiliation\Models\AddCourseToMstCourseViewModel.cs(318,19): warning CS8618: Non-nullable property 'FacultyCode' must contain a non-null value when exiting constructor. Consider adding the 'required' modifier or declaring the property as nullable. [C:\Users\HP\Downloads\Medical\Medical_Affiliation\Medical_Affiliation.csproj]
C:\Users\HP\Downloads\Medical\Medical_Affiliation\Models\AddCourseToMstCourseViewModel.cs(323,19): warning CS8618: Non-nullable property 'TypeOfInstitution' must contain a non-null value when exiting constructor. Consider adding the 'required' modifier or declaring the property as nullable. [C:\Users\HP\Downloads\Medical\Medical_Affiliation\Medical_Affiliation.csproj]
C:\Users\HP\Downloads\Medical\Medical_Affiliation\Models\AddCourseToMstCourseViewModel.cs(327,19): warning CS8618: Non-nullable property 'NameOfInstitution' must contain a non-null value when exiting constructor. Consider adding the 'required' modifier or declaring the property as nullable. [C:\Users\HP\Downloads\Medical\Medical_Affiliation\Medical_Affiliation.csproj]
C:\Users\HP\Downloads\Medical\Medical_Affiliation\Models\AddCourseToMstCourseViewModel.cs(330,19): warning CS8618: Non-nullable property 'Address' must contain a non-null value when exiting constructor. Consider adding the 'required' modifier or declaring the property as nullable. [C:\Users\HP\Downloads\Medical\Medical_Affiliation\Medical_Affiliation.csproj]
C:\Users\HP\Downloads\Medical\Medical_Affiliation\Models\AddCourseToMstCourseViewModel.cs(332,19): warning CS8618: Non-nullable property 'VillageTownCity' must contain a non-null value when exiting constructor. Consider adding the 'required' modifier or declaring the property as nullable. [C:\Users\HP\Downloads\Medical\Medical_Affiliation\Medical_Affiliation.csproj]
C:\Users\HP\Downloads\Medical\Medical_Affiliation\Models\AddCourseToMstCourseViewModel.cs(334,19): warning CS8618: Non-nullable property 'Taluk' must contain a non-null value when exiting constructor. Consider adding the 'required' modifier or declaring the property as nullable. [C:\Users\HP\Downloads\Medical\Medical_Affiliation\Medical_Affiliation.csproj]
C:\Users\HP\Downloads\Medical\Medical_Affiliation\Models\AddCourseToMstCourseViewModel.cs(335,19): warning CS8618: Non-nullable property 'District' must contain a non-null value when exiting constructor. Consider adding the 'required' modifier or declaring the property as nullable. [C:\Users\HP\Downloads\Medical\Medical_Affiliation\Medical_Affiliation.csproj]
C:\Users\HP\Downloads\Medical\Medical_Affiliation\Models\AddCourseToMstCourseViewModel.cs(339,19): warning CS8618: Non-nullable property 'PinCode' must contain a non-null value when exiting constructor. Consider adding the 'required' modifier or declaring the property as nullable. [C:\Users\HP\Downloads\Medical\Medical_Affiliation\Medical_Affiliation.csproj]
C:\Users\HP\Downloads\Medical\Medical_Affiliation\Models\AddCourseToMstCourseViewModel.cs(344,19): warning CS8618: Non-nullable property 'MobileNumber' must contain a non-null value when exiting constructor. Consider adding the 'required' modifier or declaring the property as nullable. [C:\Users\HP\Downloads\Medical\Medical_Affiliation\Medical_Affiliation.csproj]
C:\Users\HP\Downloads\Medical\Medical_Affiliation\Models\AddCourseToMstCourseViewModel.cs(349,19): warning CS8618: Non-nullable property 'StdCode' must contain a non-null value when exiting constructor. Consider adding the 'required' modifier or declaring the property as nullable. [C:\Users\HP\Downloads\Medical\Medical_Affiliation\Medical_Affiliation.csproj]
C:\Users\HP\Downloads\Medical\Medical_Affiliation\Models\AddCourseToMstCourseViewModel.cs(357,19): warning CS8618: Non-nullable property 'Website' must contain a non-null value when exiting constructor. Consider adding the 'required' modifier or declaring the property as nullable. [C:\Users\HP\Downloads\Medical\Medical_Affiliation\Medical_Affiliation.csproj]
C:\Users\HP\Downloads\Medical\Medical_Affiliation\Models\AddCourseToMstCourseViewModel.cs(359,19): warning CS8618: Non-nullable property 'SurveyNoPidNo' must contain a non-null value when exiting constructor. Consider adding the 'required' modifier or declaring the property as nullable. [C:\Users\HP\Downloads\Medical\Medical_Affiliation\Medical_Affiliation.csproj]
C:\Users\HP\Downloads\Medical\Medical_Affiliation\Models\AddCourseToMstCourseViewModel.cs(368,19): warning CS8618: Non-nullable property 'YearOfEstablishment' must contain a non-null value when exiting constructor. Consider adding the 'required' modifier or declaring the property as nullable. [C:\Users\HP\Downloads\Medical\Medical_Affiliation\Medical_Affiliation.csproj]
C:\Users\HP\Downloads\Medical\Medical_Affiliation\Models\AddCourseToMstCourseViewModel.cs(373,19): warning CS8618: Non-nullable property 'EmailId' must contain a non-null value when exiting constructor. Consider adding the 'required' modifier or declaring the property as nullable. [C:\Users\HP\Downloads\Medical\Medical_Affiliation\Medical_Affiliation.csproj]
C:\Users\HP\Downloads\Medical\Medical_Affiliation\Models\AddCourseToMstCourseViewModel.cs(383,19): warning CS8618: Non-nullable property 'HeadAddress' must contain a non-null value when exiting constructor. Consider adding the 'required' modifier or declaring the property as nullable. [C:\Users\HP\Downloads\Medical\Medical_Affiliation\Medical_Affiliation.csproj]
C:\Users\HP\Downloads\Medical\Medical_Affiliation\Models\AddCourseToMstCourseViewModel.cs(385,19): warning CS8618: Non-nullable property 'FinancingAuthority' must contain a non-null value when exiting constructor. Consider adding the 'required' modifier or declaring the property as nullable. [C:\Users\HP\Downloads\Medical\Medical_Affiliation\Medical_Affiliation.csproj]
C:\Users\HP\Downloads\Medical\Medical_Affiliation\Models\AddCourseToMstCourseViewModel.cs(396,19): warning CS8618: Non-nullable property 'NodalOfficer_Name' must contain a non-null value when exiting constructor. Consider adding the 'required' modifier or declaring the property as nullable. [C:\Users\HP\Downloads\Medical\Medical_Affiliation\Medical_Affiliation.csproj]
C:\Users\HP\Downloads\Medical\Medical_Affiliation\Models\AddCourseToMstCourseViewModel.cs(399,19): warning CS8618: Non-nullable property 'NodalOfficer_Mob_Number' must contain a non-null value when exiting constructor. Consider adding the 'required' modifier or declaring the property as nullable. [C:\Users\HP\Downloads\Medical\Medical_Affiliation\Medical_Affiliation.csproj]
C:\Users\HP\Downloads\Medical\Medical_Affiliation\Models\AddCourseToMstCourseViewModel.cs(402,19): warning CS8618: Non-nullable property 'NodalOfficer_Email' must contain a non-null value when exiting constructor. Consider adding the 'required' modifier or declaring the property as nullable. [C:\Users\HP\Downloads\Medical\Medical_Affiliation\Medical_Affiliation.csproj]
C:\Users\HP\Downloads\Medical\Medical_Affiliation\Models\AddCourseToMstCourseViewModel.cs(405,19): warning CS8618: Non-nullable property 'Principal_Name' must contain a non-null value when exiting constructor. Consider adding the 'required' modifier or declaring the property as nullable. [C:\Users\HP\Downloads\Medical\Medical_Affiliation\Medical_Affiliation.csproj]
C:\Users\HP\Downloads\Medical\Medical_Affiliation\Models\AddCourseToMstCourseViewModel.cs(408,19): warning CS8618: Non-nullable property 'Principal_Mob_No' must contain a non-null value when exiting constructor. Consider adding the 'required' modifier or declaring the property as nullable. [C:\Users\HP\Downloads\Medical\Medical_Affiliation\Medical_Affiliation.csproj]
C:\Users\HP\Downloads\Medical\Medical_Affiliation\Models\AddCourseToMstCourseViewModel.cs(411,19): warning CS8618: Non-nullable property 'Principal_Email' must contain a non-null value when exiting constructor. Consider adding the 'required' modifier or declaring the property as nullable. [C:\Users\HP\Downloads\Medical\Medical_Affiliation\Medical_Affiliation.csproj]
C:\Users\HP\Downloads\Medical\Medical_Affiliation\Models\AddCourseToMstCourseViewModel.cs(425,19): warning CS8618: Non-nullable property 'College_URL' must contain a non-null value when exiting constructor. Consider adding the 'required' modifier or declaring the property as nullable. [C:\Users\HP\Downloads\Medical\Medical_Affiliation\Medical_Affiliation.csproj]
C:\Users\HP\Downloads\Medical\Medical_Affiliation\Models\AddCourseToMstCourseViewModel.cs(437,19): warning CS8618: Non-nullable property 'DeanName' must contain a non-null value when exiting constructor. Consider adding the 'required' modifier or declaring the property as nullable. [C:\Users\HP\Downloads\Medical\Medical_Affiliation\Medical_Affiliation.csproj]
C:\Users\HP\Downloads\Medical\Medical_Affiliation\Models\AddCourseToMstCourseViewModel.cs(451,19): warning CS8618: Non-nullable property 'MinorityCategory' must contain a non-null value when exiting constructor. Consider adding the 'required' modifier or declaring the property as nullable. [C:\Users\HP\Downloads\Medical\Medical_Affiliation\Medical_Affiliation.csproj]
C:\Users\HP\Downloads\Medical\Medical_Affiliation\Models\AddCourseToMstCourseViewModel.cs(452,19): warning CS8618: Non-nullable property 'RunningCourse' must contain a non-null value when exiting constructor. Consider adding the 'required' modifier or declaring the property as nullable. [C:\Users\HP\Downloads\Medical\Medical_Affiliation\Medical_Affiliation.csproj]
C:\Users\HP\Downloads\Medical\Medical_Affiliation\Models\AddCourseToMstCourseViewModel.cs(455,33): warning CS8618: Non-nullable property 'TalukList' must contain a non-null value when exiting constructor. Consider adding the 'required' modifier or declaring the property as nullable. [C:\Users\HP\Downloads\Medical\Medical_Affiliation\Medical_Affiliation.csproj]
C:\Users\HP\Downloads\Medical\Medical_Affiliation\Models\AddCourseToMstCourseViewModel.cs(456,33): warning CS8618: Non-nullable property 'DistrictList' must contain a non-null value when exiting constructor. Consider adding the 'required' modifier or declaring the property as nullable. [C:\Users\HP\Downloads\Medical\Medical_Affiliation\Medical_Affiliation.csproj]
C:\Users\HP\Downloads\Medical\Medical_Affiliation\Models\AddCourseToMstCourseViewModel.cs(457,33): warning CS8618: Non-nullable property 'CourseList' must contain a non-null value when exiting constructor. Consider adding the 'required' modifier or declaring the property as nullable. [C:\Users\HP\Downloads\Medical\Medical_Affiliation\Medical_Affiliation.csproj]
C:\Users\HP\Downloads\Medical\Medical_Affiliation\Models\AddCourseToMstCourseViewModel.cs(458,33): warning CS8618: Non-nullable property 'institutetypelist' must contain a non-null value when exiting constructor. Consider adding the 'required' modifier or declaring the property as nullable. [C:\Users\HP\Downloads\Medical\Medical_Affiliation\Medical_Affiliation.csproj]
C:\Users\HP\Downloads\Medical\Medical_Affiliation\Models\AddCourseToMstCourseViewModel.cs(459,33): warning CS8618: Non-nullable property 'Institutestatuslist' must contain a non-null value when exiting constructor. Consider adding the 'required' modifier or declaring the property as nullable. [C:\Users\HP\Downloads\Medical\Medical_Affiliation\Medical_Affiliation.csproj]
C:\Users\HP\Downloads\Medical\Medical_Affiliation\Models\AdmissionLoginViewModel.cs(115,19): warning CS8618: Non-nullable property 'CourseName' must contain a non-null value when exiting constructor. Consider adding the 'required' modifier or declaring the property as nullable. [C:\Users\HP\Downloads\Medical\Medical_Affiliation\Medical_Affiliation.csproj]
C:\Users\HP\Downloads\Medical\Medical_Affiliation\Models\AdmissionLoginViewModel.cs(119,19): warning CS8618: Non-nullable property 'CollegeCode' must contain a non-null value when exiting constructor. Consider adding the 'required' modifier or declaring the property as nullable. [C:\Users\HP\Downloads\Medical\Medical_Affiliation\Medical_Affiliation.csproj]
C:\Users\HP\Downloads\Medical\Medical_Affiliation\Models\AdmissionLoginViewModel.cs(70,19): warning CS8618: Non-nullable property 'username' must contain a non-null value when exiting constructor. Consider adding the 'required' modifier or declaring the property as nullable. [C:\Users\HP\Downloads\Medical\Medical_Affiliation\Medical_Affiliation.csproj]
C:\Users\HP\Downloads\Medical\Medical_Affiliation\Models\AdmissionLoginViewModel.cs(72,33): warning CS8618: Non-nullable property 'FacultyList' must contain a non-null value when exiting constructor. Consider adding the 'required' modifier or declaring the property as nullable. [C:\Users\HP\Downloads\Medical\Medical_Affiliation\Medical_Affiliation.csproj]
C:\Users\HP\Downloads\Medical\Medical_Affiliation\Models\AdmissionLoginViewModel.cs(73,31): warning CS8618: Non-nullable property 'CourseModel' must contain a non-null value when exiting constructor. Consider adding the 'required' modifier or declaring the property as nullable. [C:\Users\HP\Downloads\Medical\Medical_Affiliation\Medical_Affiliation.csproj]
C:\Users\HP\Downloads\Medical\Medical_Affiliation\Models\AdmissionLoginViewModel.cs(74,33): warning CS8618: Non-nullable property 'CollegeList' must contain a non-null value when exiting constructor. Consider adding the 'required' modifier or declaring the property as nullable. [C:\Users\HP\Downloads\Medical\Medical_Affiliation\Medical_Affiliation.csproj]
C:\Users\HP\Downloads\Medical\Medical_Affiliation\Models\AdmissionLoginViewModel.cs(75,37): warning CS8618: Non-nullable property 'ExistingCourses' must contain a non-null value when exiting constructor. Consider adding the 'required' modifier or declaring the property as nullable. [C:\Users\HP\Downloads\Medical\Medical_Affiliation\Medical_Affiliation.csproj]
C:\Users\HP\Downloads\Medical\Medical_Affiliation\Models\AdmissionLoginViewModel.cs(76,34): warning CS8618: Non-nullable property 'DeleteCourseModel' must contain a non-null value when exiting constructor. Consider adding the 'required' modifier or declaring the property as nullable. [C:\Users\HP\Downloads\Medical\Medical_Affiliation\Medical_Affiliation.csproj]
C:\Users\HP\Downloads\Medical\Medical_Affiliation\Models\AdmissionLoginViewModel.cs(77,33): warning CS8618: Non-nullable property 'CourseList' must contain a non-null value when exiting constructor. Consider adding the 'required' modifier or declaring the property as nullable. [C:\Users\HP\Downloads\Medical\Medical_Affiliation\Medical_Affiliation.csproj]
C:\Users\HP\Downloads\Medical\Medical_Affiliation\Models\AdmissionLoginViewModel.cs(78,33): warning CS8618: Non-nullable property 'CoursePrefixList' must contain a non-null value when exiting constructor. Consider adding the 'required' modifier or declaring the property as nullable. [C:\Users\HP\Downloads\Medical\Medical_Affiliation\Medical_Affiliation.csproj]
C:\Users\HP\Downloads\Medical\Medical_Affiliation\Models\AdmissionLoginViewModel.cs(79,33): warning CS8618: Non-nullable property 'CourseLevelList' must contain a non-null value when exiting constructor. Consider adding the 'required' modifier or declaring the property as nullable. [C:\Users\HP\Downloads\Medical\Medical_Affiliation\Medical_Affiliation.csproj]
C:\Users\HP\Downloads\Medical\Medical_Affiliation\Models\AdmissionLoginViewModel.cs(152,19): warning CS8618: Non-nullable property 'Value' must contain a non-null value when exiting constructor. Consider adding the 'required' modifier or declaring the property as nullable. [C:\Users\HP\Downloads\Medical\Medical_Affiliation\Medical_Affiliation.csproj]
C:\Users\HP\Downloads\Medical\Medical_Affiliation\Models\AdmissionLoginViewModel.cs(153,19): warning CS8618: Non-nullable property 'Text' must contain a non-null value when exiting constructor. Consider adding the 'required' modifier or declaring the property as nullable. [C:\Users\HP\Downloads\Medical\Medical_Affiliation\Medical_Affiliation.csproj]
C:\Users\HP\Downloads\Medical\Medical_Affiliation\Models\AdmissionLoginViewModel.cs(124,19): warning CS8618: Non-nullable property 'FacultyId' must contain a non-null value when exiting constructor. Consider adding the 'required' modifier or declaring the property as nullable. [C:\Users\HP\Downloads\Medical\Medical_Affiliation\Medical_Affiliation.csproj]
C:\Users\HP\Downloads\Medical\Medical_Affiliation\Models\AdmissionLoginViewModel.cs(125,19): warning CS8618: Non-nullable property 'FacultyName' must contain a non-null value when exiting constructor. Consider adding the 'required' modifier or declaring the property as nullable. [C:\Users\HP\Downloads\Medical\Medical_Affiliation\Medical_Affiliation.csproj]
C:\Users\HP\Downloads\Medical\Medical_Affiliation\Models\AdmissionLoginViewModel.cs(126,19): warning CS8618: Non-nullable property 'CollegeName' must contain a non-null value when exiting constructor. Consider adding the 'required' modifier or declaring the property as nullable. [C:\Users\HP\Downloads\Medical\Medical_Affiliation\Medical_Affiliation.csproj]
C:\Users\HP\Downloads\Medical\Medical_Affiliation\Models\AdmissionLoginViewModel.cs(128,19): warning CS8618: Non-nullable property 'selectedCollegeName' must contain a non-null value when exiting constructor. Consider adding the 'required' modifier or declaring the property as nullable. [C:\Users\HP\Downloads\Medical\Medical_Affiliation\Medical_Affiliation.csproj]
C:\Users\HP\Downloads\Medical\Medical_Affiliation\Models\AdmissionLoginViewModel.cs(137,19): warning CS8618: Non-nullable property 'FacultyId' must contain a non-null value when exiting constructor. Consider adding the 'required' modifier or declaring the property as nullable. [C:\Users\HP\Downloads\Medical\Medical_Affiliation\Medical_Affiliation.csproj]
C:\Users\HP\Downloads\Medical\Medical_Affiliation\Models\AdmissionLoginViewModel.cs(138,19): warning CS8618: Non-nullable property 'FacultyName' must contain a non-null value when exiting constructor. Consider adding the 'required' modifier or declaring the property as nullable. [C:\Users\HP\Downloads\Medical\Medical_Affiliation\Medical_Affiliation.csproj]
C:\Users\HP\Downloads\Medical\Medical_Affiliation\Models\AdmissionLoginViewModel.cs(139,19): warning CS8618: Non-nullable property 'CollegeName' must contain a non-null value when exiting constructor. Consider adding the 'required' modifier or declaring the property as nullable. [C:\Users\HP\Downloads\Medical\Medical_Affiliation\Medical_Affiliation.csproj]
C:\Users\HP\Downloads\Medical\Medical_Affiliation\Models\AdmissionLoginViewModel.cs(141,19): warning CS8618: Non-nullable property 'selectedCollegeName' must contain a non-null value when exiting constructor. Consider adding the 'required' modifier or declaring the property as nullable. [C:\Users\HP\Downloads\Medical\Medical_Affiliation\Medical_Affiliation.csproj]
C:\Users\HP\Downloads\Medical\Medical_Affiliation\Models\AddCourseToMstCourseViewModel.cs(659,19): warning CS8618: Non-nullable property 'Name' must contain a non-null value when exiting constructor. Consider adding the 'required' modifier or declaring the property as nullable. [C:\Users\HP\Downloads\Medical\Medical_Affiliation\Medical_Affiliation.csproj]
C:\Users\HP\Downloads\Medical\Medical_Affiliation\Models\AddCourseToMstCourseViewModel.cs(664,19): warning CS8618: Non-nullable property 'Email' must contain a non-null value when exiting constructor. Consider adding the 'required' modifier or declaring the property as nullable. [C:\Users\HP\Downloads\Medical\Medical_Affiliation\Medical_Affiliation.csproj]
C:\Users\HP\Downloads\Medical\Medical_Affiliation\Models\AddCourseToMstCourseViewModel.cs(669,19): warning CS8618: Non-nullable property 'PhoneNumber' must contain a non-null value when exiting constructor. Consider adding the 'required' modifier or declaring the property as nullable. [C:\Users\HP\Downloads\Medical\Medical_Affiliation\Medical_Affiliation.csproj]
C:\Users\HP\Downloads\Medical\Medical_Affiliation\Models\AddCourseToMstCourseViewModel.cs(674,19): warning CS8618: Non-nullable property 'Password' must contain a non-null value when exiting constructor. Consider adding the 'required' modifier or declaring the property as nullable. [C:\Users\HP\Downloads\Medical\Medical_Affiliation\Medical_Affiliation.csproj]
C:\Users\HP\Downloads\Medical\Medical_Affiliation\Models\AddCourseToMstCourseViewModel.cs(680,19): warning CS8618: Non-nullable property 'ConfirmPassword' must contain a non-null value when exiting constructor. Consider adding the 'required' modifier or declaring the property as nullable. [C:\Users\HP\Downloads\Medical\Medical_Affiliation\Medical_Affiliation.csproj]
C:\Users\HP\Downloads\Medical\Medical_Affiliation\Models\AddCourseToMstCourseViewModel.cs(683,19): warning CS8618: Non-nullable property 'TypeofMember' must contain a non-null value when exiting constructor. Consider adding the 'required' modifier or declaring the property as nullable. [C:\Users\HP\Downloads\Medical\Medical_Affiliation\Medical_Affiliation.csproj]
C:\Users\HP\Downloads\Medical\Medical_Affiliation\Models\AddCourseToMstCourseViewModel.cs(688,19): warning CS8618: Non-nullable property 'LoginIdentifier' must contain a non-null value when exiting constructor. Consider adding the 'required' modifier or declaring the property as nullable. [C:\Users\HP\Downloads\Medical\Medical_Affiliation\Medical_Affiliation.csproj]
C:\Users\HP\Downloads\Medical\Medical_Affiliation\Models\AddCourseToMstCourseViewModel.cs(692,19): warning CS8618: Non-nullable property 'LoginPassword' must contain a non-null value when exiting constructor. Consider adding the 'required' modifier or declaring the property as nullable. [C:\Users\HP\Downloads\Medical\Medical_Affiliation\Medical_Affiliation.csproj]
C:\Users\HP\Downloads\Medical\Medical_Affiliation\Models\AdminLoginViewModel.cs(119,23): warning CS8618: Non-nullable property 'CollegeCode' must contain a non-null value when exiting constructor. Consider adding the 'required' modifier or declaring the property as nullable. [C:\Users\HP\Downloads\Medical\Medical_Affiliation\Medical_Affiliation.csproj]
C:\Users\HP\Downloads\Medical\Medical_Affiliation\Models\AdmissionLoginViewModel.cs(226,19): warning CS8618: Non-nullable property 'CollegeName' must contain a non-null value when exiting constructor. Consider adding the 'required' modifier or declaring the property as nullable. [C:\Users\HP\Downloads\Medical\Medical_Affiliation\Medical_Affiliation.csproj]
C:\Users\HP\Downloads\Medical\Medical_Affiliation\Models\AdmissionLoginViewModel.cs(227,19): warning CS8618: Non-nullable property 'courseName' must contain a non-null value when exiting constructor. Consider adding the 'required' modifier or declaring the property as nullable. [C:\Users\HP\Downloads\Medical\Medical_Affiliation\Medical_Affiliation.csproj]
C:\Users\HP\Downloads\Medical\Medical_Affiliation\Models\AdmissionLoginViewModel.cs(228,19): warning CS8618: Non-nullable property 'subjectName' must contain a non-null value when exiting constructor. Consider adding the 'required' modifier or declaring the property as nullable. [C:\Users\HP\Downloads\Medical\Medical_Affiliation\Medical_Affiliation.csproj]
C:\Users\HP\Downloads\Medical\Medical_Affiliation\Models\AdmissionLoginViewModel.cs(231,19): warning CS8618: Non-nullable property 'PrincipalName' must contain a non-null value when exiting constructor. Consider adding the 'required' modifier or declaring the property as nullable. [C:\Users\HP\Downloads\Medical\Medical_Affiliation\Medical_Affiliation.csproj]
C:\Users\HP\Downloads\Medical\Medical_Affiliation\Models\AdmissionLoginViewModel.cs(232,19): warning CS8618: Non-nullable property 'CollegeCode' must contain a non-null value when exiting constructor. Consider adding the 'required' modifier or declaring the property as nullable. [C:\Users\HP\Downloads\Medical\Medical_Affiliation\Medical_Affiliation.csproj]
C:\Users\HP\Downloads\Medical\Medical_Affiliation\Models\AdmissionLoginViewModel.cs(233,19): warning CS8618: Non-nullable property 'SubjectCode' must contain a non-null value when exiting constructor. Consider adding the 'required' modifier or declaring the property as nullable. [C:\Users\HP\Downloads\Medical\Medical_Affiliation\Medical_Affiliation.csproj]
C:\Users\HP\Downloads\Medical\Medical_Affiliation\Models\AdmissionLoginViewModel.cs(194,19): warning CS8618: Non-nullable property 'FacultyCode' must contain a non-null value when exiting constructor. Consider adding the 'required' modifier or declaring the property as nullable. [C:\Users\HP\Downloads\Medical\Medical_Affiliation\Medical_Affiliation.csproj]
C:\Users\HP\Downloads\Medical\Medical_Affiliation\Models\AdmissionLoginViewModel.cs(195,19): warning CS8618: Non-nullable property 'CollegeCode' must contain a non-null value when exiting constructor. Consider adding the 'required' modifier or declaring the property as nullable. [C:\Users\HP\Downloads\Medical\Medical_Affiliation\Medical_Affiliation.csproj]
C:\Users\HP\Downloads\Medical\Medical_Affiliation\Models\AdmissionLoginViewModel.cs(196,19): warning CS8618: Non-nullable property 'CourseLevel' must contain a non-null value when exiting constructor. Consider adding the 'required' modifier or declaring the property as nullable. [C:\Users\HP\Downloads\Medical\Medical_Affiliation\Medical_Affiliation.csproj]
C:\Users\HP\Downloads\Medical\Medical_Affiliation\Models\AdmissionLoginViewModel.cs(203,19): warning CS8618: Non-nullable property 'FacultyAndCollege' must contain a non-null value when exiting constructor. Consider adding the 'required' modifier or declaring the property as nullable. [C:\Users\HP\Downloads\Medical\Medical_Affiliation\Medical_Affiliation.csproj]
C:\Users\HP\Downloads\Medical\Medical_Affiliation\Models\AdmissionLoginViewModel.cs(238,19): warning CS8618: Non-nullable property 'CollegeCode' must contain a non-null value when exiting constructor. Consider adding the 'required' modifier or declaring the property as nullable. [C:\Users\HP\Downloads\Medical\Medical_Affiliation\Medical_Affiliation.csproj]
C:\Users\HP\Downloads\Medical\Medical_Affiliation\Models\AdmissionLoginViewModel.cs(239,19): warning CS8618: Non-nullable property 'AllDocsForCourse' must contain a non-null value when exiting constructor. Consider adding the 'required' modifier or declaring the property as nullable. [C:\Users\HP\Downloads\Medical\Medical_Affiliation\Medical_Affiliation.csproj]
C:\Users\HP\Downloads\Medical\Medical_Affiliation\Models\AdmissionLoginViewModel.cs(240,22): warning CS8618: Non-nullable property 'AllDocsForCourse1' must contain a non-null value when exiting constructor. Consider adding the 'required' modifier or declaring the property as nullable. [C:\Users\HP\Downloads\Medical\Medical_Affiliation\Medical_Affiliation.csproj]
C:\Users\HP\Downloads\Medical\Medical_Affiliation\Models\AdmissionLoginViewModel.cs(242,19): warning CS8618: Non-nullable property 'CollegeName' must contain a non-null value when exiting constructor. Consider adding the 'required' modifier or declaring the property as nullable. [C:\Users\HP\Downloads\Medical\Medical_Affiliation\Medical_Affiliation.csproj]
C:\Users\HP\Downloads\Medical\Medical_Affiliation\Models\AdmissionLoginViewModel.cs(244,19): warning CS8618: Non-nullable property 'FacultyName' must contain a non-null value when exiting constructor. Consider adding the 'required' modifier or declaring the property as nullable. [C:\Users\HP\Downloads\Medical\Medical_Affiliation\Medical_Affiliation.csproj]
C:\Users\HP\Downloads\Medical\Medical_Affiliation\Models\AdmissionLoginViewModel.cs(245,19): warning CS8618: Non-nullable property 'CollegeTown' must contain a non-null value when exiting constructor. Consider adding the 'required' modifier or declaring the property as nullable. [C:\Users\HP\Downloads\Medical\Medical_Affiliation\Medical_Affiliation.csproj]
C:\Users\HP\Downloads\Medical\Medical_Affiliation\Models\AdmissionLoginViewModel.cs(246,53): warning CS8618: Non-nullable property 'Courses' must contain a non-null value when exiting constructor. Consider adding the 'required' modifier or declaring the property as nullable. [C:\Users\HP\Downloads\Medical\Medical_Affiliation\Medical_Affiliation.csproj]
C:\Users\HP\Downloads\Medical\Medical_Affiliation\Models\AdmissionLoginViewModel.cs(267,19): warning CS8618: Non-nullable property 'CollegeName' must contain a non-null value when exiting constructor. Consider adding the 'required' modifier or declaring the property as nullable. [C:\Users\HP\Downloads\Medical\Medical_Affiliation\Medical_Affiliation.csproj]
C:\Users\HP\Downloads\Medical\Medical_Affiliation\Models\AdmissionLoginViewModel.cs(268,19): warning CS8618: Non-nullable property 'FacultyName' must contain a non-null value when exiting constructor. Consider adding the 'required' modifier or declaring the property as nullable. [C:\Users\HP\Downloads\Medical\Medical_Affiliation\Medical_Affiliation.csproj]
C:\Users\HP\Downloads\Medical\Medical_Affiliation\Models\AdminLoginViewModel.cs(108,23): warning CS8618: Non-nullable property 'username' must contain a non-null value when exiting constructor. Consider adding the 'required' modifier or declaring the property as nullable. [C:\Users\HP\Downloads\Medical\Medical_Affiliation\Medical_Affiliation.csproj]
C:\Users\HP\Downloads\Medical\Medical_Affiliation\Models\AdminLoginViewModel.cs(109,35): warning CS8618: Non-nullable property 'CourseModel' must contain a non-null value when exiting constructor. Consider adding the 'required' modifier or declaring the property as nullable. [C:\Users\HP\Downloads\Medical\Medical_Affiliation\Medical_Affiliation.csproj]
C:\Users\HP\Downloads\Medical\Medical_Affiliation\Models\AdminLoginViewModel.cs(110,37): warning CS8618: Non-nullable property 'CollegeList' must contain a non-null value when exiting constructor. Consider adding the 'required' modifier or declaring the property as nullable. [C:\Users\HP\Downloads\Medical\Medical_Affiliation\Medical_Affiliation.csproj]
C:\Users\HP\Downloads\Medical\Medical_Affiliation\Models\AdminLoginViewModel.cs(111,41): warning CS8618: Non-nullable property 'ExistingCourses' must contain a non-null value when exiting constructor. Consider adding the 'required' modifier or declaring the property as nullable. [C:\Users\HP\Downloads\Medical\Medical_Affiliation\Medical_Affiliation.csproj]
C:\Users\HP\Downloads\Medical\Medical_Affiliation\Models\AdminLoginViewModel.cs(112,38): warning CS8618: Non-nullable property 'DeleteCourseModel' must contain a non-null value when exiting constructor. Consider adding the 'required' modifier or declaring the property as nullable. [C:\Users\HP\Downloads\Medical\Medical_Affiliation\Medical_Affiliation.csproj]
C:\Users\HP\Downloads\Medical\Medical_Affiliation\Models\AdmissionLoginViewModel.cs(307,19): warning CS8618: Non-nullable property 'PrincipalName' must contain a non-null value when exiting constructor. Consider adding the 'required' modifier or declaring the property as nullable. [C:\Users\HP\Downloads\Medical\Medical_Affiliation\Medical_Affiliation.csproj]
C:\Users\HP\Downloads\Medical\Medical_Affiliation\Models\AdmissionLoginViewModel.cs(311,19): warning CS8618: Non-nullable property 'PrincipalMobileNo' must contain a non-null value when exiting constructor. Consider adding the 'required' modifier or declaring the property as nullable. [C:\Users\HP\Downloads\Medical\Medical_Affiliation\Medical_Affiliation.csproj]
C:\Users\HP\Downloads\Medical\Medical_Affiliation\Models\AdmissionLoginViewModel.cs(315,19): warning CS8618: Non-nullable property 'CollegeEmail' must contain a non-null value when exiting constructor. Consider adding the 'required' modifier or declaring the property as nullable. [C:\Users\HP\Downloads\Medical\Medical_Affiliation\Medical_Affiliation.csproj]
C:\Users\HP\Downloads\Medical\Medical_Affiliation\Models\AdmissionLoginViewModel.cs(319,19): warning CS8618: Non-nullable property 'CollegeMobileNo' must contain a non-null value when exiting constructor. Consider adding the 'required' modifier or declaring the property as nullable. [C:\Users\HP\Downloads\Medical\Medical_Affiliation\Medical_Affiliation.csproj]
C:\Users\HP\Downloads\Medical\Medical_Affiliation\Models\AdmissionLoginViewModel.cs(253,19): warning CS8618: Non-nullable property 'CourseName' must contain a non-null value when exiting constructor. Consider adding the 'required' modifier or declaring the property as nullable. [C:\Users\HP\Downloads\Medical\Medical_Affiliation\Medical_Affiliation.csproj]
C:\Users\HP\Downloads\Medical\Medical_Affiliation\Models\AdmissionLoginViewModel.cs(259,19): warning CS8618: Non-nullable property 'Remarks' must contain a non-null value when exiting constructor. Consider adding the 'required' modifier or declaring the property as nullable. [C:\Users\HP\Downloads\Medical\Medical_Affiliation\Medical_Affiliation.csproj]
C:\Users\HP\Downloads\Medical\Medical_Affiliation\Models\AdmissionLoginViewModel.cs(260,19): warning CS8618: Non-nullable property 'ViewDocument' must contain a non-null value when exiting constructor. Consider adding the 'required' modifier or declaring the property as nullable. [C:\Users\HP\Downloads\Medical\Medical_Affiliation\Medical_Affiliation.csproj]
C:\Users\HP\Downloads\Medical\Medical_Affiliation\Models\AdmissionLoginViewModel.cs(207,19): warning CS8618: Non-nullable property 'CollegeCode' must contain a non-null value when exiting constructor. Consider adding the 'required' modifier or declaring the property as nullable. [C:\Users\HP\Downloads\Medical\Medical_Affiliation\Medical_Affiliation.csproj]
C:\Users\HP\Downloads\Medical\Medical_Affiliation\Models\AdmissionLoginViewModel.cs(208,19): warning CS8618: Non-nullable property 'CollegeName' must contain a non-null value when exiting constructor. Consider adding the 'required' modifier or declaring the property as nullable. [C:\Users\HP\Downloads\Medical\Medical_Affiliation\Medical_Affiliation.csproj]
C:\Users\HP\Downloads\Medical\Medical_Affiliation\Models\AdmissionLoginViewModel.cs(212,19): warning CS8618: Non-nullable property 'CollegeTown' must contain a non-null value when exiting constructor. Consider adding the 'required' modifier or declaring the property as nullable. [C:\Users\HP\Downloads\Medical\Medical_Affiliation\Medical_Affiliation.csproj]
C:\Users\HP\Downloads\Medical\Medical_Affiliation\Models\AdmissionLoginViewModel.cs(213,19): warning CS8618: Non-nullable property 'PrincipalName' must contain a non-null value when exiting constructor. Consider adding the 'required' modifier or declaring the property as nullable. [C:\Users\HP\Downloads\Medical\Medical_Affiliation\Medical_Affiliation.csproj]
C:\Users\HP\Downloads\Medical\Medical_Affiliation\Models\AdmissionLoginViewModel.cs(214,19): warning CS8618: Non-nullable property 'FacultyCode' must contain a non-null value when exiting constructor. Consider adding the 'required' modifier or declaring the property as nullable. [C:\Users\HP\Downloads\Medical\Medical_Affiliation\Medical_Affiliation.csproj]
C:\Users\HP\Downloads\Medical\Medical_Affiliation\Models\AdmissionLoginViewModel.cs(215,19): warning CS8618: Non-nullable property 'CourseLevel' must contain a non-null value when exiting constructor. Consider adding the 'required' modifier or declaring the property as nullable. [C:\Users\HP\Downloads\Medical\Medical_Affiliation\Medical_Affiliation.csproj]
C:\Users\HP\Downloads\Medical\Medical_Affiliation\Models\AdmissionLoginViewModel.cs(216,19): warning CS8618: Non-nullable property 'CourseName' must contain a non-null value when exiting constructor. Consider adding the 'required' modifier or declaring the property as nullable. [C:\Users\HP\Downloads\Medical\Medical_Affiliation\Medical_Affiliation.csproj]
C:\Users\HP\Downloads\Medical\Medical_Affiliation\Models\AdminLoginViewModel.cs(102,23): warning CS8618: Non-nullable property 'CollegeCode' must contain a non-null value when exiting constructor. Consider adding the 'required' modifier or declaring the property as nullable. [C:\Users\HP\Downloads\Medical\Medical_Affiliation\Medical_Affiliation.csproj]
C:\Users\HP\Downloads\Medical\Medical_Affiliation\Models\AdminLoginViewModel.cs(103,23): warning CS8618: Non-nullable property 'CourseName' must contain a non-null value when exiting constructor. Consider adding the 'required' modifier or declaring the property as nullable. [C:\Users\HP\Downloads\Medical\Medical_Affiliation\Medical_Affiliation.csproj]
C:\Users\HP\Downloads\Medical\Medical_Affiliation\Models\AdmissionLoginViewModel.cs(487,19): warning CS8618: Non-nullable property 'CollegeCode' must contain a non-null value when exiting constructor. Consider adding the 'required' modifier or declaring the property as nullable. [C:\Users\HP\Downloads\Medical\Medical_Affiliation\Medical_Affiliation.csproj]
C:\Users\HP\Downloads\Medical\Medical_Affiliation\Models\AdmissionLoginViewModel.cs(488,19): warning CS8618: Non-nullable property 'FacultyCode' must contain a non-null value when exiting constructor. Consider adding the 'required' modifier or declaring the property as nullable. [C:\Users\HP\Downloads\Medical\Medical_Affiliation\Medical_Affiliation.csproj]
C:\Users\HP\Downloads\Medical\Medical_Affiliation\Models\AdmissionLoginViewModel.cs(491,19): warning CS8618: Non-nullable property 'ParametersName' must contain a non-null value when exiting constructor. Consider adding the 'required' modifier or declaring the property as nullable. [C:\Users\HP\Downloads\Medical\Medical_Affiliation\Medical_Affiliation.csproj]
C:\Users\HP\Downloads\Medical\Medical_Affiliation\Models\AdmissionLoginViewModel.cs(493,19): warning CS8618: Non-nullable property 'Year1' must contain a non-null value when exiting constructor. Consider adding the 'required' modifier or declaring the property as nullable. [C:\Users\HP\Downloads\Medical\Medical_Affiliation\Medical_Affiliation.csproj]
C:\Users\HP\Downloads\Medical\Medical_Affiliation\Models\AdmissionLoginViewModel.cs(494,19): warning CS8618: Non-nullable property 'Year2' must contain a non-null value when exiting constructor. Consider adding the 'required' modifier or declaring the property as nullable. [C:\Users\HP\Downloads\Medical\Medical_Affiliation\Medical_Affiliation.csproj]
C:\Users\HP\Downloads\Medical\Medical_Affiliation\Models\AdmissionLoginViewModel.cs(495,19): warning CS8618: Non-nullable property 'Year3' must contain a non-null value when exiting constructor. Consider adding the 'required' modifier or declaring the property as nullable. [C:\Users\HP\Downloads\Medical\Medical_Affiliation\Medical_Affiliation.csproj]
C:\Users\HP\Downloads\Medical\Medical_Affiliation\Models\AdmissionLoginViewModel.cs(561,19): warning CS8618: Non-nullable property 'CourseLevel' must contain a non-null value when exiting constructor. Consider adding the 'required' modifier or declaring the property as nullable. [C:\Users\HP\Downloads\Medical\Medical_Affiliation\Medical_Affiliation.csproj]
C:\Users\HP\Downloads\Medical\Medical_Affiliation\Models\AdmissionLoginViewModel.cs(564,19): warning CS8618: Non-nullable property 'CourseCode' must contain a non-null value when exiting constructor. Consider adding the 'required' modifier or declaring the property as nullable. [C:\Users\HP\Downloads\Medical\Medical_Affiliation\Medical_Affiliation.csproj]
C:\Users\HP\Downloads\Medical\Medical_Affiliation\Models\AdmissionLoginViewModel.cs(565,19): warning CS8618: Non-nullable property 'IntakeDetails' must contain a non-null value when exiting constructor. Consider adding the 'required' modifier or declaring the property as nullable. [C:\Users\HP\Downloads\Medical\Medical_Affiliation\Medical_Affiliation.csproj]
C:\Users\HP\Downloads\Medical\Medical_Affiliation\Models\AdmissionLoginViewModel.cs(567,19): warning CS8618: Non-nullable property 'FreshOrIncrease' must contain a non-null value when exiting constructor. Consider adding the 'required' modifier or declaring the property as nullable. [C:\Users\HP\Downloads\Medical\Medical_Affiliation\Medical_Affiliation.csproj]
C:\Users\HP\Downloads\Medical\Medical_Affiliation\Models\AdmissionLoginViewModel.cs(574,22): warning CS8618: Non-nullable property 'RGUHSNotificationFile' must contain a non-null value when exiting constructor. Consider adding the 'required' modifier or declaring the property as nullable. [C:\Users\HP\Downloads\Medical\Medical_Affiliation\Medical_Affiliation.csproj]
C:\Users\HP\Downloads\Medical\Medical_Affiliation\Models\AdmissionLoginViewModel.cs(575,22): warning CS8618: Non-nullable property 'INCUploadFile' must contain a non-null value when exiting constructor. Consider adding the 'required' modifier or declaring the property as nullable. [C:\Users\HP\Downloads\Medical\Medical_Affiliation\Medical_Affiliation.csproj]
C:\Users\HP\Downloads\Medical\Medical_Affiliation\Models\AdmissionLoginViewModel.cs(576,22): warning CS8618: Non-nullable property 'KNMCUploadFile' must contain a non-null value when exiting constructor. Consider adding the 'required' modifier or declaring the property as nullable. [C:\Users\HP\Downloads\Medical\Medical_Affiliation\Medical_Affiliation.csproj]
C:\Users\HP\Downloads\Medical\Medical_Affiliation\Models\AdmissionLoginViewModel.cs(577,22): warning CS8618: Non-nullable property 'GOKUploadFile' must contain a non-null value when exiting constructor. Consider adding the 'required' modifier or declaring the property as nullable. [C:\Users\HP\Downloads\Medical\Medical_Affiliation\Medical_Affiliation.csproj]
C:\Users\HP\Downloads\Medical\Medical_Affiliation\Models\AdmissionLoginViewModel.cs(436,19): warning CS8618: Non-nullable property 'Faculty' must contain a non-null value when exiting constructor. Consider adding the 'required' modifier or declaring the property as nullable. [C:\Users\HP\Downloads\Medical\Medical_Affiliation\Medical_Affiliation.csproj]
C:\Users\HP\Downloads\Medical\Medical_Affiliation\Models\AdmissionLoginViewModel.cs(582,19): warning CS8618: Non-nullable property 'Designation' must contain a non-null value when exiting constructor. Consider adding the 'required' modifier or declaring the property as nullable. [C:\Users\HP\Downloads\Medical\Medical_Affiliation\Medical_Affiliation.csproj]
C:\Users\HP\Downloads\Medical\Medical_Affiliation\Models\AdmissionLoginViewModel.cs(583,19): warning CS8618: Non-nullable property 'Department' must contain a non-null value when exiting constructor. Consider adding the 'required' modifier or declaring the property as nullable. [C:\Users\HP\Downloads\Medical\Medical_Affiliation\Medical_Affiliation.csproj]
C:\Users\HP\Downloads\Medical\Medical_Affiliation\Models\AdmissionLoginViewModel.cs(584,19): warning CS8618: Non-nullable property 'RequiredIntake' must contain a non-null value when exiting constructor. Consider adding the 'required' modifier or declaring the property as nullable. [C:\Users\HP\Downloads\Medical\Medical_Affiliation\Medical_Affiliation.csproj]
C:\Users\HP\Downloads\Medical\Medical_Affiliation\Models\AdmissionLoginViewModel.cs(585,19): warning CS8618: Non-nullable property 'AvailableIntake' must contain a non-null value when exiting constructor. Consider adding the 'required' modifier or declaring the property as nullable. [C:\Users\HP\Downloads\Medical\Medical_Affiliation\Medical_Affiliation.csproj]
C:\Users\HP\Downloads\Medical\Medical_Affiliation\Models\AdmissionLoginViewModel.cs(537,19): warning CS8618: Non-nullable property 'CourseLevel' must contain a non-null value when exiting constructor. Consider adding the 'required' modifier or declaring the property as nullable. [C:\Users\HP\Downloads\Medical\Medical_Affiliation\Medical_Affiliation.csproj]
C:\Users\HP\Downloads\Medical\Medical_Affiliation\Models\AdmissionLoginViewModel.cs(540,19): warning CS8618: Non-nullable property 'CourseCode' must contain a non-null value when exiting constructor. Consider adding the 'required' modifier or declaring the property as nullable. [C:\Users\HP\Downloads\Medical\Medical_Affiliation\Medical_Affiliation.csproj]
C:\Users\HP\Downloads\Medical\Medical_Affiliation\Models\AdmissionLoginViewModel.cs(541,19): warning CS8618: Non-nullable property 'IntakeDetails' must contain a non-null value when exiting constructor. Consider adding the 'required' modifier or declaring the property as nullable. [C:\Users\HP\Downloads\Medical\Medical_Affiliation\Medical_Affiliation.csproj]
C:\Users\HP\Downloads\Medical\Medical_Affiliation\Models\AdmissionLoginViewModel.cs(543,19): warning CS8618: Non-nullable property 'FreshOrIncrease' must contain a non-null value when exiting constructor. Consider adding the 'required' modifier or declaring the property as nullable. [C:\Users\HP\Downloads\Medical\Medical_Affiliation\Medical_Affiliation.csproj]
C:\Users\HP\Downloads\Medical\Medical_Affiliation\Models\AdmissionLoginViewModel.cs(550,22): warning CS8618: Non-nullable property 'RGUHSNotificationFile' must contain a non-null value when exiting constructor. Consider adding the 'required' modifier or declaring the property as nullable. [C:\Users\HP\Downloads\Medical\Medical_Affiliation\Medical_Affiliation.csproj]
C:\Users\HP\Downloads\Medical\Medical_Affiliation\Models\AdmissionLoginViewModel.cs(551,22): warning CS8618: Non-nullable property 'GOKUploadFile' must contain a non-null value when exiting constructor. Consider adding the 'required' modifier or declaring the property as nullable. [C:\Users\HP\Downloads\Medical\Medical_Affiliation\Medical_Affiliation.csproj]
C:\Users\HP\Downloads\Medical\Medical_Affiliation\Models\AdmissionLoginViewModel.cs(552,22): warning CS8618: Non-nullable property 'NciscUploadFile' must contain a non-null value when exiting constructor. Consider adding the 'required' modifier or declaring the property as nullable. [C:\Users\HP\Downloads\Medical\Medical_Affiliation\Medical_Affiliation.csproj]
C:\Users\HP\Downloads\Medical\Medical_Affiliation\Models\CollegeLoginViewModel.cs(19,19): warning CS8618: Non-nullable property 'UserName' must contain a non-null value when exiting constructor. Consider adding the 'required' modifier or declaring the property as nullable. [C:\Users\HP\Downloads\Medical\Medical_Affiliation\Medical_Affiliation.csproj]
C:\Users\HP\Downloads\Medical\Medical_Affiliation\Models\CollegeLoginViewModel.cs(20,19): warning CS8618: Non-nullable property 'Password' must contain a non-null value when exiting constructor. Consider adding the 'required' modifier or declaring the property as nullable. [C:\Users\HP\Downloads\Medical\Medical_Affiliation\Medical_Affiliation.csproj]
C:\Users\HP\Downloads\Medical\Medical_Affiliation\Models\AdminLoginViewModel.cs(87,23): warning CS8618: Non-nullable property 'Place' must contain a non-null value when exiting constructor. Consider adding the 'required' modifier or declaring the property as nullable. [C:\Users\HP\Downloads\Medical\Medical_Affiliation\Medical_Affiliation.csproj]
C:\Users\HP\Downloads\Medical\Medical_Affiliation\Models\AdminLoginViewModel.cs(89,23): warning CS8618: Non-nullable property 'Password' must contain a non-null value when exiting constructor. Consider adding the 'required' modifier or declaring the property as nullable. [C:\Users\HP\Downloads\Medical\Medical_Affiliation\Medical_Affiliation.csproj]
C:\Users\HP\Downloads\Medical\Medical_Affiliation\Models\AdminLoginViewModel.cs(90,23): warning CS8618: Non-nullable property 'NewPassword' must contain a non-null value when exiting constructor. Consider adding the 'required' modifier or declaring the property as nullable. [C:\Users\HP\Downloads\Medical\Medical_Affiliation\Medical_Affiliation.csproj]
C:\Users\HP\Downloads\Medical\Medical_Affiliation\Models\EquipmentMasterViewModel.cs(8,19): warning CS8618: Non-nullable property 'EquipmentName' must contain a non-null value when exiting constructor. Consider adding the 'required' modifier or declaring the property as nullable. [C:\Users\HP\Downloads\Medical\Medical_Affiliation\Medical_Affiliation.csproj]
C:\Users\HP\Downloads\Medical\Medical_Affiliation\Models\EquipmentMasterViewModel.cs(11,19): warning CS8618: Non-nullable property 'DepartmentCode' must contain a non-null value when exiting constructor. Consider adding the 'required' modifier or declaring the property as nullable. [C:\Users\HP\Downloads\Medical\Medical_Affiliation\Medical_Affiliation.csproj]
C:\Users\HP\Downloads\Medical\Medical_Affiliation\Models\EquipmentMasterViewModel.cs(15,33): warning CS8618: Non-nullable property 'Departments' must contain a non-null value when exiting constructor. Consider adding the 'required' modifier or declaring the property as nullable. [C:\Users\HP\Downloads\Medical\Medical_Affiliation\Medical_Affiliation.csproj]
C:\Users\HP\Downloads\Medical\Medical_Affiliation\Models\CollegeLoginViewModel.cs(5,19): warning CS8618: Non-nullable property 'CollegeId' must contain a non-null value when exiting constructor. Consider adding the 'required' modifier or declaring the property as nullable. [C:\Users\HP\Downloads\Medical\Medical_Affiliation\Medical_Affiliation.csproj]
C:\Users\HP\Downloads\Medical\Medical_Affiliation\Models\CollegeLoginViewModel.cs(7,19): warning CS8618: Non-nullable property 'Password' must contain a non-null value when exiting constructor. Consider adding the 'required' modifier or declaring the property as nullable. [C:\Users\HP\Downloads\Medical\Medical_Affiliation\Medical_Affiliation.csproj]
C:\Users\HP\Downloads\Medical\Medical_Affiliation\Models\CollegeLoginViewModel.cs(8,19): warning CS8618: Non-nullable property 'CaptchaCode' must contain a non-null value when exiting constructor. Consider adding the 'required' modifier or declaring the property as nullable. [C:\Users\HP\Downloads\Medical\Medical_Affiliation\Medical_Affiliation.csproj]
C:\Users\HP\Downloads\Medical\Medical_Affiliation\Models\CollegeLoginViewModel.cs(14,33): warning CS8618: Non-nullable property 'Colleges' must contain a non-null value when exiting constructor. Consider adding the 'required' modifier or declaring the property as nullable. [C:\Users\HP\Downloads\Medical\Medical_Affiliation\Medical_Affiliation.csproj]
C:\Users\HP\Downloads\Medical\Medical_Affiliation\Models\CollegeLoginViewModel.cs(15,33): warning CS8618: Non-nullable property 'Faculties' must contain a non-null value when exiting constructor. Consider adding the 'required' modifier or declaring the property as nullable. [C:\Users\HP\Downloads\Medical\Medical_Affiliation\Medical_Affiliation.csproj]
C:\Users\HP\Downloads\Medical\Medical_Affiliation\Models\AddCourseToMstCourseViewModel.cs(97,19): warning CS8618: Non-nullable property 'Course' must contain a non-null value when exiting constructor. Consider adding the 'required' modifier or declaring the property as nullable. [C:\Users\HP\Downloads\Medical\Medical_Affiliation\Medical_Affiliation.csproj]
C:\Users\HP\Downloads\Medical\Medical_Affiliation\Models\AddCourseToMstCourseViewModel.cs(98,19): warning CS8618: Non-nullable property 'Year' must contain a non-null value when exiting constructor. Consider adding the 'required' modifier or declaring the property as nullable. [C:\Users\HP\Downloads\Medical\Medical_Affiliation\Medical_Affiliation.csproj]
C:\Users\HP\Downloads\Medical\Medical_Affiliation\Models\StepItem.cs(3,19): warning CS8618: Non-nullable property 'Key' must contain a non-null value when exiting constructor. Consider adding the 'required' modifier or declaring the property as nullable. [C:\Users\HP\Downloads\Medical\Medical_Affiliation\Medical_Affiliation.csproj]
C:\Users\HP\Downloads\Medical\Medical_Affiliation\Models\StepItem.cs(4,19): warning CS8618: Non-nullable property 'Label' must contain a non-null value when exiting constructor. Consider adding the 'required' modifier or declaring the property as nullable. [C:\Users\HP\Downloads\Medical\Medical_Affiliation\Medical_Affiliation.csproj]
C:\Users\HP\Downloads\Medical\Medical_Affiliation\Models\StepItem.cs(5,19): warning CS8618: Non-nullable property 'Group' must contain a non-null value when exiting constructor. Consider adding the 'required' modifier or declaring the property as nullable. [C:\Users\HP\Downloads\Medical\Medical_Affiliation\Medical_Affiliation.csproj]
C:\Users\HP\Downloads\Medical\Medical_Affiliation\Models\StepItem.cs(6,19): warning CS8618: Non-nullable property 'Ctrl' must contain a non-null value when exiting constructor. Consider adding the 'required' modifier or declaring the property as nullable. [C:\Users\HP\Downloads\Medical\Medical_Affiliation\Medical_Affiliation.csproj]
C:\Users\HP\Downloads\Medical\Medical_Affiliation\Models\StepItem.cs(7,19): warning CS8618: Non-nullable property 'Act' must contain a non-null value when exiting constructor. Consider adding the 'required' modifier or declaring the property as nullable. [C:\Users\HP\Downloads\Medical\Medical_Affiliation\Medical_Affiliation.csproj]
C:\Users\HP\Downloads\Medical\Medical_Affiliation\Models\MedicalInstituteDetailViewModel.cs(397,19): warning CS8618: Non-nullable property 'CourseName' must contain a non-null value when exiting constructor. Consider adding the 'required' modifier or declaring the property as nullable. [C:\Users\HP\Downloads\Medical\Medical_Affiliation\Medical_Affiliation.csproj]
C:\Users\HP\Downloads\Medical\Medical_Affiliation\Models\AdmissionLoginViewModel.cs(768,19): warning CS8618: Non-nullable property 'Name' must contain a non-null value when exiting constructor. Consider adding the 'required' modifier or declaring the property as nullable. [C:\Users\HP\Downloads\Medical\Medical_Affiliation\Medical_Affiliation.csproj]
C:\Users\HP\Downloads\Medical\Medical_Affiliation\Models\AdmissionLoginViewModel.cs(770,19): warning CS8618: Non-nullable property 'Designation' must contain a non-null value when exiting constructor. Consider adding the 'required' modifier or declaring the property as nullable. [C:\Users\HP\Downloads\Medical\Medical_Affiliation\Medical_Affiliation.csproj]
C:\Users\HP\Downloads\Medical\Medical_Affiliation\Models\AdmissionLoginViewModel.cs(772,19): warning CS8618: Non-nullable property 'MobileNumber' must contain a non-null value when exiting constructor. Consider adding the 'required' modifier or declaring the property as nullable. [C:\Users\HP\Downloads\Medical\Medical_Affiliation\Medical_Affiliation.csproj]
C:\Users\HP\Downloads\Medical\Medical_Affiliation\Models\MedicalInstituteDetailViewModel.cs(336,23): warning CS8618: Non-nullable property 'UGIntake' must contain a non-null value when exiting constructor. Consider adding the 'required' modifier or declaring the property as nullable. [C:\Users\HP\Downloads\Medical\Medical_Affiliation\Medical_Affiliation.csproj]
C:\Users\HP\Downloads\Medical\Medical_Affiliation\Models\MedicalInstituteDetailViewModel.cs(337,23): warning CS8618: Non-nullable property 'Course' must contain a non-null value when exiting constructor. Consider adding the 'required' modifier or declaring the property as nullable. [C:\Users\HP\Downloads\Medical\Medical_Affiliation\Medical_Affiliation.csproj]
C:\Users\HP\Downloads\Medical\Medical_Affiliation\Models\MedicalInstituteDetailViewModel.cs(338,23): warning CS8618: Non-nullable property 'FreshOrIncrease' must contain a non-null value when exiting constructor. Consider adding the 'required' modifier or declaring the property as nullable. [C:\Users\HP\Downloads\Medical\Medical_Affiliation\Medical_Affiliation.csproj]
C:\Users\HP\Downloads\Medical\Medical_Affiliation\Models\MedicalInstituteDetailViewModel.cs(340,23): warning CS8618: Non-nullable property 'NumberOfSeats' must contain a non-null value when exiting constructor. Consider adding the 'required' modifier or declaring the property as nullable. [C:\Users\HP\Downloads\Medical\Medical_Affiliation\Medical_Affiliation.csproj]
C:\Users\HP\Downloads\Medical\Medical_Affiliation\Models\MedicalInstituteDetailViewModel.cs(341,23): warning CS8618: Non-nullable property 'PermittedYear' must contain a non-null value when exiting constructor. Consider adding the 'required' modifier or declaring the property as nullable. [C:\Users\HP\Downloads\Medical\Medical_Affiliation\Medical_Affiliation.csproj]
C:\Users\HP\Downloads\Medical\Medical_Affiliation\Models\MedicalInstituteDetailViewModel.cs(342,23): warning CS8618: Non-nullable property 'RecognizedYear' must contain a non-null value when exiting constructor. Consider adding the 'required' modifier or declaring the property as nullable. [C:\Users\HP\Downloads\Medical\Medical_Affiliation\Medical_Affiliation.csproj]
C:\Users\HP\Downloads\Medical\Medical_Affiliation\Models\MedicalInstituteDetailViewModel.cs(344,26): warning CS8618: Non-nullable property 'RGUHSNotificationFile' must contain a non-null value when exiting constructor. Consider adding the 'required' modifier or declaring the property as nullable. [C:\Users\HP\Downloads\Medical\Medical_Affiliation\Medical_Affiliation.csproj]
C:\Users\HP\Downloads\Medical\Medical_Affiliation\Models\MedicalInstituteDetailViewModel.cs(345,26): warning CS8618: Non-nullable property 'GMCFile' must contain a non-null value when exiting constructor. Consider adding the 'required' modifier or declaring the property as nullable. [C:\Users\HP\Downloads\Medical\Medical_Affiliation\Medical_Affiliation.csproj]
C:\Users\HP\Downloads\Medical\Medical_Affiliation\Models\MedicalInstituteDetailViewModel.cs(346,26): warning CS8618: Non-nullable property 'NMCFile' must contain a non-null value when exiting constructor. Consider adding the 'required' modifier or declaring the property as nullable. [C:\Users\HP\Downloads\Medical\Medical_Affiliation\Medical_Affiliation.csproj]
C:\Users\HP\Downloads\Medical\Medical_Affiliation\Models\MedicalInstituteDetailViewModel.cs(348,26): warning CS8618: Non-nullable property 'KSNCFile' must contain a non-null value when exiting constructor. Consider adding the 'required' modifier or declaring the property as nullable. [C:\Users\HP\Downloads\Medical\Medical_Affiliation\Medical_Affiliation.csproj]
C:\Users\HP\Downloads\Medical\Medical_Affiliation\Models\MedicalInstituteDetailViewModel.cs(350,23): warning CS8618: Non-nullable property 'Rguhsnotification' must contain a non-null value when exiting constructor. Consider adding the 'required' modifier or declaring the property as nullable. [C:\Users\HP\Downloads\Medical\Medical_Affiliation\Medical_Affiliation.csproj]
C:\Users\HP\Downloads\Medical\Medical_Affiliation\Models\MedicalInstituteDetailViewModel.cs(352,23): warning CS8618: Non-nullable property 'Gmc' must contain a non-null value when exiting constructor. Consider adding the 'required' modifier or declaring the property as nullable. [C:\Users\HP\Downloads\Medical\Medical_Affiliation\Medical_Affiliation.csproj]
C:\Users\HP\Downloads\Medical\Medical_Affiliation\Models\MedicalInstituteDetailViewModel.cs(354,23): warning CS8618: Non-nullable property 'Nmc' must contain a non-null value when exiting constructor. Consider adding the 'required' modifier or declaring the property as nullable. [C:\Users\HP\Downloads\Medical\Medical_Affiliation\Medical_Affiliation.csproj]
C:\Users\HP\Downloads\Medical\Medical_Affiliation\Models\MedicalInstituteDetailViewModel.cs(356,23): warning CS8618: Non-nullable property 'ksnc' must contain a non-null value when exiting constructor. Consider adding the 'required' modifier or declaring the property as nullable. [C:\Users\HP\Downloads\Medical\Medical_Affiliation\Medical_Affiliation.csproj]
C:\Users\HP\Downloads\Medical\Medical_Affiliation\Models\YearWiseReportViewModel.cs(22,19): warning CS8618: Non-nullable property 'CollegeName' must contain a non-null value when exiting constructor. Consider adding the 'required' modifier or declaring the property as nullable. [C:\Users\HP\Downloads\Medical\Medical_Affiliation\Medical_Affiliation.csproj]
C:\Users\HP\Downloads\Medical\Medical_Affiliation\Models\YearWiseReportViewModel.cs(23,19): warning CS8618: Non-nullable property 'CollegeAddress' must contain a non-null value when exiting constructor. Consider adding the 'required' modifier or declaring the property as nullable. [C:\Users\HP\Downloads\Medical\Medical_Affiliation\Medical_Affiliation.csproj]
C:\Users\HP\Downloads\Medical\Medical_Affiliation\Models\YearWiseReportViewModel.cs(24,19): warning CS8618: Non-nullable property 'CourseName' must contain a non-null value when exiting constructor. Consider adding the 'required' modifier or declaring the property as nullable. [C:\Users\HP\Downloads\Medical\Medical_Affiliation\Medical_Affiliation.csproj]
C:\Users\HP\Downloads\Medical\Medical_Affiliation\Models\MedicalInstituteDetailViewModel.cs(370,23): warning CS8618: Non-nullable property 'PGIntake' must contain a non-null value when exiting constructor. Consider adding the 'required' modifier or declaring the property as nullable. [C:\Users\HP\Downloads\Medical\Medical_Affiliation\Medical_Affiliation.csproj]
C:\Users\HP\Downloads\Medical\Medical_Affiliation\Models\MedicalInstituteDetailViewModel.cs(371,23): warning CS8618: Non-nullable property 'Course' must contain a non-null value when exiting constructor. Consider adding the 'required' modifier or declaring the property as nullable. [C:\Users\HP\Downloads\Medical\Medical_Affiliation\Medical_Affiliation.csproj]
C:\Users\HP\Downloads\Medical\Medical_Affiliation\Models\MedicalInstituteDetailViewModel.cs(372,23): warning CS8618: Non-nullable property 'FreshOrIncrease' must contain a non-null value when exiting constructor. Consider adding the 'required' modifier or declaring the property as nullable. [C:\Users\HP\Downloads\Medical\Medical_Affiliation\Medical_Affiliation.csproj]
C:\Users\HP\Downloads\Medical\Medical_Affiliation\Models\MedicalInstituteDetailViewModel.cs(374,23): warning CS8618: Non-nullable property 'NumberOfSeats' must contain a non-null value when exiting constructor. Consider adding the 'required' modifier or declaring the property as nullable. [C:\Users\HP\Downloads\Medical\Medical_Affiliation\Medical_Affiliation.csproj]
C:\Users\HP\Downloads\Medical\Medical_Affiliation\Models\MedicalInstituteDetailViewModel.cs(375,23): warning CS8618: Non-nullable property 'PermittedYear' must contain a non-null value when exiting constructor. Consider adding the 'required' modifier or declaring the property as nullable. [C:\Users\HP\Downloads\Medical\Medical_Affiliation\Medical_Affiliation.csproj]
C:\Users\HP\Downloads\Medical\Medical_Affiliation\Models\MedicalInstituteDetailViewModel.cs(376,23): warning CS8618: Non-nullable property 'RecognizedYear' must contain a non-null value when exiting constructor. Consider adding the 'required' modifier or declaring the property as nullable. [C:\Users\HP\Downloads\Medical\Medical_Affiliation\Medical_Affiliation.csproj]
C:\Users\HP\Downloads\Medical\Medical_Affiliation\Models\MedicalInstituteDetailViewModel.cs(378,26): warning CS8618: Non-nullable property 'RGUHSNotificationFile' must contain a non-null value when exiting constructor. Consider adding the 'required' modifier or declaring the property as nullable. [C:\Users\HP\Downloads\Medical\Medical_Affiliation\Medical_Affiliation.csproj]
C:\Users\HP\Downloads\Medical\Medical_Affiliation\Models\MedicalInstituteDetailViewModel.cs(379,26): warning CS8618: Non-nullable property 'GMCFile' must contain a non-null value when exiting constructor. Consider adding the 'required' modifier or declaring the property as nullable. [C:\Users\HP\Downloads\Medical\Medical_Affiliation\Medical_Affiliation.csproj]
C:\Users\HP\Downloads\Medical\Medical_Affiliation\Models\MedicalInstituteDetailViewModel.cs(380,26): warning CS8618: Non-nullable property 'NMCFile' must contain a non-null value when exiting constructor. Consider adding the 'required' modifier or declaring the property as nullable. [C:\Users\HP\Downloads\Medical\Medical_Affiliation\Medical_Affiliation.csproj]
C:\Users\HP\Downloads\Medical\Medical_Affiliation\Models\MedicalInstituteDetailViewModel.cs(383,23): warning CS8618: Non-nullable property 'Rguhsnotification' must contain a non-null value when exiting constructor. Consider adding the 'required' modifier or declaring the property as nullable. [C:\Users\HP\Downloads\Medical\Medical_Affiliation\Medical_Affiliation.csproj]
C:\Users\HP\Downloads\Medical\Medical_Affiliation\Models\MedicalInstituteDetailViewModel.cs(385,23): warning CS8618: Non-nullable property 'Gmc' must contain a non-null value when exiting constructor. Consider adding the 'required' modifier or declaring the property as nullable. [C:\Users\HP\Downloads\Medical\Medical_Affiliation\Medical_Affiliation.csproj]
C:\Users\HP\Downloads\Medical\Medical_Affiliation\Models\MedicalInstituteDetailViewModel.cs(387,23): warning CS8618: Non-nullable property 'Nmc' must contain a non-null value when exiting constructor. Consider adding the 'required' modifier or declaring the property as nullable. [C:\Users\HP\Downloads\Medical\Medical_Affiliation\Medical_Affiliation.csproj]
C:\Users\HP\Downloads\Medical\Medical_Affiliation\Models\MedicalInstituteDetailViewModel.cs(389,26): warning CS8618: Non-nullable property 'KSNCFile' must contain a non-null value when exiting constructor. Consider adding the 'required' modifier or declaring the property as nullable. [C:\Users\HP\Downloads\Medical\Medical_Affiliation\Medical_Affiliation.csproj]
C:\Users\HP\Downloads\Medical\Medical_Affiliation\Models\MedicalInstituteDetailViewModel.cs(391,23): warning CS8618: Non-nullable property 'ksnc' must contain a non-null value when exiting constructor. Consider adding the 'required' modifier or declaring the property as nullable. [C:\Users\HP\Downloads\Medical\Medical_Affiliation\Medical_Affiliation.csproj]
C:\Users\HP\Downloads\Medical\Medical_Affiliation\ViewComponents\SidebarViewComponent.cs(55,40): warning CS8618: Non-nullable property 'TypeOfAffiliations' must contain a non-null value when exiting constructor. Consider adding the 'required' modifier or declaring the property as nullable. [C:\Users\HP\Downloads\Medical\Medical_Affiliation\Medical_Affiliation.csproj]
C:\Users\HP\Downloads\Medical\Medical_Affiliation\Models\AdminLoginViewModel.cs(60,23): warning CS8618: Non-nullable property 'CollegeName' must contain a non-null value when exiting constructor. Consider adding the 'required' modifier or declaring the property as nullable. [C:\Users\HP\Downloads\Medical\Medical_Affiliation\Medical_Affiliation.csproj]
C:\Users\HP\Downloads\Medical\Medical_Affiliation\Models\AdminLoginViewModel.cs(61,23): warning CS8618: Non-nullable property 'FacultyName' must contain a non-null value when exiting constructor. Consider adding the 'required' modifier or declaring the property as nullable. [C:\Users\HP\Downloads\Medical\Medical_Affiliation\Medical_Affiliation.csproj]
C:\Users\HP\Downloads\Medical\Medical_Affiliation\Models\AdmissionLoginViewModel.cs(335,19): warning CS8618: Non-nullable property 'BuildingType' must contain a non-null value when exiting constructor. Consider adding the 'required' modifier or declaring the property as nullable. [C:\Users\HP\Downloads\Medical\Medical_Affiliation\Medical_Affiliation.csproj]
C:\Users\HP\Downloads\Medical\Medical_Affiliation\Models\AdmissionLoginViewModel.cs(339,19): warning CS8618: Non-nullable property 'BuildingOwnerName' must contain a non-null value when exiting constructor. Consider adding the 'required' modifier or declaring the property as nullable. [C:\Users\HP\Downloads\Medical\Medical_Affiliation\Medical_Affiliation.csproj]
C:\Users\HP\Downloads\Medical\Medical_Affiliation\Models\AdmissionLoginViewModel.cs(348,19): warning CS8618: Non-nullable property 'FacultyCode' must contain a non-null value when exiting constructor. Consider adding the 'required' modifier or declaring the property as nullable. [C:\Users\HP\Downloads\Medical\Medical_Affiliation\Medical_Affiliation.csproj]
C:\Users\HP\Downloads\Medical\Medical_Affiliation\Models\AdmissionLoginViewModel.cs(351,19): warning CS8618: Non-nullable property 'CollegeCode' must contain a non-null value when exiting constructor. Consider adding the 'required' modifier or declaring the property as nullable. [C:\Users\HP\Downloads\Medical\Medical_Affiliation\Medical_Affiliation.csproj]
C:\Users\HP\Downloads\Medical\Medical_Affiliation\Models\AdmissionLoginViewModel.cs(383,19): warning CS8618: Non-nullable property 'SurveyNumberOrPid' must contain a non-null value when exiting constructor. Consider adding the 'required' modifier or declaring the property as nullable. [C:\Users\HP\Downloads\Medical\Medical_Affiliation\Medical_Affiliation.csproj]
C:\Users\HP\Downloads\Medical\Medical_Affiliation\Models\AdmissionLoginViewModel.cs(387,19): warning CS8618: Non-nullable property 'RrNumber' must contain a non-null value when exiting constructor. Consider adding the 'required' modifier or declaring the property as nullable. [C:\Users\HP\Downloads\Medical\Medical_Affiliation\Medical_Affiliation.csproj]
C:\Users\HP\Downloads\Medical\Medical_Affiliation\Models\AdmissionLoginViewModel.cs(391,22): warning CS8618: Non-nullable property 'CourtCaseDocument' must contain a non-null value when exiting constructor. Consider adding the 'required' modifier or declaring the property as nullable. [C:\Users\HP\Downloads\Medical\Medical_Affiliation\Medical_Affiliation.csproj]
C:\Users\HP\Downloads\Medical\Medical_Affiliation\Models\AdmissionLoginViewModel.cs(394,22): warning CS8618: Non-nullable property 'BluePrintCompletionCertificate' must contain a non-null value when exiting constructor. Consider adding the 'required' modifier or declaring the property as nullable. [C:\Users\HP\Downloads\Medical\Medical_Affiliation\Medical_Affiliation.csproj]
C:\Users\HP\Downloads\Medical\Medical_Affiliation\Models\AdmissionLoginViewModel.cs(397,19): warning CS8618: Non-nullable property 'BluePrintCertNo' must contain a non-null value when exiting constructor. Consider adding the 'required' modifier or declaring the property as nullable. [C:\Users\HP\Downloads\Medical\Medical_Affiliation\Medical_Affiliation.csproj]
C:\Users\HP\Downloads\Medical\Medical_Affiliation\Models\AdmissionLoginViewModel.cs(400,22): warning CS8618: Non-nullable property 'ECEncumbranceCertificate' must contain a non-null value when exiting constructor. Consider adding the 'required' modifier or declaring the property as nullable. [C:\Users\HP\Downloads\Medical\Medical_Affiliation\Medical_Affiliation.csproj]
C:\Users\HP\Downloads\Medical\Medical_Affiliation\Models\AdmissionLoginViewModel.cs(403,19): warning CS8618: Non-nullable property 'ECCertNo' must contain a non-null value when exiting constructor. Consider adding the 'required' modifier or declaring the property as nullable. [C:\Users\HP\Downloads\Medical\Medical_Affiliation\Medical_Affiliation.csproj]
C:\Users\HP\Downloads\Medical\Medical_Affiliation\Models\AdmissionLoginViewModel.cs(406,22): warning CS8618: Non-nullable property 'TaxPaidCertificate' must contain a non-null value when exiting constructor. Consider adding the 'required' modifier or declaring the property as nullable. [C:\Users\HP\Downloads\Medical\Medical_Affiliation\Medical_Affiliation.csproj]
C:\Users\HP\Downloads\Medical\Medical_Affiliation\Models\AdmissionLoginViewModel.cs(409,19): warning CS8618: Non-nullable property 'TaxCertNo' must contain a non-null value when exiting constructor. Consider adding the 'required' modifier or declaring the property as nullable. [C:\Users\HP\Downloads\Medical\Medical_Affiliation\Medical_Affiliation.csproj]
C:\Users\HP\Downloads\Medical\Medical_Affiliation\Models\AdmissionLoginViewModel.cs(411,22): warning CS8618: Non-nullable property 'RTCOfLand' must contain a non-null value when exiting constructor. Consider adding the 'required' modifier or declaring the property as nullable. [C:\Users\HP\Downloads\Medical\Medical_Affiliation\Medical_Affiliation.csproj]
C:\Users\HP\Downloads\Medical\Medical_Affiliation\Models\AdmissionLoginViewModel.cs(413,19): warning CS8618: Non-nullable property 'RTCCertNo' must contain a non-null value when exiting constructor. Consider adding the 'required' modifier or declaring the property as nullable. [C:\Users\HP\Downloads\Medical\Medical_Affiliation\Medical_Affiliation.csproj]
C:\Users\HP\Downloads\Medical\Medical_Affiliation\Models\AdmissionLoginViewModel.cs(415,22): warning CS8618: Non-nullable property 'OccupancyCertificate' must contain a non-null value when exiting constructor. Consider adding the 'required' modifier or declaring the property as nullable. [C:\Users\HP\Downloads\Medical\Medical_Affiliation\Medical_Affiliation.csproj]
C:\Users\HP\Downloads\Medical\Medical_Affiliation\Models\AdmissionLoginViewModel.cs(417,19): warning CS8618: Non-nullable property 'OccupancyCertNo' must contain a non-null value when exiting constructor. Consider adding the 'required' modifier or declaring the property as nullable. [C:\Users\HP\Downloads\Medical\Medical_Affiliation\Medical_Affiliation.csproj]
C:\Users\HP\Downloads\Medical\Medical_Affiliation\Models\AdmissionLoginViewModel.cs(420,22): warning CS8618: Non-nullable property 'SaleDeedCertificate' must contain a non-null value when exiting constructor. Consider adding the 'required' modifier or declaring the property as nullable. [C:\Users\HP\Downloads\Medical\Medical_Affiliation\Medical_Affiliation.csproj]
C:\Users\HP\Downloads\Medical\Medical_Affiliation\Models\AdmissionLoginViewModel.cs(612,19): warning CS8618: Non-nullable property 'CourseCode' must contain a non-null value when exiting constructor. Consider adding the 'required' modifier or declaring the property as nullable. [C:\Users\HP\Downloads\Medical\Medical_Affiliation\Medical_Affiliation.csproj]
C:\Users\HP\Downloads\Medical\Medical_Affiliation\Models\AdmissionLoginViewModel.cs(613,19): warning CS8618: Non-nullable property 'CourseName' must contain a non-null value when exiting constructor. Consider adding the 'required' modifier or declaring the property as nullable. [C:\Users\HP\Downloads\Medical\Medical_Affiliation\Medical_Affiliation.csproj]
C:\Users\HP\Downloads\Medical\Medical_Affiliation\Models\AdminLoginViewModel.cs(9,23): warning CS8618: Non-nullable property 'UserName' must contain a non-null value when exiting constructor. Consider adding the 'required' modifier or declaring the property as nullable. [C:\Users\HP\Downloads\Medical\Medical_Affiliation\Medical_Affiliation.csproj]
C:\Users\HP\Downloads\Medical\Medical_Affiliation\Models\AdminLoginViewModel.cs(10,23): warning CS8618: Non-nullable property 'Password' must contain a non-null value when exiting constructor. Consider adding the 'required' modifier or declaring the property as nullable. [C:\Users\HP\Downloads\Medical\Medical_Affiliation\Medical_Affiliation.csproj]
C:\Users\HP\Downloads\Medical\Medical_Affiliation\Controllers\SectionOfficerController.cs(25,16): warning CS8618: Non-nullable field '_logger' must contain a non-null value when exiting constructor. Consider adding the 'required' modifier or declaring the field as nullable. [C:\Users\HP\Downloads\Medical\Medical_Affiliation\Medical_Affiliation.csproj]
C:\Users\HP\Downloads\Medical\Medical_Affiliation\Models\YearWiseReportViewModel.cs(7,19): warning CS8618: Non-nullable property 'SelectedYear' must contain a non-null value when exiting constructor. Consider adding the 'required' modifier or declaring the property as nullable. [C:\Users\HP\Downloads\Medical\Medical_Affiliation\Medical_Affiliation.csproj]
C:\Users\HP\Downloads\Medical\Medical_Affiliation\Models\YearWiseReportViewModel.cs(12,25): warning CS8618: Non-nullable property 'YearList' must contain a non-null value when exiting constructor. Consider adding the 'required' modifier or declaring the property as nullable. [C:\Users\HP\Downloads\Medical\Medical_Affiliation\Medical_Affiliation.csproj]
C:\Users\HP\Downloads\Medical\Medical_Affiliation\Models\YearWiseReportViewModel.cs(13,33): warning CS8618: Non-nullable property 'FacultyList' must contain a non-null value when exiting constructor. Consider adding the 'required' modifier or declaring the property as nullable. [C:\Users\HP\Downloads\Medical\Medical_Affiliation\Medical_Affiliation.csproj]
C:\Users\HP\Downloads\Medical\Medical_Affiliation\Models\YearWiseReportViewModel.cs(14,33): warning CS8618: Non-nullable property 'CollegeList' must contain a non-null value when exiting constructor. Consider adding the 'required' modifier or declaring the property as nullable. [C:\Users\HP\Downloads\Medical\Medical_Affiliation\Medical_Affiliation.csproj]
C:\Users\HP\Downloads\Medical\Medical_Affiliation\Models\YearWiseReportViewModel.cs(17,33): warning CS8618: Non-nullable property 'Records' must contain a non-null value when exiting constructor. Consider adding the 'required' modifier or declaring the property as nullable. [C:\Users\HP\Downloads\Medical\Medical_Affiliation\Medical_Affiliation.csproj]
C:\Users\HP\Downloads\Medical\Medical_Affiliation\Models\AdminLoginViewModel.cs(23,29): warning CS8618: Non-nullable property 'CollegeCodes' must contain a non-null value when exiting constructor. Consider adding the 'required' modifier or declaring the property as nullable. [C:\Users\HP\Downloads\Medical\Medical_Affiliation\Medical_Affiliation.csproj]
C:\Users\HP\Downloads\Medical\Medical_Affiliation\Models\AdminLoginViewModel.cs(44,23): warning CS8618: Non-nullable property 'CollegeCode' must contain a non-null value when exiting constructor. Consider adding the 'required' modifier or declaring the property as nullable. [C:\Users\HP\Downloads\Medical\Medical_Affiliation\Medical_Affiliation.csproj]
C:\Users\HP\Downloads\Medical\Medical_Affiliation\Models\AdminLoginViewModel.cs(46,23): warning CS8618: Non-nullable property 'CollegeName' must contain a non-null value when exiting constructor. Consider adding the 'required' modifier or declaring the property as nullable. [C:\Users\HP\Downloads\Medical\Medical_Affiliation\Medical_Affiliation.csproj]
C:\Users\HP\Downloads\Medical\Medical_Affiliation\Models\AdminLoginViewModel.cs(48,23): warning CS8618: Non-nullable property 'CollegeTown' must contain a non-null value when exiting constructor. Consider adding the 'required' modifier or declaring the property as nullable. [C:\Users\HP\Downloads\Medical\Medical_Affiliation\Medical_Affiliation.csproj]
C:\Users\HP\Downloads\Medical\Medical_Affiliation\Models\AdminLoginViewModel.cs(50,23): warning CS8618: Non-nullable property 'StateName' must contain a non-null value when exiting constructor. Consider adding the 'required' modifier or declaring the property as nullable. [C:\Users\HP\Downloads\Medical\Medical_Affiliation\Medical_Affiliation.csproj]
C:\Users\HP\Downloads\Medical\Medical_Affiliation\Models\AdminLoginViewModel.cs(52,23): warning CS8618: Non-nullable property 'DistrictName' must contain a non-null value when exiting constructor. Consider adding the 'required' modifier or declaring the property as nullable. [C:\Users\HP\Downloads\Medical\Medical_Affiliation\Medical_Affiliation.csproj]
C:\Users\HP\Downloads\Medical\Medical_Affiliation\Models\AdminLoginViewModel.cs(54,23): warning CS8618: Non-nullable property 'TalukName' must contain a non-null value when exiting constructor. Consider adding the 'required' modifier or declaring the property as nullable. [C:\Users\HP\Downloads\Medical\Medical_Affiliation\Medical_Affiliation.csproj]
C:\Users\HP\Downloads\Medical\Medical_Affiliation\Models\InstitutionBasicDetailsViewModel1.cs(16,19): warning CS8618: Non-nullable property 'CollegeCode' must contain a non-null value when exiting constructor. Consider adding the 'required' modifier or declaring the property as nullable. [C:\Users\HP\Downloads\Medical\Medical_Affiliation\Medical_Affiliation.csproj]
C:\Users\HP\Downloads\Medical\Medical_Affiliation\Models\InstitutionBasicDetailsViewModel1.cs(19,19): warning CS8618: Non-nullable property 'FacultyCode' must contain a non-null value when exiting constructor. Consider adding the 'required' modifier or declaring the property as nullable. [C:\Users\HP\Downloads\Medical\Medical_Affiliation\Medical_Affiliation.csproj]
C:\Users\HP\Downloads\Medical\Medical_Affiliation\Models\InstitutionBasicDetailsViewModel1.cs(26,19): warning CS8618: Non-nullable property 'NameOfInstitution' must contain a non-null value when exiting constructor. Consider adding the 'required' modifier or declaring the property as nullable. [C:\Users\HP\Downloads\Medical\Medical_Affiliation\Medical_Affiliation.csproj]
C:\Users\HP\Downloads\Medical\Medical_Affiliation\Models\InstitutionBasicDetailsViewModel1.cs(29,19): warning CS8618: Non-nullable property 'AddressOfInstitution' must contain a non-null value when exiting constructor. Consider adding the 'required' modifier or declaring the property as nullable. [C:\Users\HP\Downloads\Medical\Medical_Affiliation\Medical_Affiliation.csproj]
C:\Users\HP\Downloads\Medical\Medical_Affiliation\Models\InstitutionBasicDetailsViewModel1.cs(32,19): warning CS8618: Non-nullable property 'VillageTownCity' must contain a non-null value when exiting constructor. Consider adding the 'required' modifier or declaring the property as nullable. [C:\Users\HP\Downloads\Medical\Medical_Affiliation\Medical_Affiliation.csproj]
C:\Users\HP\Downloads\Medical\Medical_Affiliation\Models\InstitutionBasicDetailsViewModel1.cs(35,19): warning CS8618: Non-nullable property 'Taluk' must contain a non-null value when exiting constructor. Consider adding the 'required' modifier or declaring the property as nullable. [C:\Users\HP\Downloads\Medical\Medical_Affiliation\Medical_Affiliation.csproj]
C:\Users\HP\Downloads\Medical\Medical_Affiliation\Models\InstitutionBasicDetailsViewModel1.cs(38,19): warning CS8618: Non-nullable property 'District' must contain a non-null value when exiting constructor. Consider adding the 'required' modifier or declaring the property as nullable. [C:\Users\HP\Downloads\Medical\Medical_Affiliation\Medical_Affiliation.csproj]
C:\Users\HP\Downloads\Medical\Medical_Affiliation\Models\InstitutionBasicDetailsViewModel1.cs(41,19): warning CS8618: Non-nullable property 'PinCode' must contain a non-null value when exiting constructor. Consider adding the 'required' modifier or declaring the property as nullable. [C:\Users\HP\Downloads\Medical\Medical_Affiliation\Medical_Affiliation.csproj]
C:\Users\HP\Downloads\Medical\Medical_Affiliation\Models\InstitutionBasicDetailsViewModel1.cs(44,19): warning CS8618: Non-nullable property 'MobileNumber' must contain a non-null value when exiting constructor. Consider adding the 'required' modifier or declaring the property as nullable. [C:\Users\HP\Downloads\Medical\Medical_Affiliation\Medical_Affiliation.csproj]
C:\Users\HP\Downloads\Medical\Medical_Affiliation\Models\InstitutionBasicDetailsViewModel1.cs(47,19): warning CS8618: Non-nullable property 'StdCode' must contain a non-null value when exiting constructor. Consider adding the 'required' modifier or declaring the property as nullable. [C:\Users\HP\Downloads\Medical\Medical_Affiliation\Medical_Affiliation.csproj]
C:\Users\HP\Downloads\Medical\Medical_Affiliation\Models\InstitutionBasicDetailsViewModel1.cs(50,19): warning CS8618: Non-nullable property 'Fax' must contain a non-null value when exiting constructor. Consider adding the 'required' modifier or declaring the property as nullable. [C:\Users\HP\Downloads\Medical\Medical_Affiliation\Medical_Affiliation.csproj]
C:\Users\HP\Downloads\Medical\Medical_Affiliation\Models\InstitutionBasicDetailsViewModel1.cs(53,19): warning CS8618: Non-nullable property 'Website' must contain a non-null value when exiting constructor. Consider adding the 'required' modifier or declaring the property as nullable. [C:\Users\HP\Downloads\Medical\Medical_Affiliation\Medical_Affiliation.csproj]
C:\Users\HP\Downloads\Medical\Medical_Affiliation\Models\InstitutionBasicDetailsViewModel1.cs(56,19): warning CS8618: Non-nullable property 'EmailId' must contain a non-null value when exiting constructor. Consider adding the 'required' modifier or declaring the property as nullable. [C:\Users\HP\Downloads\Medical\Medical_Affiliation\Medical_Affiliation.csproj]
C:\Users\HP\Downloads\Medical\Medical_Affiliation\Models\InstitutionBasicDetailsViewModel1.cs(59,19): warning CS8618: Non-nullable property 'AltLandlineOrMobile' must contain a non-null value when exiting constructor. Consider adding the 'required' modifier or declaring the property as nullable. [C:\Users\HP\Downloads\Medical\Medical_Affiliation\Medical_Affiliation.csproj]
C:\Users\HP\Downloads\Medical\Medical_Affiliation\Models\InstitutionBasicDetailsViewModel1.cs(62,19): warning CS8618: Non-nullable property 'AltEmailId' must contain a non-null value when exiting constructor. Consider adding the 'required' modifier or declaring the property as nullable. [C:\Users\HP\Downloads\Medical\Medical_Affiliation\Medical_Affiliation.csproj]
C:\Users\HP\Downloads\Medical\Medical_Affiliation\Models\InstitutionBasicDetailsViewModel1.cs(65,19): warning CS8618: Non-nullable property 'AcademicYearStarted' must contain a non-null value when exiting constructor. Consider adding the 'required' modifier or declaring the property as nullable. [C:\Users\HP\Downloads\Medical\Medical_Affiliation\Medical_Affiliation.csproj]
C:\Users\HP\Downloads\Medical\Medical_Affiliation\Models\InstitutionBasicDetailsViewModel1.cs(74,19): warning CS8618: Non-nullable property 'TrustName' must contain a non-null value when exiting constructor. Consider adding the 'required' modifier or declaring the property as nullable. [C:\Users\HP\Downloads\Medical\Medical_Affiliation\Medical_Affiliation.csproj]
C:\Users\HP\Downloads\Medical\Medical_Affiliation\Models\InstitutionBasicDetailsViewModel1.cs(77,19): warning CS8618: Non-nullable property 'PresidentName' must contain a non-null value when exiting constructor. Consider adding the 'required' modifier or declaring the property as nullable. [C:\Users\HP\Downloads\Medical\Medical_Affiliation\Medical_Affiliation.csproj]
C:\Users\HP\Downloads\Medical\Medical_Affiliation\Models\InstitutionBasicDetailsViewModel1.cs(80,19): warning CS8618: Non-nullable property 'AadhaarNumber' must contain a non-null value when exiting constructor. Consider adding the 'required' modifier or declaring the property as nullable. [C:\Users\HP\Downloads\Medical\Medical_Affiliation\Medical_Affiliation.csproj]
C:\Users\HP\Downloads\Medical\Medical_Affiliation\Models\InstitutionBasicDetailsViewModel1.cs(83,19): warning CS8618: Non-nullable property 'PANNumber' must contain a non-null value when exiting constructor. Consider adding the 'required' modifier or declaring the property as nullable. [C:\Users\HP\Downloads\Medical\Medical_Affiliation\Medical_Affiliation.csproj]
C:\Users\HP\Downloads\Medical\Medical_Affiliation\Models\InstitutionBasicDetailsViewModel1.cs(86,19): warning CS8618: Non-nullable property 'RegistrationNumber' must contain a non-null value when exiting constructor. Consider adding the 'required' modifier or declaring the property as nullable. [C:\Users\HP\Downloads\Medical\Medical_Affiliation\Medical_Affiliation.csproj]
C:\Users\HP\Downloads\Medical\Medical_Affiliation\Models\InstitutionBasicDetailsViewModel1.cs(96,19): warning CS8618: Non-nullable property 'ExistingTrustName' must contain a non-null value when exiting constructor. Consider adding the 'required' modifier or declaring the property as nullable. [C:\Users\HP\Downloads\Medical\Medical_Affiliation\Medical_Affiliation.csproj]
C:\Users\HP\Downloads\Medical\Medical_Affiliation\Models\InstitutionBasicDetailsViewModel1.cs(99,19): warning CS8618: Non-nullable property 'GOKObtainedTrustName' must contain a non-null value when exiting constructor. Consider adding the 'required' modifier or declaring the property as nullable. [C:\Users\HP\Downloads\Medical\Medical_Affiliation\Medical_Affiliation.csproj]
C:\Users\HP\Downloads\Medical\Medical_Affiliation\Models\InstitutionBasicDetailsViewModel1.cs(108,19): warning CS8618: Non-nullable property 'CategoryOfOrganisation' must contain a non-null value when exiting constructor. Consider adding the 'required' modifier or declaring the property as nullable. [C:\Users\HP\Downloads\Medical\Medical_Affiliation\Medical_Affiliation.csproj]
C:\Users\HP\Downloads\Medical\Medical_Affiliation\Models\InstitutionBasicDetailsViewModel1.cs(111,19): warning CS8618: Non-nullable property 'ContactPersonName' must contain a non-null value when exiting constructor. Consider adding the 'required' modifier or declaring the property as nullable. [C:\Users\HP\Downloads\Medical\Medical_Affiliation\Medical_Affiliation.csproj]
C:\Users\HP\Downloads\Medical\Medical_Affiliation\Models\InstitutionBasicDetailsViewModel1.cs(114,19): warning CS8618: Non-nullable property 'ContactPersonRelation' must contain a non-null value when exiting constructor. Consider adding the 'required' modifier or declaring the property as nullable. [C:\Users\HP\Downloads\Medical\Medical_Affiliation\Medical_Affiliation.csproj]
C:\Users\HP\Downloads\Medical\Medical_Affiliation\Models\InstitutionBasicDetailsViewModel1.cs(117,19): warning CS8618: Non-nullable property 'ContactPersonMobile' must contain a non-null value when exiting constructor. Consider adding the 'required' modifier or declaring the property as nullable. [C:\Users\HP\Downloads\Medical\Medical_Affiliation\Medical_Affiliation.csproj]
C:\Users\HP\Downloads\Medical\Medical_Affiliation\Models\InstitutionBasicDetailsViewModel1.cs(123,19): warning CS8618: Non-nullable property 'CoursesAppliedText' must contain a non-null value when exiting constructor. Consider adding the 'required' modifier or declaring the property as nullable. [C:\Users\HP\Downloads\Medical\Medical_Affiliation\Medical_Affiliation.csproj]
C:\Users\HP\Downloads\Medical\Medical_Affiliation\Models\InstitutionBasicDetailsViewModel1.cs(126,19): warning CS8618: Non-nullable property 'HeadOfInstitutionName' must contain a non-null value when exiting constructor. Consider adding the 'required' modifier or declaring the property as nullable. [C:\Users\HP\Downloads\Medical\Medical_Affiliation\Medical_Affiliation.csproj]
C:\Users\HP\Downloads\Medical\Medical_Affiliation\Models\InstitutionBasicDetailsViewModel1.cs(129,19): warning CS8618: Non-nullable property 'HeadOfInstitutionAddress' must contain a non-null value when exiting constructor. Consider adding the 'required' modifier or declaring the property as nullable. [C:\Users\HP\Downloads\Medical\Medical_Affiliation\Medical_Affiliation.csproj]
C:\Users\HP\Downloads\Medical\Medical_Affiliation\Models\InstitutionBasicDetailsViewModel1.cs(132,19): warning CS8618: Non-nullable property 'FinancingAuthorityName' must contain a non-null value when exiting constructor. Consider adding the 'required' modifier or declaring the property as nullable. [C:\Users\HP\Downloads\Medical\Medical_Affiliation\Medical_Affiliation.csproj]
C:\Users\HP\Downloads\Medical\Medical_Affiliation\Models\InstitutionBasicDetailsViewModel1.cs(135,19): warning CS8618: Non-nullable property 'CollegeStatus' must contain a non-null value when exiting constructor. Consider adding the 'required' modifier or declaring the property as nullable. [C:\Users\HP\Downloads\Medical\Medical_Affiliation\Medical_Affiliation.csproj]
C:\Users\HP\Downloads\Medical\Medical_Affiliation\Models\InstitutionBasicDetailsViewModel1.cs(138,19): warning CS8618: Non-nullable property 'GovAutonomousCertNumber' must contain a non-null value when exiting constructor. Consider adding the 'required' modifier or declaring the property as nullable. [C:\Users\HP\Downloads\Medical\Medical_Affiliation\Medical_Affiliation.csproj]
C:\Users\HP\Downloads\Medical\Medical_Affiliation\Models\InstitutionBasicDetailsViewModel1.cs(141,19): warning CS8618: Non-nullable property 'KncCertificateNumber' must contain a non-null value when exiting constructor. Consider adding the 'required' modifier or declaring the property as nullable. [C:\Users\HP\Downloads\Medical\Medical_Affiliation\Medical_Affiliation.csproj]
C:\Users\HP\Downloads\Medical\Medical_Affiliation\Models\InstitutionBasicDetailsViewModel1.cs(151,19): warning CS8618: Non-nullable property 'TypeOfInstitution' must contain a non-null value when exiting constructor. Consider adding the 'required' modifier or declaring the property as nullable. [C:\Users\HP\Downloads\Medical\Medical_Affiliation\Medical_Affiliation.csproj]
C:\Users\HP\Downloads\Medical\Medical_Affiliation\Models\InstitutionBasicDetailsViewModel1.cs(159,22): warning CS8618: Non-nullable property 'GovAutonomousCertFile' must contain a non-null value when exiting constructor. Consider adding the 'required' modifier or declaring the property as nullable. [C:\Users\HP\Downloads\Medical\Medical_Affiliation\Medical_Affiliation.csproj]
C:\Users\HP\Downloads\Medical\Medical_Affiliation\Models\InstitutionBasicDetailsViewModel1.cs(160,22): warning CS8618: Non-nullable property 'GovCouncilMembershipFile' must contain a non-null value when exiting constructor. Consider adding the 'required' modifier or declaring the property as nullable. [C:\Users\HP\Downloads\Medical\Medical_Affiliation\Medical_Affiliation.csproj]
C:\Users\HP\Downloads\Medical\Medical_Affiliation\Models\InstitutionBasicDetailsViewModel1.cs(161,22): warning CS8618: Non-nullable property 'GokOrderExistingCoursesFile' must contain a non-null value when exiting constructor. Consider adding the 'required' modifier or declaring the property as nullable. [C:\Users\HP\Downloads\Medical\Medical_Affiliation\Medical_Affiliation.csproj]
C:\Users\HP\Downloads\Medical\Medical_Affiliation\Models\InstitutionBasicDetailsViewModel1.cs(162,22): warning CS8618: Non-nullable property 'FirstAffiliationNotifFile' must contain a non-null value when exiting constructor. Consider adding the 'required' modifier or declaring the property as nullable. [C:\Users\HP\Downloads\Medical\Medical_Affiliation\Medical_Affiliation.csproj]
C:\Users\HP\Downloads\Medical\Medical_Affiliation\Models\InstitutionBasicDetailsViewModel1.cs(163,22): warning CS8618: Non-nullable property 'ContinuationAffiliationFile' must contain a non-null value when exiting constructor. Consider adding the 'required' modifier or declaring the property as nullable. [C:\Users\HP\Downloads\Medical\Medical_Affiliation\Medical_Affiliation.csproj]
C:\Users\HP\Downloads\Medical\Medical_Affiliation\Models\InstitutionBasicDetailsViewModel1.cs(164,22): warning CS8618: Non-nullable property 'KncCertificateFile' must contain a non-null value when exiting constructor. Consider adding the 'required' modifier or declaring the property as nullable. [C:\Users\HP\Downloads\Medical\Medical_Affiliation\Medical_Affiliation.csproj]
C:\Users\HP\Downloads\Medical\Medical_Affiliation\Models\InstitutionBasicDetailsViewModel1.cs(165,22): warning CS8618: Non-nullable property 'AmendedDoc' must contain a non-null value when exiting constructor. Consider adding the 'required' modifier or declaring the property as nullable. [C:\Users\HP\Downloads\Medical\Medical_Affiliation\Medical_Affiliation.csproj]
C:\Users\HP\Downloads\Medical\Medical_Affiliation\Models\InstitutionBasicDetailsViewModel1.cs(166,22): warning CS8618: Non-nullable property 'AadhaarFile' must contain a non-null value when exiting constructor. Consider adding the 'required' modifier or declaring the property as nullable. [C:\Users\HP\Downloads\Medical\Medical_Affiliation\Medical_Affiliation.csproj]
C:\Users\HP\Downloads\Medical\Medical_Affiliation\Models\InstitutionBasicDetailsViewModel1.cs(167,22): warning CS8618: Non-nullable property 'PANFile' must contain a non-null value when exiting constructor. Consider adding the 'required' modifier or declaring the property as nullable. [C:\Users\HP\Downloads\Medical\Medical_Affiliation\Medical_Affiliation.csproj]
C:\Users\HP\Downloads\Medical\Medical_Affiliation\Models\InstitutionBasicDetailsViewModel1.cs(168,22): warning CS8618: Non-nullable property 'BankStatementFile' must contain a non-null value when exiting constructor. Consider adding the 'required' modifier or declaring the property as nullable. [C:\Users\HP\Downloads\Medical\Medical_Affiliation\Medical_Affiliation.csproj]
C:\Users\HP\Downloads\Medical\Medical_Affiliation\Models\InstitutionBasicDetailsViewModel1.cs(169,22): warning CS8618: Non-nullable property 'RegistrationCertificateFile' must contain a non-null value when exiting constructor. Consider adding the 'required' modifier or declaring the property as nullable. [C:\Users\HP\Downloads\Medical\Medical_Affiliation\Medical_Affiliation.csproj]
C:\Users\HP\Downloads\Medical\Medical_Affiliation\Models\InstitutionBasicDetailsViewModel1.cs(170,22): warning CS8618: Non-nullable property 'RegisteredTrustMemberDetails' must contain a non-null value when exiting constructor. Consider adding the 'required' modifier or declaring the property as nullable. [C:\Users\HP\Downloads\Medical\Medical_Affiliation\Medical_Affiliation.csproj]
C:\Users\HP\Downloads\Medical\Medical_Affiliation\Models\InstitutionBasicDetailsViewModel1.cs(171,22): warning CS8618: Non-nullable property 'AuditStatementFile' must contain a non-null value when exiting constructor. Consider adding the 'required' modifier or declaring the property as nullable. [C:\Users\HP\Downloads\Medical\Medical_Affiliation\Medical_Affiliation.csproj]
C:\Users\HP\Downloads\Medical\Medical_Affiliation\Models\InstitutionBasicDetailsViewModel1.cs(180,19): warning CS8618: Non-nullable property 'Address' must contain a non-null value when exiting constructor. Consider adding the 'required' modifier or declaring the property as nullable. [C:\Users\HP\Downloads\Medical\Medical_Affiliation\Medical_Affiliation.csproj]
C:\Users\HP\Downloads\Medical\Medical_Affiliation\Models\InstitutionBasicDetailsViewModel1.cs(183,19): warning CS8618: Non-nullable property 'SurveyNoPidNo' must contain a non-null value when exiting constructor. Consider adding the 'required' modifier or declaring the property as nullable. [C:\Users\HP\Downloads\Medical\Medical_Affiliation\Medical_Affiliation.csproj]
C:\Users\HP\Downloads\Medical\Medical_Affiliation\Models\InstitutionBasicDetailsViewModel1.cs(196,19): warning CS8618: Non-nullable property 'YearOfEstablishment' must contain a non-null value when exiting constructor. Consider adding the 'required' modifier or declaring the property as nullable. [C:\Users\HP\Downloads\Medical\Medical_Affiliation\Medical_Affiliation.csproj]
C:\Users\HP\Downloads\Medical\Medical_Affiliation\Models\InstitutionBasicDetailsViewModel1.cs(199,19): warning CS8618: Non-nullable property 'AltLandlineMobile' must contain a non-null value when exiting constructor. Consider adding the 'required' modifier or declaring the property as nullable. [C:\Users\HP\Downloads\Medical\Medical_Affiliation\Medical_Affiliation.csproj]
C:\Users\HP\Downloads\Medical\Medical_Affiliation\Models\InstitutionBasicDetailsViewModel1.cs(202,19): warning CS8618: Non-nullable property 'HeadOfInstitution' must contain a non-null value when exiting constructor. Consider adding the 'required' modifier or declaring the property as nullable. [C:\Users\HP\Downloads\Medical\Medical_Affiliation\Medical_Affiliation.csproj]
C:\Users\HP\Downloads\Medical\Medical_Affiliation\Models\InstitutionBasicDetailsViewModel1.cs(205,19): warning CS8618: Non-nullable property 'HeadAddress' must contain a non-null value when exiting constructor. Consider adding the 'required' modifier or declaring the property as nullable. [C:\Users\HP\Downloads\Medical\Medical_Affiliation\Medical_Affiliation.csproj]
C:\Users\HP\Downloads\Medical\Medical_Affiliation\Models\InstitutionBasicDetailsViewModel1.cs(208,19): warning CS8618: Non-nullable property 'FinancingAuthority' must contain a non-null value when exiting constructor. Consider adding the 'required' modifier or declaring the property as nullable. [C:\Users\HP\Downloads\Medical\Medical_Affiliation\Medical_Affiliation.csproj]
C:\Users\HP\Downloads\Medical\Medical_Affiliation\Models\InstitutionBasicDetailsViewModel1.cs(211,19): warning CS8618: Non-nullable property 'StatusOfCollege' must contain a non-null value when exiting constructor. Consider adding the 'required' modifier or declaring the property as nullable. [C:\Users\HP\Downloads\Medical\Medical_Affiliation\Medical_Affiliation.csproj]
C:\Users\HP\Downloads\Medical\Medical_Affiliation\Models\InstitutionBasicDetailsViewModel1.cs(214,19): warning CS8618: Non-nullable property 'CourseApplied' must contain a non-null value when exiting constructor. Consider adding the 'required' modifier or declaring the property as nullable. [C:\Users\HP\Downloads\Medical\Medical_Affiliation\Medical_Affiliation.csproj]
C:\Users\HP\Downloads\Medical\Medical_Affiliation\Models\InstitutionBasicDetailsViewModel1.cs(218,22): warning CS8618: Non-nullable property 'DocumentFile' must contain a non-null value when exiting constructor. Consider adding the 'required' modifier or declaring the property as nullable. [C:\Users\HP\Downloads\Medical\Medical_Affiliation\Medical_Affiliation.csproj]
C:\Users\HP\Downloads\Medical\Medical_Affiliation\Filters\AutoProgressFilter.cs(19,23): warning CS8618: Non-nullable property 'Key' must contain a non-null value when exiting constructor. Consider adding the 'required' modifier or declaring the property as nullable. [C:\Users\HP\Downloads\Medical\Medical_Affiliation\Medical_Affiliation.csproj]
C:\Users\HP\Downloads\Medical\Medical_Affiliation\Filters\AutoProgressFilter.cs(20,23): warning CS8618: Non-nullable property 'Ctrl' must contain a non-null value when exiting constructor. Consider adding the 'required' modifier or declaring the property as nullable. [C:\Users\HP\Downloads\Medical\Medical_Affiliation\Medical_Affiliation.csproj]
C:\Users\HP\Downloads\Medical\Medical_Affiliation\Filters\AutoProgressFilter.cs(21,23): warning CS8618: Non-nullable property 'Act' must contain a non-null value when exiting constructor. Consider adding the 'required' modifier or declaring the property as nullable. [C:\Users\HP\Downloads\Medical\Medical_Affiliation\Medical_Affiliation.csproj]
C:\Users\HP\Downloads\Medical\Medical_Affiliation\Models\AdmissionLoginViewModel.cs(86,19): warning CS8618: Non-nullable property 'CollegeCode' must contain a non-null value when exiting constructor. Consider adding the 'required' modifier or declaring the property as nullable. [C:\Users\HP\Downloads\Medical\Medical_Affiliation\Medical_Affiliation.csproj]
C:\Users\HP\Downloads\Medical\Medical_Affiliation\Models\AdmissionLoginViewModel.cs(93,19): warning CS8618: Non-nullable property 'CourseLevel' must contain a non-null value when exiting constructor. Consider adding the 'required' modifier or declaring the property as nullable. [C:\Users\HP\Downloads\Medical\Medical_Affiliation\Medical_Affiliation.csproj]
C:\Users\HP\Downloads\Medical\Medical_Affiliation\Models\AdmissionLoginViewModel.cs(94,19): warning CS8618: Non-nullable property 'CoursePrefix' must contain a non-null value when exiting constructor. Consider adding the 'required' modifier or declaring the property as nullable. [C:\Users\HP\Downloads\Medical\Medical_Affiliation\Medical_Affiliation.csproj]
C:\Users\HP\Downloads\Medical\Medical_Affiliation\Models\AdmissionLoginViewModel.cs(95,19): warning CS8618: Non-nullable property 'SubjectName' must contain a non-null value when exiting constructor. Consider adding the 'required' modifier or declaring the property as nullable. [C:\Users\HP\Downloads\Medical\Medical_Affiliation\Medical_Affiliation.csproj]
C:\Users\HP\Downloads\Medical\Medical_Affiliation\Models\AdmissionLoginViewModel.cs(183,19): warning CS8618: Non-nullable property 'CollegeCode' must contain a non-null value when exiting constructor. Consider adding the 'required' modifier or declaring the property as nullable. [C:\Users\HP\Downloads\Medical\Medical_Affiliation\Medical_Affiliation.csproj]
C:\Users\HP\Downloads\Medical\Medical_Affiliation\Models\AdmissionLoginViewModel.cs(184,19): warning CS8618: Non-nullable property 'CollegeName' must contain a non-null value when exiting constructor. Consider adding the 'required' modifier or declaring the property as nullable. [C:\Users\HP\Downloads\Medical\Medical_Affiliation\Medical_Affiliation.csproj]
C:\Users\HP\Downloads\Medical\Medical_Affiliation\Models\AdmissionLoginViewModel.cs(185,19): warning CS8618: Non-nullable property 'CollegeTown' must contain a non-null value when exiting constructor. Consider adding the 'required' modifier or declaring the property as nullable. [C:\Users\HP\Downloads\Medical\Medical_Affiliation\Medical_Affiliation.csproj]
C:\Users\HP\Downloads\Medical\Medical_Affiliation\Models\AdmissionLoginViewModel.cs(186,19): warning CS8618: Non-nullable property 'AllDocsForCourse' must contain a non-null value when exiting constructor. Consider adding the 'required' modifier or declaring the property as nullable. [C:\Users\HP\Downloads\Medical\Medical_Affiliation\Medical_Affiliation.csproj]
C:\Users\HP\Downloads\Medical\Medical_Affiliation\Models\AdmissionLoginViewModel.cs(187,19): warning CS8618: Non-nullable property 'PrincipalNameDeclared' must contain a non-null value when exiting constructor. Consider adding the 'required' modifier or declaring the property as nullable. [C:\Users\HP\Downloads\Medical\Medical_Affiliation\Medical_Affiliation.csproj]
C:\Users\HP\Downloads\Medical\Medical_Affiliation\Models\AdmissionLoginViewModel.cs(188,19): warning CS8618: Non-nullable property 'selectedCollegeName' must contain a non-null value when exiting constructor. Consider adding the 'required' modifier or declaring the property as nullable. [C:\Users\HP\Downloads\Medical\Medical_Affiliation\Medical_Affiliation.csproj]
C:\Users\HP\Downloads\Medical\Medical_Affiliation\Models\AdmissionLoginViewModel.cs(734,19): warning CS8618: Non-nullable property 'CourseLevel' must contain a non-null value when exiting constructor. Consider adding the 'required' modifier or declaring the property as nullable. [C:\Users\HP\Downloads\Medical\Medical_Affiliation\Medical_Affiliation.csproj]
C:\Users\HP\Downloads\Medical\Medical_Affiliation\Models\AdmissionLoginViewModel.cs(735,19): warning CS8618: Non-nullable property 'CourseCode' must contain a non-null value when exiting constructor. Consider adding the 'required' modifier or declaring the property as nullable. [C:\Users\HP\Downloads\Medical\Medical_Affiliation\Medical_Affiliation.csproj]
C:\Users\HP\Downloads\Medical\Medical_Affiliation\Models\AdmissionLoginViewModel.cs(736,19): warning CS8618: Non-nullable property 'CourseName' must contain a non-null value when exiting constructor. Consider adding the 'required' modifier or declaring the property as nullable. [C:\Users\HP\Downloads\Medical\Medical_Affiliation\Medical_Affiliation.csproj]
C:\Users\HP\Downloads\Medical\Medical_Affiliation\Models\AdmissionLoginViewModel.cs(751,19): warning CS8618: Non-nullable property 'PrincipalName' must contain a non-null value when exiting constructor. Consider adding the 'required' modifier or declaring the property as nullable. [C:\Users\HP\Downloads\Medical\Medical_Affiliation\Medical_Affiliation.csproj]
C:\Users\HP\Downloads\Medical\Medical_Affiliation\ViewComponents\SidebarViewComponent.cs(24,27): warning CS8602: Dereference of a possibly null reference. [C:\Users\HP\Downloads\Medical\Medical_Affiliation\Medical_Affiliation.csproj]
C:\Users\HP\Downloads\Medical\Medical_Affiliation\Controllers\UGFacultyController.cs(100,34): warning CS8600: Converting null literal or possible null value to non-nullable type. [C:\Users\HP\Downloads\Medical\Medical_Affiliation\Medical_Affiliation.csproj]
C:\Users\HP\Downloads\Medical\Medical_Affiliation\Controllers\SectionOfficerController.cs(72,72): warning CS8604: Possible null reference argument for parameter 'hashedPassword' in 'PasswordVerificationResult PasswordHasher<TblRguhsFacultyUser>.VerifyHashedPassword(TblRguhsFacultyUser user, string hashedPassword, string providedPassword)'. [C:\Users\HP\Downloads\Medical\Medical_Affiliation\Medical_Affiliation.csproj]
C:\Users\HP\Downloads\Medical\Medical_Affiliation\Controllers\SectionOfficerController.cs(90,44): warning CS8604: Possible null reference argument for parameter 'value' in 'Claim.Claim(string type, string value)'. [C:\Users\HP\Downloads\Medical\Medical_Affiliation\Medical_Affiliation.csproj]
C:\Users\HP\Downloads\Medical\Medical_Affiliation\Controllers\SectionOfficerController.cs(92,40): warning CS8604: Possible null reference argument for parameter 'value' in 'Claim.Claim(string type, string value)'. [C:\Users\HP\Downloads\Medical\Medical_Affiliation\Medical_Affiliation.csproj]
C:\Users\HP\Downloads\Medical\Medical_Affiliation\Controllers\SectionOfficerController.cs(107,56): warning CS8604: Possible null reference argument for parameter 'value' in 'void SessionExtensions.SetString(ISession session, string key, string value)'. [C:\Users\HP\Downloads\Medical\Medical_Affiliation\Medical_Affiliation.csproj]
C:\Users\HP\Downloads\Medical\Medical_Affiliation\Controllers\CollegeloginController.cs(79,36): warning CS8602: Dereference of a possibly null reference. [C:\Users\HP\Downloads\Medical\Medical_Affiliation\Medical_Affiliation.csproj]
C:\Users\HP\Downloads\Medical\Medical_Affiliation\Pdf\PreviewReportPdf.cs(25,13): warning CS0618: 'ImageExtensions.Image(IContainer, byte[], ImageScaling)' is obsolete: 'This element has been changed since version 2023.5. Please use the Image method overload that returns the ImageDescriptor object.' [C:\Users\HP\Downloads\Medical\Medical_Affiliation\Medical_Affiliation.csproj]
C:\Users\HP\Downloads\Medical\Medical_Affiliation\Models\MedicalInstituteDetailViewModel.cs(321,23): warning CS8618: Non-nullable property 'FacultyCode' must contain a non-null value when exiting constructor. Consider adding the 'required' modifier or declaring the property as nullable. [C:\Users\HP\Downloads\Medical\Medical_Affiliation\Medical_Affiliation.csproj]
C:\Users\HP\Downloads\Medical\Medical_Affiliation\Models\MedicalInstituteDetailViewModel.cs(322,23): warning CS8618: Non-nullable property 'CollegeCode' must contain a non-null value when exiting constructor. Consider adding the 'required' modifier or declaring the property as nullable. [C:\Users\HP\Downloads\Medical\Medical_Affiliation\Medical_Affiliation.csproj]
C:\Users\HP\Downloads\Medical\Medical_Affiliation\Models\MedicalInstituteDetailViewModel.cs(323,23): warning CS8618: Non-nullable property 'Designation' must contain a non-null value when exiting constructor. Consider adding the 'required' modifier or declaring the property as nullable. [C:\Users\HP\Downloads\Medical\Medical_Affiliation\Medical_Affiliation.csproj]
C:\Users\HP\Downloads\Medical\Medical_Affiliation\Models\MedicalInstituteDetailViewModel.cs(328,44): warning CS8618: Non-nullable property 'Designations' must contain a non-null value when exiting constructor. Consider adding the 'required' modifier or declaring the property as nullable. [C:\Users\HP\Downloads\Medical\Medical_Affiliation\Medical_Affiliation.csproj]
C:\Users\HP\Downloads\Medical\Medical_Affiliation\Controllers\Aff_MedicalController.cs(31,29): warning CS8601: Possible null reference assignment. [C:\Users\HP\Downloads\Medical\Medical_Affiliation\Medical_Affiliation.csproj]
C:\Users\HP\Downloads\Medical\Medical_Affiliation\Controllers\Aff_MedicalController.cs(66,38): warning CS8601: Possible null reference assignment. [C:\Users\HP\Downloads\Medical\Medical_Affiliation\Medical_Affiliation.csproj]
C:\Users\HP\Downloads\Medical\Medical_Affiliation\Controllers\Aff_MedicalController.cs(67,48): warning CS8601: Possible null reference assignment. [C:\Users\HP\Downloads\Medical\Medical_Affiliation\Medical_Affiliation.csproj]
C:\Users\HP\Downloads\Medical\Medical_Affiliation\Controllers\Aff_MedicalController.cs(68,50): warning CS8601: Possible null reference assignment. [C:\Users\HP\Downloads\Medical\Medical_Affiliation\Medical_Affiliation.csproj]
C:\Users\HP\Downloads\Medical\Medical_Affiliation\Controllers\Aff_MedicalController.cs(69,37): warning CS8601: Possible null reference assignment. [C:\Users\HP\Downloads\Medical\Medical_Affiliation\Medical_Affiliation.csproj]
C:\Users\HP\Downloads\Medical\Medical_Affiliation\Controllers\Aff_MedicalController.cs(70,38): warning CS8601: Possible null reference assignment. [C:\Users\HP\Downloads\Medical\Medical_Affiliation\Medical_Affiliation.csproj]
C:\Users\HP\Downloads\Medical\Medical_Affiliation\Controllers\Aff_MedicalController.cs(71,25): warning CS8629: Nullable value type may be null. [C:\Users\HP\Downloads\Medical\Medical_Affiliation\Medical_Affiliation.csproj]
C:\Users\HP\Downloads\Medical\Medical_Affiliation\Controllers\Aff_MedicalController.cs(72,25): warning CS8601: Possible null reference assignment. [C:\Users\HP\Downloads\Medical\Medical_Affiliation\Medical_Affiliation.csproj]
C:\Users\HP\Downloads\Medical\Medical_Affiliation\Controllers\Aff_MedicalController.cs(73,40): warning CS8601: Possible null reference assignment. [C:\Users\HP\Downloads\Medical\Medical_Affiliation\Medical_Affiliation.csproj]
C:\Users\HP\Downloads\Medical\Medical_Affiliation\Controllers\Aff_MedicalController.cs(76,36): warning CS8601: Possible null reference assignment. [C:\Users\HP\Downloads\Medical\Medical_Affiliation\Medical_Affiliation.csproj]
C:\Users\HP\Downloads\Medical\Medical_Affiliation\Controllers\Aff_MedicalController.cs(77,36): warning CS8601: Possible null reference assignment. [C:\Users\HP\Downloads\Medical\Medical_Affiliation\Medical_Affiliation.csproj]
C:\Users\HP\Downloads\Medical\Medical_Affiliation\Controllers\Aff_MedicalController.cs(78,44): warning CS8601: Possible null reference assignment. [C:\Users\HP\Downloads\Medical\Medical_Affiliation\Medical_Affiliation.csproj]
C:\Users\HP\Downloads\Medical\Medical_Affiliation\Controllers\CollegeloginController.cs(151,31): warning CS8601: Possible null reference assignment. [C:\Users\HP\Downloads\Medical\Medical_Affiliation\Medical_Affiliation.csproj]
C:\Users\HP\Downloads\Medical\Medical_Affiliation\Models\AdmissionLoginViewModel.cs(592,19): warning CS8618: Non-nullable property 'CollegeCode' must contain a non-null value when exiting constructor. Consider adding the 'required' modifier or declaring the property as nullable. [C:\Users\HP\Downloads\Medical\Medical_Affiliation\Medical_Affiliation.csproj]
C:\Users\HP\Downloads\Medical\Medical_Affiliation\Models\AdmissionLoginViewModel.cs(593,19): warning CS8618: Non-nullable property 'FacultyCode' must contain a non-null value when exiting constructor. Consider adding the 'required' modifier or declaring the property as nullable. [C:\Users\HP\Downloads\Medical\Medical_Affiliation\Medical_Affiliation.csproj]
C:\Users\HP\Downloads\Medical\Medical_Affiliation\Models\AdmissionLoginViewModel.cs(786,19): warning CS8618: Non-nullable property 'CollegeCode' must contain a non-null value when exiting constructor. Consider adding the 'required' modifier or declaring the property as nullable. [C:\Users\HP\Downloads\Medical\Medical_Affiliation\Medical_Affiliation.csproj]
C:\Users\HP\Downloads\Medical\Medical_Affiliation\Models\AdmissionLoginViewModel.cs(787,19): warning CS8618: Non-nullable property 'FacultyCode' must contain a non-null value when exiting constructor. Consider adding the 'required' modifier or declaring the property as nullable. [C:\Users\HP\Downloads\Medical\Medical_Affiliation\Medical_Affiliation.csproj]
C:\Users\HP\Downloads\Medical\Medical_Affiliation\Controllers\UGFacultyController.cs(129,34): warning CS8600: Converting null literal or possible null value to non-nullable type. [C:\Users\HP\Downloads\Medical\Medical_Affiliation\Medical_Affiliation.csproj]
C:\Users\HP\Downloads\Medical\Medical_Affiliation\Controllers\UGFacultyController.cs(182,55): warning CS8604: Possible null reference argument for parameter 'storedPath' in 'string UGFacultyController.BuildPhotoUrl(string storedPath)'. [C:\Users\HP\Downloads\Medical\Medical_Affiliation\Medical_Affiliation.csproj]
C:\Users\HP\Downloads\Medical\Medical_Affiliation\Controllers\CollegeloginController.cs(320,69): warning CS8604: Possible null reference argument for parameter 'password' in 'string PasswordHasher<AffiliationCollegeMaster>.HashPassword(AffiliationCollegeMaster user, string password)'. [C:\Users\HP\Downloads\Medical\Medical_Affiliation\Medical_Affiliation.csproj]
C:\Users\HP\Downloads\Medical\Medical_Affiliation\Controllers\FacultyCollegesModel.cs(83,21): warning CS8602: Dereference of a possibly null reference. [C:\Users\HP\Downloads\Medical\Medical_Affiliation\Medical_Affiliation.csproj]
C:\Users\HP\Downloads\Medical\Medical_Affiliation\Controllers\FacultyCollegesModel.cs(92,35): warning CS8601: Possible null reference assignment. [C:\Users\HP\Downloads\Medical\Medical_Affiliation\Medical_Affiliation.csproj]
C:\Users\HP\Downloads\Medical\Medical_Affiliation\Controllers\Aff_MedicalController.cs(165,33): warning CS8601: Possible null reference assignment. [C:\Users\HP\Downloads\Medical\Medical_Affiliation\Medical_Affiliation.csproj]
C:\Users\HP\Downloads\Medical\Medical_Affiliation\Controllers\AffiliationDirController.cs(52,58): warning CS8602: Dereference of a possibly null reference. [C:\Users\HP\Downloads\Medical\Medical_Affiliation\Medical_Affiliation.csproj]
C:\Users\HP\Downloads\Medical\Medical_Affiliation\Controllers\AffiliationDirController.cs(52,58): warning CS8604: Possible null reference argument for parameter 'value' in 'void SessionExtensions.SetString(ISession session, string key, string value)'. [C:\Users\HP\Downloads\Medical\Medical_Affiliation\Medical_Affiliation.csproj]
C:\Users\HP\Downloads\Medical\Medical_Affiliation\Controllers\AffiliationDirController.cs(95,56): warning CS8604: Possible null reference argument for parameter 'value' in 'void SessionExtensions.SetString(ISession session, string key, string value)'. [C:\Users\HP\Downloads\Medical\Medical_Affiliation\Medical_Affiliation.csproj]
C:\Users\HP\Downloads\Medical\Medical_Affiliation\Controllers\SectionOfficerController.cs(240,49): warning CS8625: Cannot convert null literal to non-nullable reference type. [C:\Users\HP\Downloads\Medical\Medical_Affiliation\Medical_Affiliation.csproj]
C:\Users\HP\Downloads\Medical\Medical_Affiliation\Controllers\SectionOfficerController.cs(245,45): warning CS8601: Possible null reference assignment. [C:\Users\HP\Downloads\Medical\Medical_Affiliation\Medical_Affiliation.csproj]
C:\Users\HP\Downloads\Medical\Medical_Affiliation\Controllers\SectionOfficerController.cs(265,49): warning CS8625: Cannot convert null literal to non-nullable reference type. [C:\Users\HP\Downloads\Medical\Medical_Affiliation\Medical_Affiliation.csproj]
C:\Users\HP\Downloads\Medical\Medical_Affiliation\Controllers\UGFacultyController.cs(203,34): warning CS8600: Converting null literal or possible null value to non-nullable type. [C:\Users\HP\Downloads\Medical\Medical_Affiliation\Medical_Affiliation.csproj]
C:\Users\HP\Downloads\Medical\Medical_Affiliation\Controllers\DashboardModel.cs(43,35): warning CS8601: Possible null reference assignment. [C:\Users\HP\Downloads\Medical\Medical_Affiliation\Medical_Affiliation.csproj]
C:\Users\HP\Downloads\Medical\Medical_Affiliation\Controllers\UGFacultyController.cs(294,34): warning CS8600: Converting null literal or possible null value to non-nullable type. [C:\Users\HP\Downloads\Medical\Medical_Affiliation\Medical_Affiliation.csproj]
C:\Users\HP\Downloads\Medical\Medical_Affiliation\Controllers\SectionOfficerController.cs(313,112): warning CS8602: Dereference of a possibly null reference. [C:\Users\HP\Downloads\Medical\Medical_Affiliation\Medical_Affiliation.csproj]
C:\Users\HP\Downloads\Medical\Medical_Affiliation\Controllers\SectionOfficerController.cs(335,92): warning CS8602: Dereference of a possibly null reference. [C:\Users\HP\Downloads\Medical\Medical_Affiliation\Medical_Affiliation.csproj]
C:\Users\HP\Downloads\Medical\Medical_Affiliation\Controllers\Aff_MedicalController.cs(401,30): warning CS8600: Converting null literal or possible null value to non-nullable type. [C:\Users\HP\Downloads\Medical\Medical_Affiliation\Medical_Affiliation.csproj]
C:\Users\HP\Downloads\Medical\Medical_Affiliation\Controllers\Aff_MedicalController.cs(402,30): warning CS8600: Converting null literal or possible null value to non-nullable type. [C:\Users\HP\Downloads\Medical\Medical_Affiliation\Medical_Affiliation.csproj]
C:\Users\HP\Downloads\Medical\Medical_Affiliation\Controllers\Aff_MedicalController.cs(441,34): warning CS8601: Possible null reference assignment. [C:\Users\HP\Downloads\Medical\Medical_Affiliation\Medical_Affiliation.csproj]
C:\Users\HP\Downloads\Medical\Medical_Affiliation\Controllers\Aff_MedicalController.cs(442,23): warning CS8601: Possible null reference assignment. [C:\Users\HP\Downloads\Medical\Medical_Affiliation\Medical_Affiliation.csproj]
C:\Users\HP\Downloads\Medical\Medical_Affiliation\Controllers\Aff_MedicalController.cs(443,27): warning CS8601: Possible null reference assignment. [C:\Users\HP\Downloads\Medical\Medical_Affiliation\Medical_Affiliation.csproj]
C:\Users\HP\Downloads\Medical\Medical_Affiliation\Controllers\UGFacultyController.cs(346,34): warning CS8600: Converting null literal or possible null value to non-nullable type. [C:\Users\HP\Downloads\Medical\Medical_Affiliation\Medical_Affiliation.csproj]
C:\Users\HP\Downloads\Medical\Medical_Affiliation\Controllers\SectionOfficerController.cs(368,32): warning CS8600: Converting null literal or possible null value to non-nullable type. [C:\Users\HP\Downloads\Medical\Medical_Affiliation\Medical_Affiliation.csproj]
C:\Users\HP\Downloads\Medical\Medical_Affiliation\Controllers\SectionOfficerController.cs(371,27): warning CS8604: Possible null reference argument for parameter 'fileBytes' in 'bool SectionOfficerController.IsZipFile(byte[] fileBytes)'. [C:\Users\HP\Downloads\Medical\Medical_Affiliation\Medical_Affiliation.csproj]
C:\Users\HP\Downloads\Medical\Medical_Affiliation\Pdf\PreviewReportPdf.cs(377,46): warning CS8604: Possible null reference argument for parameter 'value' in 'void PreviewReportPdf.AddTextRow(TableDescriptor table, string label, object value)'. [C:\Users\HP\Downloads\Medical\Medical_Affiliation\Medical_Affiliation.csproj]
C:\Users\HP\Downloads\Medical\Medical_Affiliation\Pdf\PreviewReportPdf.cs(378,49): warning CS8604: Possible null reference argument for parameter 'value' in 'void PreviewReportPdf.AddTextRow(TableDescriptor table, string label, object value)'. [C:\Users\HP\Downloads\Medical\Medical_Affiliation\Medical_Affiliation.csproj]
C:\Users\HP\Downloads\Medical\Medical_Affiliation\Pdf\PreviewReportPdf.cs(379,46): warning CS8604: Possible null reference argument for parameter 'value' in 'void PreviewReportPdf.AddTextRow(TableDescriptor table, string label, object value)'. [C:\Users\HP\Downloads\Medical\Medical_Affiliation\Medical_Affiliation.csproj]
C:\Users\HP\Downloads\Medical\Medical_Affiliation\Pdf\PreviewReportPdf.cs(380,50): warning CS8604: Possible null reference argument for parameter 'value' in 'void PreviewReportPdf.AddTextRow(TableDescriptor table, string label, object value)'. [C:\Users\HP\Downloads\Medical\Medical_Affiliation\Medical_Affiliation.csproj]
C:\Users\HP\Downloads\Medical\Medical_Affiliation\Pdf\PreviewReportPdf.cs(381,46): warning CS8604: Possible null reference argument for parameter 'value' in 'void PreviewReportPdf.AddTextRow(TableDescriptor table, string label, object value)'. [C:\Users\HP\Downloads\Medical\Medical_Affiliation\Medical_Affiliation.csproj]
C:\Users\HP\Downloads\Medical\Medical_Affiliation\Pdf\PreviewReportPdf.cs(382,54): warning CS8604: Possible null reference argument for parameter 'value' in 'void PreviewReportPdf.AddTextRow(TableDescriptor table, string label, object value)'. [C:\Users\HP\Downloads\Medical\Medical_Affiliation\Medical_Affiliation.csproj]
C:\Users\HP\Downloads\Medical\Medical_Affiliation\Pdf\PreviewReportPdf.cs(383,48): warning CS8604: Possible null reference argument for parameter 'value' in 'void PreviewReportPdf.AddTextRow(TableDescriptor table, string label, object value)'. [C:\Users\HP\Downloads\Medical\Medical_Affiliation\Medical_Affiliation.csproj]
C:\Users\HP\Downloads\Medical\Medical_Affiliation\Pdf\PreviewReportPdf.cs(384,58): warning CS8604: Possible null reference argument for parameter 'value' in 'void PreviewReportPdf.AddTextRow(TableDescriptor table, string label, object value)'. [C:\Users\HP\Downloads\Medical\Medical_Affiliation\Medical_Affiliation.csproj]
C:\Users\HP\Downloads\Medical\Medical_Affiliation\Controllers\Aff_MedicalController.cs(473,30): warning CS8600: Converting null literal or possible null value to non-nullable type. [C:\Users\HP\Downloads\Medical\Medical_Affiliation\Medical_Affiliation.csproj]
C:\Users\HP\Downloads\Medical\Medical_Affiliation\Controllers\Aff_MedicalController.cs(474,30): warning CS8600: Converting null literal or possible null value to non-nullable type. [C:\Users\HP\Downloads\Medical\Medical_Affiliation\Medical_Affiliation.csproj]
C:\Users\HP\Downloads\Medical\Medical_Affiliation\Controllers\CollegeloginController.cs(524,37): warning CS8602: Dereference of a possibly null reference. [C:\Users\HP\Downloads\Medical\Medical_Affiliation\Medical_Affiliation.csproj]
C:\Users\HP\Downloads\Medical\Medical_Affiliation\Controllers\CollegeloginController.cs(524,37): warning CS8601: Possible null reference assignment. [C:\Users\HP\Downloads\Medical\Medical_Affiliation\Medical_Affiliation.csproj]
C:\Users\HP\Downloads\Medical\Medical_Affiliation\Controllers\CollegeloginController.cs(567,39): warning CS8601: Possible null reference assignment. [C:\Users\HP\Downloads\Medical\Medical_Affiliation\Medical_Affiliation.csproj]
C:\Users\HP\Downloads\Medical\Medical_Affiliation\Controllers\CollegeloginController.cs(571,38): warning CS8602: Dereference of a possibly null reference. [C:\Users\HP\Downloads\Medical\Medical_Affiliation\Medical_Affiliation.csproj]
C:\Users\HP\Downloads\Medical\Medical_Affiliation\Controllers\CollegeloginController.cs(571,38): warning CS8601: Possible null reference assignment. [C:\Users\HP\Downloads\Medical\Medical_Affiliation\Medical_Affiliation.csproj]
C:\Users\HP\Downloads\Medical\Medical_Affiliation\Pdf\PreviewReportPdf.cs(404,39): warning CS8604: Possible null reference argument for parameter 'value' in 'void PreviewReportPdf.AddTextRow(TableDescriptor table, string label, object value)'. [C:\Users\HP\Downloads\Medical\Medical_Affiliation\Medical_Affiliation.csproj]
C:\Users\HP\Downloads\Medical\Medical_Affiliation\Pdf\PreviewReportPdf.cs(405,48): warning CS8604: Possible null reference argument for parameter 'value' in 'void PreviewReportPdf.AddTextRow(TableDescriptor table, string label, object value)'. [C:\Users\HP\Downloads\Medical\Medical_Affiliation\Medical_Affiliation.csproj]
C:\Users\HP\Downloads\Medical\Medical_Affiliation\Pdf\PreviewReportPdf.cs(406,53): warning CS8604: Possible null reference argument for parameter 'value' in 'void PreviewReportPdf.AddTextRow(TableDescriptor table, string label, object value)'. [C:\Users\HP\Downloads\Medical\Medical_Affiliation\Medical_Affiliation.csproj]
C:\Users\HP\Downloads\Medical\Medical_Affiliation\Pdf\PreviewReportPdf.cs(407,45): warning CS8604: Possible null reference argument for parameter 'value' in 'void PreviewReportPdf.AddTextRow(TableDescriptor table, string label, object value)'. [C:\Users\HP\Downloads\Medical\Medical_Affiliation\Medical_Affiliation.csproj]
C:\Users\HP\Downloads\Medical\Medical_Affiliation\Pdf\PreviewReportPdf.cs(408,55): warning CS8604: Possible null reference argument for parameter 'value' in 'void PreviewReportPdf.AddTextRow(TableDescriptor table, string label, object value)'. [C:\Users\HP\Downloads\Medical\Medical_Affiliation\Medical_Affiliation.csproj]
C:\Users\HP\Downloads\Medical\Medical_Affiliation\Controllers\DashboardModel.cs(69,21): warning CS8602: Dereference of a possibly null reference. [C:\Users\HP\Downloads\Medical\Medical_Affiliation\Medical_Affiliation.csproj]
C:\Users\HP\Downloads\Medical\Medical_Affiliation\Controllers\DashboardModel.cs(80,35): warning CS8601: Possible null reference assignment. [C:\Users\HP\Downloads\Medical\Medical_Affiliation\Medical_Affiliation.csproj]
C:\Users\HP\Downloads\Medical\Medical_Affiliation\Pdf\PreviewReportPdf.cs(428,39): warning CS8604: Possible null reference argument for parameter 'value' in 'void PreviewReportPdf.AddTextRow(TableDescriptor table, string label, object value)'. [C:\Users\HP\Downloads\Medical\Medical_Affiliation\Medical_Affiliation.csproj]
C:\Users\HP\Downloads\Medical\Medical_Affiliation\Pdf\PreviewReportPdf.cs(429,48): warning CS8604: Possible null reference argument for parameter 'value' in 'void PreviewReportPdf.AddTextRow(TableDescriptor table, string label, object value)'. [C:\Users\HP\Downloads\Medical\Medical_Affiliation\Medical_Affiliation.csproj]
C:\Users\HP\Downloads\Medical\Medical_Affiliation\Pdf\PreviewReportPdf.cs(430,53): warning CS8604: Possible null reference argument for parameter 'value' in 'void PreviewReportPdf.AddTextRow(TableDescriptor table, string label, object value)'. [C:\Users\HP\Downloads\Medical\Medical_Affiliation\Medical_Affiliation.csproj]
C:\Users\HP\Downloads\Medical\Medical_Affiliation\Pdf\PreviewReportPdf.cs(431,45): warning CS8604: Possible null reference argument for parameter 'value' in 'void PreviewReportPdf.AddTextRow(TableDescriptor table, string label, object value)'. [C:\Users\HP\Downloads\Medical\Medical_Affiliation\Medical_Affiliation.csproj]
C:\Users\HP\Downloads\Medical\Medical_Affiliation\Pdf\PreviewReportPdf.cs(432,55): warning CS8604: Possible null reference argument for parameter 'value' in 'void PreviewReportPdf.AddTextRow(TableDescriptor table, string label, object value)'. [C:\Users\HP\Downloads\Medical\Medical_Affiliation\Medical_Affiliation.csproj]
C:\Users\HP\Downloads\Medical\Medical_Affiliation\Controllers\UGFacultyController.cs(446,34): warning CS8600: Converting null literal or possible null value to non-nullable type. [C:\Users\HP\Downloads\Medical\Medical_Affiliation\Medical_Affiliation.csproj]
C:\Users\HP\Downloads\Medical\Medical_Affiliation\Controllers\UGFacultyController.cs(486,34): warning CS8600: Converting null literal or possible null value to non-nullable type. [C:\Users\HP\Downloads\Medical\Medical_Affiliation\Medical_Affiliation.csproj]
C:\Users\HP\Downloads\Medical\Medical_Affiliation\Controllers\AcademicIntakeController.cs(165,66): warning CS8604: Possible null reference argument for parameter 's' in 'int int.Parse(string s)'. [C:\Users\HP\Downloads\Medical\Medical_Affiliation\Medical_Affiliation.csproj]
C:\Users\HP\Downloads\Medical\Medical_Affiliation\Controllers\AcademicIntakeController.cs(170,49): warning CS8601: Possible null reference assignment. [C:\Users\HP\Downloads\Medical\Medical_Affiliation\Medical_Affiliation.csproj]
C:\Users\HP\Downloads\Medical\Medical_Affiliation\Controllers\UGFacultyController.cs(515,34): warning CS8600: Converting null literal or possible null value to non-nullable type. [C:\Users\HP\Downloads\Medical\Medical_Affiliation\Medical_Affiliation.csproj]
C:\Users\HP\Downloads\Medical\Medical_Affiliation\Controllers\UGFacultyController.cs(581,34): warning CS8600: Converting null literal or possible null value to non-nullable type. [C:\Users\HP\Downloads\Medical\Medical_Affiliation\Medical_Affiliation.csproj]
C:\Users\HP\Downloads\Medical\Medical_Affiliation\Controllers\AcademicIntakeController.cs(257,38): warning CS8714: The type 'string?' cannot be used as type parameter 'TKey' in the generic type or method 'EntityFrameworkQueryableExtensions.ToDictionaryAsync<TSource, TKey, TElement>(IQueryable<TSource>, Func<TSource, TKey>, Func<TSource, TElement>, IEqualityComparer<TKey>?, CancellationToken)'. Nullability of type argument 'string?' doesn't match 'notnull' constraint. [C:\Users\HP\Downloads\Medical\Medical_Affiliation\Medical_Affiliation.csproj]
C:\Users\HP\Downloads\Medical\Medical_Affiliation\Controllers\AcademicIntakeController.cs(260,25): warning CS8621: Nullability of reference types in return type of 'lambda expression' doesn't match the target delegate 'Func<AcademicIntake, string?>' (possibly because of nullability attributes). [C:\Users\HP\Downloads\Medical\Medical_Affiliation\Medical_Affiliation.csproj]
C:\Users\HP\Downloads\Medical\Medical_Affiliation\Controllers\CollegeloginController.cs(1381,41): warning CS8601: Possible null reference assignment. [C:\Users\HP\Downloads\Medical\Medical_Affiliation\Medical_Affiliation.csproj]
C:\Users\HP\Downloads\Medical\Medical_Affiliation\Controllers\CollegeloginController.cs(1382,41): warning CS8601: Possible null reference assignment. [C:\Users\HP\Downloads\Medical\Medical_Affiliation\Medical_Affiliation.csproj]
C:\Users\HP\Downloads\Medical\Medical_Affiliation\Controllers\CollegeloginController.cs(1383,46): warning CS8601: Possible null reference assignment. [C:\Users\HP\Downloads\Medical\Medical_Affiliation\Medical_Affiliation.csproj]
C:\Users\HP\Downloads\Medical\Medical_Affiliation\Controllers\CollegeloginController.cs(1387,37): warning CS8601: Possible null reference assignment. [C:\Users\HP\Downloads\Medical\Medical_Affiliation\Medical_Affiliation.csproj]
C:\Users\HP\Downloads\Medical\Medical_Affiliation\Controllers\CollegeloginController.cs(1393,42): warning CS8601: Possible null reference assignment. [C:\Users\HP\Downloads\Medical\Medical_Affiliation\Medical_Affiliation.csproj]
C:\Users\HP\Downloads\Medical\Medical_Affiliation\Controllers\CollegeloginController.cs(1417,38): warning CS8601: Possible null reference assignment. [C:\Users\HP\Downloads\Medical\Medical_Affiliation\Medical_Affiliation.csproj]
C:\Users\HP\Downloads\Medical\Medical_Affiliation\Controllers\SectionOfficerController.cs(613,45): warning CS8625: Cannot convert null literal to non-nullable reference type. [C:\Users\HP\Downloads\Medical\Medical_Affiliation\Medical_Affiliation.csproj]
C:\Users\HP\Downloads\Medical\Medical_Affiliation\Controllers\SectionOfficerController.cs(615,39): warning CS8601: Possible null reference assignment. [C:\Users\HP\Downloads\Medical\Medical_Affiliation\Medical_Affiliation.csproj]
C:\Users\HP\Downloads\Medical\Medical_Affiliation\Controllers\CollegeloginController.cs(1450,37): warning CS8601: Possible null reference assignment. [C:\Users\HP\Downloads\Medical\Medical_Affiliation\Medical_Affiliation.csproj]
C:\Users\HP\Downloads\Medical\Medical_Affiliation\Controllers\CollegeloginController.cs(1452,37): warning CS8602: Dereference of a possibly null reference. [C:\Users\HP\Downloads\Medical\Medical_Affiliation\Medical_Affiliation.csproj]
C:\Users\HP\Downloads\Medical\Medical_Affiliation\Controllers\CollegeloginController.cs(1452,37): warning CS8601: Possible null reference assignment. [C:\Users\HP\Downloads\Medical\Medical_Affiliation\Medical_Affiliation.csproj]
C:\Users\HP\Downloads\Medical\Medical_Affiliation\Controllers\CollegeloginController.cs(1456,37): warning CS8601: Possible null reference assignment. [C:\Users\HP\Downloads\Medical\Medical_Affiliation\Medical_Affiliation.csproj]
C:\Users\HP\Downloads\Medical\Medical_Affiliation\Controllers\CollegeloginController.cs(1460,37): warning CS8601: Possible null reference assignment. [C:\Users\HP\Downloads\Medical\Medical_Affiliation\Medical_Affiliation.csproj]
C:\Users\HP\Downloads\Medical\Medical_Affiliation\Controllers\AffiliationDirController.cs(361,35): warning CS8601: Possible null reference assignment. [C:\Users\HP\Downloads\Medical\Medical_Affiliation\Medical_Affiliation.csproj]
C:\Users\HP\Downloads\Medical\Medical_Affiliation\Controllers\AffiliationDirController.cs(365,37): warning CS8601: Possible null reference assignment. [C:\Users\HP\Downloads\Medical\Medical_Affiliation\Medical_Affiliation.csproj]
C:\Users\HP\Downloads\Medical\Medical_Affiliation\Controllers\AffiliationDirController.cs(367,35): warning CS8601: Possible null reference assignment. [C:\Users\HP\Downloads\Medical\Medical_Affiliation\Medical_Affiliation.csproj]
C:\Users\HP\Downloads\Medical\Medical_Affiliation\Controllers\Aff_MedicalController.cs(536,30): warning CS8600: Converting null literal or possible null value to non-nullable type. [C:\Users\HP\Downloads\Medical\Medical_Affiliation\Medical_Affiliation.csproj]
C:\Users\HP\Downloads\Medical\Medical_Affiliation\Controllers\Aff_MedicalController.cs(537,30): warning CS8600: Converting null literal or possible null value to non-nullable type. [C:\Users\HP\Downloads\Medical\Medical_Affiliation\Medical_Affiliation.csproj]
C:\Users\HP\Downloads\Medical\Medical_Affiliation\Controllers\Aff_MedicalController.cs(579,39): warning CS8601: Possible null reference assignment. [C:\Users\HP\Downloads\Medical\Medical_Affiliation\Medical_Affiliation.csproj]
C:\Users\HP\Downloads\Medical\Medical_Affiliation\Controllers\Aff_MedicalController.cs(580,46): warning CS8601: Possible null reference assignment. [C:\Users\HP\Downloads\Medical\Medical_Affiliation\Medical_Affiliation.csproj]
C:\Users\HP\Downloads\Medical\Medical_Affiliation\Controllers\Aff_MedicalController.cs(582,44): warning CS8601: Possible null reference assignment. [C:\Users\HP\Downloads\Medical\Medical_Affiliation\Medical_Affiliation.csproj]
C:\Users\HP\Downloads\Medical\Medical_Affiliation\Controllers\Aff_MedicalController.cs(583,44): warning CS8601: Possible null reference assignment. [C:\Users\HP\Downloads\Medical\Medical_Affiliation\Medical_Affiliation.csproj]
C:\Users\HP\Downloads\Medical\Medical_Affiliation\Controllers\Aff_MedicalController.cs(584,45): warning CS8601: Possible null reference assignment. [C:\Users\HP\Downloads\Medical\Medical_Affiliation\Medical_Affiliation.csproj]
C:\Users\HP\Downloads\Medical\Medical_Affiliation\Controllers\Aff_MedicalController.cs(603,39): warning CS8601: Possible null reference assignment. [C:\Users\HP\Downloads\Medical\Medical_Affiliation\Medical_Affiliation.csproj]
C:\Users\HP\Downloads\Medical\Medical_Affiliation\Controllers\Aff_MedicalController.cs(604,46): warning CS8601: Possible null reference assignment. [C:\Users\HP\Downloads\Medical\Medical_Affiliation\Medical_Affiliation.csproj]
C:\Users\HP\Downloads\Medical\Medical_Affiliation\Controllers\Aff_MedicalController.cs(606,44): warning CS8601: Possible null reference assignment. [C:\Users\HP\Downloads\Medical\Medical_Affiliation\Medical_Affiliation.csproj]
C:\Users\HP\Downloads\Medical\Medical_Affiliation\Controllers\Aff_MedicalController.cs(607,44): warning CS8601: Possible null reference assignment. [C:\Users\HP\Downloads\Medical\Medical_Affiliation\Medical_Affiliation.csproj]
C:\Users\HP\Downloads\Medical\Medical_Affiliation\Controllers\Aff_MedicalController.cs(608,45): warning CS8601: Possible null reference assignment. [C:\Users\HP\Downloads\Medical\Medical_Affiliation\Medical_Affiliation.csproj]
C:\Users\HP\Downloads\Medical\Medical_Affiliation\Controllers\Aff_MedicalController.cs(626,39): warning CS8601: Possible null reference assignment. [C:\Users\HP\Downloads\Medical\Medical_Affiliation\Medical_Affiliation.csproj]
C:\Users\HP\Downloads\Medical\Medical_Affiliation\Controllers\Aff_MedicalController.cs(627,46): warning CS8601: Possible null reference assignment. [C:\Users\HP\Downloads\Medical\Medical_Affiliation\Medical_Affiliation.csproj]
C:\Users\HP\Downloads\Medical\Medical_Affiliation\Controllers\Aff_MedicalController.cs(629,44): warning CS8601: Possible null reference assignment. [C:\Users\HP\Downloads\Medical\Medical_Affiliation\Medical_Affiliation.csproj]
C:\Users\HP\Downloads\Medical\Medical_Affiliation\Controllers\Aff_MedicalController.cs(630,44): warning CS8601: Possible null reference assignment. [C:\Users\HP\Downloads\Medical\Medical_Affiliation\Medical_Affiliation.csproj]
C:\Users\HP\Downloads\Medical\Medical_Affiliation\Controllers\Aff_MedicalController.cs(631,45): warning CS8601: Possible null reference assignment. [C:\Users\HP\Downloads\Medical\Medical_Affiliation\Medical_Affiliation.csproj]
C:\Users\HP\Downloads\Medical\Medical_Affiliation\Controllers\Aff_MedicalController.cs(656,29): warning CS8714: The type 'string?' cannot be used as type parameter 'TKey' in the generic type or method 'Enumerable.ToDictionary<TSource, TKey, TElement>(IEnumerable<TSource>, Func<TSource, TKey>, Func<TSource, TElement>)'. Nullability of type argument 'string?' doesn't match 'notnull' constraint. [C:\Users\HP\Downloads\Medical\Medical_Affiliation\Medical_Affiliation.csproj]
C:\Users\HP\Downloads\Medical\Medical_Affiliation\Controllers\Aff_MedicalController.cs(658,27): warning CS8621: Nullability of reference types in return type of 'lambda expression' doesn't match the target delegate 'Func<CollegeCourseIntakeDetail, string?>' (possibly because of nullability attributes). [C:\Users\HP\Downloads\Medical\Medical_Affiliation\Medical_Affiliation.csproj]
C:\Users\HP\Downloads\Medical\Medical_Affiliation\Controllers\Aff_MedicalController.cs(660,29): warning CS8714: The type 'string?' cannot be used as type parameter 'TKey' in the generic type or method 'Enumerable.ToDictionary<TSource, TKey, TElement>(IEnumerable<TSource>, Func<TSource, TKey>, Func<TSource, TElement>)'. Nullability of type argument 'string?' doesn't match 'notnull' constraint. [C:\Users\HP\Downloads\Medical\Medical_Affiliation\Medical_Affiliation.csproj]
C:\Users\HP\Downloads\Medical\Medical_Affiliation\Controllers\Aff_MedicalController.cs(662,27): warning CS8621: Nullability of reference types in return type of 'lambda expression' doesn't match the target delegate 'Func<CollegeCourseIntakeDetail, string?>' (possibly because of nullability attributes). [C:\Users\HP\Downloads\Medical\Medical_Affiliation\Medical_Affiliation.csproj]
C:\Users\HP\Downloads\Medical\Medical_Affiliation\Controllers\Aff_MedicalController.cs(664,29): warning CS8714: The type 'string?' cannot be used as type parameter 'TKey' in the generic type or method 'Enumerable.ToDictionary<TSource, TKey, TElement>(IEnumerable<TSource>, Func<TSource, TKey>, Func<TSource, TElement>)'. Nullability of type argument 'string?' doesn't match 'notnull' constraint. [C:\Users\HP\Downloads\Medical\Medical_Affiliation\Medical_Affiliation.csproj]
C:\Users\HP\Downloads\Medical\Medical_Affiliation\Controllers\Aff_MedicalController.cs(666,27): warning CS8621: Nullability of reference types in return type of 'lambda expression' doesn't match the target delegate 'Func<CollegeCourseIntakeDetail, string?>' (possibly because of nullability attributes). [C:\Users\HP\Downloads\Medical\Medical_Affiliation\Medical_Affiliation.csproj]
C:\Users\HP\Downloads\Medical\Medical_Affiliation\Services\LicTadaService.cs(1272,30): warning CS0168: The variable 'ex' is declared but never used [C:\Users\HP\Downloads\Medical\Medical_Affiliation\Medical_Affiliation.csproj]
C:\Users\HP\Downloads\Medical\Medical_Affiliation\Controllers\AdminController.cs(82,71): warning CS8602: Dereference of a possibly null reference. [C:\Users\HP\Downloads\Medical\Medical_Affiliation\Medical_Affiliation.csproj]
C:\Users\HP\Downloads\Medical\Medical_Affiliation\Controllers\AdminController.cs(82,95): warning CS8602: Dereference of a possibly null reference. [C:\Users\HP\Downloads\Medical\Medical_Affiliation\Medical_Affiliation.csproj]
C:\Users\HP\Downloads\Medical\Medical_Affiliation\Controllers\AdminController.cs(168,72): warning CS8604: Possible null reference argument for parameter 'hashedPassword' in 'PasswordVerificationResult PasswordHasher<TblRguhsFacultyUser>.VerifyHashedPassword(TblRguhsFacultyUser user, string hashedPassword, string providedPassword)'. [C:\Users\HP\Downloads\Medical\Medical_Affiliation\Medical_Affiliation.csproj]
C:\Users\HP\Downloads\Medical\Medical_Affiliation\Controllers\AdminController.cs(194,33): warning CS8604: Possible null reference argument for parameter 'value' in 'Claim.Claim(string type, string value)'. [C:\Users\HP\Downloads\Medical\Medical_Affiliation\Medical_Affiliation.csproj]
C:\Users\HP\Downloads\Medical\Medical_Affiliation\Controllers\AdminController.cs(196,33): warning CS8604: Possible null reference argument for parameter 'value' in 'Claim.Claim(string type, string value)'. [C:\Users\HP\Downloads\Medical\Medical_Affiliation\Medical_Affiliation.csproj]
C:\Users\HP\Downloads\Medical\Medical_Affiliation\Controllers\AdminController.cs(214,62): warning CS8604: Possible null reference argument for parameter 'value' in 'void SessionExtensions.SetString(ISession session, string key, string value)'. [C:\Users\HP\Downloads\Medical\Medical_Affiliation\Medical_Affiliation.csproj]
C:\Users\HP\Downloads\Medical\Medical_Affiliation\Controllers\AdminController.cs(215,60): warning CS8604: Possible null reference argument for parameter 'value' in 'void SessionExtensions.SetString(ISession session, string key, string value)'. [C:\Users\HP\Downloads\Medical\Medical_Affiliation\Medical_Affiliation.csproj]
C:\Users\HP\Downloads\Medical\Medical_Affiliation\Controllers\AdminController.cs(281,68): warning CS8604: Possible null reference argument for parameter 'hashedPassword' in 'PasswordVerificationResult PasswordHasher<TblRguhsFacultyUser>.VerifyHashedPassword(TblRguhsFacultyUser user, string hashedPassword, string providedPassword)'. [C:\Users\HP\Downloads\Medical\Medical_Affiliation\Medical_Affiliation.csproj]
C:\Users\HP\Downloads\Medical\Medical_Affiliation\Controllers\AdminController.cs(298,52): warning CS8604: Possible null reference argument for parameter 'value' in 'Claim.Claim(string type, string value)'. [C:\Users\HP\Downloads\Medical\Medical_Affiliation\Medical_Affiliation.csproj]
C:\Users\HP\Downloads\Medical\Medical_Affiliation\Controllers\AdminController.cs(300,48): warning CS8604: Possible null reference argument for parameter 'value' in 'Claim.Claim(string type, string value)'. [C:\Users\HP\Downloads\Medical\Medical_Affiliation\Medical_Affiliation.csproj]
C:\Users\HP\Downloads\Medical\Medical_Affiliation\Controllers\AdminController.cs(315,64): warning CS8604: Possible null reference argument for parameter 'value' in 'void SessionExtensions.SetString(ISession session, string key, string value)'. [C:\Users\HP\Downloads\Medical\Medical_Affiliation\Medical_Affiliation.csproj]
C:\Users\HP\Downloads\Medical\Medical_Affiliation\Controllers\AdminController.cs(324,58): warning CS8604: Possible null reference argument for parameter 'value' in 'void SessionExtensions.SetString(ISession session, string key, string value)'. [C:\Users\HP\Downloads\Medical\Medical_Affiliation\Medical_Affiliation.csproj]
C:\Users\HP\Downloads\Medical\Medical_Affiliation\Controllers\AdminController.cs(325,56): warning CS8604: Possible null reference argument for parameter 'value' in 'void SessionExtensions.SetString(ISession session, string key, string value)'. [C:\Users\HP\Downloads\Medical\Medical_Affiliation\Medical_Affiliation.csproj]
C:\Users\HP\Downloads\Medical\Medical_Affiliation\Controllers\AdminController.cs(361,42): warning CS8602: Dereference of a possibly null reference. [C:\Users\HP\Downloads\Medical\Medical_Affiliation\Medical_Affiliation.csproj]
C:\Users\HP\Downloads\Medical\Medical_Affiliation\Controllers\AdminController.cs(396,68): warning CS8604: Possible null reference argument for parameter 'hashedPassword' in 'PasswordVerificationResult PasswordHasher<TblRguhsFacultyUser>.VerifyHashedPassword(TblRguhsFacultyUser user, string hashedPassword, string providedPassword)'. [C:\Users\HP\Downloads\Medical\Medical_Affiliation\Medical_Affiliation.csproj]
C:\Users\HP\Downloads\Medical\Medical_Affiliation\Controllers\AdminController.cs(427,40): warning CS8604: Possible null reference argument for parameter 'value' in 'Claim.Claim(string type, string value)'. [C:\Users\HP\Downloads\Medical\Medical_Affiliation\Medical_Affiliation.csproj]
C:\Users\HP\Downloads\Medical\Medical_Affiliation\Controllers\AdminController.cs(429,36): warning CS8604: Possible null reference argument for parameter 'value' in 'Claim.Claim(string type, string value)'. [C:\Users\HP\Downloads\Medical\Medical_Affiliation\Medical_Affiliation.csproj]
C:\Users\HP\Downloads\Medical\Medical_Affiliation\Controllers\AdminController.cs(445,62): warning CS8604: Possible null reference argument for parameter 'value' in 'void SessionExtensions.SetString(ISession session, string key, string value)'. [C:\Users\HP\Downloads\Medical\Medical_Affiliation\Medical_Affiliation.csproj]
C:\Users\HP\Downloads\Medical\Medical_Affiliation\Controllers\AdminController.cs(446,60): warning CS8604: Possible null reference argument for parameter 'value' in 'void SessionExtensions.SetString(ISession session, string key, string value)'. [C:\Users\HP\Downloads\Medical\Medical_Affiliation\Medical_Affiliation.csproj]
C:\Users\HP\Downloads\Medical\Medical_Affiliation\Controllers\AdminController.cs(478,64): warning CS8604: Possible null reference argument for parameter 'hashedPassword' in 'PasswordVerificationResult PasswordHasher<TblRguhsFacultyUser>.VerifyHashedPassword(TblRguhsFacultyUser user, string hashedPassword, string providedPassword)'. [C:\Users\HP\Downloads\Medical\Medical_Affiliation\Medical_Affiliation.csproj]
C:\Users\HP\Downloads\Medical\Medical_Affiliation\Controllers\AdminController.cs(498,54): warning CS8604: Possible null reference argument for parameter 'value' in 'Claim.Claim(string type, string value)'. [C:\Users\HP\Downloads\Medical\Medical_Affiliation\Medical_Affiliation.csproj]
C:\Users\HP\Downloads\Medical\Medical_Affiliation\Controllers\AdminController.cs(499,54): warning CS8604: Possible null reference argument for parameter 'value' in 'Claim.Claim(string type, string value)'. [C:\Users\HP\Downloads\Medical\Medical_Affiliation\Medical_Affiliation.csproj]
C:\Users\HP\Downloads\Medical\Medical_Affiliation\Controllers\AdminController.cs(500,54): warning CS8604: Possible null reference argument for parameter 'value' in 'Claim.Claim(string type, string value)'. [C:\Users\HP\Downloads\Medical\Medical_Affiliation\Medical_Affiliation.csproj]
C:\Users\HP\Downloads\Medical\Medical_Affiliation\Controllers\AdminController.cs(522,62): warning CS8604: Possible null reference argument for parameter 'value' in 'void SessionExtensions.SetString(ISession session, string key, string value)'. [C:\Users\HP\Downloads\Medical\Medical_Affiliation\Medical_Affiliation.csproj]
C:\Users\HP\Downloads\Medical\Medical_Affiliation\Controllers\AdminController.cs(523,60): warning CS8604: Possible null reference argument for parameter 'value' in 'void SessionExtensions.SetString(ISession session, string key, string value)'. [C:\Users\HP\Downloads\Medical\Medical_Affiliation\Medical_Affiliation.csproj]
C:\Users\HP\Downloads\Medical\Medical_Affiliation\Controllers\AdminController.cs(555,76): warning CS8604: Possible null reference argument for parameter 'hashedPassword' in 'PasswordVerificationResult PasswordHasher<TblRguhsFacultyUser>.VerifyHashedPassword(TblRguhsFacultyUser user, string hashedPassword, string providedPassword)'. [C:\Users\HP\Downloads\Medical\Medical_Affiliation\Medical_Affiliation.csproj]
C:\Users\HP\Downloads\Medical\Medical_Affiliation\Controllers\AdminController.cs(568,40): warning CS8604: Possible null reference argument for parameter 'value' in 'Claim.Claim(string type, string value)'. [C:\Users\HP\Downloads\Medical\Medical_Affiliation\Medical_Affiliation.csproj]
C:\Users\HP\Downloads\Medical\Medical_Affiliation\Controllers\AdminController.cs(570,36): warning CS8604: Possible null reference argument for parameter 'value' in 'Claim.Claim(string type, string value)'. [C:\Users\HP\Downloads\Medical\Medical_Affiliation\Medical_Affiliation.csproj]
C:\Users\HP\Downloads\Medical\Medical_Affiliation\Controllers\AdminController.cs(593,64): warning CS8604: Possible null reference argument for parameter 'value' in 'Claim.Claim(string type, string value)'. [C:\Users\HP\Downloads\Medical\Medical_Affiliation\Medical_Affiliation.csproj]
C:\Users\HP\Downloads\Medical\Medical_Affiliation\Controllers\AdminController.cs(595,60): warning CS8604: Possible null reference argument for parameter 'value' in 'Claim.Claim(string type, string value)'. [C:\Users\HP\Downloads\Medical\Medical_Affiliation\Medical_Affiliation.csproj]
C:\Users\HP\Downloads\Medical\Medical_Affiliation\Controllers\AdminController.cs(644,60): warning CS8604: Possible null reference argument for parameter 'value' in 'Claim.Claim(string type, string value)'. [C:\Users\HP\Downloads\Medical\Medical_Affiliation\Medical_Affiliation.csproj]
C:\Users\HP\Downloads\Medical\Medical_Affiliation\Controllers\AdminController.cs(646,56): warning CS8604: Possible null reference argument for parameter 'value' in 'Claim.Claim(string type, string value)'. [C:\Users\HP\Downloads\Medical\Medical_Affiliation\Medical_Affiliation.csproj]
C:\Users\HP\Downloads\Medical\Medical_Affiliation\Controllers\AdminController.cs(660,56): warning CS8604: Possible null reference argument for parameter 'value' in 'void SessionExtensions.SetString(ISession session, string key, string value)'. [C:\Users\HP\Downloads\Medical\Medical_Affiliation\Medical_Affiliation.csproj]
C:\Users\HP\Downloads\Medical\Medical_Affiliation\Controllers\Aff_MedicalController.cs(676,30): warning CS8600: Converting null literal or possible null value to non-nullable type. [C:\Users\HP\Downloads\Medical\Medical_Affiliation\Medical_Affiliation.csproj]
C:\Users\HP\Downloads\Medical\Medical_Affiliation\Controllers\Aff_MedicalController.cs(677,30): warning CS8600: Converting null literal or possible null value to non-nullable type. [C:\Users\HP\Downloads\Medical\Medical_Affiliation\Medical_Affiliation.csproj]
C:\Users\HP\Downloads\Medical\Medical_Affiliation\Controllers\Aff_MedicalController.cs(846,27): warning CS8600: Converting null literal or possible null value to non-nullable type. [C:\Users\HP\Downloads\Medical\Medical_Affiliation\Medical_Affiliation.csproj]
C:\Users\HP\Downloads\Medical\Medical_Affiliation\Controllers\Aff_MedicalController.cs(850,38): warning CS8600: Converting null literal or possible null value to non-nullable type. [C:\Users\HP\Downloads\Medical\Medical_Affiliation\Medical_Affiliation.csproj]
C:\Users\HP\Downloads\Medical\Medical_Affiliation\Controllers\Aff_MedicalController.cs(851,36): warning CS8600: Converting null literal or possible null value to non-nullable type. [C:\Users\HP\Downloads\Medical\Medical_Affiliation\Medical_Affiliation.csproj]
C:\Users\HP\Downloads\Medical\Medical_Affiliation\Controllers\Aff_MedicalController.cs(852,36): warning CS8600: Converting null literal or possible null value to non-nullable type. [C:\Users\HP\Downloads\Medical\Medical_Affiliation\Medical_Affiliation.csproj]
C:\Users\HP\Downloads\Medical\Medical_Affiliation\Controllers\AcademicIntakeController.cs(384,33): warning CS8601: Possible null reference assignment. [C:\Users\HP\Downloads\Medical\Medical_Affiliation\Medical_Affiliation.csproj]
C:\Users\HP\Downloads\Medical\Medical_Affiliation\Controllers\AcademicIntakeController.cs(385,33): warning CS8601: Possible null reference assignment. [C:\Users\HP\Downloads\Medical\Medical_Affiliation\Medical_Affiliation.csproj]
C:\Users\HP\Downloads\Medical\Medical_Affiliation\Controllers\AcademicIntakeController.cs(503,69): warning CS8604: Possible null reference argument for parameter 's' in 'int int.Parse(string s)'. [C:\Users\HP\Downloads\Medical\Medical_Affiliation\Medical_Affiliation.csproj]
C:\Users\HP\Downloads\Medical\Medical_Affiliation\Controllers\AcademicIntakeController.cs(508,52): warning CS8601: Possible null reference assignment. [C:\Users\HP\Downloads\Medical\Medical_Affiliation\Medical_Affiliation.csproj]
C:\Users\HP\Downloads\Medical\Medical_Affiliation\Controllers\AdminController.cs(719,29): warning CS8602: Dereference of a possibly null reference. [C:\Users\HP\Downloads\Medical\Medical_Affiliation\Medical_Affiliation.csproj]
C:\Users\HP\Downloads\Medical\Medical_Affiliation\Controllers\Aff_MedicalController.cs(870,27): warning CS8601: Possible null reference assignment. [C:\Users\HP\Downloads\Medical\Medical_Affiliation\Medical_Affiliation.csproj]
C:\Users\HP\Downloads\Medical\Medical_Affiliation\Controllers\Aff_MedicalController.cs(871,27): warning CS8601: Possible null reference assignment. [C:\Users\HP\Downloads\Medical\Medical_Affiliation\Medical_Affiliation.csproj]
C:\Users\HP\Downloads\Medical\Medical_Affiliation\Controllers\Aff_MedicalController.cs(892,31): warning CS8601: Possible null reference assignment. [C:\Users\HP\Downloads\Medical\Medical_Affiliation\Medical_Affiliation.csproj]
C:\Users\HP\Downloads\Medical\Medical_Affiliation\Controllers\Aff_MedicalController.cs(893,31): warning CS8601: Possible null reference assignment. [C:\Users\HP\Downloads\Medical\Medical_Affiliation\Medical_Affiliation.csproj]
C:\Users\HP\Downloads\Medical\Medical_Affiliation\Controllers\Aff_MedicalController.cs(971,31): warning CS8601: Possible null reference assignment. [C:\Users\HP\Downloads\Medical\Medical_Affiliation\Medical_Affiliation.csproj]
C:\Users\HP\Downloads\Medical\Medical_Affiliation\Views\Shared\Components\Sidebar\Default.cshtml(4,33): warning CS8602: Dereference of a possibly null reference. [C:\Users\HP\Downloads\Medical\Medical_Affiliation\Medical_Affiliation.csproj]
C:\Users\HP\Downloads\Medical\Medical_Affiliation\Views\Shared\Components\Sidebar\Default.cshtml(20,28): warning CS8600: Converting null literal or possible null value to non-nullable type. [C:\Users\HP\Downloads\Medical\Medical_Affiliation\Medical_Affiliation.csproj]
C:\Users\HP\Downloads\Medical\Medical_Affiliation\Views\Shared\Components\Sidebar\Default.cshtml(21,32): warning CS8600: Converting null literal or possible null value to non-nullable type. [C:\Users\HP\Downloads\Medical\Medical_Affiliation\Medical_Affiliation.csproj]
C:\Users\HP\Downloads\Medical\Medical_Affiliation\Controllers\Aff_MedicalController.cs(1087,31): warning CS8601: Possible null reference assignment. [C:\Users\HP\Downloads\Medical\Medical_Affiliation\Medical_Affiliation.csproj]
C:\Users\HP\Downloads\Medical\Medical_Affiliation\Controllers\Aff_MedicalController.cs(1088,31): warning CS8601: Possible null reference assignment. [C:\Users\HP\Downloads\Medical\Medical_Affiliation\Medical_Affiliation.csproj]
C:\Users\HP\Downloads\Medical\Medical_Affiliation\Controllers\PhysicalInfrastructureController.cs(123,45): warning CS8602: Dereference of a possibly null reference. [C:\Users\HP\Downloads\Medical\Medical_Affiliation\Medical_Affiliation.csproj]
C:\Users\HP\Downloads\Medical\Medical_Affiliation\Pdf\PreviewReportPdf.cs(1285,17): warning CS8604: Possible null reference argument for parameter 'value' in 'void PreviewReportPdf.AddTextRow(TableDescriptor table, string label, object value)'. [C:\Users\HP\Downloads\Medical\Medical_Affiliation\Medical_Affiliation.csproj]
C:\Users\HP\Downloads\Medical\Medical_Affiliation\Controllers\Aff_MedicalController.cs(1185,28): warning CS8600: Converting null literal or possible null value to non-nullable type. [C:\Users\HP\Downloads\Medical\Medical_Affiliation\Medical_Affiliation.csproj]
C:\Users\HP\Downloads\Medical\Medical_Affiliation\Controllers\Aff_MedicalController.cs(1192,29): warning CS8600: Converting null literal or possible null value to non-nullable type. [C:\Users\HP\Downloads\Medical\Medical_Affiliation\Medical_Affiliation.csproj]
C:\Users\HP\Downloads\Medical\Medical_Affiliation\Controllers\Aff_MedicalController.cs(1197,29): warning CS8600: Converting null literal or possible null value to non-nullable type. [C:\Users\HP\Downloads\Medical\Medical_Affiliation\Medical_Affiliation.csproj]
C:\Users\HP\Downloads\Medical\Medical_Affiliation\Controllers\Aff_MedicalController.cs(1202,29): warning CS8600: Converting null literal or possible null value to non-nullable type. [C:\Users\HP\Downloads\Medical\Medical_Affiliation\Medical_Affiliation.csproj]
C:\Users\HP\Downloads\Medical\Medical_Affiliation\Controllers\Aff_MedicalController.cs(1207,29): warning CS8600: Converting null literal or possible null value to non-nullable type. [C:\Users\HP\Downloads\Medical\Medical_Affiliation\Medical_Affiliation.csproj]
C:\Users\HP\Downloads\Medical\Medical_Affiliation\Views\Repo\Repo_ManageDesignationIntake.cshtml(7,23): warning CS8602: Dereference of a possibly null reference. [C:\Users\HP\Downloads\Medical\Medical_Affiliation\Medical_Affiliation.csproj]
C:\Users\HP\Downloads\Medical\Medical_Affiliation\Views\Repo\Repo_ExamResults.cshtml(7,23): warning CS8602: Dereference of a possibly null reference. [C:\Users\HP\Downloads\Medical\Medical_Affiliation\Medical_Affiliation.csproj]
C:\Users\HP\Downloads\Medical\Medical_Affiliation\Views\SectionOfficer\SOIntakeDetails.cshtml(164,22): warning CS8602: Dereference of a possibly null reference. [C:\Users\HP\Downloads\Medical\Medical_Affiliation\Medical_Affiliation.csproj]
C:\Users\HP\Downloads\Medical\Medical_Affiliation\Controllers\PhysicalInfrastructureController.cs(625,30): warning CS8602: Dereference of a possibly null reference. [C:\Users\HP\Downloads\Medical\Medical_Affiliation\Medical_Affiliation.csproj]
C:\Users\HP\Downloads\Medical\Medical_Affiliation\Controllers\PhysicalInfrastructureController.cs(638,38): warning CS8604: Possible null reference argument for parameter 'norm' in 'void PhysicalInfrastructureController.PopulateNorms(DentalCollegeLandBuildingViewModel model, UgSeatSlabNormMaster norm)'. [C:\Users\HP\Downloads\Medical\Medical_Affiliation\Medical_Affiliation.csproj]
C:\Users\HP\Downloads\Medical\Medical_Affiliation\Controllers\PhysicalInfrastructureController.cs(832,49): warning CS8602: Dereference of a possibly null reference. [C:\Users\HP\Downloads\Medical\Medical_Affiliation\Medical_Affiliation.csproj]
C:\Users\HP\Downloads\Medical\Medical_Affiliation\Views\Repo\Repo_FacultyDetails.cshtml(7,23): warning CS8602: Dereference of a possibly null reference. [C:\Users\HP\Downloads\Medical\Medical_Affiliation\Medical_Affiliation.csproj]
C:\Users\HP\Downloads\Medical\Medical_Affiliation\Views\Repo\Repo_FacultyDetails.cshtml(902,9): warning CS8604: Possible null reference argument for parameter 'source' in 'IEnumerable<string> Enumerable.Select<SelectListItem, string>(IEnumerable<SelectListItem> source, Func<SelectListItem, string> selector)'. [C:\Users\HP\Downloads\Medical\Medical_Affiliation\Medical_Affiliation.csproj]
C:\Users\HP\Downloads\Medical\Medical_Affiliation\Views\Repo\Repo_FacultyDetails.cshtml(906,9): warning CS8604: Possible null reference argument for parameter 'source' in 'IEnumerable<string> Enumerable.Select<SelectListItem, string>(IEnumerable<SelectListItem> source, Func<SelectListItem, string> selector)'. [C:\Users\HP\Downloads\Medical\Medical_Affiliation\Medical_Affiliation.csproj]
C:\Users\HP\Downloads\Medical\Medical_Affiliation\Views\Repo\Repo_Affiliated_YearwiseMaterials.cshtml(7,23): warning CS8602: Dereference of a possibly null reference. [C:\Users\HP\Downloads\Medical\Medical_Affiliation\Medical_Affiliation.csproj]
C:\Users\HP\Downloads\Medical\Medical_Affiliation\Views\Shared\_ContinuousAffiliationSidebar.cshtml(9,23): warning CS8602: Dereference of a possibly null reference. [C:\Users\HP\Downloads\Medical\Medical_Affiliation\Medical_Affiliation.csproj]
C:\Users\HP\Downloads\Medical\Medical_Affiliation\Views\Shared\_ContinuousAffiliationSidebar.cshtml(70,40): warning CS8602: Dereference of a possibly null reference. [C:\Users\HP\Downloads\Medical\Medical_Affiliation\Medical_Affiliation.csproj]
C:\Users\HP\Downloads\Medical\Medical_Affiliation\Views\Shared\_ContinuousAffiliationSidebar.cshtml(86,9): warning CS8604: Possible null reference argument for parameter 'item' in 'void List<StepItem>.Add(StepItem item)'. [C:\Users\HP\Downloads\Medical\Medical_Affiliation\Medical_Affiliation.csproj]
C:\Users\HP\Downloads\Medical\Medical_Affiliation\Views\Shared\_ContinuousAffiliationSidebar.cshtml(87,9): warning CS8604: Possible null reference argument for parameter 'item' in 'void List<StepItem>.Add(StepItem item)'. [C:\Users\HP\Downloads\Medical\Medical_Affiliation\Medical_Affiliation.csproj]
C:\Users\HP\Downloads\Medical\Medical_Affiliation\Views\Shared\_ContinuousAffiliationSidebar.cshtml(279,40): warning CS8620: Argument of type 'IEnumerable<StepItem?>' cannot be used for parameter 'collection' of type 'IEnumerable<StepItem>' in 'void List<StepItem>.InsertRange(int index, IEnumerable<StepItem> collection)' due to differences in the nullability of reference types. [C:\Users\HP\Downloads\Medical\Medical_Affiliation\Medical_Affiliation.csproj]
C:\Users\HP\Downloads\Medical\Medical_Affiliation\Views\Shared\_ContinuousAffiliationSidebar.cshtml(301,50): warning CS8620: Argument of type 'IEnumerable<StepItem?>' cannot be used for parameter 'collection' of type 'IEnumerable<StepItem>' in 'void List<StepItem>.InsertRange(int index, IEnumerable<StepItem> collection)' due to differences in the nullability of reference types. [C:\Users\HP\Downloads\Medical\Medical_Affiliation\Medical_Affiliation.csproj]
C:\Users\HP\Downloads\Medical\Medical_Affiliation\Views\Repo\Repo_BasicDetails.cshtml(6,23): warning CS8602: Dereference of a possibly null reference. [C:\Users\HP\Downloads\Medical\Medical_Affiliation\Medical_Affiliation.csproj]
C:\Users\HP\Downloads\Medical\Medical_Affiliation\Views\Repo\Repo_BasicDetails.cshtml(10,9): warning CS0219: The variable 'currentStep' is assigned but its value is never used [C:\Users\HP\Downloads\Medical\Medical_Affiliation\Medical_Affiliation.csproj]
C:\Users\HP\Downloads\Medical\Medical_Affiliation\Pdf\PreviewReportPdf.cs(1770,17): warning CS8604: Possible null reference argument for parameter 'value' in 'void PreviewReportPdf.AddTextRow(TableDescriptor table, string label, object value)'. [C:\Users\HP\Downloads\Medical\Medical_Affiliation\Medical_Affiliation.csproj]
C:\Users\HP\Downloads\Medical\Medical_Affiliation\Views\MedicalRepository\TeachingFacultyDetails.cshtml(6,23): warning CS8602: Dereference of a possibly null reference. [C:\Users\HP\Downloads\Medical\Medical_Affiliation\Medical_Affiliation.csproj]
C:\Users\HP\Downloads\Medical\Medical_Affiliation\Views\MedicalRepository\TeachingFacultyDetails.cshtml(825,51): warning CS8600: Converting null literal or possible null value to non-nullable type. [C:\Users\HP\Downloads\Medical\Medical_Affiliation\Medical_Affiliation.csproj]
C:\Users\HP\Downloads\Medical\Medical_Affiliation\Views\MedicalRepository\TeachingFacultyDetails.cshtml(11,9): warning CS0219: The variable 'currentStep' is assigned but its value is never used [C:\Users\HP\Downloads\Medical\Medical_Affiliation\Medical_Affiliation.csproj]
C:\Users\HP\Downloads\Medical\Medical_Affiliation\Controllers\AdminController.cs(1070,32): warning CS8601: Possible null reference assignment. [C:\Users\HP\Downloads\Medical\Medical_Affiliation\Medical_Affiliation.csproj]
C:\Users\HP\Downloads\Medical\Medical_Affiliation\Controllers\AdminController.cs(1071,35): warning CS8601: Possible null reference assignment. [C:\Users\HP\Downloads\Medical\Medical_Affiliation\Medical_Affiliation.csproj]
C:\Users\HP\Downloads\Medical\Medical_Affiliation\Controllers\AdminController.cs(1072,29): warning CS8601: Possible null reference assignment. [C:\Users\HP\Downloads\Medical\Medical_Affiliation\Medical_Affiliation.csproj]
C:\Users\HP\Downloads\Medical\Medical_Affiliation\Views\NursingContinuesAffiliation\AFF_TeachingFacultyDetails.cshtml(6,23): warning CS8602: Dereference of a possibly null reference. [C:\Users\HP\Downloads\Medical\Medical_Affiliation\Medical_Affiliation.csproj]
C:\Users\HP\Downloads\Medical\Medical_Affiliation\Views\NursingContinuesAffiliation\AFF_TeachingFacultyDetails.cshtml(856,15): warning CS8602: Dereference of a possibly null reference. [C:\Users\HP\Downloads\Medical\Medical_Affiliation\Medical_Affiliation.csproj]
C:\Users\HP\Downloads\Medical\Medical_Affiliation\Views\NursingContinuesAffiliation\AFF_TeachingFacultyDetails.cshtml(861,15): warning CS8602: Dereference of a possibly null reference. [C:\Users\HP\Downloads\Medical\Medical_Affiliation\Medical_Affiliation.csproj]
C:\Users\HP\Downloads\Medical\Medical_Affiliation\Views\NursingContinuesAffiliation\AFF_TeachingFacultyDetails.cshtml(10,9): warning CS0219: The variable 'currentStep' is assigned but its value is never used [C:\Users\HP\Downloads\Medical\Medical_Affiliation\Medical_Affiliation.csproj]
C:\Users\HP\Downloads\Medical\Medical_Affiliation\Views\MedicalRepository\MedicalUgAndPgDetail.cshtml(7,23): warning CS8602: Dereference of a possibly null reference. [C:\Users\HP\Downloads\Medical\Medical_Affiliation\Medical_Affiliation.csproj]
C:\Users\HP\Downloads\Medical\Medical_Affiliation\Views\MedicalRepository\MedicalUgAndPgDetail.cshtml(12,9): warning CS0219: The variable 'currentStep' is assigned but its value is never used [C:\Users\HP\Downloads\Medical\Medical_Affiliation\Medical_Affiliation.csproj]
C:\Users\HP\Downloads\Medical\Medical_Affiliation\Controllers\AdminController.cs(1137,110): warning CS8602: Dereference of a possibly null reference. [C:\Users\HP\Downloads\Medical\Medical_Affiliation\Medical_Affiliation.csproj]
C:\Users\HP\Downloads\Medical\Medical_Affiliation\Controllers\AdminController.cs(1182,31): warning CS8602: Dereference of a possibly null reference. [C:\Users\HP\Downloads\Medical\Medical_Affiliation\Medical_Affiliation.csproj]
C:\Users\HP\Downloads\Medical\Medical_Affiliation\Views\MedicalRepository\FacultyDetails.cshtml(6,23): warning CS8602: Dereference of a possibly null reference. [C:\Users\HP\Downloads\Medical\Medical_Affiliation\Medical_Affiliation.csproj]
C:\Users\HP\Downloads\Medical\Medical_Affiliation\Views\MedicalRepository\FacultyDetails.cshtml(1005,43): warning CS8602: Dereference of a possibly null reference. [C:\Users\HP\Downloads\Medical\Medical_Affiliation\Medical_Affiliation.csproj]
C:\Users\HP\Downloads\Medical\Medical_Affiliation\Views\MedicalRepository\FacultyDetails.cshtml(1015,43): warning CS8602: Dereference of a possibly null reference. [C:\Users\HP\Downloads\Medical\Medical_Affiliation\Medical_Affiliation.csproj]
C:\Users\HP\Downloads\Medical\Medical_Affiliation\Views\MedicalRepository\FacultyDetails.cshtml(1025,44): warning CS8602: Dereference of a possibly null reference. [C:\Users\HP\Downloads\Medical\Medical_Affiliation\Medical_Affiliation.csproj]
C:\Users\HP\Downloads\Medical\Medical_Affiliation\Views\MedicalRepository\FacultyDetails.cshtml(10,9): warning CS0219: The variable 'currentStep' is assigned but its value is never used [C:\Users\HP\Downloads\Medical\Medical_Affiliation\Medical_Affiliation.csproj]
C:\Users\HP\Downloads\Medical\Medical_Affiliation\Services\Handlers\Medical\MedicalHospitalHandler.cs(247,36): warning CS8601: Possible null reference assignment. [C:\Users\HP\Downloads\Medical\Medical_Affiliation\Medical_Affiliation.csproj]
C:\Users\HP\Downloads\Medical\Medical_Affiliation\Services\Handlers\Medical\MedicalHospitalHandler.cs(248,41): warning CS8601: Possible null reference assignment. [C:\Users\HP\Downloads\Medical\Medical_Affiliation\Medical_Affiliation.csproj]
C:\Users\HP\Downloads\Medical\Medical_Affiliation\Services\Handlers\Medical\MedicalHospitalHandler.cs(258,32): warning CS8601: Possible null reference assignment. [C:\Users\HP\Downloads\Medical\Medical_Affiliation\Medical_Affiliation.csproj]
C:\Users\HP\Downloads\Medical\Medical_Affiliation\Services\Handlers\Medical\MedicalHospitalHandler.cs(337,41): warning CS8601: Possible null reference assignment. [C:\Users\HP\Downloads\Medical\Medical_Affiliation\Medical_Affiliation.csproj]
C:\Users\HP\Downloads\Medical\Medical_Affiliation\Services\Handlers\Medical\MedicalHospitalHandler.cs(338,36): warning CS8601: Possible null reference assignment. [C:\Users\HP\Downloads\Medical\Medical_Affiliation\Medical_Affiliation.csproj]
C:\Users\HP\Downloads\Medical\Medical_Affiliation\Controllers\AdminController.cs(1302,18): warning CS8602: Dereference of a possibly null reference. [C:\Users\HP\Downloads\Medical\Medical_Affiliation\Medical_Affiliation.csproj]
C:\Users\HP\Downloads\Medical\Medical_Affiliation\Views\MedicalRepository\Medical_YearwiseMaterials.cshtml(6,23): warning CS8602: Dereference of a possibly null reference. [C:\Users\HP\Downloads\Medical\Medical_Affiliation\Medical_Affiliation.csproj]
C:\Users\HP\Downloads\Medical\Medical_Affiliation\Views\MedicalRepository\Medical_YearwiseMaterials.cshtml(1013,51): warning CS8602: Dereference of a possibly null reference. [C:\Users\HP\Downloads\Medical\Medical_Affiliation\Medical_Affiliation.csproj]
C:\Users\HP\Downloads\Medical\Medical_Affiliation\Views\MedicalRepository\Medical_YearwiseMaterials.cshtml(7,9): warning CS0219: The variable 'currentStep' is assigned but its value is never used [C:\Users\HP\Downloads\Medical\Medical_Affiliation\Medical_Affiliation.csproj]
C:\Users\HP\Downloads\Medical\Medical_Affiliation\Views\Login\NodalOfficersList.cshtml(6,23): warning CS8602: Dereference of a possibly null reference. [C:\Users\HP\Downloads\Medical\Medical_Affiliation\Medical_Affiliation.csproj]
C:\Users\HP\Downloads\Medical\Medical_Affiliation\Views\Login\NodalOfficersList.cshtml(210,78): warning CS8602: Dereference of a possibly null reference. [C:\Users\HP\Downloads\Medical\Medical_Affiliation\Medical_Affiliation.csproj]
C:\Users\HP\Downloads\Medical\Medical_Affiliation\Views\Login\NodalOfficersList.cshtml(359,46): warning CS8602: Dereference of a possibly null reference. [C:\Users\HP\Downloads\Medical\Medical_Affiliation\Medical_Affiliation.csproj]
C:\Users\HP\Downloads\Medical\Medical_Affiliation\Views\Login\NodalOfficersList.cshtml(383,34): warning CS8604: Possible null reference argument for parameter 'source' in 'bool Enumerable.All<NodalOfficerDetailViewModel>(IEnumerable<NodalOfficerDetailViewModel> source, Func<NodalOfficerDetailViewModel, bool> predicate)'. [C:\Users\HP\Downloads\Medical\Medical_Affiliation\Medical_Affiliation.csproj]
C:\Users\HP\Downloads\Medical\Medical_Affiliation\Views\Login\NodalOfficersList.cshtml(471,53): warning CS8602: Dereference of a possibly null reference. [C:\Users\HP\Downloads\Medical\Medical_Affiliation\Medical_Affiliation.csproj]
C:\Users\HP\Downloads\Medical\Medical_Affiliation\Views\Login\NodalOfficerDetails.cshtml(5,23): warning CS8602: Dereference of a possibly null reference. [C:\Users\HP\Downloads\Medical\Medical_Affiliation\Medical_Affiliation.csproj]
C:\Users\HP\Downloads\Medical\Medical_Affiliation\Views\Repo\Repo_UGPG.cshtml(14,23): warning CS8602: Dereference of a possibly null reference. [C:\Users\HP\Downloads\Medical\Medical_Affiliation\Medical_Affiliation.csproj]
C:\Users\HP\Downloads\Medical\Medical_Affiliation\Controllers\Medical_ContinuousAffiliationController.cs(268,43): warning CS8602: Dereference of a possibly null reference. [C:\Users\HP\Downloads\Medical\Medical_Affiliation\Medical_Affiliation.csproj]
C:\Users\HP\Downloads\Medical\Medical_Affiliation\Controllers\Medical_ContinuousAffiliationController.cs(417,39): warning CS8601: Possible null reference assignment. [C:\Users\HP\Downloads\Medical\Medical_Affiliation\Medical_Affiliation.csproj]
C:\Users\HP\Downloads\Medical\Medical_Affiliation\Controllers\Medical_ContinuousAffiliationController.cs(499,30): warning CS0168: The variable 'ex' is declared but never used [C:\Users\HP\Downloads\Medical\Medical_Affiliation\Medical_Affiliation.csproj]
C:\Users\HP\Downloads\Medical\Medical_Affiliation\Views\MedicalRepository\Medical_BasicDetails.cshtml(6,23): warning CS8602: Dereference of a possibly null reference. [C:\Users\HP\Downloads\Medical\Medical_Affiliation\Medical_Affiliation.csproj]
C:\Users\HP\Downloads\Medical\Medical_Affiliation\Views\MedicalRepository\Medical_BasicDetails.cshtml(10,9): warning CS0219: The variable 'currentStep' is assigned but its value is never used [C:\Users\HP\Downloads\Medical\Medical_Affiliation\Medical_Affiliation.csproj]
C:\Users\HP\Downloads\Medical\Medical_Affiliation\Controllers\AdminController.cs(1431,60): warning CS8601: Possible null reference assignment. [C:\Users\HP\Downloads\Medical\Medical_Affiliation\Medical_Affiliation.csproj]
C:\Users\HP\Downloads\Medical\Medical_Affiliation\Views\MainDashboard\Rguhsdashboard.cshtml(1932,37): warning CS8600: Converting null literal or possible null value to non-nullable type. [C:\Users\HP\Downloads\Medical\Medical_Affiliation\Medical_Affiliation.csproj]
C:\Users\HP\Downloads\Medical\Medical_Affiliation\Views\MainDashboard\Rguhsdashboard.cshtml(1940,37): warning CS8600: Converting null literal or possible null value to non-nullable type. [C:\Users\HP\Downloads\Medical\Medical_Affiliation\Medical_Affiliation.csproj]
C:\Users\HP\Downloads\Medical\Medical_Affiliation\Controllers\AdminController.cs(1638,31): warning CS8602: Dereference of a possibly null reference. [C:\Users\HP\Downloads\Medical\Medical_Affiliation\Medical_Affiliation.csproj]
C:\Users\HP\Downloads\Medical\Medical_Affiliation\Controllers\AdminController.cs(1735,46): warning CS8625: Cannot convert null literal to non-nullable reference type. [C:\Users\HP\Downloads\Medical\Medical_Affiliation\Medical_Affiliation.csproj]
C:\Users\HP\Downloads\Medical\Medical_Affiliation\Controllers\AdminController.cs(1736,49): warning CS8625: Cannot convert null literal to non-nullable reference type. [C:\Users\HP\Downloads\Medical\Medical_Affiliation\Medical_Affiliation.csproj]
C:\Users\HP\Downloads\Medical\Medical_Affiliation\Controllers\Medical_ContinuousAffiliationController.cs(1077,41): warning CS8601: Possible null reference assignment. [C:\Users\HP\Downloads\Medical\Medical_Affiliation\Medical_Affiliation.csproj]
C:\Users\HP\Downloads\Medical\Medical_Affiliation\Views\Login\Dashboard.cshtml(6,23): warning CS8602: Dereference of a possibly null reference. [C:\Users\HP\Downloads\Medical\Medical_Affiliation\Medical_Affiliation.csproj]
C:\Users\HP\Downloads\Medical\Medical_Affiliation\Views\LIC_Director\CollegeClaimsDashboard.cshtml(933,54): warning CS8602: Dereference of a possibly null reference. [C:\Users\HP\Downloads\Medical\Medical_Affiliation\Medical_Affiliation.csproj]
C:\Users\HP\Downloads\Medical\Medical_Affiliation\Views\LIC_Director\CollegeClaimsDashboard.cshtml(1037,122): warning CS8601: Possible null reference assignment. [C:\Users\HP\Downloads\Medical\Medical_Affiliation\Medical_Affiliation.csproj]
C:\Users\HP\Downloads\Medical\Medical_Affiliation\Views\LIC_Director\CollegeClaimsDashboard.cshtml(1040,122): warning CS8601: Possible null reference assignment. [C:\Users\HP\Downloads\Medical\Medical_Affiliation\Medical_Affiliation.csproj]
C:\Users\HP\Downloads\Medical\Medical_Affiliation\Views\LIC_Director\CollegeClaimsDashboard.cshtml(1043,122): warning CS8601: Possible null reference assignment. [C:\Users\HP\Downloads\Medical\Medical_Affiliation\Medical_Affiliation.csproj]
C:\Users\HP\Downloads\Medical\Medical_Affiliation\Controllers\MedicalSuperAdminController.cs(88,51): warning CS8604: Possible null reference argument for parameter 'item' in 'bool HashSet<string>.Contains(string item)'. [C:\Users\HP\Downloads\Medical\Medical_Affiliation\Medical_Affiliation.csproj]
C:\Users\HP\Downloads\Medical\Medical_Affiliation\Controllers\MedicalSuperAdminController.cs(117,29): warning CS8600: Converting null literal or possible null value to non-nullable type. [C:\Users\HP\Downloads\Medical\Medical_Affiliation\Medical_Affiliation.csproj]
C:\Users\HP\Downloads\Medical\Medical_Affiliation\Controllers\MedicalSuperAdminController.cs(121,34): warning CS8604: Possible null reference argument for parameter 'key' in 'int Dictionary<string, int>.this[string key]'. [C:\Users\HP\Downloads\Medical\Medical_Affiliation\Medical_Affiliation.csproj]
C:\Users\HP\Downloads\Medical\Medical_Affiliation\Controllers\MedicalSuperAdminController.cs(127,34): warning CS8604: Possible null reference argument for parameter 'key' in 'int Dictionary<string, int>.this[string key]'. [C:\Users\HP\Downloads\Medical\Medical_Affiliation\Medical_Affiliation.csproj]
C:\Users\HP\Downloads\Medical\Medical_Affiliation\Controllers\MedicalSuperAdminController.cs(169,25): warning CS8604: Possible null reference argument for parameter 'key' in 'bool Dictionary<string, int>.TryGetValue(string key, out int value)'. [C:\Users\HP\Downloads\Medical\Medical_Affiliation\Medical_Affiliation.csproj]
C:\Users\HP\Downloads\Medical\Medical_Affiliation\Views\LicTada\_GridCashier.cshtml(24,31): warning CS8629: Nullable value type may be null. [C:\Users\HP\Downloads\Medical\Medical_Affiliation\Medical_Affiliation.csproj]
C:\Users\HP\Downloads\Medical\Medical_Affiliation\Views\LicTada\_AllPaidGrid.cshtml(24,51): warning CS8629: Nullable value type may be null. [C:\Users\HP\Downloads\Medical\Medical_Affiliation\Medical_Affiliation.csproj]
C:\Users\HP\Downloads\Medical\Medical_Affiliation\Views\LicTada\_GridCashierPaid.cshtml(24,51): warning CS8629: Nullable value type may be null. [C:\Users\HP\Downloads\Medical\Medical_Affiliation\Medical_Affiliation.csproj]
C:\Users\HP\Downloads\Medical\Medical_Affiliation\Controllers\MedicalSuperAdminController.cs(255,25): warning CS8600: Converting null literal or possible null value to non-nullable type. [C:\Users\HP\Downloads\Medical\Medical_Affiliation\Medical_Affiliation.csproj]
C:\Users\HP\Downloads\Medical\Medical_Affiliation\Controllers\MedicalSuperAdminController.cs(259,38): warning CS8601: Possible null reference assignment. [C:\Users\HP\Downloads\Medical\Medical_Affiliation\Medical_Affiliation.csproj]
C:\Users\HP\Downloads\Medical\Medical_Affiliation\Controllers\MedicalSuperAdminController.cs(277,35): warning CS8601: Possible null reference assignment. [C:\Users\HP\Downloads\Medical\Medical_Affiliation\Medical_Affiliation.csproj]
C:\Users\HP\Downloads\Medical\Medical_Affiliation\Views\Medical_ContinuousAffiliation\Medical_LandBuildingdetails.cshtml(1043,160): warning CS8602: Dereference of a possibly null reference. [C:\Users\HP\Downloads\Medical\Medical_Affiliation\Medical_Affiliation.csproj]
C:\Users\HP\Downloads\Medical\Medical_Affiliation\Views\LICInspection\InspectionCollegeDetails.cshtml(308,27): warning CS8714: The type 'string?' cannot be used as type parameter 'TKey' in the generic type or method 'Enumerable.ToDictionary<TSource, TKey, TElement>(IEnumerable<TSource>, Func<TSource, TKey>, Func<TSource, TElement>)'. Nullability of type argument 'string?' doesn't match 'notnull' constraint. [C:\Users\HP\Downloads\Medical\Medical_Affiliation\Medical_Affiliation.csproj]
C:\Users\HP\Downloads\Medical\Medical_Affiliation\Views\LICInspection\InspectionCollegeDetails.cshtml(311,39): warning CS8621: Nullability of reference types in return type of 'lambda expression' doesn't match the target delegate 'Func<IGrouping<string?, LicinspectionDetail>, string?>' (possibly because of nullability attributes). [C:\Users\HP\Downloads\Medical\Medical_Affiliation\Medical_Affiliation.csproj]
C:\Users\HP\Downloads\Medical\Medical_Affiliation\Views\LICInspection\InspectionCollegeDetails.cshtml(308,27): warning CS8619: Nullability of reference types in value of type 'Dictionary<string?, LicinspectionDetail>' doesn't match target type 'Dictionary<string, LicinspectionDetail>'. [C:\Users\HP\Downloads\Medical\Medical_Affiliation\Medical_Affiliation.csproj]
C:\Users\HP\Downloads\Medical\Medical_Affiliation\Views\LatestMedicalAffiliation\TeachingFacultyDetails.cshtml(6,23): warning CS8602: Dereference of a possibly null reference. [C:\Users\HP\Downloads\Medical\Medical_Affiliation\Medical_Affiliation.csproj]
C:\Users\HP\Downloads\Medical\Medical_Affiliation\Views\LatestMedicalAffiliation\TeachingFacultyDetails.cshtml(340,55): warning CS8600: Converting null literal or possible null value to non-nullable type. [C:\Users\HP\Downloads\Medical\Medical_Affiliation\Medical_Affiliation.csproj]
C:\Users\HP\Downloads\Medical\Medical_Affiliation\Views\LatestMedicalAffiliation\Medical_LatestIntakeData.cshtml(9,23): warning CS8602: Dereference of a possibly null reference. [C:\Users\HP\Downloads\Medical\Medical_Affiliation\Medical_Affiliation.csproj]
C:\Users\HP\Downloads\Medical\Medical_Affiliation\Views\Fellowship\DirectorDashboard_Fellowship.cshtml(166,44): warning CS8602: Dereference of a possibly null reference. [C:\Users\HP\Downloads\Medical\Medical_Affiliation\Medical_Affiliation.csproj]
C:\Users\HP\Downloads\Medical\Medical_Affiliation\Controllers\MedicalSuperAdminController.cs(340,58): warning CS8604: Possible null reference argument for parameter 'item' in 'bool HashSet<string>.Contains(string item)'. [C:\Users\HP\Downloads\Medical\Medical_Affiliation\Medical_Affiliation.csproj]
C:\Users\HP\Downloads\Medical\Medical_Affiliation\Controllers\MedicalSuperAdminController.cs(359,37): warning CS8600: Converting null literal or possible null value to non-nullable type. [C:\Users\HP\Downloads\Medical\Medical_Affiliation\Medical_Affiliation.csproj]
C:\Users\HP\Downloads\Medical\Medical_Affiliation\Controllers\MedicalSuperAdminController.cs(296,20): warning CS8603: Possible null reference return. [C:\Users\HP\Downloads\Medical\Medical_Affiliation\Medical_Affiliation.csproj]
C:\Users\HP\Downloads\Medical\Medical_Affiliation\Views\LicTada\_TadaMember.cshtml(21,12): warning CS8321: The local function 'F' is declared but never used [C:\Users\HP\Downloads\Medical\Medical_Affiliation\Medical_Affiliation.csproj]
C:\Users\HP\Downloads\Medical\Medical_Affiliation\Views\FacultyDetails\Repo_FacultyDetails.cshtml(7,23): warning CS8602: Dereference of a possibly null reference. [C:\Users\HP\Downloads\Medical\Medical_Affiliation\Medical_Affiliation.csproj]
C:\Users\HP\Downloads\Medical\Medical_Affiliation\Views\FacultyDetails\Repo_FacultyDetails.cshtml(784,46): warning CS8604: Possible null reference argument for parameter 'source' in 'IEnumerable<string> Enumerable.Select<SelectListItem, string>(IEnumerable<SelectListItem> source, Func<SelectListItem, string> selector)'. [C:\Users\HP\Downloads\Medical\Medical_Affiliation\Medical_Affiliation.csproj]
C:\Users\HP\Downloads\Medical\Medical_Affiliation\Views\FacultyDetails\Repo_FacultyDetails.cshtml(787,47): warning CS8604: Possible null reference argument for parameter 'source' in 'IEnumerable<string> Enumerable.Select<SelectListItem, string>(IEnumerable<SelectListItem> source, Func<SelectListItem, string> selector)'. [C:\Users\HP\Downloads\Medical\Medical_Affiliation\Medical_Affiliation.csproj]
C:\Users\HP\Downloads\Medical\Medical_Affiliation\Views\DentalRepository\TeachingFacultyDetails.cshtml(6,23): warning CS8602: Dereference of a possibly null reference. [C:\Users\HP\Downloads\Medical\Medical_Affiliation\Medical_Affiliation.csproj]
C:\Users\HP\Downloads\Medical\Medical_Affiliation\Views\DentalRepository\TeachingFacultyDetails.cshtml(778,51): warning CS8600: Converting null literal or possible null value to non-nullable type. [C:\Users\HP\Downloads\Medical\Medical_Affiliation\Medical_Affiliation.csproj]
C:\Users\HP\Downloads\Medical\Medical_Affiliation\Views\DentalRepository\TeachingFacultyDetails.cshtml(12,9): warning CS0219: The variable 'currentStep' is assigned but its value is never used [C:\Users\HP\Downloads\Medical\Medical_Affiliation\Medical_Affiliation.csproj]
C:\Users\HP\Downloads\Medical\Medical_Affiliation\Views\ContinuesAffiliation_Facultybased\TeachingFacultyDetails.cshtml(6,23): warning CS8602: Dereference of a possibly null reference. [C:\Users\HP\Downloads\Medical\Medical_Affiliation\Medical_Affiliation.csproj]
C:\Users\HP\Downloads\Medical\Medical_Affiliation\Views\ContinuesAffiliation_Facultybased\TeachingFacultyDetails.cshtml(342,55): warning CS8600: Converting null literal or possible null value to non-nullable type. [C:\Users\HP\Downloads\Medical\Medical_Affiliation\Medical_Affiliation.csproj]
C:\Users\HP\Downloads\Medical\Medical_Affiliation\Views\ContinuousAffiliationIncreaseintake\IncreaseIntake.cshtml(40,83): warning CS8604: Possible null reference argument for parameter 'item' in 'bool List<string>.Contains(string item)'. [C:\Users\HP\Downloads\Medical\Medical_Affiliation\Medical_Affiliation.csproj]
C:\Users\HP\Downloads\Medical\Medical_Affiliation\Views\Fellowship\AcceptedRejectedDashboard.cshtml(241,47): warning CS8604: Possible null reference argument for parameter 'source' in 'IEnumerable<FellowshipAcceptedRejectedRowVm> Enumerable.Where<FellowshipAcceptedRejectedRowVm>(IEnumerable<FellowshipAcceptedRejectedRowVm> source, Func<FellowshipAcceptedRejectedRowVm, bool> predicate)'. [C:\Users\HP\Downloads\Medical\Medical_Affiliation\Medical_Affiliation.csproj]
C:\Users\HP\Downloads\Medical\Medical_Affiliation\Controllers\MedicalRepositoryController.cs(34,33): warning CS8601: Possible null reference assignment. [C:\Users\HP\Downloads\Medical\Medical_Affiliation\Medical_Affiliation.csproj]
C:\Users\HP\Downloads\Medical\Medical_Affiliation\Controllers\MedicalRepositoryController.cs(95,42): warning CS8601: Possible null reference assignment. [C:\Users\HP\Downloads\Medical\Medical_Affiliation\Medical_Affiliation.csproj]
C:\Users\HP\Downloads\Medical\Medical_Affiliation\Controllers\MedicalRepositoryController.cs(96,52): warning CS8601: Possible null reference assignment. [C:\Users\HP\Downloads\Medical\Medical_Affiliation\Medical_Affiliation.csproj]
C:\Users\HP\Downloads\Medical\Medical_Affiliation\Controllers\MedicalRepositoryController.cs(97,54): warning CS8601: Possible null reference assignment. [C:\Users\HP\Downloads\Medical\Medical_Affiliation\Medical_Affiliation.csproj]
C:\Users\HP\Downloads\Medical\Medical_Affiliation\Controllers\MedicalRepositoryController.cs(98,41): warning CS8601: Possible null reference assignment. [C:\Users\HP\Downloads\Medical\Medical_Affiliation\Medical_Affiliation.csproj]
C:\Users\HP\Downloads\Medical\Medical_Affiliation\Controllers\MedicalRepositoryController.cs(99,42): warning CS8601: Possible null reference assignment. [C:\Users\HP\Downloads\Medical\Medical_Affiliation\Medical_Affiliation.csproj]
C:\Users\HP\Downloads\Medical\Medical_Affiliation\Controllers\MedicalRepositoryController.cs(100,29): warning CS8629: Nullable value type may be null. [C:\Users\HP\Downloads\Medical\Medical_Affiliation\Medical_Affiliation.csproj]
C:\Users\HP\Downloads\Medical\Medical_Affiliation\Controllers\MedicalRepositoryController.cs(101,29): warning CS8601: Possible null reference assignment. [C:\Users\HP\Downloads\Medical\Medical_Affiliation\Medical_Affiliation.csproj]
C:\Users\HP\Downloads\Medical\Medical_Affiliation\Controllers\MedicalRepositoryController.cs(102,44): warning CS8601: Possible null reference assignment. [C:\Users\HP\Downloads\Medical\Medical_Affiliation\Medical_Affiliation.csproj]
C:\Users\HP\Downloads\Medical\Medical_Affiliation\Controllers\MedicalRepositoryController.cs(106,40): warning CS8601: Possible null reference assignment. [C:\Users\HP\Downloads\Medical\Medical_Affiliation\Medical_Affiliation.csproj]
C:\Users\HP\Downloads\Medical\Medical_Affiliation\Controllers\MedicalRepositoryController.cs(107,48): warning CS8601: Possible null reference assignment. [C:\Users\HP\Downloads\Medical\Medical_Affiliation\Medical_Affiliation.csproj]
C:\Users\HP\Downloads\Medical\Medical_Affiliation\Views\ContinuesAffiliation_Facultybased\Aff_TrustMemberDetails.cshtml(666,54): warning CS8602: Dereference of a possibly null reference. [C:\Users\HP\Downloads\Medical\Medical_Affiliation\Medical_Affiliation.csproj]
C:\Users\HP\Downloads\Medical\Medical_Affiliation\Controllers\MedicalRepositoryController.cs(205,37): warning CS8601: Possible null reference assignment. [C:\Users\HP\Downloads\Medical\Medical_Affiliation\Medical_Affiliation.csproj]
C:\Users\HP\Downloads\Medical\Medical_Affiliation\Views\ContinuesAffiliation_Facultybased\Dean_DirectorDetails.cshtml(634,54): warning CS8602: Dereference of a possibly null reference. [C:\Users\HP\Downloads\Medical\Medical_Affiliation\Medical_Affiliation.csproj]
C:\Users\HP\Downloads\Medical\Medical_Affiliation\Views\ContinuesAffiliation_Facultybased\Dean_DirectorDetails.cshtml(724,54): warning CS8602: Dereference of a possibly null reference. [C:\Users\HP\Downloads\Medical\Medical_Affiliation\Medical_Affiliation.csproj]
C:\Users\HP\Downloads\Medical\Medical_Affiliation\Views\ContinuesAffiliation_Facultybased\Dean_DirectorDetails.cshtml(953,37): warning CS8602: Dereference of a possibly null reference. [C:\Users\HP\Downloads\Medical\Medical_Affiliation\Medical_Affiliation.csproj]
C:\Users\HP\Downloads\Medical\Medical_Affiliation\Views\ContinuesAffiliation_Facultybased\Dean_DirectorDetails.cshtml(954,37): warning CS8602: Dereference of a possibly null reference. [C:\Users\HP\Downloads\Medical\Medical_Affiliation\Medical_Affiliation.csproj]
C:\Users\HP\Downloads\Medical\Medical_Affiliation\Views\ContinuesAffiliation_Facultybased\aff_FacultyDetails.cshtml(6,23): warning CS8602: Dereference of a possibly null reference. [C:\Users\HP\Downloads\Medical\Medical_Affiliation\Medical_Affiliation.csproj]
C:\Users\HP\Downloads\Medical\Medical_Affiliation\Views\ContinuesAffiliation_Facultybased\aff_FacultyDetails.cshtml(495,9): warning CS8604: Possible null reference argument for parameter 'source' in 'IEnumerable<string> Enumerable.Select<SelectListItem, string>(IEnumerable<SelectListItem> source, Func<SelectListItem, string> selector)'. [C:\Users\HP\Downloads\Medical\Medical_Affiliation\Medical_Affiliation.csproj]
C:\Users\HP\Downloads\Medical\Medical_Affiliation\Views\ContinuesAffiliation_Facultybased\aff_FacultyDetails.cshtml(500,9): warning CS8604: Possible null reference argument for parameter 'source' in 'IEnumerable<string> Enumerable.Select<SelectListItem, string>(IEnumerable<SelectListItem> source, Func<SelectListItem, string> selector)'. [C:\Users\HP\Downloads\Medical\Medical_Affiliation\Medical_Affiliation.csproj]
C:\Users\HP\Downloads\Medical\Medical_Affiliation\Controllers\MedicalRepositoryController.cs(289,34): warning CS8600: Converting null literal or possible null value to non-nullable type. [C:\Users\HP\Downloads\Medical\Medical_Affiliation\Medical_Affiliation.csproj]
C:\Users\HP\Downloads\Medical\Medical_Affiliation\Controllers\MedicalRepositoryController.cs(290,34): warning CS8600: Converting null literal or possible null value to non-nullable type. [C:\Users\HP\Downloads\Medical\Medical_Affiliation\Medical_Affiliation.csproj]
C:\Users\HP\Downloads\Medical\Medical_Affiliation\Controllers\MedicalRepositoryController.cs(363,48): warning CS8601: Possible null reference assignment. [C:\Users\HP\Downloads\Medical\Medical_Affiliation\Medical_Affiliation.csproj]
C:\Users\HP\Downloads\Medical\Medical_Affiliation\Controllers\MedicalRepositoryController.cs(365,49): warning CS8601: Possible null reference assignment. [C:\Users\HP\Downloads\Medical\Medical_Affiliation\Medical_Affiliation.csproj]
C:\Users\HP\Downloads\Medical\Medical_Affiliation\Controllers\MedicalRepositoryController.cs(378,37): warning CS8601: Possible null reference assignment. [C:\Users\HP\Downloads\Medical\Medical_Affiliation\Medical_Affiliation.csproj]
C:\Users\HP\Downloads\Medical\Medical_Affiliation\Controllers\MedicalRepositoryController.cs(379,35): warning CS8601: Possible null reference assignment. [C:\Users\HP\Downloads\Medical\Medical_Affiliation\Medical_Affiliation.csproj]
C:\Users\HP\Downloads\Medical\Medical_Affiliation\Controllers\MedicalRepositoryController.cs(380,31): warning CS8601: Possible null reference assignment. [C:\Users\HP\Downloads\Medical\Medical_Affiliation\Medical_Affiliation.csproj]
C:\Users\HP\Downloads\Medical\Medical_Affiliation\Controllers\MedicalRepositoryController.cs(381,27): warning CS8601: Possible null reference assignment. [C:\Users\HP\Downloads\Medical\Medical_Affiliation\Medical_Affiliation.csproj]
C:\Users\HP\Downloads\Medical\Medical_Affiliation\Views\ContinuesAffiliation_Facultybased\Aff_PrincipalDetails.cshtml(11,15): warning CS8602: Dereference of a possibly null reference. [C:\Users\HP\Downloads\Medical\Medical_Affiliation\Medical_Affiliation.csproj]
C:\Users\HP\Downloads\Medical\Medical_Affiliation\Views\ContinuesAffiliation_Facultybased\Aff_PrincipalDetails.cshtml(15,7): warning CS8604: Possible null reference argument for parameter 'source' in 'IEnumerable<string> Enumerable.Select<string, string>(IEnumerable<string> source, Func<string, string> selector)'. [C:\Users\HP\Downloads\Medical\Medical_Affiliation\Medical_Affiliation.csproj]
C:\Users\HP\Downloads\Medical\Medical_Affiliation\Views\ContinuesAffiliation_Facultybased\Aff_PrincipalDetails.cshtml(664,54): warning CS8602: Dereference of a possibly null reference. [C:\Users\HP\Downloads\Medical\Medical_Affiliation\Medical_Affiliation.csproj]
C:\Users\HP\Downloads\Medical\Medical_Affiliation\Views\ContinuesAffiliation_Facultybased\Aff_PrincipalDetails.cshtml(751,54): warning CS8602: Dereference of a possibly null reference. [C:\Users\HP\Downloads\Medical\Medical_Affiliation\Medical_Affiliation.csproj]
C:\Users\HP\Downloads\Medical\Medical_Affiliation\Views\ContinuesAffiliation_Facultybased\Aff_PrincipalDetails.cshtml(847,37): warning CS8602: Dereference of a possibly null reference. [C:\Users\HP\Downloads\Medical\Medical_Affiliation\Medical_Affiliation.csproj]
C:\Users\HP\Downloads\Medical\Medical_Affiliation\Views\ContinuesAffiliation_Facultybased\Aff_PrincipalDetails.cshtml(848,37): warning CS8602: Dereference of a possibly null reference. [C:\Users\HP\Downloads\Medical\Medical_Affiliation\Medical_Affiliation.csproj]
C:\Users\HP\Downloads\Medical\Medical_Affiliation\Views\ContinuationAffiliationClinicalFacilities\Sections\ClinicalSection\InstructionSet\_Dental.cshtml(4,23): warning CS8602: Dereference of a possibly null reference. [C:\Users\HP\Downloads\Medical\Medical_Affiliation\Medical_Affiliation.csproj]
C:\Users\HP\Downloads\Medical\Medical_Affiliation\Views\ContinuesAffiliation_Facultybased\Aff_HostelDetails.cshtml(377,157): warning CS8602: Dereference of a possibly null reference. [C:\Users\HP\Downloads\Medical\Medical_Affiliation\Medical_Affiliation.csproj]
C:\Users\HP\Downloads\Medical\Medical_Affiliation\Controllers\MedicalRepositoryController.cs(428,34): warning CS8600: Converting null literal or possible null value to non-nullable type. [C:\Users\HP\Downloads\Medical\Medical_Affiliation\Medical_Affiliation.csproj]
C:\Users\HP\Downloads\Medical\Medical_Affiliation\Controllers\MedicalRepositoryController.cs(429,34): warning CS8600: Converting null literal or possible null value to non-nullable type. [C:\Users\HP\Downloads\Medical\Medical_Affiliation\Medical_Affiliation.csproj]
C:\Users\HP\Downloads\Medical\Medical_Affiliation\Controllers\MedicalRepositoryController.cs(508,44): warning CS8600: Converting null literal or possible null value to non-nullable type. [C:\Users\HP\Downloads\Medical\Medical_Affiliation\Medical_Affiliation.csproj]
C:\Users\HP\Downloads\Medical\Medical_Affiliation\Controllers\MedicalRepositoryController.cs(512,104): warning CS8604: Possible null reference argument for parameter 'facutlyCode' in 'Task<string?> MedicalRepositoryController.SaveFacultyFileAsync(IFormFile? file, string folder, string facutlyCode)'. [C:\Users\HP\Downloads\Medical\Medical_Affiliation\Medical_Affiliation.csproj]
C:\Users\HP\Downloads\Medical\Medical_Affiliation\Controllers\MedicalRepositoryController.cs(512,41): warning CS8600: Converting null literal or possible null value to non-nullable type. [C:\Users\HP\Downloads\Medical\Medical_Affiliation\Medical_Affiliation.csproj]
C:\Users\HP\Downloads\Medical\Medical_Affiliation\Controllers\MedicalRepositoryController.cs(668,35): warning CS8601: Possible null reference assignment. [C:\Users\HP\Downloads\Medical\Medical_Affiliation\Medical_Affiliation.csproj]
C:\Users\HP\Downloads\Medical\Medical_Affiliation\Views\ContinuesAffiliation_Facultybased\Institution_Details.cshtml(7,23): warning CS8602: Dereference of a possibly null reference. [C:\Users\HP\Downloads\Medical\Medical_Affiliation\Medical_Affiliation.csproj]
C:\Users\HP\Downloads\Medical\Medical_Affiliation\Views\ContinuationAffiliationClinicalFacilities\Sections\ClinicalSection\AffiliatedDocuments\_Dental.cshtml(30,42): warning CS8602: Dereference of a possibly null reference. [C:\Users\HP\Downloads\Medical\Medical_Affiliation\Medical_Affiliation.csproj]
C:\Users\HP\Downloads\Medical\Medical_Affiliation\Views\ContinuationAffiliationClinicalFacilities\Sections\ClinicalSection\AffiliatedDocuments\_Nursing.cshtml(30,42): warning CS8602: Dereference of a possibly null reference. [C:\Users\HP\Downloads\Medical\Medical_Affiliation\Medical_Affiliation.csproj]
C:\Users\HP\Downloads\Medical\Medical_Affiliation\Views\ContinuationAffiliationClinicalFacilities\Sections\ClinicalSection\AffiliatedDocuments\_Medical.cshtml(30,42): warning CS8602: Dereference of a possibly null reference. [C:\Users\HP\Downloads\Medical\Medical_Affiliation\Medical_Affiliation.csproj]
C:\Users\HP\Downloads\Medical\Medical_Affiliation\Views\Collegelogin\Dashboard.cshtml(7,23): warning CS8602: Dereference of a possibly null reference. [C:\Users\HP\Downloads\Medical\Medical_Affiliation\Medical_Affiliation.csproj]
C:\Users\HP\Downloads\Medical\Medical_Affiliation\Views\Collegelogin\Dashboard.cshtml(1402,50): warning CS8605: Unboxing a possibly null value. [C:\Users\HP\Downloads\Medical\Medical_Affiliation\Medical_Affiliation.csproj]
C:\Users\HP\Downloads\Medical\Medical_Affiliation\Views\Collegelogin\Dashboard.cshtml(1639,54): warning CS8605: Unboxing a possibly null value. [C:\Users\HP\Downloads\Medical\Medical_Affiliation\Medical_Affiliation.csproj]
C:\Users\HP\Downloads\Medical\Medical_Affiliation\Views\Collegelogin\Dashboard.cshtml(1656,55): warning CS8605: Unboxing a possibly null value. [C:\Users\HP\Downloads\Medical\Medical_Affiliation\Medical_Affiliation.csproj]
C:\Users\HP\Downloads\Medical\Medical_Affiliation\Controllers\MedicalRepositoryController.cs(796,61): warning CS8601: Possible null reference assignment. [C:\Users\HP\Downloads\Medical\Medical_Affiliation\Medical_Affiliation.csproj]
C:\Users\HP\Downloads\Medical\Medical_Affiliation\Controllers\MedicalRepositoryController.cs(797,64): warning CS8601: Possible null reference assignment. [C:\Users\HP\Downloads\Medical\Medical_Affiliation\Medical_Affiliation.csproj]
C:\Users\HP\Downloads\Medical\Medical_Affiliation\Controllers\MedicalRepositoryController.cs(798,60): warning CS8601: Possible null reference assignment. [C:\Users\HP\Downloads\Medical\Medical_Affiliation\Medical_Affiliation.csproj]
C:\Users\HP\Downloads\Medical\Medical_Affiliation\Controllers\MedicalRepositoryController.cs(799,55): warning CS8601: Possible null reference assignment. [C:\Users\HP\Downloads\Medical\Medical_Affiliation\Medical_Affiliation.csproj]
C:\Users\HP\Downloads\Medical\Medical_Affiliation\Views\Collegelogin\AHSCollegeVerification.cshtml(5,23): warning CS8602: Dereference of a possibly null reference. [C:\Users\HP\Downloads\Medical\Medical_Affiliation\Medical_Affiliation.csproj]
C:\Users\HP\Downloads\Medical\Medical_Affiliation\Views\Collegelogin\GetExpectedDetails.cshtml(6,23): warning CS8602: Dereference of a possibly null reference. [C:\Users\HP\Downloads\Medical\Medical_Affiliation\Medical_Affiliation.csproj]
C:\Users\HP\Downloads\Medical\Medical_Affiliation\Views\Collegelogin\GetExpectedDetails.cshtml(467,34): warning CS8602: Dereference of a possibly null reference. [C:\Users\HP\Downloads\Medical\Medical_Affiliation\Medical_Affiliation.csproj]
C:\Users\HP\Downloads\Medical\Medical_Affiliation\Views\Collegelogin\GetExpectedDetails.cshtml(467,34): warning CS8604: Possible null reference argument for parameter 'source' in 'bool Enumerable.Any<CourseDetail>(IEnumerable<CourseDetail> source, Func<CourseDetail, bool> predicate)'. [C:\Users\HP\Downloads\Medical\Medical_Affiliation\Medical_Affiliation.csproj]
C:\Users\HP\Downloads\Medical\Medical_Affiliation\Views\ContinuationAffiliationClinicalFacilities\Sections\ClinicalSection\HospitalDetails\_Dental.cshtml(37,40): warning CS8602: Dereference of a possibly null reference. [C:\Users\HP\Downloads\Medical\Medical_Affiliation\Medical_Affiliation.csproj]
C:\Users\HP\Downloads\Medical\Medical_Affiliation\Views\ContinuationAffiliationClinicalFacilities\Sections\ClinicalSection\HospitalDetails\_Dental.cshtml(56,40): warning CS8602: Dereference of a possibly null reference. [C:\Users\HP\Downloads\Medical\Medical_Affiliation\Medical_Affiliation.csproj]
C:\Users\HP\Downloads\Medical\Medical_Affiliation\Views\ContinuationAffiliationClinicalFacilities\Sections\ClinicalSection\HospitalDetails\_Dental.cshtml(75,40): warning CS8602: Dereference of a possibly null reference. [C:\Users\HP\Downloads\Medical\Medical_Affiliation\Medical_Affiliation.csproj]
C:\Users\HP\Downloads\Medical\Medical_Affiliation\Views\ContinuationAffiliationClinicalFacilities\Sections\ClinicalSection\HospitalDetails\_Dental.cshtml(89,40): warning CS8602: Dereference of a possibly null reference. [C:\Users\HP\Downloads\Medical\Medical_Affiliation\Medical_Affiliation.csproj]
C:\Users\HP\Downloads\Medical\Medical_Affiliation\Views\ContinuationAffiliationClinicalFacilities\Sections\ClinicalSection\HospitalDetails\_Dental.cshtml(104,40): warning CS8602: Dereference of a possibly null reference. [C:\Users\HP\Downloads\Medical\Medical_Affiliation\Medical_Affiliation.csproj]
C:\Users\HP\Downloads\Medical\Medical_Affiliation\Views\ContinuationAffiliationClinicalFacilities\Sections\ClinicalSection\HospitalDetails\_Dental.cshtml(114,18): warning CS8602: Dereference of a possibly null reference. [C:\Users\HP\Downloads\Medical\Medical_Affiliation\Medical_Affiliation.csproj]
C:\Users\HP\Downloads\Medical\Medical_Affiliation\Controllers\MedicalRepositoryController.cs(929,34): warning CS8600: Converting null literal or possible null value to non-nullable type. [C:\Users\HP\Downloads\Medical\Medical_Affiliation\Medical_Affiliation.csproj]
C:\Users\HP\Downloads\Medical\Medical_Affiliation\Controllers\MedicalRepositoryController.cs(930,33): warning CS8600: Converting null literal or possible null value to non-nullable type. [C:\Users\HP\Downloads\Medical\Medical_Affiliation\Medical_Affiliation.csproj]
C:\Users\HP\Downloads\Medical\Medical_Affiliation\Controllers\MedicalRepositoryController.cs(931,35): warning CS8600: Converting null literal or possible null value to non-nullable type. [C:\Users\HP\Downloads\Medical\Medical_Affiliation\Medical_Affiliation.csproj]
C:\Users\HP\Downloads\Medical\Medical_Affiliation\Controllers\MedicalRepositoryController.cs(932,39): warning CS8600: Converting null literal or possible null value to non-nullable type. [C:\Users\HP\Downloads\Medical\Medical_Affiliation\Medical_Affiliation.csproj]
C:\Users\HP\Downloads\Medical\Medical_Affiliation\Controllers\MedicalRepositoryController.cs(934,34): warning CS8600: Converting null literal or possible null value to non-nullable type. [C:\Users\HP\Downloads\Medical\Medical_Affiliation\Medical_Affiliation.csproj]
C:\Users\HP\Downloads\Medical\Medical_Affiliation\Controllers\MedicalRepositoryController.cs(935,29): warning CS8600: Converting null literal or possible null value to non-nullable type. [C:\Users\HP\Downloads\Medical\Medical_Affiliation\Medical_Affiliation.csproj]
C:\Users\HP\Downloads\Medical\Medical_Affiliation\Controllers\MedicalRepositoryController.cs(936,31): warning CS8600: Converting null literal or possible null value to non-nullable type. [C:\Users\HP\Downloads\Medical\Medical_Affiliation\Medical_Affiliation.csproj]
C:\Users\HP\Downloads\Medical\Medical_Affiliation\Controllers\MedicalRepositoryController.cs(937,35): warning CS8600: Converting null literal or possible null value to non-nullable type. [C:\Users\HP\Downloads\Medical\Medical_Affiliation\Medical_Affiliation.csproj]
C:\Users\HP\Downloads\Medical\Medical_Affiliation\Controllers\MedicalRepositoryController.cs(962,51): warning CS8601: Possible null reference assignment. [C:\Users\HP\Downloads\Medical\Medical_Affiliation\Medical_Affiliation.csproj]
C:\Users\HP\Downloads\Medical\Medical_Affiliation\Controllers\MedicalRepositoryController.cs(986,46): warning CS8601: Possible null reference assignment. [C:\Users\HP\Downloads\Medical\Medical_Affiliation\Medical_Affiliation.csproj]
C:\Users\HP\Downloads\Medical\Medical_Affiliation\Controllers\MedicalRepositoryController.cs(1105,31): warning CS8601: Possible null reference assignment. [C:\Users\HP\Downloads\Medical\Medical_Affiliation\Medical_Affiliation.csproj]
C:\Users\HP\Downloads\Medical\Medical_Affiliation\Controllers\MedicalRepositoryController.cs(1106,31): warning CS8601: Possible null reference assignment. [C:\Users\HP\Downloads\Medical\Medical_Affiliation\Medical_Affiliation.csproj]
C:\Users\HP\Downloads\Medical\Medical_Affiliation\Controllers\MedicalRepositoryController.cs(1128,32): warning CS8600: Converting null literal or possible null value to non-nullable type. [C:\Users\HP\Downloads\Medical\Medical_Affiliation\Medical_Affiliation.csproj]
C:\Users\HP\Downloads\Medical\Medical_Affiliation\Controllers\MedicalRepositoryController.cs(1133,29): warning CS8602: Dereference of a possibly null reference. [C:\Users\HP\Downloads\Medical\Medical_Affiliation\Medical_Affiliation.csproj]
C:\Users\HP\Downloads\Medical\Medical_Affiliation\Controllers\MedicalRepositoryController.cs(1133,29): warning CS8600: Converting null literal or possible null value to non-nullable type. [C:\Users\HP\Downloads\Medical\Medical_Affiliation\Medical_Affiliation.csproj]
C:\Users\HP\Downloads\Medical\Medical_Affiliation\Controllers\MedicalRepositoryController.cs(1135,29): warning CS8602: Dereference of a possibly null reference. [C:\Users\HP\Downloads\Medical\Medical_Affiliation\Medical_Affiliation.csproj]
C:\Users\HP\Downloads\Medical\Medical_Affiliation\Controllers\MedicalRepositoryController.cs(1135,29): warning CS8600: Converting null literal or possible null value to non-nullable type. [C:\Users\HP\Downloads\Medical\Medical_Affiliation\Medical_Affiliation.csproj]
C:\Users\HP\Downloads\Medical\Medical_Affiliation\Controllers\MedicalRepositoryController.cs(1137,29): warning CS8602: Dereference of a possibly null reference. [C:\Users\HP\Downloads\Medical\Medical_Affiliation\Medical_Affiliation.csproj]
C:\Users\HP\Downloads\Medical\Medical_Affiliation\Controllers\MedicalRepositoryController.cs(1137,29): warning CS8600: Converting null literal or possible null value to non-nullable type. [C:\Users\HP\Downloads\Medical\Medical_Affiliation\Medical_Affiliation.csproj]
C:\Users\HP\Downloads\Medical\Medical_Affiliation\Controllers\MedicalRepositoryController.cs(1139,29): warning CS8602: Dereference of a possibly null reference. [C:\Users\HP\Downloads\Medical\Medical_Affiliation\Medical_Affiliation.csproj]
C:\Users\HP\Downloads\Medical\Medical_Affiliation\Controllers\MedicalRepositoryController.cs(1139,29): warning CS8600: Converting null literal or possible null value to non-nullable type. [C:\Users\HP\Downloads\Medical\Medical_Affiliation\Medical_Affiliation.csproj]
C:\Users\HP\Downloads\Medical\Medical_Affiliation\Controllers\MedicalRepositoryController.cs(1157,20): warning CS8603: Possible null reference return. [C:\Users\HP\Downloads\Medical\Medical_Affiliation\Medical_Affiliation.csproj]
C:\Users\HP\Downloads\Medical\Medical_Affiliation\Controllers\MedicalRepositoryController.cs(1184,32): warning CS8600: Converting null literal or possible null value to non-nullable type. [C:\Users\HP\Downloads\Medical\Medical_Affiliation\Medical_Affiliation.csproj]
C:\Users\HP\Downloads\Medical\Medical_Affiliation\Views\CAPreview\FacultyDesigNonTeaching\Preview.cshtml(32,10): warning CS8602: Dereference of a possibly null reference. [C:\Users\HP\Downloads\Medical\Medical_Affiliation\Medical_Affiliation.csproj]
C:\Users\HP\Downloads\Medical\Medical_Affiliation\Controllers\MedicalRepositoryController.cs(1024,30): warning CS8618: Non-nullable property 'Rguhsnotification' must contain a non-null value when exiting constructor. Consider adding the 'required' modifier or declaring the property as nullable. [C:\Users\HP\Downloads\Medical\Medical_Affiliation\Medical_Affiliation.csproj]
C:\Users\HP\Downloads\Medical\Medical_Affiliation\Controllers\MedicalRepositoryController.cs(1025,30): warning CS8618: Non-nullable property 'Gmc' must contain a non-null value when exiting constructor. Consider adding the 'required' modifier or declaring the property as nullable. [C:\Users\HP\Downloads\Medical\Medical_Affiliation\Medical_Affiliation.csproj]
C:\Users\HP\Downloads\Medical\Medical_Affiliation\Controllers\MedicalRepositoryController.cs(1026,30): warning CS8618: Non-nullable property 'Nmc' must contain a non-null value when exiting constructor. Consider adding the 'required' modifier or declaring the property as nullable. [C:\Users\HP\Downloads\Medical\Medical_Affiliation\Medical_Affiliation.csproj]
C:\Users\HP\Downloads\Medical\Medical_Affiliation\Controllers\MedicalRepositoryController.cs(1027,30): warning CS8618: Non-nullable property 'KSNC' must contain a non-null value when exiting constructor. Consider adding the 'required' modifier or declaring the property as nullable. [C:\Users\HP\Downloads\Medical\Medical_Affiliation\Medical_Affiliation.csproj]
C:\Users\HP\Downloads\Medical\Medical_Affiliation\Controllers\MedicalRepositoryController.cs(1028,27): warning CS8618: Non-nullable property 'AffiliationType' must contain a non-null value when exiting constructor. Consider adding the 'required' modifier or declaring the property as nullable. [C:\Users\HP\Downloads\Medical\Medical_Affiliation\Medical_Affiliation.csproj]
C:\Users\HP\Downloads\Medical\Medical_Affiliation\Controllers\MedicalRepositoryController.cs(1034,27): warning CS8618: Non-nullable property 'NumberOfSeats' must contain a non-null value when exiting constructor. Consider adding the 'required' modifier or declaring the property as nullable. [C:\Users\HP\Downloads\Medical\Medical_Affiliation\Medical_Affiliation.csproj]
C:\Users\HP\Downloads\Medical\Medical_Affiliation\Controllers\MedicalRepositoryController.cs(1035,27): warning CS8618: Non-nullable property 'PermittedYear' must contain a non-null value when exiting constructor. Consider adding the 'required' modifier or declaring the property as nullable. [C:\Users\HP\Downloads\Medical\Medical_Affiliation\Medical_Affiliation.csproj]
C:\Users\HP\Downloads\Medical\Medical_Affiliation\Controllers\MedicalRepositoryController.cs(1036,27): warning CS8618: Non-nullable property 'RecognizedYear' must contain a non-null value when exiting constructor. Consider adding the 'required' modifier or declaring the property as nullable. [C:\Users\HP\Downloads\Medical\Medical_Affiliation\Medical_Affiliation.csproj]
C:\Users\HP\Downloads\Medical\Medical_Affiliation\Controllers\MedicalRepositoryController.cs(1037,27): warning CS8618: Non-nullable property 'Courselevel' must contain a non-null value when exiting constructor. Consider adding the 'required' modifier or declaring the property as nullable. [C:\Users\HP\Downloads\Medical\Medical_Affiliation\Medical_Affiliation.csproj]
C:\Users\HP\Downloads\Medical\Medical_Affiliation\Controllers\MedicalRepositoryController.cs(1038,27): warning CS8618: Non-nullable property 'CourseCode' must contain a non-null value when exiting constructor. Consider adding the 'required' modifier or declaring the property as nullable. [C:\Users\HP\Downloads\Medical\Medical_Affiliation\Medical_Affiliation.csproj]
C:\Users\HP\Downloads\Medical\Medical_Affiliation\Views\CA_Aff_AcademicMatters\AcademicMatters.cshtml(304,50): warning CS8602: Dereference of a possibly null reference. [C:\Users\HP\Downloads\Medical\Medical_Affiliation\Medical_Affiliation.csproj]
C:\Users\HP\Downloads\Medical\Medical_Affiliation\Controllers\MedicalContinuesAffiliationController.cs(89,30): warning CS8601: Possible null reference assignment. [C:\Users\HP\Downloads\Medical\Medical_Affiliation\Medical_Affiliation.csproj]
C:\Users\HP\Downloads\Medical\Medical_Affiliation\Controllers\MedicalContinuesAffiliationController.cs(90,35): warning CS8601: Possible null reference assignment. [C:\Users\HP\Downloads\Medical\Medical_Affiliation\Medical_Affiliation.csproj]
C:\Users\HP\Downloads\Medical\Medical_Affiliation\Controllers\MedicalContinuesAffiliationController.cs(91,30): warning CS8601: Possible null reference assignment. [C:\Users\HP\Downloads\Medical\Medical_Affiliation\Medical_Affiliation.csproj]
C:\Users\HP\Downloads\Medical\Medical_Affiliation\Controllers\MedicalContinuesAffiliationController.cs(92,26): warning CS8601: Possible null reference assignment. [C:\Users\HP\Downloads\Medical\Medical_Affiliation\Medical_Affiliation.csproj]
C:\Users\HP\Downloads\Medical\Medical_Affiliation\Controllers\MedicalContinuesAffiliationController.cs(94,30): warning CS8601: Possible null reference assignment. [C:\Users\HP\Downloads\Medical\Medical_Affiliation\Medical_Affiliation.csproj]
C:\Users\HP\Downloads\Medical\Medical_Affiliation\Controllers\MedicalContinuesAffiliationController.cs(100,32): warning CS8601: Possible null reference assignment. [C:\Users\HP\Downloads\Medical\Medical_Affiliation\Medical_Affiliation.csproj]
C:\Users\HP\Downloads\Medical\Medical_Affiliation\Controllers\MedicalContinuesAffiliationController.cs(101,36): warning CS8601: Possible null reference assignment. [C:\Users\HP\Downloads\Medical\Medical_Affiliation\Medical_Affiliation.csproj]
C:\Users\HP\Downloads\Medical\Medical_Affiliation\Controllers\MedicalContinuesAffiliationController.cs(103,32): warning CS8601: Possible null reference assignment. [C:\Users\HP\Downloads\Medical\Medical_Affiliation\Medical_Affiliation.csproj]
C:\Users\HP\Downloads\Medical\Medical_Affiliation\Controllers\MedicalContinuesAffiliationController.cs(104,41): warning CS8601: Possible null reference assignment. [C:\Users\HP\Downloads\Medical\Medical_Affiliation\Medical_Affiliation.csproj]
C:\Users\HP\Downloads\Medical\Medical_Affiliation\Controllers\MedicalContinuesAffiliationController.cs(111,45): warning CS8601: Possible null reference assignment. [C:\Users\HP\Downloads\Medical\Medical_Affiliation\Medical_Affiliation.csproj]
C:\Users\HP\Downloads\Medical\Medical_Affiliation\Controllers\MedicalContinuesAffiliationController.cs(112,40): warning CS8601: Possible null reference assignment. [C:\Users\HP\Downloads\Medical\Medical_Affiliation\Medical_Affiliation.csproj]
C:\Users\HP\Downloads\Medical\Medical_Affiliation\Controllers\MedicalContinuesAffiliationController.cs(113,44): warning CS8601: Possible null reference assignment. [C:\Users\HP\Downloads\Medical\Medical_Affiliation\Medical_Affiliation.csproj]
C:\Users\HP\Downloads\Medical\Medical_Affiliation\Controllers\MedicalContinuesAffiliationController.cs(114,42): warning CS8601: Possible null reference assignment. [C:\Users\HP\Downloads\Medical\Medical_Affiliation\Medical_Affiliation.csproj]
C:\Users\HP\Downloads\Medical\Medical_Affiliation\Views\AyurvedhaRepository\AyurvedhaExamResults.cshtml(6,23): warning CS8602: Dereference of a possibly null reference. [C:\Users\HP\Downloads\Medical\Medical_Affiliation\Medical_Affiliation.csproj]
C:\Users\HP\Downloads\Medical\Medical_Affiliation\Views\Aff_Unani\UnaniExamResults.cshtml(6,23): warning CS8602: Dereference of a possibly null reference. [C:\Users\HP\Downloads\Medical\Medical_Affiliation\Medical_Affiliation.csproj]
C:\Users\HP\Downloads\Medical\Medical_Affiliation\Controllers\MedicalContinuesAffiliationController.cs(241,50): warning CS8604: Possible null reference argument for parameter 'file' in 'Task<string> SaveFile(IFormFile file, string folder, string facultyCode)'. [C:\Users\HP\Downloads\Medical\Medical_Affiliation\Medical_Affiliation.csproj]
C:\Users\HP\Downloads\Medical\Medical_Affiliation\Controllers\MedicalContinuesAffiliationController.cs(241,93): warning CS8604: Possible null reference argument for parameter 'facultyCode' in 'Task<string> SaveFile(IFormFile file, string folder, string facultyCode)'. [C:\Users\HP\Downloads\Medical\Medical_Affiliation\Medical_Affiliation.csproj]
C:\Users\HP\Downloads\Medical\Medical_Affiliation\Controllers\MedicalContinuesAffiliationController.cs(242,50): warning CS8604: Possible null reference argument for parameter 'file' in 'Task<string> SaveFile(IFormFile file, string folder, string facultyCode)'. [C:\Users\HP\Downloads\Medical\Medical_Affiliation\Medical_Affiliation.csproj]
C:\Users\HP\Downloads\Medical\Medical_Affiliation\Controllers\MedicalContinuesAffiliationController.cs(243,46): warning CS8604: Possible null reference argument for parameter 'file' in 'Task<string> SaveFile(IFormFile file, string folder, string facultyCode)'. [C:\Users\HP\Downloads\Medical\Medical_Affiliation\Medical_Affiliation.csproj]
C:\Users\HP\Downloads\Medical\Medical_Affiliation\Controllers\MedicalContinuesAffiliationController.cs(244,48): warning CS8604: Possible null reference argument for parameter 'file' in 'Task<string> SaveFile(IFormFile file, string folder, string facultyCode)'. [C:\Users\HP\Downloads\Medical\Medical_Affiliation\Medical_Affiliation.csproj]
C:\Users\HP\Downloads\Medical\Medical_Affiliation\Controllers\MedicalContinuesAffiliationController.cs(245,47): warning CS8604: Possible null reference argument for parameter 'file' in 'Task<string> SaveFile(IFormFile file, string folder, string facultyCode)'. [C:\Users\HP\Downloads\Medical\Medical_Affiliation\Medical_Affiliation.csproj]
C:\Users\HP\Downloads\Medical\Medical_Affiliation\Controllers\MedicalContinuesAffiliationController.cs(247,48): warning CS8604: Possible null reference argument for parameter 'file' in 'Task<string> SaveFile(IFormFile file, string folder, string facultyCode)'. [C:\Users\HP\Downloads\Medical\Medical_Affiliation\Medical_Affiliation.csproj]
C:\Users\HP\Downloads\Medical\Medical_Affiliation\Controllers\MedicalContinuesAffiliationController.cs(252,48): warning CS8604: Possible null reference argument for parameter 'file' in 'Task<string> SaveFile(IFormFile file, string folder, string facultyCode)'. [C:\Users\HP\Downloads\Medical\Medical_Affiliation\Medical_Affiliation.csproj]
C:\Users\HP\Downloads\Medical\Medical_Affiliation\Controllers\MedicalContinuesAffiliationController.cs(219,32): warning CS8603: Possible null reference return. [C:\Users\HP\Downloads\Medical\Medical_Affiliation\Medical_Affiliation.csproj]
C:\Users\HP\Downloads\Medical\Medical_Affiliation\Views\AyurvedhaRepository\Ayurvedha_ManageDesignationIntake.cshtml(6,23): warning CS8602: Dereference of a possibly null reference. [C:\Users\HP\Downloads\Medical\Medical_Affiliation\Medical_Affiliation.csproj]
C:\Users\HP\Downloads\Medical\Medical_Affiliation\Views\AyurvedhaRepository\Ayurvedha_ManageDesignationIntake.cshtml(10,9): warning CS0219: The variable 'currentStep' is assigned but its value is never used [C:\Users\HP\Downloads\Medical\Medical_Affiliation\Medical_Affiliation.csproj]
C:\Users\HP\Downloads\Medical\Medical_Affiliation\Views\CA_Aff_MedicalLibrary\MedicalLibrary.cshtml(513,75): warning CS8602: Dereference of a possibly null reference. [C:\Users\HP\Downloads\Medical\Medical_Affiliation\Medical_Affiliation.csproj]
C:\Users\HP\Downloads\Medical\Medical_Affiliation\Views\CA_Aff_MedicalLibrary\MedicalLibrary.cshtml(947,59): warning CS8602: Dereference of a possibly null reference. [C:\Users\HP\Downloads\Medical\Medical_Affiliation\Medical_Affiliation.csproj]
C:\Users\HP\Downloads\Medical\Medical_Affiliation\Controllers\MedicalContinuesAffiliationController.cs(303,33): warning CS8601: Possible null reference assignment. [C:\Users\HP\Downloads\Medical\Medical_Affiliation\Medical_Affiliation.csproj]
C:\Users\HP\Downloads\Medical\Medical_Affiliation\Controllers\MedicalContinuesAffiliationController.cs(304,33): warning CS8601: Possible null reference assignment. [C:\Users\HP\Downloads\Medical\Medical_Affiliation\Medical_Affiliation.csproj]
C:\Users\HP\Downloads\Medical\Medical_Affiliation\Controllers\MedicalContinuesAffiliationController.cs(364,37): warning CS8601: Possible null reference assignment. [C:\Users\HP\Downloads\Medical\Medical_Affiliation\Medical_Affiliation.csproj]
C:\Users\HP\Downloads\Medical\Medical_Affiliation\Controllers\MedicalContinuesAffiliationController.cs(365,36): warning CS8601: Possible null reference assignment. [C:\Users\HP\Downloads\Medical\Medical_Affiliation\Medical_Affiliation.csproj]
C:\Users\HP\Downloads\Medical\Medical_Affiliation\Controllers\MedicalContinuesAffiliationController.cs(367,41): warning CS8601: Possible null reference assignment. [C:\Users\HP\Downloads\Medical\Medical_Affiliation\Medical_Affiliation.csproj]
C:\Users\HP\Downloads\Medical\Medical_Affiliation\Controllers\MedicalContinuesAffiliationController.cs(373,76): warning CS8601: Possible null reference assignment. [C:\Users\HP\Downloads\Medical\Medical_Affiliation\Medical_Affiliation.csproj]
C:\Users\HP\Downloads\Medical\Medical_Affiliation\Controllers\MedicalContinuesAffiliationController.cs(373,103): warning CS8601: Possible null reference assignment. [C:\Users\HP\Downloads\Medical\Medical_Affiliation\Medical_Affiliation.csproj]
C:\Users\HP\Downloads\Medical\Medical_Affiliation\Views\AyurvedhaRepository\Ayurvedha_UGPG.cshtml(8,23): warning CS8602: Dereference of a possibly null reference. [C:\Users\HP\Downloads\Medical\Medical_Affiliation\Medical_Affiliation.csproj]
C:\Users\HP\Downloads\Medical\Medical_Affiliation\Views\AyurvedhaRepository\Ayurvedha_UGPG.cshtml(12,9): warning CS0219: The variable 'currentStep' is assigned but its value is never used [C:\Users\HP\Downloads\Medical\Medical_Affiliation\Medical_Affiliation.csproj]
C:\Users\HP\Downloads\Medical\Medical_Affiliation\Views\Aff_Unani\Unani_UGPG.cshtml(8,23): warning CS8602: Dereference of a possibly null reference. [C:\Users\HP\Downloads\Medical\Medical_Affiliation\Medical_Affiliation.csproj]
C:\Users\HP\Downloads\Medical\Medical_Affiliation\Views\Aff_SowaRigPai\SowaRigPaiExamResults.cshtml(6,23): warning CS8602: Dereference of a possibly null reference. [C:\Users\HP\Downloads\Medical\Medical_Affiliation\Medical_Affiliation.csproj]
C:\Users\HP\Downloads\Medical\Medical_Affiliation\Views\Aff_SowaRigPai\SowaRigPai_YearwiseMaterials.cshtml(7,23): warning CS8602: Dereference of a possibly null reference. [C:\Users\HP\Downloads\Medical\Medical_Affiliation\Medical_Affiliation.csproj]
C:\Users\HP\Downloads\Medical\Medical_Affiliation\Views\Aff_SowaRigPai\SowaRigPai_YearwiseMaterials.cshtml(157,47): warning CS8602: Dereference of a possibly null reference. [C:\Users\HP\Downloads\Medical\Medical_Affiliation\Medical_Affiliation.csproj]
C:\Users\HP\Downloads\Medical\Medical_Affiliation\Views\Aff_Unani\Unani_YearwiseMaterials.cshtml(7,23): warning CS8602: Dereference of a possibly null reference. [C:\Users\HP\Downloads\Medical\Medical_Affiliation\Medical_Affiliation.csproj]
C:\Users\HP\Downloads\Medical\Medical_Affiliation\Views\Aff_Unani\Unani_YearwiseMaterials.cshtml(152,47): warning CS8602: Dereference of a possibly null reference. [C:\Users\HP\Downloads\Medical\Medical_Affiliation\Medical_Affiliation.csproj]
C:\Users\HP\Downloads\Medical\Medical_Affiliation\Views\Aff_Unani\Unani_ManageDesignationIntake.cshtml(6,23): warning CS8602: Dereference of a possibly null reference. [C:\Users\HP\Downloads\Medical\Medical_Affiliation\Medical_Affiliation.csproj]
C:\Users\HP\Downloads\Medical\Medical_Affiliation\Views\Aff_SowaRigPai\SowaRigPai_ManageDesignationIntake.cshtml(6,23): warning CS8602: Dereference of a possibly null reference. [C:\Users\HP\Downloads\Medical\Medical_Affiliation\Medical_Affiliation.csproj]
C:\Users\HP\Downloads\Medical\Medical_Affiliation\Views\AyurvedhaRepository\Ayurvedha_BasicDetails.cshtml(6,23): warning CS8602: Dereference of a possibly null reference. [C:\Users\HP\Downloads\Medical\Medical_Affiliation\Medical_Affiliation.csproj]
C:\Users\HP\Downloads\Medical\Medical_Affiliation\Views\AyurvedhaRepository\Ayurvedha_BasicDetails.cshtml(10,9): warning CS0219: The variable 'currentStep' is assigned but its value is never used [C:\Users\HP\Downloads\Medical\Medical_Affiliation\Medical_Affiliation.csproj]
C:\Users\HP\Downloads\Medical\Medical_Affiliation\Controllers\MedicalContinuesAffiliationController.cs(508,42): warning CS8601: Possible null reference assignment. [C:\Users\HP\Downloads\Medical\Medical_Affiliation\Medical_Affiliation.csproj]
C:\Users\HP\Downloads\Medical\Medical_Affiliation\Views\Aff_SowaRigPai\SowaRigPai_FacultyDetails.cshtml(6,23): warning CS8602: Dereference of a possibly null reference. [C:\Users\HP\Downloads\Medical\Medical_Affiliation\Medical_Affiliation.csproj]
C:\Users\HP\Downloads\Medical\Medical_Affiliation\Views\Aff_SowaRigPai\SowaRigPai_FacultyDetails.cshtml(482,9): warning CS8604: Possible null reference argument for parameter 'source' in 'IEnumerable<string> Enumerable.Select<SelectListItem, string>(IEnumerable<SelectListItem> source, Func<SelectListItem, string> selector)'. [C:\Users\HP\Downloads\Medical\Medical_Affiliation\Medical_Affiliation.csproj]
C:\Users\HP\Downloads\Medical\Medical_Affiliation\Views\Aff_SowaRigPai\SowaRigPai_FacultyDetails.cshtml(487,9): warning CS8604: Possible null reference argument for parameter 'source' in 'IEnumerable<string> Enumerable.Select<SelectListItem, string>(IEnumerable<SelectListItem> source, Func<SelectListItem, string> selector)'. [C:\Users\HP\Downloads\Medical\Medical_Affiliation\Medical_Affiliation.csproj]
C:\Users\HP\Downloads\Medical\Medical_Affiliation\Views\Aff_Unani\Unani_FacultyDetails.cshtml(6,23): warning CS8602: Dereference of a possibly null reference. [C:\Users\HP\Downloads\Medical\Medical_Affiliation\Medical_Affiliation.csproj]
C:\Users\HP\Downloads\Medical\Medical_Affiliation\Views\Aff_Unani\Unani_FacultyDetails.cshtml(483,9): warning CS8604: Possible null reference argument for parameter 'source' in 'IEnumerable<string> Enumerable.Select<SelectListItem, string>(IEnumerable<SelectListItem> source, Func<SelectListItem, string> selector)'. [C:\Users\HP\Downloads\Medical\Medical_Affiliation\Medical_Affiliation.csproj]
C:\Users\HP\Downloads\Medical\Medical_Affiliation\Views\Aff_Unani\Unani_FacultyDetails.cshtml(488,9): warning CS8604: Possible null reference argument for parameter 'source' in 'IEnumerable<string> Enumerable.Select<SelectListItem, string>(IEnumerable<SelectListItem> source, Func<SelectListItem, string> selector)'. [C:\Users\HP\Downloads\Medical\Medical_Affiliation\Medical_Affiliation.csproj]
C:\Users\HP\Downloads\Medical\Medical_Affiliation\Views\AyurvedhaRepository\Ayurvedha_FacultyDetails.cshtml(6,23): warning CS8602: Dereference of a possibly null reference. [C:\Users\HP\Downloads\Medical\Medical_Affiliation\Medical_Affiliation.csproj]
C:\Users\HP\Downloads\Medical\Medical_Affiliation\Views\AyurvedhaRepository\Ayurvedha_FacultyDetails.cshtml(559,9): warning CS8604: Possible null reference argument for parameter 'source' in 'IEnumerable<string> Enumerable.Select<SelectListItem, string>(IEnumerable<SelectListItem> source, Func<SelectListItem, string> selector)'. [C:\Users\HP\Downloads\Medical\Medical_Affiliation\Medical_Affiliation.csproj]
C:\Users\HP\Downloads\Medical\Medical_Affiliation\Views\AyurvedhaRepository\Ayurvedha_FacultyDetails.cshtml(564,9): warning CS8604: Possible null reference argument for parameter 'source' in 'IEnumerable<string> Enumerable.Select<SelectListItem, string>(IEnumerable<SelectListItem> source, Func<SelectListItem, string> selector)'. [C:\Users\HP\Downloads\Medical\Medical_Affiliation\Medical_Affiliation.csproj]
C:\Users\HP\Downloads\Medical\Medical_Affiliation\Views\Aff_Physiotherapy\PhysiotherapyExamResults.cshtml(6,23): warning CS8602: Dereference of a possibly null reference. [C:\Users\HP\Downloads\Medical\Medical_Affiliation\Medical_Affiliation.csproj]
C:\Users\HP\Downloads\Medical\Medical_Affiliation\Views\Aff_Unani\Unani_BasicDetails.cshtml(6,23): warning CS8602: Dereference of a possibly null reference. [C:\Users\HP\Downloads\Medical\Medical_Affiliation\Medical_Affiliation.csproj]
C:\Users\HP\Downloads\Medical\Medical_Affiliation\Views\Aff_Unani\Unani_BasicDetails.cshtml(10,9): warning CS0219: The variable 'currentStep' is assigned but its value is never used [C:\Users\HP\Downloads\Medical\Medical_Affiliation\Medical_Affiliation.csproj]
C:\Users\HP\Downloads\Medical\Medical_Affiliation\Views\Aff_SowaRigPai\SowaRigPai_UGPG.cshtml(8,23): warning CS8602: Dereference of a possibly null reference. [C:\Users\HP\Downloads\Medical\Medical_Affiliation\Medical_Affiliation.csproj]
C:\Users\HP\Downloads\Medical\Medical_Affiliation\Controllers\MedicalContinuesAffiliationController.cs(549,92): warning CS8600: Converting null literal or possible null value to non-nullable type. [C:\Users\HP\Downloads\Medical\Medical_Affiliation\Medical_Affiliation.csproj]
C:\Users\HP\Downloads\Medical\Medical_Affiliation\Controllers\MedicalContinuesAffiliationController.cs(550,106): warning CS8600: Converting null literal or possible null value to non-nullable type. [C:\Users\HP\Downloads\Medical\Medical_Affiliation\Medical_Affiliation.csproj]
C:\Users\HP\Downloads\Medical\Medical_Affiliation\Controllers\MedicalContinuesAffiliationController.cs(566,42): warning CS8601: Possible null reference assignment. [C:\Users\HP\Downloads\Medical\Medical_Affiliation\Medical_Affiliation.csproj]
C:\Users\HP\Downloads\Medical\Medical_Affiliation\Controllers\MedicalContinuesAffiliationController.cs(567,50): warning CS8601: Possible null reference assignment. [C:\Users\HP\Downloads\Medical\Medical_Affiliation\Medical_Affiliation.csproj]
C:\Users\HP\Downloads\Medical\Medical_Affiliation\Controllers\MedicalContinuesAffiliationController.cs(569,41): warning CS8601: Possible null reference assignment. [C:\Users\HP\Downloads\Medical\Medical_Affiliation\Medical_Affiliation.csproj]
C:\Users\HP\Downloads\Medical\Medical_Affiliation\Controllers\MedicalContinuesAffiliationController.cs(570,56): warning CS8601: Possible null reference assignment. [C:\Users\HP\Downloads\Medical\Medical_Affiliation\Medical_Affiliation.csproj]
C:\Users\HP\Downloads\Medical\Medical_Affiliation\Controllers\MedicalContinuesAffiliationController.cs(579,45): warning CS8601: Possible null reference assignment. [C:\Users\HP\Downloads\Medical\Medical_Affiliation\Medical_Affiliation.csproj]
C:\Users\HP\Downloads\Medical\Medical_Affiliation\Controllers\MedicalContinuesAffiliationController.cs(580,53): warning CS8601: Possible null reference assignment. [C:\Users\HP\Downloads\Medical\Medical_Affiliation\Medical_Affiliation.csproj]
C:\Users\HP\Downloads\Medical\Medical_Affiliation\Controllers\MedicalContinuesAffiliationController.cs(582,44): warning CS8601: Possible null reference assignment. [C:\Users\HP\Downloads\Medical\Medical_Affiliation\Medical_Affiliation.csproj]
C:\Users\HP\Downloads\Medical\Medical_Affiliation\Controllers\MedicalContinuesAffiliationController.cs(583,59): warning CS8601: Possible null reference assignment. [C:\Users\HP\Downloads\Medical\Medical_Affiliation\Medical_Affiliation.csproj]
C:\Users\HP\Downloads\Medical\Medical_Affiliation\Views\Aff_Physiotherapy\Physiotherapy_ManageDesignationIntake.cshtml(6,23): warning CS8602: Dereference of a possibly null reference. [C:\Users\HP\Downloads\Medical\Medical_Affiliation\Medical_Affiliation.csproj]
C:\Users\HP\Downloads\Medical\Medical_Affiliation\Views\AyurvedhaRepository\Ayurvedha_YearwiseMaterials.cshtml(7,23): warning CS8602: Dereference of a possibly null reference. [C:\Users\HP\Downloads\Medical\Medical_Affiliation\Medical_Affiliation.csproj]
C:\Users\HP\Downloads\Medical\Medical_Affiliation\Views\AyurvedhaRepository\Ayurvedha_YearwiseMaterials.cshtml(350,47): warning CS8602: Dereference of a possibly null reference. [C:\Users\HP\Downloads\Medical\Medical_Affiliation\Medical_Affiliation.csproj]
C:\Users\HP\Downloads\Medical\Medical_Affiliation\Views\AyurvedhaRepository\Ayurvedha_YearwiseMaterials.cshtml(8,9): warning CS0219: The variable 'currentStep' is assigned but its value is never used [C:\Users\HP\Downloads\Medical\Medical_Affiliation\Medical_Affiliation.csproj]
C:\Users\HP\Downloads\Medical\Medical_Affiliation\Views\Ahs\AhsHospitalDetails.cshtml(7,23): warning CS8602: Dereference of a possibly null reference. [C:\Users\HP\Downloads\Medical\Medical_Affiliation\Medical_Affiliation.csproj]
C:\Users\HP\Downloads\Medical\Medical_Affiliation\Views\Aff_Physiotherapy\Physiotherapy_YearwiseMaterials.cshtml(7,23): warning CS8602: Dereference of a possibly null reference. [C:\Users\HP\Downloads\Medical\Medical_Affiliation\Medical_Affiliation.csproj]
C:\Users\HP\Downloads\Medical\Medical_Affiliation\Views\Aff_Physiotherapy\Physiotherapy_YearwiseMaterials.cshtml(152,47): warning CS8602: Dereference of a possibly null reference. [C:\Users\HP\Downloads\Medical\Medical_Affiliation\Medical_Affiliation.csproj]
C:\Users\HP\Downloads\Medical\Medical_Affiliation\Views\Aff_Physiotherapy\Physiotherapy_FacultyDetails.cshtml(6,23): warning CS8602: Dereference of a possibly null reference. [C:\Users\HP\Downloads\Medical\Medical_Affiliation\Medical_Affiliation.csproj]
C:\Users\HP\Downloads\Medical\Medical_Affiliation\Views\Aff_Physiotherapy\Physiotherapy_FacultyDetails.cshtml(483,9): warning CS8604: Possible null reference argument for parameter 'source' in 'IEnumerable<string> Enumerable.Select<SelectListItem, string>(IEnumerable<SelectListItem> source, Func<SelectListItem, string> selector)'. [C:\Users\HP\Downloads\Medical\Medical_Affiliation\Medical_Affiliation.csproj]
C:\Users\HP\Downloads\Medical\Medical_Affiliation\Views\Aff_Physiotherapy\Physiotherapy_FacultyDetails.cshtml(488,9): warning CS8604: Possible null reference argument for parameter 'source' in 'IEnumerable<string> Enumerable.Select<SelectListItem, string>(IEnumerable<SelectListItem> source, Func<SelectListItem, string> selector)'. [C:\Users\HP\Downloads\Medical\Medical_Affiliation\Medical_Affiliation.csproj]
C:\Users\HP\Downloads\Medical\Medical_Affiliation\Views\Aff_Pharmacy\PharmacyExamResults.cshtml(6,23): warning CS8602: Dereference of a possibly null reference. [C:\Users\HP\Downloads\Medical\Medical_Affiliation\Medical_Affiliation.csproj]
C:\Users\HP\Downloads\Medical\Medical_Affiliation\Views\Aff_Nursing\Nursing_Nursing.cshtml(6,23): warning CS8602: Dereference of a possibly null reference. [C:\Users\HP\Downloads\Medical\Medical_Affiliation\Medical_Affiliation.csproj]
C:\Users\HP\Downloads\Medical\Medical_Affiliation\Views\Aff_Nursing\Nursing_Nursing.cshtml(11,9): warning CS0219: The variable 'slNo' is assigned but its value is never used [C:\Users\HP\Downloads\Medical\Medical_Affiliation\Medical_Affiliation.csproj]
C:\Users\HP\Downloads\Medical\Medical_Affiliation\Views\Aff_Physiotherapy\Physiotherapy_UGPG.cshtml(8,23): warning CS8602: Dereference of a possibly null reference. [C:\Users\HP\Downloads\Medical\Medical_Affiliation\Medical_Affiliation.csproj]
C:\Users\HP\Downloads\Medical\Medical_Affiliation\Views\Aff_Pharmacy\Pharmacy_ManageDesignationIntake.cshtml(6,23): warning CS8602: Dereference of a possibly null reference. [C:\Users\HP\Downloads\Medical\Medical_Affiliation\Medical_Affiliation.csproj]
C:\Users\HP\Downloads\Medical\Medical_Affiliation\Views\Aff_Nursing\Nursing_TeachingFacultyDetails.cshtml(6,23): warning CS8602: Dereference of a possibly null reference. [C:\Users\HP\Downloads\Medical\Medical_Affiliation\Medical_Affiliation.csproj]
C:\Users\HP\Downloads\Medical\Medical_Affiliation\Views\Aff_Nursing\Nursing_TeachingFacultyDetails.cshtml(263,59): warning CS8600: Converting null literal or possible null value to non-nullable type. [C:\Users\HP\Downloads\Medical\Medical_Affiliation\Medical_Affiliation.csproj]
C:\Users\HP\Downloads\Medical\Medical_Affiliation\Views\Aff_Nursing\ManageDesignationIntake.cshtml(6,23): warning CS8602: Dereference of a possibly null reference. [C:\Users\HP\Downloads\Medical\Medical_Affiliation\Medical_Affiliation.csproj]
C:\Users\HP\Downloads\Medical\Medical_Affiliation\Views\Aff_Nursing\Nursing_YearwiseMaterials.cshtml(6,23): warning CS8602: Dereference of a possibly null reference. [C:\Users\HP\Downloads\Medical\Medical_Affiliation\Medical_Affiliation.csproj]
C:\Users\HP\Downloads\Medical\Medical_Affiliation\Controllers\MedicalContinuesAffiliationController.cs(685,37): warning CS8602: Dereference of a possibly null reference. [C:\Users\HP\Downloads\Medical\Medical_Affiliation\Medical_Affiliation.csproj]
C:\Users\HP\Downloads\Medical\Medical_Affiliation\Controllers\MedicalContinuesAffiliationController.cs(697,37): warning CS8604: Possible null reference argument for parameter 'source' in 'IEnumerable<SanctionedIntakeRowVm> Enumerable.Where<SanctionedIntakeRowVm>(IEnumerable<SanctionedIntakeRowVm> source, Func<SanctionedIntakeRowVm, bool> predicate)'. [C:\Users\HP\Downloads\Medical\Medical_Affiliation\Medical_Affiliation.csproj]
C:\Users\HP\Downloads\Medical\Medical_Affiliation\Controllers\MedicalContinuesAffiliationController.cs(743,37): warning CS8602: Dereference of a possibly null reference. [C:\Users\HP\Downloads\Medical\Medical_Affiliation\Medical_Affiliation.csproj]
C:\Users\HP\Downloads\Medical\Medical_Affiliation\Views\Aff_Nursing\FacultyExamResults.cshtml(6,23): warning CS8602: Dereference of a possibly null reference. [C:\Users\HP\Downloads\Medical\Medical_Affiliation\Medical_Affiliation.csproj]
C:\Users\HP\Downloads\Medical\Medical_Affiliation\Views\Aff_Nursing\NursingExamResults.cshtml(6,23): warning CS8602: Dereference of a possibly null reference. [C:\Users\HP\Downloads\Medical\Medical_Affiliation\Medical_Affiliation.csproj]
C:\Users\HP\Downloads\Medical\Medical_Affiliation\Views\Aff_Pharmacy\Pharmacy_FacultyDetails.cshtml(6,23): warning CS8602: Dereference of a possibly null reference. [C:\Users\HP\Downloads\Medical\Medical_Affiliation\Medical_Affiliation.csproj]
C:\Users\HP\Downloads\Medical\Medical_Affiliation\Views\Aff_Pharmacy\Pharmacy_FacultyDetails.cshtml(483,9): warning CS8604: Possible null reference argument for parameter 'source' in 'IEnumerable<string> Enumerable.Select<SelectListItem, string>(IEnumerable<SelectListItem> source, Func<SelectListItem, string> selector)'. [C:\Users\HP\Downloads\Medical\Medical_Affiliation\Medical_Affiliation.csproj]
C:\Users\HP\Downloads\Medical\Medical_Affiliation\Views\Aff_Pharmacy\Pharmacy_FacultyDetails.cshtml(488,9): warning CS8604: Possible null reference argument for parameter 'source' in 'IEnumerable<string> Enumerable.Select<SelectListItem, string>(IEnumerable<SelectListItem> source, Func<SelectListItem, string> selector)'. [C:\Users\HP\Downloads\Medical\Medical_Affiliation\Medical_Affiliation.csproj]
C:\Users\HP\Downloads\Medical\Medical_Affiliation\Views\Aff_Nursing\AHS_CourseDetails.cshtml(8,23): warning CS8602: Dereference of a possibly null reference. [C:\Users\HP\Downloads\Medical\Medical_Affiliation\Medical_Affiliation.csproj]
C:\Users\HP\Downloads\Medical\Medical_Affiliation\Views\Aff_Medical\YearwiseMaterials.cshtml(7,23): warning CS8602: Dereference of a possibly null reference. [C:\Users\HP\Downloads\Medical\Medical_Affiliation\Medical_Affiliation.csproj]
C:\Users\HP\Downloads\Medical\Medical_Affiliation\Views\Aff_Nursing\Nursing_FacultyDetails.cshtml(6,23): warning CS8602: Dereference of a possibly null reference. [C:\Users\HP\Downloads\Medical\Medical_Affiliation\Medical_Affiliation.csproj]
C:\Users\HP\Downloads\Medical\Medical_Affiliation\Views\Aff_Nursing\Nursing_FacultyDetails.cshtml(559,9): warning CS8604: Possible null reference argument for parameter 'source' in 'IEnumerable<string> Enumerable.Select<SelectListItem, string>(IEnumerable<SelectListItem> source, Func<SelectListItem, string> selector)'. [C:\Users\HP\Downloads\Medical\Medical_Affiliation\Medical_Affiliation.csproj]
C:\Users\HP\Downloads\Medical\Medical_Affiliation\Views\Aff_Nursing\Nursing_FacultyDetails.cshtml(564,9): warning CS8604: Possible null reference argument for parameter 'source' in 'IEnumerable<string> Enumerable.Select<SelectListItem, string>(IEnumerable<SelectListItem> source, Func<SelectListItem, string> selector)'. [C:\Users\HP\Downloads\Medical\Medical_Affiliation\Medical_Affiliation.csproj]
C:\Users\HP\Downloads\Medical\Medical_Affiliation\Views\Aff_Pharmacy\Pharmacy_YearwiseMaterials.cshtml(7,23): warning CS8602: Dereference of a possibly null reference. [C:\Users\HP\Downloads\Medical\Medical_Affiliation\Medical_Affiliation.csproj]
C:\Users\HP\Downloads\Medical\Medical_Affiliation\Views\Aff_Pharmacy\Pharmacy_YearwiseMaterials.cshtml(153,47): warning CS8602: Dereference of a possibly null reference. [C:\Users\HP\Downloads\Medical\Medical_Affiliation\Medical_Affiliation.csproj]
C:\Users\HP\Downloads\Medical\Medical_Affiliation\Views\Aff_Naturopathy\NaturopathyExamResults.cshtml(6,23): warning CS8602: Dereference of a possibly null reference. [C:\Users\HP\Downloads\Medical\Medical_Affiliation\Medical_Affiliation.csproj]
C:\Users\HP\Downloads\Medical\Medical_Affiliation\Views\Aff_Pharmacy\Pharmacy_UGPG.cshtml(8,23): warning CS8602: Dereference of a possibly null reference. [C:\Users\HP\Downloads\Medical\Medical_Affiliation\Medical_Affiliation.csproj]
C:\Users\HP\Downloads\Medical\Medical_Affiliation\Views\Aff_Medical\Clinical_Material.cshtml(6,23): warning CS8602: Dereference of a possibly null reference. [C:\Users\HP\Downloads\Medical\Medical_Affiliation\Medical_Affiliation.csproj]
C:\Users\HP\Downloads\Medical\Medical_Affiliation\Views\Aff_Medical\CollegeDesignation.cshtml(6,23): warning CS8602: Dereference of a possibly null reference. [C:\Users\HP\Downloads\Medical\Medical_Affiliation\Medical_Affiliation.csproj]
C:\Users\HP\Downloads\Medical\Medical_Affiliation\Controllers\MainDashboardController.cs(78,59): warning CS8602: Dereference of a possibly null reference. [C:\Users\HP\Downloads\Medical\Medical_Affiliation\Medical_Affiliation.csproj]
C:\Users\HP\Downloads\Medical\Medical_Affiliation\Controllers\MainDashboardController.cs(86,48): warning CS8602: Dereference of a possibly null reference. [C:\Users\HP\Downloads\Medical\Medical_Affiliation\Medical_Affiliation.csproj]
C:\Users\HP\Downloads\Medical\Medical_Affiliation\Controllers\MainDashboardController.cs(102,31): warning CS8602: Dereference of a possibly null reference. [C:\Users\HP\Downloads\Medical\Medical_Affiliation\Medical_Affiliation.csproj]
C:\Users\HP\Downloads\Medical\Medical_Affiliation\Views\Aff_Physiotherapy\Physiotherapy_BasicDetails.cshtml(6,23): warning CS8602: Dereference of a possibly null reference. [C:\Users\HP\Downloads\Medical\Medical_Affiliation\Medical_Affiliation.csproj]
C:\Users\HP\Downloads\Medical\Medical_Affiliation\Views\Aff_Physiotherapy\Physiotherapy_BasicDetails.cshtml(10,9): warning CS0219: The variable 'currentStep' is assigned but its value is never used [C:\Users\HP\Downloads\Medical\Medical_Affiliation\Medical_Affiliation.csproj]
C:\Users\HP\Downloads\Medical\Medical_Affiliation\Views\Aff_Naturopathy\Naturopathy_ManageDesignationIntake.cshtml(6,23): warning CS8602: Dereference of a possibly null reference. [C:\Users\HP\Downloads\Medical\Medical_Affiliation\Medical_Affiliation.csproj]
C:\Users\HP\Downloads\Medical\Medical_Affiliation\Views\Aff_Nursing\Ayurvedha_FacultyDetails.cshtml(6,23): warning CS8602: Dereference of a possibly null reference. [C:\Users\HP\Downloads\Medical\Medical_Affiliation\Medical_Affiliation.csproj]
C:\Users\HP\Downloads\Medical\Medical_Affiliation\Views\Aff_Nursing\Ayurvedha_FacultyDetails.cshtml(559,9): warning CS8604: Possible null reference argument for parameter 'source' in 'IEnumerable<string> Enumerable.Select<SelectListItem, string>(IEnumerable<SelectListItem> source, Func<SelectListItem, string> selector)'. [C:\Users\HP\Downloads\Medical\Medical_Affiliation\Medical_Affiliation.csproj]
C:\Users\HP\Downloads\Medical\Medical_Affiliation\Views\Aff_Nursing\Ayurvedha_FacultyDetails.cshtml(564,9): warning CS8604: Possible null reference argument for parameter 'source' in 'IEnumerable<string> Enumerable.Select<SelectListItem, string>(IEnumerable<SelectListItem> source, Func<SelectListItem, string> selector)'. [C:\Users\HP\Downloads\Medical\Medical_Affiliation\Medical_Affiliation.csproj]
C:\Users\HP\Downloads\Medical\Medical_Affiliation\Views\Aff_Medical\TeachingFacultyDetails.cshtml(6,23): warning CS8602: Dereference of a possibly null reference. [C:\Users\HP\Downloads\Medical\Medical_Affiliation\Medical_Affiliation.csproj]
C:\Users\HP\Downloads\Medical\Medical_Affiliation\Views\Aff_Medical\TeachingFacultyDetails.cshtml(181,59): warning CS8600: Converting null literal or possible null value to non-nullable type. [C:\Users\HP\Downloads\Medical\Medical_Affiliation\Medical_Affiliation.csproj]
C:\Users\HP\Downloads\Medical\Medical_Affiliation\Views\Aff_SowaRigPai\SowaRigPai_BasicDetails.cshtml(6,23): warning CS8602: Dereference of a possibly null reference. [C:\Users\HP\Downloads\Medical\Medical_Affiliation\Medical_Affiliation.csproj]
C:\Users\HP\Downloads\Medical\Medical_Affiliation\Views\Aff_SowaRigPai\SowaRigPai_BasicDetails.cshtml(10,9): warning CS0219: The variable 'currentStep' is assigned but its value is never used [C:\Users\HP\Downloads\Medical\Medical_Affiliation\Medical_Affiliation.csproj]
C:\Users\HP\Downloads\Medical\Medical_Affiliation\Views\Aff_Naturopathy\Naturopathy_FacultyDetails.cshtml(6,23): warning CS8602: Dereference of a possibly null reference. [C:\Users\HP\Downloads\Medical\Medical_Affiliation\Medical_Affiliation.csproj]
C:\Users\HP\Downloads\Medical\Medical_Affiliation\Views\Aff_Naturopathy\Naturopathy_FacultyDetails.cshtml(483,9): warning CS8604: Possible null reference argument for parameter 'source' in 'IEnumerable<string> Enumerable.Select<SelectListItem, string>(IEnumerable<SelectListItem> source, Func<SelectListItem, string> selector)'. [C:\Users\HP\Downloads\Medical\Medical_Affiliation\Medical_Affiliation.csproj]
C:\Users\HP\Downloads\Medical\Medical_Affiliation\Views\Aff_Naturopathy\Naturopathy_FacultyDetails.cshtml(488,9): warning CS8604: Possible null reference argument for parameter 'source' in 'IEnumerable<string> Enumerable.Select<SelectListItem, string>(IEnumerable<SelectListItem> source, Func<SelectListItem, string> selector)'. [C:\Users\HP\Downloads\Medical\Medical_Affiliation\Medical_Affiliation.csproj]
C:\Users\HP\Downloads\Medical\Medical_Affiliation\Views\Aff_Nursing\Nursing_Affiliated_YearwiseMaterials.cshtml(6,23): warning CS8602: Dereference of a possibly null reference. [C:\Users\HP\Downloads\Medical\Medical_Affiliation\Medical_Affiliation.csproj]
C:\Users\HP\Downloads\Medical\Medical_Affiliation\Controllers\MainDashboardController.cs(173,29): warning CS8602: Dereference of a possibly null reference. [C:\Users\HP\Downloads\Medical\Medical_Affiliation\Medical_Affiliation.csproj]
C:\Users\HP\Downloads\Medical\Medical_Affiliation\Controllers\MainDashboardController.cs(39,27): warning CS8618: Non-nullable property 'CollegeCode' must contain a non-null value when exiting constructor. Consider adding the 'required' modifier or declaring the property as nullable. [C:\Users\HP\Downloads\Medical\Medical_Affiliation\Medical_Affiliation.csproj]
C:\Users\HP\Downloads\Medical\Medical_Affiliation\Controllers\MainDashboardController.cs(40,27): warning CS8618: Non-nullable property 'CollegeName' must contain a non-null value when exiting constructor. Consider adding the 'required' modifier or declaring the property as nullable. [C:\Users\HP\Downloads\Medical\Medical_Affiliation\Medical_Affiliation.csproj]
C:\Users\HP\Downloads\Medical\Medical_Affiliation\Controllers\MainDashboardController.cs(41,27): warning CS8618: Non-nullable property 'CollegeTown' must contain a non-null value when exiting constructor. Consider adding the 'required' modifier or declaring the property as nullable. [C:\Users\HP\Downloads\Medical\Medical_Affiliation\Medical_Affiliation.csproj]
C:\Users\HP\Downloads\Medical\Medical_Affiliation\Controllers\MainDashboardController.cs(42,27): warning CS8618: Non-nullable property 'FacultyCode' must contain a non-null value when exiting constructor. Consider adding the 'required' modifier or declaring the property as nullable. [C:\Users\HP\Downloads\Medical\Medical_Affiliation\Medical_Affiliation.csproj]
C:\Users\HP\Downloads\Medical\Medical_Affiliation\Controllers\MainDashboardController.cs(43,27): warning CS8618: Non-nullable property 'FacultyName' must contain a non-null value when exiting constructor. Consider adding the 'required' modifier or declaring the property as nullable. [C:\Users\HP\Downloads\Medical\Medical_Affiliation\Medical_Affiliation.csproj]
C:\Users\HP\Downloads\Medical\Medical_Affiliation\Controllers\MainDashboardController.cs(44,27): warning CS8618: Non-nullable property 'FacultyIcon' must contain a non-null value when exiting constructor. Consider adding the 'required' modifier or declaring the property as nullable. [C:\Users\HP\Downloads\Medical\Medical_Affiliation\Medical_Affiliation.csproj]
C:\Users\HP\Downloads\Medical\Medical_Affiliation\Views\Aff_Pharmacy\Pharmacy_BasicDetails.cshtml(6,23): warning CS8602: Dereference of a possibly null reference. [C:\Users\HP\Downloads\Medical\Medical_Affiliation\Medical_Affiliation.csproj]
C:\Users\HP\Downloads\Medical\Medical_Affiliation\Views\Aff_Pharmacy\Pharmacy_BasicDetails.cshtml(10,9): warning CS0219: The variable 'currentStep' is assigned but its value is never used [C:\Users\HP\Downloads\Medical\Medical_Affiliation\Medical_Affiliation.csproj]
C:\Users\HP\Downloads\Medical\Medical_Affiliation\Controllers\MainDashboardController.cs(31,27): warning CS8618: Non-nullable property 'FacultyId' must contain a non-null value when exiting constructor. Consider adding the 'required' modifier or declaring the property as nullable. [C:\Users\HP\Downloads\Medical\Medical_Affiliation\Medical_Affiliation.csproj]
C:\Users\HP\Downloads\Medical\Medical_Affiliation\Controllers\MainDashboardController.cs(32,27): warning CS8618: Non-nullable property 'FacultyName' must contain a non-null value when exiting constructor. Consider adding the 'required' modifier or declaring the property as nullable. [C:\Users\HP\Downloads\Medical\Medical_Affiliation\Medical_Affiliation.csproj]
C:\Users\HP\Downloads\Medical\Medical_Affiliation\Controllers\MainDashboardController.cs(33,27): warning CS8618: Non-nullable property 'Icon' must contain a non-null value when exiting constructor. Consider adding the 'required' modifier or declaring the property as nullable. [C:\Users\HP\Downloads\Medical\Medical_Affiliation\Medical_Affiliation.csproj]
C:\Users\HP\Downloads\Medical\Medical_Affiliation\Views\Aff_Nursing\Nursing_UGPG.cshtml(8,23): warning CS8602: Dereference of a possibly null reference. [C:\Users\HP\Downloads\Medical\Medical_Affiliation\Medical_Affiliation.csproj]
C:\Users\HP\Downloads\Medical\Medical_Affiliation\Views\Aff_Medical\FacultyDetails.cshtml(6,23): warning CS8602: Dereference of a possibly null reference. [C:\Users\HP\Downloads\Medical\Medical_Affiliation\Medical_Affiliation.csproj]
C:\Users\HP\Downloads\Medical\Medical_Affiliation\Views\Aff_Homeopathy\HomeopathyExamResults.cshtml(6,23): warning CS8602: Dereference of a possibly null reference. [C:\Users\HP\Downloads\Medical\Medical_Affiliation\Medical_Affiliation.csproj]
C:\Users\HP\Downloads\Medical\Medical_Affiliation\Views\Aff_Naturopathy\Naturopathy_YearwiseMaterials.cshtml(7,23): warning CS8602: Dereference of a possibly null reference. [C:\Users\HP\Downloads\Medical\Medical_Affiliation\Medical_Affiliation.csproj]
C:\Users\HP\Downloads\Medical\Medical_Affiliation\Views\Aff_Naturopathy\Naturopathy_YearwiseMaterials.cshtml(156,47): warning CS8602: Dereference of a possibly null reference. [C:\Users\HP\Downloads\Medical\Medical_Affiliation\Medical_Affiliation.csproj]
C:\Users\HP\Downloads\Medical\Medical_Affiliation\Views\Aff_Nursing\Nursing_ManageCourses.cshtml(8,23): warning CS8602: Dereference of a possibly null reference. [C:\Users\HP\Downloads\Medical\Medical_Affiliation\Medical_Affiliation.csproj]
C:\Users\HP\Downloads\Medical\Medical_Affiliation\Views\Aff_Homeopathy\Homeopathy_ManageDesignationIntake.cshtml(6,23): warning CS8602: Dereference of a possibly null reference. [C:\Users\HP\Downloads\Medical\Medical_Affiliation\Medical_Affiliation.csproj]
C:\Users\HP\Downloads\Medical\Medical_Affiliation\Views\Aff_Naturopathy\Naturopathy_BasicDetails.cshtml(6,23): warning CS8602: Dereference of a possibly null reference. [C:\Users\HP\Downloads\Medical\Medical_Affiliation\Medical_Affiliation.csproj]
C:\Users\HP\Downloads\Medical\Medical_Affiliation\Views\Aff_Naturopathy\Naturopathy_BasicDetails.cshtml(10,9): warning CS0219: The variable 'currentStep' is assigned but its value is never used [C:\Users\HP\Downloads\Medical\Medical_Affiliation\Medical_Affiliation.csproj]
C:\Users\HP\Downloads\Medical\Medical_Affiliation\Views\Aff_AHS\AHS_ManageDesignationIntake.cshtml(6,23): warning CS8602: Dereference of a possibly null reference. [C:\Users\HP\Downloads\Medical\Medical_Affiliation\Medical_Affiliation.csproj]
C:\Users\HP\Downloads\Medical\Medical_Affiliation\Views\Aff_Dental\DentalExamResults.cshtml(6,23): warning CS8602: Dereference of a possibly null reference. [C:\Users\HP\Downloads\Medical\Medical_Affiliation\Medical_Affiliation.csproj]
C:\Users\HP\Downloads\Medical\Medical_Affiliation\Views\Ahs\AhsTeachingFacultyDetails.cshtml(5,23): warning CS8602: Dereference of a possibly null reference. [C:\Users\HP\Downloads\Medical\Medical_Affiliation\Medical_Affiliation.csproj]
C:\Users\HP\Downloads\Medical\Medical_Affiliation\Views\Aff_Nursing\Nursing_BasicDetails.cshtml(6,23): warning CS8602: Dereference of a possibly null reference. [C:\Users\HP\Downloads\Medical\Medical_Affiliation\Medical_Affiliation.csproj]
C:\Users\HP\Downloads\Medical\Medical_Affiliation\Views\Aff_Nursing\Nursing_BasicDetails.cshtml(10,9): warning CS0219: The variable 'currentStep' is assigned but its value is never used [C:\Users\HP\Downloads\Medical\Medical_Affiliation\Medical_Affiliation.csproj]
C:\Users\HP\Downloads\Medical\Medical_Affiliation\Views\Aff_Homeopathy\Homeopathy_YearwiseMaterials.cshtml(7,23): warning CS8602: Dereference of a possibly null reference. [C:\Users\HP\Downloads\Medical\Medical_Affiliation\Medical_Affiliation.csproj]
C:\Users\HP\Downloads\Medical\Medical_Affiliation\Views\Aff_Homeopathy\Homeopathy_YearwiseMaterials.cshtml(157,47): warning CS8602: Dereference of a possibly null reference. [C:\Users\HP\Downloads\Medical\Medical_Affiliation\Medical_Affiliation.csproj]
C:\Users\HP\Downloads\Medical\Medical_Affiliation\Views\Aff_Homeopathy\Homeopathy_FacultyDetails.cshtml(6,23): warning CS8602: Dereference of a possibly null reference. [C:\Users\HP\Downloads\Medical\Medical_Affiliation\Medical_Affiliation.csproj]
C:\Users\HP\Downloads\Medical\Medical_Affiliation\Views\Aff_Homeopathy\Homeopathy_FacultyDetails.cshtml(482,9): warning CS8604: Possible null reference argument for parameter 'source' in 'IEnumerable<string> Enumerable.Select<SelectListItem, string>(IEnumerable<SelectListItem> source, Func<SelectListItem, string> selector)'. [C:\Users\HP\Downloads\Medical\Medical_Affiliation\Medical_Affiliation.csproj]
C:\Users\HP\Downloads\Medical\Medical_Affiliation\Views\Aff_Homeopathy\Homeopathy_FacultyDetails.cshtml(487,9): warning CS8604: Possible null reference argument for parameter 'source' in 'IEnumerable<string> Enumerable.Select<SelectListItem, string>(IEnumerable<SelectListItem> source, Func<SelectListItem, string> selector)'. [C:\Users\HP\Downloads\Medical\Medical_Affiliation\Medical_Affiliation.csproj]
C:\Users\HP\Downloads\Medical\Medical_Affiliation\Views\Aff_CA_Med_FinanceDetails\Med_CA_FinanceDetails.cshtml(8,23): warning CS8602: Dereference of a possibly null reference. [C:\Users\HP\Downloads\Medical\Medical_Affiliation\Medical_Affiliation.csproj]
C:\Users\HP\Downloads\Medical\Medical_Affiliation\Views\Aff_Naturopathy\Naturopathy_UGPG.cshtml(8,23): warning CS8602: Dereference of a possibly null reference. [C:\Users\HP\Downloads\Medical\Medical_Affiliation\Medical_Affiliation.csproj]
C:\Users\HP\Downloads\Medical\Medical_Affiliation\Views\Aff_Dental\Dental_YearwiseMaterials.cshtml(7,23): warning CS8602: Dereference of a possibly null reference. [C:\Users\HP\Downloads\Medical\Medical_Affiliation\Medical_Affiliation.csproj]
C:\Users\HP\Downloads\Medical\Medical_Affiliation\Views\Aff_Dental\Dental_YearwiseMaterials.cshtml(350,47): warning CS8602: Dereference of a possibly null reference. [C:\Users\HP\Downloads\Medical\Medical_Affiliation\Medical_Affiliation.csproj]
C:\Users\HP\Downloads\Medical\Medical_Affiliation\Views\Aff_Dental\Dental_ManageDesignationIntake.cshtml(6,23): warning CS8602: Dereference of a possibly null reference. [C:\Users\HP\Downloads\Medical\Medical_Affiliation\Medical_Affiliation.csproj]
C:\Users\HP\Downloads\Medical\Medical_Affiliation\Views\Aff_AHS\AHS_FacultyDetails.cshtml(6,23): warning CS8602: Dereference of a possibly null reference. [C:\Users\HP\Downloads\Medical\Medical_Affiliation\Medical_Affiliation.csproj]
C:\Users\HP\Downloads\Medical\Medical_Affiliation\Views\Aff_AHS\AHS_FacultyDetails.cshtml(398,31): warning CS8602: Dereference of a possibly null reference. [C:\Users\HP\Downloads\Medical\Medical_Affiliation\Medical_Affiliation.csproj]
C:\Users\HP\Downloads\Medical\Medical_Affiliation\Views\Aff_AHS\AHS_FacultyDetails.cshtml(407,31): warning CS8602: Dereference of a possibly null reference. [C:\Users\HP\Downloads\Medical\Medical_Affiliation\Medical_Affiliation.csproj]
C:\Users\HP\Downloads\Medical\Medical_Affiliation\Views\Aff_AHS\AHS_FacultyDetails.cshtml(416,32): warning CS8602: Dereference of a possibly null reference. [C:\Users\HP\Downloads\Medical\Medical_Affiliation\Medical_Affiliation.csproj]
C:\Users\HP\Downloads\Medical\Medical_Affiliation\Controllers\LoginController.cs(139,29): warning CS8602: Dereference of a possibly null reference. [C:\Users\HP\Downloads\Medical\Medical_Affiliation\Medical_Affiliation.csproj]
C:\Users\HP\Downloads\Medical\Medical_Affiliation\Controllers\LoginController.cs(157,17): warning CS8602: Dereference of a possibly null reference. [C:\Users\HP\Downloads\Medical\Medical_Affiliation\Medical_Affiliation.csproj]
C:\Users\HP\Downloads\Medical\Medical_Affiliation\Views\Aff_AHS\AHS_ExamResults.cshtml(6,23): warning CS8602: Dereference of a possibly null reference. [C:\Users\HP\Downloads\Medical\Medical_Affiliation\Medical_Affiliation.csproj]
C:\Users\HP\Downloads\Medical\Medical_Affiliation\Views\Aff_AHS\AHS_Affiliated_YearwiseMaterials.cshtml(6,23): warning CS8602: Dereference of a possibly null reference. [C:\Users\HP\Downloads\Medical\Medical_Affiliation\Medical_Affiliation.csproj]
C:\Users\HP\Downloads\Medical\Medical_Affiliation\Views\Aff_AHS\AHS_Affiliated_YearwiseMaterials.cshtml(272,38): warning CS8602: Dereference of a possibly null reference. [C:\Users\HP\Downloads\Medical\Medical_Affiliation\Medical_Affiliation.csproj]
C:\Users\HP\Downloads\Medical\Medical_Affiliation\Views\Admin\Dashboard.cshtml(100,14): warning CS8604: Possible null reference argument for parameter 'source' in 'int Enumerable.Count<CollegeCourseReport>(IEnumerable<CollegeCourseReport> source)'. [C:\Users\HP\Downloads\Medical\Medical_Affiliation\Medical_Affiliation.csproj]
C:\Users\HP\Downloads\Medical\Medical_Affiliation\Controllers\LoginController.cs(282,29): warning CS8602: Dereference of a possibly null reference. [C:\Users\HP\Downloads\Medical\Medical_Affiliation\Medical_Affiliation.csproj]
C:\Users\HP\Downloads\Medical\Medical_Affiliation\Views\Aff_AHS\AHS_UGPG.cshtml(8,23): warning CS8602: Dereference of a possibly null reference. [C:\Users\HP\Downloads\Medical\Medical_Affiliation\Medical_Affiliation.csproj]
C:\Users\HP\Downloads\Medical\Medical_Affiliation\Views\Aff_AHS\AHS_BasicDetails.cshtml(6,23): warning CS8602: Dereference of a possibly null reference. [C:\Users\HP\Downloads\Medical\Medical_Affiliation\Medical_Affiliation.csproj]
C:\Users\HP\Downloads\Medical\Medical_Affiliation\Views\Aff_AHS\AHS_BasicDetails.cshtml(10,9): warning CS0219: The variable 'currentStep' is assigned but its value is never used [C:\Users\HP\Downloads\Medical\Medical_Affiliation\Medical_Affiliation.csproj]
C:\Users\HP\Downloads\Medical\Medical_Affiliation\Views\Aff_Medical\ManageCourses.cshtml(6,23): warning CS8602: Dereference of a possibly null reference. [C:\Users\HP\Downloads\Medical\Medical_Affiliation\Medical_Affiliation.csproj]
C:\Users\HP\Downloads\Medical\Medical_Affiliation\Views\Aff_Medical\ManageCourses.cshtml(159,60): warning CS8602: Dereference of a possibly null reference. [C:\Users\HP\Downloads\Medical\Medical_Affiliation\Medical_Affiliation.csproj]
C:\Users\HP\Downloads\Medical\Medical_Affiliation\Views\Aff_Medical\ManageCourses.cshtml(260,57): warning CS8602: Dereference of a possibly null reference. [C:\Users\HP\Downloads\Medical\Medical_Affiliation\Medical_Affiliation.csproj]
C:\Users\HP\Downloads\Medical\Medical_Affiliation\Views\Aff_Medical\ManageCourses.cshtml(357,57): warning CS8602: Dereference of a possibly null reference. [C:\Users\HP\Downloads\Medical\Medical_Affiliation\Medical_Affiliation.csproj]
C:\Users\HP\Downloads\Medical\Medical_Affiliation\Views\Aff_CA_FinanceDetails\CA_FinancialDetails.cshtml(5,44): warning CS8602: Dereference of a possibly null reference. [C:\Users\HP\Downloads\Medical\Medical_Affiliation\Medical_Affiliation.csproj]
C:\Users\HP\Downloads\Medical\Medical_Affiliation\Models\YearwiseMaterialsFormViewModel.cs(6,23): warning CS8618: Non-nullable property 'ParentHospitalName' must contain a non-null value when exiting constructor. Consider adding the 'required' modifier or declaring the property as nullable. [C:\Users\HP\Downloads\Medical\Medical_Affiliation\Medical_Affiliation.csproj]
C:\Users\HP\Downloads\Medical\Medical_Affiliation\Models\YearwiseMaterialsFormViewModel.cs(7,23): warning CS8618: Non-nullable property 'ParentHospitalAddress' must contain a non-null value when exiting constructor. Consider adding the 'required' modifier or declaring the property as nullable. [C:\Users\HP\Downloads\Medical\Medical_Affiliation\Medical_Affiliation.csproj]
C:\Users\HP\Downloads\Medical\Medical_Affiliation\Models\YearwiseMaterialsFormViewModel.cs(8,23): warning CS8618: Non-nullable property 'HospitalOwnerName' must contain a non-null value when exiting constructor. Consider adding the 'required' modifier or declaring the property as nullable. [C:\Users\HP\Downloads\Medical\Medical_Affiliation\Medical_Affiliation.csproj]
C:\Users\HP\Downloads\Medical\Medical_Affiliation\Models\YearwiseMaterialsFormViewModel.cs(9,23): warning CS8618: Non-nullable property 'Kpmebeds' must contain a non-null value when exiting constructor. Consider adding the 'required' modifier or declaring the property as nullable. [C:\Users\HP\Downloads\Medical\Medical_Affiliation\Medical_Affiliation.csproj]
C:\Users\HP\Downloads\Medical\Medical_Affiliation\Models\YearwiseMaterialsFormViewModel.cs(10,23): warning CS8618: Non-nullable property 'PostBasicBeds' must contain a non-null value when exiting constructor. Consider adding the 'required' modifier or declaring the property as nullable. [C:\Users\HP\Downloads\Medical\Medical_Affiliation\Medical_Affiliation.csproj]
C:\Users\HP\Downloads\Medical\Medical_Affiliation\Models\YearwiseMaterialsFormViewModel.cs(11,23): warning CS8618: Non-nullable property 'TotalBeds' must contain a non-null value when exiting constructor. Consider adding the 'required' modifier or declaring the property as nullable. [C:\Users\HP\Downloads\Medical\Medical_Affiliation\Medical_Affiliation.csproj]
C:\Users\HP\Downloads\Medical\Medical_Affiliation\Models\YearwiseMaterialsFormViewModel.cs(13,26): warning CS8618: Non-nullable property 'ParentHospitalKpmebedsDocFile' must contain a non-null value when exiting constructor. Consider adding the 'required' modifier or declaring the property as nullable. [C:\Users\HP\Downloads\Medical\Medical_Affiliation\Medical_Affiliation.csproj]
C:\Users\HP\Downloads\Medical\Medical_Affiliation\Models\YearwiseMaterialsFormViewModel.cs(14,26): warning CS8618: Non-nullable property 'ParentHospitalMoudocFile' must contain a non-null value when exiting constructor. Consider adding the 'required' modifier or declaring the property as nullable. [C:\Users\HP\Downloads\Medical\Medical_Affiliation\Medical_Affiliation.csproj]
C:\Users\HP\Downloads\Medical\Medical_Affiliation\Models\YearwiseMaterialsFormViewModel.cs(15,26): warning CS8618: Non-nullable property 'ParentHospitalOwnerNameDocFile' must contain a non-null value when exiting constructor. Consider adding the 'required' modifier or declaring the property as nullable. [C:\Users\HP\Downloads\Medical\Medical_Affiliation\Medical_Affiliation.csproj]
C:\Users\HP\Downloads\Medical\Medical_Affiliation\Models\YearwiseMaterialsFormViewModel.cs(16,26): warning CS8618: Non-nullable property 'ParentHospitalPostBasicDocFile' must contain a non-null value when exiting constructor. Consider adding the 'required' modifier or declaring the property as nullable. [C:\Users\HP\Downloads\Medical\Medical_Affiliation\Medical_Affiliation.csproj]
C:\Users\HP\Downloads\Medical\Medical_Affiliation\Models\UploadedCollegeViewModel.cs(25,23): warning CS8618: Non-nullable property 'Name' must contain a non-null value when exiting constructor. Consider adding the 'required' modifier or declaring the property as nullable. [C:\Users\HP\Downloads\Medical\Medical_Affiliation\Medical_Affiliation.csproj]
C:\Users\HP\Downloads\Medical\Medical_Affiliation\Models\UploadedCollegeViewModel.cs(26,23): warning CS8618: Non-nullable property 'Designation' must contain a non-null value when exiting constructor. Consider adding the 'required' modifier or declaring the property as nullable. [C:\Users\HP\Downloads\Medical\Medical_Affiliation\Medical_Affiliation.csproj]
C:\Users\HP\Downloads\Medical\Medical_Affiliation\Models\UploadedCollegeViewModel.cs(27,23): warning CS8618: Non-nullable property 'Department' must contain a non-null value when exiting constructor. Consider adding the 'required' modifier or declaring the property as nullable. [C:\Users\HP\Downloads\Medical\Medical_Affiliation\Medical_Affiliation.csproj]
C:\Users\HP\Downloads\Medical\Medical_Affiliation\Models\UploadedCollegeViewModel.cs(28,23): warning CS8618: Non-nullable property 'Dob' must contain a non-null value when exiting constructor. Consider adding the 'required' modifier or declaring the property as nullable. [C:\Users\HP\Downloads\Medical\Medical_Affiliation\Medical_Affiliation.csproj]
C:\Users\HP\Downloads\Medical\Medical_Affiliation\Models\UploadedCollegeViewModel.cs(31,23): warning CS8618: Non-nullable property 'MobileNo' must contain a non-null value when exiting constructor. Consider adding the 'required' modifier or declaring the property as nullable. [C:\Users\HP\Downloads\Medical\Medical_Affiliation\Medical_Affiliation.csproj]
C:\Users\HP\Downloads\Medical\Medical_Affiliation\Models\UploadedCollegeViewModel.cs(34,23): warning CS8618: Non-nullable property 'PanNo' must contain a non-null value when exiting constructor. Consider adding the 'required' modifier or declaring the property as nullable. [C:\Users\HP\Downloads\Medical\Medical_Affiliation\Medical_Affiliation.csproj]
C:\Users\HP\Downloads\Medical\Medical_Affiliation\Models\UploadedCollegeViewModel.cs(36,23): warning CS8618: Non-nullable property 'StateCouncilRegNo' must contain a non-null value when exiting constructor. Consider adding the 'required' modifier or declaring the property as nullable. [C:\Users\HP\Downloads\Medical\Medical_Affiliation\Medical_Affiliation.csproj]
C:\Users\HP\Downloads\Medical\Medical_Affiliation\Models\UploadedCollegeViewModel.cs(38,23): warning CS8618: Non-nullable property 'AEBASAttendId' must contain a non-null value when exiting constructor. Consider adding the 'required' modifier or declaring the property as nullable. [C:\Users\HP\Downloads\Medical\Medical_Affiliation\Medical_Affiliation.csproj]
C:\Users\HP\Downloads\Medical\Medical_Affiliation\Models\UploadedCollegeViewModel.cs(39,23): warning CS8618: Non-nullable property 'ProfessionalQualification' must contain a non-null value when exiting constructor. Consider adding the 'required' modifier or declaring the property as nullable. [C:\Users\HP\Downloads\Medical\Medical_Affiliation\Medical_Affiliation.csproj]
C:\Users\HP\Downloads\Medical\Medical_Affiliation\Models\UploadedCollegeViewModel.cs(40,23): warning CS8618: Non-nullable property 'NatureOfEmployment' must contain a non-null value when exiting constructor. Consider adding the 'required' modifier or declaring the property as nullable. [C:\Users\HP\Downloads\Medical\Medical_Affiliation\Medical_Affiliation.csproj]
C:\Users\HP\Downloads\Medical\Medical_Affiliation\Models\UploadedCollegeViewModel.cs(41,23): warning CS8618: Non-nullable property 'TeachingExpInYrs' must contain a non-null value when exiting constructor. Consider adding the 'required' modifier or declaring the property as nullable. [C:\Users\HP\Downloads\Medical\Medical_Affiliation\Medical_Affiliation.csproj]
C:\Users\HP\Downloads\Medical\Medical_Affiliation\Models\UploadedCollegeViewModel.cs(42,23): warning CS8618: Non-nullable property 'PhotoFilePath' must contain a non-null value when exiting constructor. Consider adding the 'required' modifier or declaring the property as nullable. [C:\Users\HP\Downloads\Medical\Medical_Affiliation\Medical_Affiliation.csproj]
C:\Users\HP\Downloads\Medical\Medical_Affiliation\Models\UploadedCollegeViewModel.cs(14,23): warning CS8618: Non-nullable property 'FileName' must contain a non-null value when exiting constructor. Consider adding the 'required' modifier or declaring the property as nullable. [C:\Users\HP\Downloads\Medical\Medical_Affiliation\Medical_Affiliation.csproj]
C:\Users\HP\Downloads\Medical\Medical_Affiliation\Models\UploadedCollegeViewModel.cs(15,23): warning CS8618: Non-nullable property 'UploadedDate' must contain a non-null value when exiting constructor. Consider adding the 'required' modifier or declaring the property as nullable. [C:\Users\HP\Downloads\Medical\Medical_Affiliation\Medical_Affiliation.csproj]
C:\Users\HP\Downloads\Medical\Medical_Affiliation\Models\UploadedCollegeViewModel.cs(16,23): warning CS8618: Non-nullable property 'UploadedBy' must contain a non-null value when exiting constructor. Consider adding the 'required' modifier or declaring the property as nullable. [C:\Users\HP\Downloads\Medical\Medical_Affiliation\Medical_Affiliation.csproj]
C:\Users\HP\Downloads\Medical\Medical_Affiliation\Models\UploadedCollegeViewModel.cs(17,23): warning CS8618: Non-nullable property 'Status' must contain a non-null value when exiting constructor. Consider adding the 'required' modifier or declaring the property as nullable. [C:\Users\HP\Downloads\Medical\Medical_Affiliation\Medical_Affiliation.csproj]
C:\Users\HP\Downloads\Medical\Medical_Affiliation\Models\UploadedCollegeViewModel.cs(18,23): warning CS8618: Non-nullable property 'FileUrl' must contain a non-null value when exiting constructor. Consider adding the 'required' modifier or declaring the property as nullable. [C:\Users\HP\Downloads\Medical\Medical_Affiliation\Medical_Affiliation.csproj]
C:\Users\HP\Downloads\Medical\Medical_Affiliation\Models\UploadedCollegeViewModel.cs(6,23): warning CS8618: Non-nullable property 'CollegeCode' must contain a non-null value when exiting constructor. Consider adding the 'required' modifier or declaring the property as nullable. [C:\Users\HP\Downloads\Medical\Medical_Affiliation\Medical_Affiliation.csproj]
C:\Users\HP\Downloads\Medical\Medical_Affiliation\Models\UploadedCollegeViewModel.cs(7,23): warning CS8618: Non-nullable property 'CollegeName' must contain a non-null value when exiting constructor. Consider adding the 'required' modifier or declaring the property as nullable. [C:\Users\HP\Downloads\Medical\Medical_Affiliation\Medical_Affiliation.csproj]
C:\Users\HP\Downloads\Medical\Medical_Affiliation\Models\UpdateDistrictsAndTaluksForCollegesViewModel.cs(7,23): warning CS8618: Non-nullable property 'SelectedDistrict' must contain a non-null value when exiting constructor. Consider adding the 'required' modifier or declaring the property as nullable. [C:\Users\HP\Downloads\Medical\Medical_Affiliation\Medical_Affiliation.csproj]
C:\Users\HP\Downloads\Medical\Medical_Affiliation\Models\UpdateDistrictsAndTaluksForCollegesViewModel.cs(8,23): warning CS8618: Non-nullable property 'SelectedTaluk' must contain a non-null value when exiting constructor. Consider adding the 'required' modifier or declaring the property as nullable. [C:\Users\HP\Downloads\Medical\Medical_Affiliation\Medical_Affiliation.csproj]
C:\Users\HP\Downloads\Medical\Medical_Affiliation\Models\UpdateDistrictsAndTaluksForCollegesViewModel.cs(9,23): warning CS8618: Non-nullable property 'SelectedFaculty' must contain a non-null value when exiting constructor. Consider adding the 'required' modifier or declaring the property as nullable. [C:\Users\HP\Downloads\Medical\Medical_Affiliation\Medical_Affiliation.csproj]
C:\Users\HP\Downloads\Medical\Medical_Affiliation\Models\UpdateDistrictsAndTaluksForCollegesViewModel.cs(10,29): warning CS8618: Non-nullable property 'SelectedCollegeIds' must contain a non-null value when exiting constructor. Consider adding the 'required' modifier or declaring the property as nullable. [C:\Users\HP\Downloads\Medical\Medical_Affiliation\Medical_Affiliation.csproj]
C:\Users\HP\Downloads\Medical\Medical_Affiliation\Models\UpdateDistrictsAndTaluksForCollegesViewModel.cs(12,34): warning CS8618: Non-nullable property 'TalukMasters' must contain a non-null value when exiting constructor. Consider adding the 'required' modifier or declaring the property as nullable. [C:\Users\HP\Downloads\Medical\Medical_Affiliation\Medical_Affiliation.csproj]
C:\Users\HP\Downloads\Medical\Medical_Affiliation\Models\UpdateDistrictsAndTaluksForCollegesViewModel.cs(13,37): warning CS8618: Non-nullable property 'DistrictMasters' must contain a non-null value when exiting constructor. Consider adding the 'required' modifier or declaring the property as nullable. [C:\Users\HP\Downloads\Medical\Medical_Affiliation\Medical_Affiliation.csproj]
C:\Users\HP\Downloads\Medical\Medical_Affiliation\Models\UpdateDistrictsAndTaluksForCollegesViewModel.cs(14,30): warning CS8618: Non-nullable property 'Faculties' must contain a non-null value when exiting constructor. Consider adding the 'required' modifier or declaring the property as nullable. [C:\Users\HP\Downloads\Medical\Medical_Affiliation\Medical_Affiliation.csproj]
C:\Users\HP\Downloads\Medical\Medical_Affiliation\Models\UpdateDistrictsAndTaluksForCollegesViewModel.cs(15,37): warning CS8618: Non-nullable property 'affiliationCollegeMasters' must contain a non-null value when exiting constructor. Consider adding the 'required' modifier or declaring the property as nullable. [C:\Users\HP\Downloads\Medical\Medical_Affiliation\Medical_Affiliation.csproj]
C:\Users\HP\Downloads\Medical\Medical_Affiliation\Models\UniversityImagesViewModel.cs(6,23): warning CS8618: Non-nullable property 'ImgName' must contain a non-null value when exiting constructor. Consider adding the 'required' modifier or declaring the property as nullable. [C:\Users\HP\Downloads\Medical\Medical_Affiliation\Medical_Affiliation.csproj]
C:\Users\HP\Downloads\Medical\Medical_Affiliation\Models\UniversityImagesViewModel.cs(7,26): warning CS8618: Non-nullable property 'ImgFile' must contain a non-null value when exiting constructor. Consider adding the 'required' modifier or declaring the property as nullable. [C:\Users\HP\Downloads\Medical\Medical_Affiliation\Medical_Affiliation.csproj]
C:\Users\HP\Downloads\Medical\Medical_Affiliation\Models\UniversityImagesViewModel.cs(8,23): warning CS8618: Non-nullable property 'ImgByteArr' must contain a non-null value when exiting constructor. Consider adding the 'required' modifier or declaring the property as nullable. [C:\Users\HP\Downloads\Medical\Medical_Affiliation\Medical_Affiliation.csproj]
C:\Users\HP\Downloads\Medical\Medical_Affiliation\Models\AcademicIntakeViewModel.cs(12,23): warning CS8618: Non-nullable property 'CourseName' must contain a non-null value when exiting constructor. Consider adding the 'required' modifier or declaring the property as nullable. [C:\Users\HP\Downloads\Medical\Medical_Affiliation\Medical_Affiliation.csproj]
C:\Users\HP\Downloads\Medical\Medical_Affiliation\Models\AcademicIntakeViewModel.cs(35,23): warning CS8618: Non-nullable property 'AcademicYear' must contain a non-null value when exiting constructor. Consider adding the 'required' modifier or declaring the property as nullable. [C:\Users\HP\Downloads\Medical\Medical_Affiliation\Medical_Affiliation.csproj]
C:\Users\HP\Downloads\Medical\Medical_Affiliation\Services\Faculty\CAPreviewService.cs(42,31): warning CS8601: Possible null reference assignment. [C:\Users\HP\Downloads\Medical\Medical_Affiliation\Medical_Affiliation.csproj]
C:\Users\HP\Downloads\Medical\Medical_Affiliation\Services\Faculty\CAPreviewService.cs(43,31): warning CS8601: Possible null reference assignment. [C:\Users\HP\Downloads\Medical\Medical_Affiliation\Medical_Affiliation.csproj]
C:\Users\HP\Downloads\Medical\Medical_Affiliation\Services\Faculty\CABasicDetailsService.cs(38,49): warning CS8601: Possible null reference assignment. [C:\Users\HP\Downloads\Medical\Medical_Affiliation\Medical_Affiliation.csproj]
C:\Users\HP\Downloads\Medical\Medical_Affiliation\Services\Faculty\CABasicDetailsService.cs(39,44): warning CS8601: Possible null reference assignment. [C:\Users\HP\Downloads\Medical\Medical_Affiliation\Medical_Affiliation.csproj]
C:\Users\HP\Downloads\Medical\Medical_Affiliation\Views\Aff_Dental\Dental_FacultyDetails.cshtml(6,23): warning CS8602: Dereference of a possibly null reference. [C:\Users\HP\Downloads\Medical\Medical_Affiliation\Medical_Affiliation.csproj]
C:\Users\HP\Downloads\Medical\Medical_Affiliation\Views\Aff_Dental\Dental_FacultyDetails.cshtml(443,9): warning CS8604: Possible null reference argument for parameter 'source' in 'IEnumerable<string> Enumerable.Select<SelectListItem, string>(IEnumerable<SelectListItem> source, Func<SelectListItem, string> selector)'. [C:\Users\HP\Downloads\Medical\Medical_Affiliation\Medical_Affiliation.csproj]
C:\Users\HP\Downloads\Medical\Medical_Affiliation\Views\Aff_Dental\Dental_FacultyDetails.cshtml(448,9): warning CS8604: Possible null reference argument for parameter 'source' in 'IEnumerable<string> Enumerable.Select<SelectListItem, string>(IEnumerable<SelectListItem> source, Func<SelectListItem, string> selector)'. [C:\Users\HP\Downloads\Medical\Medical_Affiliation\Medical_Affiliation.csproj]
C:\Users\HP\Downloads\Medical\Medical_Affiliation\Views\Aff_CA_MedicalLibrary\Aff_CA_Medical_LibraryDetails.cshtml(5,23): warning CS8602: Dereference of a possibly null reference. [C:\Users\HP\Downloads\Medical\Medical_Affiliation\Medical_Affiliation.csproj]
C:\Users\HP\Downloads\Medical\Medical_Affiliation\Models\TeachingStaffDepartmentWiseVm.cs(10,37): warning CS8618: Non-nullable property 'Colleges' must contain a non-null value when exiting constructor. Consider adding the 'required' modifier or declaring the property as nullable. [C:\Users\HP\Downloads\Medical\Medical_Affiliation\Medical_Affiliation.csproj]
C:\Users\HP\Downloads\Medical\Medical_Affiliation\Controllers\AffiliationPaymentController.cs(65,39): warning CS8600: Converting null literal or possible null value to non-nullable type. [C:\Users\HP\Downloads\Medical\Medical_Affiliation\Medical_Affiliation.csproj]
C:\Users\HP\Downloads\Medical\Medical_Affiliation\Controllers\AffiliationPaymentController.cs(70,26): warning CS8600: Converting null literal or possible null value to non-nullable type. [C:\Users\HP\Downloads\Medical\Medical_Affiliation\Medical_Affiliation.csproj]
C:\Users\HP\Downloads\Medical\Medical_Affiliation\Controllers\AffiliationPaymentController.cs(76,36): warning CS8600: Converting null literal or possible null value to non-nullable type. [C:\Users\HP\Downloads\Medical\Medical_Affiliation\Medical_Affiliation.csproj]
C:\Users\HP\Downloads\Medical\Medical_Affiliation\Views\Aff_Homeopathy\Homeopathy_UGPG.cshtml(6,23): warning CS8602: Dereference of a possibly null reference. [C:\Users\HP\Downloads\Medical\Medical_Affiliation\Medical_Affiliation.csproj]
C:\Users\HP\Downloads\Medical\Medical_Affiliation\Views\Aff_Homeopathy\Homeopathy_UGPG.cshtml(10,9): warning CS0219: The variable 'currentStep' is assigned but its value is never used [C:\Users\HP\Downloads\Medical\Medical_Affiliation\Medical_Affiliation.csproj]
C:\Users\HP\Downloads\Medical\Medical_Affiliation\Services\Faculty\CAFinanceService.cs(43,22): warning CS8602: Dereference of a possibly null reference. [C:\Users\HP\Downloads\Medical\Medical_Affiliation\Medical_Affiliation.csproj]
C:\Users\HP\Downloads\Medical\Medical_Affiliation\Services\Faculty\CAFinanceService.cs(60,42): warning CS8602: Dereference of a possibly null reference. [C:\Users\HP\Downloads\Medical\Medical_Affiliation\Medical_Affiliation.csproj]
C:\Users\HP\Downloads\Medical\Medical_Affiliation\Services\Faculty\CAFinanceService.cs(61,40): warning CS8602: Dereference of a possibly null reference. [C:\Users\HP\Downloads\Medical\Medical_Affiliation\Medical_Affiliation.csproj]
C:\Users\HP\Downloads\Medical\Medical_Affiliation\Services\Faculty\CAFinanceService.cs(62,42): warning CS8602: Dereference of a possibly null reference. [C:\Users\HP\Downloads\Medical\Medical_Affiliation\Medical_Affiliation.csproj]
C:\Users\HP\Downloads\Medical\Medical_Affiliation\Models\AcademicIntakeViewModel.cs(55,23): warning CS8618: Non-nullable property 'CourseCode' must contain a non-null value when exiting constructor. Consider adding the 'required' modifier or declaring the property as nullable. [C:\Users\HP\Downloads\Medical\Medical_Affiliation\Medical_Affiliation.csproj]
C:\Users\HP\Downloads\Medical\Medical_Affiliation\Models\AcademicIntakeViewModel.cs(56,23): warning CS8618: Non-nullable property 'CourseName' must contain a non-null value when exiting constructor. Consider adding the 'required' modifier or declaring the property as nullable. [C:\Users\HP\Downloads\Medical\Medical_Affiliation\Medical_Affiliation.csproj]
C:\Users\HP\Downloads\Medical\Medical_Affiliation\Models\AcademicIntakeViewModel.cs(57,23): warning CS8618: Non-nullable property 'CourseLevel' must contain a non-null value when exiting constructor. Consider adding the 'required' modifier or declaring the property as nullable. [C:\Users\HP\Downloads\Medical\Medical_Affiliation\Medical_Affiliation.csproj]
C:\Users\HP\Downloads\Medical\Medical_Affiliation\Models\AcademicIntakeViewModel.cs(65,23): warning CS8618: Non-nullable property 'CollegeCode' must contain a non-null value when exiting constructor. Consider adding the 'required' modifier or declaring the property as nullable. [C:\Users\HP\Downloads\Medical\Medical_Affiliation\Medical_Affiliation.csproj]
C:\Users\HP\Downloads\Medical\Medical_Affiliation\Models\AcademicIntakeViewModel.cs(66,23): warning CS8618: Non-nullable property 'FacultyCode' must contain a non-null value when exiting constructor. Consider adding the 'required' modifier or declaring the property as nullable. [C:\Users\HP\Downloads\Medical\Medical_Affiliation\Medical_Affiliation.csproj]
C:\Users\HP\Downloads\Medical\Medical_Affiliation\Models\AcademicIntakeViewModel.cs(67,23): warning CS8618: Non-nullable property 'TypeOfAffiliation' must contain a non-null value when exiting constructor. Consider adding the 'required' modifier or declaring the property as nullable. [C:\Users\HP\Downloads\Medical\Medical_Affiliation\Medical_Affiliation.csproj]
C:\Users\HP\Downloads\Medical\Medical_Affiliation\Models\AcademicIntakeViewModel.cs(68,23): warning CS8618: Non-nullable property 'CollegeName' must contain a non-null value when exiting constructor. Consider adding the 'required' modifier or declaring the property as nullable. [C:\Users\HP\Downloads\Medical\Medical_Affiliation\Medical_Affiliation.csproj]
C:\Users\HP\Downloads\Medical\Medical_Affiliation\Controllers\AffiliationPgCourseController.cs(90,60): warning CS8601: Possible null reference assignment. [C:\Users\HP\Downloads\Medical\Medical_Affiliation\Medical_Affiliation.csproj]
C:\Users\HP\Downloads\Medical\Medical_Affiliation\Services\Faculty\CAFinanceService.cs(83,61): warning CS8601: Possible null reference assignment. [C:\Users\HP\Downloads\Medical\Medical_Affiliation\Medical_Affiliation.csproj]
C:\Users\HP\Downloads\Medical\Medical_Affiliation\Controllers\AffiliationPgCourseController.cs(136,61): warning CS8601: Possible null reference assignment. [C:\Users\HP\Downloads\Medical\Medical_Affiliation\Medical_Affiliation.csproj]
C:\Users\HP\Downloads\Medical\Medical_Affiliation\Services\Faculty\CAFinanceService.cs(102,52): warning CS8601: Possible null reference assignment. [C:\Users\HP\Downloads\Medical\Medical_Affiliation\Medical_Affiliation.csproj]
C:\Users\HP\Downloads\Medical\Medical_Affiliation\Services\Faculty\CAFinanceService.cs(106,62): warning CS8602: Dereference of a possibly null reference. [C:\Users\HP\Downloads\Medical\Medical_Affiliation\Medical_Affiliation.csproj]
C:\Users\HP\Downloads\Medical\Medical_Affiliation\Services\Faculty\CAFinanceService.cs(107,65): warning CS8602: Dereference of a possibly null reference. [C:\Users\HP\Downloads\Medical\Medical_Affiliation\Medical_Affiliation.csproj]
C:\Users\HP\Downloads\Medical\Medical_Affiliation\Services\Faculty\CAFinanceService.cs(108,67): warning CS8602: Dereference of a possibly null reference. [C:\Users\HP\Downloads\Medical\Medical_Affiliation\Medical_Affiliation.csproj]
C:\Users\HP\Downloads\Medical\Medical_Affiliation\Services\Faculty\CAFinanceService.cs(111,60): warning CS8602: Dereference of a possibly null reference. [C:\Users\HP\Downloads\Medical\Medical_Affiliation\Medical_Affiliation.csproj]
C:\Users\HP\Downloads\Medical\Medical_Affiliation\Services\Faculty\CAFinanceService.cs(112,50): warning CS8602: Dereference of a possibly null reference. [C:\Users\HP\Downloads\Medical\Medical_Affiliation\Medical_Affiliation.csproj]
C:\Users\HP\Downloads\Medical\Medical_Affiliation\Services\Faculty\CAFinanceService.cs(119,20): warning CS8603: Possible null reference return. [C:\Users\HP\Downloads\Medical\Medical_Affiliation\Medical_Affiliation.csproj]
C:\Users\HP\Downloads\Medical\Medical_Affiliation\Services\Faculty\CALandAndEquipmentService.cs(55,20): warning CS8603: Possible null reference return. [C:\Users\HP\Downloads\Medical\Medical_Affiliation\Medical_Affiliation.csproj]
C:\Users\HP\Downloads\Medical\Medical_Affiliation\Views\Aff_Medical\Medical_BasicDetails.cshtml(6,23): warning CS8602: Dereference of a possibly null reference. [C:\Users\HP\Downloads\Medical\Medical_Affiliation\Medical_Affiliation.csproj]
C:\Users\HP\Downloads\Medical\Medical_Affiliation\Services\Faculty\CALibraryService.cs(61,40): warning CS8602: Dereference of a possibly null reference. [C:\Users\HP\Downloads\Medical\Medical_Affiliation\Medical_Affiliation.csproj]
C:\Users\HP\Downloads\Medical\Medical_Affiliation\Services\Faculty\CAAcademicService.cs(46,38): warning CS8601: Possible null reference assignment. [C:\Users\HP\Downloads\Medical\Medical_Affiliation\Medical_Affiliation.csproj]
C:\Users\HP\Downloads\Medical\Medical_Affiliation\Controllers\AffiliationPgCourseController.cs(187,34): warning CS8601: Possible null reference assignment. [C:\Users\HP\Downloads\Medical\Medical_Affiliation\Medical_Affiliation.csproj]
C:\Users\HP\Downloads\Medical\Medical_Affiliation\Services\Faculty\CALandAndEquipmentService.cs(105,38): warning CS8601: Possible null reference assignment. [C:\Users\HP\Downloads\Medical\Medical_Affiliation\Medical_Affiliation.csproj]
C:\Users\HP\Downloads\Medical\Medical_Affiliation\Services\Faculty\CALibraryService.cs(233,20): warning CS8603: Possible null reference return. [C:\Users\HP\Downloads\Medical\Medical_Affiliation\Medical_Affiliation.csproj]
C:\Users\HP\Downloads\Medical\Medical_Affiliation\Controllers\LoginController.cs(432,34): warning CS8600: Converting null literal or possible null value to non-nullable type. [C:\Users\HP\Downloads\Medical\Medical_Affiliation\Medical_Affiliation.csproj]
C:\Users\HP\Downloads\Medical\Medical_Affiliation\Controllers\LoginController.cs(439,36): warning CS8602: Dereference of a possibly null reference. [C:\Users\HP\Downloads\Medical\Medical_Affiliation\Medical_Affiliation.csproj]
C:\Users\HP\Downloads\Medical\Medical_Affiliation\Controllers\LoginController.cs(453,62): warning CS8604: Possible null reference argument for parameter 'facultyCode' in '(string controller, string action) LoginController.SideBarActionAndControllers(string facultyCode, out (string controller, string action) routeInfo)'. [C:\Users\HP\Downloads\Medical\Medical_Affiliation\Medical_Affiliation.csproj]
C:\Users\HP\Downloads\Medical\Medical_Affiliation\Controllers\LoginController.cs(482,32): warning CS8602: Dereference of a possibly null reference. [C:\Users\HP\Downloads\Medical\Medical_Affiliation\Medical_Affiliation.csproj]
C:\Users\HP\Downloads\Medical\Medical_Affiliation\Controllers\LoginController.cs(498,40): warning CS8602: Dereference of a possibly null reference. [C:\Users\HP\Downloads\Medical\Medical_Affiliation\Medical_Affiliation.csproj]
C:\Users\HP\Downloads\Medical\Medical_Affiliation\Controllers\LoginController.cs(522,28): warning CS8601: Possible null reference assignment. [C:\Users\HP\Downloads\Medical\Medical_Affiliation\Medical_Affiliation.csproj]
C:\Users\HP\Downloads\Medical\Medical_Affiliation\Services\Faculty\CALandAndEquipmentService.cs(242,38): warning CS8601: Possible null reference assignment. [C:\Users\HP\Downloads\Medical\Medical_Affiliation\Medical_Affiliation.csproj]
C:\Users\HP\Downloads\Medical\Medical_Affiliation\Services\Faculty\CALandAndEquipmentService.cs(243,41): warning CS8601: Possible null reference assignment. [C:\Users\HP\Downloads\Medical\Medical_Affiliation\Medical_Affiliation.csproj]
C:\Users\HP\Downloads\Medical\Medical_Affiliation\Services\Faculty\CALandAndEquipmentService.cs(244,37): warning CS8601: Possible null reference assignment. [C:\Users\HP\Downloads\Medical\Medical_Affiliation\Medical_Affiliation.csproj]
C:\Users\HP\Downloads\Medical\Medical_Affiliation\Services\Faculty\CALibraryService.cs(274,20): warning CS8603: Possible null reference return. [C:\Users\HP\Downloads\Medical\Medical_Affiliation\Medical_Affiliation.csproj]
C:\Users\HP\Downloads\Medical\Medical_Affiliation\Services\Faculty\CALibraryService.cs(307,20): warning CS8603: Possible null reference return. [C:\Users\HP\Downloads\Medical\Medical_Affiliation\Medical_Affiliation.csproj]
C:\Users\HP\Downloads\Medical\Medical_Affiliation\Services\Faculty\CALibraryService.cs(300,61): warning CS1718: Comparison made to same variable; did you mean to compare something else? [C:\Users\HP\Downloads\Medical\Medical_Affiliation\Medical_Affiliation.csproj]
C:\Users\HP\Downloads\Medical\Medical_Affiliation\Services\Faculty\CALibraryService.cs(340,20): warning CS8603: Possible null reference return. [C:\Users\HP\Downloads\Medical\Medical_Affiliation\Medical_Affiliation.csproj]
C:\Users\HP\Downloads\Medical\Medical_Affiliation\Controllers\LoginController.cs(589,51): warning CS8601: Possible null reference assignment. [C:\Users\HP\Downloads\Medical\Medical_Affiliation\Medical_Affiliation.csproj]
C:\Users\HP\Downloads\Medical\Medical_Affiliation\Controllers\LoginController.cs(617,39): warning CS8619: Nullability of reference types in value of type 'List<string?>' doesn't match target type 'List<string>'. [C:\Users\HP\Downloads\Medical\Medical_Affiliation\Medical_Affiliation.csproj]
C:\Users\HP\Downloads\Medical\Medical_Affiliation\Controllers\LoginController.cs(657,28): warning CS8601: Possible null reference assignment. [C:\Users\HP\Downloads\Medical\Medical_Affiliation\Medical_Affiliation.csproj]
C:\Users\HP\Downloads\Medical\Medical_Affiliation\Controllers\AffiliationPgCourseController.cs(288,34): warning CS8601: Possible null reference assignment. [C:\Users\HP\Downloads\Medical\Medical_Affiliation\Medical_Affiliation.csproj]
C:\Users\HP\Downloads\Medical\Medical_Affiliation\Services\Faculty\CABasicDetailsService.cs(152,20): warning CS8603: Possible null reference return. [C:\Users\HP\Downloads\Medical\Medical_Affiliation\Medical_Affiliation.csproj]
C:\Users\HP\Downloads\Medical\Medical_Affiliation\Views\Aff_Dental\Dental_BasicDetails.cshtml(6,23): warning CS8602: Dereference of a possibly null reference. [C:\Users\HP\Downloads\Medical\Medical_Affiliation\Medical_Affiliation.csproj]
C:\Users\HP\Downloads\Medical\Medical_Affiliation\Views\Aff_Dental\Dental_BasicDetails.cshtml(10,9): warning CS0219: The variable 'currentStep' is assigned but its value is never used [C:\Users\HP\Downloads\Medical\Medical_Affiliation\Medical_Affiliation.csproj]
C:\Users\HP\Downloads\Medical\Medical_Affiliation\Models\SectionOfficerCourseWiseRguhsIntakeViewModel.cs(14,23): warning CS8618: Non-nullable property 'CollegeCode' must contain a non-null value when exiting constructor. Consider adding the 'required' modifier or declaring the property as nullable. [C:\Users\HP\Downloads\Medical\Medical_Affiliation\Medical_Affiliation.csproj]
C:\Users\HP\Downloads\Medical\Medical_Affiliation\Models\SectionOfficerCourseWiseRguhsIntakeViewModel.cs(15,23): warning CS8618: Non-nullable property 'CourseCode' must contain a non-null value when exiting constructor. Consider adding the 'required' modifier or declaring the property as nullable. [C:\Users\HP\Downloads\Medical\Medical_Affiliation\Medical_Affiliation.csproj]
C:\Users\HP\Downloads\Medical\Medical_Affiliation\Models\SectionOfficerCourseWiseRguhsIntakeViewModel.cs(17,23): warning CS8618: Non-nullable property 'Reason' must contain a non-null value when exiting constructor. Consider adding the 'required' modifier or declaring the property as nullable. [C:\Users\HP\Downloads\Medical\Medical_Affiliation\Medical_Affiliation.csproj]
C:\Users\HP\Downloads\Medical\Medical_Affiliation\Models\SectionOfficerCourseWiseRguhsIntakeViewModel.cs(5,48): warning CS8618: Non-nullable property 'collegeCourseIntakeDetails' must contain a non-null value when exiting constructor. Consider adding the 'required' modifier or declaring the property as nullable. [C:\Users\HP\Downloads\Medical\Medical_Affiliation\Medical_Affiliation.csproj]
C:\Users\HP\Downloads\Medical\Medical_Affiliation\Models\SectionOfficerCourseWiseRguhsIntakeViewModel.cs(6,51): warning CS8618: Non-nullable property 'rguhsIntakeChangeAndApprovals' must contain a non-null value when exiting constructor. Consider adding the 'required' modifier or declaring the property as nullable. [C:\Users\HP\Downloads\Medical\Medical_Affiliation\Medical_Affiliation.csproj]
C:\Users\HP\Downloads\Medical\Medical_Affiliation\Models\SectionOfficerCourseWiseRguhsIntakeViewModel.cs(7,30): warning CS8618: Non-nullable property 'faculties' must contain a non-null value when exiting constructor. Consider adding the 'required' modifier or declaring the property as nullable. [C:\Users\HP\Downloads\Medical\Medical_Affiliation\Medical_Affiliation.csproj]
C:\Users\HP\Downloads\Medical\Medical_Affiliation\Models\SectionOfficerCourseWiseRguhsIntakeViewModel.cs(8,23): warning CS8618: Non-nullable property 'SelectedFacultyCode' must contain a non-null value when exiting constructor. Consider adding the 'required' modifier or declaring the property as nullable. [C:\Users\HP\Downloads\Medical\Medical_Affiliation\Medical_Affiliation.csproj]
C:\Users\HP\Downloads\Medical\Medical_Affiliation\Models\SaveFacultyDto.cs(7,23): warning CS8618: Non-nullable property 'DepartmentCode' must contain a non-null value when exiting constructor. Consider adding the 'required' modifier or declaring the property as nullable. [C:\Users\HP\Downloads\Medical\Medical_Affiliation\Medical_Affiliation.csproj]
C:\Users\HP\Downloads\Medical\Medical_Affiliation\Models\SaveFacultyDto.cs(8,23): warning CS8618: Non-nullable property 'NameOftheFaculty' must contain a non-null value when exiting constructor. Consider adding the 'required' modifier or declaring the property as nullable. [C:\Users\HP\Downloads\Medical\Medical_Affiliation\Medical_Affiliation.csproj]
C:\Users\HP\Downloads\Medical\Medical_Affiliation\Models\SaveFacultyDto.cs(9,23): warning CS8618: Non-nullable property 'DesignationCode' must contain a non-null value when exiting constructor. Consider adding the 'required' modifier or declaring the property as nullable. [C:\Users\HP\Downloads\Medical\Medical_Affiliation\Medical_Affiliation.csproj]
C:\Users\HP\Downloads\Medical\Medical_Affiliation\Models\SaveFacultyDto.cs(10,23): warning CS8618: Non-nullable property 'Dob' must contain a non-null value when exiting constructor. Consider adding the 'required' modifier or declaring the property as nullable. [C:\Users\HP\Downloads\Medical\Medical_Affiliation\Medical_Affiliation.csproj]
C:\Users\HP\Downloads\Medical\Medical_Affiliation\Models\SaveFacultyDto.cs(11,23): warning CS8618: Non-nullable property 'DateOfAppointment' must contain a non-null value when exiting constructor. Consider adding the 'required' modifier or declaring the property as nullable. [C:\Users\HP\Downloads\Medical\Medical_Affiliation\Medical_Affiliation.csproj]
C:\Users\HP\Downloads\Medical\Medical_Affiliation\Models\SaveFacultyDto.cs(14,23): warning CS8618: Non-nullable property 'MobileNo' must contain a non-null value when exiting constructor. Consider adding the 'required' modifier or declaring the property as nullable. [C:\Users\HP\Downloads\Medical\Medical_Affiliation\Medical_Affiliation.csproj]
C:\Users\HP\Downloads\Medical\Medical_Affiliation\Models\SaveFacultyDto.cs(15,23): warning CS8618: Non-nullable property 'PanNo' must contain a non-null value when exiting constructor. Consider adding the 'required' modifier or declaring the property as nullable. [C:\Users\HP\Downloads\Medical\Medical_Affiliation\Medical_Affiliation.csproj]
C:\Users\HP\Downloads\Medical\Medical_Affiliation\Models\SaveFacultyDto.cs(17,23): warning CS8618: Non-nullable property 'StateCouncilRegNo' must contain a non-null value when exiting constructor. Consider adding the 'required' modifier or declaring the property as nullable. [C:\Users\HP\Downloads\Medical\Medical_Affiliation\Medical_Affiliation.csproj]
C:\Users\HP\Downloads\Medical\Medical_Affiliation\Models\SaveFacultyDto.cs(19,23): warning CS8618: Non-nullable property 'AEBASAttendId' must contain a non-null value when exiting constructor. Consider adding the 'required' modifier or declaring the property as nullable. [C:\Users\HP\Downloads\Medical\Medical_Affiliation\Medical_Affiliation.csproj]
C:\Users\HP\Downloads\Medical\Medical_Affiliation\Models\SaveFacultyDto.cs(20,23): warning CS8618: Non-nullable property 'ProfessionalQualification' must contain a non-null value when exiting constructor. Consider adding the 'required' modifier or declaring the property as nullable. [C:\Users\HP\Downloads\Medical\Medical_Affiliation\Medical_Affiliation.csproj]
C:\Users\HP\Downloads\Medical\Medical_Affiliation\Models\SaveFacultyDto.cs(21,23): warning CS8618: Non-nullable property 'NatureOfEmployment' must contain a non-null value when exiting constructor. Consider adding the 'required' modifier or declaring the property as nullable. [C:\Users\HP\Downloads\Medical\Medical_Affiliation\Medical_Affiliation.csproj]
C:\Users\HP\Downloads\Medical\Medical_Affiliation\Models\SaveFacultyDto.cs(22,23): warning CS8618: Non-nullable property 'TeachingExpInYrs' must contain a non-null value when exiting constructor. Consider adding the 'required' modifier or declaring the property as nullable. [C:\Users\HP\Downloads\Medical\Medical_Affiliation\Medical_Affiliation.csproj]
C:\Users\HP\Downloads\Medical\Medical_Affiliation\Models\SaveFacultyDto.cs(23,23): warning CS8618: Non-nullable property 'PhotoFilePath' must contain a non-null value when exiting constructor. Consider adding the 'required' modifier or declaring the property as nullable. [C:\Users\HP\Downloads\Medical\Medical_Affiliation\Medical_Affiliation.csproj]
C:\Users\HP\Downloads\Medical\Medical_Affiliation\Models\RecentClaimViewModel.cs(5,23): warning CS8618: Non-nullable property 'MemberName' must contain a non-null value when exiting constructor. Consider adding the 'required' modifier or declaring the property as nullable. [C:\Users\HP\Downloads\Medical\Medical_Affiliation\Medical_Affiliation.csproj]
C:\Users\HP\Downloads\Medical\Medical_Affiliation\Models\RecentClaimViewModel.cs(6,23): warning CS8618: Non-nullable property 'CollegeCode' must contain a non-null value when exiting constructor. Consider adding the 'required' modifier or declaring the property as nullable. [C:\Users\HP\Downloads\Medical\Medical_Affiliation\Medical_Affiliation.csproj]
C:\Users\HP\Downloads\Medical\Medical_Affiliation\Models\RecentClaimViewModel.cs(7,23): warning CS8618: Non-nullable property 'ModeOfTravel' must contain a non-null value when exiting constructor. Consider adding the 'required' modifier or declaring the property as nullable. [C:\Users\HP\Downloads\Medical\Medical_Affiliation\Medical_Affiliation.csproj]
C:\Users\HP\Downloads\Medical\Medical_Affiliation\Models\RecentClaimViewModel.cs(10,23): warning CS8618: Non-nullable property 'ApprovalStatus' must contain a non-null value when exiting constructor. Consider adding the 'required' modifier or declaring the property as nullable. [C:\Users\HP\Downloads\Medical\Medical_Affiliation\Medical_Affiliation.csproj]
C:\Users\HP\Downloads\Medical\Medical_Affiliation\Models\RecentClaimViewModel.cs(11,23): warning CS8618: Non-nullable property 'Remarks' must contain a non-null value when exiting constructor. Consider adding the 'required' modifier or declaring the property as nullable. [C:\Users\HP\Downloads\Medical\Medical_Affiliation\Medical_Affiliation.csproj]
C:\Users\HP\Downloads\Medical\Medical_Affiliation\Models\RecentClaimViewModel.cs(12,23): warning CS8618: Non-nullable property 'ApprovedBy' must contain a non-null value when exiting constructor. Consider adding the 'required' modifier or declaring the property as nullable. [C:\Users\HP\Downloads\Medical\Medical_Affiliation\Medical_Affiliation.csproj]
C:\Users\HP\Downloads\Medical\Medical_Affiliation\Models\PrincipalDeclarationModel.cs(5,23): warning CS8618: Non-nullable property 'PrincipalName' must contain a non-null value when exiting constructor. Consider adding the 'required' modifier or declaring the property as nullable. [C:\Users\HP\Downloads\Medical\Medical_Affiliation\Medical_Affiliation.csproj]
C:\Users\HP\Downloads\Medical\Medical_Affiliation\Models\PrincipalDeclarationModel.cs(6,23): warning CS8618: Non-nullable property 'IsDeclared' must contain a non-null value when exiting constructor. Consider adding the 'required' modifier or declaring the property as nullable. [C:\Users\HP\Downloads\Medical\Medical_Affiliation\Medical_Affiliation.csproj]
C:\Users\HP\Downloads\Medical\Medical_Affiliation\Models\Nursing_YearwiseMaterialsDataViewModel.cs(84,23): warning CS8618: Non-nullable property 'Year1' must contain a non-null value when exiting constructor. Consider adding the 'required' modifier or declaring the property as nullable. [C:\Users\HP\Downloads\Medical\Medical_Affiliation\Medical_Affiliation.csproj]
C:\Users\HP\Downloads\Medical\Medical_Affiliation\Models\Nursing_YearwiseMaterialsDataViewModel.cs(85,23): warning CS8618: Non-nullable property 'Year2' must contain a non-null value when exiting constructor. Consider adding the 'required' modifier or declaring the property as nullable. [C:\Users\HP\Downloads\Medical\Medical_Affiliation\Medical_Affiliation.csproj]
C:\Users\HP\Downloads\Medical\Medical_Affiliation\Models\Nursing_YearwiseMaterialsDataViewModel.cs(86,23): warning CS8618: Non-nullable property 'Year3' must contain a non-null value when exiting constructor. Consider adding the 'required' modifier or declaring the property as nullable. [C:\Users\HP\Downloads\Medical\Medical_Affiliation\Medical_Affiliation.csproj]
C:\Users\HP\Downloads\Medical\Medical_Affiliation\Services\Faculty\CAHospitalAffiliationService.cs(86,35): warning CS8714: The type 'string?' cannot be used as type parameter 'TKey' in the generic type or method 'Enumerable.ToDictionary<TSource, TKey, TElement>(IEnumerable<TSource>, Func<TSource, TKey>, Func<TSource, TElement>)'. Nullability of type argument 'string?' doesn't match 'notnull' constraint. [C:\Users\HP\Downloads\Medical\Medical_Affiliation\Medical_Affiliation.csproj]
C:\Users\HP\Downloads\Medical\Medical_Affiliation\Services\Faculty\CAHospitalAffiliationService.cs(86,87): warning CS8621: Nullability of reference types in return type of 'lambda expression' doesn't match the target delegate 'Func<IGrouping<string?, HospitalDetailsForAffiliation>, string?>' (possibly because of nullability attributes). [C:\Users\HP\Downloads\Medical\Medical_Affiliation\Medical_Affiliation.csproj]
C:\Users\HP\Downloads\Medical\Medical_Affiliation\Services\Faculty\CAHospitalAffiliationService.cs(116,36): warning CS8601: Possible null reference assignment. [C:\Users\HP\Downloads\Medical\Medical_Affiliation\Medical_Affiliation.csproj]
C:\Users\HP\Downloads\Medical\Medical_Affiliation\Services\Faculty\CAHospitalAffiliationService.cs(117,36): warning CS8601: Possible null reference assignment. [C:\Users\HP\Downloads\Medical\Medical_Affiliation\Medical_Affiliation.csproj]
C:\Users\HP\Downloads\Medical\Medical_Affiliation\Services\Faculty\CAHospitalAffiliationService.cs(118,39): warning CS8601: Possible null reference assignment. [C:\Users\HP\Downloads\Medical\Medical_Affiliation\Medical_Affiliation.csproj]
C:\Users\HP\Downloads\Medical\Medical_Affiliation\Services\Faculty\CAHospitalAffiliationService.cs(119,33): warning CS8601: Possible null reference assignment. [C:\Users\HP\Downloads\Medical\Medical_Affiliation\Medical_Affiliation.csproj]
C:\Users\HP\Downloads\Medical\Medical_Affiliation\Services\Faculty\CAHospitalAffiliationService.cs(120,36): warning CS8601: Possible null reference assignment. [C:\Users\HP\Downloads\Medical\Medical_Affiliation\Medical_Affiliation.csproj]
C:\Users\HP\Downloads\Medical\Medical_Affiliation\Services\Faculty\CAHospitalAffiliationService.cs(121,33): warning CS8601: Possible null reference assignment. [C:\Users\HP\Downloads\Medical\Medical_Affiliation\Medical_Affiliation.csproj]
C:\Users\HP\Downloads\Medical\Medical_Affiliation\Services\Faculty\CAHospitalAffiliationService.cs(122,32): warning CS8601: Possible null reference assignment. [C:\Users\HP\Downloads\Medical\Medical_Affiliation\Medical_Affiliation.csproj]
C:\Users\HP\Downloads\Medical\Medical_Affiliation\Models\Nursing_YearwiseMaterialsDataViewModel.cs(66,23): warning CS8618: Non-nullable property 'HospitalType' must contain a non-null value when exiting constructor. Consider adding the 'required' modifier or declaring the property as nullable. [C:\Users\HP\Downloads\Medical\Medical_Affiliation\Medical_Affiliation.csproj]
C:\Users\HP\Downloads\Medical\Medical_Affiliation\Models\Nursing_YearwiseMaterialsDataViewModel.cs(67,23): warning CS8618: Non-nullable property 'ParentHospitalName' must contain a non-null value when exiting constructor. Consider adding the 'required' modifier or declaring the property as nullable. [C:\Users\HP\Downloads\Medical\Medical_Affiliation\Medical_Affiliation.csproj]
C:\Users\HP\Downloads\Medical\Medical_Affiliation\Models\Nursing_YearwiseMaterialsDataViewModel.cs(68,23): warning CS8618: Non-nullable property 'ParentHospitalAddress' must contain a non-null value when exiting constructor. Consider adding the 'required' modifier or declaring the property as nullable. [C:\Users\HP\Downloads\Medical\Medical_Affiliation\Medical_Affiliation.csproj]
C:\Users\HP\Downloads\Medical\Medical_Affiliation\Models\Nursing_YearwiseMaterialsDataViewModel.cs(69,23): warning CS8618: Non-nullable property 'Kpmebeds' must contain a non-null value when exiting constructor. Consider adding the 'required' modifier or declaring the property as nullable. [C:\Users\HP\Downloads\Medical\Medical_Affiliation\Medical_Affiliation.csproj]
C:\Users\HP\Downloads\Medical\Medical_Affiliation\Models\Nursing_YearwiseMaterialsDataViewModel.cs(70,23): warning CS8618: Non-nullable property 'PostBasicBeds' must contain a non-null value when exiting constructor. Consider adding the 'required' modifier or declaring the property as nullable. [C:\Users\HP\Downloads\Medical\Medical_Affiliation\Medical_Affiliation.csproj]
C:\Users\HP\Downloads\Medical\Medical_Affiliation\Models\Nursing_YearwiseMaterialsDataViewModel.cs(71,23): warning CS8618: Non-nullable property 'TotalBeds' must contain a non-null value when exiting constructor. Consider adding the 'required' modifier or declaring the property as nullable. [C:\Users\HP\Downloads\Medical\Medical_Affiliation\Medical_Affiliation.csproj]
C:\Users\HP\Downloads\Medical\Medical_Affiliation\Models\Nursing_YearwiseMaterialsDataViewModel.cs(72,23): warning CS8618: Non-nullable property 'HospitalOwnerName' must contain a non-null value when exiting constructor. Consider adding the 'required' modifier or declaring the property as nullable. [C:\Users\HP\Downloads\Medical\Medical_Affiliation\Medical_Affiliation.csproj]
C:\Users\HP\Downloads\Medical\Medical_Affiliation\Models\Nursing_YearwiseMaterialsDataViewModel.cs(77,51): warning CS8618: Non-nullable property 'Parameters' must contain a non-null value when exiting constructor. Consider adding the 'required' modifier or declaring the property as nullable. [C:\Users\HP\Downloads\Medical\Medical_Affiliation\Medical_Affiliation.csproj]
C:\Users\HP\Downloads\Medical\Medical_Affiliation\Models\Nursing_YearwiseMaterialsDataViewModel.cs(8,23): warning CS8618: Non-nullable property 'CollegeCode' must contain a non-null value when exiting constructor. Consider adding the 'required' modifier or declaring the property as nullable. [C:\Users\HP\Downloads\Medical\Medical_Affiliation\Medical_Affiliation.csproj]
C:\Users\HP\Downloads\Medical\Medical_Affiliation\Models\Nursing_YearwiseMaterialsDataViewModel.cs(9,23): warning CS8618: Non-nullable property 'FacultyCode' must contain a non-null value when exiting constructor. Consider adding the 'required' modifier or declaring the property as nullable. [C:\Users\HP\Downloads\Medical\Medical_Affiliation\Medical_Affiliation.csproj]
C:\Users\HP\Downloads\Medical\Medical_Affiliation\Models\Nursing_YearwiseMaterialsDataViewModel.cs(11,23): warning CS8618: Non-nullable property 'ParametersName' must contain a non-null value when exiting constructor. Consider adding the 'required' modifier or declaring the property as nullable. [C:\Users\HP\Downloads\Medical\Medical_Affiliation\Medical_Affiliation.csproj]
C:\Users\HP\Downloads\Medical\Medical_Affiliation\Models\Nursing_YearwiseMaterialsDataViewModel.cs(12,23): warning CS8618: Non-nullable property 'HospitalType' must contain a non-null value when exiting constructor. Consider adding the 'required' modifier or declaring the property as nullable. [C:\Users\HP\Downloads\Medical\Medical_Affiliation\Medical_Affiliation.csproj]
C:\Users\HP\Downloads\Medical\Medical_Affiliation\Models\Nursing_YearwiseMaterialsDataViewModel.cs(13,23): warning CS8618: Non-nullable property 'Year1' must contain a non-null value when exiting constructor. Consider adding the 'required' modifier or declaring the property as nullable. [C:\Users\HP\Downloads\Medical\Medical_Affiliation\Medical_Affiliation.csproj]
C:\Users\HP\Downloads\Medical\Medical_Affiliation\Models\Nursing_YearwiseMaterialsDataViewModel.cs(14,23): warning CS8618: Non-nullable property 'Year2' must contain a non-null value when exiting constructor. Consider adding the 'required' modifier or declaring the property as nullable. [C:\Users\HP\Downloads\Medical\Medical_Affiliation\Medical_Affiliation.csproj]
C:\Users\HP\Downloads\Medical\Medical_Affiliation\Models\Nursing_YearwiseMaterialsDataViewModel.cs(15,23): warning CS8618: Non-nullable property 'Year3' must contain a non-null value when exiting constructor. Consider adding the 'required' modifier or declaring the property as nullable. [C:\Users\HP\Downloads\Medical\Medical_Affiliation\Medical_Affiliation.csproj]
C:\Users\HP\Downloads\Medical\Medical_Affiliation\Models\Nursing_YearwiseMaterialsDataViewModel.cs(28,26): warning CS8618: Non-nullable property 'ParentHospitalOwnerNameDocFile' must contain a non-null value when exiting constructor. Consider adding the 'required' modifier or declaring the property as nullable. [C:\Users\HP\Downloads\Medical\Medical_Affiliation\Medical_Affiliation.csproj]
C:\Users\HP\Downloads\Medical\Medical_Affiliation\Models\Nursing_YearwiseMaterialsDataViewModel.cs(29,26): warning CS8618: Non-nullable property 'ParentHospitalKpmebedsDocFile' must contain a non-null value when exiting constructor. Consider adding the 'required' modifier or declaring the property as nullable. [C:\Users\HP\Downloads\Medical\Medical_Affiliation\Medical_Affiliation.csproj]
C:\Users\HP\Downloads\Medical\Medical_Affiliation\Models\Nursing_YearwiseMaterialsDataViewModel.cs(41,48): warning CS8618: Non-nullable property 'YearwiseMaterials' must contain a non-null value when exiting constructor. Consider adding the 'required' modifier or declaring the property as nullable. [C:\Users\HP\Downloads\Medical\Medical_Affiliation\Medical_Affiliation.csproj]
C:\Users\HP\Downloads\Medical\Medical_Affiliation\Models\Nursing_YearwiseMaterialsDataViewModel.cs(42,23): warning CS8618: Non-nullable property 'ParentHospitalMoudocAvailable' must contain a non-null value when exiting constructor. Consider adding the 'required' modifier or declaring the property as nullable. [C:\Users\HP\Downloads\Medical\Medical_Affiliation\Medical_Affiliation.csproj]
C:\Users\HP\Downloads\Medical\Medical_Affiliation\Models\Nursing_YearwiseMaterialsDataViewModel.cs(43,23): warning CS8618: Non-nullable property 'ParentHospitalOwnerNameDocAvailable' must contain a non-null value when exiting constructor. Consider adding the 'required' modifier or declaring the property as nullable. [C:\Users\HP\Downloads\Medical\Medical_Affiliation\Medical_Affiliation.csproj]
C:\Users\HP\Downloads\Medical\Medical_Affiliation\Models\Nursing_YearwiseMaterialsDataViewModel.cs(44,23): warning CS8618: Non-nullable property 'ParentHospitalKpmebedsDocAvailable' must contain a non-null value when exiting constructor. Consider adding the 'required' modifier or declaring the property as nullable. [C:\Users\HP\Downloads\Medical\Medical_Affiliation\Medical_Affiliation.csproj]
C:\Users\HP\Downloads\Medical\Medical_Affiliation\Models\Nursing_YearwiseMaterialsDataViewModel.cs(45,23): warning CS8618: Non-nullable property 'ParentHospitalPostBasicDocAvailable' must contain a non-null value when exiting constructor. Consider adding the 'required' modifier or declaring the property as nullable. [C:\Users\HP\Downloads\Medical\Medical_Affiliation\Medical_Affiliation.csproj]
C:\Users\HP\Downloads\Medical\Medical_Affiliation\Models\NursingFacultyViewModel.cs(9,23): warning CS8618: Non-nullable property 'TeachingFacultyName' must contain a non-null value when exiting constructor. Consider adding the 'required' modifier or declaring the property as nullable. [C:\Users\HP\Downloads\Medical\Medical_Affiliation\Medical_Affiliation.csproj]
C:\Users\HP\Downloads\Medical\Medical_Affiliation\Models\NursingFacultyViewModel.cs(10,23): warning CS8618: Non-nullable property 'Designation' must contain a non-null value when exiting constructor. Consider adding the 'required' modifier or declaring the property as nullable. [C:\Users\HP\Downloads\Medical\Medical_Affiliation\Medical_Affiliation.csproj]
C:\Users\HP\Downloads\Medical\Medical_Affiliation\Models\NursingFacultyViewModel.cs(11,23): warning CS8618: Non-nullable property 'AadhaarNumber' must contain a non-null value when exiting constructor. Consider adding the 'required' modifier or declaring the property as nullable. [C:\Users\HP\Downloads\Medical\Medical_Affiliation\Medical_Affiliation.csproj]
C:\Users\HP\Downloads\Medical\Medical_Affiliation\Models\NursingFacultyViewModel.cs(12,23): warning CS8618: Non-nullable property 'PANNumber' must contain a non-null value when exiting constructor. Consider adding the 'required' modifier or declaring the property as nullable. [C:\Users\HP\Downloads\Medical\Medical_Affiliation\Medical_Affiliation.csproj]
C:\Users\HP\Downloads\Medical\Medical_Affiliation\Models\NursingFacultyViewModel.cs(15,23): warning CS8618: Non-nullable property 'Subject' must contain a non-null value when exiting constructor. Consider adding the 'required' modifier or declaring the property as nullable. [C:\Users\HP\Downloads\Medical\Medical_Affiliation\Medical_Affiliation.csproj]
C:\Users\HP\Downloads\Medical\Medical_Affiliation\Models\NursingFacultyViewModel.cs(16,23): warning CS8618: Non-nullable property 'Mobile' must contain a non-null value when exiting constructor. Consider adding the 'required' modifier or declaring the property as nullable. [C:\Users\HP\Downloads\Medical\Medical_Affiliation\Medical_Affiliation.csproj]
C:\Users\HP\Downloads\Medical\Medical_Affiliation\Models\NursingFacultyViewModel.cs(17,23): warning CS8618: Non-nullable property 'Email' must contain a non-null value when exiting constructor. Consider adding the 'required' modifier or declaring the property as nullable. [C:\Users\HP\Downloads\Medical\Medical_Affiliation\Medical_Affiliation.csproj]
C:\Users\HP\Downloads\Medical\Medical_Affiliation\Controllers\LoginController.cs(709,52): warning CS8600: Converting null literal or possible null value to non-nullable type. [C:\Users\HP\Downloads\Medical\Medical_Affiliation\Medical_Affiliation.csproj]
C:\Users\HP\Downloads\Medical\Medical_Affiliation\Controllers\LoginController.cs(714,37): warning CS8600: Converting null literal or possible null value to non-nullable type. [C:\Users\HP\Downloads\Medical\Medical_Affiliation\Medical_Affiliation.csproj]
C:\Users\HP\Downloads\Medical\Medical_Affiliation\Controllers\LoginController.cs(720,53): warning CS8602: Dereference of a possibly null reference. [C:\Users\HP\Downloads\Medical\Medical_Affiliation\Medical_Affiliation.csproj]
C:\Users\HP\Downloads\Medical\Medical_Affiliation\Controllers\LoginController.cs(723,58): warning CS8602: Dereference of a possibly null reference. [C:\Users\HP\Downloads\Medical\Medical_Affiliation\Medical_Affiliation.csproj]
C:\Users\HP\Downloads\Medical\Medical_Affiliation\Controllers\LoginController.cs(724,53): warning CS8602: Dereference of a possibly null reference. [C:\Users\HP\Downloads\Medical\Medical_Affiliation\Medical_Affiliation.csproj]
C:\Users\HP\Downloads\Medical\Medical_Affiliation\Controllers\LoginController.cs(725,49): warning CS8602: Dereference of a possibly null reference. [C:\Users\HP\Downloads\Medical\Medical_Affiliation\Medical_Affiliation.csproj]
C:\Users\HP\Downloads\Medical\Medical_Affiliation\Controllers\LoginController.cs(735,39): warning CS8602: Dereference of a possibly null reference. [C:\Users\HP\Downloads\Medical\Medical_Affiliation\Medical_Affiliation.csproj]
C:\Users\HP\Downloads\Medical\Medical_Affiliation\Controllers\LoginController.cs(737,39): warning CS8602: Dereference of a possibly null reference. [C:\Users\HP\Downloads\Medical\Medical_Affiliation\Medical_Affiliation.csproj]
C:\Users\HP\Downloads\Medical\Medical_Affiliation\Controllers\LoginController.cs(738,44): warning CS8602: Dereference of a possibly null reference. [C:\Users\HP\Downloads\Medical\Medical_Affiliation\Medical_Affiliation.csproj]
C:\Users\HP\Downloads\Medical\Medical_Affiliation\Controllers\LoginController.cs(739,39): warning CS8602: Dereference of a possibly null reference. [C:\Users\HP\Downloads\Medical\Medical_Affiliation\Medical_Affiliation.csproj]
C:\Users\HP\Downloads\Medical\Medical_Affiliation\Controllers\LoginController.cs(740,35): warning CS8602: Dereference of a possibly null reference. [C:\Users\HP\Downloads\Medical\Medical_Affiliation\Medical_Affiliation.csproj]
C:\Users\HP\Downloads\Medical\Medical_Affiliation\Controllers\LoginController.cs(750,113): warning CS8602: Dereference of a possibly null reference. [C:\Users\HP\Downloads\Medical\Medical_Affiliation\Medical_Affiliation.csproj]
C:\Users\HP\Downloads\Medical\Medical_Affiliation\Controllers\LoginController.cs(758,42): warning CS8602: Dereference of a possibly null reference. [C:\Users\HP\Downloads\Medical\Medical_Affiliation\Medical_Affiliation.csproj]
C:\Users\HP\Downloads\Medical\Medical_Affiliation\Controllers\LoginController.cs(760,44): warning CS8601: Possible null reference assignment. [C:\Users\HP\Downloads\Medical\Medical_Affiliation\Medical_Affiliation.csproj]
C:\Users\HP\Downloads\Medical\Medical_Affiliation\Controllers\LoginController.cs(765,85): warning CS8604: Possible null reference argument for parameter 'item' in 'bool List<string>.Contains(string item)'. [C:\Users\HP\Downloads\Medical\Medical_Affiliation\Medical_Affiliation.csproj]
C:\Users\HP\Downloads\Medical\Medical_Affiliation\Controllers\AffiliationPgCourseController.cs(370,34): warning CS8601: Possible null reference assignment. [C:\Users\HP\Downloads\Medical\Medical_Affiliation\Medical_Affiliation.csproj]
C:\Users\HP\Downloads\Medical\Medical_Affiliation\Models\NodalOfficerDetailViewModel.cs(59,23): warning CS8618: Non-nullable property 'UpdatedPassword' must contain a non-null value when exiting constructor. Consider adding the 'required' modifier or declaring the property as nullable. [C:\Users\HP\Downloads\Medical\Medical_Affiliation\Medical_Affiliation.csproj]
C:\Users\HP\Downloads\Medical\Medical_Affiliation\Models\NodalOfficerEditViewModel.cs(6,23): warning CS8618: Non-nullable property 'NodalOfficerName' must contain a non-null value when exiting constructor. Consider adding the 'required' modifier or declaring the property as nullable. [C:\Users\HP\Downloads\Medical\Medical_Affiliation\Medical_Affiliation.csproj]
C:\Users\HP\Downloads\Medical\Medical_Affiliation\Models\NodalOfficerEditViewModel.cs(7,23): warning CS8618: Non-nullable property 'PhoneNumber' must contain a non-null value when exiting constructor. Consider adding the 'required' modifier or declaring the property as nullable. [C:\Users\HP\Downloads\Medical\Medical_Affiliation\Medical_Affiliation.csproj]
C:\Users\HP\Downloads\Medical\Medical_Affiliation\Models\NodalOfficerEditViewModel.cs(8,23): warning CS8618: Non-nullable property 'EmailId' must contain a non-null value when exiting constructor. Consider adding the 'required' modifier or declaring the property as nullable. [C:\Users\HP\Downloads\Medical\Medical_Affiliation\Medical_Affiliation.csproj]
C:\Users\HP\Downloads\Medical\Medical_Affiliation\Models\NodalOfficerEditViewModel.cs(10,50): warning CS8618: Non-nullable property 'InitiativeList' must contain a non-null value when exiting constructor. Consider adding the 'required' modifier or declaring the property as nullable. [C:\Users\HP\Downloads\Medical\Medical_Affiliation\Medical_Affiliation.csproj]
C:\Users\HP\Downloads\Medical\Medical_Affiliation\Models\NodalOfficerDetailViewModel.cs(46,23): warning CS8618: Non-nullable property 'Id' must contain a non-null value when exiting constructor. Consider adding the 'required' modifier or declaring the property as nullable. [C:\Users\HP\Downloads\Medical\Medical_Affiliation\Medical_Affiliation.csproj]
C:\Users\HP\Downloads\Medical\Medical_Affiliation\Models\NodalOfficerDetailViewModel.cs(47,23): warning CS8618: Non-nullable property 'Name' must contain a non-null value when exiting constructor. Consider adding the 'required' modifier or declaring the property as nullable. [C:\Users\HP\Downloads\Medical\Medical_Affiliation\Medical_Affiliation.csproj]
C:\Users\HP\Downloads\Medical\Medical_Affiliation\Models\NodalOfficerDetailViewModel.cs(51,23): warning CS8618: Non-nullable property 'DebugInfo' must contain a non-null value when exiting constructor. Consider adding the 'required' modifier or declaring the property as nullable. [C:\Users\HP\Downloads\Medical\Medical_Affiliation\Medical_Affiliation.csproj]
C:\Users\HP\Downloads\Medical\Medical_Affiliation\Models\NodalOfficerDetailViewModel.cs(8,50): warning CS8618: Non-nullable property 'NodalOfficerDetail' must contain a non-null value when exiting constructor. Consider adding the 'required' modifier or declaring the property as nullable. [C:\Users\HP\Downloads\Medical\Medical_Affiliation\Medical_Affiliation.csproj]
C:\Users\HP\Downloads\Medical\Medical_Affiliation\Models\NodalOfficerDetailViewModel.cs(9,44): warning CS8618: Non-nullable property 'NewOfficer' must contain a non-null value when exiting constructor. Consider adding the 'required' modifier or declaring the property as nullable. [C:\Users\HP\Downloads\Medical\Medical_Affiliation\Medical_Affiliation.csproj]
C:\Users\HP\Downloads\Medical\Medical_Affiliation\Models\NodalOfficerDetailViewModel.cs(10,39): warning CS8618: Non-nullable property 'MasterInitiatives' must contain a non-null value when exiting constructor. Consider adding the 'required' modifier or declaring the property as nullable. [C:\Users\HP\Downloads\Medical\Medical_Affiliation\Medical_Affiliation.csproj]
C:\Users\HP\Downloads\Medical\Medical_Affiliation\Models\NodalOfficerDetailViewModel.cs(12,39): warning CS8618: Non-nullable property 'FreeInitiatives' must contain a non-null value when exiting constructor. Consider adding the 'required' modifier or declaring the property as nullable. [C:\Users\HP\Downloads\Medical\Medical_Affiliation\Medical_Affiliation.csproj]
C:\Users\HP\Downloads\Medical\Medical_Affiliation\Models\NodalOfficerDetailViewModel.cs(38,23): warning CS8618: Non-nullable property 'DeclarationAccepted' must contain a non-null value when exiting constructor. Consider adding the 'required' modifier or declaring the property as nullable. [C:\Users\HP\Downloads\Medical\Medical_Affiliation\Medical_Affiliation.csproj]
C:\Users\HP\Downloads\Medical\Medical_Affiliation\Models\NodalOfficerDetailViewModel.cs(39,37): warning CS8618: Non-nullable property 'FacultyList' must contain a non-null value when exiting constructor. Consider adding the 'required' modifier or declaring the property as nullable. [C:\Users\HP\Downloads\Medical\Medical_Affiliation\Medical_Affiliation.csproj]
C:\Users\HP\Downloads\Medical\Medical_Affiliation\Models\NodalOfficerDetailViewModel.cs(40,37): warning CS8618: Non-nullable property 'CollegeList' must contain a non-null value when exiting constructor. Consider adding the 'required' modifier or declaring the property as nullable. [C:\Users\HP\Downloads\Medical\Medical_Affiliation\Medical_Affiliation.csproj]
C:\Users\HP\Downloads\Medical\Medical_Affiliation\Models\NodalOfficerDetailViewModel.cs(41,50): warning CS8618: Non-nullable property 'InitiativeList' must contain a non-null value when exiting constructor. Consider adding the 'required' modifier or declaring the property as nullable. [C:\Users\HP\Downloads\Medical\Medical_Affiliation\Medical_Affiliation.csproj]
C:\Users\HP\Downloads\Medical\Medical_Affiliation\Models\NodalOfficerAdminViewModel.cs(93,23): warning CS8618: Non-nullable property 'SelectedFaculty' must contain a non-null value when exiting constructor. Consider adding the 'required' modifier or declaring the property as nullable. [C:\Users\HP\Downloads\Medical\Medical_Affiliation\Medical_Affiliation.csproj]
C:\Users\HP\Downloads\Medical\Medical_Affiliation\Models\NodalOfficerAdminViewModel.cs(94,23): warning CS8618: Non-nullable property 'SelectedCollege' must contain a non-null value when exiting constructor. Consider adding the 'required' modifier or declaring the property as nullable. [C:\Users\HP\Downloads\Medical\Medical_Affiliation\Medical_Affiliation.csproj]
C:\Users\HP\Downloads\Medical\Medical_Affiliation\Models\NodalOfficerAdminViewModel.cs(79,23): warning CS8618: Non-nullable property 'CollegeCode' must contain a non-null value when exiting constructor. Consider adding the 'required' modifier or declaring the property as nullable. [C:\Users\HP\Downloads\Medical\Medical_Affiliation\Medical_Affiliation.csproj]
C:\Users\HP\Downloads\Medical\Medical_Affiliation\Models\NodalOfficerAdminViewModel.cs(81,23): warning CS8618: Non-nullable property 'CollegeName' must contain a non-null value when exiting constructor. Consider adding the 'required' modifier or declaring the property as nullable. [C:\Users\HP\Downloads\Medical\Medical_Affiliation\Medical_Affiliation.csproj]
C:\Users\HP\Downloads\Medical\Medical_Affiliation\Models\NodalOfficerAdminViewModel.cs(82,23): warning CS8618: Non-nullable property 'NodalOfficerName' must contain a non-null value when exiting constructor. Consider adding the 'required' modifier or declaring the property as nullable. [C:\Users\HP\Downloads\Medical\Medical_Affiliation\Medical_Affiliation.csproj]
C:\Users\HP\Downloads\Medical\Medical_Affiliation\Models\NodalOfficerAdminViewModel.cs(83,23): warning CS8618: Non-nullable property 'PhoneNumber' must contain a non-null value when exiting constructor. Consider adding the 'required' modifier or declaring the property as nullable. [C:\Users\HP\Downloads\Medical\Medical_Affiliation\Medical_Affiliation.csproj]
C:\Users\HP\Downloads\Medical\Medical_Affiliation\Models\NodalOfficerAdminViewModel.cs(84,23): warning CS8618: Non-nullable property 'EmailId' must contain a non-null value when exiting constructor. Consider adding the 'required' modifier or declaring the property as nullable. [C:\Users\HP\Downloads\Medical\Medical_Affiliation\Medical_Affiliation.csproj]
C:\Users\HP\Downloads\Medical\Medical_Affiliation\Models\NodalOfficerAdminViewModel.cs(85,23): warning CS8618: Non-nullable property 'Initiative' must contain a non-null value when exiting constructor. Consider adding the 'required' modifier or declaring the property as nullable. [C:\Users\HP\Downloads\Medical\Medical_Affiliation\Medical_Affiliation.csproj]
C:\Users\HP\Downloads\Medical\Medical_Affiliation\Models\NodalOfficerAdminViewModel.cs(86,23): warning CS8618: Non-nullable property 'FacultyName' must contain a non-null value when exiting constructor. Consider adding the 'required' modifier or declaring the property as nullable. [C:\Users\HP\Downloads\Medical\Medical_Affiliation\Medical_Affiliation.csproj]
C:\Users\HP\Downloads\Medical\Medical_Affiliation\Services\Faculty\CALandClassEquipmentService.cs(108,35): warning CS8601: Possible null reference assignment. [C:\Users\HP\Downloads\Medical\Medical_Affiliation\Medical_Affiliation.csproj]
C:\Users\HP\Downloads\Medical\Medical_Affiliation\Models\NodalOfficerAdminViewModel.cs(50,23): warning CS8618: Non-nullable property 'CollegeName' must contain a non-null value when exiting constructor. Consider adding the 'required' modifier or declaring the property as nullable. [C:\Users\HP\Downloads\Medical\Medical_Affiliation\Medical_Affiliation.csproj]
C:\Users\HP\Downloads\Medical\Medical_Affiliation\Models\NodalOfficerAdminViewModel.cs(51,23): warning CS8618: Non-nullable property 'NodalOfficerName' must contain a non-null value when exiting constructor. Consider adding the 'required' modifier or declaring the property as nullable. [C:\Users\HP\Downloads\Medical\Medical_Affiliation\Medical_Affiliation.csproj]
C:\Users\HP\Downloads\Medical\Medical_Affiliation\Models\NodalOfficerAdminViewModel.cs(52,23): warning CS8618: Non-nullable property 'PhoneNumber' must contain a non-null value when exiting constructor. Consider adding the 'required' modifier or declaring the property as nullable. [C:\Users\HP\Downloads\Medical\Medical_Affiliation\Medical_Affiliation.csproj]
C:\Users\HP\Downloads\Medical\Medical_Affiliation\Models\NodalOfficerAdminViewModel.cs(53,23): warning CS8618: Non-nullable property 'EmailId' must contain a non-null value when exiting constructor. Consider adding the 'required' modifier or declaring the property as nullable. [C:\Users\HP\Downloads\Medical\Medical_Affiliation\Medical_Affiliation.csproj]
C:\Users\HP\Downloads\Medical\Medical_Affiliation\Models\NodalOfficerAdminViewModel.cs(54,23): warning CS8618: Non-nullable property 'Initiative' must contain a non-null value when exiting constructor. Consider adding the 'required' modifier or declaring the property as nullable. [C:\Users\HP\Downloads\Medical\Medical_Affiliation\Medical_Affiliation.csproj]
C:\Users\HP\Downloads\Medical\Medical_Affiliation\Models\NodalOfficerAdminViewModel.cs(55,23): warning CS8618: Non-nullable property 'FacultyName' must contain a non-null value when exiting constructor. Consider adding the 'required' modifier or declaring the property as nullable. [C:\Users\HP\Downloads\Medical\Medical_Affiliation\Medical_Affiliation.csproj]
C:\Users\HP\Downloads\Medical\Medical_Affiliation\Models\NodalOfficerAdminViewModel.cs(61,23): warning CS8618: Non-nullable property 'CollegeName' must contain a non-null value when exiting constructor. Consider adding the 'required' modifier or declaring the property as nullable. [C:\Users\HP\Downloads\Medical\Medical_Affiliation\Medical_Affiliation.csproj]
C:\Users\HP\Downloads\Medical\Medical_Affiliation\Models\NodalOfficerAdminViewModel.cs(62,23): warning CS8618: Non-nullable property 'Initiative' must contain a non-null value when exiting constructor. Consider adding the 'required' modifier or declaring the property as nullable. [C:\Users\HP\Downloads\Medical\Medical_Affiliation\Medical_Affiliation.csproj]
C:\Users\HP\Downloads\Medical\Medical_Affiliation\Models\NodalOfficerAdminViewModel.cs(63,23): warning CS8618: Non-nullable property 'NodalOfficerName' must contain a non-null value when exiting constructor. Consider adding the 'required' modifier or declaring the property as nullable. [C:\Users\HP\Downloads\Medical\Medical_Affiliation\Medical_Affiliation.csproj]
C:\Users\HP\Downloads\Medical\Medical_Affiliation\Models\NodalOfficerAdminViewModel.cs(64,23): warning CS8618: Non-nullable property 'PhoneNumber' must contain a non-null value when exiting constructor. Consider adding the 'required' modifier or declaring the property as nullable. [C:\Users\HP\Downloads\Medical\Medical_Affiliation\Medical_Affiliation.csproj]
C:\Users\HP\Downloads\Medical\Medical_Affiliation\Models\NodalOfficerAdminViewModel.cs(65,23): warning CS8618: Non-nullable property 'EmailId' must contain a non-null value when exiting constructor. Consider adding the 'required' modifier or declaring the property as nullable. [C:\Users\HP\Downloads\Medical\Medical_Affiliation\Medical_Affiliation.csproj]
C:\Users\HP\Downloads\Medical\Medical_Affiliation\Models\NodalOfficerAdminViewModel.cs(68,23): warning CS8618: Non-nullable property 'SelectedFacultyCode' must contain a non-null value when exiting constructor. Consider adding the 'required' modifier or declaring the property as nullable. [C:\Users\HP\Downloads\Medical\Medical_Affiliation\Medical_Affiliation.csproj]
C:\Users\HP\Downloads\Medical\Medical_Affiliation\Models\NodalOfficerAdminViewModel.cs(69,23): warning CS8618: Non-nullable property 'SelectedCollegeCode' must contain a non-null value when exiting constructor. Consider adding the 'required' modifier or declaring the property as nullable. [C:\Users\HP\Downloads\Medical\Medical_Affiliation\Medical_Affiliation.csproj]
C:\Users\HP\Downloads\Medical\Medical_Affiliation\Models\NodalOfficerAdminViewModel.cs(70,23): warning CS8618: Non-nullable property 'SelectedFaculty' must contain a non-null value when exiting constructor. Consider adding the 'required' modifier or declaring the property as nullable. [C:\Users\HP\Downloads\Medical\Medical_Affiliation\Medical_Affiliation.csproj]
C:\Users\HP\Downloads\Medical\Medical_Affiliation\Models\NodalOfficerAdminViewModel.cs(71,23): warning CS8618: Non-nullable property 'SelectedCollege' must contain a non-null value when exiting constructor. Consider adding the 'required' modifier or declaring the property as nullable. [C:\Users\HP\Downloads\Medical\Medical_Affiliation\Medical_Affiliation.csproj]
C:\Users\HP\Downloads\Medical\Medical_Affiliation\Models\NodalOfficerAdminViewModel.cs(72,37): warning CS8618: Non-nullable property 'Faculties' must contain a non-null value when exiting constructor. Consider adding the 'required' modifier or declaring the property as nullable. [C:\Users\HP\Downloads\Medical\Medical_Affiliation\Medical_Affiliation.csproj]
C:\Users\HP\Downloads\Medical\Medical_Affiliation\Models\NodalOfficerAdminViewModel.cs(73,37): warning CS8618: Non-nullable property 'Colleges' must contain a non-null value when exiting constructor. Consider adding the 'required' modifier or declaring the property as nullable. [C:\Users\HP\Downloads\Medical\Medical_Affiliation\Medical_Affiliation.csproj]
C:\Users\HP\Downloads\Medical\Medical_Affiliation\Models\NodalOfficerAdminViewModel.cs(75,44): warning CS8618: Non-nullable property 'NodalOfficerReport' must contain a non-null value when exiting constructor. Consider adding the 'required' modifier or declaring the property as nullable. [C:\Users\HP\Downloads\Medical\Medical_Affiliation\Medical_Affiliation.csproj]
C:\Users\HP\Downloads\Medical\Medical_Affiliation\Models\NodalOfficerAdminViewModel.cs(38,23): warning CS8618: Non-nullable property 'SelectedFaculty' must contain a non-null value when exiting constructor. Consider adding the 'required' modifier or declaring the property as nullable. [C:\Users\HP\Downloads\Medical\Medical_Affiliation\Medical_Affiliation.csproj]
C:\Users\HP\Downloads\Medical\Medical_Affiliation\Models\NodalOfficerAdminViewModel.cs(39,23): warning CS8618: Non-nullable property 'SelectedCollege' must contain a non-null value when exiting constructor. Consider adding the 'required' modifier or declaring the property as nullable. [C:\Users\HP\Downloads\Medical\Medical_Affiliation\Medical_Affiliation.csproj]
C:\Users\HP\Downloads\Medical\Medical_Affiliation\Models\NodalOfficerAdminViewModel.cs(43,23): warning CS8618: Non-nullable property 'SelectedInitiative' must contain a non-null value when exiting constructor. Consider adding the 'required' modifier or declaring the property as nullable. [C:\Users\HP\Downloads\Medical\Medical_Affiliation\Medical_Affiliation.csproj]
C:\Users\HP\Downloads\Medical\Medical_Affiliation\Models\NodalOfficerAdminViewModel.cs(27,23): warning CS8618: Non-nullable property 'Id' must contain a non-null value when exiting constructor. Consider adding the 'required' modifier or declaring the property as nullable. [C:\Users\HP\Downloads\Medical\Medical_Affiliation\Medical_Affiliation.csproj]
C:\Users\HP\Downloads\Medical\Medical_Affiliation\Models\NodalOfficerAdminViewModel.cs(28,23): warning CS8618: Non-nullable property 'Name' must contain a non-null value when exiting constructor. Consider adding the 'required' modifier or declaring the property as nullable. [C:\Users\HP\Downloads\Medical\Medical_Affiliation\Medical_Affiliation.csproj]
C:\Users\HP\Downloads\Medical\Medical_Affiliation\Models\NodalOfficerAdminViewModel.cs(10,23): warning CS8618: Non-nullable property 'FacultyCode' must contain a non-null value when exiting constructor. Consider adding the 'required' modifier or declaring the property as nullable. [C:\Users\HP\Downloads\Medical\Medical_Affiliation\Medical_Affiliation.csproj]
C:\Users\HP\Downloads\Medical\Medical_Affiliation\Models\NodalOfficerAdminViewModel.cs(11,23): warning CS8618: Non-nullable property 'FacultyName' must contain a non-null value when exiting constructor. Consider adding the 'required' modifier or declaring the property as nullable. [C:\Users\HP\Downloads\Medical\Medical_Affiliation\Medical_Affiliation.csproj]
C:\Users\HP\Downloads\Medical\Medical_Affiliation\Models\NodalOfficerAdminViewModel.cs(12,23): warning CS8618: Non-nullable property 'CollegeCode' must contain a non-null value when exiting constructor. Consider adding the 'required' modifier or declaring the property as nullable. [C:\Users\HP\Downloads\Medical\Medical_Affiliation\Medical_Affiliation.csproj]
C:\Users\HP\Downloads\Medical\Medical_Affiliation\Models\NodalOfficerAdminViewModel.cs(13,23): warning CS8618: Non-nullable property 'CollegeName' must contain a non-null value when exiting constructor. Consider adding the 'required' modifier or declaring the property as nullable. [C:\Users\HP\Downloads\Medical\Medical_Affiliation\Medical_Affiliation.csproj]
C:\Users\HP\Downloads\Medical\Medical_Affiliation\Models\NodalOfficerAdminViewModel.cs(14,23): warning CS8618: Non-nullable property 'NodalOfficerName' must contain a non-null value when exiting constructor. Consider adding the 'required' modifier or declaring the property as nullable. [C:\Users\HP\Downloads\Medical\Medical_Affiliation\Medical_Affiliation.csproj]
C:\Users\HP\Downloads\Medical\Medical_Affiliation\Models\NodalOfficerAdminViewModel.cs(15,23): warning CS8618: Non-nullable property 'PhoneNumber' must contain a non-null value when exiting constructor. Consider adding the 'required' modifier or declaring the property as nullable. [C:\Users\HP\Downloads\Medical\Medical_Affiliation\Medical_Affiliation.csproj]
C:\Users\HP\Downloads\Medical\Medical_Affiliation\Models\NodalOfficerAdminViewModel.cs(16,23): warning CS8618: Non-nullable property 'EmailId' must contain a non-null value when exiting constructor. Consider adding the 'required' modifier or declaring the property as nullable. [C:\Users\HP\Downloads\Medical\Medical_Affiliation\Medical_Affiliation.csproj]
C:\Users\HP\Downloads\Medical\Medical_Affiliation\Controllers\LoginController.cs(838,48): warning CS8601: Possible null reference assignment. [C:\Users\HP\Downloads\Medical\Medical_Affiliation\Medical_Affiliation.csproj]
C:\Users\HP\Downloads\Medical\Medical_Affiliation\Views\Aff_Dental\Dental_UGPG.cshtml(8,23): warning CS8602: Dereference of a possibly null reference. [C:\Users\HP\Downloads\Medical\Medical_Affiliation\Medical_Affiliation.csproj]
C:\Users\HP\Downloads\Medical\Medical_Affiliation\Controllers\AffiliationPgCourseController.cs(443,35): warning CS8601: Possible null reference assignment. [C:\Users\HP\Downloads\Medical\Medical_Affiliation\Medical_Affiliation.csproj]
C:\Users\HP\Downloads\Medical\Medical_Affiliation\Controllers\AffiliationPgCourseController.cs(458,34): warning CS8601: Possible null reference assignment. [C:\Users\HP\Downloads\Medical\Medical_Affiliation\Medical_Affiliation.csproj]
C:\Users\HP\Downloads\Medical\Medical_Affiliation\Views\Aff_Homeopathy\Homeopathy_BasicDetails.cshtml(6,23): warning CS8602: Dereference of a possibly null reference. [C:\Users\HP\Downloads\Medical\Medical_Affiliation\Medical_Affiliation.csproj]
C:\Users\HP\Downloads\Medical\Medical_Affiliation\Models\Nursing_YearwiseMaterialsDataViewModel.cs(50,23): warning CS8618: Non-nullable property 'CollegeCode' must contain a non-null value when exiting constructor. Consider adding the 'required' modifier or declaring the property as nullable. [C:\Users\HP\Downloads\Medical\Medical_Affiliation\Medical_Affiliation.csproj]
C:\Users\HP\Downloads\Medical\Medical_Affiliation\Models\Nursing_YearwiseMaterialsDataViewModel.cs(51,23): warning CS8618: Non-nullable property 'ParentHospitalName' must contain a non-null value when exiting constructor. Consider adding the 'required' modifier or declaring the property as nullable. [C:\Users\HP\Downloads\Medical\Medical_Affiliation\Medical_Affiliation.csproj]
C:\Users\HP\Downloads\Medical\Medical_Affiliation\Models\Nursing_YearwiseMaterialsDataViewModel.cs(52,23): warning CS8618: Non-nullable property 'ParentHospitalAddress' must contain a non-null value when exiting constructor. Consider adding the 'required' modifier or declaring the property as nullable. [C:\Users\HP\Downloads\Medical\Medical_Affiliation\Medical_Affiliation.csproj]
C:\Users\HP\Downloads\Medical\Medical_Affiliation\Models\Nursing_YearwiseMaterialsDataViewModel.cs(53,23): warning CS8618: Non-nullable property 'HospitalOwnerName' must contain a non-null value when exiting constructor. Consider adding the 'required' modifier or declaring the property as nullable. [C:\Users\HP\Downloads\Medical\Medical_Affiliation\Medical_Affiliation.csproj]
C:\Users\HP\Downloads\Medical\Medical_Affiliation\Models\Nursing_YearwiseMaterialsDataViewModel.cs(54,23): warning CS8618: Non-nullable property 'Kpmebeds' must contain a non-null value when exiting constructor. Consider adding the 'required' modifier or declaring the property as nullable. [C:\Users\HP\Downloads\Medical\Medical_Affiliation\Medical_Affiliation.csproj]
C:\Users\HP\Downloads\Medical\Medical_Affiliation\Models\Nursing_YearwiseMaterialsDataViewModel.cs(55,23): warning CS8618: Non-nullable property 'PostBasicBeds' must contain a non-null value when exiting constructor. Consider adding the 'required' modifier or declaring the property as nullable. [C:\Users\HP\Downloads\Medical\Medical_Affiliation\Medical_Affiliation.csproj]
C:\Users\HP\Downloads\Medical\Medical_Affiliation\Models\Nursing_YearwiseMaterialsDataViewModel.cs(56,23): warning CS8618: Non-nullable property 'TotalBeds' must contain a non-null value when exiting constructor. Consider adding the 'required' modifier or declaring the property as nullable. [C:\Users\HP\Downloads\Medical\Medical_Affiliation\Medical_Affiliation.csproj]
C:\Users\HP\Downloads\Medical\Medical_Affiliation\Models\Nursing_YearwiseMaterialsDataViewModel.cs(57,23): warning CS8618: Non-nullable property 'ParentHospitalKpmebedsDoc' must contain a non-null value when exiting constructor. Consider adding the 'required' modifier or declaring the property as nullable. [C:\Users\HP\Downloads\Medical\Medical_Affiliation\Medical_Affiliation.csproj]
C:\Users\HP\Downloads\Medical\Medical_Affiliation\Models\Nursing_YearwiseMaterialsDataViewModel.cs(58,23): warning CS8618: Non-nullable property 'ParentHospitalMoudoc' must contain a non-null value when exiting constructor. Consider adding the 'required' modifier or declaring the property as nullable. [C:\Users\HP\Downloads\Medical\Medical_Affiliation\Medical_Affiliation.csproj]
C:\Users\HP\Downloads\Medical\Medical_Affiliation\Models\Nursing_YearwiseMaterialsDataViewModel.cs(59,23): warning CS8618: Non-nullable property 'ParentHospitalOwnerNameDoc' must contain a non-null value when exiting constructor. Consider adding the 'required' modifier or declaring the property as nullable. [C:\Users\HP\Downloads\Medical\Medical_Affiliation\Medical_Affiliation.csproj]
C:\Users\HP\Downloads\Medical\Medical_Affiliation\Models\Nursing_YearwiseMaterialsDataViewModel.cs(60,23): warning CS8618: Non-nullable property 'ParentHospitalPostBasicDoc' must contain a non-null value when exiting constructor. Consider adding the 'required' modifier or declaring the property as nullable. [C:\Users\HP\Downloads\Medical\Medical_Affiliation\Medical_Affiliation.csproj]
C:\Users\HP\Downloads\Medical\Medical_Affiliation\Models\Nursing_YearwiseMaterialsDataViewModel.cs(61,61): warning CS8618: Non-nullable property 'YearwiseMaterials' must contain a non-null value when exiting constructor. Consider adding the 'required' modifier or declaring the property as nullable. [C:\Users\HP\Downloads\Medical\Medical_Affiliation\Medical_Affiliation.csproj]
C:\Users\HP\Downloads\Medical\Medical_Affiliation\Models\MedicalVm.cs(153,23): warning CS8618: Non-nullable property 'FacultyCode' must contain a non-null value when exiting constructor. Consider adding the 'required' modifier or declaring the property as nullable. [C:\Users\HP\Downloads\Medical\Medical_Affiliation\Medical_Affiliation.csproj]
C:\Users\HP\Downloads\Medical\Medical_Affiliation\Models\MedicalVm.cs(154,23): warning CS8618: Non-nullable property 'CollegeCode' must contain a non-null value when exiting constructor. Consider adding the 'required' modifier or declaring the property as nullable. [C:\Users\HP\Downloads\Medical\Medical_Affiliation\Medical_Affiliation.csproj]
C:\Users\HP\Downloads\Medical\Medical_Affiliation\Models\MedicalVm.cs(126,23): warning CS8618: Non-nullable property 'FacultyCode' must contain a non-null value when exiting constructor. Consider adding the 'required' modifier or declaring the property as nullable. [C:\Users\HP\Downloads\Medical\Medical_Affiliation\Medical_Affiliation.csproj]
C:\Users\HP\Downloads\Medical\Medical_Affiliation\Models\MedicalVm.cs(127,23): warning CS8618: Non-nullable property 'CollegeCode' must contain a non-null value when exiting constructor. Consider adding the 'required' modifier or declaring the property as nullable. [C:\Users\HP\Downloads\Medical\Medical_Affiliation\Medical_Affiliation.csproj]
C:\Users\HP\Downloads\Medical\Medical_Affiliation\Models\MedicalVm.cs(131,23): warning CS8618: Non-nullable property 'TrustMemberName' must contain a non-null value when exiting constructor. Consider adding the 'required' modifier or declaring the property as nullable. [C:\Users\HP\Downloads\Medical\Medical_Affiliation\Medical_Affiliation.csproj]
C:\Users\HP\Downloads\Medical\Medical_Affiliation\Models\MedicalVm.cs(133,23): warning CS8618: Non-nullable property 'Qualification' must contain a non-null value when exiting constructor. Consider adding the 'required' modifier or declaring the property as nullable. [C:\Users\HP\Downloads\Medical\Medical_Affiliation\Medical_Affiliation.csproj]
C:\Users\HP\Downloads\Medical\Medical_Affiliation\Models\MedicalVm.cs(137,23): warning CS8618: Non-nullable property 'MobileNumber' must contain a non-null value when exiting constructor. Consider adding the 'required' modifier or declaring the property as nullable. [C:\Users\HP\Downloads\Medical\Medical_Affiliation\Medical_Affiliation.csproj]
C:\Users\HP\Downloads\Medical\Medical_Affiliation\Models\MedicalVm.cs(143,23): warning CS8618: Non-nullable property 'JoiningDateString' must contain a non-null value when exiting constructor. Consider adding the 'required' modifier or declaring the property as nullable. [C:\Users\HP\Downloads\Medical\Medical_Affiliation\Medical_Affiliation.csproj]
C:\Users\HP\Downloads\Medical\Medical_Affiliation\Models\MedicalViewModels.cs(95,27): warning CS8618: Non-nullable property 'ParametersName' must contain a non-null value when exiting constructor. Consider adding the 'required' modifier or declaring the property as nullable. [C:\Users\HP\Downloads\Medical\Medical_Affiliation\Medical_Affiliation.csproj]
C:\Users\HP\Downloads\Medical\Medical_Affiliation\Models\MedicalViewModels.cs(96,27): warning CS8618: Non-nullable property 'CollegeCode' must contain a non-null value when exiting constructor. Consider adding the 'required' modifier or declaring the property as nullable. [C:\Users\HP\Downloads\Medical\Medical_Affiliation\Medical_Affiliation.csproj]
C:\Users\HP\Downloads\Medical\Medical_Affiliation\Models\MedicalViewModels.cs(97,27): warning CS8618: Non-nullable property 'FacultyCode' must contain a non-null value when exiting constructor. Consider adding the 'required' modifier or declaring the property as nullable. [C:\Users\HP\Downloads\Medical\Medical_Affiliation\Medical_Affiliation.csproj]
C:\Users\HP\Downloads\Medical\Medical_Affiliation\Models\MedicalViewModels.cs(102,27): warning CS8618: Non-nullable property 'ParentHospitalName' must contain a non-null value when exiting constructor. Consider adding the 'required' modifier or declaring the property as nullable. [C:\Users\HP\Downloads\Medical\Medical_Affiliation\Medical_Affiliation.csproj]
C:\Users\HP\Downloads\Medical\Medical_Affiliation\Models\MedicalViewModels.cs(103,27): warning CS8618: Non-nullable property 'ParentHospitalAddress' must contain a non-null value when exiting constructor. Consider adding the 'required' modifier or declaring the property as nullable. [C:\Users\HP\Downloads\Medical\Medical_Affiliation\Medical_Affiliation.csproj]
C:\Users\HP\Downloads\Medical\Medical_Affiliation\Models\MedicalViewModels.cs(104,27): warning CS8618: Non-nullable property 'HospitalOwnerName' must contain a non-null value when exiting constructor. Consider adding the 'required' modifier or declaring the property as nullable. [C:\Users\HP\Downloads\Medical\Medical_Affiliation\Medical_Affiliation.csproj]
C:\Users\HP\Downloads\Medical\Medical_Affiliation\Models\MedicalViewModels.cs(105,27): warning CS8618: Non-nullable property 'HospitalType' must contain a non-null value when exiting constructor. Consider adding the 'required' modifier or declaring the property as nullable. [C:\Users\HP\Downloads\Medical\Medical_Affiliation\Medical_Affiliation.csproj]
C:\Users\HP\Downloads\Medical\Medical_Affiliation\Models\MedicalViewModels.cs(73,27): warning CS8618: Non-nullable property 'CollegeCode' must contain a non-null value when exiting constructor. Consider adding the 'required' modifier or declaring the property as nullable. [C:\Users\HP\Downloads\Medical\Medical_Affiliation\Medical_Affiliation.csproj]
C:\Users\HP\Downloads\Medical\Medical_Affiliation\Models\MedicalViewModels.cs(74,27): warning CS8618: Non-nullable property 'DepartmentCode' must contain a non-null value when exiting constructor. Consider adding the 'required' modifier or declaring the property as nullable. [C:\Users\HP\Downloads\Medical\Medical_Affiliation\Medical_Affiliation.csproj]
C:\Users\HP\Downloads\Medical\Medical_Affiliation\Models\MedicalViewModels.cs(75,27): warning CS8618: Non-nullable property 'DepartmentName' must contain a non-null value when exiting constructor. Consider adding the 'required' modifier or declaring the property as nullable. [C:\Users\HP\Downloads\Medical\Medical_Affiliation\Medical_Affiliation.csproj]
C:\Users\HP\Downloads\Medical\Medical_Affiliation\Models\MedicalViewModels.cs(76,27): warning CS8618: Non-nullable property 'FacultyCode' must contain a non-null value when exiting constructor. Consider adding the 'required' modifier or declaring the property as nullable. [C:\Users\HP\Downloads\Medical\Medical_Affiliation\Medical_Affiliation.csproj]
C:\Users\HP\Downloads\Medical\Medical_Affiliation\Models\MedicalViewModels.cs(77,27): warning CS8618: Non-nullable property 'Faculty' must contain a non-null value when exiting constructor. Consider adding the 'required' modifier or declaring the property as nullable. [C:\Users\HP\Downloads\Medical\Medical_Affiliation\Medical_Affiliation.csproj]
C:\Users\HP\Downloads\Medical\Medical_Affiliation\Models\MedicalViewModels.cs(79,27): warning CS8618: Non-nullable property 'DesignationCode' must contain a non-null value when exiting constructor. Consider adding the 'required' modifier or declaring the property as nullable. [C:\Users\HP\Downloads\Medical\Medical_Affiliation\Medical_Affiliation.csproj]
C:\Users\HP\Downloads\Medical\Medical_Affiliation\Models\MedicalViewModels.cs(80,27): warning CS8618: Non-nullable property 'DesignationName' must contain a non-null value when exiting constructor. Consider adding the 'required' modifier or declaring the property as nullable. [C:\Users\HP\Downloads\Medical\Medical_Affiliation\Medical_Affiliation.csproj]
C:\Users\HP\Downloads\Medical\Medical_Affiliation\Models\MedicalViewModels.cs(83,27): warning CS8618: Non-nullable property 'SeatSlabId' must contain a non-null value when exiting constructor. Consider adding the 'required' modifier or declaring the property as nullable. [C:\Users\HP\Downloads\Medical\Medical_Affiliation\Medical_Affiliation.csproj]
C:\Users\HP\Downloads\Medical\Medical_Affiliation\Models\MedicalViewModels.cs(86,27): warning CS8618: Non-nullable property 'ExistingSeatIntake' must contain a non-null value when exiting constructor. Consider adding the 'required' modifier or declaring the property as nullable. [C:\Users\HP\Downloads\Medical\Medical_Affiliation\Medical_Affiliation.csproj]
C:\Users\HP\Downloads\Medical\Medical_Affiliation\Models\MedicalViewModels.cs(87,27): warning CS8618: Non-nullable property 'PresentSeatIntake' must contain a non-null value when exiting constructor. Consider adding the 'required' modifier or declaring the property as nullable. [C:\Users\HP\Downloads\Medical\Medical_Affiliation\Medical_Affiliation.csproj]
C:\Users\HP\Downloads\Medical\Medical_Affiliation\Models\MedicalViewModels.cs(62,27): warning CS8618: Non-nullable property 'ParametersName' must contain a non-null value when exiting constructor. Consider adding the 'required' modifier or declaring the property as nullable. [C:\Users\HP\Downloads\Medical\Medical_Affiliation\Medical_Affiliation.csproj]
C:\Users\HP\Downloads\Medical\Medical_Affiliation\Models\MedicalViewModels.cs(63,27): warning CS8618: Non-nullable property 'CollegeCode' must contain a non-null value when exiting constructor. Consider adding the 'required' modifier or declaring the property as nullable. [C:\Users\HP\Downloads\Medical\Medical_Affiliation\Medical_Affiliation.csproj]
C:\Users\HP\Downloads\Medical\Medical_Affiliation\Models\MedicalViewModels.cs(64,27): warning CS8618: Non-nullable property 'FacultyCode' must contain a non-null value when exiting constructor. Consider adding the 'required' modifier or declaring the property as nullable. [C:\Users\HP\Downloads\Medical\Medical_Affiliation\Medical_Affiliation.csproj]
C:\Users\HP\Downloads\Medical\Medical_Affiliation\Models\MedicalViewModels.cs(48,27): warning CS8618: Non-nullable property 'ParametersName' must contain a non-null value when exiting constructor. Consider adding the 'required' modifier or declaring the property as nullable. [C:\Users\HP\Downloads\Medical\Medical_Affiliation\Medical_Affiliation.csproj]
C:\Users\HP\Downloads\Medical\Medical_Affiliation\Models\MedicalViewModels.cs(49,27): warning CS8618: Non-nullable property 'CollegeCode' must contain a non-null value when exiting constructor. Consider adding the 'required' modifier or declaring the property as nullable. [C:\Users\HP\Downloads\Medical\Medical_Affiliation\Medical_Affiliation.csproj]
C:\Users\HP\Downloads\Medical\Medical_Affiliation\Models\MedicalViewModels.cs(50,27): warning CS8618: Non-nullable property 'FacultyCode' must contain a non-null value when exiting constructor. Consider adding the 'required' modifier or declaring the property as nullable. [C:\Users\HP\Downloads\Medical\Medical_Affiliation\Medical_Affiliation.csproj]
C:\Users\HP\Downloads\Medical\Medical_Affiliation\Models\MedicalVm.cs(18,23): warning CS8618: Non-nullable property 'FacultyCode' must contain a non-null value when exiting constructor. Consider adding the 'required' modifier or declaring the property as nullable. [C:\Users\HP\Downloads\Medical\Medical_Affiliation\Medical_Affiliation.csproj]
C:\Users\HP\Downloads\Medical\Medical_Affiliation\Models\MedicalVm.cs(19,27): warning CS8618: Non-nullable property 'CollegeCode' must contain a non-null value when exiting constructor. Consider adding the 'required' modifier or declaring the property as nullable. [C:\Users\HP\Downloads\Medical\Medical_Affiliation\Medical_Affiliation.csproj]
C:\Users\HP\Downloads\Medical\Medical_Affiliation\Models\MedicalVm.cs(34,27): warning CS8618: Non-nullable property 'Address' must contain a non-null value when exiting constructor. Consider adding the 'required' modifier or declaring the property as nullable. [C:\Users\HP\Downloads\Medical\Medical_Affiliation\Medical_Affiliation.csproj]
C:\Users\HP\Downloads\Medical\Medical_Affiliation\Models\MedicalVm.cs(35,27): warning CS8618: Non-nullable property 'PinCode' must contain a non-null value when exiting constructor. Consider adding the 'required' modifier or declaring the property as nullable. [C:\Users\HP\Downloads\Medical\Medical_Affiliation\Medical_Affiliation.csproj]
C:\Users\HP\Downloads\Medical\Medical_Affiliation\Models\MedicalVm.cs(36,27): warning CS8618: Non-nullable property 'MobileNumber' must contain a non-null value when exiting constructor. Consider adding the 'required' modifier or declaring the property as nullable. [C:\Users\HP\Downloads\Medical\Medical_Affiliation\Medical_Affiliation.csproj]
C:\Users\HP\Downloads\Medical\Medical_Affiliation\Models\MedicalVm.cs(37,27): warning CS8618: Non-nullable property 'StdCode' must contain a non-null value when exiting constructor. Consider adding the 'required' modifier or declaring the property as nullable. [C:\Users\HP\Downloads\Medical\Medical_Affiliation\Medical_Affiliation.csproj]
C:\Users\HP\Downloads\Medical\Medical_Affiliation\Models\MedicalVm.cs(38,27): warning CS8618: Non-nullable property 'Fax' must contain a non-null value when exiting constructor. Consider adding the 'required' modifier or declaring the property as nullable. [C:\Users\HP\Downloads\Medical\Medical_Affiliation\Medical_Affiliation.csproj]
C:\Users\HP\Downloads\Medical\Medical_Affiliation\Models\MedicalVm.cs(40,27): warning CS8618: Non-nullable property 'EmailId' must contain a non-null value when exiting constructor. Consider adding the 'required' modifier or declaring the property as nullable. [C:\Users\HP\Downloads\Medical\Medical_Affiliation\Medical_Affiliation.csproj]
C:\Users\HP\Downloads\Medical\Medical_Affiliation\Models\MedicalVm.cs(50,27): warning CS8618: Non-nullable property 'TrustName' must contain a non-null value when exiting constructor. Consider adding the 'required' modifier or declaring the property as nullable. [C:\Users\HP\Downloads\Medical\Medical_Affiliation\Medical_Affiliation.csproj]
C:\Users\HP\Downloads\Medical\Medical_Affiliation\Models\MedicalVm.cs(51,27): warning CS8618: Non-nullable property 'PresidentName' must contain a non-null value when exiting constructor. Consider adding the 'required' modifier or declaring the property as nullable. [C:\Users\HP\Downloads\Medical\Medical_Affiliation\Medical_Affiliation.csproj]
C:\Users\HP\Downloads\Medical\Medical_Affiliation\Models\MedicalVm.cs(54,27): warning CS8618: Non-nullable property 'PANNumber' must contain a non-null value when exiting constructor. Consider adding the 'required' modifier or declaring the property as nullable. [C:\Users\HP\Downloads\Medical\Medical_Affiliation\Medical_Affiliation.csproj]
C:\Users\HP\Downloads\Medical\Medical_Affiliation\Models\MedicalVm.cs(55,27): warning CS8618: Non-nullable property 'RegistrationNumber' must contain a non-null value when exiting constructor. Consider adding the 'required' modifier or declaring the property as nullable. [C:\Users\HP\Downloads\Medical\Medical_Affiliation\Medical_Affiliation.csproj]
C:\Users\HP\Downloads\Medical\Medical_Affiliation\Models\MedicalVm.cs(71,27): warning CS8618: Non-nullable property 'CategoryOfOrganisation' must contain a non-null value when exiting constructor. Consider adding the 'required' modifier or declaring the property as nullable. [C:\Users\HP\Downloads\Medical\Medical_Affiliation\Medical_Affiliation.csproj]
C:\Users\HP\Downloads\Medical\Medical_Affiliation\Models\MedicalVm.cs(72,27): warning CS8618: Non-nullable property 'ContactPersonName' must contain a non-null value when exiting constructor. Consider adding the 'required' modifier or declaring the property as nullable. [C:\Users\HP\Downloads\Medical\Medical_Affiliation\Medical_Affiliation.csproj]
C:\Users\HP\Downloads\Medical\Medical_Affiliation\Models\MedicalVm.cs(73,27): warning CS8618: Non-nullable property 'ContactPersonRelation' must contain a non-null value when exiting constructor. Consider adding the 'required' modifier or declaring the property as nullable. [C:\Users\HP\Downloads\Medical\Medical_Affiliation\Medical_Affiliation.csproj]
C:\Users\HP\Downloads\Medical\Medical_Affiliation\Models\MedicalVm.cs(74,27): warning CS8618: Non-nullable property 'ContactPersonMobile' must contain a non-null value when exiting constructor. Consider adding the 'required' modifier or declaring the property as nullable. [C:\Users\HP\Downloads\Medical\Medical_Affiliation\Medical_Affiliation.csproj]
C:\Users\HP\Downloads\Medical\Medical_Affiliation\Models\MedicalVm.cs(104,30): warning CS8618: Non-nullable property 'KSDCcertificateFile' must contain a non-null value when exiting constructor. Consider adding the 'required' modifier or declaring the property as nullable. [C:\Users\HP\Downloads\Medical\Medical_Affiliation\Medical_Affiliation.csproj]
C:\Users\HP\Downloads\Medical\Medical_Affiliation\Models\MedicalVm.cs(110,30): warning CS8618: Non-nullable property 'PANFile' must contain a non-null value when exiting constructor. Consider adding the 'required' modifier or declaring the property as nullable. [C:\Users\HP\Downloads\Medical\Medical_Affiliation\Medical_Affiliation.csproj]
C:\Users\HP\Downloads\Medical\Medical_Affiliation\Models\MedicalVm.cs(112,30): warning CS8618: Non-nullable property 'BankStatementFile' must contain a non-null value when exiting constructor. Consider adding the 'required' modifier or declaring the property as nullable. [C:\Users\HP\Downloads\Medical\Medical_Affiliation\Medical_Affiliation.csproj]
C:\Users\HP\Downloads\Medical\Medical_Affiliation\Models\MedicalVm.cs(114,30): warning CS8618: Non-nullable property 'RegistrationCertificateFile' must contain a non-null value when exiting constructor. Consider adding the 'required' modifier or declaring the property as nullable. [C:\Users\HP\Downloads\Medical\Medical_Affiliation\Medical_Affiliation.csproj]
C:\Users\HP\Downloads\Medical\Medical_Affiliation\Models\MedicalVm.cs(118,26): warning CS8618: Non-nullable property 'DCIcertificateFile' must contain a non-null value when exiting constructor. Consider adding the 'required' modifier or declaring the property as nullable. [C:\Users\HP\Downloads\Medical\Medical_Affiliation\Medical_Affiliation.csproj]
C:\Users\HP\Downloads\Medical\Medical_Affiliation\Models\MedicalVm.cs(120,30): warning CS8618: Non-nullable property 'AuditStatementFile' must contain a non-null value when exiting constructor. Consider adding the 'required' modifier or declaring the property as nullable. [C:\Users\HP\Downloads\Medical\Medical_Affiliation\Medical_Affiliation.csproj]
C:\Users\HP\Downloads\Medical\Medical_Affiliation\Models\MedicalLibraryPartOneViewModel.cs(91,23): warning CS8618: Non-nullable property 'DepartmentName' must contain a non-null value when exiting constructor. Consider adding the 'required' modifier or declaring the property as nullable. [C:\Users\HP\Downloads\Medical\Medical_Affiliation\Medical_Affiliation.csproj]
C:\Users\HP\Downloads\Medical\Medical_Affiliation\Models\MedicalLibraryPartOneViewModel.cs(60,23): warning CS8618: Non-nullable property 'ServiceName' must contain a non-null value when exiting constructor. Consider adding the 'required' modifier or declaring the property as nullable. [C:\Users\HP\Downloads\Medical\Medical_Affiliation\Medical_Affiliation.csproj]
C:\Users\HP\Downloads\Medical\Medical_Affiliation\Models\MedicalInstituteDetailViewModel.cs(297,23): warning CS8618: Non-nullable property 'FacultyCode' must contain a non-null value when exiting constructor. Consider adding the 'required' modifier or declaring the property as nullable. [C:\Users\HP\Downloads\Medical\Medical_Affiliation\Medical_Affiliation.csproj]
C:\Users\HP\Downloads\Medical\Medical_Affiliation\Models\MedicalInstituteDetailViewModel.cs(298,23): warning CS8618: Non-nullable property 'CollegeCode' must contain a non-null value when exiting constructor. Consider adding the 'required' modifier or declaring the property as nullable. [C:\Users\HP\Downloads\Medical\Medical_Affiliation\Medical_Affiliation.csproj]
C:\Users\HP\Downloads\Medical\Medical_Affiliation\Models\MedicalInstituteDetailViewModel.cs(195,23): warning CS8618: Non-nullable property 'CourseCode' must contain a non-null value when exiting constructor. Consider adding the 'required' modifier or declaring the property as nullable. [C:\Users\HP\Downloads\Medical\Medical_Affiliation\Medical_Affiliation.csproj]
C:\Users\HP\Downloads\Medical\Medical_Affiliation\Models\MedicalInstituteDetailViewModel.cs(196,23): warning CS8618: Non-nullable property 'CourseName' must contain a non-null value when exiting constructor. Consider adding the 'required' modifier or declaring the property as nullable. [C:\Users\HP\Downloads\Medical\Medical_Affiliation\Medical_Affiliation.csproj]
C:\Users\HP\Downloads\Medical\Medical_Affiliation\Models\MedicalInstituteDetailViewModel.cs(278,23): warning CS8618: Non-nullable property 'SSIntake' must contain a non-null value when exiting constructor. Consider adding the 'required' modifier or declaring the property as nullable. [C:\Users\HP\Downloads\Medical\Medical_Affiliation\Medical_Affiliation.csproj]
C:\Users\HP\Downloads\Medical\Medical_Affiliation\Models\MedicalInstituteDetailViewModel.cs(279,23): warning CS8618: Non-nullable property 'Course' must contain a non-null value when exiting constructor. Consider adding the 'required' modifier or declaring the property as nullable. [C:\Users\HP\Downloads\Medical\Medical_Affiliation\Medical_Affiliation.csproj]
C:\Users\HP\Downloads\Medical\Medical_Affiliation\Models\MedicalInstituteDetailViewModel.cs(280,23): warning CS8618: Non-nullable property 'FreshOrIncrease' must contain a non-null value when exiting constructor. Consider adding the 'required' modifier or declaring the property as nullable. [C:\Users\HP\Downloads\Medical\Medical_Affiliation\Medical_Affiliation.csproj]
C:\Users\HP\Downloads\Medical\Medical_Affiliation\Models\MedicalInstituteDetailViewModel.cs(282,23): warning CS8618: Non-nullable property 'NumberOfSeats' must contain a non-null value when exiting constructor. Consider adding the 'required' modifier or declaring the property as nullable. [C:\Users\HP\Downloads\Medical\Medical_Affiliation\Medical_Affiliation.csproj]
C:\Users\HP\Downloads\Medical\Medical_Affiliation\Models\MedicalInstituteDetailViewModel.cs(283,23): warning CS8618: Non-nullable property 'PermittedYear' must contain a non-null value when exiting constructor. Consider adding the 'required' modifier or declaring the property as nullable. [C:\Users\HP\Downloads\Medical\Medical_Affiliation\Medical_Affiliation.csproj]
C:\Users\HP\Downloads\Medical\Medical_Affiliation\Models\MedicalInstituteDetailViewModel.cs(284,23): warning CS8618: Non-nullable property 'RecognizedYear' must contain a non-null value when exiting constructor. Consider adding the 'required' modifier or declaring the property as nullable. [C:\Users\HP\Downloads\Medical\Medical_Affiliation\Medical_Affiliation.csproj]
C:\Users\HP\Downloads\Medical\Medical_Affiliation\Models\MedicalInstituteDetailViewModel.cs(286,26): warning CS8618: Non-nullable property 'RGUHSNotificationFile' must contain a non-null value when exiting constructor. Consider adding the 'required' modifier or declaring the property as nullable. [C:\Users\HP\Downloads\Medical\Medical_Affiliation\Medical_Affiliation.csproj]
C:\Users\HP\Downloads\Medical\Medical_Affiliation\Models\MedicalInstituteDetailViewModel.cs(287,26): warning CS8618: Non-nullable property 'GMCFile' must contain a non-null value when exiting constructor. Consider adding the 'required' modifier or declaring the property as nullable. [C:\Users\HP\Downloads\Medical\Medical_Affiliation\Medical_Affiliation.csproj]
C:\Users\HP\Downloads\Medical\Medical_Affiliation\Models\MedicalInstituteDetailViewModel.cs(288,26): warning CS8618: Non-nullable property 'NMCFile' must contain a non-null value when exiting constructor. Consider adding the 'required' modifier or declaring the property as nullable. [C:\Users\HP\Downloads\Medical\Medical_Affiliation\Medical_Affiliation.csproj]
C:\Users\HP\Downloads\Medical\Medical_Affiliation\Models\MedicalInstituteDetailViewModel.cs(291,23): warning CS8618: Non-nullable property 'Rguhsnotification' must contain a non-null value when exiting constructor. Consider adding the 'required' modifier or declaring the property as nullable. [C:\Users\HP\Downloads\Medical\Medical_Affiliation\Medical_Affiliation.csproj]
C:\Users\HP\Downloads\Medical\Medical_Affiliation\Models\MedicalInstituteDetailViewModel.cs(292,23): warning CS8618: Non-nullable property 'Gmc' must contain a non-null value when exiting constructor. Consider adding the 'required' modifier or declaring the property as nullable. [C:\Users\HP\Downloads\Medical\Medical_Affiliation\Medical_Affiliation.csproj]
C:\Users\HP\Downloads\Medical\Medical_Affiliation\Models\MedicalInstituteDetailViewModel.cs(293,23): warning CS8618: Non-nullable property 'Nmc' must contain a non-null value when exiting constructor. Consider adding the 'required' modifier or declaring the property as nullable. [C:\Users\HP\Downloads\Medical\Medical_Affiliation\Medical_Affiliation.csproj]
C:\Users\HP\Downloads\Medical\Medical_Affiliation\Models\MedicalInstituteDetailViewModel.cs(240,23): warning CS8618: Non-nullable property 'PGIntake' must contain a non-null value when exiting constructor. Consider adding the 'required' modifier or declaring the property as nullable. [C:\Users\HP\Downloads\Medical\Medical_Affiliation\Medical_Affiliation.csproj]
C:\Users\HP\Downloads\Medical\Medical_Affiliation\Models\MedicalInstituteDetailViewModel.cs(241,23): warning CS8618: Non-nullable property 'Course' must contain a non-null value when exiting constructor. Consider adding the 'required' modifier or declaring the property as nullable. [C:\Users\HP\Downloads\Medical\Medical_Affiliation\Medical_Affiliation.csproj]
C:\Users\HP\Downloads\Medical\Medical_Affiliation\Models\MedicalInstituteDetailViewModel.cs(242,23): warning CS8618: Non-nullable property 'FreshOrIncrease' must contain a non-null value when exiting constructor. Consider adding the 'required' modifier or declaring the property as nullable. [C:\Users\HP\Downloads\Medical\Medical_Affiliation\Medical_Affiliation.csproj]
C:\Users\HP\Downloads\Medical\Medical_Affiliation\Models\MedicalInstituteDetailViewModel.cs(244,23): warning CS8618: Non-nullable property 'NumberOfSeats' must contain a non-null value when exiting constructor. Consider adding the 'required' modifier or declaring the property as nullable. [C:\Users\HP\Downloads\Medical\Medical_Affiliation\Medical_Affiliation.csproj]
C:\Users\HP\Downloads\Medical\Medical_Affiliation\Models\MedicalInstituteDetailViewModel.cs(245,23): warning CS8618: Non-nullable property 'PermittedYear' must contain a non-null value when exiting constructor. Consider adding the 'required' modifier or declaring the property as nullable. [C:\Users\HP\Downloads\Medical\Medical_Affiliation\Medical_Affiliation.csproj]
C:\Users\HP\Downloads\Medical\Medical_Affiliation\Models\MedicalInstituteDetailViewModel.cs(246,23): warning CS8618: Non-nullable property 'RecognizedYear' must contain a non-null value when exiting constructor. Consider adding the 'required' modifier or declaring the property as nullable. [C:\Users\HP\Downloads\Medical\Medical_Affiliation\Medical_Affiliation.csproj]
C:\Users\HP\Downloads\Medical\Medical_Affiliation\Models\MedicalInstituteDetailViewModel.cs(248,26): warning CS8618: Non-nullable property 'RGUHSNotificationFile' must contain a non-null value when exiting constructor. Consider adding the 'required' modifier or declaring the property as nullable. [C:\Users\HP\Downloads\Medical\Medical_Affiliation\Medical_Affiliation.csproj]
C:\Users\HP\Downloads\Medical\Medical_Affiliation\Models\MedicalInstituteDetailViewModel.cs(249,26): warning CS8618: Non-nullable property 'GMCFile' must contain a non-null value when exiting constructor. Consider adding the 'required' modifier or declaring the property as nullable. [C:\Users\HP\Downloads\Medical\Medical_Affiliation\Medical_Affiliation.csproj]
C:\Users\HP\Downloads\Medical\Medical_Affiliation\Models\MedicalInstituteDetailViewModel.cs(250,26): warning CS8618: Non-nullable property 'NMCFile' must contain a non-null value when exiting constructor. Consider adding the 'required' modifier or declaring the property as nullable. [C:\Users\HP\Downloads\Medical\Medical_Affiliation\Medical_Affiliation.csproj]
C:\Users\HP\Downloads\Medical\Medical_Affiliation\Models\MedicalInstituteDetailViewModel.cs(253,23): warning CS8618: Non-nullable property 'Rguhsnotification' must contain a non-null value when exiting constructor. Consider adding the 'required' modifier or declaring the property as nullable. [C:\Users\HP\Downloads\Medical\Medical_Affiliation\Medical_Affiliation.csproj]
C:\Users\HP\Downloads\Medical\Medical_Affiliation\Models\MedicalInstituteDetailViewModel.cs(254,23): warning CS8618: Non-nullable property 'Gmc' must contain a non-null value when exiting constructor. Consider adding the 'required' modifier or declaring the property as nullable. [C:\Users\HP\Downloads\Medical\Medical_Affiliation\Medical_Affiliation.csproj]
C:\Users\HP\Downloads\Medical\Medical_Affiliation\Models\MedicalInstituteDetailViewModel.cs(255,23): warning CS8618: Non-nullable property 'Nmc' must contain a non-null value when exiting constructor. Consider adding the 'required' modifier or declaring the property as nullable. [C:\Users\HP\Downloads\Medical\Medical_Affiliation\Medical_Affiliation.csproj]
C:\Users\HP\Downloads\Medical\Medical_Affiliation\Models\MedicalInstituteDetailViewModel.cs(259,26): warning CS8618: Non-nullable property 'KSNCFile' must contain a non-null value when exiting constructor. Consider adding the 'required' modifier or declaring the property as nullable. [C:\Users\HP\Downloads\Medical\Medical_Affiliation\Medical_Affiliation.csproj]
C:\Users\HP\Downloads\Medical\Medical_Affiliation\Models\MedicalInstituteDetailViewModel.cs(263,26): warning CS8618: Non-nullable property 'Gok' must contain a non-null value when exiting constructor. Consider adding the 'required' modifier or declaring the property as nullable. [C:\Users\HP\Downloads\Medical\Medical_Affiliation\Medical_Affiliation.csproj]
C:\Users\HP\Downloads\Medical\Medical_Affiliation\Models\MedicalInstituteDetailViewModel.cs(202,23): warning CS8618: Non-nullable property 'UGIntake' must contain a non-null value when exiting constructor. Consider adding the 'required' modifier or declaring the property as nullable. [C:\Users\HP\Downloads\Medical\Medical_Affiliation\Medical_Affiliation.csproj]
C:\Users\HP\Downloads\Medical\Medical_Affiliation\Models\MedicalInstituteDetailViewModel.cs(203,23): warning CS8618: Non-nullable property 'Course' must contain a non-null value when exiting constructor. Consider adding the 'required' modifier or declaring the property as nullable. [C:\Users\HP\Downloads\Medical\Medical_Affiliation\Medical_Affiliation.csproj]
C:\Users\HP\Downloads\Medical\Medical_Affiliation\Models\MedicalInstituteDetailViewModel.cs(204,23): warning CS8618: Non-nullable property 'FreshOrIncrease' must contain a non-null value when exiting constructor. Consider adding the 'required' modifier or declaring the property as nullable. [C:\Users\HP\Downloads\Medical\Medical_Affiliation\Medical_Affiliation.csproj]
C:\Users\HP\Downloads\Medical\Medical_Affiliation\Models\MedicalInstituteDetailViewModel.cs(206,23): warning CS8618: Non-nullable property 'NumberOfSeats' must contain a non-null value when exiting constructor. Consider adding the 'required' modifier or declaring the property as nullable. [C:\Users\HP\Downloads\Medical\Medical_Affiliation\Medical_Affiliation.csproj]
C:\Users\HP\Downloads\Medical\Medical_Affiliation\Models\MedicalInstituteDetailViewModel.cs(207,23): warning CS8618: Non-nullable property 'PermittedYear' must contain a non-null value when exiting constructor. Consider adding the 'required' modifier or declaring the property as nullable. [C:\Users\HP\Downloads\Medical\Medical_Affiliation\Medical_Affiliation.csproj]
C:\Users\HP\Downloads\Medical\Medical_Affiliation\Models\MedicalInstituteDetailViewModel.cs(208,23): warning CS8618: Non-nullable property 'RecognizedYear' must contain a non-null value when exiting constructor. Consider adding the 'required' modifier or declaring the property as nullable. [C:\Users\HP\Downloads\Medical\Medical_Affiliation\Medical_Affiliation.csproj]
C:\Users\HP\Downloads\Medical\Medical_Affiliation\Models\MedicalInstituteDetailViewModel.cs(210,26): warning CS8618: Non-nullable property 'RGUHSNotificationFile' must contain a non-null value when exiting constructor. Consider adding the 'required' modifier or declaring the property as nullable. [C:\Users\HP\Downloads\Medical\Medical_Affiliation\Medical_Affiliation.csproj]
C:\Users\HP\Downloads\Medical\Medical_Affiliation\Models\MedicalInstituteDetailViewModel.cs(211,26): warning CS8618: Non-nullable property 'GMCFile' must contain a non-null value when exiting constructor. Consider adding the 'required' modifier or declaring the property as nullable. [C:\Users\HP\Downloads\Medical\Medical_Affiliation\Medical_Affiliation.csproj]
C:\Users\HP\Downloads\Medical\Medical_Affiliation\Models\MedicalInstituteDetailViewModel.cs(212,26): warning CS8618: Non-nullable property 'NMCFile' must contain a non-null value when exiting constructor. Consider adding the 'required' modifier or declaring the property as nullable. [C:\Users\HP\Downloads\Medical\Medical_Affiliation\Medical_Affiliation.csproj]
C:\Users\HP\Downloads\Medical\Medical_Affiliation\Models\MedicalInstituteDetailViewModel.cs(215,23): warning CS8618: Non-nullable property 'Rguhsnotification' must contain a non-null value when exiting constructor. Consider adding the 'required' modifier or declaring the property as nullable. [C:\Users\HP\Downloads\Medical\Medical_Affiliation\Medical_Affiliation.csproj]
C:\Users\HP\Downloads\Medical\Medical_Affiliation\Models\MedicalInstituteDetailViewModel.cs(216,23): warning CS8618: Non-nullable property 'Gmc' must contain a non-null value when exiting constructor. Consider adding the 'required' modifier or declaring the property as nullable. [C:\Users\HP\Downloads\Medical\Medical_Affiliation\Medical_Affiliation.csproj]
C:\Users\HP\Downloads\Medical\Medical_Affiliation\Models\MedicalInstituteDetailViewModel.cs(217,23): warning CS8618: Non-nullable property 'Nmc' must contain a non-null value when exiting constructor. Consider adding the 'required' modifier or declaring the property as nullable. [C:\Users\HP\Downloads\Medical\Medical_Affiliation\Medical_Affiliation.csproj]
C:\Users\HP\Downloads\Medical\Medical_Affiliation\Models\MedicalInstituteDetailViewModel.cs(222,26): warning CS8618: Non-nullable property 'KSNCFile' must contain a non-null value when exiting constructor. Consider adding the 'required' modifier or declaring the property as nullable. [C:\Users\HP\Downloads\Medical\Medical_Affiliation\Medical_Affiliation.csproj]
C:\Users\HP\Downloads\Medical\Medical_Affiliation\Models\MedicalInstituteDetailViewModel.cs(226,26): warning CS8618: Non-nullable property 'Gok' must contain a non-null value when exiting constructor. Consider adding the 'required' modifier or declaring the property as nullable. [C:\Users\HP\Downloads\Medical\Medical_Affiliation\Medical_Affiliation.csproj]
C:\Users\HP\Downloads\Medical\Medical_Affiliation\Models\MedicalInstituteDetailViewModel.cs(83,23): warning CS8618: Non-nullable property 'CollegeCode' must contain a non-null value when exiting constructor. Consider adding the 'required' modifier or declaring the property as nullable. [C:\Users\HP\Downloads\Medical\Medical_Affiliation\Medical_Affiliation.csproj]
C:\Users\HP\Downloads\Medical\Medical_Affiliation\Models\MedicalInstituteDetailViewModel.cs(84,23): warning CS8618: Non-nullable property 'FacultyCode' must contain a non-null value when exiting constructor. Consider adding the 'required' modifier or declaring the property as nullable. [C:\Users\HP\Downloads\Medical\Medical_Affiliation\Medical_Affiliation.csproj]
C:\Users\HP\Downloads\Medical\Medical_Affiliation\Models\MedicalInstituteDetailViewModel.cs(85,23): warning CS8618: Non-nullable property 'CourseCode' must contain a non-null value when exiting constructor. Consider adding the 'required' modifier or declaring the property as nullable. [C:\Users\HP\Downloads\Medical\Medical_Affiliation\Medical_Affiliation.csproj]
C:\Users\HP\Downloads\Medical\Medical_Affiliation\Models\MedicalInstituteDetailViewModel.cs(86,23): warning CS8618: Non-nullable property 'FreshOrIncrease' must contain a non-null value when exiting constructor. Consider adding the 'required' modifier or declaring the property as nullable. [C:\Users\HP\Downloads\Medical\Medical_Affiliation\Medical_Affiliation.csproj]
C:\Users\HP\Downloads\Medical\Medical_Affiliation\Models\MedicalInstituteDetailViewModel.cs(93,26): warning CS8618: Non-nullable property 'RGUHSNotificationFile' must contain a non-null value when exiting constructor. Consider adding the 'required' modifier or declaring the property as nullable. [C:\Users\HP\Downloads\Medical\Medical_Affiliation\Medical_Affiliation.csproj]
C:\Users\HP\Downloads\Medical\Medical_Affiliation\Models\MedicalInstituteDetailViewModel.cs(94,26): warning CS8618: Non-nullable property 'GMCFile' must contain a non-null value when exiting constructor. Consider adding the 'required' modifier or declaring the property as nullable. [C:\Users\HP\Downloads\Medical\Medical_Affiliation\Medical_Affiliation.csproj]
C:\Users\HP\Downloads\Medical\Medical_Affiliation\Models\MedicalInstituteDetailViewModel.cs(95,26): warning CS8618: Non-nullable property 'NMCFile' must contain a non-null value when exiting constructor. Consider adding the 'required' modifier or declaring the property as nullable. [C:\Users\HP\Downloads\Medical\Medical_Affiliation\Medical_Affiliation.csproj]
C:\Users\HP\Downloads\Medical\Medical_Affiliation\Services\Handlers\Dental\DentalHospitalHandler.cs(276,36): warning CS8601: Possible null reference assignment. [C:\Users\HP\Downloads\Medical\Medical_Affiliation\Medical_Affiliation.csproj]
C:\Users\HP\Downloads\Medical\Medical_Affiliation\Services\Handlers\Dental\DentalHospitalHandler.cs(277,41): warning CS8601: Possible null reference assignment. [C:\Users\HP\Downloads\Medical\Medical_Affiliation\Medical_Affiliation.csproj]
C:\Users\HP\Downloads\Medical\Medical_Affiliation\Services\Handlers\Dental\DentalHospitalHandler.cs(287,32): warning CS8601: Possible null reference assignment. [C:\Users\HP\Downloads\Medical\Medical_Affiliation\Medical_Affiliation.csproj]
C:\Users\HP\Downloads\Medical\Medical_Affiliation\Services\Handlers\Dental\DentalHospitalHandler.cs(366,41): warning CS8601: Possible null reference assignment. [C:\Users\HP\Downloads\Medical\Medical_Affiliation\Medical_Affiliation.csproj]
C:\Users\HP\Downloads\Medical\Medical_Affiliation\Services\Handlers\Dental\DentalHospitalHandler.cs(367,36): warning CS8601: Possible null reference assignment. [C:\Users\HP\Downloads\Medical\Medical_Affiliation\Medical_Affiliation.csproj]
C:\Users\HP\Downloads\Medical\Medical_Affiliation\Models\MedicalInstituteDetailViewModel.cs(123,23): warning CS8618: Non-nullable property 'NameOfFaculty' must contain a non-null value when exiting constructor. Consider adding the 'required' modifier or declaring the property as nullable. [C:\Users\HP\Downloads\Medical\Medical_Affiliation\Medical_Affiliation.csproj]
C:\Users\HP\Downloads\Medical\Medical_Affiliation\Models\MedicalInstituteDetailViewModel.cs(126,23): warning CS8618: Non-nullable property 'Subject' must contain a non-null value when exiting constructor. Consider adding the 'required' modifier or declaring the property as nullable. [C:\Users\HP\Downloads\Medical\Medical_Affiliation\Medical_Affiliation.csproj]
C:\Users\HP\Downloads\Medical\Medical_Affiliation\Models\MedicalInstituteDetailViewModel.cs(129,23): warning CS8618: Non-nullable property 'Designation' must contain a non-null value when exiting constructor. Consider adding the 'required' modifier or declaring the property as nullable. [C:\Users\HP\Downloads\Medical\Medical_Affiliation\Medical_Affiliation.csproj]
C:\Users\HP\Downloads\Medical\Medical_Affiliation\Models\MedicalInstituteDetailViewModel.cs(132,23): warning CS8618: Non-nullable property 'RecognizedPGTeacher' must contain a non-null value when exiting constructor. Consider adding the 'required' modifier or declaring the property as nullable. [C:\Users\HP\Downloads\Medical\Medical_Affiliation\Medical_Affiliation.csproj]
C:\Users\HP\Downloads\Medical\Medical_Affiliation\Models\MedicalInstituteDetailViewModel.cs(135,23): warning CS8618: Non-nullable property 'RecognizedPhDTeacher' must contain a non-null value when exiting constructor. Consider adding the 'required' modifier or declaring the property as nullable. [C:\Users\HP\Downloads\Medical\Medical_Affiliation\Medical_Affiliation.csproj]
C:\Users\HP\Downloads\Medical\Medical_Affiliation\Models\MedicalInstituteDetailViewModel.cs(138,23): warning CS8618: Non-nullable property 'LitigationPending' must contain a non-null value when exiting constructor. Consider adding the 'required' modifier or declaring the property as nullable. [C:\Users\HP\Downloads\Medical\Medical_Affiliation\Medical_Affiliation.csproj]
C:\Users\HP\Downloads\Medical\Medical_Affiliation\Models\MedicalInstituteDetailViewModel.cs(142,23): warning CS8618: Non-nullable property 'Mobile' must contain a non-null value when exiting constructor. Consider adding the 'required' modifier or declaring the property as nullable. [C:\Users\HP\Downloads\Medical\Medical_Affiliation\Medical_Affiliation.csproj]
C:\Users\HP\Downloads\Medical\Medical_Affiliation\Models\MedicalInstituteDetailViewModel.cs(146,23): warning CS8618: Non-nullable property 'Email' must contain a non-null value when exiting constructor. Consider adding the 'required' modifier or declaring the property as nullable. [C:\Users\HP\Downloads\Medical\Medical_Affiliation\Medical_Affiliation.csproj]
C:\Users\HP\Downloads\Medical\Medical_Affiliation\Models\MedicalInstituteDetailViewModel.cs(150,23): warning CS8618: Non-nullable property 'PAN' must contain a non-null value when exiting constructor. Consider adding the 'required' modifier or declaring the property as nullable. [C:\Users\HP\Downloads\Medical\Medical_Affiliation\Medical_Affiliation.csproj]
C:\Users\HP\Downloads\Medical\Medical_Affiliation\Models\MedicalInstituteDetailViewModel.cs(154,23): warning CS8618: Non-nullable property 'Aadhaar' must contain a non-null value when exiting constructor. Consider adding the 'required' modifier or declaring the property as nullable. [C:\Users\HP\Downloads\Medical\Medical_Affiliation\Medical_Affiliation.csproj]
C:\Users\HP\Downloads\Medical\Medical_Affiliation\Models\MedicalInstituteDetailViewModel.cs(159,23): warning CS8618: Non-nullable property 'SelectedDepartment' must contain a non-null value when exiting constructor. Consider adding the 'required' modifier or declaring the property as nullable. [C:\Users\HP\Downloads\Medical\Medical_Affiliation\Medical_Affiliation.csproj]
C:\Users\HP\Downloads\Medical\Medical_Affiliation\Models\MedicalInstituteDetailViewModel.cs(15,23): warning CS8618: Non-nullable property 'InstituteName' must contain a non-null value when exiting constructor. Consider adding the 'required' modifier or declaring the property as nullable. [C:\Users\HP\Downloads\Medical\Medical_Affiliation\Medical_Affiliation.csproj]
C:\Users\HP\Downloads\Medical\Medical_Affiliation\Models\MedicalInstituteDetailViewModel.cs(17,23): warning CS8618: Non-nullable property 'CollegeAddress' must contain a non-null value when exiting constructor. Consider adding the 'required' modifier or declaring the property as nullable. [C:\Users\HP\Downloads\Medical\Medical_Affiliation\Medical_Affiliation.csproj]
C:\Users\HP\Downloads\Medical\Medical_Affiliation\Models\MedicalInstituteDetailViewModel.cs(19,23): warning CS8618: Non-nullable property 'SelectedDegree' must contain a non-null value when exiting constructor. Consider adding the 'required' modifier or declaring the property as nullable. [C:\Users\HP\Downloads\Medical\Medical_Affiliation\Medical_Affiliation.csproj]
C:\Users\HP\Downloads\Medical\Medical_Affiliation\Models\MedicalInstituteDetailViewModel.cs(20,23): warning CS8618: Non-nullable property 'SelectedSpecialization' must contain a non-null value when exiting constructor. Consider adding the 'required' modifier or declaring the property as nullable. [C:\Users\HP\Downloads\Medical\Medical_Affiliation\Medical_Affiliation.csproj]
C:\Users\HP\Downloads\Medical\Medical_Affiliation\Models\MedicalInstituteDetailViewModel.cs(25,23): warning CS8618: Non-nullable property 'TrustSocietyName' must contain a non-null value when exiting constructor. Consider adding the 'required' modifier or declaring the property as nullable. [C:\Users\HP\Downloads\Medical\Medical_Affiliation\Medical_Affiliation.csproj]
C:\Users\HP\Downloads\Medical\Medical_Affiliation\Models\MedicalInstituteDetailViewModel.cs(29,23): warning CS8618: Non-nullable property 'YearOfEstablishmentOfTrust' must contain a non-null value when exiting constructor. Consider adding the 'required' modifier or declaring the property as nullable. [C:\Users\HP\Downloads\Medical\Medical_Affiliation\Medical_Affiliation.csproj]
C:\Users\HP\Downloads\Medical\Medical_Affiliation\Models\MedicalInstituteDetailViewModel.cs(33,23): warning CS8618: Non-nullable property 'YearOfEstablishmentOfCollege' must contain a non-null value when exiting constructor. Consider adding the 'required' modifier or declaring the property as nullable. [C:\Users\HP\Downloads\Medical\Medical_Affiliation\Medical_Affiliation.csproj]
C:\Users\HP\Downloads\Medical\Medical_Affiliation\Models\MedicalInstituteDetailViewModel.cs(36,23): warning CS8618: Non-nullable property 'InstitutionType' must contain a non-null value when exiting constructor. Consider adding the 'required' modifier or declaring the property as nullable. [C:\Users\HP\Downloads\Medical\Medical_Affiliation\Medical_Affiliation.csproj]
C:\Users\HP\Downloads\Medical\Medical_Affiliation\Models\MedicalInstituteDetailViewModel.cs(40,23): warning CS8618: Non-nullable property 'HODOfInstitution' must contain a non-null value when exiting constructor. Consider adding the 'required' modifier or declaring the property as nullable. [C:\Users\HP\Downloads\Medical\Medical_Affiliation\Medical_Affiliation.csproj]
C:\Users\HP\Downloads\Medical\Medical_Affiliation\Models\MedicalInstituteDetailViewModel.cs(52,23): warning CS8618: Non-nullable property 'Age' must contain a non-null value when exiting constructor. Consider adding the 'required' modifier or declaring the property as nullable. [C:\Users\HP\Downloads\Medical\Medical_Affiliation\Medical_Affiliation.csproj]
C:\Users\HP\Downloads\Medical\Medical_Affiliation\Models\MedicalInstituteDetailViewModel.cs(56,23): warning CS8618: Non-nullable property 'TeachingExperience' must contain a non-null value when exiting constructor. Consider adding the 'required' modifier or declaring the property as nullable. [C:\Users\HP\Downloads\Medical\Medical_Affiliation\Medical_Affiliation.csproj]
C:\Users\HP\Downloads\Medical\Medical_Affiliation\Models\MedicalInstituteDetailViewModel.cs(69,37): warning CS8618: Non-nullable property 'DegreeList' must contain a non-null value when exiting constructor. Consider adding the 'required' modifier or declaring the property as nullable. [C:\Users\HP\Downloads\Medical\Medical_Affiliation\Medical_Affiliation.csproj]
C:\Users\HP\Downloads\Medical\Medical_Affiliation\Models\MedicalInstituteDetailViewModel.cs(70,37): warning CS8618: Non-nullable property 'SpecializationList' must contain a non-null value when exiting constructor. Consider adding the 'required' modifier or declaring the property as nullable. [C:\Users\HP\Downloads\Medical\Medical_Affiliation\Medical_Affiliation.csproj]
C:\Users\HP\Downloads\Medical\Medical_Affiliation\Models\LICMemberSummary.cs(5,23): warning CS8618: Non-nullable property 'MemberName' must contain a non-null value when exiting constructor. Consider adding the 'required' modifier or declaring the property as nullable. [C:\Users\HP\Downloads\Medical\Medical_Affiliation\Medical_Affiliation.csproj]
C:\Users\HP\Downloads\Medical\Medical_Affiliation\Models\LICMemberSummary.cs(7,31): warning CS8618: Non-nullable property 'InspectionDates' must contain a non-null value when exiting constructor. Consider adding the 'required' modifier or declaring the property as nullable. [C:\Users\HP\Downloads\Medical\Medical_Affiliation\Medical_Affiliation.csproj]
C:\Users\HP\Downloads\Medical\Medical_Affiliation\Models\LICMemberCellViewModel.cs(5,33): warning CS8618: Non-nullable property 'Member' must contain a non-null value when exiting constructor. Consider adding the 'required' modifier or declaring the property as nullable. [C:\Users\HP\Downloads\Medical\Medical_Affiliation\Medical_Affiliation.csproj]
C:\Users\HP\Downloads\Medical\Medical_Affiliation\Models\LICMemberCellViewModel.cs(7,23): warning CS8618: Non-nullable property 'CollegeCode' must contain a non-null value when exiting constructor. Consider adding the 'required' modifier or declaring the property as nullable. [C:\Users\HP\Downloads\Medical\Medical_Affiliation\Medical_Affiliation.csproj]
C:\Users\HP\Downloads\Medical\Medical_Affiliation\Models\LicInspectionOtherDetailsViewModel.cs(115,23): warning CS8618: Non-nullable property 'SenateCode' must contain a non-null value when exiting constructor. Consider adding the 'required' modifier or declaring the property as nullable. [C:\Users\HP\Downloads\Medical\Medical_Affiliation\Medical_Affiliation.csproj]
C:\Users\HP\Downloads\Medical\Medical_Affiliation\Models\LicInspectionOtherDetailsViewModel.cs(116,23): warning CS8618: Non-nullable property 'Phonenumberselected' must contain a non-null value when exiting constructor. Consider adding the 'required' modifier or declaring the property as nullable. [C:\Users\HP\Downloads\Medical\Medical_Affiliation\Medical_Affiliation.csproj]
C:\Users\HP\Downloads\Medical\Medical_Affiliation\Models\LICMemberReportViewModel.cs(5,23): warning CS8618: Non-nullable property 'MemberName' must contain a non-null value when exiting constructor. Consider adding the 'required' modifier or declaring the property as nullable. [C:\Users\HP\Downloads\Medical\Medical_Affiliation\Medical_Affiliation.csproj]
C:\Users\HP\Downloads\Medical\Medical_Affiliation\Models\LICMemberReportViewModel.cs(6,23): warning CS8618: Non-nullable property 'CollegeName' must contain a non-null value when exiting constructor. Consider adding the 'required' modifier or declaring the property as nullable. [C:\Users\HP\Downloads\Medical\Medical_Affiliation\Medical_Affiliation.csproj]
C:\Users\HP\Downloads\Medical\Medical_Affiliation\Models\LICMemberReportViewModel.cs(7,23): warning CS8618: Non-nullable property 'CollegeCode' must contain a non-null value when exiting constructor. Consider adding the 'required' modifier or declaring the property as nullable. [C:\Users\HP\Downloads\Medical\Medical_Affiliation\Medical_Affiliation.csproj]
C:\Users\HP\Downloads\Medical\Medical_Affiliation\Models\LICMemberReportViewModel.cs(9,23): warning CS8618: Non-nullable property 'TypeOfMember' must contain a non-null value when exiting constructor. Consider adding the 'required' modifier or declaring the property as nullable. [C:\Users\HP\Downloads\Medical\Medical_Affiliation\Medical_Affiliation.csproj]
C:\Users\HP\Downloads\Medical\Medical_Affiliation\Models\LICMemberReportViewModel.cs(10,23): warning CS8618: Non-nullable property 'PhoneNumber' must contain a non-null value when exiting constructor. Consider adding the 'required' modifier or declaring the property as nullable. [C:\Users\HP\Downloads\Medical\Medical_Affiliation\Medical_Affiliation.csproj]
C:\Users\HP\Downloads\Medical\Medical_Affiliation\Models\LICMemberReportViewModel.cs(12,31): warning CS8618: Non-nullable property 'InspectionDates' must contain a non-null value when exiting constructor. Consider adding the 'required' modifier or declaring the property as nullable. [C:\Users\HP\Downloads\Medical\Medical_Affiliation\Medical_Affiliation.csproj]
C:\Users\HP\Downloads\Medical\Medical_Affiliation\Models\LICMemberReportViewModel.cs(14,37): warning CS8618: Non-nullable property 'Claims' must contain a non-null value when exiting constructor. Consider adding the 'required' modifier or declaring the property as nullable. [C:\Users\HP\Downloads\Medical\Medical_Affiliation\Medical_Affiliation.csproj]
C:\Users\HP\Downloads\Medical\Medical_Affiliation\Models\LicInspectionOtherDetailsViewModel.cs(98,23): warning CS8618: Non-nullable property 'SelectedMemberCode' must contain a non-null value when exiting constructor. Consider adding the 'required' modifier or declaring the property as nullable. [C:\Users\HP\Downloads\Medical\Medical_Affiliation\Medical_Affiliation.csproj]
C:\Users\HP\Downloads\Medical\Medical_Affiliation\Models\LicInspectionOtherDetailsViewModel.cs(99,23): warning CS8618: Non-nullable property 'SelectedMemberName' must contain a non-null value when exiting constructor. Consider adding the 'required' modifier or declaring the property as nullable. [C:\Users\HP\Downloads\Medical\Medical_Affiliation\Medical_Affiliation.csproj]
C:\Users\HP\Downloads\Medical\Medical_Affiliation\Models\LicInspectionOtherDetailsViewModel.cs(102,23): warning CS8618: Non-nullable property 'MemberType' must contain a non-null value when exiting constructor. Consider adding the 'required' modifier or declaring the property as nullable. [C:\Users\HP\Downloads\Medical\Medical_Affiliation\Medical_Affiliation.csproj]
C:\Users\HP\Downloads\Medical\Medical_Affiliation\Models\LicInspectionOtherDetailsViewModel.cs(108,23): warning CS8618: Non-nullable property 'collegeCode' must contain a non-null value when exiting constructor. Consider adding the 'required' modifier or declaring the property as nullable. [C:\Users\HP\Downloads\Medical\Medical_Affiliation\Medical_Affiliation.csproj]
C:\Users\HP\Downloads\Medical\Medical_Affiliation\Models\LicInspectionOtherDetailsViewModel.cs(109,23): warning CS8618: Non-nullable property 'collegeName' must contain a non-null value when exiting constructor. Consider adding the 'required' modifier or declaring the property as nullable. [C:\Users\HP\Downloads\Medical\Medical_Affiliation\Medical_Affiliation.csproj]
C:\Users\HP\Downloads\Medical\Medical_Affiliation\Models\LicInspectionOtherDetailsViewModel.cs(86,23): warning CS8618: Non-nullable property 'Name' must contain a non-null value when exiting constructor. Consider adding the 'required' modifier or declaring the property as nullable. [C:\Users\HP\Downloads\Medical\Medical_Affiliation\Medical_Affiliation.csproj]
C:\Users\HP\Downloads\Medical\Medical_Affiliation\Models\LicInspectionOtherDetailsViewModel.cs(87,23): warning CS8618: Non-nullable property 'PhoneNo' must contain a non-null value when exiting constructor. Consider adding the 'required' modifier or declaring the property as nullable. [C:\Users\HP\Downloads\Medical\Medical_Affiliation\Medical_Affiliation.csproj]
C:\Users\HP\Downloads\Medical\Medical_Affiliation\Models\LicInspectionOtherDetailsViewModel.cs(88,23): warning CS8618: Non-nullable property 'RevisedOrder' must contain a non-null value when exiting constructor. Consider adding the 'required' modifier or declaring the property as nullable. [C:\Users\HP\Downloads\Medical\Medical_Affiliation\Medical_Affiliation.csproj]
C:\Users\HP\Downloads\Medical\Medical_Affiliation\Models\LicInspectionOtherDetailsViewModel.cs(54,23): warning CS8618: Non-nullable property 'collegeCode' must contain a non-null value when exiting constructor. Consider adding the 'required' modifier or declaring the property as nullable. [C:\Users\HP\Downloads\Medical\Medical_Affiliation\Medical_Affiliation.csproj]
C:\Users\HP\Downloads\Medical\Medical_Affiliation\Models\LicInspectionOtherDetailsViewModel.cs(55,23): warning CS8618: Non-nullable property 'collegeName' must contain a non-null value when exiting constructor. Consider adding the 'required' modifier or declaring the property as nullable. [C:\Users\HP\Downloads\Medical\Medical_Affiliation\Medical_Affiliation.csproj]
C:\Users\HP\Downloads\Medical\Medical_Affiliation\Models\LicInspectionOtherDetailsViewModel.cs(61,23): warning CS8618: Non-nullable property 'Name' must contain a non-null value when exiting constructor. Consider adding the 'required' modifier or declaring the property as nullable. [C:\Users\HP\Downloads\Medical\Medical_Affiliation\Medical_Affiliation.csproj]
C:\Users\HP\Downloads\Medical\Medical_Affiliation\Models\LicInspectionOtherDetailsViewModel.cs(62,23): warning CS8618: Non-nullable property 'Code' must contain a non-null value when exiting constructor. Consider adding the 'required' modifier or declaring the property as nullable. [C:\Users\HP\Downloads\Medical\Medical_Affiliation\Medical_Affiliation.csproj]
C:\Users\HP\Downloads\Medical\Medical_Affiliation\Models\LicInspectionOtherDetailsViewModel.cs(63,23): warning CS8618: Non-nullable property 'Mobile' must contain a non-null value when exiting constructor. Consider adding the 'required' modifier or declaring the property as nullable. [C:\Users\HP\Downloads\Medical\Medical_Affiliation\Medical_Affiliation.csproj]
C:\Users\HP\Downloads\Medical\Medical_Affiliation\Models\LicInspectionOtherDetailsViewModel.cs(64,23): warning CS8618: Non-nullable property 'Email' must contain a non-null value when exiting constructor. Consider adding the 'required' modifier or declaring the property as nullable. [C:\Users\HP\Downloads\Medical\Medical_Affiliation\Medical_Affiliation.csproj]
C:\Users\HP\Downloads\Medical\Medical_Affiliation\Models\LicInspectionOtherDetailsViewModel.cs(65,23): warning CS8618: Non-nullable property 'Address' must contain a non-null value when exiting constructor. Consider adding the 'required' modifier or declaring the property as nullable. [C:\Users\HP\Downloads\Medical\Medical_Affiliation\Medical_Affiliation.csproj]
C:\Users\HP\Downloads\Medical\Medical_Affiliation\Models\LicInspectionOtherDetailsViewModel.cs(66,23): warning CS8618: Non-nullable property 'CollegeCode' must contain a non-null value when exiting constructor. Consider adding the 'required' modifier or declaring the property as nullable. [C:\Users\HP\Downloads\Medical\Medical_Affiliation\Medical_Affiliation.csproj]
C:\Users\HP\Downloads\Medical\Medical_Affiliation\Models\LicInspectionOtherDetailsViewModel.cs(67,23): warning CS8618: Non-nullable property 'CollegeName' must contain a non-null value when exiting constructor. Consider adding the 'required' modifier or declaring the property as nullable. [C:\Users\HP\Downloads\Medical\Medical_Affiliation\Medical_Affiliation.csproj]
C:\Users\HP\Downloads\Medical\Medical_Affiliation\Models\LicInspectionOtherDetailsViewModel.cs(19,23): warning CS8618: Non-nullable property 'CollegeCode' must contain a non-null value when exiting constructor. Consider adding the 'required' modifier or declaring the property as nullable. [C:\Users\HP\Downloads\Medical\Medical_Affiliation\Medical_Affiliation.csproj]
C:\Users\HP\Downloads\Medical\Medical_Affiliation\Models\LicInspectionOtherDetailsViewModel.cs(20,23): warning CS8618: Non-nullable property 'CollegeName' must contain a non-null value when exiting constructor. Consider adding the 'required' modifier or declaring the property as nullable. [C:\Users\HP\Downloads\Medical\Medical_Affiliation\Medical_Affiliation.csproj]
C:\Users\HP\Downloads\Medical\Medical_Affiliation\Models\LicInspectionOtherDetailsViewModel.cs(21,23): warning CS8618: Non-nullable property 'CollegePlace' must contain a non-null value when exiting constructor. Consider adding the 'required' modifier or declaring the property as nullable. [C:\Users\HP\Downloads\Medical\Medical_Affiliation\Medical_Affiliation.csproj]
C:\Users\HP\Downloads\Medical\Medical_Affiliation\Models\LicInspectionOtherDetailsViewModel.cs(22,23): warning CS8618: Non-nullable property 'SenetMember' must contain a non-null value when exiting constructor. Consider adding the 'required' modifier or declaring the property as nullable. [C:\Users\HP\Downloads\Medical\Medical_Affiliation\Medical_Affiliation.csproj]
C:\Users\HP\Downloads\Medical\Medical_Affiliation\Models\LicInspectionOtherDetailsViewModel.cs(23,23): warning CS8618: Non-nullable property 'SenetMemberPhNo' must contain a non-null value when exiting constructor. Consider adding the 'required' modifier or declaring the property as nullable. [C:\Users\HP\Downloads\Medical\Medical_Affiliation\Medical_Affiliation.csproj]
C:\Users\HP\Downloads\Medical\Medical_Affiliation\Models\LicInspectionOtherDetailsViewModel.cs(8,23): warning CS8618: Non-nullable property 'SenateCode' must contain a non-null value when exiting constructor. Consider adding the 'required' modifier or declaring the property as nullable. [C:\Users\HP\Downloads\Medical\Medical_Affiliation\Medical_Affiliation.csproj]
C:\Users\HP\Downloads\Medical\Medical_Affiliation\Models\LicInspectionOtherDetailsViewModel.cs(9,23): warning CS8618: Non-nullable property 'SenetMemberName' must contain a non-null value when exiting constructor. Consider adding the 'required' modifier or declaring the property as nullable. [C:\Users\HP\Downloads\Medical\Medical_Affiliation\Medical_Affiliation.csproj]
C:\Users\HP\Downloads\Medical\Medical_Affiliation\Models\LicInspectionOtherDetailsViewModel.cs(32,23): warning CS8618: Non-nullable property 'CollegeCode' must contain a non-null value when exiting constructor. Consider adding the 'required' modifier or declaring the property as nullable. [C:\Users\HP\Downloads\Medical\Medical_Affiliation\Medical_Affiliation.csproj]
C:\Users\HP\Downloads\Medical\Medical_Affiliation\Models\LicInspectionOtherDetailsViewModel.cs(33,23): warning CS8618: Non-nullable property 'PhoneNumber' must contain a non-null value when exiting constructor. Consider adding the 'required' modifier or declaring the property as nullable. [C:\Users\HP\Downloads\Medical\Medical_Affiliation\Medical_Affiliation.csproj]
C:\Users\HP\Downloads\Medical\Medical_Affiliation\Models\LicInspectionOtherDetailsViewModel.cs(34,23): warning CS8618: Non-nullable property 'ModeOfTransport' must contain a non-null value when exiting constructor. Consider adding the 'required' modifier or declaring the property as nullable. [C:\Users\HP\Downloads\Medical\Medical_Affiliation\Medical_Affiliation.csproj]
C:\Users\HP\Downloads\Medical\Medical_Affiliation\Models\LicInspectionOtherDetailsViewModel.cs(35,23): warning CS8618: Non-nullable property 'FromPlace' must contain a non-null value when exiting constructor. Consider adding the 'required' modifier or declaring the property as nullable. [C:\Users\HP\Downloads\Medical\Medical_Affiliation\Medical_Affiliation.csproj]
C:\Users\HP\Downloads\Medical\Medical_Affiliation\Models\LicInspectionOtherDetailsViewModel.cs(36,23): warning CS8618: Non-nullable property 'ToPlace' must contain a non-null value when exiting constructor. Consider adding the 'required' modifier or declaring the property as nullable. [C:\Users\HP\Downloads\Medical\Medical_Affiliation\Medical_Affiliation.csproj]
C:\Users\HP\Downloads\Medical\Medical_Affiliation\Models\LicInspectionOtherDetailsViewModel.cs(37,23): warning CS8618: Non-nullable property 'KiloMeters' must contain a non-null value when exiting constructor. Consider adding the 'required' modifier or declaring the property as nullable. [C:\Users\HP\Downloads\Medical\Medical_Affiliation\Medical_Affiliation.csproj]
C:\Users\HP\Downloads\Medical\Medical_Affiliation\Models\LicInspectionOtherDetailsViewModel.cs(38,23): warning CS8618: Non-nullable property 'ReturnFromPlace' must contain a non-null value when exiting constructor. Consider adding the 'required' modifier or declaring the property as nullable. [C:\Users\HP\Downloads\Medical\Medical_Affiliation\Medical_Affiliation.csproj]
C:\Users\HP\Downloads\Medical\Medical_Affiliation\Models\LicInspectionOtherDetailsViewModel.cs(39,23): warning CS8618: Non-nullable property 'ReturnToPlace' must contain a non-null value when exiting constructor. Consider adding the 'required' modifier or declaring the property as nullable. [C:\Users\HP\Downloads\Medical\Medical_Affiliation\Medical_Affiliation.csproj]
C:\Users\HP\Downloads\Medical\Medical_Affiliation\Models\LicInspectionOtherDetailsViewModel.cs(40,23): warning CS8618: Non-nullable property 'ReturnKilometers' must contain a non-null value when exiting constructor. Consider adding the 'required' modifier or declaring the property as nullable. [C:\Users\HP\Downloads\Medical\Medical_Affiliation\Medical_Affiliation.csproj]
C:\Users\HP\Downloads\Medical\Medical_Affiliation\Models\LICCollegeDashboardViewModel.cs(33,23): warning CS8618: Non-nullable property 'FacultyName' must contain a non-null value when exiting constructor. Consider adding the 'required' modifier or declaring the property as nullable. [C:\Users\HP\Downloads\Medical\Medical_Affiliation\Medical_Affiliation.csproj]
C:\Users\HP\Downloads\Medical\Medical_Affiliation\Models\LICCollegeDashboardViewModel.cs(34,23): warning CS8618: Non-nullable property 'EMS_FacultyId' must contain a non-null value when exiting constructor. Consider adding the 'required' modifier or declaring the property as nullable. [C:\Users\HP\Downloads\Medical\Medical_Affiliation\Medical_Affiliation.csproj]
C:\Users\HP\Downloads\Medical\Medical_Affiliation\Models\LICCollegeDashboardViewModel.cs(35,23): warning CS8618: Non-nullable property 'Faculty_Abbre' must contain a non-null value when exiting constructor. Consider adding the 'required' modifier or declaring the property as nullable. [C:\Users\HP\Downloads\Medical\Medical_Affiliation\Medical_Affiliation.csproj]
C:\Users\HP\Downloads\Medical\Medical_Affiliation\Models\LICCollegeDashboardViewModel.cs(36,23): warning CS8618: Non-nullable property 'Status' must contain a non-null value when exiting constructor. Consider adding the 'required' modifier or declaring the property as nullable. [C:\Users\HP\Downloads\Medical\Medical_Affiliation\Medical_Affiliation.csproj]
C:\Users\HP\Downloads\Medical\Medical_Affiliation\Models\LICCollegeDashboardViewModel.cs(43,23): warning CS8618: Non-nullable property 'AcademicYear' must contain a non-null value when exiting constructor. Consider adding the 'required' modifier or declaring the property as nullable. [C:\Users\HP\Downloads\Medical\Medical_Affiliation\Medical_Affiliation.csproj]
C:\Users\HP\Downloads\Medical\Medical_Affiliation\Models\LICCollegeDashboardViewModel.cs(46,23): warning CS8618: Non-nullable property 'ACMember' must contain a non-null value when exiting constructor. Consider adding the 'required' modifier or declaring the property as nullable. [C:\Users\HP\Downloads\Medical\Medical_Affiliation\Medical_Affiliation.csproj]
C:\Users\HP\Downloads\Medical\Medical_Affiliation\Models\LICCollegeDashboardViewModel.cs(47,23): warning CS8618: Non-nullable property 'AcMember_Phno' must contain a non-null value when exiting constructor. Consider adding the 'required' modifier or declaring the property as nullable. [C:\Users\HP\Downloads\Medical\Medical_Affiliation\Medical_Affiliation.csproj]
C:\Users\HP\Downloads\Medical\Medical_Affiliation\Models\LICCollegeDashboardViewModel.cs(50,23): warning CS8618: Non-nullable property 'SenetMember' must contain a non-null value when exiting constructor. Consider adding the 'required' modifier or declaring the property as nullable. [C:\Users\HP\Downloads\Medical\Medical_Affiliation\Medical_Affiliation.csproj]
C:\Users\HP\Downloads\Medical\Medical_Affiliation\Models\LICCollegeDashboardViewModel.cs(51,23): warning CS8618: Non-nullable property 'SenetMember_PhNo' must contain a non-null value when exiting constructor. Consider adding the 'required' modifier or declaring the property as nullable. [C:\Users\HP\Downloads\Medical\Medical_Affiliation\Medical_Affiliation.csproj]
C:\Users\HP\Downloads\Medical\Medical_Affiliation\Models\LICCollegeDashboardViewModel.cs(54,23): warning CS8618: Non-nullable property 'SubjectExpertise' must contain a non-null value when exiting constructor. Consider adding the 'required' modifier or declaring the property as nullable. [C:\Users\HP\Downloads\Medical\Medical_Affiliation\Medical_Affiliation.csproj]
C:\Users\HP\Downloads\Medical\Medical_Affiliation\Models\LICCollegeDashboardViewModel.cs(55,23): warning CS8618: Non-nullable property 'SubjectExpertise_PhNo' must contain a non-null value when exiting constructor. Consider adding the 'required' modifier or declaring the property as nullable. [C:\Users\HP\Downloads\Medical\Medical_Affiliation\Medical_Affiliation.csproj]
C:\Users\HP\Downloads\Medical\Medical_Affiliation\Models\LICCollegeDashboardViewModel.cs(57,23): warning CS8618: Non-nullable property 'FacultyCode' must contain a non-null value when exiting constructor. Consider adding the 'required' modifier or declaring the property as nullable. [C:\Users\HP\Downloads\Medical\Medical_Affiliation\Medical_Affiliation.csproj]
C:\Users\HP\Downloads\Medical\Medical_Affiliation\Models\LICCollegeDashboardViewModel.cs(58,23): warning CS8618: Non-nullable property 'CollegeName' must contain a non-null value when exiting constructor. Consider adding the 'required' modifier or declaring the property as nullable. [C:\Users\HP\Downloads\Medical\Medical_Affiliation\Medical_Affiliation.csproj]
C:\Users\HP\Downloads\Medical\Medical_Affiliation\Models\LICCollegeDashboardViewModel.cs(59,23): warning CS8618: Non-nullable property 'CollegePlace' must contain a non-null value when exiting constructor. Consider adding the 'required' modifier or declaring the property as nullable. [C:\Users\HP\Downloads\Medical\Medical_Affiliation\Medical_Affiliation.csproj]
C:\Users\HP\Downloads\Medical\Medical_Affiliation\Models\LICCollegeDashboardViewModel.cs(60,23): warning CS8618: Non-nullable property 'CollegeCode' must contain a non-null value when exiting constructor. Consider adding the 'required' modifier or declaring the property as nullable. [C:\Users\HP\Downloads\Medical\Medical_Affiliation\Medical_Affiliation.csproj]
C:\Users\HP\Downloads\Medical\Medical_Affiliation\Models\LICCollegeDashboardViewModel.cs(61,23): warning CS8618: Non-nullable property 'SE_RevisedOrder' must contain a non-null value when exiting constructor. Consider adding the 'required' modifier or declaring the property as nullable. [C:\Users\HP\Downloads\Medical\Medical_Affiliation\Medical_Affiliation.csproj]
C:\Users\HP\Downloads\Medical\Medical_Affiliation\Models\LICCollegeDashboardViewModel.cs(64,23): warning CS8618: Non-nullable property 'FacultyName' must contain a non-null value when exiting constructor. Consider adding the 'required' modifier or declaring the property as nullable. [C:\Users\HP\Downloads\Medical\Medical_Affiliation\Medical_Affiliation.csproj]
C:\Users\HP\Downloads\Medical\Medical_Affiliation\Models\LICCollegeDashboardViewModel.cs(65,23): warning CS8618: Non-nullable property 'FacultyAbbreviation' must contain a non-null value when exiting constructor. Consider adding the 'required' modifier or declaring the property as nullable. [C:\Users\HP\Downloads\Medical\Medical_Affiliation\Medical_Affiliation.csproj]
C:\Users\HP\Downloads\Medical\Medical_Affiliation\Models\LICCollegeDashboardViewModel.cs(68,23): warning CS8618: Non-nullable property 'ClaimStatus' must contain a non-null value when exiting constructor. Consider adding the 'required' modifier or declaring the property as nullable. [C:\Users\HP\Downloads\Medical\Medical_Affiliation\Medical_Affiliation.csproj]
C:\Users\HP\Downloads\Medical\Medical_Affiliation\Models\LICCollegeDashboardViewModel.cs(69,23): warning CS8618: Non-nullable property 'ClaimMobile' must contain a non-null value when exiting constructor. Consider adding the 'required' modifier or declaring the property as nullable. [C:\Users\HP\Downloads\Medical\Medical_Affiliation\Medical_Affiliation.csproj]
C:\Users\HP\Downloads\Medical\Medical_Affiliation\Models\LICCollegeDashboardViewModel.cs(5,23): warning CS8618: Non-nullable property 'CollegeName' must contain a non-null value when exiting constructor. Consider adding the 'required' modifier or declaring the property as nullable. [C:\Users\HP\Downloads\Medical\Medical_Affiliation\Medical_Affiliation.csproj]
C:\Users\HP\Downloads\Medical\Medical_Affiliation\Models\LICCollegeDashboardViewModel.cs(8,23): warning CS8618: Non-nullable property 'CollegeCode' must contain a non-null value when exiting constructor. Consider adding the 'required' modifier or declaring the property as nullable. [C:\Users\HP\Downloads\Medical\Medical_Affiliation\Medical_Affiliation.csproj]
C:\Users\HP\Downloads\Medical\Medical_Affiliation\Models\LICCollegeDashboardViewModel.cs(10,33): warning CS8618: Non-nullable property 'SenateMember' must contain a non-null value when exiting constructor. Consider adding the 'required' modifier or declaring the property as nullable. [C:\Users\HP\Downloads\Medical\Medical_Affiliation\Medical_Affiliation.csproj]
C:\Users\HP\Downloads\Medical\Medical_Affiliation\Models\LICCollegeDashboardViewModel.cs(12,33): warning CS8618: Non-nullable property 'ACMember' must contain a non-null value when exiting constructor. Consider adding the 'required' modifier or declaring the property as nullable. [C:\Users\HP\Downloads\Medical\Medical_Affiliation\Medical_Affiliation.csproj]
C:\Users\HP\Downloads\Medical\Medical_Affiliation\Models\LICCollegeDashboardViewModel.cs(14,33): warning CS8618: Non-nullable property 'SubjectExpert' must contain a non-null value when exiting constructor. Consider adding the 'required' modifier or declaring the property as nullable. [C:\Users\HP\Downloads\Medical\Medical_Affiliation\Medical_Affiliation.csproj]
C:\Users\HP\Downloads\Medical\Medical_Affiliation\Models\LICCollegeDashboardViewModel.cs(18,23): warning CS8618: Non-nullable property 'ApprovalStatus' must contain a non-null value when exiting constructor. Consider adding the 'required' modifier or declaring the property as nullable. [C:\Users\HP\Downloads\Medical\Medical_Affiliation\Medical_Affiliation.csproj]
C:\Users\HP\Downloads\Medical\Medical_Affiliation\Models\LICCollegeDashboardViewModel.cs(19,23): warning CS8618: Non-nullable property 'LicApprovalFileName' must contain a non-null value when exiting constructor. Consider adding the 'required' modifier or declaring the property as nullable. [C:\Users\HP\Downloads\Medical\Medical_Affiliation\Medical_Affiliation.csproj]
C:\Users\HP\Downloads\Medical\Medical_Affiliation\Models\InstitutionBasicDetailsViewModel.cs(575,23): warning CS8618: Non-nullable property 'FacultyCode' must contain a non-null value when exiting constructor. Consider adding the 'required' modifier or declaring the property as nullable. [C:\Users\HP\Downloads\Medical\Medical_Affiliation\Medical_Affiliation.csproj]
C:\Users\HP\Downloads\Medical\Medical_Affiliation\Models\InstitutionBasicDetailsViewModel.cs(576,23): warning CS8618: Non-nullable property 'CollegeCode' must contain a non-null value when exiting constructor. Consider adding the 'required' modifier or declaring the property as nullable. [C:\Users\HP\Downloads\Medical\Medical_Affiliation\Medical_Affiliation.csproj]
C:\Users\HP\Downloads\Medical\Medical_Affiliation\Models\InstitutionBasicDetailsViewModel.cs(577,23): warning CS8618: Non-nullable property 'PostHeld' must contain a non-null value when exiting constructor. Consider adding the 'required' modifier or declaring the property as nullable. [C:\Users\HP\Downloads\Medical\Medical_Affiliation\Medical_Affiliation.csproj]
C:\Users\HP\Downloads\Medical\Medical_Affiliation\Models\LICCollegeDashboardViewModel.cs(76,23): warning CS8618: Non-nullable property 'Name' must contain a non-null value when exiting constructor. Consider adding the 'required' modifier or declaring the property as nullable. [C:\Users\HP\Downloads\Medical\Medical_Affiliation\Medical_Affiliation.csproj]
C:\Users\HP\Downloads\Medical\Medical_Affiliation\Models\LICCollegeDashboardViewModel.cs(77,23): warning CS8618: Non-nullable property 'TypeofMember' must contain a non-null value when exiting constructor. Consider adding the 'required' modifier or declaring the property as nullable. [C:\Users\HP\Downloads\Medical\Medical_Affiliation\Medical_Affiliation.csproj]
C:\Users\HP\Downloads\Medical\Medical_Affiliation\Models\LICCollegeDashboardViewModel.cs(78,23): warning CS8618: Non-nullable property 'MobileNumber' must contain a non-null value when exiting constructor. Consider adding the 'required' modifier or declaring the property as nullable. [C:\Users\HP\Downloads\Medical\Medical_Affiliation\Medical_Affiliation.csproj]
C:\Users\HP\Downloads\Medical\Medical_Affiliation\Models\LICCollegeDashboardViewModel.cs(91,23): warning CS8618: Non-nullable property 'SearchTerm' must contain a non-null value when exiting constructor. Consider adding the 'required' modifier or declaring the property as nullable. [C:\Users\HP\Downloads\Medical\Medical_Affiliation\Medical_Affiliation.csproj]
C:\Users\HP\Downloads\Medical\Medical_Affiliation\Models\LICCollegeDashboardViewModel.cs(92,23): warning CS8618: Non-nullable property 'StatusFilter' must contain a non-null value when exiting constructor. Consider adding the 'required' modifier or declaring the property as nullable. [C:\Users\HP\Downloads\Medical\Medical_Affiliation\Medical_Affiliation.csproj]
C:\Users\HP\Downloads\Medical\Medical_Affiliation\Models\InstitutionBasicDetailsViewModel.cs(364,23): warning CS8618: Non-nullable property 'FacultyName' must contain a non-null value when exiting constructor. Consider adding the 'required' modifier or declaring the property as nullable. [C:\Users\HP\Downloads\Medical\Medical_Affiliation\Medical_Affiliation.csproj]
C:\Users\HP\Downloads\Medical\Medical_Affiliation\Models\InstitutionBasicDetailsViewModel.cs(365,23): warning CS8618: Non-nullable property 'Designation' must contain a non-null value when exiting constructor. Consider adding the 'required' modifier or declaring the property as nullable. [C:\Users\HP\Downloads\Medical\Medical_Affiliation\Medical_Affiliation.csproj]
C:\Users\HP\Downloads\Medical\Medical_Affiliation\Models\InstitutionBasicDetailsViewModel.cs(366,23): warning CS8618: Non-nullable property 'Qualification' must contain a non-null value when exiting constructor. Consider adding the 'required' modifier or declaring the property as nullable. [C:\Users\HP\Downloads\Medical\Medical_Affiliation\Medical_Affiliation.csproj]
C:\Users\HP\Downloads\Medical\Medical_Affiliation\Models\InstitutionBasicDetailsViewModel.cs(368,23): warning CS8618: Non-nullable property 'Remarks' must contain a non-null value when exiting constructor. Consider adding the 'required' modifier or declaring the property as nullable. [C:\Users\HP\Downloads\Medical\Medical_Affiliation\Medical_Affiliation.csproj]
C:\Users\HP\Downloads\Medical\Medical_Affiliation\Models\InstitutionBasicDetailsViewModel.cs(355,23): warning CS8618: Non-nullable property 'CollegeCode' must contain a non-null value when exiting constructor. Consider adding the 'required' modifier or declaring the property as nullable. [C:\Users\HP\Downloads\Medical\Medical_Affiliation\Medical_Affiliation.csproj]
C:\Users\HP\Downloads\Medical\Medical_Affiliation\Models\InstitutionBasicDetailsViewModel.cs(356,23): warning CS8618: Non-nullable property 'FacultyCode' must contain a non-null value when exiting constructor. Consider adding the 'required' modifier or declaring the property as nullable. [C:\Users\HP\Downloads\Medical\Medical_Affiliation\Medical_Affiliation.csproj]
C:\Users\HP\Downloads\Medical\Medical_Affiliation\Models\InstitutionBasicDetailsViewModel.cs(347,41): warning CS8618: Non-nullable property 'AffSanIntake' must contain a non-null value when exiting constructor. Consider adding the 'required' modifier or declaring the property as nullable. [C:\Users\HP\Downloads\Medical\Medical_Affiliation\Medical_Affiliation.csproj]
C:\Users\HP\Downloads\Medical\Medical_Affiliation\Models\InstitutionBasicDetailsViewModel.cs(348,39): warning CS8618: Non-nullable property 'AffCourseDetails' must contain a non-null value when exiting constructor. Consider adding the 'required' modifier or declaring the property as nullable. [C:\Users\HP\Downloads\Medical\Medical_Affiliation\Medical_Affiliation.csproj]
C:\Users\HP\Downloads\Medical\Medical_Affiliation\Models\InstitutionBasicDetailsViewModel.cs(349,44): warning CS8618: Non-nullable property 'InstituteDetails' must contain a non-null value when exiting constructor. Consider adding the 'required' modifier or declaring the property as nullable. [C:\Users\HP\Downloads\Medical\Medical_Affiliation\Medical_Affiliation.csproj]
C:\Users\HP\Downloads\Medical\Medical_Affiliation\Models\InstitutionBasicDetailsViewModel.cs(350,49): warning CS8618: Non-nullable property 'NursingInstituteDetails' must contain a non-null value when exiting constructor. Consider adding the 'required' modifier or declaring the property as nullable. [C:\Users\HP\Downloads\Medical\Medical_Affiliation\Medical_Affiliation.csproj]
C:\Users\HP\Downloads\Medical\Medical_Affiliation\Models\InstitutionBasicDetailsViewModel.cs(351,41): warning CS8618: Non-nullable property 'TrustMemberDetails' must contain a non-null value when exiting constructor. Consider adding the 'required' modifier or declaring the property as nullable. [C:\Users\HP\Downloads\Medical\Medical_Affiliation\Medical_Affiliation.csproj]
C:\Users\HP\Downloads\Medical\Medical_Affiliation\Models\InstitutionBasicDetailsViewModel.cs(279,23): warning CS8618: Non-nullable property 'FacultyCode' must contain a non-null value when exiting constructor. Consider adding the 'required' modifier or declaring the property as nullable. [C:\Users\HP\Downloads\Medical\Medical_Affiliation\Medical_Affiliation.csproj]
C:\Users\HP\Downloads\Medical\Medical_Affiliation\Models\InstitutionBasicDetailsViewModel.cs(280,23): warning CS8618: Non-nullable property 'CollegeCode' must contain a non-null value when exiting constructor. Consider adding the 'required' modifier or declaring the property as nullable. [C:\Users\HP\Downloads\Medical\Medical_Affiliation\Medical_Affiliation.csproj]
C:\Users\HP\Downloads\Medical\Medical_Affiliation\Models\InstitutionBasicDetailsViewModel.cs(267,23): warning CS8618: Non-nullable property 'HostelFacilityName' must contain a non-null value when exiting constructor. Consider adding the 'required' modifier or declaring the property as nullable. [C:\Users\HP\Downloads\Medical\Medical_Affiliation\Medical_Affiliation.csproj]
C:\Users\HP\Downloads\Medical\Medical_Affiliation\Models\InstitutionBasicDetailsViewModel.cs(272,23): warning CS8618: Non-nullable property 'FacultyCode' must contain a non-null value when exiting constructor. Consider adding the 'required' modifier or declaring the property as nullable. [C:\Users\HP\Downloads\Medical\Medical_Affiliation\Medical_Affiliation.csproj]
C:\Users\HP\Downloads\Medical\Medical_Affiliation\Models\InstitutionBasicDetailsViewModel.cs(273,23): warning CS8618: Non-nullable property 'CollegeCode' must contain a non-null value when exiting constructor. Consider adding the 'required' modifier or declaring the property as nullable. [C:\Users\HP\Downloads\Medical\Medical_Affiliation\Medical_Affiliation.csproj]
C:\Users\HP\Downloads\Medical\Medical_Affiliation\Controllers\AffiliationPgCourseController.cs(698,50): warning CS8604: Possible null reference argument for parameter 'file' in 'Task<string?> AffiliationPgCourseController.SavePgFileAsync(IFormFile file, string subFolder)'. [C:\Users\HP\Downloads\Medical\Medical_Affiliation\Medical_Affiliation.csproj]
C:\Users\HP\Downloads\Medical\Medical_Affiliation\Models\InstitutionBasicDetailsViewModel.cs(288,23): warning CS8618: Non-nullable property 'NameOfFaculty' must contain a non-null value when exiting constructor. Consider adding the 'required' modifier or declaring the property as nullable. [C:\Users\HP\Downloads\Medical\Medical_Affiliation\Medical_Affiliation.csproj]
C:\Users\HP\Downloads\Medical\Medical_Affiliation\Models\InstitutionBasicDetailsViewModel.cs(289,23): warning CS8618: Non-nullable property 'Subject' must contain a non-null value when exiting constructor. Consider adding the 'required' modifier or declaring the property as nullable. [C:\Users\HP\Downloads\Medical\Medical_Affiliation\Medical_Affiliation.csproj]
C:\Users\HP\Downloads\Medical\Medical_Affiliation\Models\InstitutionBasicDetailsViewModel.cs(291,23): warning CS8618: Non-nullable property 'Mobile' must contain a non-null value when exiting constructor. Consider adding the 'required' modifier or declaring the property as nullable. [C:\Users\HP\Downloads\Medical\Medical_Affiliation\Medical_Affiliation.csproj]
C:\Users\HP\Downloads\Medical\Medical_Affiliation\Models\InstitutionBasicDetailsViewModel.cs(292,23): warning CS8618: Non-nullable property 'Email' must contain a non-null value when exiting constructor. Consider adding the 'required' modifier or declaring the property as nullable. [C:\Users\HP\Downloads\Medical\Medical_Affiliation\Medical_Affiliation.csproj]
C:\Users\HP\Downloads\Medical\Medical_Affiliation\Models\InstitutionBasicDetailsViewModel.cs(293,23): warning CS8618: Non-nullable property 'Aadhaar' must contain a non-null value when exiting constructor. Consider adding the 'required' modifier or declaring the property as nullable. [C:\Users\HP\Downloads\Medical\Medical_Affiliation\Medical_Affiliation.csproj]
C:\Users\HP\Downloads\Medical\Medical_Affiliation\Models\InstitutionBasicDetailsViewModel.cs(294,23): warning CS8618: Non-nullable property 'PAN' must contain a non-null value when exiting constructor. Consider adding the 'required' modifier or declaring the property as nullable. [C:\Users\HP\Downloads\Medical\Medical_Affiliation\Medical_Affiliation.csproj]
C:\Users\HP\Downloads\Medical\Medical_Affiliation\Models\InstitutionBasicDetailsViewModel.cs(295,23): warning CS8618: Non-nullable property 'RN_RMNumber' must contain a non-null value when exiting constructor. Consider adding the 'required' modifier or declaring the property as nullable. [C:\Users\HP\Downloads\Medical\Medical_Affiliation\Medical_Affiliation.csproj]
C:\Users\HP\Downloads\Medical\Medical_Affiliation\Models\InstitutionBasicDetailsViewModel.cs(296,23): warning CS8618: Non-nullable property 'Department' must contain a non-null value when exiting constructor. Consider adding the 'required' modifier or declaring the property as nullable. [C:\Users\HP\Downloads\Medical\Medical_Affiliation\Medical_Affiliation.csproj]
C:\Users\HP\Downloads\Medical\Medical_Affiliation\Models\InstitutionBasicDetailsViewModel.cs(297,23): warning CS8618: Non-nullable property 'DepartmentDetails' must contain a non-null value when exiting constructor. Consider adding the 'required' modifier or declaring the property as nullable. [C:\Users\HP\Downloads\Medical\Medical_Affiliation\Medical_Affiliation.csproj]
C:\Users\HP\Downloads\Medical\Medical_Affiliation\Models\InstitutionBasicDetailsViewModel.cs(298,23): warning CS8618: Non-nullable property 'SelectedDepartment' must contain a non-null value when exiting constructor. Consider adding the 'required' modifier or declaring the property as nullable. [C:\Users\HP\Downloads\Medical\Medical_Affiliation\Medical_Affiliation.csproj]
C:\Users\HP\Downloads\Medical\Medical_Affiliation\Models\InstitutionBasicDetailsViewModel.cs(299,23): warning CS8618: Non-nullable property 'Designation' must contain a non-null value when exiting constructor. Consider adding the 'required' modifier or declaring the property as nullable. [C:\Users\HP\Downloads\Medical\Medical_Affiliation\Medical_Affiliation.csproj]
C:\Users\HP\Downloads\Medical\Medical_Affiliation\Models\InstitutionBasicDetailsViewModel.cs(300,23): warning CS8618: Non-nullable property 'Qualification' must contain a non-null value when exiting constructor. Consider adding the 'required' modifier or declaring the property as nullable. [C:\Users\HP\Downloads\Medical\Medical_Affiliation\Medical_Affiliation.csproj]
C:\Users\HP\Downloads\Medical\Medical_Affiliation\Models\InstitutionBasicDetailsViewModel.cs(301,23): warning CS8618: Non-nullable property 'UGInstituteName' must contain a non-null value when exiting constructor. Consider adding the 'required' modifier or declaring the property as nullable. [C:\Users\HP\Downloads\Medical\Medical_Affiliation\Medical_Affiliation.csproj]
C:\Users\HP\Downloads\Medical\Medical_Affiliation\Models\InstitutionBasicDetailsViewModel.cs(303,23): warning CS8618: Non-nullable property 'PGInstituteName' must contain a non-null value when exiting constructor. Consider adding the 'required' modifier or declaring the property as nullable. [C:\Users\HP\Downloads\Medical\Medical_Affiliation\Medical_Affiliation.csproj]
C:\Users\HP\Downloads\Medical\Medical_Affiliation\Models\InstitutionBasicDetailsViewModel.cs(305,23): warning CS8618: Non-nullable property 'PGPassingSpecialization' must contain a non-null value when exiting constructor. Consider adding the 'required' modifier or declaring the property as nullable. [C:\Users\HP\Downloads\Medical\Medical_Affiliation\Medical_Affiliation.csproj]
C:\Users\HP\Downloads\Medical\Medical_Affiliation\Models\InstitutionBasicDetailsViewModel.cs(313,23): warning CS8618: Non-nullable property 'ExaminerFor' must contain a non-null value when exiting constructor. Consider adding the 'required' modifier or declaring the property as nullable. [C:\Users\HP\Downloads\Medical\Medical_Affiliation\Medical_Affiliation.csproj]
C:\Users\HP\Downloads\Medical\Medical_Affiliation\Models\InstitutionBasicDetailsViewModel.cs(314,29): warning CS8618: Non-nullable property 'ExaminerForList' must contain a non-null value when exiting constructor. Consider adding the 'required' modifier or declaring the property as nullable. [C:\Users\HP\Downloads\Medical\Medical_Affiliation\Medical_Affiliation.csproj]
C:\Users\HP\Downloads\Medical\Medical_Affiliation\Models\InstitutionBasicDetailsViewModel.cs(316,23): warning CS8618: Non-nullable property 'NRTSNumber' must contain a non-null value when exiting constructor. Consider adding the 'required' modifier or declaring the property as nullable. [C:\Users\HP\Downloads\Medical\Medical_Affiliation\Medical_Affiliation.csproj]
C:\Users\HP\Downloads\Medical\Medical_Affiliation\Models\InstitutionBasicDetailsViewModel.cs(317,23): warning CS8618: Non-nullable property 'RGUHSTIN' must contain a non-null value when exiting constructor. Consider adding the 'required' modifier or declaring the property as nullable. [C:\Users\HP\Downloads\Medical\Medical_Affiliation\Medical_Affiliation.csproj]
C:\Users\HP\Downloads\Medical\Medical_Affiliation\Models\InstitutionBasicDetailsViewModel.cs(318,23): warning CS8618: Non-nullable property 'RemoveRemarks' must contain a non-null value when exiting constructor. Consider adding the 'required' modifier or declaring the property as nullable. [C:\Users\HP\Downloads\Medical\Medical_Affiliation\Medical_Affiliation.csproj]
C:\Users\HP\Downloads\Medical\Medical_Affiliation\Models\InstitutionBasicDetailsViewModel.cs(322,26): warning CS8618: Non-nullable property 'AadhaarDocument' must contain a non-null value when exiting constructor. Consider adding the 'required' modifier or declaring the property as nullable. [C:\Users\HP\Downloads\Medical\Medical_Affiliation\Medical_Affiliation.csproj]
C:\Users\HP\Downloads\Medical\Medical_Affiliation\Models\InstitutionBasicDetailsViewModel.cs(323,26): warning CS8618: Non-nullable property 'PANDocument' must contain a non-null value when exiting constructor. Consider adding the 'required' modifier or declaring the property as nullable. [C:\Users\HP\Downloads\Medical\Medical_Affiliation\Medical_Affiliation.csproj]
C:\Users\HP\Downloads\Medical\Medical_Affiliation\Models\InstitutionBasicDetailsViewModel.cs(324,26): warning CS8618: Non-nullable property 'RN_RMDocument' must contain a non-null value when exiting constructor. Consider adding the 'required' modifier or declaring the property as nullable. [C:\Users\HP\Downloads\Medical\Medical_Affiliation\Medical_Affiliation.csproj]
C:\Users\HP\Downloads\Medical\Medical_Affiliation\Models\InstitutionBasicDetailsViewModel.cs(325,26): warning CS8618: Non-nullable property 'Form16OrLast6MonthsStatement' must contain a non-null value when exiting constructor. Consider adding the 'required' modifier or declaring the property as nullable. [C:\Users\HP\Downloads\Medical\Medical_Affiliation\Medical_Affiliation.csproj]
C:\Users\HP\Downloads\Medical\Medical_Affiliation\Models\InstitutionBasicDetailsViewModel.cs(326,26): warning CS8618: Non-nullable property 'AppointmentOrderDocument' must contain a non-null value when exiting constructor. Consider adding the 'required' modifier or declaring the property as nullable. [C:\Users\HP\Downloads\Medical\Medical_Affiliation\Medical_Affiliation.csproj]
C:\Users\HP\Downloads\Medical\Medical_Affiliation\Models\InstitutionBasicDetailsViewModel.cs(327,26): warning CS8618: Non-nullable property 'GuideRecognitionDoc' must contain a non-null value when exiting constructor. Consider adding the 'required' modifier or declaring the property as nullable. [C:\Users\HP\Downloads\Medical\Medical_Affiliation\Medical_Affiliation.csproj]
C:\Users\HP\Downloads\Medical\Medical_Affiliation\Models\InstitutionBasicDetailsViewModel.cs(328,26): warning CS8618: Non-nullable property 'PhDRecognitionDoc' must contain a non-null value when exiting constructor. Consider adding the 'required' modifier or declaring the property as nullable. [C:\Users\HP\Downloads\Medical\Medical_Affiliation\Medical_Affiliation.csproj]
C:\Users\HP\Downloads\Medical\Medical_Affiliation\Models\InstitutionBasicDetailsViewModel.cs(329,26): warning CS8618: Non-nullable property 'LitigationDoc' must contain a non-null value when exiting constructor. Consider adding the 'required' modifier or declaring the property as nullable. [C:\Users\HP\Downloads\Medical\Medical_Affiliation\Medical_Affiliation.csproj]
C:\Users\HP\Downloads\Medical\Medical_Affiliation\Models\InstitutionBasicDetailsViewModel.cs(332,37): warning CS8618: Non-nullable property 'Subjects' must contain a non-null value when exiting constructor. Consider adding the 'required' modifier or declaring the property as nullable. [C:\Users\HP\Downloads\Medical\Medical_Affiliation\Medical_Affiliation.csproj]
C:\Users\HP\Downloads\Medical\Medical_Affiliation\Models\InstitutionBasicDetailsViewModel.cs(333,37): warning CS8618: Non-nullable property 'Designations' must contain a non-null value when exiting constructor. Consider adding the 'required' modifier or declaring the property as nullable. [C:\Users\HP\Downloads\Medical\Medical_Affiliation\Medical_Affiliation.csproj]
C:\Users\HP\Downloads\Medical\Medical_Affiliation\Models\InstitutionBasicDetailsViewModel.cs(334,37): warning CS8618: Non-nullable property 'DepartmentDetailsList' must contain a non-null value when exiting constructor. Consider adding the 'required' modifier or declaring the property as nullable. [C:\Users\HP\Downloads\Medical\Medical_Affiliation\Medical_Affiliation.csproj]
C:\Users\HP\Downloads\Medical\Medical_Affiliation\Models\InstitutionBasicDetailsViewModel.cs(335,26): warning CS8618: Non-nullable property 'OnlineTeachersDatabase' must contain a non-null value when exiting constructor. Consider adding the 'required' modifier or declaring the property as nullable. [C:\Users\HP\Downloads\Medical\Medical_Affiliation\Medical_Affiliation.csproj]
C:\Users\HP\Downloads\Medical\Medical_Affiliation\Models\InstitutionBasicDetailsViewModel.cs(336,26): warning CS8618: Non-nullable property 'madetorecruit' must contain a non-null value when exiting constructor. Consider adding the 'required' modifier or declaring the property as nullable. [C:\Users\HP\Downloads\Medical\Medical_Affiliation\Medical_Affiliation.csproj]
C:\Users\HP\Downloads\Medical\Medical_Affiliation\Models\InstitutionBasicDetailsViewModel.cs(120,23): warning CS8618: Non-nullable property 'FacultyCode' must contain a non-null value when exiting constructor. Consider adding the 'required' modifier or declaring the property as nullable. [C:\Users\HP\Downloads\Medical\Medical_Affiliation\Medical_Affiliation.csproj]
C:\Users\HP\Downloads\Medical\Medical_Affiliation\Models\InstitutionBasicDetailsViewModel.cs(121,23): warning CS8618: Non-nullable property 'CollegeCode' must contain a non-null value when exiting constructor. Consider adding the 'required' modifier or declaring the property as nullable. [C:\Users\HP\Downloads\Medical\Medical_Affiliation\Medical_Affiliation.csproj]
C:\Users\HP\Downloads\Medical\Medical_Affiliation\Models\InstitutionBasicDetailsViewModel.cs(101,23): warning CS8618: Non-nullable property 'FacultyCode' must contain a non-null value when exiting constructor. Consider adding the 'required' modifier or declaring the property as nullable. [C:\Users\HP\Downloads\Medical\Medical_Affiliation\Medical_Affiliation.csproj]
C:\Users\HP\Downloads\Medical\Medical_Affiliation\Models\InstitutionBasicDetailsViewModel.cs(102,23): warning CS8618: Non-nullable property 'CollegeCode' must contain a non-null value when exiting constructor. Consider adding the 'required' modifier or declaring the property as nullable. [C:\Users\HP\Downloads\Medical\Medical_Affiliation\Medical_Affiliation.csproj]
C:\Users\HP\Downloads\Medical\Medical_Affiliation\Models\InstitutionBasicDetailsViewModel.cs(103,23): warning CS8618: Non-nullable property 'TrustMemberName' must contain a non-null value when exiting constructor. Consider adding the 'required' modifier or declaring the property as nullable. [C:\Users\HP\Downloads\Medical\Medical_Affiliation\Medical_Affiliation.csproj]
C:\Users\HP\Downloads\Medical\Medical_Affiliation\Models\InstitutionBasicDetailsViewModel.cs(105,23): warning CS8618: Non-nullable property 'Qualification' must contain a non-null value when exiting constructor. Consider adding the 'required' modifier or declaring the property as nullable. [C:\Users\HP\Downloads\Medical\Medical_Affiliation\Medical_Affiliation.csproj]
C:\Users\HP\Downloads\Medical\Medical_Affiliation\Models\InstitutionBasicDetailsViewModel.cs(106,23): warning CS8618: Non-nullable property 'MobileNumber' must contain a non-null value when exiting constructor. Consider adding the 'required' modifier or declaring the property as nullable. [C:\Users\HP\Downloads\Medical\Medical_Affiliation\Medical_Affiliation.csproj]
C:\Users\HP\Downloads\Medical\Medical_Affiliation\Models\InstitutionBasicDetailsViewModel.cs(110,23): warning CS8618: Non-nullable property 'JoiningDateString' must contain a non-null value when exiting constructor. Consider adding the 'required' modifier or declaring the property as nullable. [C:\Users\HP\Downloads\Medical\Medical_Affiliation\Medical_Affiliation.csproj]
C:\Users\HP\Downloads\Medical\Medical_Affiliation\Models\InstitutionBasicDetailsViewModel.cs(115,23): warning CS8618: Non-nullable property 'Designation' must contain a non-null value when exiting constructor. Consider adding the 'required' modifier or declaring the property as nullable. [C:\Users\HP\Downloads\Medical\Medical_Affiliation\Medical_Affiliation.csproj]
C:\Users\HP\Downloads\Medical\Medical_Affiliation\Models\InstitutionBasicDetailsViewModel.cs(376,23): warning CS8618: Non-nullable property 'CollegeCode' must contain a non-null value when exiting constructor. Consider adding the 'required' modifier or declaring the property as nullable. [C:\Users\HP\Downloads\Medical\Medical_Affiliation\Medical_Affiliation.csproj]
C:\Users\HP\Downloads\Medical\Medical_Affiliation\Models\InstitutionBasicDetailsViewModel.cs(377,23): warning CS8618: Non-nullable property 'FacultyCode' must contain a non-null value when exiting constructor. Consider adding the 'required' modifier or declaring the property as nullable. [C:\Users\HP\Downloads\Medical\Medical_Affiliation\Medical_Affiliation.csproj]
C:\Users\HP\Downloads\Medical\Medical_Affiliation\Models\InstitutionBasicDetailsViewModel.cs(379,23): warning CS8618: Non-nullable property 'TypeOfInstitution' must contain a non-null value when exiting constructor. Consider adding the 'required' modifier or declaring the property as nullable. [C:\Users\HP\Downloads\Medical\Medical_Affiliation\Medical_Affiliation.csproj]
C:\Users\HP\Downloads\Medical\Medical_Affiliation\Models\InstitutionBasicDetailsViewModel.cs(380,23): warning CS8618: Non-nullable property 'NameOfInstitution' must contain a non-null value when exiting constructor. Consider adding the 'required' modifier or declaring the property as nullable. [C:\Users\HP\Downloads\Medical\Medical_Affiliation\Medical_Affiliation.csproj]
C:\Users\HP\Downloads\Medical\Medical_Affiliation\Models\InstitutionBasicDetailsViewModel.cs(381,23): warning CS8618: Non-nullable property 'Address' must contain a non-null value when exiting constructor. Consider adding the 'required' modifier or declaring the property as nullable. [C:\Users\HP\Downloads\Medical\Medical_Affiliation\Medical_Affiliation.csproj]
C:\Users\HP\Downloads\Medical\Medical_Affiliation\Models\InstitutionBasicDetailsViewModel.cs(382,23): warning CS8618: Non-nullable property 'VillageTownCity' must contain a non-null value when exiting constructor. Consider adding the 'required' modifier or declaring the property as nullable. [C:\Users\HP\Downloads\Medical\Medical_Affiliation\Medical_Affiliation.csproj]
C:\Users\HP\Downloads\Medical\Medical_Affiliation\Models\InstitutionBasicDetailsViewModel.cs(383,23): warning CS8618: Non-nullable property 'Taluk' must contain a non-null value when exiting constructor. Consider adding the 'required' modifier or declaring the property as nullable. [C:\Users\HP\Downloads\Medical\Medical_Affiliation\Medical_Affiliation.csproj]
C:\Users\HP\Downloads\Medical\Medical_Affiliation\Models\InstitutionBasicDetailsViewModel.cs(384,23): warning CS8618: Non-nullable property 'District' must contain a non-null value when exiting constructor. Consider adding the 'required' modifier or declaring the property as nullable. [C:\Users\HP\Downloads\Medical\Medical_Affiliation\Medical_Affiliation.csproj]
C:\Users\HP\Downloads\Medical\Medical_Affiliation\Models\InstitutionBasicDetailsViewModel.cs(385,23): warning CS8618: Non-nullable property 'PinCode' must contain a non-null value when exiting constructor. Consider adding the 'required' modifier or declaring the property as nullable. [C:\Users\HP\Downloads\Medical\Medical_Affiliation\Medical_Affiliation.csproj]
C:\Users\HP\Downloads\Medical\Medical_Affiliation\Models\InstitutionBasicDetailsViewModel.cs(386,23): warning CS8618: Non-nullable property 'MobileNumber' must contain a non-null value when exiting constructor. Consider adding the 'required' modifier or declaring the property as nullable. [C:\Users\HP\Downloads\Medical\Medical_Affiliation\Medical_Affiliation.csproj]
C:\Users\HP\Downloads\Medical\Medical_Affiliation\Models\InstitutionBasicDetailsViewModel.cs(387,23): warning CS8618: Non-nullable property 'StdCode' must contain a non-null value when exiting constructor. Consider adding the 'required' modifier or declaring the property as nullable. [C:\Users\HP\Downloads\Medical\Medical_Affiliation\Medical_Affiliation.csproj]
C:\Users\HP\Downloads\Medical\Medical_Affiliation\Models\InstitutionBasicDetailsViewModel.cs(388,23): warning CS8618: Non-nullable property 'Fax' must contain a non-null value when exiting constructor. Consider adding the 'required' modifier or declaring the property as nullable. [C:\Users\HP\Downloads\Medical\Medical_Affiliation\Medical_Affiliation.csproj]
C:\Users\HP\Downloads\Medical\Medical_Affiliation\Models\InstitutionBasicDetailsViewModel.cs(389,23): warning CS8618: Non-nullable property 'Website' must contain a non-null value when exiting constructor. Consider adding the 'required' modifier or declaring the property as nullable. [C:\Users\HP\Downloads\Medical\Medical_Affiliation\Medical_Affiliation.csproj]
C:\Users\HP\Downloads\Medical\Medical_Affiliation\Models\InstitutionBasicDetailsViewModel.cs(390,23): warning CS8618: Non-nullable property 'SurveyNoPidNo' must contain a non-null value when exiting constructor. Consider adding the 'required' modifier or declaring the property as nullable. [C:\Users\HP\Downloads\Medical\Medical_Affiliation\Medical_Affiliation.csproj]
C:\Users\HP\Downloads\Medical\Medical_Affiliation\Models\InstitutionBasicDetailsViewModel.cs(394,23): warning CS8618: Non-nullable property 'YearOfEstablishment' must contain a non-null value when exiting constructor. Consider adding the 'required' modifier or declaring the property as nullable. [C:\Users\HP\Downloads\Medical\Medical_Affiliation\Medical_Affiliation.csproj]
C:\Users\HP\Downloads\Medical\Medical_Affiliation\Models\InstitutionBasicDetailsViewModel.cs(395,23): warning CS8618: Non-nullable property 'EmailId' must contain a non-null value when exiting constructor. Consider adding the 'required' modifier or declaring the property as nullable. [C:\Users\HP\Downloads\Medical\Medical_Affiliation\Medical_Affiliation.csproj]
C:\Users\HP\Downloads\Medical\Medical_Affiliation\Models\InstitutionBasicDetailsViewModel.cs(396,23): warning CS8618: Non-nullable property 'AltLandlineMobile' must contain a non-null value when exiting constructor. Consider adding the 'required' modifier or declaring the property as nullable. [C:\Users\HP\Downloads\Medical\Medical_Affiliation\Medical_Affiliation.csproj]
C:\Users\HP\Downloads\Medical\Medical_Affiliation\Models\InstitutionBasicDetailsViewModel.cs(397,23): warning CS8618: Non-nullable property 'AltEmailId' must contain a non-null value when exiting constructor. Consider adding the 'required' modifier or declaring the property as nullable. [C:\Users\HP\Downloads\Medical\Medical_Affiliation\Medical_Affiliation.csproj]
C:\Users\HP\Downloads\Medical\Medical_Affiliation\Models\InstitutionBasicDetailsViewModel.cs(398,23): warning CS8618: Non-nullable property 'HeadOfInstitution' must contain a non-null value when exiting constructor. Consider adding the 'required' modifier or declaring the property as nullable. [C:\Users\HP\Downloads\Medical\Medical_Affiliation\Medical_Affiliation.csproj]
C:\Users\HP\Downloads\Medical\Medical_Affiliation\Models\InstitutionBasicDetailsViewModel.cs(399,23): warning CS8618: Non-nullable property 'HeadAddress' must contain a non-null value when exiting constructor. Consider adding the 'required' modifier or declaring the property as nullable. [C:\Users\HP\Downloads\Medical\Medical_Affiliation\Medical_Affiliation.csproj]
C:\Users\HP\Downloads\Medical\Medical_Affiliation\Models\InstitutionBasicDetailsViewModel.cs(400,23): warning CS8618: Non-nullable property 'FinancingAuthority' must contain a non-null value when exiting constructor. Consider adding the 'required' modifier or declaring the property as nullable. [C:\Users\HP\Downloads\Medical\Medical_Affiliation\Medical_Affiliation.csproj]
C:\Users\HP\Downloads\Medical\Medical_Affiliation\Models\InstitutionBasicDetailsViewModel.cs(401,23): warning CS8618: Non-nullable property 'StatusOfCollege' must contain a non-null value when exiting constructor. Consider adding the 'required' modifier or declaring the property as nullable. [C:\Users\HP\Downloads\Medical\Medical_Affiliation\Medical_Affiliation.csproj]
C:\Users\HP\Downloads\Medical\Medical_Affiliation\Models\InstitutionBasicDetailsViewModel.cs(402,23): warning CS8618: Non-nullable property 'CourseApplied' must contain a non-null value when exiting constructor. Consider adding the 'required' modifier or declaring the property as nullable. [C:\Users\HP\Downloads\Medical\Medical_Affiliation\Medical_Affiliation.csproj]
C:\Users\HP\Downloads\Medical\Medical_Affiliation\Models\InstitutionBasicDetailsViewModel.cs(404,23): warning CS8618: Non-nullable property 'DocumentName' must contain a non-null value when exiting constructor. Consider adding the 'required' modifier or declaring the property as nullable. [C:\Users\HP\Downloads\Medical\Medical_Affiliation\Medical_Affiliation.csproj]
C:\Users\HP\Downloads\Medical\Medical_Affiliation\Models\InstitutionBasicDetailsViewModel.cs(405,23): warning CS8618: Non-nullable property 'DocumentContentType' must contain a non-null value when exiting constructor. Consider adding the 'required' modifier or declaring the property as nullable. [C:\Users\HP\Downloads\Medical\Medical_Affiliation\Medical_Affiliation.csproj]
C:\Users\HP\Downloads\Medical\Medical_Affiliation\Models\InstitutionBasicDetailsViewModel.cs(408,23): warning CS8618: Non-nullable property 'NodalOfficer_Name' must contain a non-null value when exiting constructor. Consider adding the 'required' modifier or declaring the property as nullable. [C:\Users\HP\Downloads\Medical\Medical_Affiliation\Medical_Affiliation.csproj]
C:\Users\HP\Downloads\Medical\Medical_Affiliation\Models\InstitutionBasicDetailsViewModel.cs(409,23): warning CS8618: Non-nullable property 'NodalOfficer_Mob_Number' must contain a non-null value when exiting constructor. Consider adding the 'required' modifier or declaring the property as nullable. [C:\Users\HP\Downloads\Medical\Medical_Affiliation\Medical_Affiliation.csproj]
C:\Users\HP\Downloads\Medical\Medical_Affiliation\Models\InstitutionBasicDetailsViewModel.cs(410,23): warning CS8618: Non-nullable property 'NodalOfficer_Email' must contain a non-null value when exiting constructor. Consider adding the 'required' modifier or declaring the property as nullable. [C:\Users\HP\Downloads\Medical\Medical_Affiliation\Medical_Affiliation.csproj]
C:\Users\HP\Downloads\Medical\Medical_Affiliation\Models\InstitutionBasicDetailsViewModel.cs(412,23): warning CS8618: Non-nullable property 'Principal_Name' must contain a non-null value when exiting constructor. Consider adding the 'required' modifier or declaring the property as nullable. [C:\Users\HP\Downloads\Medical\Medical_Affiliation\Medical_Affiliation.csproj]
C:\Users\HP\Downloads\Medical\Medical_Affiliation\Models\InstitutionBasicDetailsViewModel.cs(413,23): warning CS8618: Non-nullable property 'Principal_Mob_No' must contain a non-null value when exiting constructor. Consider adding the 'required' modifier or declaring the property as nullable. [C:\Users\HP\Downloads\Medical\Medical_Affiliation\Medical_Affiliation.csproj]
C:\Users\HP\Downloads\Medical\Medical_Affiliation\Models\InstitutionBasicDetailsViewModel.cs(414,23): warning CS8618: Non-nullable property 'Principal_Email' must contain a non-null value when exiting constructor. Consider adding the 'required' modifier or declaring the property as nullable. [C:\Users\HP\Downloads\Medical\Medical_Affiliation\Medical_Affiliation.csproj]
C:\Users\HP\Downloads\Medical\Medical_Affiliation\Models\InstitutionBasicDetailsViewModel.cs(416,23): warning CS8618: Non-nullable property 'HeadOfInstitution_Mob_NO' must contain a non-null value when exiting constructor. Consider adding the 'required' modifier or declaring the property as nullable. [C:\Users\HP\Downloads\Medical\Medical_Affiliation\Medical_Affiliation.csproj]
C:\Users\HP\Downloads\Medical\Medical_Affiliation\Models\InstitutionBasicDetailsViewModel.cs(417,23): warning CS8618: Non-nullable property 'HeadOfInstitution_Email' must contain a non-null value when exiting constructor. Consider adding the 'required' modifier or declaring the property as nullable. [C:\Users\HP\Downloads\Medical\Medical_Affiliation\Medical_Affiliation.csproj]
C:\Users\HP\Downloads\Medical\Medical_Affiliation\Models\InstitutionBasicDetailsViewModel.cs(419,23): warning CS8618: Non-nullable property 'College_URL' must contain a non-null value when exiting constructor. Consider adding the 'required' modifier or declaring the property as nullable. [C:\Users\HP\Downloads\Medical\Medical_Affiliation\Medical_Affiliation.csproj]
C:\Users\HP\Downloads\Medical\Medical_Affiliation\Models\InstitutionBasicDetailsViewModel.cs(421,23): warning CS8618: Non-nullable property 'TrustName' must contain a non-null value when exiting constructor. Consider adding the 'required' modifier or declaring the property as nullable. [C:\Users\HP\Downloads\Medical\Medical_Affiliation\Medical_Affiliation.csproj]
C:\Users\HP\Downloads\Medical\Medical_Affiliation\Models\InstitutionBasicDetailsViewModel.cs(422,23): warning CS8618: Non-nullable property 'TrustAddress' must contain a non-null value when exiting constructor. Consider adding the 'required' modifier or declaring the property as nullable. [C:\Users\HP\Downloads\Medical\Medical_Affiliation\Medical_Affiliation.csproj]
C:\Users\HP\Downloads\Medical\Medical_Affiliation\Models\InstitutionBasicDetailsViewModel.cs(424,23): warning CS8618: Non-nullable property 'TrustPresidentName' must contain a non-null value when exiting constructor. Consider adding the 'required' modifier or declaring the property as nullable. [C:\Users\HP\Downloads\Medical\Medical_Affiliation\Medical_Affiliation.csproj]
C:\Users\HP\Downloads\Medical\Medical_Affiliation\Models\InstitutionBasicDetailsViewModel.cs(425,23): warning CS8618: Non-nullable property 'TrustPresidentContactNo' must contain a non-null value when exiting constructor. Consider adding the 'required' modifier or declaring the property as nullable. [C:\Users\HP\Downloads\Medical\Medical_Affiliation\Medical_Affiliation.csproj]
C:\Users\HP\Downloads\Medical\Medical_Affiliation\Models\InstitutionBasicDetailsViewModel.cs(427,23): warning CS8618: Non-nullable property 'DeanName' must contain a non-null value when exiting constructor. Consider adding the 'required' modifier or declaring the property as nullable. [C:\Users\HP\Downloads\Medical\Medical_Affiliation\Medical_Affiliation.csproj]
C:\Users\HP\Downloads\Medical\Medical_Affiliation\Models\InstitutionBasicDetailsViewModel.cs(428,23): warning CS8618: Non-nullable property 'DeanMobileNumber' must contain a non-null value when exiting constructor. Consider adding the 'required' modifier or declaring the property as nullable. [C:\Users\HP\Downloads\Medical\Medical_Affiliation\Medical_Affiliation.csproj]
C:\Users\HP\Downloads\Medical\Medical_Affiliation\Models\InstitutionBasicDetailsViewModel.cs(429,23): warning CS8618: Non-nullable property 'DeanEmailId' must contain a non-null value when exiting constructor. Consider adding the 'required' modifier or declaring the property as nullable. [C:\Users\HP\Downloads\Medical\Medical_Affiliation\Medical_Affiliation.csproj]
C:\Users\HP\Downloads\Medical\Medical_Affiliation\Models\InstitutionBasicDetailsViewModel.cs(431,23): warning CS8618: Non-nullable property 'PrincipalMobileNumber' must contain a non-null value when exiting constructor. Consider adding the 'required' modifier or declaring the property as nullable. [C:\Users\HP\Downloads\Medical\Medical_Affiliation\Medical_Affiliation.csproj]
C:\Users\HP\Downloads\Medical\Medical_Affiliation\Models\InstitutionBasicDetailsViewModel.cs(432,23): warning CS8618: Non-nullable property 'PrincipalEmailId' must contain a non-null value when exiting constructor. Consider adding the 'required' modifier or declaring the property as nullable. [C:\Users\HP\Downloads\Medical\Medical_Affiliation\Medical_Affiliation.csproj]
C:\Users\HP\Downloads\Medical\Medical_Affiliation\Models\InstitutionBasicDetailsViewModel.cs(434,23): warning CS8618: Non-nullable property 'MinorityCategory' must contain a non-null value when exiting constructor. Consider adding the 'required' modifier or declaring the property as nullable. [C:\Users\HP\Downloads\Medical\Medical_Affiliation\Medical_Affiliation.csproj]
C:\Users\HP\Downloads\Medical\Medical_Affiliation\Models\InstitutionBasicDetailsViewModel.cs(435,23): warning CS8618: Non-nullable property 'RunningCourse' must contain a non-null value when exiting constructor. Consider adding the 'required' modifier or declaring the property as nullable. [C:\Users\HP\Downloads\Medical\Medical_Affiliation\Medical_Affiliation.csproj]
C:\Users\HP\Downloads\Medical\Medical_Affiliation\Models\InstitutionBasicDetailsViewModel.cs(438,37): warning CS8618: Non-nullable property 'TalukList' must contain a non-null value when exiting constructor. Consider adding the 'required' modifier or declaring the property as nullable. [C:\Users\HP\Downloads\Medical\Medical_Affiliation\Medical_Affiliation.csproj]
C:\Users\HP\Downloads\Medical\Medical_Affiliation\Models\InstitutionBasicDetailsViewModel.cs(439,37): warning CS8618: Non-nullable property 'DistrictList' must contain a non-null value when exiting constructor. Consider adding the 'required' modifier or declaring the property as nullable. [C:\Users\HP\Downloads\Medical\Medical_Affiliation\Medical_Affiliation.csproj]
C:\Users\HP\Downloads\Medical\Medical_Affiliation\Models\InstitutionBasicDetailsViewModel.cs(440,37): warning CS8618: Non-nullable property 'CourseList' must contain a non-null value when exiting constructor. Consider adding the 'required' modifier or declaring the property as nullable. [C:\Users\HP\Downloads\Medical\Medical_Affiliation\Medical_Affiliation.csproj]
C:\Users\HP\Downloads\Medical\Medical_Affiliation\Models\InstitutionBasicDetailsViewModel.cs(441,37): warning CS8618: Non-nullable property 'institutetypelist' must contain a non-null value when exiting constructor. Consider adding the 'required' modifier or declaring the property as nullable. [C:\Users\HP\Downloads\Medical\Medical_Affiliation\Medical_Affiliation.csproj]
C:\Users\HP\Downloads\Medical\Medical_Affiliation\Models\InstitutionBasicDetailsViewModel.cs(442,37): warning CS8618: Non-nullable property 'Institutestatuslist' must contain a non-null value when exiting constructor. Consider adding the 'required' modifier or declaring the property as nullable. [C:\Users\HP\Downloads\Medical\Medical_Affiliation\Medical_Affiliation.csproj]
C:\Users\HP\Downloads\Medical\Medical_Affiliation\Models\LicInspectionOtherDetailsViewModel.cs(78,23): warning CS8618: Non-nullable property 'Name' must contain a non-null value when exiting constructor. Consider adding the 'required' modifier or declaring the property as nullable. [C:\Users\HP\Downloads\Medical\Medical_Affiliation\Medical_Affiliation.csproj]
C:\Users\HP\Downloads\Medical\Medical_Affiliation\Models\LicInspectionOtherDetailsViewModel.cs(79,23): warning CS8618: Non-nullable property 'PhoneNo' must contain a non-null value when exiting constructor. Consider adding the 'required' modifier or declaring the property as nullable. [C:\Users\HP\Downloads\Medical\Medical_Affiliation\Medical_Affiliation.csproj]
C:\Users\HP\Downloads\Medical\Medical_Affiliation\Models\InstitutionBasicDetailsViewModel.cs(130,23): warning CS8618: Non-nullable property 'CollegeCode' must contain a non-null value when exiting constructor. Consider adding the 'required' modifier or declaring the property as nullable. [C:\Users\HP\Downloads\Medical\Medical_Affiliation\Medical_Affiliation.csproj]
C:\Users\HP\Downloads\Medical\Medical_Affiliation\Models\InstitutionBasicDetailsViewModel.cs(131,23): warning CS8618: Non-nullable property 'FacultyCode' must contain a non-null value when exiting constructor. Consider adding the 'required' modifier or declaring the property as nullable. [C:\Users\HP\Downloads\Medical\Medical_Affiliation\Medical_Affiliation.csproj]
C:\Users\HP\Downloads\Medical\Medical_Affiliation\Models\InstitutionBasicDetailsViewModel.cs(132,23): warning CS8618: Non-nullable property 'TypeOfInstitution' must contain a non-null value when exiting constructor. Consider adding the 'required' modifier or declaring the property as nullable. [C:\Users\HP\Downloads\Medical\Medical_Affiliation\Medical_Affiliation.csproj]
C:\Users\HP\Downloads\Medical\Medical_Affiliation\Models\InstitutionBasicDetailsViewModel.cs(133,23): warning CS8618: Non-nullable property 'NameOfInstitution' must contain a non-null value when exiting constructor. Consider adding the 'required' modifier or declaring the property as nullable. [C:\Users\HP\Downloads\Medical\Medical_Affiliation\Medical_Affiliation.csproj]
C:\Users\HP\Downloads\Medical\Medical_Affiliation\Models\InstitutionBasicDetailsViewModel.cs(134,23): warning CS8618: Non-nullable property 'Address' must contain a non-null value when exiting constructor. Consider adding the 'required' modifier or declaring the property as nullable. [C:\Users\HP\Downloads\Medical\Medical_Affiliation\Medical_Affiliation.csproj]
C:\Users\HP\Downloads\Medical\Medical_Affiliation\Models\InstitutionBasicDetailsViewModel.cs(135,23): warning CS8618: Non-nullable property 'VillageTownCity' must contain a non-null value when exiting constructor. Consider adding the 'required' modifier or declaring the property as nullable. [C:\Users\HP\Downloads\Medical\Medical_Affiliation\Medical_Affiliation.csproj]
C:\Users\HP\Downloads\Medical\Medical_Affiliation\Models\InstitutionBasicDetailsViewModel.cs(136,23): warning CS8618: Non-nullable property 'Taluk' must contain a non-null value when exiting constructor. Consider adding the 'required' modifier or declaring the property as nullable. [C:\Users\HP\Downloads\Medical\Medical_Affiliation\Medical_Affiliation.csproj]
C:\Users\HP\Downloads\Medical\Medical_Affiliation\Models\InstitutionBasicDetailsViewModel.cs(137,23): warning CS8618: Non-nullable property 'District' must contain a non-null value when exiting constructor. Consider adding the 'required' modifier or declaring the property as nullable. [C:\Users\HP\Downloads\Medical\Medical_Affiliation\Medical_Affiliation.csproj]
C:\Users\HP\Downloads\Medical\Medical_Affiliation\Models\InstitutionBasicDetailsViewModel.cs(138,23): warning CS8618: Non-nullable property 'PinCode' must contain a non-null value when exiting constructor. Consider adding the 'required' modifier or declaring the property as nullable. [C:\Users\HP\Downloads\Medical\Medical_Affiliation\Medical_Affiliation.csproj]
C:\Users\HP\Downloads\Medical\Medical_Affiliation\Models\InstitutionBasicDetailsViewModel.cs(139,23): warning CS8618: Non-nullable property 'MobileNumber' must contain a non-null value when exiting constructor. Consider adding the 'required' modifier or declaring the property as nullable. [C:\Users\HP\Downloads\Medical\Medical_Affiliation\Medical_Affiliation.csproj]
C:\Users\HP\Downloads\Medical\Medical_Affiliation\Models\InstitutionBasicDetailsViewModel.cs(140,23): warning CS8618: Non-nullable property 'StdCode' must contain a non-null value when exiting constructor. Consider adding the 'required' modifier or declaring the property as nullable. [C:\Users\HP\Downloads\Medical\Medical_Affiliation\Medical_Affiliation.csproj]
C:\Users\HP\Downloads\Medical\Medical_Affiliation\Models\InstitutionBasicDetailsViewModel.cs(141,23): warning CS8618: Non-nullable property 'Fax' must contain a non-null value when exiting constructor. Consider adding the 'required' modifier or declaring the property as nullable. [C:\Users\HP\Downloads\Medical\Medical_Affiliation\Medical_Affiliation.csproj]
C:\Users\HP\Downloads\Medical\Medical_Affiliation\Models\InstitutionBasicDetailsViewModel.cs(142,23): warning CS8618: Non-nullable property 'Website' must contain a non-null value when exiting constructor. Consider adding the 'required' modifier or declaring the property as nullable. [C:\Users\HP\Downloads\Medical\Medical_Affiliation\Medical_Affiliation.csproj]
C:\Users\HP\Downloads\Medical\Medical_Affiliation\Models\InstitutionBasicDetailsViewModel.cs(143,23): warning CS8618: Non-nullable property 'SurveyNoPidNo' must contain a non-null value when exiting constructor. Consider adding the 'required' modifier or declaring the property as nullable. [C:\Users\HP\Downloads\Medical\Medical_Affiliation\Medical_Affiliation.csproj]
C:\Users\HP\Downloads\Medical\Medical_Affiliation\Models\InstitutionBasicDetailsViewModel.cs(148,23): warning CS8618: Non-nullable property 'EmailId' must contain a non-null value when exiting constructor. Consider adding the 'required' modifier or declaring the property as nullable. [C:\Users\HP\Downloads\Medical\Medical_Affiliation\Medical_Affiliation.csproj]
C:\Users\HP\Downloads\Medical\Medical_Affiliation\Models\InstitutionBasicDetailsViewModel.cs(149,23): warning CS8618: Non-nullable property 'AltLandlineMobile' must contain a non-null value when exiting constructor. Consider adding the 'required' modifier or declaring the property as nullable. [C:\Users\HP\Downloads\Medical\Medical_Affiliation\Medical_Affiliation.csproj]
C:\Users\HP\Downloads\Medical\Medical_Affiliation\Models\InstitutionBasicDetailsViewModel.cs(150,23): warning CS8618: Non-nullable property 'AltEmailId' must contain a non-null value when exiting constructor. Consider adding the 'required' modifier or declaring the property as nullable. [C:\Users\HP\Downloads\Medical\Medical_Affiliation\Medical_Affiliation.csproj]
C:\Users\HP\Downloads\Medical\Medical_Affiliation\Models\InstitutionBasicDetailsViewModel.cs(151,23): warning CS8618: Non-nullable property 'HeadOfInstitution' must contain a non-null value when exiting constructor. Consider adding the 'required' modifier or declaring the property as nullable. [C:\Users\HP\Downloads\Medical\Medical_Affiliation\Medical_Affiliation.csproj]
C:\Users\HP\Downloads\Medical\Medical_Affiliation\Models\InstitutionBasicDetailsViewModel.cs(152,23): warning CS8618: Non-nullable property 'HeadAddress' must contain a non-null value when exiting constructor. Consider adding the 'required' modifier or declaring the property as nullable. [C:\Users\HP\Downloads\Medical\Medical_Affiliation\Medical_Affiliation.csproj]
C:\Users\HP\Downloads\Medical\Medical_Affiliation\Models\InstitutionBasicDetailsViewModel.cs(153,23): warning CS8618: Non-nullable property 'FinancingAuthority' must contain a non-null value when exiting constructor. Consider adding the 'required' modifier or declaring the property as nullable. [C:\Users\HP\Downloads\Medical\Medical_Affiliation\Medical_Affiliation.csproj]
C:\Users\HP\Downloads\Medical\Medical_Affiliation\Models\InstitutionBasicDetailsViewModel.cs(154,23): warning CS8618: Non-nullable property 'StatusOfCollege' must contain a non-null value when exiting constructor. Consider adding the 'required' modifier or declaring the property as nullable. [C:\Users\HP\Downloads\Medical\Medical_Affiliation\Medical_Affiliation.csproj]
C:\Users\HP\Downloads\Medical\Medical_Affiliation\Models\InstitutionBasicDetailsViewModel.cs(155,23): warning CS8618: Non-nullable property 'CourseApplied' must contain a non-null value when exiting constructor. Consider adding the 'required' modifier or declaring the property as nullable. [C:\Users\HP\Downloads\Medical\Medical_Affiliation\Medical_Affiliation.csproj]
C:\Users\HP\Downloads\Medical\Medical_Affiliation\Models\InstitutionBasicDetailsViewModel.cs(158,26): warning CS8618: Non-nullable property 'DocumentFile' must contain a non-null value when exiting constructor. Consider adding the 'required' modifier or declaring the property as nullable. [C:\Users\HP\Downloads\Medical\Medical_Affiliation\Medical_Affiliation.csproj]
C:\Users\HP\Downloads\Medical\Medical_Affiliation\Models\InstitutionBasicDetailsViewModel.cs(11,23): warning CS8618: Non-nullable property 'FacultyCode' must contain a non-null value when exiting constructor. Consider adding the 'required' modifier or declaring the property as nullable. [C:\Users\HP\Downloads\Medical\Medical_Affiliation\Medical_Affiliation.csproj]
C:\Users\HP\Downloads\Medical\Medical_Affiliation\Models\InstitutionBasicDetailsViewModel.cs(12,23): warning CS8618: Non-nullable property 'CollegeCode' must contain a non-null value when exiting constructor. Consider adding the 'required' modifier or declaring the property as nullable. [C:\Users\HP\Downloads\Medical\Medical_Affiliation\Medical_Affiliation.csproj]
C:\Users\HP\Downloads\Medical\Medical_Affiliation\Models\InstitutionBasicDetailsViewModel.cs(21,23): warning CS8618: Non-nullable property 'NameOfInstitution' must contain a non-null value when exiting constructor. Consider adding the 'required' modifier or declaring the property as nullable. [C:\Users\HP\Downloads\Medical\Medical_Affiliation\Medical_Affiliation.csproj]
C:\Users\HP\Downloads\Medical\Medical_Affiliation\Models\InstitutionBasicDetailsViewModel.cs(22,23): warning CS8618: Non-nullable property 'AddressOfInstitution' must contain a non-null value when exiting constructor. Consider adding the 'required' modifier or declaring the property as nullable. [C:\Users\HP\Downloads\Medical\Medical_Affiliation\Medical_Affiliation.csproj]
C:\Users\HP\Downloads\Medical\Medical_Affiliation\Models\InstitutionBasicDetailsViewModel.cs(23,23): warning CS8618: Non-nullable property 'VillageTownCity' must contain a non-null value when exiting constructor. Consider adding the 'required' modifier or declaring the property as nullable. [C:\Users\HP\Downloads\Medical\Medical_Affiliation\Medical_Affiliation.csproj]
C:\Users\HP\Downloads\Medical\Medical_Affiliation\Models\InstitutionBasicDetailsViewModel.cs(24,23): warning CS8618: Non-nullable property 'Taluk' must contain a non-null value when exiting constructor. Consider adding the 'required' modifier or declaring the property as nullable. [C:\Users\HP\Downloads\Medical\Medical_Affiliation\Medical_Affiliation.csproj]
C:\Users\HP\Downloads\Medical\Medical_Affiliation\Models\InstitutionBasicDetailsViewModel.cs(25,23): warning CS8618: Non-nullable property 'District' must contain a non-null value when exiting constructor. Consider adding the 'required' modifier or declaring the property as nullable. [C:\Users\HP\Downloads\Medical\Medical_Affiliation\Medical_Affiliation.csproj]
C:\Users\HP\Downloads\Medical\Medical_Affiliation\Models\InstitutionBasicDetailsViewModel.cs(26,23): warning CS8618: Non-nullable property 'PinCode' must contain a non-null value when exiting constructor. Consider adding the 'required' modifier or declaring the property as nullable. [C:\Users\HP\Downloads\Medical\Medical_Affiliation\Medical_Affiliation.csproj]
C:\Users\HP\Downloads\Medical\Medical_Affiliation\Models\InstitutionBasicDetailsViewModel.cs(27,23): warning CS8618: Non-nullable property 'MobileNumber' must contain a non-null value when exiting constructor. Consider adding the 'required' modifier or declaring the property as nullable. [C:\Users\HP\Downloads\Medical\Medical_Affiliation\Medical_Affiliation.csproj]
C:\Users\HP\Downloads\Medical\Medical_Affiliation\Models\InstitutionBasicDetailsViewModel.cs(28,23): warning CS8618: Non-nullable property 'StdCode' must contain a non-null value when exiting constructor. Consider adding the 'required' modifier or declaring the property as nullable. [C:\Users\HP\Downloads\Medical\Medical_Affiliation\Medical_Affiliation.csproj]
C:\Users\HP\Downloads\Medical\Medical_Affiliation\Models\InstitutionBasicDetailsViewModel.cs(29,23): warning CS8618: Non-nullable property 'Fax' must contain a non-null value when exiting constructor. Consider adding the 'required' modifier or declaring the property as nullable. [C:\Users\HP\Downloads\Medical\Medical_Affiliation\Medical_Affiliation.csproj]
C:\Users\HP\Downloads\Medical\Medical_Affiliation\Models\InstitutionBasicDetailsViewModel.cs(30,23): warning CS8618: Non-nullable property 'Website' must contain a non-null value when exiting constructor. Consider adding the 'required' modifier or declaring the property as nullable. [C:\Users\HP\Downloads\Medical\Medical_Affiliation\Medical_Affiliation.csproj]
C:\Users\HP\Downloads\Medical\Medical_Affiliation\Models\InstitutionBasicDetailsViewModel.cs(31,23): warning CS8618: Non-nullable property 'EmailId' must contain a non-null value when exiting constructor. Consider adding the 'required' modifier or declaring the property as nullable. [C:\Users\HP\Downloads\Medical\Medical_Affiliation\Medical_Affiliation.csproj]
C:\Users\HP\Downloads\Medical\Medical_Affiliation\Models\InstitutionBasicDetailsViewModel.cs(32,23): warning CS8618: Non-nullable property 'AltLandlineOrMobile' must contain a non-null value when exiting constructor. Consider adding the 'required' modifier or declaring the property as nullable. [C:\Users\HP\Downloads\Medical\Medical_Affiliation\Medical_Affiliation.csproj]
C:\Users\HP\Downloads\Medical\Medical_Affiliation\Models\InstitutionBasicDetailsViewModel.cs(33,23): warning CS8618: Non-nullable property 'AltEmailId' must contain a non-null value when exiting constructor. Consider adding the 'required' modifier or declaring the property as nullable. [C:\Users\HP\Downloads\Medical\Medical_Affiliation\Medical_Affiliation.csproj]
C:\Users\HP\Downloads\Medical\Medical_Affiliation\Models\InstitutionBasicDetailsViewModel.cs(34,23): warning CS8618: Non-nullable property 'AcademicYearStarted' must contain a non-null value when exiting constructor. Consider adding the 'required' modifier or declaring the property as nullable. [C:\Users\HP\Downloads\Medical\Medical_Affiliation\Medical_Affiliation.csproj]
C:\Users\HP\Downloads\Medical\Medical_Affiliation\Models\InstitutionBasicDetailsViewModel.cs(41,23): warning CS8618: Non-nullable property 'TrustName' must contain a non-null value when exiting constructor. Consider adding the 'required' modifier or declaring the property as nullable. [C:\Users\HP\Downloads\Medical\Medical_Affiliation\Medical_Affiliation.csproj]
C:\Users\HP\Downloads\Medical\Medical_Affiliation\Models\InstitutionBasicDetailsViewModel.cs(42,23): warning CS8618: Non-nullable property 'PresidentName' must contain a non-null value when exiting constructor. Consider adding the 'required' modifier or declaring the property as nullable. [C:\Users\HP\Downloads\Medical\Medical_Affiliation\Medical_Affiliation.csproj]
C:\Users\HP\Downloads\Medical\Medical_Affiliation\Models\InstitutionBasicDetailsViewModel.cs(43,23): warning CS8618: Non-nullable property 'AadhaarNumber' must contain a non-null value when exiting constructor. Consider adding the 'required' modifier or declaring the property as nullable. [C:\Users\HP\Downloads\Medical\Medical_Affiliation\Medical_Affiliation.csproj]
C:\Users\HP\Downloads\Medical\Medical_Affiliation\Models\InstitutionBasicDetailsViewModel.cs(44,23): warning CS8618: Non-nullable property 'PANNumber' must contain a non-null value when exiting constructor. Consider adding the 'required' modifier or declaring the property as nullable. [C:\Users\HP\Downloads\Medical\Medical_Affiliation\Medical_Affiliation.csproj]
C:\Users\HP\Downloads\Medical\Medical_Affiliation\Models\InstitutionBasicDetailsViewModel.cs(45,23): warning CS8618: Non-nullable property 'RegistrationNumber' must contain a non-null value when exiting constructor. Consider adding the 'required' modifier or declaring the property as nullable. [C:\Users\HP\Downloads\Medical\Medical_Affiliation\Medical_Affiliation.csproj]
C:\Users\HP\Downloads\Medical\Medical_Affiliation\Models\InstitutionBasicDetailsViewModel.cs(53,23): warning CS8618: Non-nullable property 'ExistingTrustName' must contain a non-null value when exiting constructor. Consider adding the 'required' modifier or declaring the property as nullable. [C:\Users\HP\Downloads\Medical\Medical_Affiliation\Medical_Affiliation.csproj]
C:\Users\HP\Downloads\Medical\Medical_Affiliation\Models\InstitutionBasicDetailsViewModel.cs(54,23): warning CS8618: Non-nullable property 'GOKObtainedTrustName' must contain a non-null value when exiting constructor. Consider adding the 'required' modifier or declaring the property as nullable. [C:\Users\HP\Downloads\Medical\Medical_Affiliation\Medical_Affiliation.csproj]
C:\Users\HP\Downloads\Medical\Medical_Affiliation\Models\InstitutionBasicDetailsViewModel.cs(60,23): warning CS8618: Non-nullable property 'CategoryOfOrganisation' must contain a non-null value when exiting constructor. Consider adding the 'required' modifier or declaring the property as nullable. [C:\Users\HP\Downloads\Medical\Medical_Affiliation\Medical_Affiliation.csproj]
C:\Users\HP\Downloads\Medical\Medical_Affiliation\Models\InstitutionBasicDetailsViewModel.cs(61,23): warning CS8618: Non-nullable property 'ContactPersonName' must contain a non-null value when exiting constructor. Consider adding the 'required' modifier or declaring the property as nullable. [C:\Users\HP\Downloads\Medical\Medical_Affiliation\Medical_Affiliation.csproj]
C:\Users\HP\Downloads\Medical\Medical_Affiliation\Models\InstitutionBasicDetailsViewModel.cs(62,23): warning CS8618: Non-nullable property 'ContactPersonRelation' must contain a non-null value when exiting constructor. Consider adding the 'required' modifier or declaring the property as nullable. [C:\Users\HP\Downloads\Medical\Medical_Affiliation\Medical_Affiliation.csproj]
C:\Users\HP\Downloads\Medical\Medical_Affiliation\Models\InstitutionBasicDetailsViewModel.cs(63,23): warning CS8618: Non-nullable property 'ContactPersonMobile' must contain a non-null value when exiting constructor. Consider adding the 'required' modifier or declaring the property as nullable. [C:\Users\HP\Downloads\Medical\Medical_Affiliation\Medical_Affiliation.csproj]
C:\Users\HP\Downloads\Medical\Medical_Affiliation\Models\InstitutionBasicDetailsViewModel.cs(69,23): warning CS8618: Non-nullable property 'CoursesAppliedText' must contain a non-null value when exiting constructor. Consider adding the 'required' modifier or declaring the property as nullable. [C:\Users\HP\Downloads\Medical\Medical_Affiliation\Medical_Affiliation.csproj]
C:\Users\HP\Downloads\Medical\Medical_Affiliation\Models\InstitutionBasicDetailsViewModel.cs(70,23): warning CS8618: Non-nullable property 'HeadOfInstitutionName' must contain a non-null value when exiting constructor. Consider adding the 'required' modifier or declaring the property as nullable. [C:\Users\HP\Downloads\Medical\Medical_Affiliation\Medical_Affiliation.csproj]
C:\Users\HP\Downloads\Medical\Medical_Affiliation\Models\InstitutionBasicDetailsViewModel.cs(71,23): warning CS8618: Non-nullable property 'HeadOfInstitutionAddress' must contain a non-null value when exiting constructor. Consider adding the 'required' modifier or declaring the property as nullable. [C:\Users\HP\Downloads\Medical\Medical_Affiliation\Medical_Affiliation.csproj]
C:\Users\HP\Downloads\Medical\Medical_Affiliation\Models\InstitutionBasicDetailsViewModel.cs(72,23): warning CS8618: Non-nullable property 'FinancingAuthorityName' must contain a non-null value when exiting constructor. Consider adding the 'required' modifier or declaring the property as nullable. [C:\Users\HP\Downloads\Medical\Medical_Affiliation\Medical_Affiliation.csproj]
C:\Users\HP\Downloads\Medical\Medical_Affiliation\Models\InstitutionBasicDetailsViewModel.cs(73,23): warning CS8618: Non-nullable property 'CollegeStatus' must contain a non-null value when exiting constructor. Consider adding the 'required' modifier or declaring the property as nullable. [C:\Users\HP\Downloads\Medical\Medical_Affiliation\Medical_Affiliation.csproj]
C:\Users\HP\Downloads\Medical\Medical_Affiliation\Models\InstitutionBasicDetailsViewModel.cs(76,23): warning CS8618: Non-nullable property 'GovAutonomousCertNumber' must contain a non-null value when exiting constructor. Consider adding the 'required' modifier or declaring the property as nullable. [C:\Users\HP\Downloads\Medical\Medical_Affiliation\Medical_Affiliation.csproj]
C:\Users\HP\Downloads\Medical\Medical_Affiliation\Models\InstitutionBasicDetailsViewModel.cs(77,23): warning CS8618: Non-nullable property 'KncCertificateNumber' must contain a non-null value when exiting constructor. Consider adding the 'required' modifier or declaring the property as nullable. [C:\Users\HP\Downloads\Medical\Medical_Affiliation\Medical_Affiliation.csproj]
C:\Users\HP\Downloads\Medical\Medical_Affiliation\Models\InstitutionBasicDetailsViewModel.cs(80,26): warning CS8618: Non-nullable property 'GovAutonomousCertFile' must contain a non-null value when exiting constructor. Consider adding the 'required' modifier or declaring the property as nullable. [C:\Users\HP\Downloads\Medical\Medical_Affiliation\Medical_Affiliation.csproj]
C:\Users\HP\Downloads\Medical\Medical_Affiliation\Models\InstitutionBasicDetailsViewModel.cs(81,26): warning CS8618: Non-nullable property 'GovCouncilMembershipFile' must contain a non-null value when exiting constructor. Consider adding the 'required' modifier or declaring the property as nullable. [C:\Users\HP\Downloads\Medical\Medical_Affiliation\Medical_Affiliation.csproj]
C:\Users\HP\Downloads\Medical\Medical_Affiliation\Models\InstitutionBasicDetailsViewModel.cs(82,26): warning CS8618: Non-nullable property 'GokOrderExistingCoursesFile' must contain a non-null value when exiting constructor. Consider adding the 'required' modifier or declaring the property as nullable. [C:\Users\HP\Downloads\Medical\Medical_Affiliation\Medical_Affiliation.csproj]
C:\Users\HP\Downloads\Medical\Medical_Affiliation\Models\InstitutionBasicDetailsViewModel.cs(83,26): warning CS8618: Non-nullable property 'FirstAffiliationNotifFile' must contain a non-null value when exiting constructor. Consider adding the 'required' modifier or declaring the property as nullable. [C:\Users\HP\Downloads\Medical\Medical_Affiliation\Medical_Affiliation.csproj]
C:\Users\HP\Downloads\Medical\Medical_Affiliation\Models\InstitutionBasicDetailsViewModel.cs(84,26): warning CS8618: Non-nullable property 'ContinuationAffiliationFile' must contain a non-null value when exiting constructor. Consider adding the 'required' modifier or declaring the property as nullable. [C:\Users\HP\Downloads\Medical\Medical_Affiliation\Medical_Affiliation.csproj]
C:\Users\HP\Downloads\Medical\Medical_Affiliation\Models\InstitutionBasicDetailsViewModel.cs(85,26): warning CS8618: Non-nullable property 'KncCertificateFile' must contain a non-null value when exiting constructor. Consider adding the 'required' modifier or declaring the property as nullable. [C:\Users\HP\Downloads\Medical\Medical_Affiliation\Medical_Affiliation.csproj]
C:\Users\HP\Downloads\Medical\Medical_Affiliation\Models\InstitutionBasicDetailsViewModel.cs(86,26): warning CS8618: Non-nullable property 'AmendedDoc' must contain a non-null value when exiting constructor. Consider adding the 'required' modifier or declaring the property as nullable. [C:\Users\HP\Downloads\Medical\Medical_Affiliation\Medical_Affiliation.csproj]
C:\Users\HP\Downloads\Medical\Medical_Affiliation\Models\InstitutionBasicDetailsViewModel.cs(87,26): warning CS8618: Non-nullable property 'AadhaarFile' must contain a non-null value when exiting constructor. Consider adding the 'required' modifier or declaring the property as nullable. [C:\Users\HP\Downloads\Medical\Medical_Affiliation\Medical_Affiliation.csproj]
C:\Users\HP\Downloads\Medical\Medical_Affiliation\Models\InstitutionBasicDetailsViewModel.cs(88,26): warning CS8618: Non-nullable property 'PANFile' must contain a non-null value when exiting constructor. Consider adding the 'required' modifier or declaring the property as nullable. [C:\Users\HP\Downloads\Medical\Medical_Affiliation\Medical_Affiliation.csproj]
C:\Users\HP\Downloads\Medical\Medical_Affiliation\Models\InstitutionBasicDetailsViewModel.cs(89,26): warning CS8618: Non-nullable property 'BankStatementFile' must contain a non-null value when exiting constructor. Consider adding the 'required' modifier or declaring the property as nullable. [C:\Users\HP\Downloads\Medical\Medical_Affiliation\Medical_Affiliation.csproj]
C:\Users\HP\Downloads\Medical\Medical_Affiliation\Models\InstitutionBasicDetailsViewModel.cs(90,26): warning CS8618: Non-nullable property 'RegistrationCertificateFile' must contain a non-null value when exiting constructor. Consider adding the 'required' modifier or declaring the property as nullable. [C:\Users\HP\Downloads\Medical\Medical_Affiliation\Medical_Affiliation.csproj]
C:\Users\HP\Downloads\Medical\Medical_Affiliation\Models\InstitutionBasicDetailsViewModel.cs(91,26): warning CS8618: Non-nullable property 'RegisteredTrustMemberDetails' must contain a non-null value when exiting constructor. Consider adding the 'required' modifier or declaring the property as nullable. [C:\Users\HP\Downloads\Medical\Medical_Affiliation\Medical_Affiliation.csproj]
C:\Users\HP\Downloads\Medical\Medical_Affiliation\Models\InstitutionBasicDetailsViewModel.cs(92,26): warning CS8618: Non-nullable property 'AuditStatementFile' must contain a non-null value when exiting constructor. Consider adding the 'required' modifier or declaring the property as nullable. [C:\Users\HP\Downloads\Medical\Medical_Affiliation\Medical_Affiliation.csproj]
C:\Users\HP\Downloads\Medical\Medical_Affiliation\Models\EquipmentVM.cs(6,23): warning CS8618: Non-nullable property 'EquipmentName' must contain a non-null value when exiting constructor. Consider adding the 'required' modifier or declaring the property as nullable. [C:\Users\HP\Downloads\Medical\Medical_Affiliation\Medical_Affiliation.csproj]
C:\Users\HP\Downloads\Medical\Medical_Affiliation\Models\EquipmentVM.cs(7,23): warning CS8618: Non-nullable property 'Make' must contain a non-null value when exiting constructor. Consider adding the 'required' modifier or declaring the property as nullable. [C:\Users\HP\Downloads\Medical\Medical_Affiliation\Medical_Affiliation.csproj]
C:\Users\HP\Downloads\Medical\Medical_Affiliation\Models\EquipmentVM.cs(8,23): warning CS8618: Non-nullable property 'Model' must contain a non-null value when exiting constructor. Consider adding the 'required' modifier or declaring the property as nullable. [C:\Users\HP\Downloads\Medical\Medical_Affiliation\Medical_Affiliation.csproj]
C:\Users\HP\Downloads\Medical\Medical_Affiliation\Models\EquipmentAvailabilityViewModel.cs(20,23): warning CS8618: Non-nullable property 'EquipmentName' must contain a non-null value when exiting constructor. Consider adding the 'required' modifier or declaring the property as nullable. [C:\Users\HP\Downloads\Medical\Medical_Affiliation\Medical_Affiliation.csproj]
C:\Users\HP\Downloads\Medical\Medical_Affiliation\Models\EquipmentAvailabilityViewModel.cs(11,37): warning CS8618: Non-nullable property 'Courses' must contain a non-null value when exiting constructor. Consider adding the 'required' modifier or declaring the property as nullable. [C:\Users\HP\Downloads\Medical\Medical_Affiliation\Medical_Affiliation.csproj]
C:\Users\HP\Downloads\Medical\Medical_Affiliation\Models\EquipmentAvailabilityViewModel.cs(14,45): warning CS8618: Non-nullable property 'Equipments' must contain a non-null value when exiting constructor. Consider adding the 'required' modifier or declaring the property as nullable. [C:\Users\HP\Downloads\Medical\Medical_Affiliation\Medical_Affiliation.csproj]
C:\Users\HP\Downloads\Medical\Medical_Affiliation\Models\DentalTeachingStaffVm.cs(31,23): warning CS8618: Non-nullable property 'CollegeName' must contain a non-null value when exiting constructor. Consider adding the 'required' modifier or declaring the property as nullable. [C:\Users\HP\Downloads\Medical\Medical_Affiliation\Medical_Affiliation.csproj]
C:\Users\HP\Downloads\Medical\Medical_Affiliation\Models\DentalTeachingStaffVm.cs(33,23): warning CS8618: Non-nullable property 'CollegeTown' must contain a non-null value when exiting constructor. Consider adding the 'required' modifier or declaring the property as nullable. [C:\Users\HP\Downloads\Medical\Medical_Affiliation\Medical_Affiliation.csproj]
C:\Users\HP\Downloads\Medical\Medical_Affiliation\Models\InstitutionBasicDetailsViewModel.cs(538,16): warning CS8618: Non-nullable property 'FacultyCode' must contain a non-null value when exiting constructor. Consider adding the 'required' modifier or declaring the property as nullable. [C:\Users\HP\Downloads\Medical\Medical_Affiliation\Medical_Affiliation.csproj]
C:\Users\HP\Downloads\Medical\Medical_Affiliation\Models\InstitutionBasicDetailsViewModel.cs(538,16): warning CS8618: Non-nullable property 'DeanOrDirectorName' must contain a non-null value when exiting constructor. Consider adding the 'required' modifier or declaring the property as nullable. [C:\Users\HP\Downloads\Medical\Medical_Affiliation\Medical_Affiliation.csproj]
C:\Users\HP\Downloads\Medical\Medical_Affiliation\Models\InstitutionBasicDetailsViewModel.cs(538,16): warning CS8618: Non-nullable property 'DeanQualification' must contain a non-null value when exiting constructor. Consider adding the 'required' modifier or declaring the property as nullable. [C:\Users\HP\Downloads\Medical\Medical_Affiliation\Medical_Affiliation.csproj]
C:\Users\HP\Downloads\Medical\Medical_Affiliation\Models\InstitutionBasicDetailsViewModel.cs(538,16): warning CS8618: Non-nullable property 'DeanUniversity' must contain a non-null value when exiting constructor. Consider adding the 'required' modifier or declaring the property as nullable. [C:\Users\HP\Downloads\Medical\Medical_Affiliation\Medical_Affiliation.csproj]
C:\Users\HP\Downloads\Medical\Medical_Affiliation\Models\InstitutionBasicDetailsViewModel.cs(538,16): warning CS8618: Non-nullable property 'DeanStateCouncilNumber' must contain a non-null value when exiting constructor. Consider adding the 'required' modifier or declaring the property as nullable. [C:\Users\HP\Downloads\Medical\Medical_Affiliation\Medical_Affiliation.csproj]
C:\Users\HP\Downloads\Medical\Medical_Affiliation\Models\DashboardViewModel.cs(5,23): warning CS8618: Non-nullable property 'CollegeCode' must contain a non-null value when exiting constructor. Consider adding the 'required' modifier or declaring the property as nullable. [C:\Users\HP\Downloads\Medical\Medical_Affiliation\Medical_Affiliation.csproj]
C:\Users\HP\Downloads\Medical\Medical_Affiliation\Models\DashboardViewModel.cs(6,23): warning CS8618: Non-nullable property 'CollegeName' must contain a non-null value when exiting constructor. Consider adding the 'required' modifier or declaring the property as nullable. [C:\Users\HP\Downloads\Medical\Medical_Affiliation\Medical_Affiliation.csproj]
C:\Users\HP\Downloads\Medical\Medical_Affiliation\Models\CollegeLocationViewModel.cs(5,23): warning CS8618: Non-nullable property 'CollegeCode' must contain a non-null value when exiting constructor. Consider adding the 'required' modifier or declaring the property as nullable. [C:\Users\HP\Downloads\Medical\Medical_Affiliation\Medical_Affiliation.csproj]
C:\Users\HP\Downloads\Medical\Medical_Affiliation\Models\CollegeLocationViewModel.cs(7,23): warning CS8618: Non-nullable property 'CollegeName' must contain a non-null value when exiting constructor. Consider adding the 'required' modifier or declaring the property as nullable. [C:\Users\HP\Downloads\Medical\Medical_Affiliation\Medical_Affiliation.csproj]
C:\Users\HP\Downloads\Medical\Medical_Affiliation\Models\DeclarationViewModel.cs(7,23): warning CS8618: Non-nullable property 'UniversityName' must contain a non-null value when exiting constructor. Consider adding the 'required' modifier or declaring the property as nullable. [C:\Users\HP\Downloads\Medical\Medical_Affiliation\Medical_Affiliation.csproj]
C:\Users\HP\Downloads\Medical\Medical_Affiliation\Models\DeclarationViewModel.cs(8,23): warning CS8618: Non-nullable property 'DownloadUrl' must contain a non-null value when exiting constructor. Consider adding the 'required' modifier or declaring the property as nullable. [C:\Users\HP\Downloads\Medical\Medical_Affiliation\Medical_Affiliation.csproj]
C:\Users\HP\Downloads\Medical\Medical_Affiliation\Models\CollegeDocsReportFilterViewModel.cs(7,23): warning CS8618: Non-nullable property 'FacultyCode' must contain a non-null value when exiting constructor. Consider adding the 'required' modifier or declaring the property as nullable. [C:\Users\HP\Downloads\Medical\Medical_Affiliation\Medical_Affiliation.csproj]
C:\Users\HP\Downloads\Medical\Medical_Affiliation\Models\CollegeDocsReportFilterViewModel.cs(8,23): warning CS8618: Non-nullable property 'CollegeCode' must contain a non-null value when exiting constructor. Consider adding the 'required' modifier or declaring the property as nullable. [C:\Users\HP\Downloads\Medical\Medical_Affiliation\Medical_Affiliation.csproj]
C:\Users\HP\Downloads\Medical\Medical_Affiliation\Models\CollegeDocsReportFilterViewModel.cs(9,23): warning CS8618: Non-nullable property 'CourseLevel' must contain a non-null value when exiting constructor. Consider adding the 'required' modifier or declaring the property as nullable. [C:\Users\HP\Downloads\Medical\Medical_Affiliation\Medical_Affiliation.csproj]
C:\Users\HP\Downloads\Medical\Medical_Affiliation\Models\CollegeDetailsUpdateViewModel.cs(19,23): warning CS8618: Non-nullable property 'CollegeCode' must contain a non-null value when exiting constructor. Consider adding the 'required' modifier or declaring the property as nullable. [C:\Users\HP\Downloads\Medical\Medical_Affiliation\Medical_Affiliation.csproj]
C:\Users\HP\Downloads\Medical\Medical_Affiliation\Models\CollegeDetailsUpdateViewModel.cs(20,23): warning CS8618: Non-nullable property 'CollegeName' must contain a non-null value when exiting constructor. Consider adding the 'required' modifier or declaring the property as nullable. [C:\Users\HP\Downloads\Medical\Medical_Affiliation\Medical_Affiliation.csproj]
C:\Users\HP\Downloads\Medical\Medical_Affiliation\Models\CollegeDetailsUpdateViewModel.cs(21,23): warning CS8618: Non-nullable property 'MobileNumber' must contain a non-null value when exiting constructor. Consider adding the 'required' modifier or declaring the property as nullable. [C:\Users\HP\Downloads\Medical\Medical_Affiliation\Medical_Affiliation.csproj]
C:\Users\HP\Downloads\Medical\Medical_Affiliation\Models\CollegeDetailsUpdateViewModel.cs(22,23): warning CS8618: Non-nullable property 'Password' must contain a non-null value when exiting constructor. Consider adding the 'required' modifier or declaring the property as nullable. [C:\Users\HP\Downloads\Medical\Medical_Affiliation\Medical_Affiliation.csproj]
C:\Users\HP\Downloads\Medical\Medical_Affiliation\Models\CollegeDetailsUpdateViewModel.cs(7,23): warning CS8618: Non-nullable property 'CollegeCode' must contain a non-null value when exiting constructor. Consider adding the 'required' modifier or declaring the property as nullable. [C:\Users\HP\Downloads\Medical\Medical_Affiliation\Medical_Affiliation.csproj]
C:\Users\HP\Downloads\Medical\Medical_Affiliation\Models\CollegeDetailsUpdateViewModel.cs(8,23): warning CS8618: Non-nullable property 'CollegeName' must contain a non-null value when exiting constructor. Consider adding the 'required' modifier or declaring the property as nullable. [C:\Users\HP\Downloads\Medical\Medical_Affiliation\Medical_Affiliation.csproj]
C:\Users\HP\Downloads\Medical\Medical_Affiliation\Models\CollegeDetailsUpdateViewModel.cs(9,23): warning CS8618: Non-nullable property 'CollegeTown' must contain a non-null value when exiting constructor. Consider adding the 'required' modifier or declaring the property as nullable. [C:\Users\HP\Downloads\Medical\Medical_Affiliation\Medical_Affiliation.csproj]
C:\Users\HP\Downloads\Medical\Medical_Affiliation\Models\CollegeDetailsUpdateViewModel.cs(10,23): warning CS8618: Non-nullable property 'MobileNumber' must contain a non-null value when exiting constructor. Consider adding the 'required' modifier or declaring the property as nullable. [C:\Users\HP\Downloads\Medical\Medical_Affiliation\Medical_Affiliation.csproj]
C:\Users\HP\Downloads\Medical\Medical_Affiliation\Models\CollegeDetailsUpdateViewModel.cs(11,23): warning CS8618: Non-nullable property 'Password' must contain a non-null value when exiting constructor. Consider adding the 'required' modifier or declaring the property as nullable. [C:\Users\HP\Downloads\Medical\Medical_Affiliation\Medical_Affiliation.csproj]
C:\Users\HP\Downloads\Medical\Medical_Affiliation\Models\CollegeDetailsUpdateViewModel.cs(13,23): warning CS8618: Non-nullable property 'SelectedCollegeCode' must contain a non-null value when exiting constructor. Consider adding the 'required' modifier or declaring the property as nullable. [C:\Users\HP\Downloads\Medical\Medical_Affiliation\Medical_Affiliation.csproj]
C:\Users\HP\Downloads\Medical\Medical_Affiliation\Models\CollegeDetailsViewModel.cs(6,23): warning CS8618: Non-nullable property 'CollegeName' must contain a non-null value when exiting constructor. Consider adding the 'required' modifier or declaring the property as nullable. [C:\Users\HP\Downloads\Medical\Medical_Affiliation\Medical_Affiliation.csproj]
C:\Users\HP\Downloads\Medical\Medical_Affiliation\Models\CollegeDetailsViewModel.cs(7,23): warning CS8618: Non-nullable property 'CollegeCode' must contain a non-null value when exiting constructor. Consider adding the 'required' modifier or declaring the property as nullable. [C:\Users\HP\Downloads\Medical\Medical_Affiliation\Medical_Affiliation.csproj]
C:\Users\HP\Downloads\Medical\Medical_Affiliation\Models\CollegeDetailsViewModel.cs(12,35): warning CS8618: Non-nullable property 'Courses' must contain a non-null value when exiting constructor. Consider adding the 'required' modifier or declaring the property as nullable. [C:\Users\HP\Downloads\Medical\Medical_Affiliation\Medical_Affiliation.csproj]
C:\Users\HP\Downloads\Medical\Medical_Affiliation\Models\CollegeCourseViewModel .cs(46,23): warning CS8618: Non-nullable property 'FacultyCode' must contain a non-null value when exiting constructor. Consider adding the 'required' modifier or declaring the property as nullable. [C:\Users\HP\Downloads\Medical\Medical_Affiliation\Medical_Affiliation.csproj]
C:\Users\HP\Downloads\Medical\Medical_Affiliation\Models\CollegeCourseViewModel .cs(47,23): warning CS8618: Non-nullable property 'FacultyName' must contain a non-null value when exiting constructor. Consider adding the 'required' modifier or declaring the property as nullable. [C:\Users\HP\Downloads\Medical\Medical_Affiliation\Medical_Affiliation.csproj]
C:\Users\HP\Downloads\Medical\Medical_Affiliation\Models\CollegeDetailsViewModel.cs(24,23): warning CS8618: Non-nullable property 'CourseCode' must contain a non-null value when exiting constructor. Consider adding the 'required' modifier or declaring the property as nullable. [C:\Users\HP\Downloads\Medical\Medical_Affiliation\Medical_Affiliation.csproj]
C:\Users\HP\Downloads\Medical\Medical_Affiliation\Models\CollegeDetailsViewModel.cs(25,23): warning CS8618: Non-nullable property 'CourseName' must contain a non-null value when exiting constructor. Consider adding the 'required' modifier or declaring the property as nullable. [C:\Users\HP\Downloads\Medical\Medical_Affiliation\Medical_Affiliation.csproj]
C:\Users\HP\Downloads\Medical\Medical_Affiliation\Models\CollegeDetailsViewModel.cs(28,23): warning CS8618: Non-nullable property 'FacultyCode' must contain a non-null value when exiting constructor. Consider adding the 'required' modifier or declaring the property as nullable. [C:\Users\HP\Downloads\Medical\Medical_Affiliation\Medical_Affiliation.csproj]
C:\Users\HP\Downloads\Medical\Medical_Affiliation\Models\CollegeDetailsViewModel.cs(30,23): warning CS8618: Non-nullable property 'FreshOrContinuationName' must contain a non-null value when exiting constructor. Consider adding the 'required' modifier or declaring the property as nullable. [C:\Users\HP\Downloads\Medical\Medical_Affiliation\Medical_Affiliation.csproj]
C:\Users\HP\Downloads\Medical\Medical_Affiliation\Models\CollegeDetailsViewModel.cs(33,23): warning CS8618: Non-nullable property 'SelectedDegree' must contain a non-null value when exiting constructor. Consider adding the 'required' modifier or declaring the property as nullable. [C:\Users\HP\Downloads\Medical\Medical_Affiliation\Medical_Affiliation.csproj]
C:\Users\HP\Downloads\Medical\Medical_Affiliation\Models\CollegeDetailsViewModel.cs(34,23): warning CS8618: Non-nullable property 'SelectedCourse' must contain a non-null value when exiting constructor. Consider adding the 'required' modifier or declaring the property as nullable. [C:\Users\HP\Downloads\Medical\Medical_Affiliation\Medical_Affiliation.csproj]
C:\Users\HP\Downloads\Medical\Medical_Affiliation\Models\CollegeDetailsViewModel.cs(35,23): warning CS8618: Non-nullable property 'SelectedFreshOrContinuation' must contain a non-null value when exiting constructor. Consider adding the 'required' modifier or declaring the property as nullable. [C:\Users\HP\Downloads\Medical\Medical_Affiliation\Medical_Affiliation.csproj]
C:\Users\HP\Downloads\Medical\Medical_Affiliation\Models\CollegeDetailsViewModel.cs(38,35): warning CS8618: Non-nullable property 'Courses' must contain a non-null value when exiting constructor. Consider adding the 'required' modifier or declaring the property as nullable. [C:\Users\HP\Downloads\Medical\Medical_Affiliation\Medical_Affiliation.csproj]
C:\Users\HP\Downloads\Medical\Medical_Affiliation\Models\CollegeDetailsViewModel.cs(41,26): warning CS8618: Non-nullable property 'DocumentFile' must contain a non-null value when exiting constructor. Consider adding the 'required' modifier or declaring the property as nullable. [C:\Users\HP\Downloads\Medical\Medical_Affiliation\Medical_Affiliation.csproj]
C:\Users\HP\Downloads\Medical\Medical_Affiliation\Models\CollegeDetailsViewModel.cs(42,23): warning CS8618: Non-nullable property 'DocumentBytes' must contain a non-null value when exiting constructor. Consider adding the 'required' modifier or declaring the property as nullable. [C:\Users\HP\Downloads\Medical\Medical_Affiliation\Medical_Affiliation.csproj]
C:\Users\HP\Downloads\Medical\Medical_Affiliation\Models\CollegeDetailsViewModel.cs(43,23): warning CS8618: Non-nullable property 'Remarks' must contain a non-null value when exiting constructor. Consider adding the 'required' modifier or declaring the property as nullable. [C:\Users\HP\Downloads\Medical\Medical_Affiliation\Medical_Affiliation.csproj]
C:\Users\HP\Downloads\Medical\Medical_Affiliation\Models\CollegeCourseViewModel .cs(37,23): warning CS8618: Non-nullable property 'facultyCode' must contain a non-null value when exiting constructor. Consider adding the 'required' modifier or declaring the property as nullable. [C:\Users\HP\Downloads\Medical\Medical_Affiliation\Medical_Affiliation.csproj]
C:\Users\HP\Downloads\Medical\Medical_Affiliation\Models\CollegeCourseViewModel .cs(38,23): warning CS8618: Non-nullable property 'collegeCode' must contain a non-null value when exiting constructor. Consider adding the 'required' modifier or declaring the property as nullable. [C:\Users\HP\Downloads\Medical\Medical_Affiliation\Medical_Affiliation.csproj]
C:\Users\HP\Downloads\Medical\Medical_Affiliation\Models\CollegeCourseViewModel .cs(39,23): warning CS8618: Non-nullable property 'collegeName' must contain a non-null value when exiting constructor. Consider adding the 'required' modifier or declaring the property as nullable. [C:\Users\HP\Downloads\Medical\Medical_Affiliation\Medical_Affiliation.csproj]
C:\Users\HP\Downloads\Medical\Medical_Affiliation\Models\CollegeCourseViewModel .cs(41,48): warning CS8618: Non-nullable property 'FacultyForFreeze' must contain a non-null value when exiting constructor. Consider adding the 'required' modifier or declaring the property as nullable. [C:\Users\HP\Downloads\Medical\Medical_Affiliation\Medical_Affiliation.csproj]
C:\Users\HP\Downloads\Medical\Medical_Affiliation\Models\CollegeCourseViewModel .cs(10,23): warning CS8618: Non-nullable property 'SelectedCourseLevel' must contain a non-null value when exiting constructor. Consider adding the 'required' modifier or declaring the property as nullable. [C:\Users\HP\Downloads\Medical\Medical_Affiliation\Medical_Affiliation.csproj]
C:\Users\HP\Downloads\Medical\Medical_Affiliation\Models\CollegeCourseViewModel .cs(11,44): warning CS8618: Non-nullable property 'CourseLevelList' must contain a non-null value when exiting constructor. Consider adding the 'required' modifier or declaring the property as nullable. [C:\Users\HP\Downloads\Medical\Medical_Affiliation\Medical_Affiliation.csproj]
C:\Users\HP\Downloads\Medical\Medical_Affiliation\Models\ClinicalFacilitesViewModel.cs(581,23): warning CS8618: Non-nullable property 'CollegeCode' must contain a non-null value when exiting constructor. Consider adding the 'required' modifier or declaring the property as nullable. [C:\Users\HP\Downloads\Medical\Medical_Affiliation\Medical_Affiliation.csproj]
C:\Users\HP\Downloads\Medical\Medical_Affiliation\Models\ClinicalFacilitesViewModel.cs(531,23): warning CS8618: Non-nullable property 'SeatSlabId' must contain a non-null value when exiting constructor. Consider adding the 'required' modifier or declaring the property as nullable. [C:\Users\HP\Downloads\Medical\Medical_Affiliation\Medical_Affiliation.csproj]
C:\Users\HP\Downloads\Medical\Medical_Affiliation\Models\ClinicalFacilitesViewModel.cs(546,23): warning CS8618: Non-nullable property 'Post' must contain a non-null value when exiting constructor. Consider adding the 'required' modifier or declaring the property as nullable. [C:\Users\HP\Downloads\Medical\Medical_Affiliation\Medical_Affiliation.csproj]
C:\Users\HP\Downloads\Medical\Medical_Affiliation\Models\ClinicalFacilitesViewModel.cs(550,23): warning CS8618: Non-nullable property 'Name' must contain a non-null value when exiting constructor. Consider adding the 'required' modifier or declaring the property as nullable. [C:\Users\HP\Downloads\Medical\Medical_Affiliation\Medical_Affiliation.csproj]
C:\Users\HP\Downloads\Medical\Medical_Affiliation\Models\ClinicalFacilitesViewModel.cs(554,23): warning CS8618: Non-nullable property 'Qualification' must contain a non-null value when exiting constructor. Consider adding the 'required' modifier or declaring the property as nullable. [C:\Users\HP\Downloads\Medical\Medical_Affiliation\Medical_Affiliation.csproj]
C:\Users\HP\Downloads\Medical\Medical_Affiliation\Models\ClinicalFacilitesViewModel.cs(562,23): warning CS8618: Non-nullable property 'University' must contain a non-null value when exiting constructor. Consider adding the 'required' modifier or declaring the property as nullable. [C:\Users\HP\Downloads\Medical\Medical_Affiliation\Medical_Affiliation.csproj]
C:\Users\HP\Downloads\Medical\Medical_Affiliation\Models\ClinicalFacilitesViewModel.cs(575,23): warning CS8618: Non-nullable property 'Responsibilities' must contain a non-null value when exiting constructor. Consider adding the 'required' modifier or declaring the property as nullable. [C:\Users\HP\Downloads\Medical\Medical_Affiliation\Medical_Affiliation.csproj]
C:\Users\HP\Downloads\Medical\Medical_Affiliation\Models\ClinicalFacilitesViewModel.cs(400,23): warning CS8618: Non-nullable property 'RequirementName' must contain a non-null value when exiting constructor. Consider adding the 'required' modifier or declaring the property as nullable. [C:\Users\HP\Downloads\Medical\Medical_Affiliation\Medical_Affiliation.csproj]
C:\Users\HP\Downloads\Medical\Medical_Affiliation\Models\ClinicalFacilitesViewModel.cs(423,23): warning CS8618: Non-nullable field 'CourseLevel' must contain a non-null value when exiting constructor. Consider adding the 'required' modifier or declaring the field as nullable. [C:\Users\HP\Downloads\Medical\Medical_Affiliation\Medical_Affiliation.csproj]
C:\Users\HP\Downloads\Medical\Medical_Affiliation\Models\ClinicalFacilitesViewModel.cs(444,23): warning CS8618: Non-nullable property 'CourseLevel' must contain a non-null value when exiting constructor. Consider adding the 'required' modifier or declaring the property as nullable. [C:\Users\HP\Downloads\Medical\Medical_Affiliation\Medical_Affiliation.csproj]
C:\Users\HP\Downloads\Medical\Medical_Affiliation\Models\ClinicalFacilitesViewModel.cs(368,23): warning CS8618: Non-nullable property 'CollegeCode' must contain a non-null value when exiting constructor. Consider adding the 'required' modifier or declaring the property as nullable. [C:\Users\HP\Downloads\Medical\Medical_Affiliation\Medical_Affiliation.csproj]
C:\Users\HP\Downloads\Medical\Medical_Affiliation\Models\ClinicalFacilitesViewModel.cs(370,23): warning CS8618: Non-nullable property 'FacultyCode' must contain a non-null value when exiting constructor. Consider adding the 'required' modifier or declaring the property as nullable. [C:\Users\HP\Downloads\Medical\Medical_Affiliation\Medical_Affiliation.csproj]
C:\Users\HP\Downloads\Medical\Medical_Affiliation\Models\ClinicalFacilitesViewModel.cs(376,35): warning CS8618: Non-nullable property 'Disciplines' must contain a non-null value when exiting constructor. Consider adding the 'required' modifier or declaring the property as nullable. [C:\Users\HP\Downloads\Medical\Medical_Affiliation\Medical_Affiliation.csproj]
C:\Users\HP\Downloads\Medical\Medical_Affiliation\Models\ClinicalFacilitesViewModel.cs(362,23): warning CS8618: Non-nullable property 'CollegeCode' must contain a non-null value when exiting constructor. Consider adding the 'required' modifier or declaring the property as nullable. [C:\Users\HP\Downloads\Medical\Medical_Affiliation\Medical_Affiliation.csproj]
C:\Users\HP\Downloads\Medical\Medical_Affiliation\Models\ClinicalFacilitesViewModel.cs(337,23): warning CS8618: Non-nullable property 'CollegeCode' must contain a non-null value when exiting constructor. Consider adding the 'required' modifier or declaring the property as nullable. [C:\Users\HP\Downloads\Medical\Medical_Affiliation\Medical_Affiliation.csproj]
C:\Users\HP\Downloads\Medical\Medical_Affiliation\Models\ClinicalFacilitesViewModel.cs(338,23): warning CS8618: Non-nullable property 'FacultyCode' must contain a non-null value when exiting constructor. Consider adding the 'required' modifier or declaring the property as nullable. [C:\Users\HP\Downloads\Medical\Medical_Affiliation\Medical_Affiliation.csproj]
C:\Users\HP\Downloads\Medical\Medical_Affiliation\Models\ClinicalFacilitesViewModel.cs(341,23): warning CS8618: Non-nullable property 'DisciplineCode' must contain a non-null value when exiting constructor. Consider adding the 'required' modifier or declaring the property as nullable. [C:\Users\HP\Downloads\Medical\Medical_Affiliation\Medical_Affiliation.csproj]
C:\Users\HP\Downloads\Medical\Medical_Affiliation\Models\ClinicalFacilitesViewModel.cs(343,23): warning CS8618: Non-nullable property 'DisciplineName' must contain a non-null value when exiting constructor. Consider adding the 'required' modifier or declaring the property as nullable. [C:\Users\HP\Downloads\Medical\Medical_Affiliation\Medical_Affiliation.csproj]
C:\Users\HP\Downloads\Medical\Medical_Affiliation\Models\CollegeCourseViewModel .cs(53,23): warning CS8618: Non-nullable property 'CourseCode' must contain a non-null value when exiting constructor. Consider adding the 'required' modifier or declaring the property as nullable. [C:\Users\HP\Downloads\Medical\Medical_Affiliation\Medical_Affiliation.csproj]
C:\Users\HP\Downloads\Medical\Medical_Affiliation\Models\CollegeCourseViewModel .cs(67,23): warning CS8618: Non-nullable property 'CourseLevel' must contain a non-null value when exiting constructor. Consider adding the 'required' modifier or declaring the property as nullable. [C:\Users\HP\Downloads\Medical\Medical_Affiliation\Medical_Affiliation.csproj]
C:\Users\HP\Downloads\Medical\Medical_Affiliation\Models\ClinicalFacilitesViewModel.cs(244,61): warning CS8618: Non-nullable property 'Documents' must contain a non-null value when exiting constructor. Consider adding the 'required' modifier or declaring the property as nullable. [C:\Users\HP\Downloads\Medical\Medical_Affiliation\Medical_Affiliation.csproj]
C:\Users\HP\Downloads\Medical\Medical_Affiliation\Models\ClinicalFacilitesViewModel.cs(312,23): warning CS8618: Non-nullable property 'CollegeCode' must contain a non-null value when exiting constructor. Consider adding the 'required' modifier or declaring the property as nullable. [C:\Users\HP\Downloads\Medical\Medical_Affiliation\Medical_Affiliation.csproj]
C:\Users\HP\Downloads\Medical\Medical_Affiliation\Models\ClinicalFacilitesViewModel.cs(313,23): warning CS8618: Non-nullable property 'FacultyCode' must contain a non-null value when exiting constructor. Consider adding the 'required' modifier or declaring the property as nullable. [C:\Users\HP\Downloads\Medical\Medical_Affiliation\Medical_Affiliation.csproj]
C:\Users\HP\Downloads\Medical\Medical_Affiliation\Models\ClinicalFacilitesViewModel.cs(258,23): warning CS8618: Non-nullable property 'CollegeCode' must contain a non-null value when exiting constructor. Consider adding the 'required' modifier or declaring the property as nullable. [C:\Users\HP\Downloads\Medical\Medical_Affiliation\Medical_Affiliation.csproj]
C:\Users\HP\Downloads\Medical\Medical_Affiliation\Models\ClinicalFacilitesViewModel.cs(259,23): warning CS8618: Non-nullable property 'FacultyCode' must contain a non-null value when exiting constructor. Consider adding the 'required' modifier or declaring the property as nullable. [C:\Users\HP\Downloads\Medical\Medical_Affiliation\Medical_Affiliation.csproj]
C:\Users\HP\Downloads\Medical\Medical_Affiliation\Models\ClinicalFacilitesViewModel.cs(263,23): warning CS8618: Non-nullable property 'AffiliationType' must contain a non-null value when exiting constructor. Consider adding the 'required' modifier or declaring the property as nullable. [C:\Users\HP\Downloads\Medical\Medical_Affiliation\Medical_Affiliation.csproj]
C:\Users\HP\Downloads\Medical\Medical_Affiliation\Models\ClinicalFacilitesViewModel.cs(274,23): warning CS8618: Non-nullable property 'HospitalName' must contain a non-null value when exiting constructor. Consider adding the 'required' modifier or declaring the property as nullable. [C:\Users\HP\Downloads\Medical\Medical_Affiliation\Medical_Affiliation.csproj]
C:\Users\HP\Downloads\Medical\Medical_Affiliation\Models\ClinicalFacilitesViewModel.cs(276,23): warning CS8618: Non-nullable property 'HospitalOwnerName' must contain a non-null value when exiting constructor. Consider adding the 'required' modifier or declaring the property as nullable. [C:\Users\HP\Downloads\Medical\Medical_Affiliation\Medical_Affiliation.csproj]
C:\Users\HP\Downloads\Medical\Medical_Affiliation\Models\ClinicalFacilitesViewModel.cs(282,23): warning CS8618: Non-nullable property 'Location' must contain a non-null value when exiting constructor. Consider adding the 'required' modifier or declaring the property as nullable. [C:\Users\HP\Downloads\Medical\Medical_Affiliation\Medical_Affiliation.csproj]
C:\Users\HP\Downloads\Medical\Medical_Affiliation\Models\ClinicalFacilitesViewModel.cs(145,23): warning CS8618: Non-nullable property 'CollegeCode' must contain a non-null value when exiting constructor. Consider adding the 'required' modifier or declaring the property as nullable. [C:\Users\HP\Downloads\Medical\Medical_Affiliation\Medical_Affiliation.csproj]
C:\Users\HP\Downloads\Medical\Medical_Affiliation\Models\ClinicalFacilitesViewModel.cs(148,23): warning CS8618: Non-nullable property 'HospitalName' must contain a non-null value when exiting constructor. Consider adding the 'required' modifier or declaring the property as nullable. [C:\Users\HP\Downloads\Medical\Medical_Affiliation\Medical_Affiliation.csproj]
C:\Users\HP\Downloads\Medical\Medical_Affiliation\Models\ClinicalFacilitesViewModel.cs(153,23): warning CS8618: Non-nullable property 'DocumentName' must contain a non-null value when exiting constructor. Consider adding the 'required' modifier or declaring the property as nullable. [C:\Users\HP\Downloads\Medical\Medical_Affiliation\Medical_Affiliation.csproj]
C:\Users\HP\Downloads\Medical\Medical_Affiliation\Models\ClinicalFacilitesViewModel.cs(162,23): warning CS8618: Non-nullable property 'CertificateNumber' must contain a non-null value when exiting constructor. Consider adding the 'required' modifier or declaring the property as nullable. [C:\Users\HP\Downloads\Medical\Medical_Affiliation\Medical_Affiliation.csproj]
C:\Users\HP\Downloads\Medical\Medical_Affiliation\Models\ClinicalFacilitesViewModel.cs(106,23): warning CS8618: Non-nullable property 'CollegeCode' must contain a non-null value when exiting constructor. Consider adding the 'required' modifier or declaring the property as nullable. [C:\Users\HP\Downloads\Medical\Medical_Affiliation\Medical_Affiliation.csproj]
C:\Users\HP\Downloads\Medical\Medical_Affiliation\Models\ClinicalFacilitesViewModel.cs(112,35): warning CS8618: Non-nullable property 'AdopAffTypeOptions' must contain a non-null value when exiting constructor. Consider adding the 'required' modifier or declaring the property as nullable. [C:\Users\HP\Downloads\Medical\Medical_Affiliation\Medical_Affiliation.csproj]
C:\Users\HP\Downloads\Medical\Medical_Affiliation\Models\ClinicalFacilitesViewModel.cs(114,35): warning CS8618: Non-nullable property 'AdministrationTypeOptions' must contain a non-null value when exiting constructor. Consider adding the 'required' modifier or declaring the property as nullable. [C:\Users\HP\Downloads\Medical\Medical_Affiliation\Medical_Affiliation.csproj]
C:\Users\HP\Downloads\Medical\Medical_Affiliation\Models\ClinicalFacilitesViewModel.cs(133,23): warning CS8618: Non-nullable property 'NameOfCHC' must contain a non-null value when exiting constructor. Consider adding the 'required' modifier or declaring the property as nullable. [C:\Users\HP\Downloads\Medical\Medical_Affiliation\Medical_Affiliation.csproj]
C:\Users\HP\Downloads\Medical\Medical_Affiliation\Models\ClinicalFacilitesViewModel.cs(137,23): warning CS8618: Non-nullable property 'DistanceFromNursingInstitution' must contain a non-null value when exiting constructor. Consider adding the 'required' modifier or declaring the property as nullable. [C:\Users\HP\Downloads\Medical\Medical_Affiliation\Medical_Affiliation.csproj]
C:\Users\HP\Downloads\Medical\Medical_Affiliation\Models\ClinicalFacilitesViewModel.cs(140,23): warning CS8618: Non-nullable property 'ServicesRendered' must contain a non-null value when exiting constructor. Consider adding the 'required' modifier or declaring the property as nullable. [C:\Users\HP\Downloads\Medical\Medical_Affiliation\Medical_Affiliation.csproj]
C:\Users\HP\Downloads\Medical\Medical_Affiliation\Models\ClinicalFacilitesViewModel.cs(10,23): warning CS8618: Non-nullable property 'Name' must contain a non-null value when exiting constructor. Consider adding the 'required' modifier or declaring the property as nullable. [C:\Users\HP\Downloads\Medical\Medical_Affiliation\Medical_Affiliation.csproj]
C:\Users\HP\Downloads\Medical\Medical_Affiliation\Models\ClassroomPageVM.cs(5,23): warning CS8618: Non-nullable property 'FacultyCode' must contain a non-null value when exiting constructor. Consider adding the 'required' modifier or declaring the property as nullable. [C:\Users\HP\Downloads\Medical\Medical_Affiliation\Medical_Affiliation.csproj]
C:\Users\HP\Downloads\Medical\Medical_Affiliation\Models\ClassroomPageVM.cs(8,40): warning CS8618: Non-nullable property 'ClassroomDetails' must contain a non-null value when exiting constructor. Consider adding the 'required' modifier or declaring the property as nullable. [C:\Users\HP\Downloads\Medical\Medical_Affiliation\Medical_Affiliation.csproj]
C:\Users\HP\Downloads\Medical\Medical_Affiliation\Models\ClassroomPageVM.cs(10,41): warning CS8618: Non-nullable property 'LaboratoryDetails' must contain a non-null value when exiting constructor. Consider adding the 'required' modifier or declaring the property as nullable. [C:\Users\HP\Downloads\Medical\Medical_Affiliation\Medical_Affiliation.csproj]
C:\Users\HP\Downloads\Medical\Medical_Affiliation\Models\CA_SS_SSCourseParticularsVM.cs(83,23): warning CS8618: Non-nullable property 'CollegeCode' must contain a non-null value when exiting constructor. Consider adding the 'required' modifier or declaring the property as nullable. [C:\Users\HP\Downloads\Medical\Medical_Affiliation\Medical_Affiliation.csproj]
C:\Users\HP\Downloads\Medical\Medical_Affiliation\Models\CA_SS_SSCourseParticularsVM.cs(85,23): warning CS8618: Non-nullable property 'CourseName' must contain a non-null value when exiting constructor. Consider adding the 'required' modifier or declaring the property as nullable. [C:\Users\HP\Downloads\Medical\Medical_Affiliation\Medical_Affiliation.csproj]
C:\Users\HP\Downloads\Medical\Medical_Affiliation\Models\ClassroomPageVM.cs(42,23): warning CS8618: Non-nullable property 'LaboratoryName' must contain a non-null value when exiting constructor. Consider adding the 'required' modifier or declaring the property as nullable. [C:\Users\HP\Downloads\Medical\Medical_Affiliation\Medical_Affiliation.csproj]
C:\Users\HP\Downloads\Medical\Medical_Affiliation\Models\ClassroomPageVM.cs(17,23): warning CS8618: Non-nullable property 'CourseCode' must contain a non-null value when exiting constructor. Consider adding the 'required' modifier or declaring the property as nullable. [C:\Users\HP\Downloads\Medical\Medical_Affiliation\Medical_Affiliation.csproj]
C:\Users\HP\Downloads\Medical\Medical_Affiliation\Models\ClassroomPageVM.cs(18,23): warning CS8618: Non-nullable property 'CourseName' must contain a non-null value when exiting constructor. Consider adding the 'required' modifier or declaring the property as nullable. [C:\Users\HP\Downloads\Medical\Medical_Affiliation\Medical_Affiliation.csproj]
C:\Users\HP\Downloads\Medical\Medical_Affiliation\Models\CA_SS_SSCourseParticularsVM.cs(67,23): warning CS8618: Non-nullable property 'CourseName' must contain a non-null value when exiting constructor. Consider adding the 'required' modifier or declaring the property as nullable. [C:\Users\HP\Downloads\Medical\Medical_Affiliation\Medical_Affiliation.csproj]
C:\Users\HP\Downloads\Medical\Medical_Affiliation\Models\CA_SS_SSCourseParticularsVM.cs(69,23): warning CS8618: Non-nullable property 'SanctionedIntake' must contain a non-null value when exiting constructor. Consider adding the 'required' modifier or declaring the property as nullable. [C:\Users\HP\Downloads\Medical\Medical_Affiliation\Medical_Affiliation.csproj]
C:\Users\HP\Downloads\Medical\Medical_Affiliation\Models\CA_SS_SSCourseParticularsVM.cs(33,23): warning CS8618: Non-nullable property 'CourseName' must contain a non-null value when exiting constructor. Consider adding the 'required' modifier or declaring the property as nullable. [C:\Users\HP\Downloads\Medical\Medical_Affiliation\Medical_Affiliation.csproj]
C:\Users\HP\Downloads\Medical\Medical_Affiliation\Models\CA_SS_SSCourseParticularsVM.cs(21,23): warning CS8618: Non-nullable property 'CourseName' must contain a non-null value when exiting constructor. Consider adding the 'required' modifier or declaring the property as nullable. [C:\Users\HP\Downloads\Medical\Medical_Affiliation\Medical_Affiliation.csproj]
C:\Users\HP\Downloads\Medical\Medical_Affiliation\Models\CA_SS_SSCourseParticularsVM.cs(46,23): warning CS8618: Non-nullable property 'CourseName' must contain a non-null value when exiting constructor. Consider adding the 'required' modifier or declaring the property as nullable. [C:\Users\HP\Downloads\Medical\Medical_Affiliation\Medical_Affiliation.csproj]
C:\Users\HP\Downloads\Medical\Medical_Affiliation\Models\CA_Med_ResearchPublicationsDetailsVM.cs(93,23): warning CS8618: Non-nullable property 'DeptCode' must contain a non-null value when exiting constructor. Consider adding the 'required' modifier or declaring the property as nullable. [C:\Users\HP\Downloads\Medical\Medical_Affiliation\Medical_Affiliation.csproj]
C:\Users\HP\Downloads\Medical\Medical_Affiliation\Models\CA_Med_Lib_OtherAcademicActivitiesVM.cs(14,23): warning CS8618: Non-nullable property 'ActivityName' must contain a non-null value when exiting constructor. Consider adding the 'required' modifier or declaring the property as nullable. [C:\Users\HP\Downloads\Medical\Medical_Affiliation\Medical_Affiliation.csproj]
C:\Users\HP\Downloads\Medical\Medical_Affiliation\Models\CA_Med_Lib_OtherAcademicActivitiesVM.cs(17,23): warning CS8618: Non-nullable property 'DepartmentCode' must contain a non-null value when exiting constructor. Consider adding the 'required' modifier or declaring the property as nullable. [C:\Users\HP\Downloads\Medical\Medical_Affiliation\Medical_Affiliation.csproj]
C:\Users\HP\Downloads\Medical\Medical_Affiliation\Models\ClinicalFacilitesViewModel.cs(209,23): warning CS8618: Non-nullable property 'CollegeCode' must contain a non-null value when exiting constructor. Consider adding the 'required' modifier or declaring the property as nullable. [C:\Users\HP\Downloads\Medical\Medical_Affiliation\Medical_Affiliation.csproj]
C:\Users\HP\Downloads\Medical\Medical_Affiliation\Models\ClinicalFacilitesViewModel.cs(211,23): warning CS8618: Non-nullable property 'CourseLevel' must contain a non-null value when exiting constructor. Consider adding the 'required' modifier or declaring the property as nullable. [C:\Users\HP\Downloads\Medical\Medical_Affiliation\Medical_Affiliation.csproj]
C:\Users\HP\Downloads\Medical\Medical_Affiliation\Models\CA_Aff_AcademicMattersViewModel.cs(152,23): warning CS8618: Non-nullable property 'Subject' must contain a non-null value when exiting constructor. Consider adding the 'required' modifier or declaring the property as nullable. [C:\Users\HP\Downloads\Medical\Medical_Affiliation\Medical_Affiliation.csproj]
C:\Users\HP\Downloads\Medical\Medical_Affiliation\Models\CA_Aff_AcademicMattersViewModel.cs(160,23): warning CS8618: Non-nullable property 'YearName' must contain a non-null value when exiting constructor. Consider adding the 'required' modifier or declaring the property as nullable. [C:\Users\HP\Downloads\Medical\Medical_Affiliation\Medical_Affiliation.csproj]
C:\Users\HP\Downloads\Medical\Medical_Affiliation\Models\CA_Aff_AcademicMattersViewModel.cs(168,23): warning CS8618: Non-nullable property 'Remarks' must contain a non-null value when exiting constructor. Consider adding the 'required' modifier or declaring the property as nullable. [C:\Users\HP\Downloads\Medical\Medical_Affiliation\Medical_Affiliation.csproj]
C:\Users\HP\Downloads\Medical\Medical_Affiliation\Models\CA_Aff_AcademicMattersViewModel.cs(104,23): warning CS8618: Non-nullable property 'CurriculumName' must contain a non-null value when exiting constructor. Consider adding the 'required' modifier or declaring the property as nullable. [C:\Users\HP\Downloads\Medical\Medical_Affiliation\Medical_Affiliation.csproj]
C:\Users\HP\Downloads\Medical\Medical_Affiliation\Models\LandBuildingDetailsVM.cs(12,23): warning CS8618: Non-nullable property 'BuildingType' must contain a non-null value when exiting constructor. Consider adding the 'required' modifier or declaring the property as nullable. [C:\Users\HP\Downloads\Medical\Medical_Affiliation\Medical_Affiliation.csproj]
C:\Users\HP\Downloads\Medical\Medical_Affiliation\Models\LandBuildingDetailsVM.cs(13,23): warning CS8618: Non-nullable property 'OwnerName' must contain a non-null value when exiting constructor. Consider adding the 'required' modifier or declaring the property as nullable. [C:\Users\HP\Downloads\Medical\Medical_Affiliation\Medical_Affiliation.csproj]
C:\Users\HP\Downloads\Medical\Medical_Affiliation\Models\LandBuildingDetailsVM.cs(16,23): warning CS8618: Non-nullable property 'CourtCase' must contain a non-null value when exiting constructor. Consider adding the 'required' modifier or declaring the property as nullable. [C:\Users\HP\Downloads\Medical\Medical_Affiliation\Medical_Affiliation.csproj]
C:\Users\HP\Downloads\Medical\Medical_Affiliation\Models\LandBuildingDetailsVM.cs(17,23): warning CS8618: Non-nullable property 'CoursesInBuilding' must contain a non-null value when exiting constructor. Consider adding the 'required' modifier or declaring the property as nullable. [C:\Users\HP\Downloads\Medical\Medical_Affiliation\Medical_Affiliation.csproj]
C:\Users\HP\Downloads\Medical\Medical_Affiliation\Models\LandBuildingDetailsVM.cs(24,23): warning CS8618: Non-nullable property 'Survey' must contain a non-null value when exiting constructor. Consider adding the 'required' modifier or declaring the property as nullable. [C:\Users\HP\Downloads\Medical\Medical_Affiliation\Medical_Affiliation.csproj]
C:\Users\HP\Downloads\Medical\Medical_Affiliation\Models\LandBuildingDetailsVM.cs(25,23): warning CS8618: Non-nullable property 'RR' must contain a non-null value when exiting constructor. Consider adding the 'required' modifier or declaring the property as nullable. [C:\Users\HP\Downloads\Medical\Medical_Affiliation\Medical_Affiliation.csproj]
C:\Users\HP\Downloads\Medical\Medical_Affiliation\Models\LandBuildingDetailsVM.cs(28,23): warning CS8618: Non-nullable property 'WaterSupply' must contain a non-null value when exiting constructor. Consider adding the 'required' modifier or declaring the property as nullable. [C:\Users\HP\Downloads\Medical\Medical_Affiliation\Medical_Affiliation.csproj]
C:\Users\HP\Downloads\Medical\Medical_Affiliation\Models\LandBuildingDetailsVM.cs(29,23): warning CS8618: Non-nullable property 'Auditorium' must contain a non-null value when exiting constructor. Consider adding the 'required' modifier or declaring the property as nullable. [C:\Users\HP\Downloads\Medical\Medical_Affiliation\Medical_Affiliation.csproj]
C:\Users\HP\Downloads\Medical\Medical_Affiliation\Models\LandBuildingDetailsVM.cs(30,23): warning CS8618: Non-nullable property 'OfficeFacilities' must contain a non-null value when exiting constructor. Consider adding the 'required' modifier or declaring the property as nullable. [C:\Users\HP\Downloads\Medical\Medical_Affiliation\Medical_Affiliation.csproj]
C:\Users\HP\Downloads\Medical\Medical_Affiliation\Models\LandBuildingDetailsVM.cs(31,23): warning CS8618: Non-nullable property 'Seating' must contain a non-null value when exiting constructor. Consider adding the 'required' modifier or declaring the property as nullable. [C:\Users\HP\Downloads\Medical\Medical_Affiliation\Medical_Affiliation.csproj]
C:\Users\HP\Downloads\Medical\Medical_Affiliation\Models\LandBuildingDetailsVM.cs(32,23): warning CS8618: Non-nullable property 'Electricity' must contain a non-null value when exiting constructor. Consider adding the 'required' modifier or declaring the property as nullable. [C:\Users\HP\Downloads\Medical\Medical_Affiliation\Medical_Affiliation.csproj]
C:\Users\HP\Downloads\Medical\Medical_Affiliation\Models\LandBuildingDetailsVM.cs(35,23): warning CS8618: Non-nullable property 'BlueprintCertNo' must contain a non-null value when exiting constructor. Consider adding the 'required' modifier or declaring the property as nullable. [C:\Users\HP\Downloads\Medical\Medical_Affiliation\Medical_Affiliation.csproj]
C:\Users\HP\Downloads\Medical\Medical_Affiliation\Models\LandBuildingDetailsVM.cs(36,23): warning CS8618: Non-nullable property 'ApprovalCertNo' must contain a non-null value when exiting constructor. Consider adding the 'required' modifier or declaring the property as nullable. [C:\Users\HP\Downloads\Medical\Medical_Affiliation\Medical_Affiliation.csproj]
C:\Users\HP\Downloads\Medical\Medical_Affiliation\Models\LandBuildingDetailsVM.cs(37,23): warning CS8618: Non-nullable property 'TaxCertNo' must contain a non-null value when exiting constructor. Consider adding the 'required' modifier or declaring the property as nullable. [C:\Users\HP\Downloads\Medical\Medical_Affiliation\Medical_Affiliation.csproj]
C:\Users\HP\Downloads\Medical\Medical_Affiliation\Models\LandBuildingDetailsVM.cs(38,23): warning CS8618: Non-nullable property 'RTCCertNo' must contain a non-null value when exiting constructor. Consider adding the 'required' modifier or declaring the property as nullable. [C:\Users\HP\Downloads\Medical\Medical_Affiliation\Medical_Affiliation.csproj]
C:\Users\HP\Downloads\Medical\Medical_Affiliation\Models\LandBuildingDetailsVM.cs(39,23): warning CS8618: Non-nullable property 'OccupancyCertNo' must contain a non-null value when exiting constructor. Consider adding the 'required' modifier or declaring the property as nullable. [C:\Users\HP\Downloads\Medical\Medical_Affiliation\Medical_Affiliation.csproj]
C:\Users\HP\Downloads\Medical\Medical_Affiliation\Models\LandBuildingDetailsVM.cs(40,23): warning CS8618: Non-nullable property 'SaleDeedCertNo' must contain a non-null value when exiting constructor. Consider adding the 'required' modifier or declaring the property as nullable. [C:\Users\HP\Downloads\Medical\Medical_Affiliation\Medical_Affiliation.csproj]
C:\Users\HP\Downloads\Medical\Medical_Affiliation\Models\LandBuildingDetailsVM.cs(44,26): warning CS8618: Non-nullable property 'BlueprintDoc' must contain a non-null value when exiting constructor. Consider adding the 'required' modifier or declaring the property as nullable. [C:\Users\HP\Downloads\Medical\Medical_Affiliation\Medical_Affiliation.csproj]
C:\Users\HP\Downloads\Medical\Medical_Affiliation\Models\LandBuildingDetailsVM.cs(45,26): warning CS8618: Non-nullable property 'ApprovalCert' must contain a non-null value when exiting constructor. Consider adding the 'required' modifier or declaring the property as nullable. [C:\Users\HP\Downloads\Medical\Medical_Affiliation\Medical_Affiliation.csproj]
C:\Users\HP\Downloads\Medical\Medical_Affiliation\Models\LandBuildingDetailsVM.cs(46,26): warning CS8618: Non-nullable property 'TaxReceipt' must contain a non-null value when exiting constructor. Consider adding the 'required' modifier or declaring the property as nullable. [C:\Users\HP\Downloads\Medical\Medical_Affiliation\Medical_Affiliation.csproj]
C:\Users\HP\Downloads\Medical\Medical_Affiliation\Models\LandBuildingDetailsVM.cs(47,26): warning CS8618: Non-nullable property 'RTC' must contain a non-null value when exiting constructor. Consider adding the 'required' modifier or declaring the property as nullable. [C:\Users\HP\Downloads\Medical\Medical_Affiliation\Medical_Affiliation.csproj]
C:\Users\HP\Downloads\Medical\Medical_Affiliation\Models\LandBuildingDetailsVM.cs(48,26): warning CS8618: Non-nullable property 'OccupancyCert' must contain a non-null value when exiting constructor. Consider adding the 'required' modifier or declaring the property as nullable. [C:\Users\HP\Downloads\Medical\Medical_Affiliation\Medical_Affiliation.csproj]
C:\Users\HP\Downloads\Medical\Medical_Affiliation\Models\LandBuildingDetailsVM.cs(49,26): warning CS8618: Non-nullable property 'SaleDeed' must contain a non-null value when exiting constructor. Consider adding the 'required' modifier or declaring the property as nullable. [C:\Users\HP\Downloads\Medical\Medical_Affiliation\Medical_Affiliation.csproj]
C:\Users\HP\Downloads\Medical\Medical_Affiliation\Models\LandBuildingDetailsVM.cs(53,23): warning CS8618: Non-nullable property 'BlueprintPdf' must contain a non-null value when exiting constructor. Consider adding the 'required' modifier or declaring the property as nullable. [C:\Users\HP\Downloads\Medical\Medical_Affiliation\Medical_Affiliation.csproj]
C:\Users\HP\Downloads\Medical\Medical_Affiliation\Models\LandBuildingDetailsVM.cs(54,23): warning CS8618: Non-nullable property 'ApprovalCertPdf' must contain a non-null value when exiting constructor. Consider adding the 'required' modifier or declaring the property as nullable. [C:\Users\HP\Downloads\Medical\Medical_Affiliation\Medical_Affiliation.csproj]
C:\Users\HP\Downloads\Medical\Medical_Affiliation\Models\LandBuildingDetailsVM.cs(55,23): warning CS8618: Non-nullable property 'TaxReceiptPdf' must contain a non-null value when exiting constructor. Consider adding the 'required' modifier or declaring the property as nullable. [C:\Users\HP\Downloads\Medical\Medical_Affiliation\Medical_Affiliation.csproj]
C:\Users\HP\Downloads\Medical\Medical_Affiliation\Models\LandBuildingDetailsVM.cs(56,23): warning CS8618: Non-nullable property 'RTCPdf' must contain a non-null value when exiting constructor. Consider adding the 'required' modifier or declaring the property as nullable. [C:\Users\HP\Downloads\Medical\Medical_Affiliation\Medical_Affiliation.csproj]
C:\Users\HP\Downloads\Medical\Medical_Affiliation\Models\LandBuildingDetailsVM.cs(57,23): warning CS8618: Non-nullable property 'OccupancyCertPdf' must contain a non-null value when exiting constructor. Consider adding the 'required' modifier or declaring the property as nullable. [C:\Users\HP\Downloads\Medical\Medical_Affiliation\Medical_Affiliation.csproj]
C:\Users\HP\Downloads\Medical\Medical_Affiliation\Models\LandBuildingDetailsVM.cs(58,23): warning CS8618: Non-nullable property 'SaleDeedPdf' must contain a non-null value when exiting constructor. Consider adding the 'required' modifier or declaring the property as nullable. [C:\Users\HP\Downloads\Medical\Medical_Affiliation\Medical_Affiliation.csproj]
C:\Users\HP\Downloads\Medical\Medical_Affiliation\Models\CApreviewViewModel.cs(872,23): warning CS8618: Non-nullable property 'CollegeCode' must contain a non-null value when exiting constructor. Consider adding the 'required' modifier or declaring the property as nullable. [C:\Users\HP\Downloads\Medical\Medical_Affiliation\Medical_Affiliation.csproj]
C:\Users\HP\Downloads\Medical\Medical_Affiliation\Models\CApreviewViewModel.cs(873,53): warning CS8618: Non-nullable property 'AdminTeachingBlockDisplayVM' must contain a non-null value when exiting constructor. Consider adding the 'required' modifier or declaring the property as nullable. [C:\Users\HP\Downloads\Medical\Medical_Affiliation\Medical_Affiliation.csproj]
C:\Users\HP\Downloads\Medical\Medical_Affiliation\Models\CApreviewViewModel.cs(874,44): warning CS8618: Non-nullable property 'HostelDetailsVM' must contain a non-null value when exiting constructor. Consider adding the 'required' modifier or declaring the property as nullable. [C:\Users\HP\Downloads\Medical\Medical_Affiliation\Medical_Affiliation.csproj]
C:\Users\HP\Downloads\Medical\Medical_Affiliation\Models\CApreviewViewModel.cs(875,49): warning CS8618: Non-nullable property 'AffHostelFacilitiesVM' must contain a non-null value when exiting constructor. Consider adding the 'required' modifier or declaring the property as nullable. [C:\Users\HP\Downloads\Medical\Medical_Affiliation\Medical_Affiliation.csproj]
C:\Users\HP\Downloads\Medical\Medical_Affiliation\Models\CApreviewViewModel.cs(890,23): warning CS8618: Non-nullable property 'HostelType' must contain a non-null value when exiting constructor. Consider adding the 'required' modifier or declaring the property as nullable. [C:\Users\HP\Downloads\Medical\Medical_Affiliation\Medical_Affiliation.csproj]
C:\Users\HP\Downloads\Medical\Medical_Affiliation\Models\CApreviewViewModel.cs(891,23): warning CS8618: Non-nullable property 'BuiltUpAreaSqFt' must contain a non-null value when exiting constructor. Consider adding the 'required' modifier or declaring the property as nullable. [C:\Users\HP\Downloads\Medical\Medical_Affiliation\Medical_Affiliation.csproj]
C:\Users\HP\Downloads\Medical\Medical_Affiliation\Models\CApreviewViewModel.cs(896,23): warning CS8618: Non-nullable property 'TotalFemaleStudents' must contain a non-null value when exiting constructor. Consider adding the 'required' modifier or declaring the property as nullable. [C:\Users\HP\Downloads\Medical\Medical_Affiliation\Medical_Affiliation.csproj]
C:\Users\HP\Downloads\Medical\Medical_Affiliation\Models\CApreviewViewModel.cs(897,23): warning CS8618: Non-nullable property 'TotalFemaleRooms' must contain a non-null value when exiting constructor. Consider adding the 'required' modifier or declaring the property as nullable. [C:\Users\HP\Downloads\Medical\Medical_Affiliation\Medical_Affiliation.csproj]
C:\Users\HP\Downloads\Medical\Medical_Affiliation\Models\CApreviewViewModel.cs(899,23): warning CS8618: Non-nullable property 'TotalMaleStudents' must contain a non-null value when exiting constructor. Consider adding the 'required' modifier or declaring the property as nullable. [C:\Users\HP\Downloads\Medical\Medical_Affiliation\Medical_Affiliation.csproj]
C:\Users\HP\Downloads\Medical\Medical_Affiliation\Models\CApreviewViewModel.cs(900,23): warning CS8618: Non-nullable property 'TotalMaleRooms' must contain a non-null value when exiting constructor. Consider adding the 'required' modifier or declaring the property as nullable. [C:\Users\HP\Downloads\Medical\Medical_Affiliation\Medical_Affiliation.csproj]
C:\Users\HP\Downloads\Medical\Medical_Affiliation\Models\CApreviewViewModel.cs(930,23): warning CS8618: Non-nullable property 'Course' must contain a non-null value when exiting constructor. Consider adding the 'required' modifier or declaring the property as nullable. [C:\Users\HP\Downloads\Medical\Medical_Affiliation\Medical_Affiliation.csproj]
C:\Users\HP\Downloads\Medical\Medical_Affiliation\Models\CApreviewViewModel.cs(827,23): warning CS8618: Non-nullable property 'CourseName' must contain a non-null value when exiting constructor. Consider adding the 'required' modifier or declaring the property as nullable. [C:\Users\HP\Downloads\Medical\Medical_Affiliation\Medical_Affiliation.csproj]
C:\Users\HP\Downloads\Medical\Medical_Affiliation\Models\CApreviewViewModel.cs(768,60): warning CS8618: Non-nullable property 'TrustMemberVM' must contain a non-null value when exiting constructor. Consider adding the 'required' modifier or declaring the property as nullable. [C:\Users\HP\Downloads\Medical\Medical_Affiliation\Medical_Affiliation.csproj]
C:\Users\HP\Downloads\Medical\Medical_Affiliation\Models\CApreviewViewModel.cs(769,65): warning CS8618: Non-nullable property 'IntakeForCourseVM' must contain a non-null value when exiting constructor. Consider adding the 'required' modifier or declaring the property as nullable. [C:\Users\HP\Downloads\Medical\Medical_Affiliation\Medical_Affiliation.csproj]
C:\Users\HP\Downloads\Medical\Medical_Affiliation\Models\CApreviewViewModel.cs(770,35): warning CS8618: Non-nullable property 'AffCoursesVM' must contain a non-null value when exiting constructor. Consider adding the 'required' modifier or declaring the property as nullable. [C:\Users\HP\Downloads\Medical\Medical_Affiliation\Medical_Affiliation.csproj]
C:\Users\HP\Downloads\Medical\Medical_Affiliation\Models\CApreviewViewModel.cs(772,49): warning CS8618: Non-nullable property 'AffiliationCourseDetailVM' must contain a non-null value when exiting constructor. Consider adding the 'required' modifier or declaring the property as nullable. [C:\Users\HP\Downloads\Medical\Medical_Affiliation\Medical_Affiliation.csproj]
C:\Users\HP\Downloads\Medical\Medical_Affiliation\Models\CApreviewViewModel.cs(774,49): warning CS8618: Non-nullable property 'DeanOrDirectorDetailDisplayVM' must contain a non-null value when exiting constructor. Consider adding the 'required' modifier or declaring the property as nullable. [C:\Users\HP\Downloads\Medical\Medical_Affiliation\Medical_Affiliation.csproj]
C:\Users\HP\Downloads\Medical\Medical_Affiliation\Models\CApreviewViewModel.cs(775,44): warning CS8618: Non-nullable property 'PrincipalDetailDisplayVM' must contain a non-null value when exiting constructor. Consider adding the 'required' modifier or declaring the property as nullable. [C:\Users\HP\Downloads\Medical\Medical_Affiliation\Medical_Affiliation.csproj]
C:\Users\HP\Downloads\Medical\Medical_Affiliation\Models\CApreviewViewModel.cs(788,23): warning CS8618: Non-nullable property 'Faculty' must contain a non-null value when exiting constructor. Consider adding the 'required' modifier or declaring the property as nullable. [C:\Users\HP\Downloads\Medical\Medical_Affiliation\Medical_Affiliation.csproj]
C:\Users\HP\Downloads\Medical\Medical_Affiliation\Models\CApreviewViewModel.cs(789,23): warning CS8618: Non-nullable property 'CollegeCode' must contain a non-null value when exiting constructor. Consider adding the 'required' modifier or declaring the property as nullable. [C:\Users\HP\Downloads\Medical\Medical_Affiliation\Medical_Affiliation.csproj]
C:\Users\HP\Downloads\Medical\Medical_Affiliation\Models\CApreviewViewModel.cs(447,57): warning CS8618: Non-nullable property 'medCaAccountAndFee' must contain a non-null value when exiting constructor. Consider adding the 'required' modifier or declaring the property as nullable. [C:\Users\HP\Downloads\Medical\Medical_Affiliation\Medical_Affiliation.csproj]
C:\Users\HP\Downloads\Medical\Medical_Affiliation\Models\CApreviewViewModel.cs(448,57): warning CS8618: Non-nullable property 'staffParticularsVM' must contain a non-null value when exiting constructor. Consider adding the 'required' modifier or declaring the property as nullable. [C:\Users\HP\Downloads\Medical\Medical_Affiliation\Medical_Affiliation.csproj]
C:\Users\HP\Downloads\Medical\Medical_Affiliation\Models\CApreviewViewModel.cs(449,59): warning CS8618: Non-nullable property 'otherStaffParticularsVM' must contain a non-null value when exiting constructor. Consider adding the 'required' modifier or declaring the property as nullable. [C:\Users\HP\Downloads\Medical\Medical_Affiliation\Medical_Affiliation.csproj]
C:\Users\HP\Downloads\Medical\Medical_Affiliation\Models\CApreviewViewModel.cs(397,23): warning CS8618: Non-nullable property 'Subject' must contain a non-null value when exiting constructor. Consider adding the 'required' modifier or declaring the property as nullable. [C:\Users\HP\Downloads\Medical\Medical_Affiliation\Medical_Affiliation.csproj]
C:\Users\HP\Downloads\Medical\Medical_Affiliation\Models\CApreviewViewModel.cs(531,23): warning CS8618: Non-nullable property 'CollegeName' must contain a non-null value when exiting constructor. Consider adding the 'required' modifier or declaring the property as nullable. [C:\Users\HP\Downloads\Medical\Medical_Affiliation\Medical_Affiliation.csproj]
C:\Users\HP\Downloads\Medical\Medical_Affiliation\Models\CApreviewViewModel.cs(431,48): warning CS8618: Non-nullable property 'caAffMedicalLibraryvm' must contain a non-null value when exiting constructor. Consider adding the 'required' modifier or declaring the property as nullable. [C:\Users\HP\Downloads\Medical\Medical_Affiliation\Medical_Affiliation.csproj]
C:\Users\HP\Downloads\Medical\Medical_Affiliation\Models\CApreviewViewModel.cs(432,54): warning CS8618: Non-nullable property 'librarayCommitteeVM' must contain a non-null value when exiting constructor. Consider adding the 'required' modifier or declaring the property as nullable. [C:\Users\HP\Downloads\Medical\Medical_Affiliation\Medical_Affiliation.csproj]
C:\Users\HP\Downloads\Medical\Medical_Affiliation\Models\CApreviewViewModel.cs(433,52): warning CS8618: Non-nullable property 'LibraryGeneralVM' must contain a non-null value when exiting constructor. Consider adding the 'required' modifier or declaring the property as nullable. [C:\Users\HP\Downloads\Medical\Medical_Affiliation\Medical_Affiliation.csproj]
C:\Users\HP\Downloads\Medical\Medical_Affiliation\Models\CApreviewViewModel.cs(434,53): warning CS8618: Non-nullable property 'LibraryItemListVM' must contain a non-null value when exiting constructor. Consider adding the 'required' modifier or declaring the property as nullable. [C:\Users\HP\Downloads\Medical\Medical_Affiliation\Medical_Affiliation.csproj]
C:\Users\HP\Downloads\Medical\Medical_Affiliation\Models\CApreviewViewModel.cs(435,53): warning CS8618: Non-nullable property 'LibraryBuildingVM' must contain a non-null value when exiting constructor. Consider adding the 'required' modifier or declaring the property as nullable. [C:\Users\HP\Downloads\Medical\Medical_Affiliation\Medical_Affiliation.csproj]
C:\Users\HP\Downloads\Medical\Medical_Affiliation\Models\CApreviewViewModel.cs(436,61): warning CS8618: Non-nullable property 'LibraryTechListVM' must contain a non-null value when exiting constructor. Consider adding the 'required' modifier or declaring the property as nullable. [C:\Users\HP\Downloads\Medical\Medical_Affiliation\Medical_Affiliation.csproj]
C:\Users\HP\Downloads\Medical\Medical_Affiliation\Models\CApreviewViewModel.cs(437,52): warning CS8618: Non-nullable property 'LibraryFinancVM' must contain a non-null value when exiting constructor. Consider adding the 'required' modifier or declaring the property as nullable. [C:\Users\HP\Downloads\Medical\Medical_Affiliation\Medical_Affiliation.csproj]
C:\Users\HP\Downloads\Medical\Medical_Affiliation\Models\CApreviewViewModel.cs(438,58): warning CS8618: Non-nullable property 'LibraryEquipmentListVM' must contain a non-null value when exiting constructor. Consider adding the 'required' modifier or declaring the property as nullable. [C:\Users\HP\Downloads\Medical\Medical_Affiliation\Medical_Affiliation.csproj]
C:\Users\HP\Downloads\Medical\Medical_Affiliation\Models\CApreviewViewModel.cs(439,58): warning CS8618: Non-nullable property 'ResearchPublicationsDisplayViewModel' must contain a non-null value when exiting constructor. Consider adding the 'required' modifier or declaring the property as nullable. [C:\Users\HP\Downloads\Medical\Medical_Affiliation\Medical_Affiliation.csproj]
C:\Users\HP\Downloads\Medical\Medical_Affiliation\Models\CApreviewViewModel.cs(378,23): warning CS8618: Non-nullable property 'EquipmentName' must contain a non-null value when exiting constructor. Consider adding the 'required' modifier or declaring the property as nullable. [C:\Users\HP\Downloads\Medical\Medical_Affiliation\Medical_Affiliation.csproj]
C:\Users\HP\Downloads\Medical\Medical_Affiliation\Models\CApreviewViewModel.cs(387,23): warning CS8618: Non-nullable property 'Subject' must contain a non-null value when exiting constructor. Consider adding the 'required' modifier or declaring the property as nullable. [C:\Users\HP\Downloads\Medical\Medical_Affiliation\Medical_Affiliation.csproj]
C:\Users\HP\Downloads\Medical\Medical_Affiliation\Models\CApreviewViewModel.cs(353,23): warning CS8618: Non-nullable property 'MeuCoordinatorName' must contain a non-null value when exiting constructor. Consider adding the 'required' modifier or declaring the property as nullable. [C:\Users\HP\Downloads\Medical\Medical_Affiliation\Medical_Affiliation.csproj]
C:\Users\HP\Downloads\Medical\Medical_Affiliation\Models\CApreviewViewModel.cs(355,23): warning CS8618: Non-nullable property 'MeuCoordinatorDesignationDepartment' must contain a non-null value when exiting constructor. Consider adding the 'required' modifier or declaring the property as nullable. [C:\Users\HP\Downloads\Medical\Medical_Affiliation\Medical_Affiliation.csproj]
C:\Users\HP\Downloads\Medical\Medical_Affiliation\Models\CApreviewViewModel.cs(357,23): warning CS8618: Non-nullable property 'MeuCoordinatorPhone' must contain a non-null value when exiting constructor. Consider adding the 'required' modifier or declaring the property as nullable. [C:\Users\HP\Downloads\Medical\Medical_Affiliation\Medical_Affiliation.csproj]
C:\Users\HP\Downloads\Medical\Medical_Affiliation\Models\CApreviewViewModel.cs(359,23): warning CS8618: Non-nullable property 'MeuCoordinatorEmail' must contain a non-null value when exiting constructor. Consider adding the 'required' modifier or declaring the property as nullable. [C:\Users\HP\Downloads\Medical\Medical_Affiliation\Medical_Affiliation.csproj]
C:\Users\HP\Downloads\Medical\Medical_Affiliation\Models\CApreviewViewModel.cs(362,23): warning CS8618: Non-nullable property 'MeuMembersListDescription' must contain a non-null value when exiting constructor. Consider adding the 'required' modifier or declaring the property as nullable. [C:\Users\HP\Downloads\Medical\Medical_Affiliation\Medical_Affiliation.csproj]
C:\Users\HP\Downloads\Medical\Medical_Affiliation\Models\CApreviewViewModel.cs(364,23): warning CS8618: Non-nullable property 'MeuActivitiesLastAcademicYear' must contain a non-null value when exiting constructor. Consider adding the 'required' modifier or declaring the property as nullable. [C:\Users\HP\Downloads\Medical\Medical_Affiliation\Medical_Affiliation.csproj]
C:\Users\HP\Downloads\Medical\Medical_Affiliation\Models\CApreviewViewModel.cs(367,26): warning CS8618: Non-nullable property 'MeuMembersListFile' must contain a non-null value when exiting constructor. Consider adding the 'required' modifier or declaring the property as nullable. [C:\Users\HP\Downloads\Medical\Medical_Affiliation\Medical_Affiliation.csproj]
C:\Users\HP\Downloads\Medical\Medical_Affiliation\Models\CApreviewViewModel.cs(155,23): warning CS8618: Non-nullable property 'CollegeCode' must contain a non-null value when exiting constructor. Consider adding the 'required' modifier or declaring the property as nullable. [C:\Users\HP\Downloads\Medical\Medical_Affiliation\Medical_Affiliation.csproj]
C:\Users\HP\Downloads\Medical\Medical_Affiliation\Models\CApreviewViewModel.cs(156,51): warning CS8618: Non-nullable property 'SmallGroupTeaching' must contain a non-null value when exiting constructor. Consider adding the 'required' modifier or declaring the property as nullable. [C:\Users\HP\Downloads\Medical\Medical_Affiliation\Medical_Affiliation.csproj]
C:\Users\HP\Downloads\Medical\Medical_Affiliation\Models\CApreviewViewModel.cs(157,54): warning CS8618: Non-nullable property 'SmallGroupStudentLabs' must contain a non-null value when exiting constructor. Consider adding the 'required' modifier or declaring the property as nullable. [C:\Users\HP\Downloads\Medical\Medical_Affiliation\Medical_Affiliation.csproj]
C:\Users\HP\Downloads\Medical\Medical_Affiliation\Models\CApreviewViewModel.cs(158,50): warning CS8618: Non-nullable property 'SmallGroupMuseums' must contain a non-null value when exiting constructor. Consider adding the 'required' modifier or declaring the property as nullable. [C:\Users\HP\Downloads\Medical\Medical_Affiliation\Medical_Affiliation.csproj]
C:\Users\HP\Downloads\Medical\Medical_Affiliation\Models\CApreviewViewModel.cs(159,42): warning CS8618: Non-nullable property 'SkillsLab' must contain a non-null value when exiting constructor. Consider adding the 'required' modifier or declaring the property as nullable. [C:\Users\HP\Downloads\Medical\Medical_Affiliation\Medical_Affiliation.csproj]
C:\Users\HP\Downloads\Medical\Medical_Affiliation\Models\CApreviewViewModel.cs(160,53): warning CS8618: Non-nullable property 'DeptOfficeMeu' must contain a non-null value when exiting constructor. Consider adding the 'required' modifier or declaring the property as nullable. [C:\Users\HP\Downloads\Medical\Medical_Affiliation\Medical_Affiliation.csproj]
C:\Users\HP\Downloads\Medical\Medical_Affiliation\Models\CApreviewViewModel.cs(161,52): warning CS8618: Non-nullable property 'LaboratoryEquipment' must contain a non-null value when exiting constructor. Consider adding the 'required' modifier or declaring the property as nullable. [C:\Users\HP\Downloads\Medical\Medical_Affiliation\Medical_Affiliation.csproj]
C:\Users\HP\Downloads\Medical\Medical_Affiliation\Models\CApreviewViewModel.cs(162,44): warning CS8618: Non-nullable property 'SkillsLabEquipment' must contain a non-null value when exiting constructor. Consider adding the 'required' modifier or declaring the property as nullable. [C:\Users\HP\Downloads\Medical\Medical_Affiliation\Medical_Affiliation.csproj]
C:\Users\HP\Downloads\Medical\Medical_Affiliation\Models\CApreviewViewModel.cs(47,48): warning CS8618: Non-nullable property 'IndoorBedsOccupancy' must contain a non-null value when exiting constructor. Consider adding the 'required' modifier or declaring the property as nullable. [C:\Users\HP\Downloads\Medical\Medical_Affiliation\Medical_Affiliation.csproj]
C:\Users\HP\Downloads\Medical\Medical_Affiliation\Models\CApreviewViewModel.cs(48,62): warning CS8618: Non-nullable property 'SuperVisionInFPa' must contain a non-null value when exiting constructor. Consider adding the 'required' modifier or declaring the property as nullable. [C:\Users\HP\Downloads\Medical\Medical_Affiliation\Medical_Affiliation.csproj]
C:\Users\HP\Downloads\Medical\Medical_Affiliation\Models\CApreviewViewModel.cs(7,23): warning CS8618: Non-nullable property 'CollegeCode' must contain a non-null value when exiting constructor. Consider adding the 'required' modifier or declaring the property as nullable. [C:\Users\HP\Downloads\Medical\Medical_Affiliation\Medical_Affiliation.csproj]
C:\Users\HP\Downloads\Medical\Medical_Affiliation\Models\CApreviewViewModel.cs(8,23): warning CS8618: Non-nullable property 'FacultyCode' must contain a non-null value when exiting constructor. Consider adding the 'required' modifier or declaring the property as nullable. [C:\Users\HP\Downloads\Medical\Medical_Affiliation\Medical_Affiliation.csproj]
C:\Users\HP\Downloads\Medical\Medical_Affiliation\Models\CApreviewViewModel.cs(10,23): warning CS8618: Non-nullable property 'CollegeName' must contain a non-null value when exiting constructor. Consider adding the 'required' modifier or declaring the property as nullable. [C:\Users\HP\Downloads\Medical\Medical_Affiliation\Medical_Affiliation.csproj]
C:\Users\HP\Downloads\Medical\Medical_Affiliation\Models\CApreviewViewModel.cs(11,23): warning CS8618: Non-nullable property 'FacultyName' must contain a non-null value when exiting constructor. Consider adding the 'required' modifier or declaring the property as nullable. [C:\Users\HP\Downloads\Medical\Medical_Affiliation\Medical_Affiliation.csproj]
C:\Users\HP\Downloads\Medical\Medical_Affiliation\Models\CApreviewViewModel.cs(13,48): warning CS8618: Non-nullable property 'InstitutionBasicVM' must contain a non-null value when exiting constructor. Consider adding the 'required' modifier or declaring the property as nullable. [C:\Users\HP\Downloads\Medical\Medical_Affiliation\Medical_Affiliation.csproj]
C:\Users\HP\Downloads\Medical\Medical_Affiliation\Models\CApreviewViewModel.cs(15,48): warning CS8618: Non-nullable property 'CAacademicMattersVM' must contain a non-null value when exiting constructor. Consider adding the 'required' modifier or declaring the property as nullable. [C:\Users\HP\Downloads\Medical\Medical_Affiliation\Medical_Affiliation.csproj]
C:\Users\HP\Downloads\Medical\Medical_Affiliation\Models\CApreviewViewModel.cs(16,54): warning CS8618: Non-nullable property 'CAHospitalAFfiliationCompVM' must contain a non-null value when exiting constructor. Consider adding the 'required' modifier or declaring the property as nullable. [C:\Users\HP\Downloads\Medical\Medical_Affiliation\Medical_Affiliation.csproj]
C:\Users\HP\Downloads\Medical\Medical_Affiliation\Models\CApreviewViewModel.cs(17,51): warning CS8618: Non-nullable property 'PhysicalFacilities' must contain a non-null value when exiting constructor. Consider adding the 'required' modifier or declaring the property as nullable. [C:\Users\HP\Downloads\Medical\Medical_Affiliation\Medical_Affiliation.csproj]
C:\Users\HP\Downloads\Medical\Medical_Affiliation\Models\CApreviewViewModel.cs(19,47): warning CS8618: Non-nullable property 'LibraryDisplay' must contain a non-null value when exiting constructor. Consider adding the 'required' modifier or declaring the property as nullable. [C:\Users\HP\Downloads\Medical\Medical_Affiliation\Medical_Affiliation.csproj]
C:\Users\HP\Downloads\Medical\Medical_Affiliation\Models\CApreviewViewModel.cs(21,33): warning CS8618: Non-nullable property 'FinanceVm' must contain a non-null value when exiting constructor. Consider adding the 'required' modifier or declaring the property as nullable. [C:\Users\HP\Downloads\Medical\Medical_Affiliation\Medical_Affiliation.csproj]
C:\Users\HP\Downloads\Medical\Medical_Affiliation\Models\CApreviewViewModel.cs(23,50): warning CS8618: Non-nullable property 'VehicleDetailsVM' must contain a non-null value when exiting constructor. Consider adding the 'required' modifier or declaring the property as nullable. [C:\Users\HP\Downloads\Medical\Medical_Affiliation\Medical_Affiliation.csproj]
C:\Users\HP\Downloads\Medical\Medical_Affiliation\Models\CApreviewViewModel.cs(25,45): warning CS8618: Non-nullable property 'AdminTeachAndHostelVM' must contain a non-null value when exiting constructor. Consider adding the 'required' modifier or declaring the property as nullable. [C:\Users\HP\Downloads\Medical\Medical_Affiliation\Medical_Affiliation.csproj]
C:\Users\HP\Downloads\Medical\Medical_Affiliation\Models\CApreviewViewModel.cs(26,46): warning CS8618: Non-nullable property 'FacultyDesigNonTeachDisplayVM' must contain a non-null value when exiting constructor. Consider adding the 'required' modifier or declaring the property as nullable. [C:\Users\HP\Downloads\Medical\Medical_Affiliation\Medical_Affiliation.csproj]
C:\Users\HP\Downloads\Medical\Medical_Affiliation\Models\CApreviewViewModel.cs(27,44): warning CS8618: Non-nullable property 'PaymentVM' must contain a non-null value when exiting constructor. Consider adding the 'required' modifier or declaring the property as nullable. [C:\Users\HP\Downloads\Medical\Medical_Affiliation\Medical_Affiliation.csproj]
C:\Users\HP\Downloads\Medical\Medical_Affiliation\Models\CApreviewViewModel.cs(28,53): warning CS8618: Non-nullable property 'DeclarationVM' must contain a non-null value when exiting constructor. Consider adding the 'required' modifier or declaring the property as nullable. [C:\Users\HP\Downloads\Medical\Medical_Affiliation\Medical_Affiliation.csproj]
C:\Users\HP\Downloads\Medical\Medical_Affiliation\Models\CApreviewViewModel.cs(404,23): warning CS8618: Non-nullable property 'CourseCode' must contain a non-null value when exiting constructor. Consider adding the 'required' modifier or declaring the property as nullable. [C:\Users\HP\Downloads\Medical\Medical_Affiliation\Medical_Affiliation.csproj]
C:\Users\HP\Downloads\Medical\Medical_Affiliation\Models\AHSSOloginViewModel.cs(9,23): warning CS8618: Non-nullable property 'username' must contain a non-null value when exiting constructor. Consider adding the 'required' modifier or declaring the property as nullable. [C:\Users\HP\Downloads\Medical\Medical_Affiliation\Medical_Affiliation.csproj]
C:\Users\HP\Downloads\Medical\Medical_Affiliation\Models\AHSSOloginViewModel.cs(12,23): warning CS8618: Non-nullable property 'password' must contain a non-null value when exiting constructor. Consider adding the 'required' modifier or declaring the property as nullable. [C:\Users\HP\Downloads\Medical\Medical_Affiliation\Medical_Affiliation.csproj]
C:\Users\HP\Downloads\Medical\Medical_Affiliation\Models\AHShospitalDetailsViewModel.cs(32,23): warning CS8618: Non-nullable property 'AffiliatedHospitalName' must contain a non-null value when exiting constructor. Consider adding the 'required' modifier or declaring the property as nullable. [C:\Users\HP\Downloads\Medical\Medical_Affiliation\Medical_Affiliation.csproj]
C:\Users\HP\Downloads\Medical\Medical_Affiliation\Models\AHShospitalDetailsViewModel.cs(34,23): warning CS8618: Non-nullable property 'PermissionLetter' must contain a non-null value when exiting constructor. Consider adding the 'required' modifier or declaring the property as nullable. [C:\Users\HP\Downloads\Medical\Medical_Affiliation\Medical_Affiliation.csproj]
C:\Users\HP\Downloads\Medical\Medical_Affiliation\Models\AHShospitalDetailsViewModel.cs(35,26): warning CS8618: Non-nullable property 'PermissionLetterFile' must contain a non-null value when exiting constructor. Consider adding the 'required' modifier or declaring the property as nullable. [C:\Users\HP\Downloads\Medical\Medical_Affiliation\Medical_Affiliation.csproj]
C:\Users\HP\Downloads\Medical\Medical_Affiliation\Models\AHS_FacultyIntakeViewModel.cs(11,23): warning CS8618: Non-nullable property 'CourseLevel' must contain a non-null value when exiting constructor. Consider adding the 'required' modifier or declaring the property as nullable. [C:\Users\HP\Downloads\Medical\Medical_Affiliation\Medical_Affiliation.csproj]
C:\Users\HP\Downloads\Medical\Medical_Affiliation\Models\AHS_FacultyIntakeViewModel.cs(14,23): warning CS8618: Non-nullable property 'CourseCode' must contain a non-null value when exiting constructor. Consider adding the 'required' modifier or declaring the property as nullable. [C:\Users\HP\Downloads\Medical\Medical_Affiliation\Medical_Affiliation.csproj]
C:\Users\HP\Downloads\Medical\Medical_Affiliation\Models\AHS_FacultyIntakeViewModel.cs(15,23): warning CS8618: Non-nullable property 'IntakeDetails' must contain a non-null value when exiting constructor. Consider adding the 'required' modifier or declaring the property as nullable. [C:\Users\HP\Downloads\Medical\Medical_Affiliation\Medical_Affiliation.csproj]
C:\Users\HP\Downloads\Medical\Medical_Affiliation\Models\AHS_FacultyIntakeViewModel.cs(17,23): warning CS8618: Non-nullable property 'FreshOrIncrease' must contain a non-null value when exiting constructor. Consider adding the 'required' modifier or declaring the property as nullable. [C:\Users\HP\Downloads\Medical\Medical_Affiliation\Medical_Affiliation.csproj]
C:\Users\HP\Downloads\Medical\Medical_Affiliation\Models\AHS_FacultyIntakeViewModel.cs(24,26): warning CS8618: Non-nullable property 'RGUHSNotificationFile' must contain a non-null value when exiting constructor. Consider adding the 'required' modifier or declaring the property as nullable. [C:\Users\HP\Downloads\Medical\Medical_Affiliation\Medical_Affiliation.csproj]
C:\Users\HP\Downloads\Medical\Medical_Affiliation\Models\AHS_FacultyIntakeViewModel.cs(27,26): warning CS8618: Non-nullable property 'GOKUploadFile' must contain a non-null value when exiting constructor. Consider adding the 'required' modifier or declaring the property as nullable. [C:\Users\HP\Downloads\Medical\Medical_Affiliation\Medical_Affiliation.csproj]
C:\Users\HP\Downloads\Medical\Medical_Affiliation\Models\AHSSOloginViewModel.cs(50,23): warning CS8618: Non-nullable property 'notificationBytes' must contain a non-null value when exiting constructor. Consider adding the 'required' modifier or declaring the property as nullable. [C:\Users\HP\Downloads\Medical\Medical_Affiliation\Medical_Affiliation.csproj]
C:\Users\HP\Downloads\Medical\Medical_Affiliation\Models\AffiliationSSViewModel.cs(69,23): warning CS8618: Non-nullable property 'CollegeCode' must contain a non-null value when exiting constructor. Consider adding the 'required' modifier or declaring the property as nullable. [C:\Users\HP\Downloads\Medical\Medical_Affiliation\Medical_Affiliation.csproj]
C:\Users\HP\Downloads\Medical\Medical_Affiliation\Models\AffiliationSSViewModel.cs(70,23): warning CS8618: Non-nullable property 'CollegeName' must contain a non-null value when exiting constructor. Consider adding the 'required' modifier or declaring the property as nullable. [C:\Users\HP\Downloads\Medical\Medical_Affiliation\Medical_Affiliation.csproj]
C:\Users\HP\Downloads\Medical\Medical_Affiliation\Models\AffiliationSSViewModel.cs(62,23): warning CS8618: Non-nullable property 'FacultyCode' must contain a non-null value when exiting constructor. Consider adding the 'required' modifier or declaring the property as nullable. [C:\Users\HP\Downloads\Medical\Medical_Affiliation\Medical_Affiliation.csproj]
C:\Users\HP\Downloads\Medical\Medical_Affiliation\Models\AffiliationSSViewModel.cs(63,23): warning CS8618: Non-nullable property 'FacultyName' must contain a non-null value when exiting constructor. Consider adding the 'required' modifier or declaring the property as nullable. [C:\Users\HP\Downloads\Medical\Medical_Affiliation\Medical_Affiliation.csproj]
C:\Users\HP\Downloads\Medical\Medical_Affiliation\Models\CA_Aff_AcademicMattersViewModel.cs(174,23): warning CS8618: Non-nullable property 'CollegeCode' must contain a non-null value when exiting constructor. Consider adding the 'required' modifier or declaring the property as nullable. [C:\Users\HP\Downloads\Medical\Medical_Affiliation\Medical_Affiliation.csproj]
C:\Users\HP\Downloads\Medical\Medical_Affiliation\Models\AHShospitalDetailsViewModel.cs(7,23): warning CS8618: Non-nullable property 'CollegeName' must contain a non-null value when exiting constructor. Consider adding the 'required' modifier or declaring the property as nullable. [C:\Users\HP\Downloads\Medical\Medical_Affiliation\Medical_Affiliation.csproj]
C:\Users\HP\Downloads\Medical\Medical_Affiliation\Models\AHShospitalDetailsViewModel.cs(8,23): warning CS8618: Non-nullable property 'CollegeCode' must contain a non-null value when exiting constructor. Consider adding the 'required' modifier or declaring the property as nullable. [C:\Users\HP\Downloads\Medical\Medical_Affiliation\Medical_Affiliation.csproj]
C:\Users\HP\Downloads\Medical\Medical_Affiliation\Models\AHShospitalDetailsViewModel.cs(11,23): warning CS8618: Non-nullable property 'HospitalName' must contain a non-null value when exiting constructor. Consider adding the 'required' modifier or declaring the property as nullable. [C:\Users\HP\Downloads\Medical\Medical_Affiliation\Medical_Affiliation.csproj]
C:\Users\HP\Downloads\Medical\Medical_Affiliation\Models\AHShospitalDetailsViewModel.cs(13,23): warning CS8618: Non-nullable property 'SelectedDistrictId' must contain a non-null value when exiting constructor. Consider adding the 'required' modifier or declaring the property as nullable. [C:\Users\HP\Downloads\Medical\Medical_Affiliation\Medical_Affiliation.csproj]
C:\Users\HP\Downloads\Medical\Medical_Affiliation\Models\AHShospitalDetailsViewModel.cs(14,23): warning CS8618: Non-nullable property 'SelectedTalukId' must contain a non-null value when exiting constructor. Consider adding the 'required' modifier or declaring the property as nullable. [C:\Users\HP\Downloads\Medical\Medical_Affiliation\Medical_Affiliation.csproj]
C:\Users\HP\Downloads\Medical\Medical_Affiliation\Models\AHShospitalDetailsViewModel.cs(15,37): warning CS8618: Non-nullable property 'HospitalDistrict' must contain a non-null value when exiting constructor. Consider adding the 'required' modifier or declaring the property as nullable. [C:\Users\HP\Downloads\Medical\Medical_Affiliation\Medical_Affiliation.csproj]
C:\Users\HP\Downloads\Medical\Medical_Affiliation\Models\AHShospitalDetailsViewModel.cs(16,37): warning CS8618: Non-nullable property 'HospitalTaluk' must contain a non-null value when exiting constructor. Consider adding the 'required' modifier or declaring the property as nullable. [C:\Users\HP\Downloads\Medical\Medical_Affiliation\Medical_Affiliation.csproj]
C:\Users\HP\Downloads\Medical\Medical_Affiliation\Models\AHShospitalDetailsViewModel.cs(17,23): warning CS8618: Non-nullable property 'HospitalLocation' must contain a non-null value when exiting constructor. Consider adding the 'required' modifier or declaring the property as nullable. [C:\Users\HP\Downloads\Medical\Medical_Affiliation\Medical_Affiliation.csproj]
C:\Users\HP\Downloads\Medical\Medical_Affiliation\Models\AHShospitalDetailsViewModel.cs(18,23): warning CS8618: Non-nullable property 'HospitalStateId' must contain a non-null value when exiting constructor. Consider adding the 'required' modifier or declaring the property as nullable. [C:\Users\HP\Downloads\Medical\Medical_Affiliation\Medical_Affiliation.csproj]
C:\Users\HP\Downloads\Medical\Medical_Affiliation\Models\AffiliationPgCourseViewModel.cs(83,23): warning CS8618: Non-nullable property 'ActionTaken' must contain a non-null value when exiting constructor. Consider adding the 'required' modifier or declaring the property as nullable. [C:\Users\HP\Downloads\Medical\Medical_Affiliation\Medical_Affiliation.csproj]
C:\Users\HP\Downloads\Medical\Medical_Affiliation\Models\AffiliationPgCourseViewModel.cs(65,26): warning CS8618: Non-nullable property 'RGUHSDocumentFile' must contain a non-null value when exiting constructor. Consider adding the 'required' modifier or declaring the property as nullable. [C:\Users\HP\Downloads\Medical\Medical_Affiliation\Medical_Affiliation.csproj]
C:\Users\HP\Downloads\Medical\Medical_Affiliation\Models\AffiliationPgCourseViewModel.cs(66,23): warning CS8618: Non-nullable property 'RGUHSDocBytes' must contain a non-null value when exiting constructor. Consider adding the 'required' modifier or declaring the property as nullable. [C:\Users\HP\Downloads\Medical\Medical_Affiliation\Medical_Affiliation.csproj]
C:\Users\HP\Downloads\Medical\Medical_Affiliation\Models\AffiliationPgCourseViewModel.cs(54,26): warning CS8618: Non-nullable property 'GOKDocumentFile' must contain a non-null value when exiting constructor. Consider adding the 'required' modifier or declaring the property as nullable. [C:\Users\HP\Downloads\Medical\Medical_Affiliation\Medical_Affiliation.csproj]
C:\Users\HP\Downloads\Medical\Medical_Affiliation\Models\AffiliationPgCourseViewModel.cs(55,23): warning CS8618: Non-nullable property 'GokDocBytes' must contain a non-null value when exiting constructor. Consider adding the 'required' modifier or declaring the property as nullable. [C:\Users\HP\Downloads\Medical\Medical_Affiliation\Medical_Affiliation.csproj]
C:\Users\HP\Downloads\Medical\Medical_Affiliation\Models\AffiliationPgCourseViewModel.cs(45,23): warning CS8618: Non-nullable property 'CollegeCode' must contain a non-null value when exiting constructor. Consider adding the 'required' modifier or declaring the property as nullable. [C:\Users\HP\Downloads\Medical\Medical_Affiliation\Medical_Affiliation.csproj]
C:\Users\HP\Downloads\Medical\Medical_Affiliation\Models\AffiliationSSViewModel.cs(31,23): warning CS8618: Non-nullable property 'CourseCode' must contain a non-null value when exiting constructor. Consider adding the 'required' modifier or declaring the property as nullable. [C:\Users\HP\Downloads\Medical\Medical_Affiliation\Medical_Affiliation.csproj]
C:\Users\HP\Downloads\Medical\Medical_Affiliation\Models\AffiliationSSViewModel.cs(32,23): warning CS8618: Non-nullable property 'CourseName' must contain a non-null value when exiting constructor. Consider adding the 'required' modifier or declaring the property as nullable. [C:\Users\HP\Downloads\Medical\Medical_Affiliation\Medical_Affiliation.csproj]
C:\Users\HP\Downloads\Medical\Medical_Affiliation\Models\AffiliationSSViewModel.cs(33,23): warning CS8618: Non-nullable property 'CourseLevel' must contain a non-null value when exiting constructor. Consider adding the 'required' modifier or declaring the property as nullable. [C:\Users\HP\Downloads\Medical\Medical_Affiliation\Medical_Affiliation.csproj]
C:\Users\HP\Downloads\Medical\Medical_Affiliation\Models\AffiliationSSViewModel.cs(34,23): warning CS8618: Non-nullable property 'FacultyCode' must contain a non-null value when exiting constructor. Consider adding the 'required' modifier or declaring the property as nullable. [C:\Users\HP\Downloads\Medical\Medical_Affiliation\Medical_Affiliation.csproj]
C:\Users\HP\Downloads\Medical\Medical_Affiliation\Models\AffiliationSSViewModel.cs(35,23): warning CS8618: Non-nullable property 'AssociatedCollegeCode' must contain a non-null value when exiting constructor. Consider adding the 'required' modifier or declaring the property as nullable. [C:\Users\HP\Downloads\Medical\Medical_Affiliation\Medical_Affiliation.csproj]
C:\Users\HP\Downloads\Medical\Medical_Affiliation\Models\AffiliationSSViewModel.cs(36,23): warning CS8618: Non-nullable property 'AssociatedCollegeName' must contain a non-null value when exiting constructor. Consider adding the 'required' modifier or declaring the property as nullable. [C:\Users\HP\Downloads\Medical\Medical_Affiliation\Medical_Affiliation.csproj]
C:\Users\HP\Downloads\Medical\Medical_Affiliation\Models\AffiliationSSViewModel.cs(37,23): warning CS8618: Non-nullable property 'AssociatedFacultyCode' must contain a non-null value when exiting constructor. Consider adding the 'required' modifier or declaring the property as nullable. [C:\Users\HP\Downloads\Medical\Medical_Affiliation\Medical_Affiliation.csproj]
C:\Users\HP\Downloads\Medical\Medical_Affiliation\Models\AffiliationSSViewModel.cs(38,23): warning CS8618: Non-nullable property 'AssociatedFacultyName' must contain a non-null value when exiting constructor. Consider adding the 'required' modifier or declaring the property as nullable. [C:\Users\HP\Downloads\Medical\Medical_Affiliation\Medical_Affiliation.csproj]
C:\Users\HP\Downloads\Medical\Medical_Affiliation\Models\AffiliationSSViewModel.cs(40,23): warning CS8618: Non-nullable property 'SelectedFacultyCode' must contain a non-null value when exiting constructor. Consider adding the 'required' modifier or declaring the property as nullable. [C:\Users\HP\Downloads\Medical\Medical_Affiliation\Medical_Affiliation.csproj]
C:\Users\HP\Downloads\Medical\Medical_Affiliation\Models\AffiliationSSViewModel.cs(41,23): warning CS8618: Non-nullable property 'SelectedAssociatedCollegeCode' must contain a non-null value when exiting constructor. Consider adding the 'required' modifier or declaring the property as nullable. [C:\Users\HP\Downloads\Medical\Medical_Affiliation\Medical_Affiliation.csproj]
C:\Users\HP\Downloads\Medical\Medical_Affiliation\Models\AffiliationSSViewModel.cs(42,23): warning CS8618: Non-nullable property 'SelectedCourseCode' must contain a non-null value when exiting constructor. Consider adding the 'required' modifier or declaring the property as nullable. [C:\Users\HP\Downloads\Medical\Medical_Affiliation\Medical_Affiliation.csproj]
C:\Users\HP\Downloads\Medical\Medical_Affiliation\Models\AffiliationPgCourseViewModel.cs(23,23): warning CS8618: Non-nullable property 'CollegeCode' must contain a non-null value when exiting constructor. Consider adding the 'required' modifier or declaring the property as nullable. [C:\Users\HP\Downloads\Medical\Medical_Affiliation\Medical_Affiliation.csproj]
C:\Users\HP\Downloads\Medical\Medical_Affiliation\Models\AffiliationPgCourseViewModel.cs(24,23): warning CS8618: Non-nullable property 'CourseCode' must contain a non-null value when exiting constructor. Consider adding the 'required' modifier or declaring the property as nullable. [C:\Users\HP\Downloads\Medical\Medical_Affiliation\Medical_Affiliation.csproj]
C:\Users\HP\Downloads\Medical\Medical_Affiliation\Models\AffiliationPgCourseViewModel.cs(25,23): warning CS8618: Non-nullable property 'CourseName' must contain a non-null value when exiting constructor. Consider adding the 'required' modifier or declaring the property as nullable. [C:\Users\HP\Downloads\Medical\Medical_Affiliation\Medical_Affiliation.csproj]
C:\Users\HP\Downloads\Medical\Medical_Affiliation\Models\AffiliationPgCourseViewModel.cs(26,23): warning CS8618: Non-nullable property 'CourseLevel' must contain a non-null value when exiting constructor. Consider adding the 'required' modifier or declaring the property as nullable. [C:\Users\HP\Downloads\Medical\Medical_Affiliation\Medical_Affiliation.csproj]
C:\Users\HP\Downloads\Medical\Medical_Affiliation\Models\AffiliationPgCourseViewModel.cs(27,23): warning CS8618: Non-nullable property 'CoursePrefix' must contain a non-null value when exiting constructor. Consider adding the 'required' modifier or declaring the property as nullable. [C:\Users\HP\Downloads\Medical\Medical_Affiliation\Medical_Affiliation.csproj]
C:\Users\HP\Downloads\Medical\Medical_Affiliation\Models\AffiliationSSViewModel.cs(51,23): warning CS8618: Non-nullable property 'CourseLevel' must contain a non-null value when exiting constructor. Consider adding the 'required' modifier or declaring the property as nullable. [C:\Users\HP\Downloads\Medical\Medical_Affiliation\Medical_Affiliation.csproj]
C:\Users\HP\Downloads\Medical\Medical_Affiliation\Models\AffiliationSSViewModel.cs(53,23): warning CS8618: Non-nullable property 'AssociatedCollegeCode' must contain a non-null value when exiting constructor. Consider adding the 'required' modifier or declaring the property as nullable. [C:\Users\HP\Downloads\Medical\Medical_Affiliation\Medical_Affiliation.csproj]
C:\Users\HP\Downloads\Medical\Medical_Affiliation\Models\AffiliationSSViewModel.cs(54,23): warning CS8618: Non-nullable property 'AssociatedFacultyCode' must contain a non-null value when exiting constructor. Consider adding the 'required' modifier or declaring the property as nullable. [C:\Users\HP\Downloads\Medical\Medical_Affiliation\Medical_Affiliation.csproj]
C:\Users\HP\Downloads\Medical\Medical_Affiliation\Models\AffiliationSSViewModel.cs(55,23): warning CS8618: Non-nullable property 'CourseCode' must contain a non-null value when exiting constructor. Consider adding the 'required' modifier or declaring the property as nullable. [C:\Users\HP\Downloads\Medical\Medical_Affiliation\Medical_Affiliation.csproj]
C:\Users\HP\Downloads\Medical\Medical_Affiliation\Models\AffiliationPgCourseViewModel.cs(73,26): warning CS8618: Non-nullable property 'NMCdocumentFile' must contain a non-null value when exiting constructor. Consider adding the 'required' modifier or declaring the property as nullable. [C:\Users\HP\Downloads\Medical\Medical_Affiliation\Medical_Affiliation.csproj]
C:\Users\HP\Downloads\Medical\Medical_Affiliation\Models\AffiliationPgCourseViewModel.cs(74,23): warning CS8618: Non-nullable property 'NMCdocBytes' must contain a non-null value when exiting constructor. Consider adding the 'required' modifier or declaring the property as nullable. [C:\Users\HP\Downloads\Medical\Medical_Affiliation\Medical_Affiliation.csproj]
C:\Users\HP\Downloads\Medical\Medical_Affiliation\Models\AffiliationPgCourseViewModel.cs(77,23): warning CS8618: Non-nullable property 'FacultyCode' must contain a non-null value when exiting constructor. Consider adding the 'required' modifier or declaring the property as nullable. [C:\Users\HP\Downloads\Medical\Medical_Affiliation\Medical_Affiliation.csproj]
C:\Users\HP\Downloads\Medical\Medical_Affiliation\Models\AffiliationSSViewModel.cs(7,23): warning CS8618: Non-nullable property 'CollegeCode' must contain a non-null value when exiting constructor. Consider adding the 'required' modifier or declaring the property as nullable. [C:\Users\HP\Downloads\Medical\Medical_Affiliation\Medical_Affiliation.csproj]
C:\Users\HP\Downloads\Medical\Medical_Affiliation\Models\AffiliationSSViewModel.cs(9,33): warning CS8618: Non-nullable property 'AllCourses' must contain a non-null value when exiting constructor. Consider adding the 'required' modifier or declaring the property as nullable. [C:\Users\HP\Downloads\Medical\Medical_Affiliation\Medical_Affiliation.csproj]
C:\Users\HP\Downloads\Medical\Medical_Affiliation\Models\AffiliationSSViewModel.cs(10,47): warning CS8618: Non-nullable property 'AssociatedInstitutions' must contain a non-null value when exiting constructor. Consider adding the 'required' modifier or declaring the property as nullable. [C:\Users\HP\Downloads\Medical\Medical_Affiliation\Medical_Affiliation.csproj]
C:\Users\HP\Downloads\Medical\Medical_Affiliation\Models\AHS_YearwiseMaterialsDataViewModel.cs(8,23): warning CS8618: Non-nullable property 'CollegeCode' must contain a non-null value when exiting constructor. Consider adding the 'required' modifier or declaring the property as nullable. [C:\Users\HP\Downloads\Medical\Medical_Affiliation\Medical_Affiliation.csproj]
C:\Users\HP\Downloads\Medical\Medical_Affiliation\Models\AHS_YearwiseMaterialsDataViewModel.cs(9,23): warning CS8618: Non-nullable property 'FacultyCode' must contain a non-null value when exiting constructor. Consider adding the 'required' modifier or declaring the property as nullable. [C:\Users\HP\Downloads\Medical\Medical_Affiliation\Medical_Affiliation.csproj]
C:\Users\HP\Downloads\Medical\Medical_Affiliation\Models\AHS_YearwiseMaterialsDataViewModel.cs(11,23): warning CS8618: Non-nullable property 'ParametersName' must contain a non-null value when exiting constructor. Consider adding the 'required' modifier or declaring the property as nullable. [C:\Users\HP\Downloads\Medical\Medical_Affiliation\Medical_Affiliation.csproj]
C:\Users\HP\Downloads\Medical\Medical_Affiliation\Models\AHS_YearwiseMaterialsDataViewModel.cs(12,23): warning CS8618: Non-nullable property 'HospitalType' must contain a non-null value when exiting constructor. Consider adding the 'required' modifier or declaring the property as nullable. [C:\Users\HP\Downloads\Medical\Medical_Affiliation\Medical_Affiliation.csproj]
C:\Users\HP\Downloads\Medical\Medical_Affiliation\Models\AHS_YearwiseMaterialsDataViewModel.cs(13,23): warning CS8618: Non-nullable property 'Year1' must contain a non-null value when exiting constructor. Consider adding the 'required' modifier or declaring the property as nullable. [C:\Users\HP\Downloads\Medical\Medical_Affiliation\Medical_Affiliation.csproj]
C:\Users\HP\Downloads\Medical\Medical_Affiliation\Models\AHS_YearwiseMaterialsDataViewModel.cs(14,23): warning CS8618: Non-nullable property 'Year2' must contain a non-null value when exiting constructor. Consider adding the 'required' modifier or declaring the property as nullable. [C:\Users\HP\Downloads\Medical\Medical_Affiliation\Medical_Affiliation.csproj]
C:\Users\HP\Downloads\Medical\Medical_Affiliation\Models\AHS_YearwiseMaterialsDataViewModel.cs(15,23): warning CS8618: Non-nullable property 'Year3' must contain a non-null value when exiting constructor. Consider adding the 'required' modifier or declaring the property as nullable. [C:\Users\HP\Downloads\Medical\Medical_Affiliation\Medical_Affiliation.csproj]
C:\Users\HP\Downloads\Medical\Medical_Affiliation\Models\AHS_YearwiseMaterialsDataViewModel.cs(28,26): warning CS8618: Non-nullable property 'ParentHospitalOwnerNameDocFile' must contain a non-null value when exiting constructor. Consider adding the 'required' modifier or declaring the property as nullable. [C:\Users\HP\Downloads\Medical\Medical_Affiliation\Medical_Affiliation.csproj]
C:\Users\HP\Downloads\Medical\Medical_Affiliation\Models\AHS_YearwiseMaterialsDataViewModel.cs(29,26): warning CS8618: Non-nullable property 'ParentHospitalKpmebedsDocFile' must contain a non-null value when exiting constructor. Consider adding the 'required' modifier or declaring the property as nullable. [C:\Users\HP\Downloads\Medical\Medical_Affiliation\Medical_Affiliation.csproj]
C:\Users\HP\Downloads\Medical\Medical_Affiliation\Models\AHS_YearwiseMaterialsDataViewModel.cs(41,48): warning CS8618: Non-nullable property 'YearwiseMaterials' must contain a non-null value when exiting constructor. Consider adding the 'required' modifier or declaring the property as nullable. [C:\Users\HP\Downloads\Medical\Medical_Affiliation\Medical_Affiliation.csproj]
C:\Users\HP\Downloads\Medical\Medical_Affiliation\Models\AHS_YearwiseMaterialsDataViewModel.cs(42,23): warning CS8618: Non-nullable property 'ParentHospitalMoudocAvailable' must contain a non-null value when exiting constructor. Consider adding the 'required' modifier or declaring the property as nullable. [C:\Users\HP\Downloads\Medical\Medical_Affiliation\Medical_Affiliation.csproj]
C:\Users\HP\Downloads\Medical\Medical_Affiliation\Models\AHS_YearwiseMaterialsDataViewModel.cs(43,23): warning CS8618: Non-nullable property 'ParentHospitalOwnerNameDocAvailable' must contain a non-null value when exiting constructor. Consider adding the 'required' modifier or declaring the property as nullable. [C:\Users\HP\Downloads\Medical\Medical_Affiliation\Medical_Affiliation.csproj]
C:\Users\HP\Downloads\Medical\Medical_Affiliation\Models\AHS_YearwiseMaterialsDataViewModel.cs(44,23): warning CS8618: Non-nullable property 'ParentHospitalKpmebedsDocAvailable' must contain a non-null value when exiting constructor. Consider adding the 'required' modifier or declaring the property as nullable. [C:\Users\HP\Downloads\Medical\Medical_Affiliation\Medical_Affiliation.csproj]
C:\Users\HP\Downloads\Medical\Medical_Affiliation\Models\AHS_YearwiseMaterialsDataViewModel.cs(45,23): warning CS8618: Non-nullable property 'ParentHospitalPostBasicDocAvailable' must contain a non-null value when exiting constructor. Consider adding the 'required' modifier or declaring the property as nullable. [C:\Users\HP\Downloads\Medical\Medical_Affiliation\Medical_Affiliation.csproj]
C:\Users\HP\Downloads\Medical\Medical_Affiliation\Models\AffiliationFinalDeclarationViewModel.cs(7,23): warning CS8618: Non-nullable property 'PrincipalName' must contain a non-null value when exiting constructor. Consider adding the 'required' modifier or declaring the property as nullable. [C:\Users\HP\Downloads\Medical\Medical_Affiliation\Medical_Affiliation.csproj]
C:\Users\HP\Downloads\Medical\Medical_Affiliation\Models\AHSSOloginViewModel.cs(23,23): warning CS8618: Non-nullable property 'CollegeTown' must contain a non-null value when exiting constructor. Consider adding the 'required' modifier or declaring the property as nullable. [C:\Users\HP\Downloads\Medical\Medical_Affiliation\Medical_Affiliation.csproj]
C:\Users\HP\Downloads\Medical\Medical_Affiliation\Models\AHSSOloginViewModel.cs(30,23): warning CS8618: Non-nullable property 'allCoursesBytes' must contain a non-null value when exiting constructor. Consider adding the 'required' modifier or declaring the property as nullable. [C:\Users\HP\Downloads\Medical\Medical_Affiliation\Medical_Affiliation.csproj]
C:\Users\HP\Downloads\Medical\Medical_Affiliation\Models\AHSSOloginViewModel.cs(32,23): warning CS8618: Non-nullable property 'principalName' must contain a non-null value when exiting constructor. Consider adding the 'required' modifier or declaring the property as nullable. [C:\Users\HP\Downloads\Medical\Medical_Affiliation\Medical_Affiliation.csproj]
C:\Users\HP\Downloads\Medical\Medical_Affiliation\Models\AHShospitalDetailsViewModel.cs(42,23): warning CS8618: Non-nullable property 'CollegeCode' must contain a non-null value when exiting constructor. Consider adding the 'required' modifier or declaring the property as nullable. [C:\Users\HP\Downloads\Medical\Medical_Affiliation\Medical_Affiliation.csproj]
C:\Users\HP\Downloads\Medical\Medical_Affiliation\Models\AHShospitalDetailsViewModel.cs(43,23): warning CS8618: Non-nullable property 'CollegeName' must contain a non-null value when exiting constructor. Consider adding the 'required' modifier or declaring the property as nullable. [C:\Users\HP\Downloads\Medical\Medical_Affiliation\Medical_Affiliation.csproj]
C:\Users\HP\Downloads\Medical\Medical_Affiliation\Models\AHShospitalDetailsViewModel.cs(44,23): warning CS8618: Non-nullable property 'TeachingFacultyName' must contain a non-null value when exiting constructor. Consider adding the 'required' modifier or declaring the property as nullable. [C:\Users\HP\Downloads\Medical\Medical_Affiliation\Medical_Affiliation.csproj]
C:\Users\HP\Downloads\Medical\Medical_Affiliation\Models\AHShospitalDetailsViewModel.cs(46,23): warning CS8618: Non-nullable property 'AadharNumber' must contain a non-null value when exiting constructor. Consider adding the 'required' modifier or declaring the property as nullable. [C:\Users\HP\Downloads\Medical\Medical_Affiliation\Medical_Affiliation.csproj]
C:\Users\HP\Downloads\Medical\Medical_Affiliation\Models\AHShospitalDetailsViewModel.cs(47,23): warning CS8618: Non-nullable property 'PanNumber' must contain a non-null value when exiting constructor. Consider adding the 'required' modifier or declaring the property as nullable. [C:\Users\HP\Downloads\Medical\Medical_Affiliation\Medical_Affiliation.csproj]
C:\Users\HP\Downloads\Medical\Medical_Affiliation\Models\AHShospitalDetailsViewModel.cs(48,26): warning CS8618: Non-nullable property 'AadharFile' must contain a non-null value when exiting constructor. Consider adding the 'required' modifier or declaring the property as nullable. [C:\Users\HP\Downloads\Medical\Medical_Affiliation\Medical_Affiliation.csproj]
C:\Users\HP\Downloads\Medical\Medical_Affiliation\Models\AHShospitalDetailsViewModel.cs(49,26): warning CS8618: Non-nullable property 'PanFile' must contain a non-null value when exiting constructor. Consider adding the 'required' modifier or declaring the property as nullable. [C:\Users\HP\Downloads\Medical\Medical_Affiliation\Medical_Affiliation.csproj]
C:\Users\HP\Downloads\Medical\Medical_Affiliation\Models\AHShospitalDetailsViewModel.cs(50,26): warning CS8618: Non-nullable property 'Form16_bankStatement' must contain a non-null value when exiting constructor. Consider adding the 'required' modifier or declaring the property as nullable. [C:\Users\HP\Downloads\Medical\Medical_Affiliation\Medical_Affiliation.csproj]
C:\Users\HP\Downloads\Medical\Medical_Affiliation\Models\AHShospitalDetailsViewModel.cs(55,23): warning CS8618: Non-nullable property 'AdharFileBytes' must contain a non-null value when exiting constructor. Consider adding the 'required' modifier or declaring the property as nullable. [C:\Users\HP\Downloads\Medical\Medical_Affiliation\Medical_Affiliation.csproj]
C:\Users\HP\Downloads\Medical\Medical_Affiliation\Models\AHShospitalDetailsViewModel.cs(56,23): warning CS8618: Non-nullable property 'PanFileBytes' must contain a non-null value when exiting constructor. Consider adding the 'required' modifier or declaring the property as nullable. [C:\Users\HP\Downloads\Medical\Medical_Affiliation\Medical_Affiliation.csproj]
C:\Users\HP\Downloads\Medical\Medical_Affiliation\Models\AHShospitalDetailsViewModel.cs(57,23): warning CS8618: Non-nullable property 'Form16_bankStatementBytes' must contain a non-null value when exiting constructor. Consider adding the 'required' modifier or declaring the property as nullable. [C:\Users\HP\Downloads\Medical\Medical_Affiliation\Medical_Affiliation.csproj]
C:\Users\HP\Downloads\Medical\Medical_Affiliation\Models\AHShospitalDetailsViewModel.cs(59,37): warning CS8618: Non-nullable property 'FacultyDepartment' must contain a non-null value when exiting constructor. Consider adding the 'required' modifier or declaring the property as nullable. [C:\Users\HP\Downloads\Medical\Medical_Affiliation\Medical_Affiliation.csproj]
C:\Users\HP\Downloads\Medical\Medical_Affiliation\Models\AHShospitalDetailsViewModel.cs(60,37): warning CS8618: Non-nullable property 'FacultyDesignation' must contain a non-null value when exiting constructor. Consider adding the 'required' modifier or declaring the property as nullable. [C:\Users\HP\Downloads\Medical\Medical_Affiliation\Medical_Affiliation.csproj]
C:\Users\HP\Downloads\Medical\Medical_Affiliation\Models\AHShospitalDetailsViewModel.cs(61,23): warning CS8618: Non-nullable property 'selectedFacultyDepartment' must contain a non-null value when exiting constructor. Consider adding the 'required' modifier or declaring the property as nullable. [C:\Users\HP\Downloads\Medical\Medical_Affiliation\Medical_Affiliation.csproj]
C:\Users\HP\Downloads\Medical\Medical_Affiliation\Models\AHShospitalDetailsViewModel.cs(62,23): warning CS8618: Non-nullable property 'selectedFacultyDesignation' must contain a non-null value when exiting constructor. Consider adding the 'required' modifier or declaring the property as nullable. [C:\Users\HP\Downloads\Medical\Medical_Affiliation\Medical_Affiliation.csproj]
C:\Users\HP\Downloads\Medical\Medical_Affiliation\Models\AHShospitalDetailsViewModel.cs(63,23): warning CS8618: Non-nullable property 'Qualification' must contain a non-null value when exiting constructor. Consider adding the 'required' modifier or declaring the property as nullable. [C:\Users\HP\Downloads\Medical\Medical_Affiliation\Medical_Affiliation.csproj]
C:\Users\HP\Downloads\Medical\Medical_Affiliation\Models\AHShospitalDetailsViewModel.cs(64,23): warning CS8618: Non-nullable property 'UgUniversityName' must contain a non-null value when exiting constructor. Consider adding the 'required' modifier or declaring the property as nullable. [C:\Users\HP\Downloads\Medical\Medical_Affiliation\Medical_Affiliation.csproj]
C:\Users\HP\Downloads\Medical\Medical_Affiliation\Models\AHShospitalDetailsViewModel.cs(65,23): warning CS8618: Non-nullable property 'PgUniverstityName' must contain a non-null value when exiting constructor. Consider adding the 'required' modifier or declaring the property as nullable. [C:\Users\HP\Downloads\Medical\Medical_Affiliation\Medical_Affiliation.csproj]
C:\Users\HP\Downloads\Medical\Medical_Affiliation\Models\AHShospitalDetailsViewModel.cs(66,37): warning CS8618: Non-nullable property 'UGPassingYearList' must contain a non-null value when exiting constructor. Consider adding the 'required' modifier or declaring the property as nullable. [C:\Users\HP\Downloads\Medical\Medical_Affiliation\Medical_Affiliation.csproj]
C:\Users\HP\Downloads\Medical\Medical_Affiliation\Models\AHShospitalDetailsViewModel.cs(67,37): warning CS8618: Non-nullable property 'PGPassingYearList' must contain a non-null value when exiting constructor. Consider adding the 'required' modifier or declaring the property as nullable. [C:\Users\HP\Downloads\Medical\Medical_Affiliation\Medical_Affiliation.csproj]
C:\Users\HP\Downloads\Medical\Medical_Affiliation\Models\AHShospitalDetailsViewModel.cs(68,23): warning CS8618: Non-nullable property 'selectedUgYear' must contain a non-null value when exiting constructor. Consider adding the 'required' modifier or declaring the property as nullable. [C:\Users\HP\Downloads\Medical\Medical_Affiliation\Medical_Affiliation.csproj]
C:\Users\HP\Downloads\Medical\Medical_Affiliation\Models\AHShospitalDetailsViewModel.cs(69,23): warning CS8618: Non-nullable property 'selectedPgYear' must contain a non-null value when exiting constructor. Consider adding the 'required' modifier or declaring the property as nullable. [C:\Users\HP\Downloads\Medical\Medical_Affiliation\Medical_Affiliation.csproj]
C:\Users\HP\Downloads\Medical\Medical_Affiliation\Models\AHShospitalDetailsViewModel.cs(70,23): warning CS8618: Non-nullable property 'TeachingExpAfterUg' must contain a non-null value when exiting constructor. Consider adding the 'required' modifier or declaring the property as nullable. [C:\Users\HP\Downloads\Medical\Medical_Affiliation\Medical_Affiliation.csproj]
C:\Users\HP\Downloads\Medical\Medical_Affiliation\Models\AHShospitalDetailsViewModel.cs(71,23): warning CS8618: Non-nullable property 'TeachingExpAfterPg' must contain a non-null value when exiting constructor. Consider adding the 'required' modifier or declaring the property as nullable. [C:\Users\HP\Downloads\Medical\Medical_Affiliation\Medical_Affiliation.csproj]
C:\Users\HP\Downloads\Medical\Medical_Affiliation\Models\AffiliationPaymentViewModel.cs(6,23): warning CS8618: Non-nullable property 'CollegeCode' must contain a non-null value when exiting constructor. Consider adding the 'required' modifier or declaring the property as nullable. [C:\Users\HP\Downloads\Medical\Medical_Affiliation\Medical_Affiliation.csproj]
C:\Users\HP\Downloads\Medical\Medical_Affiliation\Models\AffiliationPaymentViewModel.cs(11,23): warning CS8618: Non-nullable property 'TransactionReferenceNo' must contain a non-null value when exiting constructor. Consider adding the 'required' modifier or declaring the property as nullable. [C:\Users\HP\Downloads\Medical\Medical_Affiliation\Medical_Affiliation.csproj]
C:\Users\HP\Downloads\Medical\Medical_Affiliation\Models\AffiliatedYearwiseMaterialsFormViewModel.cs(126,23): warning CS8618: Non-nullable property 'CourseLevel' must contain a non-null value when exiting constructor. Consider adding the 'required' modifier or declaring the property as nullable. [C:\Users\HP\Downloads\Medical\Medical_Affiliation\Medical_Affiliation.csproj]
C:\Users\HP\Downloads\Medical\Medical_Affiliation\Models\AffiliatedYearwiseMaterialsFormViewModel.cs(127,23): warning CS8618: Non-nullable property 'CourseCode' must contain a non-null value when exiting constructor. Consider adding the 'required' modifier or declaring the property as nullable. [C:\Users\HP\Downloads\Medical\Medical_Affiliation\Medical_Affiliation.csproj]
C:\Users\HP\Downloads\Medical\Medical_Affiliation\Models\AffiliatedYearwiseMaterialsFormViewModel.cs(128,23): warning CS8618: Non-nullable property 'CourseName' must contain a non-null value when exiting constructor. Consider adding the 'required' modifier or declaring the property as nullable. [C:\Users\HP\Downloads\Medical\Medical_Affiliation\Medical_Affiliation.csproj]
C:\Users\HP\Downloads\Medical\Medical_Affiliation\Models\AffiliatedYearwiseMaterialsFormViewModel.cs(133,23): warning CS8618: Non-nullable property 'PrincipalName' must contain a non-null value when exiting constructor. Consider adding the 'required' modifier or declaring the property as nullable. [C:\Users\HP\Downloads\Medical\Medical_Affiliation\Medical_Affiliation.csproj]
C:\Users\HP\Downloads\Medical\Medical_Affiliation\Models\AffiliatedYearwiseMaterialsFormViewModel.cs(98,23): warning CS8618: Non-nullable property 'FacultyCode' must contain a non-null value when exiting constructor. Consider adding the 'required' modifier or declaring the property as nullable. [C:\Users\HP\Downloads\Medical\Medical_Affiliation\Medical_Affiliation.csproj]
C:\Users\HP\Downloads\Medical\Medical_Affiliation\Models\AffiliatedYearwiseMaterialsFormViewModel.cs(99,23): warning CS8618: Non-nullable property 'CollegeCode' must contain a non-null value when exiting constructor. Consider adding the 'required' modifier or declaring the property as nullable. [C:\Users\HP\Downloads\Medical\Medical_Affiliation\Medical_Affiliation.csproj]
C:\Users\HP\Downloads\Medical\Medical_Affiliation\Models\AffiliatedYearwiseMaterialsFormViewModel.cs(104,23): warning CS8618: Non-nullable property 'SelectedCourseLevel' must contain a non-null value when exiting constructor. Consider adding the 'required' modifier or declaring the property as nullable. [C:\Users\HP\Downloads\Medical\Medical_Affiliation\Medical_Affiliation.csproj]
C:\Users\HP\Downloads\Medical\Medical_Affiliation\Models\AffiliatedYearwiseMaterialsFormViewModel.cs(105,44): warning CS8618: Non-nullable property 'CourseLevels' must contain a non-null value when exiting constructor. Consider adding the 'required' modifier or declaring the property as nullable. [C:\Users\HP\Downloads\Medical\Medical_Affiliation\Medical_Affiliation.csproj]
C:\Users\HP\Downloads\Medical\Medical_Affiliation\Models\AffiliatedYearwiseMaterialsFormViewModel.cs(107,23): warning CS8618: Non-nullable property 'SelectedCourseCode' must contain a non-null value when exiting constructor. Consider adding the 'required' modifier or declaring the property as nullable. [C:\Users\HP\Downloads\Medical\Medical_Affiliation\Medical_Affiliation.csproj]
C:\Users\HP\Downloads\Medical\Medical_Affiliation\Models\AffiliatedYearwiseMaterialsFormViewModel.cs(108,44): warning CS8618: Non-nullable property 'Courses' must contain a non-null value when exiting constructor. Consider adding the 'required' modifier or declaring the property as nullable. [C:\Users\HP\Downloads\Medical\Medical_Affiliation\Medical_Affiliation.csproj]
C:\Users\HP\Downloads\Medical\Medical_Affiliation\Models\AffiliatedYearwiseMaterialsFormViewModel.cs(115,23): warning CS8618: Non-nullable property 'PrincipalName' must contain a non-null value when exiting constructor. Consider adding the 'required' modifier or declaring the property as nullable. [C:\Users\HP\Downloads\Medical\Medical_Affiliation\Medical_Affiliation.csproj]
C:\Users\HP\Downloads\Medical\Medical_Affiliation\Models\AffiliatedYearwiseMaterialsFormViewModel.cs(82,19): warning CS8618: Non-nullable property 'PrincipalNameUG' must contain a non-null value when exiting constructor. Consider adding the 'required' modifier or declaring the property as nullable. [C:\Users\HP\Downloads\Medical\Medical_Affiliation\Medical_Affiliation.csproj]
C:\Users\HP\Downloads\Medical\Medical_Affiliation\Models\AffiliatedYearwiseMaterialsFormViewModel.cs(83,19): warning CS8618: Non-nullable property 'PrincipalNamePG' must contain a non-null value when exiting constructor. Consider adding the 'required' modifier or declaring the property as nullable. [C:\Users\HP\Downloads\Medical\Medical_Affiliation\Medical_Affiliation.csproj]
C:\Users\HP\Downloads\Medical\Medical_Affiliation\Models\AffiliatedYearwiseMaterialsFormViewModel.cs(84,19): warning CS8618: Non-nullable property 'PrincipalNameSS' must contain a non-null value when exiting constructor. Consider adding the 'required' modifier or declaring the property as nullable. [C:\Users\HP\Downloads\Medical\Medical_Affiliation\Medical_Affiliation.csproj]
C:\Users\HP\Downloads\Medical\Medical_Affiliation\Models\AHSSOloginViewModel.cs(107,23): warning CS8618: Non-nullable property 'SelectedDistrictId' must contain a non-null value when exiting constructor. Consider adding the 'required' modifier or declaring the property as nullable. [C:\Users\HP\Downloads\Medical\Medical_Affiliation\Medical_Affiliation.csproj]
C:\Users\HP\Downloads\Medical\Medical_Affiliation\Models\AHSSOloginViewModel.cs(108,23): warning CS8618: Non-nullable property 'SelectedTalukId' must contain a non-null value when exiting constructor. Consider adding the 'required' modifier or declaring the property as nullable. [C:\Users\HP\Downloads\Medical\Medical_Affiliation\Medical_Affiliation.csproj]
C:\Users\HP\Downloads\Medical\Medical_Affiliation\Controllers\LIC_DirectorController.cs(52,39): warning CS8619: Nullability of reference types in value of type 'List<string?>' doesn't match target type 'List<string>'. [C:\Users\HP\Downloads\Medical\Medical_Affiliation\Medical_Affiliation.csproj]
C:\Users\HP\Downloads\Medical\Medical_Affiliation\Controllers\LIC_DirectorController.cs(67,62): warning CS8604: Possible null reference argument for parameter 'item' in 'bool List<string>.Contains(string item)'. [C:\Users\HP\Downloads\Medical\Medical_Affiliation\Medical_Affiliation.csproj]
C:\Users\HP\Downloads\Medical\Medical_Affiliation\Controllers\LIC_DirectorController.cs(119,34): warning CS8601: Possible null reference assignment. [C:\Users\HP\Downloads\Medical\Medical_Affiliation\Medical_Affiliation.csproj]
C:\Users\HP\Downloads\Medical\Medical_Affiliation\Controllers\LIC_DirectorController.cs(120,35): warning CS8601: Possible null reference assignment. [C:\Users\HP\Downloads\Medical\Medical_Affiliation\Medical_Affiliation.csproj]
C:\Users\HP\Downloads\Medical\Medical_Affiliation\Controllers\LIC_DirectorController.cs(122,36): warning CS8601: Possible null reference assignment. [C:\Users\HP\Downloads\Medical\Medical_Affiliation\Medical_Affiliation.csproj]
C:\Users\HP\Downloads\Medical\Medical_Affiliation\Controllers\LIC_DirectorController.cs(126,31): warning CS8601: Possible null reference assignment. [C:\Users\HP\Downloads\Medical\Medical_Affiliation\Medical_Affiliation.csproj]
C:\Users\HP\Downloads\Medical\Medical_Affiliation\Controllers\LIC_DirectorController.cs(127,34): warning CS8601: Possible null reference assignment. [C:\Users\HP\Downloads\Medical\Medical_Affiliation\Medical_Affiliation.csproj]
C:\Users\HP\Downloads\Medical\Medical_Affiliation\Controllers\LIC_DirectorController.cs(151,26): warning CS8600: Converting null literal or possible null value to non-nullable type. [C:\Users\HP\Downloads\Medical\Medical_Affiliation\Medical_Affiliation.csproj]
C:\Users\HP\Downloads\Medical\Medical_Affiliation\Controllers\LIC_DirectorController.cs(152,27): warning CS8600: Converting null literal or possible null value to non-nullable type. [C:\Users\HP\Downloads\Medical\Medical_Affiliation\Medical_Affiliation.csproj]
C:\Users\HP\Downloads\Medical\Medical_Affiliation\Controllers\LIC_DirectorController.cs(155,32): warning CS8602: Dereference of a possibly null reference. [C:\Users\HP\Downloads\Medical\Medical_Affiliation\Medical_Affiliation.csproj]
C:\Users\HP\Downloads\Medical\Medical_Affiliation\Controllers\LIC_DirectorController.cs(156,32): warning CS8602: Dereference of a possibly null reference. [C:\Users\HP\Downloads\Medical\Medical_Affiliation\Medical_Affiliation.csproj]
C:\Users\HP\Downloads\Medical\Medical_Affiliation\Models\AffiliationSSViewModel.cs(19,23): warning CS8618: Non-nullable property 'CourseCode' must contain a non-null value when exiting constructor. Consider adding the 'required' modifier or declaring the property as nullable. [C:\Users\HP\Downloads\Medical\Medical_Affiliation\Medical_Affiliation.csproj]
C:\Users\HP\Downloads\Medical\Medical_Affiliation\Models\AffiliationSSViewModel.cs(20,23): warning CS8618: Non-nullable property 'CourseName' must contain a non-null value when exiting constructor. Consider adding the 'required' modifier or declaring the property as nullable. [C:\Users\HP\Downloads\Medical\Medical_Affiliation\Medical_Affiliation.csproj]
C:\Users\HP\Downloads\Medical\Medical_Affiliation\Models\AffiliationSSViewModel.cs(21,23): warning CS8618: Non-nullable property 'CourseLevel' must contain a non-null value when exiting constructor. Consider adding the 'required' modifier or declaring the property as nullable. [C:\Users\HP\Downloads\Medical\Medical_Affiliation\Medical_Affiliation.csproj]
C:\Users\HP\Downloads\Medical\Medical_Affiliation\Models\AffiliationSSViewModel.cs(22,23): warning CS8618: Non-nullable property 'YearOfStarting' must contain a non-null value when exiting constructor. Consider adding the 'required' modifier or declaring the property as nullable. [C:\Users\HP\Downloads\Medical\Medical_Affiliation\Medical_Affiliation.csproj]
C:\Users\HP\Downloads\Medical\Medical_Affiliation\Models\AffiliationSSViewModel.cs(25,23): warning CS8618: Non-nullable property 'Remarks' must contain a non-null value when exiting constructor. Consider adding the 'required' modifier or declaring the property as nullable. [C:\Users\HP\Downloads\Medical\Medical_Affiliation\Medical_Affiliation.csproj]
C:\Users\HP\Downloads\Medical\Medical_Affiliation\Models\AffiliationSSViewModel.cs(75,23): warning CS8618: Non-nullable property 'CourseCode' must contain a non-null value when exiting constructor. Consider adding the 'required' modifier or declaring the property as nullable. [C:\Users\HP\Downloads\Medical\Medical_Affiliation\Medical_Affiliation.csproj]
C:\Users\HP\Downloads\Medical\Medical_Affiliation\Models\AffiliationSSViewModel.cs(76,23): warning CS8618: Non-nullable property 'CourseName' must contain a non-null value when exiting constructor. Consider adding the 'required' modifier or declaring the property as nullable. [C:\Users\HP\Downloads\Medical\Medical_Affiliation\Medical_Affiliation.csproj]
C:\Users\HP\Downloads\Medical\Medical_Affiliation\Models\AffiliationSSViewModel.cs(77,23): warning CS8618: Non-nullable property 'CourseLevel' must contain a non-null value when exiting constructor. Consider adding the 'required' modifier or declaring the property as nullable. [C:\Users\HP\Downloads\Medical\Medical_Affiliation\Medical_Affiliation.csproj]
C:\Users\HP\Downloads\Medical\Medical_Affiliation\Models\AffiliationPgCourseViewModel.cs(5,23): warning CS8618: Non-nullable property 'CollegeCode' must contain a non-null value when exiting constructor. Consider adding the 'required' modifier or declaring the property as nullable. [C:\Users\HP\Downloads\Medical\Medical_Affiliation\Medical_Affiliation.csproj]
C:\Users\HP\Downloads\Medical\Medical_Affiliation\Models\AffiliationPgCourseViewModel.cs(17,32): warning CS8618: Non-nullable property 'LicInspectionVm' must contain a non-null value when exiting constructor. Consider adding the 'required' modifier or declaring the property as nullable. [C:\Users\HP\Downloads\Medical\Medical_Affiliation\Medical_Affiliation.csproj]
C:\Users\HP\Downloads\Medical\Medical_Affiliation\Controllers\Aff_AHS_ContinousApplicationController.cs(263,34): warning CS8600: Converting null literal or possible null value to non-nullable type. [C:\Users\HP\Downloads\Medical\Medical_Affiliation\Medical_Affiliation.csproj]
C:\Users\HP\Downloads\Medical\Medical_Affiliation\Controllers\Aff_AHS_ContinousApplicationController.cs(264,34): warning CS8600: Converting null literal or possible null value to non-nullable type. [C:\Users\HP\Downloads\Medical\Medical_Affiliation\Medical_Affiliation.csproj]
C:\Users\HP\Downloads\Medical\Medical_Affiliation\Controllers\Aff_AHS_ContinousApplicationController.cs(313,34): warning CS8600: Converting null literal or possible null value to non-nullable type. [C:\Users\HP\Downloads\Medical\Medical_Affiliation\Medical_Affiliation.csproj]
C:\Users\HP\Downloads\Medical\Medical_Affiliation\Controllers\Aff_AHS_ContinousApplicationController.cs(314,34): warning CS8600: Converting null literal or possible null value to non-nullable type. [C:\Users\HP\Downloads\Medical\Medical_Affiliation\Medical_Affiliation.csproj]
C:\Users\HP\Downloads\Medical\Medical_Affiliation\Controllers\LIC_DirectorController.cs(180,55): warning CS8604: Possible null reference argument for parameter 'memberName' in 'Task<LICMemberSummary> LIC_DirectorController.BuildMemberSummary(string memberName, string collegeCode)'. [C:\Users\HP\Downloads\Medical\Medical_Affiliation\Medical_Affiliation.csproj]
C:\Users\HP\Downloads\Medical\Medical_Affiliation\Controllers\LIC_DirectorController.cs(180,76): warning CS8604: Possible null reference argument for parameter 'collegeCode' in 'Task<LICMemberSummary> LIC_DirectorController.BuildMemberSummary(string memberName, string collegeCode)'. [C:\Users\HP\Downloads\Medical\Medical_Affiliation\Medical_Affiliation.csproj]
C:\Users\HP\Downloads\Medical\Medical_Affiliation\Controllers\LIC_DirectorController.cs(181,51): warning CS8604: Possible null reference argument for parameter 'memberName' in 'Task<LICMemberSummary> LIC_DirectorController.BuildMemberSummary(string memberName, string collegeCode)'. [C:\Users\HP\Downloads\Medical\Medical_Affiliation\Medical_Affiliation.csproj]
C:\Users\HP\Downloads\Medical\Medical_Affiliation\Controllers\LIC_DirectorController.cs(182,56): warning CS8604: Possible null reference argument for parameter 'memberName' in 'Task<LICMemberSummary> LIC_DirectorController.BuildMemberSummary(string memberName, string collegeCode)'. [C:\Users\HP\Downloads\Medical\Medical_Affiliation\Medical_Affiliation.csproj]
C:\Users\HP\Downloads\Medical\Medical_Affiliation\Controllers\LIC_DirectorController.cs(189,57): warning CS8629: Nullable value type may be null. [C:\Users\HP\Downloads\Medical\Medical_Affiliation\Medical_Affiliation.csproj]
C:\Users\HP\Downloads\Medical\Medical_Affiliation\Controllers\LIC_DirectorController.cs(219,35): warning CS8601: Possible null reference assignment. [C:\Users\HP\Downloads\Medical\Medical_Affiliation\Medical_Affiliation.csproj]
C:\Users\HP\Downloads\Medical\Medical_Affiliation\Controllers\LIC_DirectorController.cs(222,36): warning CS8601: Possible null reference assignment. [C:\Users\HP\Downloads\Medical\Medical_Affiliation\Medical_Affiliation.csproj]
C:\Users\HP\Downloads\Medical\Medical_Affiliation\Controllers\LIC_DirectorController.cs(223,32): warning CS8601: Possible null reference assignment. [C:\Users\HP\Downloads\Medical\Medical_Affiliation\Medical_Affiliation.csproj]
C:\Users\HP\Downloads\Medical\Medical_Affiliation\Controllers\LIC_DirectorController.cs(224,37): warning CS8601: Possible null reference assignment. [C:\Users\HP\Downloads\Medical\Medical_Affiliation\Medical_Affiliation.csproj]
C:\Users\HP\Downloads\Medical\Medical_Affiliation\Controllers\LIC_DirectorController.cs(228,43): warning CS8601: Possible null reference assignment. [C:\Users\HP\Downloads\Medical\Medical_Affiliation\Medical_Affiliation.csproj]
C:\Users\HP\Downloads\Medical\Medical_Affiliation\Controllers\Aff_AHS_ContinousApplicationController.cs(386,31): warning CS8601: Possible null reference assignment. [C:\Users\HP\Downloads\Medical\Medical_Affiliation\Medical_Affiliation.csproj]
C:\Users\HP\Downloads\Medical\Medical_Affiliation\Controllers\Aff_AHS_ContinousApplicationController.cs(429,29): warning CS8601: Possible null reference assignment. [C:\Users\HP\Downloads\Medical\Medical_Affiliation\Medical_Affiliation.csproj]
C:\Users\HP\Downloads\Medical\Medical_Affiliation\Controllers\Aff_AHSController.cs(41,31): warning CS8601: Possible null reference assignment. [C:\Users\HP\Downloads\Medical\Medical_Affiliation\Medical_Affiliation.csproj]
C:\Users\HP\Downloads\Medical\Medical_Affiliation\Controllers\Aff_AHSController.cs(42,31): warning CS8601: Possible null reference assignment. [C:\Users\HP\Downloads\Medical\Medical_Affiliation\Medical_Affiliation.csproj]
C:\Users\HP\Downloads\Medical\Medical_Affiliation\Controllers\Aff_AHSController.cs(43,33): warning CS8601: Possible null reference assignment. [C:\Users\HP\Downloads\Medical\Medical_Affiliation\Medical_Affiliation.csproj]
C:\Users\HP\Downloads\Medical\Medical_Affiliation\Controllers\Aff_AHSController.cs(44,36): warning CS8601: Possible null reference assignment. [C:\Users\HP\Downloads\Medical\Medical_Affiliation\Medical_Affiliation.csproj]
C:\Users\HP\Downloads\Medical\Medical_Affiliation\Controllers\Aff_AHSController.cs(65,38): warning CS8601: Possible null reference assignment. [C:\Users\HP\Downloads\Medical\Medical_Affiliation\Medical_Affiliation.csproj]
C:\Users\HP\Downloads\Medical\Medical_Affiliation\Controllers\Aff_AHSController.cs(66,35): warning CS8601: Possible null reference assignment. [C:\Users\HP\Downloads\Medical\Medical_Affiliation\Medical_Affiliation.csproj]
C:\Users\HP\Downloads\Medical\Medical_Affiliation\Controllers\Aff_AHSController.cs(92,35): warning CS8601: Possible null reference assignment. [C:\Users\HP\Downloads\Medical\Medical_Affiliation\Medical_Affiliation.csproj]
C:\Users\HP\Downloads\Medical\Medical_Affiliation\Controllers\Aff_AHSController.cs(94,37): warning CS8601: Possible null reference assignment. [C:\Users\HP\Downloads\Medical\Medical_Affiliation\Medical_Affiliation.csproj]
C:\Users\HP\Downloads\Medical\Medical_Affiliation\Controllers\LIC_DirectorController.cs(248,58): warning CS8603: Possible null reference return. [C:\Users\HP\Downloads\Medical\Medical_Affiliation\Medical_Affiliation.csproj]
C:\Users\HP\Downloads\Medical\Medical_Affiliation\Controllers\LIC_DirectorController.cs(255,29): warning CS8602: Dereference of a possibly null reference. [C:\Users\HP\Downloads\Medical\Medical_Affiliation\Medical_Affiliation.csproj]
C:\Users\HP\Downloads\Medical\Medical_Affiliation\Controllers\LIC_DirectorController.cs(256,29): warning CS8602: Dereference of a possibly null reference. [C:\Users\HP\Downloads\Medical\Medical_Affiliation\Medical_Affiliation.csproj]
C:\Users\HP\Downloads\Medical\Medical_Affiliation\Controllers\LIC_DirectorController.cs(258,30): warning CS8629: Nullable value type may be null. [C:\Users\HP\Downloads\Medical\Medical_Affiliation\Medical_Affiliation.csproj]
C:\Users\HP\Downloads\Medical\Medical_Affiliation\Controllers\LIC_DirectorController.cs(262,29): warning CS8602: Dereference of a possibly null reference. [C:\Users\HP\Downloads\Medical\Medical_Affiliation\Medical_Affiliation.csproj]
C:\Users\HP\Downloads\Medical\Medical_Affiliation\Controllers\LIC_DirectorController.cs(263,29): warning CS8602: Dereference of a possibly null reference. [C:\Users\HP\Downloads\Medical\Medical_Affiliation\Medical_Affiliation.csproj]
C:\Users\HP\Downloads\Medical\Medical_Affiliation\Controllers\Aff_AHS_ContinousApplicationController.cs(480,34): warning CS8601: Possible null reference assignment. [C:\Users\HP\Downloads\Medical\Medical_Affiliation\Medical_Affiliation.csproj]
C:\Users\HP\Downloads\Medical\Medical_Affiliation\Controllers\Aff_AHS_ContinousApplicationController.cs(534,44): warning CS8601: Possible null reference assignment. [C:\Users\HP\Downloads\Medical\Medical_Affiliation\Medical_Affiliation.csproj]
C:\Users\HP\Downloads\Medical\Medical_Affiliation\Controllers\Aff_AHS_ContinousApplicationController.cs(557,34): warning CS8600: Converting null literal or possible null value to non-nullable type. [C:\Users\HP\Downloads\Medical\Medical_Affiliation\Medical_Affiliation.csproj]
C:\Users\HP\Downloads\Medical\Medical_Affiliation\Controllers\Aff_AHS_ContinousApplicationController.cs(558,34): warning CS8600: Converting null literal or possible null value to non-nullable type. [C:\Users\HP\Downloads\Medical\Medical_Affiliation\Medical_Affiliation.csproj]
C:\Users\HP\Downloads\Medical\Medical_Affiliation\Controllers\Aff_AHS_ContinousApplicationController.cs(564,50): warning CS8604: Possible null reference argument for parameter 'collegeCode' in 'Task Aff_AHS_ContinousApplicationController.RepopulateViewModel(CA_DepartmentLibraryDetailsViewModel model, string collegeCode, string facultyCode)'. [C:\Users\HP\Downloads\Medical\Medical_Affiliation\Medical_Affiliation.csproj]
C:\Users\HP\Downloads\Medical\Medical_Affiliation\Controllers\Aff_AHS_ContinousApplicationController.cs(564,63): warning CS8604: Possible null reference argument for parameter 'facultyCode' in 'Task Aff_AHS_ContinousApplicationController.RepopulateViewModel(CA_DepartmentLibraryDetailsViewModel model, string collegeCode, string facultyCode)'. [C:\Users\HP\Downloads\Medical\Medical_Affiliation\Medical_Affiliation.csproj]
C:\Users\HP\Downloads\Medical\Medical_Affiliation\Controllers\Aff_AHSController.cs(225,35): warning CS8601: Possible null reference assignment. [C:\Users\HP\Downloads\Medical\Medical_Affiliation\Medical_Affiliation.csproj]
C:\Users\HP\Downloads\Medical\Medical_Affiliation\Controllers\AffiliationSSController.cs(75,31): warning CS8714: The type 'string?' cannot be used as type parameter 'TKey' in the generic type or method 'Enumerable.ToDictionary<TSource, TKey>(IEnumerable<TSource>, Func<TSource, TKey>)'. Nullability of type argument 'string?' doesn't match 'notnull' constraint. [C:\Users\HP\Downloads\Medical\Medical_Affiliation\Medical_Affiliation.csproj]
C:\Users\HP\Downloads\Medical\Medical_Affiliation\Controllers\AffiliationSSController.cs(76,31): warning CS8621: Nullability of reference types in return type of 'lambda expression' doesn't match the target delegate 'Func<<anonymous type: string? CourseCode, string? CourseName, string? CourseLevel, int? SanctionedAdmissions, int? AdmittedAdmissions, string? YearOfStarting, string? Remarks>, string?>' (possibly because of nullability attributes). [C:\Users\HP\Downloads\Medical\Medical_Affiliation\Medical_Affiliation.csproj]
C:\Users\HP\Downloads\Medical\Medical_Affiliation\Controllers\AffiliationSSController.cs(78,30): warning CS8714: The type 'string?' cannot be used as type parameter 'TKey' in the generic type or method 'Enumerable.ToDictionary<TSource, TKey>(IEnumerable<TSource>, Func<TSource, TKey>)'. Nullability of type argument 'string?' doesn't match 'notnull' constraint. [C:\Users\HP\Downloads\Medical\Medical_Affiliation\Medical_Affiliation.csproj]
C:\Users\HP\Downloads\Medical\Medical_Affiliation\Controllers\AffiliationSSController.cs(79,31): warning CS8621: Nullability of reference types in return type of 'lambda expression' doesn't match the target delegate 'Func<<anonymous type: string? CourseCode, string? CourseName, int? ExistingIntake>, string?>' (possibly because of nullability attributes). [C:\Users\HP\Downloads\Medical\Medical_Affiliation\Medical_Affiliation.csproj]
C:\Users\HP\Downloads\Medical\Medical_Affiliation\Controllers\AffiliationSSController.cs(95,41): warning CS8604: Possible null reference argument for parameter 'key' in 'bool Dictionary<string, <anonymous type: string Code, string CourseName, string CourseLevel>>.ContainsKey(string key)'. [C:\Users\HP\Downloads\Medical\Medical_Affiliation\Medical_Affiliation.csproj]
C:\Users\HP\Downloads\Medical\Medical_Affiliation\Controllers\AffiliationSSController.cs(108,40): warning CS8604: Possible null reference argument for parameter 'key' in 'bool Dictionary<string, <anonymous type: string Code, string CourseName, string CourseLevel>>.TryGetValue(string key, out <anonymous type: string Code, string CourseName, string CourseLevel> value)'. [C:\Users\HP\Downloads\Medical\Medical_Affiliation\Medical_Affiliation.csproj]
C:\Users\HP\Downloads\Medical\Medical_Affiliation\Controllers\AffiliationSSController.cs(115,25): warning CS8601: Possible null reference assignment. [C:\Users\HP\Downloads\Medical\Medical_Affiliation\Medical_Affiliation.csproj]
C:\Users\HP\Downloads\Medical\Medical_Affiliation\Controllers\AffiliationSSController.cs(120,25): warning CS8601: Possible null reference assignment. [C:\Users\HP\Downloads\Medical\Medical_Affiliation\Medical_Affiliation.csproj]
C:\Users\HP\Downloads\Medical\Medical_Affiliation\Controllers\AffiliationSSController.cs(129,38): warning CS8601: Possible null reference assignment. [C:\Users\HP\Downloads\Medical\Medical_Affiliation\Medical_Affiliation.csproj]
C:\Users\HP\Downloads\Medical\Medical_Affiliation\Controllers\AffiliationSSController.cs(131,31): warning CS8601: Possible null reference assignment. [C:\Users\HP\Downloads\Medical\Medical_Affiliation\Medical_Affiliation.csproj]
C:\Users\HP\Downloads\Medical\Medical_Affiliation\Controllers\Aff_AHS_ContinousApplicationController.cs(624,44): warning CS8601: Possible null reference assignment. [C:\Users\HP\Downloads\Medical\Medical_Affiliation\Medical_Affiliation.csproj]
C:\Users\HP\Downloads\Medical\Medical_Affiliation\Controllers\AffiliationSSController.cs(246,39): warning CS8601: Possible null reference assignment. [C:\Users\HP\Downloads\Medical\Medical_Affiliation\Medical_Affiliation.csproj]
C:\Users\HP\Downloads\Medical\Medical_Affiliation\Controllers\Aff_AHSController.cs(348,32): warning CS8600: Converting null literal or possible null value to non-nullable type. [C:\Users\HP\Downloads\Medical\Medical_Affiliation\Medical_Affiliation.csproj]
C:\Users\HP\Downloads\Medical\Medical_Affiliation\Controllers\Aff_AHSController.cs(354,43): warning CS8600: Converting null literal or possible null value to non-nullable type. [C:\Users\HP\Downloads\Medical\Medical_Affiliation\Medical_Affiliation.csproj]
C:\Users\HP\Downloads\Medical\Medical_Affiliation\Controllers\Aff_AHSController.cs(355,41): warning CS8600: Converting null literal or possible null value to non-nullable type. [C:\Users\HP\Downloads\Medical\Medical_Affiliation\Medical_Affiliation.csproj]
C:\Users\HP\Downloads\Medical\Medical_Affiliation\Controllers\Aff_AHSController.cs(356,42): warning CS8600: Converting null literal or possible null value to non-nullable type. [C:\Users\HP\Downloads\Medical\Medical_Affiliation\Medical_Affiliation.csproj]
C:\Users\HP\Downloads\Medical\Medical_Affiliation\Controllers\Aff_AHSController.cs(357,41): warning CS8600: Converting null literal or possible null value to non-nullable type. [C:\Users\HP\Downloads\Medical\Medical_Affiliation\Medical_Affiliation.csproj]
C:\Users\HP\Downloads\Medical\Medical_Affiliation\Controllers\Aff_AHS_ContinousApplicationController.cs(878,34): warning CS8600: Converting null literal or possible null value to non-nullable type. [C:\Users\HP\Downloads\Medical\Medical_Affiliation\Medical_Affiliation.csproj]
C:\Users\HP\Downloads\Medical\Medical_Affiliation\Controllers\Aff_AHS_ContinousApplicationController.cs(879,34): warning CS8600: Converting null literal or possible null value to non-nullable type. [C:\Users\HP\Downloads\Medical\Medical_Affiliation\Medical_Affiliation.csproj]
C:\Users\HP\Downloads\Medical\Medical_Affiliation\Controllers\Aff_AHS_ContinousApplicationController.cs(930,34): warning CS8600: Converting null literal or possible null value to non-nullable type. [C:\Users\HP\Downloads\Medical\Medical_Affiliation\Medical_Affiliation.csproj]
C:\Users\HP\Downloads\Medical\Medical_Affiliation\Controllers\Aff_AHS_ContinousApplicationController.cs(931,34): warning CS8600: Converting null literal or possible null value to non-nullable type. [C:\Users\HP\Downloads\Medical\Medical_Affiliation\Medical_Affiliation.csproj]
C:\Users\HP\Downloads\Medical\Medical_Affiliation\Controllers\Aff_CA_Med_FinanceDetailsController.cs(154,39): warning CS8601: Possible null reference assignment. [C:\Users\HP\Downloads\Medical\Medical_Affiliation\Medical_Affiliation.csproj]
C:\Users\HP\Downloads\Medical\Medical_Affiliation\Controllers\Aff_CA_Med_FinanceDetailsController.cs(163,17): warning CS8602: Dereference of a possibly null reference. [C:\Users\HP\Downloads\Medical\Medical_Affiliation\Medical_Affiliation.csproj]
C:\Users\HP\Downloads\Medical\Medical_Affiliation\Controllers\Aff_CA_Med_FinanceDetailsController.cs(301,13): warning CS0162: Unreachable code detected [C:\Users\HP\Downloads\Medical\Medical_Affiliation\Medical_Affiliation.csproj]
C:\Users\HP\Downloads\Medical\Medical_Affiliation\Controllers\LIC_DirectorController.cs(458,26): warning CS8600: Converting null literal or possible null value to non-nullable type. [C:\Users\HP\Downloads\Medical\Medical_Affiliation\Medical_Affiliation.csproj]
C:\Users\HP\Downloads\Medical\Medical_Affiliation\Controllers\LIC_DirectorController.cs(459,27): warning CS8600: Converting null literal or possible null value to non-nullable type. [C:\Users\HP\Downloads\Medical\Medical_Affiliation\Medical_Affiliation.csproj]
C:\Users\HP\Downloads\Medical\Medical_Affiliation\Controllers\LIC_DirectorController.cs(465,43): warning CS8602: Dereference of a possibly null reference. [C:\Users\HP\Downloads\Medical\Medical_Affiliation\Medical_Affiliation.csproj]
C:\Users\HP\Downloads\Medical\Medical_Affiliation\Controllers\LIC_DirectorController.cs(468,29): warning CS8602: Dereference of a possibly null reference. [C:\Users\HP\Downloads\Medical\Medical_Affiliation\Medical_Affiliation.csproj]
C:\Users\HP\Downloads\Medical\Medical_Affiliation\Controllers\LIC_DirectorController.cs(469,29): warning CS8602: Dereference of a possibly null reference. [C:\Users\HP\Downloads\Medical\Medical_Affiliation\Medical_Affiliation.csproj]
C:\Users\HP\Downloads\Medical\Medical_Affiliation\Controllers\LIC_DirectorController.cs(473,29): warning CS8602: Dereference of a possibly null reference. [C:\Users\HP\Downloads\Medical\Medical_Affiliation\Medical_Affiliation.csproj]
C:\Users\HP\Downloads\Medical\Medical_Affiliation\Controllers\LIC_DirectorController.cs(474,29): warning CS8602: Dereference of a possibly null reference. [C:\Users\HP\Downloads\Medical\Medical_Affiliation\Medical_Affiliation.csproj]
C:\Users\HP\Downloads\Medical\Medical_Affiliation\Controllers\LIC_DirectorController.cs(476,30): warning CS8629: Nullable value type may be null. [C:\Users\HP\Downloads\Medical\Medical_Affiliation\Medical_Affiliation.csproj]
C:\Users\HP\Downloads\Medical\Medical_Affiliation\Controllers\LIC_DirectorController.cs(483,43): warning CS8600: Converting null literal or possible null value to non-nullable type. [C:\Users\HP\Downloads\Medical\Medical_Affiliation\Medical_Affiliation.csproj]
C:\Users\HP\Downloads\Medical\Medical_Affiliation\Controllers\LIC_DirectorController.cs(489,25): warning CS8602: Dereference of a possibly null reference. [C:\Users\HP\Downloads\Medical\Medical_Affiliation\Medical_Affiliation.csproj]
C:\Users\HP\Downloads\Medical\Medical_Affiliation\Controllers\LIC_DirectorController.cs(486,28): warning CS8600: Converting null literal or possible null value to non-nullable type. [C:\Users\HP\Downloads\Medical\Medical_Affiliation\Medical_Affiliation.csproj]
C:\Users\HP\Downloads\Medical\Medical_Affiliation\Controllers\LIC_DirectorController.cs(496,31): warning CS8601: Possible null reference assignment. [C:\Users\HP\Downloads\Medical\Medical_Affiliation\Medical_Affiliation.csproj]
C:\Users\HP\Downloads\Medical\Medical_Affiliation\Controllers\LIC_DirectorController.cs(498,32): warning CS8601: Possible null reference assignment. [C:\Users\HP\Downloads\Medical\Medical_Affiliation\Medical_Affiliation.csproj]
C:\Users\HP\Downloads\Medical\Medical_Affiliation\Controllers\LIC_DirectorController.cs(499,31): warning CS8601: Possible null reference assignment. [C:\Users\HP\Downloads\Medical\Medical_Affiliation\Medical_Affiliation.csproj]
C:\Users\HP\Downloads\Medical\Medical_Affiliation\Controllers\Aff_CA_Med_FinanceDetailsController.cs(370,59): warning CS8600: Converting null literal or possible null value to non-nullable type. [C:\Users\HP\Downloads\Medical\Medical_Affiliation\Medical_Affiliation.csproj]
C:\Users\HP\Downloads\Medical\Medical_Affiliation\Controllers\Aff_CA_MedicalLibraryController.cs(282,39): warning CS8601: Possible null reference assignment. [C:\Users\HP\Downloads\Medical\Medical_Affiliation\Medical_Affiliation.csproj]
C:\Users\HP\Downloads\Medical\Medical_Affiliation\Controllers\Aff_CA_MedicalLibraryController.cs(283,39): warning CS8601: Possible null reference assignment. [C:\Users\HP\Downloads\Medical\Medical_Affiliation\Medical_Affiliation.csproj]
C:\Users\HP\Downloads\Medical\Medical_Affiliation\Controllers\Aff_CA_MedicalLibraryController.cs(333,43): warning CS8601: Possible null reference assignment. [C:\Users\HP\Downloads\Medical\Medical_Affiliation\Medical_Affiliation.csproj]
C:\Users\HP\Downloads\Medical\Medical_Affiliation\Controllers\Aff_CA_MedicalLibraryController.cs(334,43): warning CS8601: Possible null reference assignment. [C:\Users\HP\Downloads\Medical\Medical_Affiliation\Medical_Affiliation.csproj]
C:\Users\HP\Downloads\Medical\Medical_Affiliation\Controllers\Aff_AHSController.cs(445,31): warning CS8601: Possible null reference assignment. [C:\Users\HP\Downloads\Medical\Medical_Affiliation\Medical_Affiliation.csproj]
C:\Users\HP\Downloads\Medical\Medical_Affiliation\Controllers\Aff_AHSController.cs(446,31): warning CS8601: Possible null reference assignment. [C:\Users\HP\Downloads\Medical\Medical_Affiliation\Medical_Affiliation.csproj]
C:\Users\HP\Downloads\Medical\Medical_Affiliation\Controllers\Aff_AHSController.cs(453,62): warning CS8603: Possible null reference return. [C:\Users\HP\Downloads\Medical\Medical_Affiliation\Medical_Affiliation.csproj]
C:\Users\HP\Downloads\Medical\Medical_Affiliation\Controllers\LIC_DirectorController.cs(569,50): warning CS8602: Dereference of a possibly null reference. [C:\Users\HP\Downloads\Medical\Medical_Affiliation\Medical_Affiliation.csproj]
C:\Users\HP\Downloads\Medical\Medical_Affiliation\Controllers\LIC_DirectorController.cs(575,42): warning CS8602: Dereference of a possibly null reference. [C:\Users\HP\Downloads\Medical\Medical_Affiliation\Medical_Affiliation.csproj]
C:\Users\HP\Downloads\Medical\Medical_Affiliation\Controllers\Aff_AHS_ContinousApplicationController.cs(1080,55): warning CS8604: Possible null reference argument for parameter 'input' in 'string Aff_AHS_ContinousApplicationController.NormalizeVehicle(string input)'. [C:\Users\HP\Downloads\Medical\Medical_Affiliation\Medical_Affiliation.csproj]
C:\Users\HP\Downloads\Medical\Medical_Affiliation\Controllers\Aff_AHS_ContinousApplicationController.cs(1118,38): warning CS8604: Possible null reference argument for parameter 'input' in 'string Aff_AHS_ContinousApplicationController.NormalizeVehicle(string input)'. [C:\Users\HP\Downloads\Medical\Medical_Affiliation\Medical_Affiliation.csproj]
C:\Users\HP\Downloads\Medical\Medical_Affiliation\Controllers\Aff_AHS_ContinousApplicationController.cs(1150,34): warning CS8601: Possible null reference assignment. [C:\Users\HP\Downloads\Medical\Medical_Affiliation\Medical_Affiliation.csproj]
C:\Users\HP\Downloads\Medical\Medical_Affiliation\Controllers\Aff_CA_MedicalLibraryController.cs(416,39): warning CS8601: Possible null reference assignment. [C:\Users\HP\Downloads\Medical\Medical_Affiliation\Medical_Affiliation.csproj]
C:\Users\HP\Downloads\Medical\Medical_Affiliation\Controllers\Aff_CA_MedicalLibraryController.cs(417,39): warning CS8601: Possible null reference assignment. [C:\Users\HP\Downloads\Medical\Medical_Affiliation\Medical_Affiliation.csproj]
C:\Users\HP\Downloads\Medical\Medical_Affiliation\Controllers\Aff_AHS_ContinousApplicationController.cs(1330,37): warning CS8601: Possible null reference assignment. [C:\Users\HP\Downloads\Medical\Medical_Affiliation\Medical_Affiliation.csproj]
C:\Users\HP\Downloads\Medical\Medical_Affiliation\Controllers\Aff_AHS_ContinousApplicationController.cs(1331,39): warning CS8601: Possible null reference assignment. [C:\Users\HP\Downloads\Medical\Medical_Affiliation\Medical_Affiliation.csproj]
C:\Users\HP\Downloads\Medical\Medical_Affiliation\Controllers\Aff_CA_MedicalLibraryController.cs(477,47): warning CS8601: Possible null reference assignment. [C:\Users\HP\Downloads\Medical\Medical_Affiliation\Medical_Affiliation.csproj]
C:\Users\HP\Downloads\Medical\Medical_Affiliation\Controllers\Aff_CA_MedicalLibraryController.cs(478,47): warning CS8601: Possible null reference assignment. [C:\Users\HP\Downloads\Medical\Medical_Affiliation\Medical_Affiliation.csproj]
C:\Users\HP\Downloads\Medical\Medical_Affiliation\Controllers\Aff_AHS_ContinousApplicationController.cs(1376,58): warning CS8603: Possible null reference return. [C:\Users\HP\Downloads\Medical\Medical_Affiliation\Medical_Affiliation.csproj]
C:\Users\HP\Downloads\Medical\Medical_Affiliation\Controllers\Aff_AHS_ContinousApplicationController.cs(1392,58): warning CS8603: Possible null reference return. [C:\Users\HP\Downloads\Medical\Medical_Affiliation\Medical_Affiliation.csproj]
C:\Users\HP\Downloads\Medical\Medical_Affiliation\Controllers\Aff_CA_MedicalLibraryController.cs(548,43): warning CS8601: Possible null reference assignment. [C:\Users\HP\Downloads\Medical\Medical_Affiliation\Medical_Affiliation.csproj]
C:\Users\HP\Downloads\Medical\Medical_Affiliation\Controllers\Aff_CA_MedicalLibraryController.cs(549,43): warning CS8601: Possible null reference assignment. [C:\Users\HP\Downloads\Medical\Medical_Affiliation\Medical_Affiliation.csproj]
C:\Users\HP\Downloads\Medical\Medical_Affiliation\Controllers\Aff_DentalController.cs(35,31): warning CS8601: Possible null reference assignment. [C:\Users\HP\Downloads\Medical\Medical_Affiliation\Medical_Affiliation.csproj]
C:\Users\HP\Downloads\Medical\Medical_Affiliation\Controllers\Aff_DentalController.cs(36,31): warning CS8601: Possible null reference assignment. [C:\Users\HP\Downloads\Medical\Medical_Affiliation\Medical_Affiliation.csproj]
C:\Users\HP\Downloads\Medical\Medical_Affiliation\Controllers\Aff_DentalController.cs(37,33): warning CS8601: Possible null reference assignment. [C:\Users\HP\Downloads\Medical\Medical_Affiliation\Medical_Affiliation.csproj]
C:\Users\HP\Downloads\Medical\Medical_Affiliation\Controllers\Aff_DentalController.cs(38,36): warning CS8601: Possible null reference assignment. [C:\Users\HP\Downloads\Medical\Medical_Affiliation\Medical_Affiliation.csproj]
C:\Users\HP\Downloads\Medical\Medical_Affiliation\Controllers\Aff_DentalController.cs(59,38): warning CS8601: Possible null reference assignment. [C:\Users\HP\Downloads\Medical\Medical_Affiliation\Medical_Affiliation.csproj]
C:\Users\HP\Downloads\Medical\Medical_Affiliation\Controllers\Aff_DentalController.cs(60,35): warning CS8601: Possible null reference assignment. [C:\Users\HP\Downloads\Medical\Medical_Affiliation\Medical_Affiliation.csproj]
C:\Users\HP\Downloads\Medical\Medical_Affiliation\Controllers\Aff_DentalController.cs(86,35): warning CS8601: Possible null reference assignment. [C:\Users\HP\Downloads\Medical\Medical_Affiliation\Medical_Affiliation.csproj]
C:\Users\HP\Downloads\Medical\Medical_Affiliation\Controllers\Aff_DentalController.cs(88,37): warning CS8601: Possible null reference assignment. [C:\Users\HP\Downloads\Medical\Medical_Affiliation\Medical_Affiliation.csproj]
C:\Users\HP\Downloads\Medical\Medical_Affiliation\Controllers\Aff_AHSController.cs(474,34): warning CS8600: Converting null literal or possible null value to non-nullable type. [C:\Users\HP\Downloads\Medical\Medical_Affiliation\Medical_Affiliation.csproj]
C:\Users\HP\Downloads\Medical\Medical_Affiliation\Controllers\Aff_AHSController.cs(475,34): warning CS8600: Converting null literal or possible null value to non-nullable type. [C:\Users\HP\Downloads\Medical\Medical_Affiliation\Medical_Affiliation.csproj]
C:\Users\HP\Downloads\Medical\Medical_Affiliation\Controllers\Aff_AHSController.cs(501,43): warning CS8601: Possible null reference assignment. [C:\Users\HP\Downloads\Medical\Medical_Affiliation\Medical_Affiliation.csproj]
C:\Users\HP\Downloads\Medical\Medical_Affiliation\Controllers\Aff_AHSController.cs(502,50): warning CS8601: Possible null reference assignment. [C:\Users\HP\Downloads\Medical\Medical_Affiliation\Medical_Affiliation.csproj]
C:\Users\HP\Downloads\Medical\Medical_Affiliation\Controllers\Aff_AHSController.cs(504,48): warning CS8601: Possible null reference assignment. [C:\Users\HP\Downloads\Medical\Medical_Affiliation\Medical_Affiliation.csproj]
C:\Users\HP\Downloads\Medical\Medical_Affiliation\Controllers\Aff_AHSController.cs(505,48): warning CS8601: Possible null reference assignment. [C:\Users\HP\Downloads\Medical\Medical_Affiliation\Medical_Affiliation.csproj]
C:\Users\HP\Downloads\Medical\Medical_Affiliation\Controllers\Aff_AHSController.cs(506,49): warning CS8601: Possible null reference assignment. [C:\Users\HP\Downloads\Medical\Medical_Affiliation\Medical_Affiliation.csproj]
C:\Users\HP\Downloads\Medical\Medical_Affiliation\Controllers\Aff_AHSController.cs(525,43): warning CS8601: Possible null reference assignment. [C:\Users\HP\Downloads\Medical\Medical_Affiliation\Medical_Affiliation.csproj]
C:\Users\HP\Downloads\Medical\Medical_Affiliation\Controllers\Aff_AHSController.cs(526,50): warning CS8601: Possible null reference assignment. [C:\Users\HP\Downloads\Medical\Medical_Affiliation\Medical_Affiliation.csproj]
C:\Users\HP\Downloads\Medical\Medical_Affiliation\Controllers\Aff_AHSController.cs(528,48): warning CS8601: Possible null reference assignment. [C:\Users\HP\Downloads\Medical\Medical_Affiliation\Medical_Affiliation.csproj]
C:\Users\HP\Downloads\Medical\Medical_Affiliation\Controllers\Aff_AHSController.cs(529,48): warning CS8601: Possible null reference assignment. [C:\Users\HP\Downloads\Medical\Medical_Affiliation\Medical_Affiliation.csproj]
C:\Users\HP\Downloads\Medical\Medical_Affiliation\Controllers\Aff_AHSController.cs(530,49): warning CS8601: Possible null reference assignment. [C:\Users\HP\Downloads\Medical\Medical_Affiliation\Medical_Affiliation.csproj]
C:\Users\HP\Downloads\Medical\Medical_Affiliation\Controllers\Aff_AHSController.cs(552,33): warning CS8714: The type 'string?' cannot be used as type parameter 'TKey' in the generic type or method 'Enumerable.ToDictionary<TSource, TKey, TElement>(IEnumerable<TSource>, Func<TSource, TKey>, Func<TSource, TElement>)'. Nullability of type argument 'string?' doesn't match 'notnull' constraint. [C:\Users\HP\Downloads\Medical\Medical_Affiliation\Medical_Affiliation.csproj]
C:\Users\HP\Downloads\Medical\Medical_Affiliation\Controllers\Aff_AHSController.cs(554,31): warning CS8621: Nullability of reference types in return type of 'lambda expression' doesn't match the target delegate 'Func<CollegeCourseIntakeDetail, string?>' (possibly because of nullability attributes). [C:\Users\HP\Downloads\Medical\Medical_Affiliation\Medical_Affiliation.csproj]
C:\Users\HP\Downloads\Medical\Medical_Affiliation\Controllers\Aff_AHSController.cs(556,33): warning CS8714: The type 'string?' cannot be used as type parameter 'TKey' in the generic type or method 'Enumerable.ToDictionary<TSource, TKey, TElement>(IEnumerable<TSource>, Func<TSource, TKey>, Func<TSource, TElement>)'. Nullability of type argument 'string?' doesn't match 'notnull' constraint. [C:\Users\HP\Downloads\Medical\Medical_Affiliation\Medical_Affiliation.csproj]
C:\Users\HP\Downloads\Medical\Medical_Affiliation\Controllers\Aff_AHSController.cs(558,31): warning CS8621: Nullability of reference types in return type of 'lambda expression' doesn't match the target delegate 'Func<CollegeCourseIntakeDetail, string?>' (possibly because of nullability attributes). [C:\Users\HP\Downloads\Medical\Medical_Affiliation\Medical_Affiliation.csproj]
C:\Users\HP\Downloads\Medical\Medical_Affiliation\Controllers\AffiliationSSController.cs(302,42): warning CS8601: Possible null reference assignment. [C:\Users\HP\Downloads\Medical\Medical_Affiliation\Medical_Affiliation.csproj]
C:\Users\HP\Downloads\Medical\Medical_Affiliation\Controllers\AffiliationSSController.cs(304,43): warning CS8601: Possible null reference assignment. [C:\Users\HP\Downloads\Medical\Medical_Affiliation\Medical_Affiliation.csproj]
C:\Users\HP\Downloads\Medical\Medical_Affiliation\Controllers\AffiliationSSController.cs(309,53): warning CS8601: Possible null reference assignment. [C:\Users\HP\Downloads\Medical\Medical_Affiliation\Medical_Affiliation.csproj]
C:\Users\HP\Downloads\Medical\Medical_Affiliation\Controllers\AffiliationSSController.cs(312,53): warning CS8601: Possible null reference assignment. [C:\Users\HP\Downloads\Medical\Medical_Affiliation\Medical_Affiliation.csproj]
C:\Users\HP\Downloads\Medical\Medical_Affiliation\Controllers\Aff_NaturopathyController.cs(35,31): warning CS8601: Possible null reference assignment. [C:\Users\HP\Downloads\Medical\Medical_Affiliation\Medical_Affiliation.csproj]
C:\Users\HP\Downloads\Medical\Medical_Affiliation\Controllers\Aff_NaturopathyController.cs(36,31): warning CS8601: Possible null reference assignment. [C:\Users\HP\Downloads\Medical\Medical_Affiliation\Medical_Affiliation.csproj]
C:\Users\HP\Downloads\Medical\Medical_Affiliation\Controllers\Aff_NaturopathyController.cs(37,33): warning CS8601: Possible null reference assignment. [C:\Users\HP\Downloads\Medical\Medical_Affiliation\Medical_Affiliation.csproj]
C:\Users\HP\Downloads\Medical\Medical_Affiliation\Controllers\Aff_NaturopathyController.cs(38,36): warning CS8601: Possible null reference assignment. [C:\Users\HP\Downloads\Medical\Medical_Affiliation\Medical_Affiliation.csproj]
C:\Users\HP\Downloads\Medical\Medical_Affiliation\Controllers\Aff_NaturopathyController.cs(59,38): warning CS8601: Possible null reference assignment. [C:\Users\HP\Downloads\Medical\Medical_Affiliation\Medical_Affiliation.csproj]
C:\Users\HP\Downloads\Medical\Medical_Affiliation\Controllers\Aff_NaturopathyController.cs(60,35): warning CS8601: Possible null reference assignment. [C:\Users\HP\Downloads\Medical\Medical_Affiliation\Medical_Affiliation.csproj]
C:\Users\HP\Downloads\Medical\Medical_Affiliation\Controllers\Aff_NaturopathyController.cs(86,35): warning CS8601: Possible null reference assignment. [C:\Users\HP\Downloads\Medical\Medical_Affiliation\Medical_Affiliation.csproj]
C:\Users\HP\Downloads\Medical\Medical_Affiliation\Controllers\Aff_NaturopathyController.cs(88,37): warning CS8601: Possible null reference assignment. [C:\Users\HP\Downloads\Medical\Medical_Affiliation\Medical_Affiliation.csproj]
C:\Users\HP\Downloads\Medical\Medical_Affiliation\Controllers\Aff_CA_MedicalLibraryController.cs(608,43): warning CS8601: Possible null reference assignment. [C:\Users\HP\Downloads\Medical\Medical_Affiliation\Medical_Affiliation.csproj]
C:\Users\HP\Downloads\Medical\Medical_Affiliation\Controllers\Aff_CA_MedicalLibraryController.cs(609,43): warning CS8601: Possible null reference assignment. [C:\Users\HP\Downloads\Medical\Medical_Affiliation\Medical_Affiliation.csproj]
C:\Users\HP\Downloads\Medical\Medical_Affiliation\Controllers\Aff_CA_SS_CoursesAppliedSSController.cs(232,43): warning CS8604: Possible null reference argument for parameter 'item' in 'bool List<string>.Contains(string item)'. [C:\Users\HP\Downloads\Medical\Medical_Affiliation\Medical_Affiliation.csproj]
C:\Users\HP\Downloads\Medical\Medical_Affiliation\Controllers\Aff_CA_SS_CoursesAppliedSSController.cs(258,43): warning CS8604: Possible null reference argument for parameter 'item' in 'bool List<string>.Contains(string item)'. [C:\Users\HP\Downloads\Medical\Medical_Affiliation\Medical_Affiliation.csproj]
C:\Users\HP\Downloads\Medical\Medical_Affiliation\Controllers\Aff_CA_SS_CoursesAppliedSSController.cs(293,43): warning CS8604: Possible null reference argument for parameter 'item' in 'bool List<string>.Contains(string item)'. [C:\Users\HP\Downloads\Medical\Medical_Affiliation\Medical_Affiliation.csproj]
C:\Users\HP\Downloads\Medical\Medical_Affiliation\Controllers\Aff_CA_SS_CoursesAppliedSSController.cs(319,43): warning CS8604: Possible null reference argument for parameter 'item' in 'bool List<string>.Contains(string item)'. [C:\Users\HP\Downloads\Medical\Medical_Affiliation\Medical_Affiliation.csproj]
C:\Users\HP\Downloads\Medical\Medical_Affiliation\Controllers\Aff_CA_SS_CoursesAppliedSSController.cs(355,43): warning CS8604: Possible null reference argument for parameter 'item' in 'bool List<string>.Contains(string item)'. [C:\Users\HP\Downloads\Medical\Medical_Affiliation\Medical_Affiliation.csproj]
C:\Users\HP\Downloads\Medical\Medical_Affiliation\Controllers\Aff_DentalController.cs(219,35): warning CS8601: Possible null reference assignment. [C:\Users\HP\Downloads\Medical\Medical_Affiliation\Medical_Affiliation.csproj]
C:\Users\HP\Downloads\Medical\Medical_Affiliation\Controllers\Aff_HomeopathyController.cs(35,31): warning CS8601: Possible null reference assignment. [C:\Users\HP\Downloads\Medical\Medical_Affiliation\Medical_Affiliation.csproj]
C:\Users\HP\Downloads\Medical\Medical_Affiliation\Controllers\Aff_HomeopathyController.cs(36,31): warning CS8601: Possible null reference assignment. [C:\Users\HP\Downloads\Medical\Medical_Affiliation\Medical_Affiliation.csproj]
C:\Users\HP\Downloads\Medical\Medical_Affiliation\Controllers\Aff_HomeopathyController.cs(37,33): warning CS8601: Possible null reference assignment. [C:\Users\HP\Downloads\Medical\Medical_Affiliation\Medical_Affiliation.csproj]
C:\Users\HP\Downloads\Medical\Medical_Affiliation\Controllers\Aff_HomeopathyController.cs(38,36): warning CS8601: Possible null reference assignment. [C:\Users\HP\Downloads\Medical\Medical_Affiliation\Medical_Affiliation.csproj]
C:\Users\HP\Downloads\Medical\Medical_Affiliation\Controllers\Aff_HomeopathyController.cs(59,38): warning CS8601: Possible null reference assignment. [C:\Users\HP\Downloads\Medical\Medical_Affiliation\Medical_Affiliation.csproj]
C:\Users\HP\Downloads\Medical\Medical_Affiliation\Controllers\Aff_HomeopathyController.cs(60,35): warning CS8601: Possible null reference assignment. [C:\Users\HP\Downloads\Medical\Medical_Affiliation\Medical_Affiliation.csproj]
C:\Users\HP\Downloads\Medical\Medical_Affiliation\Controllers\Aff_HomeopathyController.cs(86,35): warning CS8601: Possible null reference assignment. [C:\Users\HP\Downloads\Medical\Medical_Affiliation\Medical_Affiliation.csproj]
C:\Users\HP\Downloads\Medical\Medical_Affiliation\Controllers\Aff_HomeopathyController.cs(88,37): warning CS8601: Possible null reference assignment. [C:\Users\HP\Downloads\Medical\Medical_Affiliation\Medical_Affiliation.csproj]
C:\Users\HP\Downloads\Medical\Medical_Affiliation\Controllers\Aff_CA_SS_CoursesAppliedSSController.cs(551,52): warning CS8604: Possible null reference argument for parameter 'collegeCode' in 'Task Aff_CA_SS_CoursesAppliedSSController.PopulateFullViewModel(CA_SS_FullViewVM vm, string collegeCode)'. [C:\Users\HP\Downloads\Medical\Medical_Affiliation\Medical_Affiliation.csproj]
C:\Users\HP\Downloads\Medical\Medical_Affiliation\Controllers\Aff_AHSController.cs(567,34): warning CS8600: Converting null literal or possible null value to non-nullable type. [C:\Users\HP\Downloads\Medical\Medical_Affiliation\Medical_Affiliation.csproj]
C:\Users\HP\Downloads\Medical\Medical_Affiliation\Controllers\Aff_AHSController.cs(568,34): warning CS8600: Converting null literal or possible null value to non-nullable type. [C:\Users\HP\Downloads\Medical\Medical_Affiliation\Medical_Affiliation.csproj]
C:\Users\HP\Downloads\Medical\Medical_Affiliation\Controllers\Aff_AHSController.cs(707,31): warning CS8600: Converting null literal or possible null value to non-nullable type. [C:\Users\HP\Downloads\Medical\Medical_Affiliation\Medical_Affiliation.csproj]
C:\Users\HP\Downloads\Medical\Medical_Affiliation\Controllers\Aff_NaturopathyController.cs(219,35): warning CS8601: Possible null reference assignment. [C:\Users\HP\Downloads\Medical\Medical_Affiliation\Medical_Affiliation.csproj]
C:\Users\HP\Downloads\Medical\Medical_Affiliation\Controllers\Aff_CA_SS_CoursesAppliedSSController.cs(654,41): warning CS8601: Possible null reference assignment. [C:\Users\HP\Downloads\Medical\Medical_Affiliation\Medical_Affiliation.csproj]
C:\Users\HP\Downloads\Medical\Medical_Affiliation\Controllers\Aff_CA_SS_CoursesAppliedSSController.cs(666,22): warning CS8629: Nullable value type may be null. [C:\Users\HP\Downloads\Medical\Medical_Affiliation\Medical_Affiliation.csproj]
C:\Users\HP\Downloads\Medical\Medical_Affiliation\Controllers\Aff_CA_SS_CoursesAppliedSSController.cs(679,52): warning CS8604: Possible null reference argument for parameter 'collegeCode' in 'Task Aff_CA_SS_CoursesAppliedSSController.PopulateFullViewModel(CA_SS_FullViewVM vm, string collegeCode)'. [C:\Users\HP\Downloads\Medical\Medical_Affiliation\Medical_Affiliation.csproj]
C:\Users\HP\Downloads\Medical\Medical_Affiliation\Controllers\AffiliationSSController.cs(348,35): warning CS8601: Possible null reference assignment. [C:\Users\HP\Downloads\Medical\Medical_Affiliation\Medical_Affiliation.csproj]
C:\Users\HP\Downloads\Medical\Medical_Affiliation\Controllers\Aff_DentalController.cs(366,32): warning CS8600: Converting null literal or possible null value to non-nullable type. [C:\Users\HP\Downloads\Medical\Medical_Affiliation\Medical_Affiliation.csproj]
C:\Users\HP\Downloads\Medical\Medical_Affiliation\Controllers\Aff_DentalController.cs(372,43): warning CS8600: Converting null literal or possible null value to non-nullable type. [C:\Users\HP\Downloads\Medical\Medical_Affiliation\Medical_Affiliation.csproj]
C:\Users\HP\Downloads\Medical\Medical_Affiliation\Controllers\Aff_DentalController.cs(373,43): warning CS8600: Converting null literal or possible null value to non-nullable type. [C:\Users\HP\Downloads\Medical\Medical_Affiliation\Medical_Affiliation.csproj]
C:\Users\HP\Downloads\Medical\Medical_Affiliation\Controllers\Aff_DentalController.cs(374,41): warning CS8600: Converting null literal or possible null value to non-nullable type. [C:\Users\HP\Downloads\Medical\Medical_Affiliation\Medical_Affiliation.csproj]
C:\Users\HP\Downloads\Medical\Medical_Affiliation\Controllers\Aff_HomeopathyController.cs(219,35): warning CS8601: Possible null reference assignment. [C:\Users\HP\Downloads\Medical\Medical_Affiliation\Medical_Affiliation.csproj]
C:\Users\HP\Downloads\Medical\Medical_Affiliation\Controllers\Aff_NursingController.cs(40,31): warning CS8601: Possible null reference assignment. [C:\Users\HP\Downloads\Medical\Medical_Affiliation\Medical_Affiliation.csproj]
C:\Users\HP\Downloads\Medical\Medical_Affiliation\Controllers\Aff_NursingController.cs(41,31): warning CS8601: Possible null reference assignment. [C:\Users\HP\Downloads\Medical\Medical_Affiliation\Medical_Affiliation.csproj]
C:\Users\HP\Downloads\Medical\Medical_Affiliation\Controllers\Aff_NursingController.cs(42,33): warning CS8601: Possible null reference assignment. [C:\Users\HP\Downloads\Medical\Medical_Affiliation\Medical_Affiliation.csproj]
C:\Users\HP\Downloads\Medical\Medical_Affiliation\Controllers\Aff_NursingController.cs(43,36): warning CS8601: Possible null reference assignment. [C:\Users\HP\Downloads\Medical\Medical_Affiliation\Medical_Affiliation.csproj]
C:\Users\HP\Downloads\Medical\Medical_Affiliation\Controllers\Aff_NursingController.cs(64,38): warning CS8601: Possible null reference assignment. [C:\Users\HP\Downloads\Medical\Medical_Affiliation\Medical_Affiliation.csproj]
C:\Users\HP\Downloads\Medical\Medical_Affiliation\Controllers\Aff_NursingController.cs(65,35): warning CS8601: Possible null reference assignment. [C:\Users\HP\Downloads\Medical\Medical_Affiliation\Medical_Affiliation.csproj]
C:\Users\HP\Downloads\Medical\Medical_Affiliation\Controllers\Aff_NursingController.cs(91,35): warning CS8601: Possible null reference assignment. [C:\Users\HP\Downloads\Medical\Medical_Affiliation\Medical_Affiliation.csproj]
C:\Users\HP\Downloads\Medical\Medical_Affiliation\Controllers\Aff_NursingController.cs(93,37): warning CS8601: Possible null reference assignment. [C:\Users\HP\Downloads\Medical\Medical_Affiliation\Medical_Affiliation.csproj]
C:\Users\HP\Downloads\Medical\Medical_Affiliation\Controllers\Aff_NaturopathyController.cs(366,32): warning CS8600: Converting null literal or possible null value to non-nullable type. [C:\Users\HP\Downloads\Medical\Medical_Affiliation\Medical_Affiliation.csproj]
C:\Users\HP\Downloads\Medical\Medical_Affiliation\Controllers\Aff_NaturopathyController.cs(372,43): warning CS8600: Converting null literal or possible null value to non-nullable type. [C:\Users\HP\Downloads\Medical\Medical_Affiliation\Medical_Affiliation.csproj]
C:\Users\HP\Downloads\Medical\Medical_Affiliation\Controllers\Aff_NaturopathyController.cs(373,43): warning CS8600: Converting null literal or possible null value to non-nullable type. [C:\Users\HP\Downloads\Medical\Medical_Affiliation\Medical_Affiliation.csproj]
C:\Users\HP\Downloads\Medical\Medical_Affiliation\Controllers\Aff_NaturopathyController.cs(374,41): warning CS8600: Converting null literal or possible null value to non-nullable type. [C:\Users\HP\Downloads\Medical\Medical_Affiliation\Medical_Affiliation.csproj]
C:\Users\HP\Downloads\Medical\Medical_Affiliation\Controllers\Aff_CA_SS_CoursesAppliedSSController.cs(769,39): warning CS8601: Possible null reference assignment. [C:\Users\HP\Downloads\Medical\Medical_Affiliation\Medical_Affiliation.csproj]
C:\Users\HP\Downloads\Medical\Medical_Affiliation\Controllers\Aff_CA_SS_CoursesAppliedSSController.cs(780,43): warning CS8629: Nullable value type may be null. [C:\Users\HP\Downloads\Medical\Medical_Affiliation\Medical_Affiliation.csproj]
C:\Users\HP\Downloads\Medical\Medical_Affiliation\Controllers\Aff_CA_SS_CoursesAppliedSSController.cs(783,43): warning CS8629: Nullable value type may be null. [C:\Users\HP\Downloads\Medical\Medical_Affiliation\Medical_Affiliation.csproj]
C:\Users\HP\Downloads\Medical\Medical_Affiliation\Controllers\Aff_AHSController.cs(863,45): warning CS8600: Converting null literal or possible null value to non-nullable type. [C:\Users\HP\Downloads\Medical\Medical_Affiliation\Medical_Affiliation.csproj]
C:\Users\HP\Downloads\Medical\Medical_Affiliation\Controllers\Aff_AHSController.cs(864,48): warning CS8600: Converting null literal or possible null value to non-nullable type. [C:\Users\HP\Downloads\Medical\Medical_Affiliation\Medical_Affiliation.csproj]
C:\Users\HP\Downloads\Medical\Medical_Affiliation\Controllers\Aff_AHSController.cs(865,44): warning CS8600: Converting null literal or possible null value to non-nullable type. [C:\Users\HP\Downloads\Medical\Medical_Affiliation\Medical_Affiliation.csproj]
C:\Users\HP\Downloads\Medical\Medical_Affiliation\Controllers\Aff_AHSController.cs(866,35): warning CS8600: Converting null literal or possible null value to non-nullable type. [C:\Users\HP\Downloads\Medical\Medical_Affiliation\Medical_Affiliation.csproj]
C:\Users\HP\Downloads\Medical\Medical_Affiliation\Controllers\Aff_AHSController.cs(867,40): warning CS8600: Converting null literal or possible null value to non-nullable type. [C:\Users\HP\Downloads\Medical\Medical_Affiliation\Medical_Affiliation.csproj]
C:\Users\HP\Downloads\Medical\Medical_Affiliation\Controllers\Aff_AHSController.cs(868,36): warning CS8600: Converting null literal or possible null value to non-nullable type. [C:\Users\HP\Downloads\Medical\Medical_Affiliation\Medical_Affiliation.csproj]
C:\Users\HP\Downloads\Medical\Medical_Affiliation\Controllers\Aff_AHSController.cs(953,32): warning CS8600: Converting null literal or possible null value to non-nullable type. [C:\Users\HP\Downloads\Medical\Medical_Affiliation\Medical_Affiliation.csproj]
C:\Users\HP\Downloads\Medical\Medical_Affiliation\Controllers\Aff_AHSController.cs(960,33): warning CS8600: Converting null literal or possible null value to non-nullable type. [C:\Users\HP\Downloads\Medical\Medical_Affiliation\Medical_Affiliation.csproj]
C:\Users\HP\Downloads\Medical\Medical_Affiliation\Controllers\Aff_AHSController.cs(965,33): warning CS8600: Converting null literal or possible null value to non-nullable type. [C:\Users\HP\Downloads\Medical\Medical_Affiliation\Medical_Affiliation.csproj]
C:\Users\HP\Downloads\Medical\Medical_Affiliation\Controllers\Aff_AHSController.cs(970,33): warning CS8600: Converting null literal or possible null value to non-nullable type. [C:\Users\HP\Downloads\Medical\Medical_Affiliation\Medical_Affiliation.csproj]
C:\Users\HP\Downloads\Medical\Medical_Affiliation\Controllers\Aff_AHSController.cs(975,33): warning CS8600: Converting null literal or possible null value to non-nullable type. [C:\Users\HP\Downloads\Medical\Medical_Affiliation\Medical_Affiliation.csproj]
C:\Users\HP\Downloads\Medical\Medical_Affiliation\Controllers\Aff_CA_MedicalLibraryController.cs(816,35): warning CS8601: Possible null reference assignment. [C:\Users\HP\Downloads\Medical\Medical_Affiliation\Medical_Affiliation.csproj]
C:\Users\HP\Downloads\Medical\Medical_Affiliation\Controllers\Aff_CA_MedicalLibraryController.cs(817,35): warning CS8601: Possible null reference assignment. [C:\Users\HP\Downloads\Medical\Medical_Affiliation\Medical_Affiliation.csproj]
C:\Users\HP\Downloads\Medical\Medical_Affiliation\Controllers\Aff_HomeopathyController.cs(366,32): warning CS8600: Converting null literal or possible null value to non-nullable type. [C:\Users\HP\Downloads\Medical\Medical_Affiliation\Medical_Affiliation.csproj]
C:\Users\HP\Downloads\Medical\Medical_Affiliation\Controllers\Aff_HomeopathyController.cs(372,43): warning CS8600: Converting null literal or possible null value to non-nullable type. [C:\Users\HP\Downloads\Medical\Medical_Affiliation\Medical_Affiliation.csproj]
C:\Users\HP\Downloads\Medical\Medical_Affiliation\Controllers\Aff_HomeopathyController.cs(373,43): warning CS8600: Converting null literal or possible null value to non-nullable type. [C:\Users\HP\Downloads\Medical\Medical_Affiliation\Medical_Affiliation.csproj]
C:\Users\HP\Downloads\Medical\Medical_Affiliation\Controllers\Aff_HomeopathyController.cs(374,41): warning CS8600: Converting null literal or possible null value to non-nullable type. [C:\Users\HP\Downloads\Medical\Medical_Affiliation\Medical_Affiliation.csproj]
C:\Users\HP\Downloads\Medical\Medical_Affiliation\Controllers\Aff_AHSController.cs(1081,32): warning CS8600: Converting null literal or possible null value to non-nullable type. [C:\Users\HP\Downloads\Medical\Medical_Affiliation\Medical_Affiliation.csproj]
C:\Users\HP\Downloads\Medical\Medical_Affiliation\Controllers\Aff_AHSController.cs(1087,41): warning CS8600: Converting null literal or possible null value to non-nullable type. [C:\Users\HP\Downloads\Medical\Medical_Affiliation\Medical_Affiliation.csproj]
C:\Users\HP\Downloads\Medical\Medical_Affiliation\Controllers\Aff_AHSController.cs(1088,43): warning CS8600: Converting null literal or possible null value to non-nullable type. [C:\Users\HP\Downloads\Medical\Medical_Affiliation\Medical_Affiliation.csproj]
C:\Users\HP\Downloads\Medical\Medical_Affiliation\Controllers\Aff_AHSController.cs(1089,46): warning CS8600: Converting null literal or possible null value to non-nullable type. [C:\Users\HP\Downloads\Medical\Medical_Affiliation\Medical_Affiliation.csproj]
C:\Users\HP\Downloads\Medical\Medical_Affiliation\Controllers\Aff_AHSController.cs(1090,47): warning CS8600: Converting null literal or possible null value to non-nullable type. [C:\Users\HP\Downloads\Medical\Medical_Affiliation\Medical_Affiliation.csproj]
C:\Users\HP\Downloads\Medical\Medical_Affiliation\Controllers\Aff_AHSController.cs(1091,42): warning CS8600: Converting null literal or possible null value to non-nullable type. [C:\Users\HP\Downloads\Medical\Medical_Affiliation\Medical_Affiliation.csproj]
C:\Users\HP\Downloads\Medical\Medical_Affiliation\Controllers\Aff_AHSController.cs(1092,42): warning CS8600: Converting null literal or possible null value to non-nullable type. [C:\Users\HP\Downloads\Medical\Medical_Affiliation\Medical_Affiliation.csproj]
C:\Users\HP\Downloads\Medical\Medical_Affiliation\Controllers\Aff_NursingController.cs(224,35): warning CS8601: Possible null reference assignment. [C:\Users\HP\Downloads\Medical\Medical_Affiliation\Medical_Affiliation.csproj]
C:\Users\HP\Downloads\Medical\Medical_Affiliation\Controllers\Aff_DentalController.cs(508,32): warning CS8600: Converting null literal or possible null value to non-nullable type. [C:\Users\HP\Downloads\Medical\Medical_Affiliation\Medical_Affiliation.csproj]
C:\Users\HP\Downloads\Medical\Medical_Affiliation\Controllers\Aff_DentalController.cs(515,33): warning CS8600: Converting null literal or possible null value to non-nullable type. [C:\Users\HP\Downloads\Medical\Medical_Affiliation\Medical_Affiliation.csproj]
C:\Users\HP\Downloads\Medical\Medical_Affiliation\Controllers\Aff_DentalController.cs(519,33): warning CS8600: Converting null literal or possible null value to non-nullable type. [C:\Users\HP\Downloads\Medical\Medical_Affiliation\Medical_Affiliation.csproj]
C:\Users\HP\Downloads\Medical\Medical_Affiliation\Controllers\Aff_DentalController.cs(523,33): warning CS8600: Converting null literal or possible null value to non-nullable type. [C:\Users\HP\Downloads\Medical\Medical_Affiliation\Medical_Affiliation.csproj]
C:\Users\HP\Downloads\Medical\Medical_Affiliation\Controllers\Aff_DentalController.cs(527,33): warning CS8600: Converting null literal or possible null value to non-nullable type. [C:\Users\HP\Downloads\Medical\Medical_Affiliation\Medical_Affiliation.csproj]
C:\Users\HP\Downloads\Medical\Medical_Affiliation\Controllers\Aff_DentalController.cs(531,33): warning CS8600: Converting null literal or possible null value to non-nullable type. [C:\Users\HP\Downloads\Medical\Medical_Affiliation\Medical_Affiliation.csproj]
C:\Users\HP\Downloads\Medical\Medical_Affiliation\Controllers\Aff_DentalController.cs(535,33): warning CS8600: Converting null literal or possible null value to non-nullable type. [C:\Users\HP\Downloads\Medical\Medical_Affiliation\Medical_Affiliation.csproj]
C:\Users\HP\Downloads\Medical\Medical_Affiliation\Controllers\Aff_DentalController.cs(539,33): warning CS8600: Converting null literal or possible null value to non-nullable type. [C:\Users\HP\Downloads\Medical\Medical_Affiliation\Medical_Affiliation.csproj]
C:\Users\HP\Downloads\Medical\Medical_Affiliation\Controllers\Aff_DentalController.cs(543,33): warning CS8600: Converting null literal or possible null value to non-nullable type. [C:\Users\HP\Downloads\Medical\Medical_Affiliation\Medical_Affiliation.csproj]
C:\Users\HP\Downloads\Medical\Medical_Affiliation\Controllers\Aff_DentalController.cs(547,33): warning CS8600: Converting null literal or possible null value to non-nullable type. [C:\Users\HP\Downloads\Medical\Medical_Affiliation\Medical_Affiliation.csproj]
C:\Users\HP\Downloads\Medical\Medical_Affiliation\Controllers\Aff_CA_SS_CoursesAppliedSSController.cs(902,35): warning CS8600: Converting null literal or possible null value to non-nullable type. [C:\Users\HP\Downloads\Medical\Medical_Affiliation\Medical_Affiliation.csproj]
C:\Users\HP\Downloads\Medical\Medical_Affiliation\Controllers\Aff_CA_SS_CoursesAppliedSSController.cs(903,35): warning CS8600: Converting null literal or possible null value to non-nullable type. [C:\Users\HP\Downloads\Medical\Medical_Affiliation\Medical_Affiliation.csproj]
C:\Users\HP\Downloads\Medical\Medical_Affiliation\Controllers\Aff_CA_SS_CoursesAppliedSSController.cs(905,34): warning CS8604: Possible null reference argument for parameter 'file' in 'bool Aff_CA_SS_CoursesAppliedSSController.FileTooLarge(IFormFile file)'. [C:\Users\HP\Downloads\Medical\Medical_Affiliation\Medical_Affiliation.csproj]
C:\Users\HP\Downloads\Medical\Medical_Affiliation\Controllers\Aff_CA_SS_CoursesAppliedSSController.cs(918,29): warning CS8604: Possible null reference argument for parameter 'facultyCode' in 'Task<string?> Aff_CA_SS_CoursesAppliedSSController.SaveSSFileAsync(IFormFile? file, string folder, string facultyCode)'. [C:\Users\HP\Downloads\Medical\Medical_Affiliation\Medical_Affiliation.csproj]
C:\Users\HP\Downloads\Medical\Medical_Affiliation\Controllers\Aff_CA_SS_CoursesAppliedSSController.cs(920,32): warning CS8600: Converting null literal or possible null value to non-nullable type. [C:\Users\HP\Downloads\Medical\Medical_Affiliation\Medical_Affiliation.csproj]
C:\Users\HP\Downloads\Medical\Medical_Affiliation\Controllers\Aff_CA_SS_CoursesAppliedSSController.cs(936,41): warning CS8601: Possible null reference assignment. [C:\Users\HP\Downloads\Medical\Medical_Affiliation\Medical_Affiliation.csproj]
C:\Users\HP\Downloads\Medical\Medical_Affiliation\Controllers\Aff_NaturopathyController.cs(461,31): warning CS8601: Possible null reference assignment. [C:\Users\HP\Downloads\Medical\Medical_Affiliation\Medical_Affiliation.csproj]
C:\Users\HP\Downloads\Medical\Medical_Affiliation\Controllers\Aff_NaturopathyController.cs(462,31): warning CS8601: Possible null reference assignment. [C:\Users\HP\Downloads\Medical\Medical_Affiliation\Medical_Affiliation.csproj]
C:\Users\HP\Downloads\Medical\Medical_Affiliation\Controllers\Aff_NaturopathyController.cs(469,62): warning CS8603: Possible null reference return. [C:\Users\HP\Downloads\Medical\Medical_Affiliation\Medical_Affiliation.csproj]
C:\Users\HP\Downloads\Medical\Medical_Affiliation\Controllers\Aff_PharmacyController.cs(35,31): warning CS8601: Possible null reference assignment. [C:\Users\HP\Downloads\Medical\Medical_Affiliation\Medical_Affiliation.csproj]
C:\Users\HP\Downloads\Medical\Medical_Affiliation\Controllers\Aff_PharmacyController.cs(36,31): warning CS8601: Possible null reference assignment. [C:\Users\HP\Downloads\Medical\Medical_Affiliation\Medical_Affiliation.csproj]
C:\Users\HP\Downloads\Medical\Medical_Affiliation\Controllers\Aff_PharmacyController.cs(37,33): warning CS8601: Possible null reference assignment. [C:\Users\HP\Downloads\Medical\Medical_Affiliation\Medical_Affiliation.csproj]
C:\Users\HP\Downloads\Medical\Medical_Affiliation\Controllers\Aff_PharmacyController.cs(38,36): warning CS8601: Possible null reference assignment. [C:\Users\HP\Downloads\Medical\Medical_Affiliation\Medical_Affiliation.csproj]
C:\Users\HP\Downloads\Medical\Medical_Affiliation\Controllers\Aff_PharmacyController.cs(59,38): warning CS8601: Possible null reference assignment. [C:\Users\HP\Downloads\Medical\Medical_Affiliation\Medical_Affiliation.csproj]
C:\Users\HP\Downloads\Medical\Medical_Affiliation\Controllers\Aff_PharmacyController.cs(60,35): warning CS8601: Possible null reference assignment. [C:\Users\HP\Downloads\Medical\Medical_Affiliation\Medical_Affiliation.csproj]
C:\Users\HP\Downloads\Medical\Medical_Affiliation\Controllers\Aff_PharmacyController.cs(86,35): warning CS8601: Possible null reference assignment. [C:\Users\HP\Downloads\Medical\Medical_Affiliation\Medical_Affiliation.csproj]
C:\Users\HP\Downloads\Medical\Medical_Affiliation\Controllers\Aff_PharmacyController.cs(88,37): warning CS8601: Possible null reference assignment. [C:\Users\HP\Downloads\Medical\Medical_Affiliation\Medical_Affiliation.csproj]
C:\Users\HP\Downloads\Medical\Medical_Affiliation\Controllers\Aff_DentalController.cs(634,31): warning CS8601: Possible null reference assignment. [C:\Users\HP\Downloads\Medical\Medical_Affiliation\Medical_Affiliation.csproj]
C:\Users\HP\Downloads\Medical\Medical_Affiliation\Controllers\Aff_DentalController.cs(635,31): warning CS8601: Possible null reference assignment. [C:\Users\HP\Downloads\Medical\Medical_Affiliation\Medical_Affiliation.csproj]
C:\Users\HP\Downloads\Medical\Medical_Affiliation\Controllers\Aff_DentalController.cs(642,62): warning CS8603: Possible null reference return. [C:\Users\HP\Downloads\Medical\Medical_Affiliation\Medical_Affiliation.csproj]
C:\Users\HP\Downloads\Medical\Medical_Affiliation\Controllers\Aff_AHSController.cs(1161,42): warning CS8601: Possible null reference assignment. [C:\Users\HP\Downloads\Medical\Medical_Affiliation\Medical_Affiliation.csproj]
C:\Users\HP\Downloads\Medical\Medical_Affiliation\Controllers\Aff_AHSController.cs(1162,42): warning CS8601: Possible null reference assignment. [C:\Users\HP\Downloads\Medical\Medical_Affiliation\Medical_Affiliation.csproj]
C:\Users\HP\Downloads\Medical\Medical_Affiliation\Controllers\Aff_AHSController.cs(1163,42): warning CS8601: Possible null reference assignment. [C:\Users\HP\Downloads\Medical\Medical_Affiliation\Medical_Affiliation.csproj]
C:\Users\HP\Downloads\Medical\Medical_Affiliation\Controllers\Aff_DentalController.cs(670,32): warning CS8600: Converting null literal or possible null value to non-nullable type. [C:\Users\HP\Downloads\Medical\Medical_Affiliation\Medical_Affiliation.csproj]
C:\Users\HP\Downloads\Medical\Medical_Affiliation\Controllers\Aff_DentalController.cs(677,33): warning CS8600: Converting null literal or possible null value to non-nullable type. [C:\Users\HP\Downloads\Medical\Medical_Affiliation\Medical_Affiliation.csproj]
C:\Users\HP\Downloads\Medical\Medical_Affiliation\Controllers\Aff_DentalController.cs(681,33): warning CS8600: Converting null literal or possible null value to non-nullable type. [C:\Users\HP\Downloads\Medical\Medical_Affiliation\Medical_Affiliation.csproj]
C:\Users\HP\Downloads\Medical\Medical_Affiliation\Controllers\Aff_DentalController.cs(685,33): warning CS8600: Converting null literal or possible null value to non-nullable type. [C:\Users\HP\Downloads\Medical\Medical_Affiliation\Medical_Affiliation.csproj]
C:\Users\HP\Downloads\Medical\Medical_Affiliation\Controllers\Aff_DentalController.cs(689,33): warning CS8600: Converting null literal or possible null value to non-nullable type. [C:\Users\HP\Downloads\Medical\Medical_Affiliation\Medical_Affiliation.csproj]
C:\Users\HP\Downloads\Medical\Medical_Affiliation\Controllers\Aff_DentalController.cs(693,33): warning CS8600: Converting null literal or possible null value to non-nullable type. [C:\Users\HP\Downloads\Medical\Medical_Affiliation\Medical_Affiliation.csproj]
C:\Users\HP\Downloads\Medical\Medical_Affiliation\Controllers\Aff_DentalController.cs(697,33): warning CS8600: Converting null literal or possible null value to non-nullable type. [C:\Users\HP\Downloads\Medical\Medical_Affiliation\Medical_Affiliation.csproj]
C:\Users\HP\Downloads\Medical\Medical_Affiliation\Controllers\Aff_DentalController.cs(701,33): warning CS8600: Converting null literal or possible null value to non-nullable type. [C:\Users\HP\Downloads\Medical\Medical_Affiliation\Medical_Affiliation.csproj]
C:\Users\HP\Downloads\Medical\Medical_Affiliation\Controllers\Aff_DentalController.cs(705,33): warning CS8600: Converting null literal or possible null value to non-nullable type. [C:\Users\HP\Downloads\Medical\Medical_Affiliation\Medical_Affiliation.csproj]
C:\Users\HP\Downloads\Medical\Medical_Affiliation\Controllers\Aff_DentalController.cs(709,33): warning CS8600: Converting null literal or possible null value to non-nullable type. [C:\Users\HP\Downloads\Medical\Medical_Affiliation\Medical_Affiliation.csproj]
C:\Users\HP\Downloads\Medical\Medical_Affiliation\Controllers\Aff_NaturopathyController.cs(570,32): warning CS8600: Converting null literal or possible null value to non-nullable type. [C:\Users\HP\Downloads\Medical\Medical_Affiliation\Medical_Affiliation.csproj]
C:\Users\HP\Downloads\Medical\Medical_Affiliation\Controllers\Aff_NaturopathyController.cs(577,33): warning CS8600: Converting null literal or possible null value to non-nullable type. [C:\Users\HP\Downloads\Medical\Medical_Affiliation\Medical_Affiliation.csproj]
C:\Users\HP\Downloads\Medical\Medical_Affiliation\Controllers\Aff_NaturopathyController.cs(581,33): warning CS8600: Converting null literal or possible null value to non-nullable type. [C:\Users\HP\Downloads\Medical\Medical_Affiliation\Medical_Affiliation.csproj]
C:\Users\HP\Downloads\Medical\Medical_Affiliation\Controllers\Aff_NaturopathyController.cs(585,33): warning CS8600: Converting null literal or possible null value to non-nullable type. [C:\Users\HP\Downloads\Medical\Medical_Affiliation\Medical_Affiliation.csproj]
C:\Users\HP\Downloads\Medical\Medical_Affiliation\Controllers\Aff_NaturopathyController.cs(589,33): warning CS8600: Converting null literal or possible null value to non-nullable type. [C:\Users\HP\Downloads\Medical\Medical_Affiliation\Medical_Affiliation.csproj]
C:\Users\HP\Downloads\Medical\Medical_Affiliation\Controllers\Aff_NaturopathyController.cs(593,33): warning CS8600: Converting null literal or possible null value to non-nullable type. [C:\Users\HP\Downloads\Medical\Medical_Affiliation\Medical_Affiliation.csproj]
C:\Users\HP\Downloads\Medical\Medical_Affiliation\Controllers\Aff_NaturopathyController.cs(597,33): warning CS8600: Converting null literal or possible null value to non-nullable type. [C:\Users\HP\Downloads\Medical\Medical_Affiliation\Medical_Affiliation.csproj]
C:\Users\HP\Downloads\Medical\Medical_Affiliation\Controllers\Aff_NaturopathyController.cs(601,33): warning CS8600: Converting null literal or possible null value to non-nullable type. [C:\Users\HP\Downloads\Medical\Medical_Affiliation\Medical_Affiliation.csproj]
C:\Users\HP\Downloads\Medical\Medical_Affiliation\Controllers\Aff_NaturopathyController.cs(605,33): warning CS8600: Converting null literal or possible null value to non-nullable type. [C:\Users\HP\Downloads\Medical\Medical_Affiliation\Medical_Affiliation.csproj]
C:\Users\HP\Downloads\Medical\Medical_Affiliation\Controllers\Aff_NaturopathyController.cs(609,33): warning CS8600: Converting null literal or possible null value to non-nullable type. [C:\Users\HP\Downloads\Medical\Medical_Affiliation\Medical_Affiliation.csproj]
C:\Users\HP\Downloads\Medical\Medical_Affiliation\Controllers\Aff_CA_SS_CoursesAppliedSSController.cs(1023,35): warning CS8600: Converting null literal or possible null value to non-nullable type. [C:\Users\HP\Downloads\Medical\Medical_Affiliation\Medical_Affiliation.csproj]
C:\Users\HP\Downloads\Medical\Medical_Affiliation\Controllers\Aff_CA_SS_CoursesAppliedSSController.cs(1024,35): warning CS8600: Converting null literal or possible null value to non-nullable type. [C:\Users\HP\Downloads\Medical\Medical_Affiliation\Medical_Affiliation.csproj]
C:\Users\HP\Downloads\Medical\Medical_Affiliation\Controllers\Aff_CA_SS_CoursesAppliedSSController.cs(1026,34): warning CS8604: Possible null reference argument for parameter 'file' in 'bool Aff_CA_SS_CoursesAppliedSSController.FileTooLarge(IFormFile file)'. [C:\Users\HP\Downloads\Medical\Medical_Affiliation\Medical_Affiliation.csproj]
C:\Users\HP\Downloads\Medical\Medical_Affiliation\Controllers\Aff_CA_SS_CoursesAppliedSSController.cs(1039,26): warning CS8604: Possible null reference argument for parameter 'facultyCode' in 'Task<string?> Aff_CA_SS_CoursesAppliedSSController.SaveSSFileAsync(IFormFile? file, string folder, string facultyCode)'. [C:\Users\HP\Downloads\Medical\Medical_Affiliation\Medical_Affiliation.csproj]
C:\Users\HP\Downloads\Medical\Medical_Affiliation\Controllers\Aff_CA_SS_CoursesAppliedSSController.cs(1041,32): warning CS8600: Converting null literal or possible null value to non-nullable type. [C:\Users\HP\Downloads\Medical\Medical_Affiliation\Medical_Affiliation.csproj]
C:\Users\HP\Downloads\Medical\Medical_Affiliation\Controllers\Aff_CA_SS_CoursesAppliedSSController.cs(1057,41): warning CS8601: Possible null reference assignment. [C:\Users\HP\Downloads\Medical\Medical_Affiliation\Medical_Affiliation.csproj]
C:\Users\HP\Downloads\Medical\Medical_Affiliation\Controllers\Aff_HomeopathyController.cs(461,31): warning CS8601: Possible null reference assignment. [C:\Users\HP\Downloads\Medical\Medical_Affiliation\Medical_Affiliation.csproj]
C:\Users\HP\Downloads\Medical\Medical_Affiliation\Controllers\Aff_HomeopathyController.cs(462,31): warning CS8601: Possible null reference assignment. [C:\Users\HP\Downloads\Medical\Medical_Affiliation\Medical_Affiliation.csproj]
C:\Users\HP\Downloads\Medical\Medical_Affiliation\Controllers\Aff_HomeopathyController.cs(469,62): warning CS8603: Possible null reference return. [C:\Users\HP\Downloads\Medical\Medical_Affiliation\Medical_Affiliation.csproj]
C:\Users\HP\Downloads\Medical\Medical_Affiliation\Controllers\Aff_PharmacyController.cs(219,35): warning CS8601: Possible null reference assignment. [C:\Users\HP\Downloads\Medical\Medical_Affiliation\Medical_Affiliation.csproj]
C:\Users\HP\Downloads\Medical\Medical_Affiliation\Controllers\Aff_DentalController.cs(803,39): warning CS8601: Possible null reference assignment. [C:\Users\HP\Downloads\Medical\Medical_Affiliation\Medical_Affiliation.csproj]
C:\Users\HP\Downloads\Medical\Medical_Affiliation\Controllers\Aff_DentalController.cs(804,39): warning CS8601: Possible null reference assignment. [C:\Users\HP\Downloads\Medical\Medical_Affiliation\Medical_Affiliation.csproj]
C:\Users\HP\Downloads\Medical\Medical_Affiliation\Controllers\CAPreviewController.cs(16,16): warning CS8618: Non-nullable field '_userContext' must contain a non-null value when exiting constructor. Consider adding the 'required' modifier or declaring the field as nullable. [C:\Users\HP\Downloads\Medical\Medical_Affiliation\Medical_Affiliation.csproj]
C:\Users\HP\Downloads\Medical\Medical_Affiliation\Controllers\Aff_DentalController.cs(1269,21): warning CS8602: Dereference of a possibly null reference. [C:\Users\HP\Downloads\Medical\Medical_Affiliation\Medical_Affiliation.csproj]
C:\Users\HP\Downloads\Medical\Medical_Affiliation\Controllers\Aff_DentalController.cs(1274,46): warning CS8629: Nullable value type may be null. [C:\Users\HP\Downloads\Medical\Medical_Affiliation\Medical_Affiliation.csproj]
C:\Users\HP\Downloads\Medical\Medical_Affiliation\Controllers\Aff_DentalController.cs(1275,43): warning CS8629: Nullable value type may be null. [C:\Users\HP\Downloads\Medical\Medical_Affiliation\Medical_Affiliation.csproj]
C:\Users\HP\Downloads\Medical\Medical_Affiliation\Controllers\Aff_CA_SS_CoursesAppliedSSController.cs(1143,54): warning CS8600: Converting null literal or possible null value to non-nullable type. [C:\Users\HP\Downloads\Medical\Medical_Affiliation\Medical_Affiliation.csproj]
C:\Users\HP\Downloads\Medical\Medical_Affiliation\Controllers\Aff_CA_SS_CoursesAppliedSSController.cs(1148,22): warning CS8600: Converting null literal or possible null value to non-nullable type. [C:\Users\HP\Downloads\Medical\Medical_Affiliation\Medical_Affiliation.csproj]
C:\Users\HP\Downloads\Medical\Medical_Affiliation\Controllers\Aff_CA_SS_CoursesAppliedSSController.cs(1154,22): warning CS8600: Converting null literal or possible null value to non-nullable type. [C:\Users\HP\Downloads\Medical\Medical_Affiliation\Medical_Affiliation.csproj]
C:\Users\HP\Downloads\Medical\Medical_Affiliation\Controllers\Aff_CA_SS_CoursesAppliedSSController.cs(1180,32): warning CS8604: Possible null reference argument for parameter 'facultyCode' in 'Task<string?> Aff_CA_SS_CoursesAppliedSSController.SaveSSFileAsync(IFormFile? file, string folder, string facultyCode)'. [C:\Users\HP\Downloads\Medical\Medical_Affiliation\Medical_Affiliation.csproj]
C:\Users\HP\Downloads\Medical\Medical_Affiliation\Controllers\Aff_CA_SS_CoursesAppliedSSController.cs(1197,27): warning CS8604: Possible null reference argument for parameter 'facultyCode' in 'Task<string?> Aff_CA_SS_CoursesAppliedSSController.SaveSSFileAsync(IFormFile? file, string folder, string facultyCode)'. [C:\Users\HP\Downloads\Medical\Medical_Affiliation\Medical_Affiliation.csproj]
C:\Users\HP\Downloads\Medical\Medical_Affiliation\Controllers\Aff_CA_SS_CoursesAppliedSSController.cs(1202,41): warning CS8601: Possible null reference assignment. [C:\Users\HP\Downloads\Medical\Medical_Affiliation\Medical_Affiliation.csproj]
C:\Users\HP\Downloads\Medical\Medical_Affiliation\Controllers\Aff_AHSController.cs(1236,45): warning CS8600: Converting null literal or possible null value to non-nullable type. [C:\Users\HP\Downloads\Medical\Medical_Affiliation\Medical_Affiliation.csproj]
C:\Users\HP\Downloads\Medical\Medical_Affiliation\Controllers\Aff_AHSController.cs(1237,48): warning CS8600: Converting null literal or possible null value to non-nullable type. [C:\Users\HP\Downloads\Medical\Medical_Affiliation\Medical_Affiliation.csproj]
C:\Users\HP\Downloads\Medical\Medical_Affiliation\Controllers\Aff_AHSController.cs(1238,44): warning CS8600: Converting null literal or possible null value to non-nullable type. [C:\Users\HP\Downloads\Medical\Medical_Affiliation\Medical_Affiliation.csproj]
C:\Users\HP\Downloads\Medical\Medical_Affiliation\Controllers\Aff_AHSController.cs(1239,39): warning CS8600: Converting null literal or possible null value to non-nullable type. [C:\Users\HP\Downloads\Medical\Medical_Affiliation\Medical_Affiliation.csproj]
C:\Users\HP\Downloads\Medical\Medical_Affiliation\Controllers\Aff_AHSController.cs(1256,45): warning CS8600: Converting null literal or possible null value to non-nullable type. [C:\Users\HP\Downloads\Medical\Medical_Affiliation\Medical_Affiliation.csproj]
C:\Users\HP\Downloads\Medical\Medical_Affiliation\Controllers\Aff_AHSController.cs(1260,59): warning CS8602: Dereference of a possibly null reference. [C:\Users\HP\Downloads\Medical\Medical_Affiliation\Medical_Affiliation.csproj]
C:\Users\HP\Downloads\Medical\Medical_Affiliation\Controllers\Aff_AHSController.cs(1259,42): warning CS8600: Converting null literal or possible null value to non-nullable type. [C:\Users\HP\Downloads\Medical\Medical_Affiliation\Medical_Affiliation.csproj]
C:\Users\HP\Downloads\Medical\Medical_Affiliation\Controllers\Aff_AHSController.cs(1267,63): warning CS8602: Dereference of a possibly null reference. [C:\Users\HP\Downloads\Medical\Medical_Affiliation\Medical_Affiliation.csproj]
C:\Users\HP\Downloads\Medical\Medical_Affiliation\Controllers\Aff_AHSController.cs(1266,46): warning CS8600: Converting null literal or possible null value to non-nullable type. [C:\Users\HP\Downloads\Medical\Medical_Affiliation\Medical_Affiliation.csproj]
C:\Users\HP\Downloads\Medical\Medical_Affiliation\Controllers\Aff_AHSController.cs(1280,67): warning CS8602: Dereference of a possibly null reference. [C:\Users\HP\Downloads\Medical\Medical_Affiliation\Medical_Affiliation.csproj]
C:\Users\HP\Downloads\Medical\Medical_Affiliation\Controllers\Aff_AHSController.cs(1284,42): warning CS8602: Dereference of a possibly null reference. [C:\Users\HP\Downloads\Medical\Medical_Affiliation\Medical_Affiliation.csproj]
C:\Users\HP\Downloads\Medical\Medical_Affiliation\Controllers\Aff_AHSController.cs(1312,44): warning CS8602: Dereference of a possibly null reference. [C:\Users\HP\Downloads\Medical\Medical_Affiliation\Medical_Affiliation.csproj]
C:\Users\HP\Downloads\Medical\Medical_Affiliation\Controllers\Aff_AHSController.cs(1244,51): warning CS8603: Possible null reference return. [C:\Users\HP\Downloads\Medical\Medical_Affiliation\Medical_Affiliation.csproj]
C:\Users\HP\Downloads\Medical\Medical_Affiliation\Controllers\CAPreviewController.cs(66,71): warning CS8600: Converting null literal or possible null value to non-nullable type. [C:\Users\HP\Downloads\Medical\Medical_Affiliation\Medical_Affiliation.csproj]
C:\Users\HP\Downloads\Medical\Medical_Affiliation\Controllers\Aff_NursingController.cs(302,34): warning CS8600: Converting null literal or possible null value to non-nullable type. [C:\Users\HP\Downloads\Medical\Medical_Affiliation\Medical_Affiliation.csproj]
C:\Users\HP\Downloads\Medical\Medical_Affiliation\Controllers\Aff_NursingController.cs(303,34): warning CS8600: Converting null literal or possible null value to non-nullable type. [C:\Users\HP\Downloads\Medical\Medical_Affiliation\Medical_Affiliation.csproj]
C:\Users\HP\Downloads\Medical\Medical_Affiliation\Controllers\Aff_NursingController.cs(329,43): warning CS8601: Possible null reference assignment. [C:\Users\HP\Downloads\Medical\Medical_Affiliation\Medical_Affiliation.csproj]
C:\Users\HP\Downloads\Medical\Medical_Affiliation\Controllers\Aff_NursingController.cs(330,50): warning CS8601: Possible null reference assignment. [C:\Users\HP\Downloads\Medical\Medical_Affiliation\Medical_Affiliation.csproj]
C:\Users\HP\Downloads\Medical\Medical_Affiliation\Controllers\Aff_NursingController.cs(332,48): warning CS8601: Possible null reference assignment. [C:\Users\HP\Downloads\Medical\Medical_Affiliation\Medical_Affiliation.csproj]
C:\Users\HP\Downloads\Medical\Medical_Affiliation\Controllers\Aff_NursingController.cs(333,48): warning CS8601: Possible null reference assignment. [C:\Users\HP\Downloads\Medical\Medical_Affiliation\Medical_Affiliation.csproj]
C:\Users\HP\Downloads\Medical\Medical_Affiliation\Controllers\Aff_NursingController.cs(334,49): warning CS8601: Possible null reference assignment. [C:\Users\HP\Downloads\Medical\Medical_Affiliation\Medical_Affiliation.csproj]
C:\Users\HP\Downloads\Medical\Medical_Affiliation\Controllers\Aff_NursingController.cs(352,43): warning CS8601: Possible null reference assignment. [C:\Users\HP\Downloads\Medical\Medical_Affiliation\Medical_Affiliation.csproj]
C:\Users\HP\Downloads\Medical\Medical_Affiliation\Controllers\Aff_NursingController.cs(353,50): warning CS8601: Possible null reference assignment. [C:\Users\HP\Downloads\Medical\Medical_Affiliation\Medical_Affiliation.csproj]
C:\Users\HP\Downloads\Medical\Medical_Affiliation\Controllers\Aff_NursingController.cs(355,48): warning CS8601: Possible null reference assignment. [C:\Users\HP\Downloads\Medical\Medical_Affiliation\Medical_Affiliation.csproj]
C:\Users\HP\Downloads\Medical\Medical_Affiliation\Controllers\Aff_NursingController.cs(356,48): warning CS8601: Possible null reference assignment. [C:\Users\HP\Downloads\Medical\Medical_Affiliation\Medical_Affiliation.csproj]
C:\Users\HP\Downloads\Medical\Medical_Affiliation\Controllers\Aff_NursingController.cs(357,49): warning CS8601: Possible null reference assignment. [C:\Users\HP\Downloads\Medical\Medical_Affiliation\Medical_Affiliation.csproj]
C:\Users\HP\Downloads\Medical\Medical_Affiliation\Controllers\Aff_NursingController.cs(377,33): warning CS8714: The type 'string?' cannot be used as type parameter 'TKey' in the generic type or method 'Enumerable.ToDictionary<TSource, TKey, TElement>(IEnumerable<TSource>, Func<TSource, TKey>, Func<TSource, TElement>)'. Nullability of type argument 'string?' doesn't match 'notnull' constraint. [C:\Users\HP\Downloads\Medical\Medical_Affiliation\Medical_Affiliation.csproj]
C:\Users\HP\Downloads\Medical\Medical_Affiliation\Controllers\Aff_NursingController.cs(379,31): warning CS8621: Nullability of reference types in return type of 'lambda expression' doesn't match the target delegate 'Func<CollegeCourseIntakeDetail, string?>' (possibly because of nullability attributes). [C:\Users\HP\Downloads\Medical\Medical_Affiliation\Medical_Affiliation.csproj]
C:\Users\HP\Downloads\Medical\Medical_Affiliation\Controllers\Aff_NursingController.cs(381,33): warning CS8714: The type 'string?' cannot be used as type parameter 'TKey' in the generic type or method 'Enumerable.ToDictionary<TSource, TKey, TElement>(IEnumerable<TSource>, Func<TSource, TKey>, Func<TSource, TElement>)'. Nullability of type argument 'string?' doesn't match 'notnull' constraint. [C:\Users\HP\Downloads\Medical\Medical_Affiliation\Medical_Affiliation.csproj]
C:\Users\HP\Downloads\Medical\Medical_Affiliation\Controllers\Aff_NursingController.cs(383,31): warning CS8621: Nullability of reference types in return type of 'lambda expression' doesn't match the target delegate 'Func<CollegeCourseIntakeDetail, string?>' (possibly because of nullability attributes). [C:\Users\HP\Downloads\Medical\Medical_Affiliation\Medical_Affiliation.csproj]
C:\Users\HP\Downloads\Medical\Medical_Affiliation\Controllers\Aff_NaturopathyController.cs(681,45): warning CS8600: Converting null literal or possible null value to non-nullable type. [C:\Users\HP\Downloads\Medical\Medical_Affiliation\Medical_Affiliation.csproj]
C:\Users\HP\Downloads\Medical\Medical_Affiliation\Controllers\Aff_NaturopathyController.cs(682,48): warning CS8600: Converting null literal or possible null value to non-nullable type. [C:\Users\HP\Downloads\Medical\Medical_Affiliation\Medical_Affiliation.csproj]
C:\Users\HP\Downloads\Medical\Medical_Affiliation\Controllers\Aff_NaturopathyController.cs(683,44): warning CS8600: Converting null literal or possible null value to non-nullable type. [C:\Users\HP\Downloads\Medical\Medical_Affiliation\Medical_Affiliation.csproj]
C:\Users\HP\Downloads\Medical\Medical_Affiliation\Controllers\Aff_NaturopathyController.cs(684,39): warning CS8600: Converting null literal or possible null value to non-nullable type. [C:\Users\HP\Downloads\Medical\Medical_Affiliation\Medical_Affiliation.csproj]
C:\Users\HP\Downloads\Medical\Medical_Affiliation\Controllers\Aff_NaturopathyController.cs(689,38): warning CS8600: Converting null literal or possible null value to non-nullable type. [C:\Users\HP\Downloads\Medical\Medical_Affiliation\Medical_Affiliation.csproj]
C:\Users\HP\Downloads\Medical\Medical_Affiliation\Controllers\Aff_NaturopathyController.cs(690,39): warning CS8600: Converting null literal or possible null value to non-nullable type. [C:\Users\HP\Downloads\Medical\Medical_Affiliation\Medical_Affiliation.csproj]
C:\Users\HP\Downloads\Medical\Medical_Affiliation\Controllers\Aff_NaturopathyController.cs(691,42): warning CS8600: Converting null literal or possible null value to non-nullable type. [C:\Users\HP\Downloads\Medical\Medical_Affiliation\Medical_Affiliation.csproj]
C:\Users\HP\Downloads\Medical\Medical_Affiliation\Controllers\Aff_NaturopathyController.cs(692,37): warning CS8600: Converting null literal or possible null value to non-nullable type. [C:\Users\HP\Downloads\Medical\Medical_Affiliation\Medical_Affiliation.csproj]
C:\Users\HP\Downloads\Medical\Medical_Affiliation\Controllers\Aff_NaturopathyController.cs(693,42): warning CS8600: Converting null literal or possible null value to non-nullable type. [C:\Users\HP\Downloads\Medical\Medical_Affiliation\Medical_Affiliation.csproj]
C:\Users\HP\Downloads\Medical\Medical_Affiliation\Controllers\Aff_NaturopathyController.cs(694,42): warning CS8600: Converting null literal or possible null value to non-nullable type. [C:\Users\HP\Downloads\Medical\Medical_Affiliation\Medical_Affiliation.csproj]
C:\Users\HP\Downloads\Medical\Medical_Affiliation\Controllers\Aff_NaturopathyController.cs(695,42): warning CS8600: Converting null literal or possible null value to non-nullable type. [C:\Users\HP\Downloads\Medical\Medical_Affiliation\Medical_Affiliation.csproj]
C:\Users\HP\Downloads\Medical\Medical_Affiliation\Controllers\Aff_NaturopathyController.cs(696,47): warning CS8600: Converting null literal or possible null value to non-nullable type. [C:\Users\HP\Downloads\Medical\Medical_Affiliation\Medical_Affiliation.csproj]
C:\Users\HP\Downloads\Medical\Medical_Affiliation\Controllers\Aff_NaturopathyController.cs(697,47): warning CS8600: Converting null literal or possible null value to non-nullable type. [C:\Users\HP\Downloads\Medical\Medical_Affiliation\Medical_Affiliation.csproj]
C:\Users\HP\Downloads\Medical\Medical_Affiliation\Controllers\Aff_NaturopathyController.cs(762,57): warning CS8601: Possible null reference assignment. [C:\Users\HP\Downloads\Medical\Medical_Affiliation\Medical_Affiliation.csproj]
C:\Users\HP\Downloads\Medical\Medical_Affiliation\Controllers\Aff_NaturopathyController.cs(792,46): warning CS8601: Possible null reference assignment. [C:\Users\HP\Downloads\Medical\Medical_Affiliation\Medical_Affiliation.csproj]
C:\Users\HP\Downloads\Medical\Medical_Affiliation\Controllers\Aff_NaturopathyController.cs(687,57): warning CS8603: Possible null reference return. [C:\Users\HP\Downloads\Medical\Medical_Affiliation\Medical_Affiliation.csproj]
C:\Users\HP\Downloads\Medical\Medical_Affiliation\Controllers\Aff_NaturopathyController.cs(704,28): warning CS8603: Possible null reference return. [C:\Users\HP\Downloads\Medical\Medical_Affiliation\Medical_Affiliation.csproj]
C:\Users\HP\Downloads\Medical\Medical_Affiliation\Controllers\Aff_PhysioTherapyController.cs(35,31): warning CS8601: Possible null reference assignment. [C:\Users\HP\Downloads\Medical\Medical_Affiliation\Medical_Affiliation.csproj]
C:\Users\HP\Downloads\Medical\Medical_Affiliation\Controllers\Aff_PhysioTherapyController.cs(36,31): warning CS8601: Possible null reference assignment. [C:\Users\HP\Downloads\Medical\Medical_Affiliation\Medical_Affiliation.csproj]
C:\Users\HP\Downloads\Medical\Medical_Affiliation\Controllers\Aff_PhysioTherapyController.cs(37,33): warning CS8601: Possible null reference assignment. [C:\Users\HP\Downloads\Medical\Medical_Affiliation\Medical_Affiliation.csproj]
C:\Users\HP\Downloads\Medical\Medical_Affiliation\Controllers\Aff_PhysioTherapyController.cs(38,36): warning CS8601: Possible null reference assignment. [C:\Users\HP\Downloads\Medical\Medical_Affiliation\Medical_Affiliation.csproj]
C:\Users\HP\Downloads\Medical\Medical_Affiliation\Controllers\Aff_PhysioTherapyController.cs(59,38): warning CS8601: Possible null reference assignment. [C:\Users\HP\Downloads\Medical\Medical_Affiliation\Medical_Affiliation.csproj]
C:\Users\HP\Downloads\Medical\Medical_Affiliation\Controllers\Aff_PhysioTherapyController.cs(60,35): warning CS8601: Possible null reference assignment. [C:\Users\HP\Downloads\Medical\Medical_Affiliation\Medical_Affiliation.csproj]
C:\Users\HP\Downloads\Medical\Medical_Affiliation\Controllers\Aff_PhysioTherapyController.cs(86,35): warning CS8601: Possible null reference assignment. [C:\Users\HP\Downloads\Medical\Medical_Affiliation\Medical_Affiliation.csproj]
C:\Users\HP\Downloads\Medical\Medical_Affiliation\Controllers\Aff_PhysioTherapyController.cs(88,37): warning CS8601: Possible null reference assignment. [C:\Users\HP\Downloads\Medical\Medical_Affiliation\Medical_Affiliation.csproj]
C:\Users\HP\Downloads\Medical\Medical_Affiliation\Controllers\Aff_NaturopathyController.cs(841,32): warning CS8600: Converting null literal or possible null value to non-nullable type. [C:\Users\HP\Downloads\Medical\Medical_Affiliation\Medical_Affiliation.csproj]
C:\Users\HP\Downloads\Medical\Medical_Affiliation\Controllers\Aff_NaturopathyController.cs(848,33): warning CS8600: Converting null literal or possible null value to non-nullable type. [C:\Users\HP\Downloads\Medical\Medical_Affiliation\Medical_Affiliation.csproj]
C:\Users\HP\Downloads\Medical\Medical_Affiliation\Controllers\Aff_NaturopathyController.cs(852,33): warning CS8600: Converting null literal or possible null value to non-nullable type. [C:\Users\HP\Downloads\Medical\Medical_Affiliation\Medical_Affiliation.csproj]
C:\Users\HP\Downloads\Medical\Medical_Affiliation\Controllers\Aff_NaturopathyController.cs(856,33): warning CS8600: Converting null literal or possible null value to non-nullable type. [C:\Users\HP\Downloads\Medical\Medical_Affiliation\Medical_Affiliation.csproj]
C:\Users\HP\Downloads\Medical\Medical_Affiliation\Controllers\Aff_NaturopathyController.cs(860,33): warning CS8600: Converting null literal or possible null value to non-nullable type. [C:\Users\HP\Downloads\Medical\Medical_Affiliation\Medical_Affiliation.csproj]
C:\Users\HP\Downloads\Medical\Medical_Affiliation\Controllers\Aff_NaturopathyController.cs(864,33): warning CS8600: Converting null literal or possible null value to non-nullable type. [C:\Users\HP\Downloads\Medical\Medical_Affiliation\Medical_Affiliation.csproj]
C:\Users\HP\Downloads\Medical\Medical_Affiliation\Controllers\Aff_NaturopathyController.cs(868,33): warning CS8600: Converting null literal or possible null value to non-nullable type. [C:\Users\HP\Downloads\Medical\Medical_Affiliation\Medical_Affiliation.csproj]
C:\Users\HP\Downloads\Medical\Medical_Affiliation\Controllers\Aff_NaturopathyController.cs(872,33): warning CS8600: Converting null literal or possible null value to non-nullable type. [C:\Users\HP\Downloads\Medical\Medical_Affiliation\Medical_Affiliation.csproj]
C:\Users\HP\Downloads\Medical\Medical_Affiliation\Controllers\Aff_NaturopathyController.cs(876,33): warning CS8600: Converting null literal or possible null value to non-nullable type. [C:\Users\HP\Downloads\Medical\Medical_Affiliation\Medical_Affiliation.csproj]
C:\Users\HP\Downloads\Medical\Medical_Affiliation\Controllers\Aff_NaturopathyController.cs(880,33): warning CS8600: Converting null literal or possible null value to non-nullable type. [C:\Users\HP\Downloads\Medical\Medical_Affiliation\Medical_Affiliation.csproj]
C:\Users\HP\Downloads\Medical\Medical_Affiliation\Controllers\Aff_AHSController.cs(1704,52): warning CS8601: Possible null reference assignment. [C:\Users\HP\Downloads\Medical\Medical_Affiliation\Medical_Affiliation.csproj]
C:\Users\HP\Downloads\Medical\Medical_Affiliation\Controllers\Aff_AHSController.cs(1707,52): warning CS8601: Possible null reference assignment. [C:\Users\HP\Downloads\Medical\Medical_Affiliation\Medical_Affiliation.csproj]
C:\Users\HP\Downloads\Medical\Medical_Affiliation\Controllers\Aff_AHSController.cs(1708,48): warning CS8601: Possible null reference assignment. [C:\Users\HP\Downloads\Medical\Medical_Affiliation\Medical_Affiliation.csproj]
C:\Users\HP\Downloads\Medical\Medical_Affiliation\Controllers\Aff_HomeopathyController.cs(570,32): warning CS8600: Converting null literal or possible null value to non-nullable type. [C:\Users\HP\Downloads\Medical\Medical_Affiliation\Medical_Affiliation.csproj]
C:\Users\HP\Downloads\Medical\Medical_Affiliation\Controllers\Aff_HomeopathyController.cs(577,33): warning CS8600: Converting null literal or possible null value to non-nullable type. [C:\Users\HP\Downloads\Medical\Medical_Affiliation\Medical_Affiliation.csproj]
C:\Users\HP\Downloads\Medical\Medical_Affiliation\Controllers\Aff_HomeopathyController.cs(581,33): warning CS8600: Converting null literal or possible null value to non-nullable type. [C:\Users\HP\Downloads\Medical\Medical_Affiliation\Medical_Affiliation.csproj]
C:\Users\HP\Downloads\Medical\Medical_Affiliation\Controllers\Aff_HomeopathyController.cs(585,33): warning CS8600: Converting null literal or possible null value to non-nullable type. [C:\Users\HP\Downloads\Medical\Medical_Affiliation\Medical_Affiliation.csproj]
C:\Users\HP\Downloads\Medical\Medical_Affiliation\Controllers\Aff_HomeopathyController.cs(589,33): warning CS8600: Converting null literal or possible null value to non-nullable type. [C:\Users\HP\Downloads\Medical\Medical_Affiliation\Medical_Affiliation.csproj]
C:\Users\HP\Downloads\Medical\Medical_Affiliation\Controllers\Aff_HomeopathyController.cs(593,33): warning CS8600: Converting null literal or possible null value to non-nullable type. [C:\Users\HP\Downloads\Medical\Medical_Affiliation\Medical_Affiliation.csproj]
C:\Users\HP\Downloads\Medical\Medical_Affiliation\Controllers\Aff_HomeopathyController.cs(597,33): warning CS8600: Converting null literal or possible null value to non-nullable type. [C:\Users\HP\Downloads\Medical\Medical_Affiliation\Medical_Affiliation.csproj]
C:\Users\HP\Downloads\Medical\Medical_Affiliation\Controllers\Aff_HomeopathyController.cs(601,33): warning CS8600: Converting null literal or possible null value to non-nullable type. [C:\Users\HP\Downloads\Medical\Medical_Affiliation\Medical_Affiliation.csproj]
C:\Users\HP\Downloads\Medical\Medical_Affiliation\Controllers\Aff_HomeopathyController.cs(605,33): warning CS8600: Converting null literal or possible null value to non-nullable type. [C:\Users\HP\Downloads\Medical\Medical_Affiliation\Medical_Affiliation.csproj]
C:\Users\HP\Downloads\Medical\Medical_Affiliation\Controllers\Aff_HomeopathyController.cs(609,33): warning CS8600: Converting null literal or possible null value to non-nullable type. [C:\Users\HP\Downloads\Medical\Medical_Affiliation\Medical_Affiliation.csproj]
C:\Users\HP\Downloads\Medical\Medical_Affiliation\Controllers\Aff_NaturopathyController.cs(974,39): warning CS8601: Possible null reference assignment. [C:\Users\HP\Downloads\Medical\Medical_Affiliation\Medical_Affiliation.csproj]
C:\Users\HP\Downloads\Medical\Medical_Affiliation\Controllers\Aff_NaturopathyController.cs(975,39): warning CS8601: Possible null reference assignment. [C:\Users\HP\Downloads\Medical\Medical_Affiliation\Medical_Affiliation.csproj]
C:\Users\HP\Downloads\Medical\Medical_Affiliation\Controllers\Aff_PharmacyController.cs(366,32): warning CS8600: Converting null literal or possible null value to non-nullable type. [C:\Users\HP\Downloads\Medical\Medical_Affiliation\Medical_Affiliation.csproj]
C:\Users\HP\Downloads\Medical\Medical_Affiliation\Controllers\Aff_PharmacyController.cs(372,43): warning CS8600: Converting null literal or possible null value to non-nullable type. [C:\Users\HP\Downloads\Medical\Medical_Affiliation\Medical_Affiliation.csproj]
C:\Users\HP\Downloads\Medical\Medical_Affiliation\Controllers\Aff_PharmacyController.cs(373,43): warning CS8600: Converting null literal or possible null value to non-nullable type. [C:\Users\HP\Downloads\Medical\Medical_Affiliation\Medical_Affiliation.csproj]
C:\Users\HP\Downloads\Medical\Medical_Affiliation\Controllers\Aff_PharmacyController.cs(374,41): warning CS8600: Converting null literal or possible null value to non-nullable type. [C:\Users\HP\Downloads\Medical\Medical_Affiliation\Medical_Affiliation.csproj]
C:\Users\HP\Downloads\Medical\Medical_Affiliation\Controllers\Aff_AHSController.cs(1844,34): warning CS8600: Converting null literal or possible null value to non-nullable type. [C:\Users\HP\Downloads\Medical\Medical_Affiliation\Medical_Affiliation.csproj]
C:\Users\HP\Downloads\Medical\Medical_Affiliation\Controllers\Aff_AHSController.cs(1845,34): warning CS8600: Converting null literal or possible null value to non-nullable type. [C:\Users\HP\Downloads\Medical\Medical_Affiliation\Medical_Affiliation.csproj]
C:\Users\HP\Downloads\Medical\Medical_Affiliation\Controllers\Aff_AHSController.cs(1869,43): warning CS8601: Possible null reference assignment. [C:\Users\HP\Downloads\Medical\Medical_Affiliation\Medical_Affiliation.csproj]
C:\Users\HP\Downloads\Medical\Medical_Affiliation\Controllers\Aff_AHSController.cs(1870,35): warning CS8601: Possible null reference assignment. [C:\Users\HP\Downloads\Medical\Medical_Affiliation\Medical_Affiliation.csproj]
C:\Users\HP\Downloads\Medical\Medical_Affiliation\Controllers\Aff_AHSController.cs(1871,37): warning CS8601: Possible null reference assignment. [C:\Users\HP\Downloads\Medical\Medical_Affiliation\Medical_Affiliation.csproj]
C:\Users\HP\Downloads\Medical\Medical_Affiliation\Controllers\Aff_AHSController.cs(1872,33): warning CS8601: Possible null reference assignment. [C:\Users\HP\Downloads\Medical\Medical_Affiliation\Medical_Affiliation.csproj]
C:\Users\HP\Downloads\Medical\Medical_Affiliation\Controllers\Aff_AHSController.cs(1894,34): warning CS8600: Converting null literal or possible null value to non-nullable type. [C:\Users\HP\Downloads\Medical\Medical_Affiliation\Medical_Affiliation.csproj]
C:\Users\HP\Downloads\Medical\Medical_Affiliation\Controllers\Aff_AHSController.cs(1895,34): warning CS8600: Converting null literal or possible null value to non-nullable type. [C:\Users\HP\Downloads\Medical\Medical_Affiliation\Medical_Affiliation.csproj]
C:\Users\HP\Downloads\Medical\Medical_Affiliation\Controllers\Aff_NursingController.cs(392,34): warning CS8600: Converting null literal or possible null value to non-nullable type. [C:\Users\HP\Downloads\Medical\Medical_Affiliation\Medical_Affiliation.csproj]
C:\Users\HP\Downloads\Medical\Medical_Affiliation\Controllers\Aff_NursingController.cs(393,34): warning CS8600: Converting null literal or possible null value to non-nullable type. [C:\Users\HP\Downloads\Medical\Medical_Affiliation\Medical_Affiliation.csproj]
C:\Users\HP\Downloads\Medical\Medical_Affiliation\Controllers\Aff_NursingController.cs(531,31): warning CS8600: Converting null literal or possible null value to non-nullable type. [C:\Users\HP\Downloads\Medical\Medical_Affiliation\Medical_Affiliation.csproj]
C:\Users\HP\Downloads\Medical\Medical_Affiliation\Controllers\Aff_NaturopathyController.cs(1434,21): warning CS8602: Dereference of a possibly null reference. [C:\Users\HP\Downloads\Medical\Medical_Affiliation\Medical_Affiliation.csproj]
C:\Users\HP\Downloads\Medical\Medical_Affiliation\Controllers\Aff_NaturopathyController.cs(1439,46): warning CS8629: Nullable value type may be null. [C:\Users\HP\Downloads\Medical\Medical_Affiliation\Medical_Affiliation.csproj]
C:\Users\HP\Downloads\Medical\Medical_Affiliation\Controllers\Aff_NaturopathyController.cs(1440,43): warning CS8629: Nullable value type may be null. [C:\Users\HP\Downloads\Medical\Medical_Affiliation\Medical_Affiliation.csproj]
C:\Users\HP\Downloads\Medical\Medical_Affiliation\Controllers\Aff_DentalController.cs(1398,45): warning CS8600: Converting null literal or possible null value to non-nullable type. [C:\Users\HP\Downloads\Medical\Medical_Affiliation\Medical_Affiliation.csproj]
C:\Users\HP\Downloads\Medical\Medical_Affiliation\Controllers\Aff_DentalController.cs(1399,48): warning CS8600: Converting null literal or possible null value to non-nullable type. [C:\Users\HP\Downloads\Medical\Medical_Affiliation\Medical_Affiliation.csproj]
C:\Users\HP\Downloads\Medical\Medical_Affiliation\Controllers\Aff_DentalController.cs(1400,44): warning CS8600: Converting null literal or possible null value to non-nullable type. [C:\Users\HP\Downloads\Medical\Medical_Affiliation\Medical_Affiliation.csproj]
C:\Users\HP\Downloads\Medical\Medical_Affiliation\Controllers\Aff_DentalController.cs(1401,39): warning CS8600: Converting null literal or possible null value to non-nullable type. [C:\Users\HP\Downloads\Medical\Medical_Affiliation\Medical_Affiliation.csproj]
C:\Users\HP\Downloads\Medical\Medical_Affiliation\Controllers\Aff_DentalController.cs(1406,38): warning CS8600: Converting null literal or possible null value to non-nullable type. [C:\Users\HP\Downloads\Medical\Medical_Affiliation\Medical_Affiliation.csproj]
C:\Users\HP\Downloads\Medical\Medical_Affiliation\Controllers\Aff_DentalController.cs(1407,39): warning CS8600: Converting null literal or possible null value to non-nullable type. [C:\Users\HP\Downloads\Medical\Medical_Affiliation\Medical_Affiliation.csproj]
C:\Users\HP\Downloads\Medical\Medical_Affiliation\Controllers\Aff_DentalController.cs(1408,42): warning CS8600: Converting null literal or possible null value to non-nullable type. [C:\Users\HP\Downloads\Medical\Medical_Affiliation\Medical_Affiliation.csproj]
C:\Users\HP\Downloads\Medical\Medical_Affiliation\Controllers\Aff_DentalController.cs(1409,37): warning CS8600: Converting null literal or possible null value to non-nullable type. [C:\Users\HP\Downloads\Medical\Medical_Affiliation\Medical_Affiliation.csproj]
C:\Users\HP\Downloads\Medical\Medical_Affiliation\Controllers\Aff_DentalController.cs(1410,42): warning CS8600: Converting null literal or possible null value to non-nullable type. [C:\Users\HP\Downloads\Medical\Medical_Affiliation\Medical_Affiliation.csproj]
C:\Users\HP\Downloads\Medical\Medical_Affiliation\Controllers\Aff_DentalController.cs(1411,42): warning CS8600: Converting null literal or possible null value to non-nullable type. [C:\Users\HP\Downloads\Medical\Medical_Affiliation\Medical_Affiliation.csproj]
C:\Users\HP\Downloads\Medical\Medical_Affiliation\Controllers\Aff_DentalController.cs(1412,42): warning CS8600: Converting null literal or possible null value to non-nullable type. [C:\Users\HP\Downloads\Medical\Medical_Affiliation\Medical_Affiliation.csproj]
C:\Users\HP\Downloads\Medical\Medical_Affiliation\Controllers\Aff_DentalController.cs(1413,47): warning CS8600: Converting null literal or possible null value to non-nullable type. [C:\Users\HP\Downloads\Medical\Medical_Affiliation\Medical_Affiliation.csproj]
C:\Users\HP\Downloads\Medical\Medical_Affiliation\Controllers\Aff_DentalController.cs(1414,47): warning CS8600: Converting null literal or possible null value to non-nullable type. [C:\Users\HP\Downloads\Medical\Medical_Affiliation\Medical_Affiliation.csproj]
C:\Users\HP\Downloads\Medical\Medical_Affiliation\Controllers\Aff_DentalController.cs(1479,57): warning CS8601: Possible null reference assignment. [C:\Users\HP\Downloads\Medical\Medical_Affiliation\Medical_Affiliation.csproj]
C:\Users\HP\Downloads\Medical\Medical_Affiliation\Controllers\Aff_DentalController.cs(1509,46): warning CS8601: Possible null reference assignment. [C:\Users\HP\Downloads\Medical\Medical_Affiliation\Medical_Affiliation.csproj]
C:\Users\HP\Downloads\Medical\Medical_Affiliation\Controllers\Aff_DentalController.cs(1404,57): warning CS8603: Possible null reference return. [C:\Users\HP\Downloads\Medical\Medical_Affiliation\Medical_Affiliation.csproj]
C:\Users\HP\Downloads\Medical\Medical_Affiliation\Controllers\Aff_DentalController.cs(1421,28): warning CS8603: Possible null reference return. [C:\Users\HP\Downloads\Medical\Medical_Affiliation\Medical_Affiliation.csproj]
C:\Users\HP\Downloads\Medical\Medical_Affiliation\Controllers\Aff_PhysioTherapyController.cs(219,35): warning CS8601: Possible null reference assignment. [C:\Users\HP\Downloads\Medical\Medical_Affiliation\Medical_Affiliation.csproj]
C:\Users\HP\Downloads\Medical\Medical_Affiliation\Controllers\Aff_AHSController.cs(2014,39): warning CS8601: Possible null reference assignment. [C:\Users\HP\Downloads\Medical\Medical_Affiliation\Medical_Affiliation.csproj]
C:\Users\HP\Downloads\Medical\Medical_Affiliation\Controllers\Aff_AHSController.cs(2015,39): warning CS8601: Possible null reference assignment. [C:\Users\HP\Downloads\Medical\Medical_Affiliation\Medical_Affiliation.csproj]
C:\Users\HP\Downloads\Medical\Medical_Affiliation\Controllers\CA_Aff_AcademicMattersController.cs(29,34): warning CS8600: Converting null literal or possible null value to non-nullable type. [C:\Users\HP\Downloads\Medical\Medical_Affiliation\Medical_Affiliation.csproj]
C:\Users\HP\Downloads\Medical\Medical_Affiliation\Controllers\CA_Aff_AcademicMattersController.cs(80,59): warning CS8629: Nullable value type may be null. [C:\Users\HP\Downloads\Medical\Medical_Affiliation\Medical_Affiliation.csproj]
C:\Users\HP\Downloads\Medical\Medical_Affiliation\Controllers\CA_Aff_AcademicMattersController.cs(99,59): warning CS8629: Nullable value type may be null. [C:\Users\HP\Downloads\Medical\Medical_Affiliation\Medical_Affiliation.csproj]
C:\Users\HP\Downloads\Medical\Medical_Affiliation\Controllers\Aff_SowaRigPaiController.cs(35,31): warning CS8601: Possible null reference assignment. [C:\Users\HP\Downloads\Medical\Medical_Affiliation\Medical_Affiliation.csproj]
C:\Users\HP\Downloads\Medical\Medical_Affiliation\Controllers\Aff_SowaRigPaiController.cs(36,31): warning CS8601: Possible null reference assignment. [C:\Users\HP\Downloads\Medical\Medical_Affiliation\Medical_Affiliation.csproj]
C:\Users\HP\Downloads\Medical\Medical_Affiliation\Controllers\Aff_SowaRigPaiController.cs(37,33): warning CS8601: Possible null reference assignment. [C:\Users\HP\Downloads\Medical\Medical_Affiliation\Medical_Affiliation.csproj]
C:\Users\HP\Downloads\Medical\Medical_Affiliation\Controllers\Aff_SowaRigPaiController.cs(38,36): warning CS8601: Possible null reference assignment. [C:\Users\HP\Downloads\Medical\Medical_Affiliation\Medical_Affiliation.csproj]
C:\Users\HP\Downloads\Medical\Medical_Affiliation\Controllers\Aff_SowaRigPaiController.cs(59,38): warning CS8601: Possible null reference assignment. [C:\Users\HP\Downloads\Medical\Medical_Affiliation\Medical_Affiliation.csproj]
C:\Users\HP\Downloads\Medical\Medical_Affiliation\Controllers\Aff_SowaRigPaiController.cs(60,35): warning CS8601: Possible null reference assignment. [C:\Users\HP\Downloads\Medical\Medical_Affiliation\Medical_Affiliation.csproj]
C:\Users\HP\Downloads\Medical\Medical_Affiliation\Controllers\Aff_SowaRigPaiController.cs(86,35): warning CS8601: Possible null reference assignment. [C:\Users\HP\Downloads\Medical\Medical_Affiliation\Medical_Affiliation.csproj]
C:\Users\HP\Downloads\Medical\Medical_Affiliation\Controllers\Aff_SowaRigPaiController.cs(88,37): warning CS8601: Possible null reference assignment. [C:\Users\HP\Downloads\Medical\Medical_Affiliation\Medical_Affiliation.csproj]
C:\Users\HP\Downloads\Medical\Medical_Affiliation\Controllers\CollegeBasicDetailsController.cs(19,16): warning CS8618: Non-nullable field '_userContext' must contain a non-null value when exiting constructor. Consider adding the 'required' modifier or declaring the field as nullable. [C:\Users\HP\Downloads\Medical\Medical_Affiliation\Medical_Affiliation.csproj]
C:\Users\HP\Downloads\Medical\Medical_Affiliation\Controllers\ContinuesAffiliation_FacultybasedController.cs(21,16): warning CS8618: Non-nullable field '_userContext' must contain a non-null value when exiting constructor. Consider adding the 'required' modifier or declaring the field as nullable. [C:\Users\HP\Downloads\Medical\Medical_Affiliation\Medical_Affiliation.csproj]
C:\Users\HP\Downloads\Medical\Medical_Affiliation\Controllers\ContinuesAffiliation_FacultybasedController.cs(21,16): warning CS8618: Non-nullable field '_webHostEnvironment' must contain a non-null value when exiting constructor. Consider adding the 'required' modifier or declaring the field as nullable. [C:\Users\HP\Downloads\Medical\Medical_Affiliation\Medical_Affiliation.csproj]
C:\Users\HP\Downloads\Medical\Medical_Affiliation\Controllers\Aff_PharmacyController.cs(461,31): warning CS8601: Possible null reference assignment. [C:\Users\HP\Downloads\Medical\Medical_Affiliation\Medical_Affiliation.csproj]
C:\Users\HP\Downloads\Medical\Medical_Affiliation\Controllers\Aff_PharmacyController.cs(462,31): warning CS8601: Possible null reference assignment. [C:\Users\HP\Downloads\Medical\Medical_Affiliation\Medical_Affiliation.csproj]
C:\Users\HP\Downloads\Medical\Medical_Affiliation\Controllers\Aff_PharmacyController.cs(469,62): warning CS8603: Possible null reference return. [C:\Users\HP\Downloads\Medical\Medical_Affiliation\Medical_Affiliation.csproj]
C:\Users\HP\Downloads\Medical\Medical_Affiliation\Controllers\AyurvedhaRepositoryController.cs(35,31): warning CS8601: Possible null reference assignment. [C:\Users\HP\Downloads\Medical\Medical_Affiliation\Medical_Affiliation.csproj]
C:\Users\HP\Downloads\Medical\Medical_Affiliation\Controllers\AyurvedhaRepositoryController.cs(36,31): warning CS8601: Possible null reference assignment. [C:\Users\HP\Downloads\Medical\Medical_Affiliation\Medical_Affiliation.csproj]
C:\Users\HP\Downloads\Medical\Medical_Affiliation\Controllers\AyurvedhaRepositoryController.cs(37,33): warning CS8601: Possible null reference assignment. [C:\Users\HP\Downloads\Medical\Medical_Affiliation\Medical_Affiliation.csproj]
C:\Users\HP\Downloads\Medical\Medical_Affiliation\Controllers\AyurvedhaRepositoryController.cs(38,36): warning CS8601: Possible null reference assignment. [C:\Users\HP\Downloads\Medical\Medical_Affiliation\Medical_Affiliation.csproj]
C:\Users\HP\Downloads\Medical\Medical_Affiliation\Controllers\AyurvedhaRepositoryController.cs(59,38): warning CS8601: Possible null reference assignment. [C:\Users\HP\Downloads\Medical\Medical_Affiliation\Medical_Affiliation.csproj]
C:\Users\HP\Downloads\Medical\Medical_Affiliation\Controllers\AyurvedhaRepositoryController.cs(60,35): warning CS8601: Possible null reference assignment. [C:\Users\HP\Downloads\Medical\Medical_Affiliation\Medical_Affiliation.csproj]
C:\Users\HP\Downloads\Medical\Medical_Affiliation\Controllers\AyurvedhaRepositoryController.cs(86,35): warning CS8601: Possible null reference assignment. [C:\Users\HP\Downloads\Medical\Medical_Affiliation\Medical_Affiliation.csproj]
C:\Users\HP\Downloads\Medical\Medical_Affiliation\Controllers\AyurvedhaRepositoryController.cs(88,37): warning CS8601: Possible null reference assignment. [C:\Users\HP\Downloads\Medical\Medical_Affiliation\Medical_Affiliation.csproj]
C:\Users\HP\Downloads\Medical\Medical_Affiliation\Controllers\Aff_UnaniController.cs(35,31): warning CS8601: Possible null reference assignment. [C:\Users\HP\Downloads\Medical\Medical_Affiliation\Medical_Affiliation.csproj]
C:\Users\HP\Downloads\Medical\Medical_Affiliation\Controllers\Aff_UnaniController.cs(36,31): warning CS8601: Possible null reference assignment. [C:\Users\HP\Downloads\Medical\Medical_Affiliation\Medical_Affiliation.csproj]
C:\Users\HP\Downloads\Medical\Medical_Affiliation\Controllers\Aff_UnaniController.cs(37,33): warning CS8601: Possible null reference assignment. [C:\Users\HP\Downloads\Medical\Medical_Affiliation\Medical_Affiliation.csproj]
C:\Users\HP\Downloads\Medical\Medical_Affiliation\Controllers\Aff_UnaniController.cs(38,36): warning CS8601: Possible null reference assignment. [C:\Users\HP\Downloads\Medical\Medical_Affiliation\Medical_Affiliation.csproj]
C:\Users\HP\Downloads\Medical\Medical_Affiliation\Controllers\Aff_UnaniController.cs(59,38): warning CS8601: Possible null reference assignment. [C:\Users\HP\Downloads\Medical\Medical_Affiliation\Medical_Affiliation.csproj]
C:\Users\HP\Downloads\Medical\Medical_Affiliation\Controllers\Aff_UnaniController.cs(60,35): warning CS8601: Possible null reference assignment. [C:\Users\HP\Downloads\Medical\Medical_Affiliation\Medical_Affiliation.csproj]
C:\Users\HP\Downloads\Medical\Medical_Affiliation\Controllers\Aff_UnaniController.cs(86,35): warning CS8601: Possible null reference assignment. [C:\Users\HP\Downloads\Medical\Medical_Affiliation\Medical_Affiliation.csproj]
C:\Users\HP\Downloads\Medical\Medical_Affiliation\Controllers\Aff_UnaniController.cs(88,37): warning CS8601: Possible null reference assignment. [C:\Users\HP\Downloads\Medical\Medical_Affiliation\Medical_Affiliation.csproj]
C:\Users\HP\Downloads\Medical\Medical_Affiliation\Controllers\ContinuationAffiliationClinicalFacilitiesController.cs(106,38): warning CS8602: Dereference of a possibly null reference. [C:\Users\HP\Downloads\Medical\Medical_Affiliation\Medical_Affiliation.csproj]
C:\Users\HP\Downloads\Medical\Medical_Affiliation\Controllers\ContinuationAffiliationClinicalFacilitiesController.cs(110,40): warning CS8602: Dereference of a possibly null reference. [C:\Users\HP\Downloads\Medical\Medical_Affiliation\Medical_Affiliation.csproj]
C:\Users\HP\Downloads\Medical\Medical_Affiliation\Controllers\ContinuationAffiliationClinicalFacilitiesController.cs(122,32): warning CS8600: Converting null literal or possible null value to non-nullable type. [C:\Users\HP\Downloads\Medical\Medical_Affiliation\Medical_Affiliation.csproj]
C:\Users\HP\Downloads\Medical\Medical_Affiliation\Controllers\ContinuationAffiliationClinicalFacilitiesController.cs(142,41): warning CS8602: Dereference of a possibly null reference. [C:\Users\HP\Downloads\Medical\Medical_Affiliation\Medical_Affiliation.csproj]
C:\Users\HP\Downloads\Medical\Medical_Affiliation\Controllers\ContinuationAffiliationClinicalFacilitiesController.cs(143,44): warning CS8602: Dereference of a possibly null reference. [C:\Users\HP\Downloads\Medical\Medical_Affiliation\Medical_Affiliation.csproj]
C:\Users\HP\Downloads\Medical\Medical_Affiliation\Controllers\ContinuationAffiliationClinicalFacilitiesController.cs(146,47): warning CS8602: Dereference of a possibly null reference. [C:\Users\HP\Downloads\Medical\Medical_Affiliation\Medical_Affiliation.csproj]
C:\Users\HP\Downloads\Medical\Medical_Affiliation\Controllers\ContinuationAffiliationClinicalFacilitiesController.cs(147,44): warning CS8602: Dereference of a possibly null reference. [C:\Users\HP\Downloads\Medical\Medical_Affiliation\Medical_Affiliation.csproj]
C:\Users\HP\Downloads\Medical\Medical_Affiliation\Controllers\Aff_AHSController.cs(2080,21): warning CS8602: Dereference of a possibly null reference. [C:\Users\HP\Downloads\Medical\Medical_Affiliation\Medical_Affiliation.csproj]
C:\Users\HP\Downloads\Medical\Medical_Affiliation\Controllers\Aff_AHSController.cs(2085,46): warning CS8629: Nullable value type may be null. [C:\Users\HP\Downloads\Medical\Medical_Affiliation\Medical_Affiliation.csproj]
C:\Users\HP\Downloads\Medical\Medical_Affiliation\Controllers\Aff_AHSController.cs(2086,43): warning CS8629: Nullable value type may be null. [C:\Users\HP\Downloads\Medical\Medical_Affiliation\Medical_Affiliation.csproj]
C:\Users\HP\Downloads\Medical\Medical_Affiliation\Controllers\CA_Med_ResearchPublicationsController.cs(31,19): warning CS8604: Possible null reference argument for parameter 'source' in 'IEnumerable<string> Enumerable.Select<string, string>(IEnumerable<string> source, Func<string, string> selector)'. [C:\Users\HP\Downloads\Medical\Medical_Affiliation\Medical_Affiliation.csproj]
C:\Users\HP\Downloads\Medical\Medical_Affiliation\Controllers\Aff_PhysioTherapyController.cs(366,32): warning CS8600: Converting null literal or possible null value to non-nullable type. [C:\Users\HP\Downloads\Medical\Medical_Affiliation\Medical_Affiliation.csproj]
C:\Users\HP\Downloads\Medical\Medical_Affiliation\Controllers\Aff_PhysioTherapyController.cs(372,43): warning CS8600: Converting null literal or possible null value to non-nullable type. [C:\Users\HP\Downloads\Medical\Medical_Affiliation\Medical_Affiliation.csproj]
C:\Users\HP\Downloads\Medical\Medical_Affiliation\Controllers\Aff_PhysioTherapyController.cs(373,43): warning CS8600: Converting null literal or possible null value to non-nullable type. [C:\Users\HP\Downloads\Medical\Medical_Affiliation\Medical_Affiliation.csproj]
C:\Users\HP\Downloads\Medical\Medical_Affiliation\Controllers\Aff_PhysioTherapyController.cs(374,41): warning CS8600: Converting null literal or possible null value to non-nullable type. [C:\Users\HP\Downloads\Medical\Medical_Affiliation\Medical_Affiliation.csproj]
C:\Users\HP\Downloads\Medical\Medical_Affiliation\Controllers\ContinuousAffiliationController.cs(20,16): warning CS8618: Non-nullable field '_userContext' must contain a non-null value when exiting constructor. Consider adding the 'required' modifier or declaring the field as nullable. [C:\Users\HP\Downloads\Medical\Medical_Affiliation\Medical_Affiliation.csproj]
C:\Users\HP\Downloads\Medical\Medical_Affiliation\Controllers\ContinuousAffiliationController.cs(20,16): warning CS8618: Non-nullable field '__userContext' must contain a non-null value when exiting constructor. Consider adding the 'required' modifier or declaring the field as nullable. [C:\Users\HP\Downloads\Medical\Medical_Affiliation\Medical_Affiliation.csproj]
C:\Users\HP\Downloads\Medical\Medical_Affiliation\Controllers\ContinuousAffiliationController.cs(20,16): warning CS8618: Non-nullable field '_webHostEnvironment' must contain a non-null value when exiting constructor. Consider adding the 'required' modifier or declaring the field as nullable. [C:\Users\HP\Downloads\Medical\Medical_Affiliation\Medical_Affiliation.csproj]
C:\Users\HP\Downloads\Medical\Medical_Affiliation\Controllers\Aff_NursingController.cs(687,45): warning CS8600: Converting null literal or possible null value to non-nullable type. [C:\Users\HP\Downloads\Medical\Medical_Affiliation\Medical_Affiliation.csproj]
C:\Users\HP\Downloads\Medical\Medical_Affiliation\Controllers\Aff_NursingController.cs(688,48): warning CS8600: Converting null literal or possible null value to non-nullable type. [C:\Users\HP\Downloads\Medical\Medical_Affiliation\Medical_Affiliation.csproj]
C:\Users\HP\Downloads\Medical\Medical_Affiliation\Controllers\Aff_NursingController.cs(689,44): warning CS8600: Converting null literal or possible null value to non-nullable type. [C:\Users\HP\Downloads\Medical\Medical_Affiliation\Medical_Affiliation.csproj]
C:\Users\HP\Downloads\Medical\Medical_Affiliation\Controllers\Aff_NursingController.cs(690,35): warning CS8600: Converting null literal or possible null value to non-nullable type. [C:\Users\HP\Downloads\Medical\Medical_Affiliation\Medical_Affiliation.csproj]
C:\Users\HP\Downloads\Medical\Medical_Affiliation\Controllers\Aff_NursingController.cs(691,40): warning CS8600: Converting null literal or possible null value to non-nullable type. [C:\Users\HP\Downloads\Medical\Medical_Affiliation\Medical_Affiliation.csproj]
C:\Users\HP\Downloads\Medical\Medical_Affiliation\Controllers\Aff_NursingController.cs(692,36): warning CS8600: Converting null literal or possible null value to non-nullable type. [C:\Users\HP\Downloads\Medical\Medical_Affiliation\Medical_Affiliation.csproj]
C:\Users\HP\Downloads\Medical\Medical_Affiliation\Controllers\Aff_NursingController.cs(777,32): warning CS8600: Converting null literal or possible null value to non-nullable type. [C:\Users\HP\Downloads\Medical\Medical_Affiliation\Medical_Affiliation.csproj]
C:\Users\HP\Downloads\Medical\Medical_Affiliation\Controllers\Aff_NursingController.cs(784,33): warning CS8600: Converting null literal or possible null value to non-nullable type. [C:\Users\HP\Downloads\Medical\Medical_Affiliation\Medical_Affiliation.csproj]
C:\Users\HP\Downloads\Medical\Medical_Affiliation\Controllers\Aff_NursingController.cs(789,33): warning CS8600: Converting null literal or possible null value to non-nullable type. [C:\Users\HP\Downloads\Medical\Medical_Affiliation\Medical_Affiliation.csproj]
C:\Users\HP\Downloads\Medical\Medical_Affiliation\Controllers\Aff_NursingController.cs(794,33): warning CS8600: Converting null literal or possible null value to non-nullable type. [C:\Users\HP\Downloads\Medical\Medical_Affiliation\Medical_Affiliation.csproj]
C:\Users\HP\Downloads\Medical\Medical_Affiliation\Controllers\Aff_NursingController.cs(799,33): warning CS8600: Converting null literal or possible null value to non-nullable type. [C:\Users\HP\Downloads\Medical\Medical_Affiliation\Medical_Affiliation.csproj]
C:\Users\HP\Downloads\Medical\Medical_Affiliation\Controllers\CA_Med_StaffDetailsController.cs(278,41): warning CS8604: Possible null reference argument for parameter 'facultyCode' in 'Task<string?> CA_Med_StaffDetailsController.SaveStaffFileAsync(IFormFile? file, string folder, string facultyCode)'. [C:\Users\HP\Downloads\Medical\Medical_Affiliation\Medical_Affiliation.csproj]
C:\Users\HP\Downloads\Medical\Medical_Affiliation\Controllers\CA_Med_StaffDetailsController.cs(291,41): warning CS8604: Possible null reference argument for parameter 'facultyCode' in 'Task<string?> CA_Med_StaffDetailsController.SaveStaffFileAsync(IFormFile? file, string folder, string facultyCode)'. [C:\Users\HP\Downloads\Medical\Medical_Affiliation\Medical_Affiliation.csproj]
C:\Users\HP\Downloads\Medical\Medical_Affiliation\Controllers\CA_Med_StaffDetailsController.cs(318,25): warning CS8604: Possible null reference argument for parameter 'facultyCode' in 'Task<string?> CA_Med_StaffDetailsController.SaveStaffFileAsync(IFormFile? file, string folder, string facultyCode)'. [C:\Users\HP\Downloads\Medical\Medical_Affiliation\Medical_Affiliation.csproj]
C:\Users\HP\Downloads\Medical\Medical_Affiliation\Controllers\CA_Med_StaffDetailsController.cs(336,25): warning CS8604: Possible null reference argument for parameter 'facultyCode' in 'Task<string?> CA_Med_StaffDetailsController.SaveStaffFileAsync(IFormFile? file, string folder, string facultyCode)'. [C:\Users\HP\Downloads\Medical\Medical_Affiliation\Medical_Affiliation.csproj]
C:\Users\HP\Downloads\Medical\Medical_Affiliation\Controllers\ContinuationAffiliationClinicalFacilitiesController.cs(187,34): warning CS8602: Dereference of a possibly null reference. [C:\Users\HP\Downloads\Medical\Medical_Affiliation\Medical_Affiliation.csproj]
C:\Users\HP\Downloads\Medical\Medical_Affiliation\Controllers\ContinuationAffiliationClinicalFacilitiesController.cs(191,36): warning CS8602: Dereference of a possibly null reference. [C:\Users\HP\Downloads\Medical\Medical_Affiliation\Medical_Affiliation.csproj]
C:\Users\HP\Downloads\Medical\Medical_Affiliation\Controllers\ContinuationAffiliationClinicalFacilitiesController.cs(216,47): warning CS8602: Dereference of a possibly null reference. [C:\Users\HP\Downloads\Medical\Medical_Affiliation\Medical_Affiliation.csproj]
C:\Users\HP\Downloads\Medical\Medical_Affiliation\Controllers\Aff_HomeopathyController.cs(681,45): warning CS8600: Converting null literal or possible null value to non-nullable type. [C:\Users\HP\Downloads\Medical\Medical_Affiliation\Medical_Affiliation.csproj]
C:\Users\HP\Downloads\Medical\Medical_Affiliation\Controllers\Aff_HomeopathyController.cs(682,48): warning CS8600: Converting null literal or possible null value to non-nullable type. [C:\Users\HP\Downloads\Medical\Medical_Affiliation\Medical_Affiliation.csproj]
C:\Users\HP\Downloads\Medical\Medical_Affiliation\Controllers\Aff_HomeopathyController.cs(683,44): warning CS8600: Converting null literal or possible null value to non-nullable type. [C:\Users\HP\Downloads\Medical\Medical_Affiliation\Medical_Affiliation.csproj]
C:\Users\HP\Downloads\Medical\Medical_Affiliation\Controllers\Aff_HomeopathyController.cs(684,39): warning CS8600: Converting null literal or possible null value to non-nullable type. [C:\Users\HP\Downloads\Medical\Medical_Affiliation\Medical_Affiliation.csproj]
C:\Users\HP\Downloads\Medical\Medical_Affiliation\Controllers\Aff_HomeopathyController.cs(689,38): warning CS8600: Converting null literal or possible null value to non-nullable type. [C:\Users\HP\Downloads\Medical\Medical_Affiliation\Medical_Affiliation.csproj]
C:\Users\HP\Downloads\Medical\Medical_Affiliation\Controllers\Aff_HomeopathyController.cs(690,39): warning CS8600: Converting null literal or possible null value to non-nullable type. [C:\Users\HP\Downloads\Medical\Medical_Affiliation\Medical_Affiliation.csproj]
C:\Users\HP\Downloads\Medical\Medical_Affiliation\Controllers\Aff_HomeopathyController.cs(691,42): warning CS8600: Converting null literal or possible null value to non-nullable type. [C:\Users\HP\Downloads\Medical\Medical_Affiliation\Medical_Affiliation.csproj]
C:\Users\HP\Downloads\Medical\Medical_Affiliation\Controllers\Aff_HomeopathyController.cs(692,37): warning CS8600: Converting null literal or possible null value to non-nullable type. [C:\Users\HP\Downloads\Medical\Medical_Affiliation\Medical_Affiliation.csproj]
C:\Users\HP\Downloads\Medical\Medical_Affiliation\Controllers\Aff_HomeopathyController.cs(693,42): warning CS8600: Converting null literal or possible null value to non-nullable type. [C:\Users\HP\Downloads\Medical\Medical_Affiliation\Medical_Affiliation.csproj]
C:\Users\HP\Downloads\Medical\Medical_Affiliation\Controllers\Aff_HomeopathyController.cs(694,42): warning CS8600: Converting null literal or possible null value to non-nullable type. [C:\Users\HP\Downloads\Medical\Medical_Affiliation\Medical_Affiliation.csproj]
C:\Users\HP\Downloads\Medical\Medical_Affiliation\Controllers\Aff_HomeopathyController.cs(695,42): warning CS8600: Converting null literal or possible null value to non-nullable type. [C:\Users\HP\Downloads\Medical\Medical_Affiliation\Medical_Affiliation.csproj]
C:\Users\HP\Downloads\Medical\Medical_Affiliation\Controllers\Aff_HomeopathyController.cs(696,47): warning CS8600: Converting null literal or possible null value to non-nullable type. [C:\Users\HP\Downloads\Medical\Medical_Affiliation\Medical_Affiliation.csproj]
C:\Users\HP\Downloads\Medical\Medical_Affiliation\Controllers\Aff_HomeopathyController.cs(697,47): warning CS8600: Converting null literal or possible null value to non-nullable type. [C:\Users\HP\Downloads\Medical\Medical_Affiliation\Medical_Affiliation.csproj]
C:\Users\HP\Downloads\Medical\Medical_Affiliation\Controllers\Aff_HomeopathyController.cs(762,57): warning CS8601: Possible null reference assignment. [C:\Users\HP\Downloads\Medical\Medical_Affiliation\Medical_Affiliation.csproj]
C:\Users\HP\Downloads\Medical\Medical_Affiliation\Controllers\Aff_HomeopathyController.cs(792,46): warning CS8601: Possible null reference assignment. [C:\Users\HP\Downloads\Medical\Medical_Affiliation\Medical_Affiliation.csproj]
C:\Users\HP\Downloads\Medical\Medical_Affiliation\Controllers\Aff_HomeopathyController.cs(687,57): warning CS8603: Possible null reference return. [C:\Users\HP\Downloads\Medical\Medical_Affiliation\Medical_Affiliation.csproj]
C:\Users\HP\Downloads\Medical\Medical_Affiliation\Controllers\Aff_HomeopathyController.cs(704,28): warning CS8603: Possible null reference return. [C:\Users\HP\Downloads\Medical\Medical_Affiliation\Medical_Affiliation.csproj]
C:\Users\HP\Downloads\Medical\Medical_Affiliation\Controllers\Aff_PharmacyController.cs(570,32): warning CS8600: Converting null literal or possible null value to non-nullable type. [C:\Users\HP\Downloads\Medical\Medical_Affiliation\Medical_Affiliation.csproj]
C:\Users\HP\Downloads\Medical\Medical_Affiliation\Controllers\Aff_PharmacyController.cs(577,33): warning CS8600: Converting null literal or possible null value to non-nullable type. [C:\Users\HP\Downloads\Medical\Medical_Affiliation\Medical_Affiliation.csproj]
C:\Users\HP\Downloads\Medical\Medical_Affiliation\Controllers\Aff_PharmacyController.cs(581,33): warning CS8600: Converting null literal or possible null value to non-nullable type. [C:\Users\HP\Downloads\Medical\Medical_Affiliation\Medical_Affiliation.csproj]
C:\Users\HP\Downloads\Medical\Medical_Affiliation\Controllers\Aff_PharmacyController.cs(585,33): warning CS8600: Converting null literal or possible null value to non-nullable type. [C:\Users\HP\Downloads\Medical\Medical_Affiliation\Medical_Affiliation.csproj]
C:\Users\HP\Downloads\Medical\Medical_Affiliation\Controllers\Aff_PharmacyController.cs(589,33): warning CS8600: Converting null literal or possible null value to non-nullable type. [C:\Users\HP\Downloads\Medical\Medical_Affiliation\Medical_Affiliation.csproj]
C:\Users\HP\Downloads\Medical\Medical_Affiliation\Controllers\Aff_PharmacyController.cs(593,33): warning CS8600: Converting null literal or possible null value to non-nullable type. [C:\Users\HP\Downloads\Medical\Medical_Affiliation\Medical_Affiliation.csproj]
C:\Users\HP\Downloads\Medical\Medical_Affiliation\Controllers\Aff_PharmacyController.cs(597,33): warning CS8600: Converting null literal or possible null value to non-nullable type. [C:\Users\HP\Downloads\Medical\Medical_Affiliation\Medical_Affiliation.csproj]
C:\Users\HP\Downloads\Medical\Medical_Affiliation\Controllers\Aff_PharmacyController.cs(601,33): warning CS8600: Converting null literal or possible null value to non-nullable type. [C:\Users\HP\Downloads\Medical\Medical_Affiliation\Medical_Affiliation.csproj]
C:\Users\HP\Downloads\Medical\Medical_Affiliation\Controllers\Aff_PharmacyController.cs(605,33): warning CS8600: Converting null literal or possible null value to non-nullable type. [C:\Users\HP\Downloads\Medical\Medical_Affiliation\Medical_Affiliation.csproj]
C:\Users\HP\Downloads\Medical\Medical_Affiliation\Controllers\Aff_PharmacyController.cs(609,33): warning CS8600: Converting null literal or possible null value to non-nullable type. [C:\Users\HP\Downloads\Medical\Medical_Affiliation\Medical_Affiliation.csproj]
C:\Users\HP\Downloads\Medical\Medical_Affiliation\Controllers\Aff_HomeopathyController.cs(841,32): warning CS8600: Converting null literal or possible null value to non-nullable type. [C:\Users\HP\Downloads\Medical\Medical_Affiliation\Medical_Affiliation.csproj]
C:\Users\HP\Downloads\Medical\Medical_Affiliation\Controllers\Aff_HomeopathyController.cs(848,33): warning CS8600: Converting null literal or possible null value to non-nullable type. [C:\Users\HP\Downloads\Medical\Medical_Affiliation\Medical_Affiliation.csproj]
C:\Users\HP\Downloads\Medical\Medical_Affiliation\Controllers\Aff_HomeopathyController.cs(852,33): warning CS8600: Converting null literal or possible null value to non-nullable type. [C:\Users\HP\Downloads\Medical\Medical_Affiliation\Medical_Affiliation.csproj]
C:\Users\HP\Downloads\Medical\Medical_Affiliation\Controllers\Aff_HomeopathyController.cs(856,33): warning CS8600: Converting null literal or possible null value to non-nullable type. [C:\Users\HP\Downloads\Medical\Medical_Affiliation\Medical_Affiliation.csproj]
C:\Users\HP\Downloads\Medical\Medical_Affiliation\Controllers\Aff_HomeopathyController.cs(860,33): warning CS8600: Converting null literal or possible null value to non-nullable type. [C:\Users\HP\Downloads\Medical\Medical_Affiliation\Medical_Affiliation.csproj]
C:\Users\HP\Downloads\Medical\Medical_Affiliation\Controllers\Aff_HomeopathyController.cs(864,33): warning CS8600: Converting null literal or possible null value to non-nullable type. [C:\Users\HP\Downloads\Medical\Medical_Affiliation\Medical_Affiliation.csproj]
C:\Users\HP\Downloads\Medical\Medical_Affiliation\Controllers\Aff_HomeopathyController.cs(868,33): warning CS8600: Converting null literal or possible null value to non-nullable type. [C:\Users\HP\Downloads\Medical\Medical_Affiliation\Medical_Affiliation.csproj]
C:\Users\HP\Downloads\Medical\Medical_Affiliation\Controllers\Aff_HomeopathyController.cs(872,33): warning CS8600: Converting null literal or possible null value to non-nullable type. [C:\Users\HP\Downloads\Medical\Medical_Affiliation\Medical_Affiliation.csproj]
C:\Users\HP\Downloads\Medical\Medical_Affiliation\Controllers\Aff_HomeopathyController.cs(876,33): warning CS8600: Converting null literal or possible null value to non-nullable type. [C:\Users\HP\Downloads\Medical\Medical_Affiliation\Medical_Affiliation.csproj]
C:\Users\HP\Downloads\Medical\Medical_Affiliation\Controllers\Aff_HomeopathyController.cs(880,33): warning CS8600: Converting null literal or possible null value to non-nullable type. [C:\Users\HP\Downloads\Medical\Medical_Affiliation\Medical_Affiliation.csproj]
C:\Users\HP\Downloads\Medical\Medical_Affiliation\Controllers\CollegeBasicDetailsController.cs(232,81): warning CS8604: Possible null reference argument for parameter 'facultyCode' in 'Task<string?> CollegeBasicDetailsController.SaveFileAsync(IFormFile? file, string folder, string facultyCode)'. [C:\Users\HP\Downloads\Medical\Medical_Affiliation\Medical_Affiliation.csproj]
C:\Users\HP\Downloads\Medical\Medical_Affiliation\Controllers\CollegeBasicDetailsController.cs(236,21): warning CS8602: Dereference of a possibly null reference. [C:\Users\HP\Downloads\Medical\Medical_Affiliation\Medical_Affiliation.csproj]
C:\Users\HP\Downloads\Medical\Medical_Affiliation\Controllers\CollegeBasicDetailsController.cs(244,38): warning CS8604: Possible null reference argument for parameter 'e' in 'void CollegeBasicDetailsController.MapViewModelToEntity(InstitutionViewModel vm, AffInstitutionsDetail e)'. [C:\Users\HP\Downloads\Medical\Medical_Affiliation\Medical_Affiliation.csproj]
C:\Users\HP\Downloads\Medical\Medical_Affiliation\Controllers\CollegeBasicDetailsController.cs(282,27): warning CS8601: Possible null reference assignment. [C:\Users\HP\Downloads\Medical\Medical_Affiliation\Medical_Affiliation.csproj]
C:\Users\HP\Downloads\Medical\Medical_Affiliation\Controllers\CollegeBasicDetailsController.cs(284,27): warning CS8601: Possible null reference assignment. [C:\Users\HP\Downloads\Medical\Medical_Affiliation\Medical_Affiliation.csproj]
C:\Users\HP\Downloads\Medical\Medical_Affiliation\Controllers\CollegeBasicDetailsController.cs(285,33): warning CS8601: Possible null reference assignment. [C:\Users\HP\Downloads\Medical\Medical_Affiliation\Medical_Affiliation.csproj]
C:\Users\HP\Downloads\Medical\Medical_Affiliation\Controllers\CollegeBasicDetailsController.cs(300,37): warning CS8601: Possible null reference assignment. [C:\Users\HP\Downloads\Medical\Medical_Affiliation\Medical_Affiliation.csproj]
C:\Users\HP\Downloads\Medical\Medical_Affiliation\Controllers\CollegeBasicDetailsController.cs(301,43): warning CS8601: Possible null reference assignment. [C:\Users\HP\Downloads\Medical\Medical_Affiliation\Medical_Affiliation.csproj]
C:\Users\HP\Downloads\Medical\Medical_Affiliation\Controllers\CollegeBasicDetailsController.cs(302,38): warning CS8601: Possible null reference assignment. [C:\Users\HP\Downloads\Medical\Medical_Affiliation\Medical_Affiliation.csproj]
C:\Users\HP\Downloads\Medical\Medical_Affiliation\Controllers\CollegeBasicDetailsController.cs(303,34): warning CS8601: Possible null reference assignment. [C:\Users\HP\Downloads\Medical\Medical_Affiliation\Medical_Affiliation.csproj]
C:\Users\HP\Downloads\Medical\Medical_Affiliation\Controllers\CollegeBasicDetailsController.cs(304,36): warning CS8601: Possible null reference assignment. [C:\Users\HP\Downloads\Medical\Medical_Affiliation\Medical_Affiliation.csproj]
C:\Users\HP\Downloads\Medical\Medical_Affiliation\Controllers\CollegeBasicDetailsController.cs(305,35): warning CS8601: Possible null reference assignment. [C:\Users\HP\Downloads\Medical\Medical_Affiliation\Medical_Affiliation.csproj]
C:\Users\HP\Downloads\Medical\Medical_Affiliation\Controllers\CollegeBasicDetailsController.cs(308,31): warning CS8601: Possible null reference assignment. [C:\Users\HP\Downloads\Medical\Medical_Affiliation\Medical_Affiliation.csproj]
C:\Users\HP\Downloads\Medical\Medical_Affiliation\Controllers\CollegeBasicDetailsController.cs(314,28): warning CS8601: Possible null reference assignment. [C:\Users\HP\Downloads\Medical\Medical_Affiliation\Medical_Affiliation.csproj]
C:\Users\HP\Downloads\Medical\Medical_Affiliation\Controllers\CollegeBasicDetailsController.cs(319,36): warning CS8601: Possible null reference assignment. [C:\Users\HP\Downloads\Medical\Medical_Affiliation\Medical_Affiliation.csproj]
C:\Users\HP\Downloads\Medical\Medical_Affiliation\Controllers\CollegeBasicDetailsController.cs(320,33): warning CS8601: Possible null reference assignment. [C:\Users\HP\Downloads\Medical\Medical_Affiliation\Medical_Affiliation.csproj]
C:\Users\HP\Downloads\Medical\Medical_Affiliation\Controllers\CA_Aff_MedicalLibraryController.cs(484,38): warning CS8602: Dereference of a possibly null reference. [C:\Users\HP\Downloads\Medical\Medical_Affiliation\Medical_Affiliation.csproj]
C:\Users\HP\Downloads\Medical\Medical_Affiliation\Controllers\CA_Aff_MedicalLibraryController.cs(558,42): warning CS8601: Possible null reference assignment. [C:\Users\HP\Downloads\Medical\Medical_Affiliation\Medical_Affiliation.csproj]
C:\Users\HP\Downloads\Medical\Medical_Affiliation\Controllers\CA_Aff_MedicalLibraryController.cs(567,29): warning CS8604: Possible null reference argument for parameter 'facultyCode' in 'Task<string?> CA_Aff_MedicalLibraryController.SaveLibraryFileAsync(IFormFile? file, string folder, string facultyCode)'. [C:\Users\HP\Downloads\Medical\Medical_Affiliation\Medical_Affiliation.csproj]
C:\Users\HP\Downloads\Medical\Medical_Affiliation\Controllers\CA_Aff_MedicalLibraryController.cs(617,25): warning CS8604: Possible null reference argument for parameter 'facultyCode' in 'Task<string?> CA_Aff_MedicalLibraryController.SaveLibraryFileAsync(IFormFile? file, string folder, string facultyCode)'. [C:\Users\HP\Downloads\Medical\Medical_Affiliation\Medical_Affiliation.csproj]
C:\Users\HP\Downloads\Medical\Medical_Affiliation\Controllers\CA_Aff_MedicalLibraryController.cs(660,41): warning CS8601: Possible null reference assignment. [C:\Users\HP\Downloads\Medical\Medical_Affiliation\Medical_Affiliation.csproj]
C:\Users\HP\Downloads\Medical\Medical_Affiliation\Controllers\CA_Aff_MedicalLibraryController.cs(661,43): warning CS8601: Possible null reference assignment. [C:\Users\HP\Downloads\Medical\Medical_Affiliation\Medical_Affiliation.csproj]
C:\Users\HP\Downloads\Medical\Medical_Affiliation\Controllers\CA_Aff_MedicalLibraryController.cs(662,45): warning CS8601: Possible null reference assignment. [C:\Users\HP\Downloads\Medical\Medical_Affiliation\Medical_Affiliation.csproj]
C:\Users\HP\Downloads\Medical\Medical_Affiliation\Controllers\CA_Aff_MedicalLibraryController.cs(664,40): warning CS8601: Possible null reference assignment. [C:\Users\HP\Downloads\Medical\Medical_Affiliation\Medical_Affiliation.csproj]
C:\Users\HP\Downloads\Medical\Medical_Affiliation\Controllers\CA_Aff_MedicalLibraryController.cs(753,25): warning CS8601: Possible null reference assignment. [C:\Users\HP\Downloads\Medical\Medical_Affiliation\Medical_Affiliation.csproj]
C:\Users\HP\Downloads\Medical\Medical_Affiliation\Controllers\CA_Aff_MedicalLibraryController.cs(781,25): warning CS8604: Possible null reference argument for parameter 'facultyCode' in 'Task<string?> CA_Aff_MedicalLibraryController.SaveLibraryFileAsync(IFormFile? file, string folder, string facultyCode)'. [C:\Users\HP\Downloads\Medical\Medical_Affiliation\Medical_Affiliation.csproj]
C:\Users\HP\Downloads\Medical\Medical_Affiliation\Controllers\CA_Aff_MedicalLibraryController.cs(859,37): warning CS8604: Possible null reference argument for parameter 'facultyCode' in 'Task<string?> CA_Aff_MedicalLibraryController.SaveLibraryFileAsync(IFormFile? file, string folder, string facultyCode)'. [C:\Users\HP\Downloads\Medical\Medical_Affiliation\Medical_Affiliation.csproj]
C:\Users\HP\Downloads\Medical\Medical_Affiliation\Controllers\CollegeBasicDetailsController.cs(344,35): warning CS8601: Possible null reference assignment. [C:\Users\HP\Downloads\Medical\Medical_Affiliation\Medical_Affiliation.csproj]
C:\Users\HP\Downloads\Medical\Medical_Affiliation\Controllers\CollegeBasicDetailsController.cs(347,33): warning CS8601: Possible null reference assignment. [C:\Users\HP\Downloads\Medical\Medical_Affiliation\Medical_Affiliation.csproj]
C:\Users\HP\Downloads\Medical\Medical_Affiliation\Controllers\Aff_UnaniController.cs(219,35): warning CS8601: Possible null reference assignment. [C:\Users\HP\Downloads\Medical\Medical_Affiliation\Medical_Affiliation.csproj]
C:\Users\HP\Downloads\Medical\Medical_Affiliation\Controllers\Aff_PhysioTherapyController.cs(461,31): warning CS8601: Possible null reference assignment. [C:\Users\HP\Downloads\Medical\Medical_Affiliation\Medical_Affiliation.csproj]
C:\Users\HP\Downloads\Medical\Medical_Affiliation\Controllers\Aff_PhysioTherapyController.cs(462,31): warning CS8601: Possible null reference assignment. [C:\Users\HP\Downloads\Medical\Medical_Affiliation\Medical_Affiliation.csproj]
C:\Users\HP\Downloads\Medical\Medical_Affiliation\Controllers\Aff_PhysioTherapyController.cs(469,62): warning CS8603: Possible null reference return. [C:\Users\HP\Downloads\Medical\Medical_Affiliation\Medical_Affiliation.csproj]
C:\Users\HP\Downloads\Medical\Medical_Affiliation\Controllers\Aff_SowaRigPaiController.cs(219,35): warning CS8601: Possible null reference assignment. [C:\Users\HP\Downloads\Medical\Medical_Affiliation\Medical_Affiliation.csproj]
C:\Users\HP\Downloads\Medical\Medical_Affiliation\Controllers\AyurvedhaRepositoryController.cs(219,35): warning CS8601: Possible null reference assignment. [C:\Users\HP\Downloads\Medical\Medical_Affiliation\Medical_Affiliation.csproj]
C:\Users\HP\Downloads\Medical\Medical_Affiliation\Controllers\ContinuationAffiliationClinicalFacilitiesController.cs(325,38): warning CS8602: Dereference of a possibly null reference. [C:\Users\HP\Downloads\Medical\Medical_Affiliation\Medical_Affiliation.csproj]
C:\Users\HP\Downloads\Medical\Medical_Affiliation\Controllers\ContinuationAffiliationClinicalFacilitiesController.cs(329,40): warning CS8602: Dereference of a possibly null reference. [C:\Users\HP\Downloads\Medical\Medical_Affiliation\Medical_Affiliation.csproj]
C:\Users\HP\Downloads\Medical\Medical_Affiliation\Controllers\ContinuationAffiliationClinicalFacilitiesController.cs(381,100): warning CS8604: Possible null reference argument for parameter 'facultyCode' in 'Task<string?> ContinuationAffiliationClinicalFacilitiesController.SaveAffiliatedHospitalFileAsync(IFormFile? file, string facultyCode)'. [C:\Users\HP\Downloads\Medical\Medical_Affiliation\Medical_Affiliation.csproj]
C:\Users\HP\Downloads\Medical\Medical_Affiliation\Controllers\ContinuationAffiliationClinicalFacilitiesController.cs(403,96): warning CS8604: Possible null reference argument for parameter 'facultyCode' in 'Task<string?> ContinuationAffiliationClinicalFacilitiesController.SaveAffiliatedHospitalFileAsync(IFormFile? file, string facultyCode)'. [C:\Users\HP\Downloads\Medical\Medical_Affiliation\Medical_Affiliation.csproj]
C:\Users\HP\Downloads\Medical\Medical_Affiliation\Controllers\Aff_CA_SS_CoursesAppliedSSController.cs(1372,43): warning CS8604: Possible null reference argument for parameter 'item' in 'bool List<string>.Contains(string item)'. [C:\Users\HP\Downloads\Medical\Medical_Affiliation\Medical_Affiliation.csproj]
C:\Users\HP\Downloads\Medical\Medical_Affiliation\Controllers\Aff_CA_SS_CoursesAppliedSSController.cs(1377,87): warning CS8604: Possible null reference argument for parameter 's' in 'int int.Parse(string s)'. [C:\Users\HP\Downloads\Medical\Medical_Affiliation\Medical_Affiliation.csproj]
C:\Users\HP\Downloads\Medical\Medical_Affiliation\Controllers\Aff_CA_SS_CoursesAppliedSSController.cs(1381,44): warning CS8604: Possible null reference argument for parameter 's' in 'int int.Parse(string s)'. [C:\Users\HP\Downloads\Medical\Medical_Affiliation\Medical_Affiliation.csproj]
C:\Users\HP\Downloads\Medical\Medical_Affiliation\Controllers\Aff_CA_SS_CoursesAppliedSSController.cs(1382,34): warning CS8601: Possible null reference assignment. [C:\Users\HP\Downloads\Medical\Medical_Affiliation\Medical_Affiliation.csproj]
C:\Users\HP\Downloads\Medical\Medical_Affiliation\Controllers\Aff_CA_SS_CoursesAppliedSSController.cs(1394,43): warning CS8604: Possible null reference argument for parameter 'item' in 'bool List<string>.Contains(string item)'. [C:\Users\HP\Downloads\Medical\Medical_Affiliation\Medical_Affiliation.csproj]
C:\Users\HP\Downloads\Medical\Medical_Affiliation\Controllers\Aff_CA_SS_CoursesAppliedSSController.cs(1399,88): warning CS8604: Possible null reference argument for parameter 's' in 'int int.Parse(string s)'. [C:\Users\HP\Downloads\Medical\Medical_Affiliation\Medical_Affiliation.csproj]
C:\Users\HP\Downloads\Medical\Medical_Affiliation\Controllers\Aff_CA_SS_CoursesAppliedSSController.cs(1403,44): warning CS8604: Possible null reference argument for parameter 's' in 'int int.Parse(string s)'. [C:\Users\HP\Downloads\Medical\Medical_Affiliation\Medical_Affiliation.csproj]
C:\Users\HP\Downloads\Medical\Medical_Affiliation\Controllers\Aff_CA_SS_CoursesAppliedSSController.cs(1404,34): warning CS8601: Possible null reference assignment. [C:\Users\HP\Downloads\Medical\Medical_Affiliation\Medical_Affiliation.csproj]
C:\Users\HP\Downloads\Medical\Medical_Affiliation\Controllers\Aff_CA_SS_CoursesAppliedSSController.cs(1417,43): warning CS8604: Possible null reference argument for parameter 'item' in 'bool List<string>.Contains(string item)'. [C:\Users\HP\Downloads\Medical\Medical_Affiliation\Medical_Affiliation.csproj]
C:\Users\HP\Downloads\Medical\Medical_Affiliation\Controllers\Aff_CA_SS_CoursesAppliedSSController.cs(1422,87): warning CS8604: Possible null reference argument for parameter 's' in 'int int.Parse(string s)'. [C:\Users\HP\Downloads\Medical\Medical_Affiliation\Medical_Affiliation.csproj]
C:\Users\HP\Downloads\Medical\Medical_Affiliation\Controllers\Aff_CA_SS_CoursesAppliedSSController.cs(1427,44): warning CS8604: Possible null reference argument for parameter 's' in 'int int.Parse(string s)'. [C:\Users\HP\Downloads\Medical\Medical_Affiliation\Medical_Affiliation.csproj]
C:\Users\HP\Downloads\Medical\Medical_Affiliation\Controllers\Aff_CA_SS_CoursesAppliedSSController.cs(1428,34): warning CS8601: Possible null reference assignment. [C:\Users\HP\Downloads\Medical\Medical_Affiliation\Medical_Affiliation.csproj]
C:\Users\HP\Downloads\Medical\Medical_Affiliation\Controllers\Aff_CA_SS_CoursesAppliedSSController.cs(1441,43): warning CS8604: Possible null reference argument for parameter 'item' in 'bool List<string>.Contains(string item)'. [C:\Users\HP\Downloads\Medical\Medical_Affiliation\Medical_Affiliation.csproj]
C:\Users\HP\Downloads\Medical\Medical_Affiliation\Controllers\Aff_CA_SS_CoursesAppliedSSController.cs(1452,34): warning CS8601: Possible null reference assignment. [C:\Users\HP\Downloads\Medical\Medical_Affiliation\Medical_Affiliation.csproj]
C:\Users\HP\Downloads\Medical\Medical_Affiliation\Controllers\CA_Aff_MedicalLibraryController.cs(1380,92): warning CS8600: Converting null literal or possible null value to non-nullable type. [C:\Users\HP\Downloads\Medical\Medical_Affiliation\Medical_Affiliation.csproj]
C:\Users\HP\Downloads\Medical\Medical_Affiliation\Controllers\DentalController.cs(79,41): warning CS8601: Possible null reference assignment. [C:\Users\HP\Downloads\Medical\Medical_Affiliation\Medical_Affiliation.csproj]
C:\Users\HP\Downloads\Medical\Medical_Affiliation\Controllers\CA_Med_StaffDetailsController.cs(384,18): warning CS8604: Possible null reference argument for parameter 'source' in 'IEnumerable<string> Enumerable.Select<string, string>(IEnumerable<string> source, Func<string, string> selector)'. [C:\Users\HP\Downloads\Medical\Medical_Affiliation\Medical_Affiliation.csproj]
C:\Users\HP\Downloads\Medical\Medical_Affiliation\Controllers\CA_Aff_MedicalLibraryController.cs(1412,73): warning CS8600: Converting null literal or possible null value to non-nullable type. [C:\Users\HP\Downloads\Medical\Medical_Affiliation\Medical_Affiliation.csproj]
C:\Users\HP\Downloads\Medical\Medical_Affiliation\Controllers\Aff_HomeopathyController.cs(974,39): warning CS8601: Possible null reference assignment. [C:\Users\HP\Downloads\Medical\Medical_Affiliation\Medical_Affiliation.csproj]
C:\Users\HP\Downloads\Medical\Medical_Affiliation\Controllers\Aff_HomeopathyController.cs(975,39): warning CS8601: Possible null reference assignment. [C:\Users\HP\Downloads\Medical\Medical_Affiliation\Medical_Affiliation.csproj]
C:\Users\HP\Downloads\Medical\Medical_Affiliation\Controllers\CA_Med_StaffDetailsController.cs(553,21): warning CS8600: Converting null literal or possible null value to non-nullable type. [C:\Users\HP\Downloads\Medical\Medical_Affiliation\Medical_Affiliation.csproj]
C:\Users\HP\Downloads\Medical\Medical_Affiliation\Controllers\CA_Aff_MedicalLibraryController.cs(1443,78): warning CS8600: Converting null literal or possible null value to non-nullable type. [C:\Users\HP\Downloads\Medical\Medical_Affiliation\Medical_Affiliation.csproj]
C:\Users\HP\Downloads\Medical\Medical_Affiliation\Controllers\Aff_HomeopathyController.cs(1434,21): warning CS8602: Dereference of a possibly null reference. [C:\Users\HP\Downloads\Medical\Medical_Affiliation\Medical_Affiliation.csproj]
C:\Users\HP\Downloads\Medical\Medical_Affiliation\Controllers\Aff_HomeopathyController.cs(1439,46): warning CS8629: Nullable value type may be null. [C:\Users\HP\Downloads\Medical\Medical_Affiliation\Medical_Affiliation.csproj]
C:\Users\HP\Downloads\Medical\Medical_Affiliation\Controllers\Aff_HomeopathyController.cs(1440,43): warning CS8629: Nullable value type may be null. [C:\Users\HP\Downloads\Medical\Medical_Affiliation\Medical_Affiliation.csproj]
C:\Users\HP\Downloads\Medical\Medical_Affiliation\Controllers\ContinuesAffiliation_FacultybasedController.cs(363,21): warning CS8602: Dereference of a possibly null reference. [C:\Users\HP\Downloads\Medical\Medical_Affiliation\Medical_Affiliation.csproj]
C:\Users\HP\Downloads\Medical\Medical_Affiliation\Controllers\ContinuesAffiliation_FacultybasedController.cs(364,21): warning CS8602: Dereference of a possibly null reference. [C:\Users\HP\Downloads\Medical\Medical_Affiliation\Medical_Affiliation.csproj]
C:\Users\HP\Downloads\Medical\Medical_Affiliation\Controllers\ContinuesAffiliation_FacultybasedController.cs(374,30): warning CS8601: Possible null reference assignment. [C:\Users\HP\Downloads\Medical\Medical_Affiliation\Medical_Affiliation.csproj]
C:\Users\HP\Downloads\Medical\Medical_Affiliation\Controllers\ContinuesAffiliation_FacultybasedController.cs(375,35): warning CS8601: Possible null reference assignment. [C:\Users\HP\Downloads\Medical\Medical_Affiliation\Medical_Affiliation.csproj]
C:\Users\HP\Downloads\Medical\Medical_Affiliation\Controllers\ContinuesAffiliation_FacultybasedController.cs(376,30): warning CS8601: Possible null reference assignment. [C:\Users\HP\Downloads\Medical\Medical_Affiliation\Medical_Affiliation.csproj]
C:\Users\HP\Downloads\Medical\Medical_Affiliation\Controllers\ContinuesAffiliation_FacultybasedController.cs(377,26): warning CS8601: Possible null reference assignment. [C:\Users\HP\Downloads\Medical\Medical_Affiliation\Medical_Affiliation.csproj]
C:\Users\HP\Downloads\Medical\Medical_Affiliation\Controllers\ContinuesAffiliation_FacultybasedController.cs(379,30): warning CS8601: Possible null reference assignment. [C:\Users\HP\Downloads\Medical\Medical_Affiliation\Medical_Affiliation.csproj]
C:\Users\HP\Downloads\Medical\Medical_Affiliation\Controllers\ContinuesAffiliation_FacultybasedController.cs(388,32): warning CS8601: Possible null reference assignment. [C:\Users\HP\Downloads\Medical\Medical_Affiliation\Medical_Affiliation.csproj]
C:\Users\HP\Downloads\Medical\Medical_Affiliation\Controllers\ContinuesAffiliation_FacultybasedController.cs(389,41): warning CS8601: Possible null reference assignment. [C:\Users\HP\Downloads\Medical\Medical_Affiliation\Medical_Affiliation.csproj]
C:\Users\HP\Downloads\Medical\Medical_Affiliation\Controllers\ContinuesAffiliation_FacultybasedController.cs(401,42): warning CS8601: Possible null reference assignment. [C:\Users\HP\Downloads\Medical\Medical_Affiliation\Medical_Affiliation.csproj]
C:\Users\HP\Downloads\Medical\Medical_Affiliation\Controllers\CA_Med_ResearchPublicationsController.cs(317,43): warning CS8601: Possible null reference assignment. [C:\Users\HP\Downloads\Medical\Medical_Affiliation\Medical_Affiliation.csproj]
C:\Users\HP\Downloads\Medical\Medical_Affiliation\Controllers\CA_Med_ResearchPublicationsController.cs(380,66): warning CS8604: Possible null reference argument for parameter 'facultyCode' in 'Task<string?> CA_Med_ResearchPublicationsController.SaveResearchFileAsync(IFormFile? file, string folder, string facultyCode)'. [C:\Users\HP\Downloads\Medical\Medical_Affiliation\Medical_Affiliation.csproj]
C:\Users\HP\Downloads\Medical\Medical_Affiliation\Controllers\ContinuationAffiliationClinicalFacilitiesController.cs(492,43): warning CS8601: Possible null reference assignment. [C:\Users\HP\Downloads\Medical\Medical_Affiliation\Medical_Affiliation.csproj]
C:\Users\HP\Downloads\Medical\Medical_Affiliation\Controllers\CA_Aff_AcademicMattersController.cs(219,34): warning CS8600: Converting null literal or possible null value to non-nullable type. [C:\Users\HP\Downloads\Medical\Medical_Affiliation\Medical_Affiliation.csproj]
C:\Users\HP\Downloads\Medical\Medical_Affiliation\Controllers\CA_Aff_AcademicMattersController.cs(261,31): warning CS8601: Possible null reference assignment. [C:\Users\HP\Downloads\Medical\Medical_Affiliation\Medical_Affiliation.csproj]
C:\Users\HP\Downloads\Medical\Medical_Affiliation\Controllers\CA_Aff_AcademicMattersController.cs(283,21): warning CS8602: Dereference of a possibly null reference. [C:\Users\HP\Downloads\Medical\Medical_Affiliation\Medical_Affiliation.csproj]
C:\Users\HP\Downloads\Medical\Medical_Affiliation\Controllers\CA_Aff_AcademicMattersController.cs(298,31): warning CS8601: Possible null reference assignment. [C:\Users\HP\Downloads\Medical\Medical_Affiliation\Medical_Affiliation.csproj]
C:\Users\HP\Downloads\Medical\Medical_Affiliation\Controllers\CA_Aff_AcademicMattersController.cs(317,35): warning CS8601: Possible null reference assignment. [C:\Users\HP\Downloads\Medical\Medical_Affiliation\Medical_Affiliation.csproj]
C:\Users\HP\Downloads\Medical\Medical_Affiliation\Controllers\ContinuousAffiliationController.cs(208,44): warning CS8601: Possible null reference assignment. [C:\Users\HP\Downloads\Medical\Medical_Affiliation\Medical_Affiliation.csproj]
C:\Users\HP\Downloads\Medical\Medical_Affiliation\Controllers\CourseAffiliationController.cs(80,37): warning CS8601: Possible null reference assignment. [C:\Users\HP\Downloads\Medical\Medical_Affiliation\Medical_Affiliation.csproj]
C:\Users\HP\Downloads\Medical\Medical_Affiliation\Controllers\CourseAffiliationController.cs(81,31): warning CS8601: Possible null reference assignment. [C:\Users\HP\Downloads\Medical\Medical_Affiliation\Medical_Affiliation.csproj]
C:\Users\HP\Downloads\Medical\Medical_Affiliation\Controllers\Aff_UnaniController.cs(366,32): warning CS8600: Converting null literal or possible null value to non-nullable type. [C:\Users\HP\Downloads\Medical\Medical_Affiliation\Medical_Affiliation.csproj]
C:\Users\HP\Downloads\Medical\Medical_Affiliation\Controllers\Aff_UnaniController.cs(372,43): warning CS8600: Converting null literal or possible null value to non-nullable type. [C:\Users\HP\Downloads\Medical\Medical_Affiliation\Medical_Affiliation.csproj]
C:\Users\HP\Downloads\Medical\Medical_Affiliation\Controllers\Aff_UnaniController.cs(373,43): warning CS8600: Converting null literal or possible null value to non-nullable type. [C:\Users\HP\Downloads\Medical\Medical_Affiliation\Medical_Affiliation.csproj]
C:\Users\HP\Downloads\Medical\Medical_Affiliation\Controllers\Aff_UnaniController.cs(374,41): warning CS8600: Converting null literal or possible null value to non-nullable type. [C:\Users\HP\Downloads\Medical\Medical_Affiliation\Medical_Affiliation.csproj]
C:\Users\HP\Downloads\Medical\Medical_Affiliation\Controllers\DentalController.cs(200,34): warning CS8600: Converting null literal or possible null value to non-nullable type. [C:\Users\HP\Downloads\Medical\Medical_Affiliation\Medical_Affiliation.csproj]
C:\Users\HP\Downloads\Medical\Medical_Affiliation\Controllers\DentalController.cs(205,31): warning CS8601: Possible null reference assignment. [C:\Users\HP\Downloads\Medical\Medical_Affiliation\Medical_Affiliation.csproj]
C:\Users\HP\Downloads\Medical\Medical_Affiliation\Controllers\CA_ApplicationStatusReportController.cs(193,51): warning CS8604: Possible null reference argument for parameter 'item' in 'bool List<string>.Contains(string item)'. [C:\Users\HP\Downloads\Medical\Medical_Affiliation\Medical_Affiliation.csproj]
C:\Users\HP\Downloads\Medical\Medical_Affiliation\Controllers\CA_ApplicationStatusReportController.cs(216,48): warning CS8604: Possible null reference argument for parameter 'key' in 'bool Dictionary<string, List<string>>.ContainsKey(string key)'. [C:\Users\HP\Downloads\Medical\Medical_Affiliation\Medical_Affiliation.csproj]
C:\Users\HP\Downloads\Medical\Medical_Affiliation\Controllers\CA_ApplicationStatusReportController.cs(226,76): warning CS8604: Possible null reference argument for parameter 'item' in 'bool List<string>.Contains(string item)'. [C:\Users\HP\Downloads\Medical\Medical_Affiliation\Medical_Affiliation.csproj]
C:\Users\HP\Downloads\Medical\Medical_Affiliation\Controllers\CA_ApplicationStatusReportController.cs(271,35): warning CS8601: Possible null reference assignment. [C:\Users\HP\Downloads\Medical\Medical_Affiliation\Medical_Affiliation.csproj]
C:\Users\HP\Downloads\Medical\Medical_Affiliation\Controllers\CA_ApplicationStatusReportController.cs(202,29): warning CS0472: The result of the expression is always 'true' since a value of type 'int' is never equal to 'null' of type 'int?' [C:\Users\HP\Downloads\Medical\Medical_Affiliation\Medical_Affiliation.csproj]
C:\Users\HP\Downloads\Medical\Medical_Affiliation\Controllers\Aff_PhysioTherapyController.cs(570,32): warning CS8600: Converting null literal or possible null value to non-nullable type. [C:\Users\HP\Downloads\Medical\Medical_Affiliation\Medical_Affiliation.csproj]
C:\Users\HP\Downloads\Medical\Medical_Affiliation\Controllers\Aff_PhysioTherapyController.cs(577,33): warning CS8600: Converting null literal or possible null value to non-nullable type. [C:\Users\HP\Downloads\Medical\Medical_Affiliation\Medical_Affiliation.csproj]
C:\Users\HP\Downloads\Medical\Medical_Affiliation\Controllers\Aff_PhysioTherapyController.cs(581,33): warning CS8600: Converting null literal or possible null value to non-nullable type. [C:\Users\HP\Downloads\Medical\Medical_Affiliation\Medical_Affiliation.csproj]
C:\Users\HP\Downloads\Medical\Medical_Affiliation\Controllers\Aff_PhysioTherapyController.cs(585,33): warning CS8600: Converting null literal or possible null value to non-nullable type. [C:\Users\HP\Downloads\Medical\Medical_Affiliation\Medical_Affiliation.csproj]
C:\Users\HP\Downloads\Medical\Medical_Affiliation\Controllers\Aff_PhysioTherapyController.cs(589,33): warning CS8600: Converting null literal or possible null value to non-nullable type. [C:\Users\HP\Downloads\Medical\Medical_Affiliation\Medical_Affiliation.csproj]
C:\Users\HP\Downloads\Medical\Medical_Affiliation\Controllers\Aff_PhysioTherapyController.cs(593,33): warning CS8600: Converting null literal or possible null value to non-nullable type. [C:\Users\HP\Downloads\Medical\Medical_Affiliation\Medical_Affiliation.csproj]
C:\Users\HP\Downloads\Medical\Medical_Affiliation\Controllers\Aff_PhysioTherapyController.cs(597,33): warning CS8600: Converting null literal or possible null value to non-nullable type. [C:\Users\HP\Downloads\Medical\Medical_Affiliation\Medical_Affiliation.csproj]
C:\Users\HP\Downloads\Medical\Medical_Affiliation\Controllers\Aff_PhysioTherapyController.cs(601,33): warning CS8600: Converting null literal or possible null value to non-nullable type. [C:\Users\HP\Downloads\Medical\Medical_Affiliation\Medical_Affiliation.csproj]
C:\Users\HP\Downloads\Medical\Medical_Affiliation\Controllers\Aff_PhysioTherapyController.cs(605,33): warning CS8600: Converting null literal or possible null value to non-nullable type. [C:\Users\HP\Downloads\Medical\Medical_Affiliation\Medical_Affiliation.csproj]
C:\Users\HP\Downloads\Medical\Medical_Affiliation\Controllers\Aff_PhysioTherapyController.cs(609,33): warning CS8600: Converting null literal or possible null value to non-nullable type. [C:\Users\HP\Downloads\Medical\Medical_Affiliation\Medical_Affiliation.csproj]
C:\Users\HP\Downloads\Medical\Medical_Affiliation\Controllers\Aff_SowaRigPaiController.cs(366,32): warning CS8600: Converting null literal or possible null value to non-nullable type. [C:\Users\HP\Downloads\Medical\Medical_Affiliation\Medical_Affiliation.csproj]
C:\Users\HP\Downloads\Medical\Medical_Affiliation\Controllers\Aff_SowaRigPaiController.cs(372,43): warning CS8600: Converting null literal or possible null value to non-nullable type. [C:\Users\HP\Downloads\Medical\Medical_Affiliation\Medical_Affiliation.csproj]
C:\Users\HP\Downloads\Medical\Medical_Affiliation\Controllers\Aff_SowaRigPaiController.cs(373,43): warning CS8600: Converting null literal or possible null value to non-nullable type. [C:\Users\HP\Downloads\Medical\Medical_Affiliation\Medical_Affiliation.csproj]
C:\Users\HP\Downloads\Medical\Medical_Affiliation\Controllers\Aff_SowaRigPaiController.cs(374,41): warning CS8600: Converting null literal or possible null value to non-nullable type. [C:\Users\HP\Downloads\Medical\Medical_Affiliation\Medical_Affiliation.csproj]
C:\Users\HP\Downloads\Medical\Medical_Affiliation\Controllers\AyurvedhaRepositoryController.cs(366,32): warning CS8600: Converting null literal or possible null value to non-nullable type. [C:\Users\HP\Downloads\Medical\Medical_Affiliation\Medical_Affiliation.csproj]
C:\Users\HP\Downloads\Medical\Medical_Affiliation\Controllers\AyurvedhaRepositoryController.cs(372,43): warning CS8600: Converting null literal or possible null value to non-nullable type. [C:\Users\HP\Downloads\Medical\Medical_Affiliation\Medical_Affiliation.csproj]
C:\Users\HP\Downloads\Medical\Medical_Affiliation\Controllers\AyurvedhaRepositoryController.cs(373,43): warning CS8600: Converting null literal or possible null value to non-nullable type. [C:\Users\HP\Downloads\Medical\Medical_Affiliation\Medical_Affiliation.csproj]
C:\Users\HP\Downloads\Medical\Medical_Affiliation\Controllers\AyurvedhaRepositoryController.cs(374,41): warning CS8600: Converting null literal or possible null value to non-nullable type. [C:\Users\HP\Downloads\Medical\Medical_Affiliation\Medical_Affiliation.csproj]
C:\Users\HP\Downloads\Medical\Medical_Affiliation\Controllers\LICInspectionEditMemberController.cs(411,27): warning CS8601: Possible null reference assignment. [C:\Users\HP\Downloads\Medical\Medical_Affiliation\Medical_Affiliation.csproj]
C:\Users\HP\Downloads\Medical\Medical_Affiliation\Controllers\ContinuousAffiliationIncreaseintakeController.cs(86,21): warning CS4014: Because this call is not awaited, execution of the current method continues before the call is completed. Consider applying the 'await' operator to the result of the call. [C:\Users\HP\Downloads\Medical\Medical_Affiliation\Medical_Affiliation.csproj]
C:\Users\HP\Downloads\Medical\Medical_Affiliation\Controllers\ContinuousAffiliationIncreaseintakeController.cs(101,42): warning CS8714: The type 'string?' cannot be used as type parameter 'TKey' in the generic type or method 'EntityFrameworkQueryableExtensions.ToDictionaryAsync<TSource, TKey>(IQueryable<TSource>, Func<TSource, TKey>, IEqualityComparer<TKey>, CancellationToken)'. Nullability of type argument 'string?' doesn't match 'notnull' constraint. [C:\Users\HP\Downloads\Medical\Medical_Affiliation\Medical_Affiliation.csproj]
C:\Users\HP\Downloads\Medical\Medical_Affiliation\Controllers\ContinuousAffiliationIncreaseintakeController.cs(103,40): warning CS8621: Nullability of reference types in return type of 'lambda expression' doesn't match the target delegate 'Func<AcademicIntake, string?>' (possibly because of nullability attributes). [C:\Users\HP\Downloads\Medical\Medical_Affiliation\Medical_Affiliation.csproj]
C:\Users\HP\Downloads\Medical\Medical_Affiliation\Controllers\DentalRepositoryController.cs(34,33): warning CS8601: Possible null reference assignment. [C:\Users\HP\Downloads\Medical\Medical_Affiliation\Medical_Affiliation.csproj]
C:\Users\HP\Downloads\Medical\Medical_Affiliation\Controllers\DentalRepositoryController.cs(95,42): warning CS8601: Possible null reference assignment. [C:\Users\HP\Downloads\Medical\Medical_Affiliation\Medical_Affiliation.csproj]
C:\Users\HP\Downloads\Medical\Medical_Affiliation\Controllers\DentalRepositoryController.cs(96,52): warning CS8601: Possible null reference assignment. [C:\Users\HP\Downloads\Medical\Medical_Affiliation\Medical_Affiliation.csproj]
C:\Users\HP\Downloads\Medical\Medical_Affiliation\Controllers\DentalRepositoryController.cs(97,54): warning CS8601: Possible null reference assignment. [C:\Users\HP\Downloads\Medical\Medical_Affiliation\Medical_Affiliation.csproj]
C:\Users\HP\Downloads\Medical\Medical_Affiliation\Controllers\DentalRepositoryController.cs(98,41): warning CS8601: Possible null reference assignment. [C:\Users\HP\Downloads\Medical\Medical_Affiliation\Medical_Affiliation.csproj]
C:\Users\HP\Downloads\Medical\Medical_Affiliation\Controllers\DentalRepositoryController.cs(99,42): warning CS8601: Possible null reference assignment. [C:\Users\HP\Downloads\Medical\Medical_Affiliation\Medical_Affiliation.csproj]
C:\Users\HP\Downloads\Medical\Medical_Affiliation\Controllers\DentalRepositoryController.cs(100,29): warning CS8629: Nullable value type may be null. [C:\Users\HP\Downloads\Medical\Medical_Affiliation\Medical_Affiliation.csproj]
C:\Users\HP\Downloads\Medical\Medical_Affiliation\Controllers\DentalRepositoryController.cs(101,29): warning CS8601: Possible null reference assignment. [C:\Users\HP\Downloads\Medical\Medical_Affiliation\Medical_Affiliation.csproj]
C:\Users\HP\Downloads\Medical\Medical_Affiliation\Controllers\DentalRepositoryController.cs(102,44): warning CS8601: Possible null reference assignment. [C:\Users\HP\Downloads\Medical\Medical_Affiliation\Medical_Affiliation.csproj]
C:\Users\HP\Downloads\Medical\Medical_Affiliation\Controllers\DentalRepositoryController.cs(106,40): warning CS8601: Possible null reference assignment. [C:\Users\HP\Downloads\Medical\Medical_Affiliation\Medical_Affiliation.csproj]
C:\Users\HP\Downloads\Medical\Medical_Affiliation\Controllers\DentalRepositoryController.cs(107,48): warning CS8601: Possible null reference assignment. [C:\Users\HP\Downloads\Medical\Medical_Affiliation\Medical_Affiliation.csproj]
C:\Users\HP\Downloads\Medical\Medical_Affiliation\Controllers\CA_Med_ResearchPublicationsController.cs(481,59): warning CS8600: Converting null literal or possible null value to non-nullable type. [C:\Users\HP\Downloads\Medical\Medical_Affiliation\Medical_Affiliation.csproj]
C:\Users\HP\Downloads\Medical\Medical_Affiliation\Controllers\CollegeBasicDetailsController.cs(418,21): warning CS8602: Dereference of a possibly null reference. [C:\Users\HP\Downloads\Medical\Medical_Affiliation\Medical_Affiliation.csproj]
C:\Users\HP\Downloads\Medical\Medical_Affiliation\Controllers\CollegeBasicDetailsController.cs(419,21): warning CS8602: Dereference of a possibly null reference. [C:\Users\HP\Downloads\Medical\Medical_Affiliation\Medical_Affiliation.csproj]
C:\Users\HP\Downloads\Medical\Medical_Affiliation\Controllers\CollegeBasicDetailsController.cs(429,30): warning CS8601: Possible null reference assignment. [C:\Users\HP\Downloads\Medical\Medical_Affiliation\Medical_Affiliation.csproj]
C:\Users\HP\Downloads\Medical\Medical_Affiliation\Controllers\CollegeBasicDetailsController.cs(430,35): warning CS8601: Possible null reference assignment. [C:\Users\HP\Downloads\Medical\Medical_Affiliation\Medical_Affiliation.csproj]
C:\Users\HP\Downloads\Medical\Medical_Affiliation\Controllers\CollegeBasicDetailsController.cs(431,30): warning CS8601: Possible null reference assignment. [C:\Users\HP\Downloads\Medical\Medical_Affiliation\Medical_Affiliation.csproj]
C:\Users\HP\Downloads\Medical\Medical_Affiliation\Controllers\CollegeBasicDetailsController.cs(432,26): warning CS8601: Possible null reference assignment. [C:\Users\HP\Downloads\Medical\Medical_Affiliation\Medical_Affiliation.csproj]
C:\Users\HP\Downloads\Medical\Medical_Affiliation\Controllers\CollegeBasicDetailsController.cs(434,30): warning CS8601: Possible null reference assignment. [C:\Users\HP\Downloads\Medical\Medical_Affiliation\Medical_Affiliation.csproj]
C:\Users\HP\Downloads\Medical\Medical_Affiliation\Controllers\CollegeBasicDetailsController.cs(443,32): warning CS8601: Possible null reference assignment. [C:\Users\HP\Downloads\Medical\Medical_Affiliation\Medical_Affiliation.csproj]
C:\Users\HP\Downloads\Medical\Medical_Affiliation\Controllers\CollegeBasicDetailsController.cs(444,41): warning CS8601: Possible null reference assignment. [C:\Users\HP\Downloads\Medical\Medical_Affiliation\Medical_Affiliation.csproj]
C:\Users\HP\Downloads\Medical\Medical_Affiliation\Controllers\CollegeBasicDetailsController.cs(454,42): warning CS8601: Possible null reference assignment. [C:\Users\HP\Downloads\Medical\Medical_Affiliation\Medical_Affiliation.csproj]
C:\Users\HP\Downloads\Medical\Medical_Affiliation\Controllers\Aff_NursingController.cs(834,36): warning CS8602: Dereference of a possibly null reference. [C:\Users\HP\Downloads\Medical\Medical_Affiliation\Medical_Affiliation.csproj]
C:\Users\HP\Downloads\Medical\Medical_Affiliation\Controllers\Aff_NursingController.cs(890,40): warning CS8601: Possible null reference assignment. [C:\Users\HP\Downloads\Medical\Medical_Affiliation\Medical_Affiliation.csproj]
C:\Users\HP\Downloads\Medical\Medical_Affiliation\Controllers\Aff_NursingController.cs(891,46): warning CS8601: Possible null reference assignment. [C:\Users\HP\Downloads\Medical\Medical_Affiliation\Medical_Affiliation.csproj]
C:\Users\HP\Downloads\Medical\Medical_Affiliation\Controllers\Aff_NursingController.cs(892,49): warning CS8601: Possible null reference assignment. [C:\Users\HP\Downloads\Medical\Medical_Affiliation\Medical_Affiliation.csproj]
C:\Users\HP\Downloads\Medical\Medical_Affiliation\Controllers\Aff_NursingController.cs(893,36): warning CS8601: Possible null reference assignment. [C:\Users\HP\Downloads\Medical\Medical_Affiliation\Medical_Affiliation.csproj]
C:\Users\HP\Downloads\Medical\Medical_Affiliation\Controllers\Aff_NursingController.cs(894,41): warning CS8601: Possible null reference assignment. [C:\Users\HP\Downloads\Medical\Medical_Affiliation\Medical_Affiliation.csproj]
C:\Users\HP\Downloads\Medical\Medical_Affiliation\Controllers\Aff_NursingController.cs(895,37): warning CS8601: Possible null reference assignment. [C:\Users\HP\Downloads\Medical\Medical_Affiliation\Medical_Affiliation.csproj]
C:\Users\HP\Downloads\Medical\Medical_Affiliation\Controllers\Aff_NursingController.cs(896,45): warning CS8601: Possible null reference assignment. [C:\Users\HP\Downloads\Medical\Medical_Affiliation\Medical_Affiliation.csproj]
C:\Users\HP\Downloads\Medical\Medical_Affiliation\Controllers\Aff_PharmacyController.cs(681,45): warning CS8600: Converting null literal or possible null value to non-nullable type. [C:\Users\HP\Downloads\Medical\Medical_Affiliation\Medical_Affiliation.csproj]
C:\Users\HP\Downloads\Medical\Medical_Affiliation\Controllers\Aff_PharmacyController.cs(682,48): warning CS8600: Converting null literal or possible null value to non-nullable type. [C:\Users\HP\Downloads\Medical\Medical_Affiliation\Medical_Affiliation.csproj]
C:\Users\HP\Downloads\Medical\Medical_Affiliation\Controllers\Aff_PharmacyController.cs(683,44): warning CS8600: Converting null literal or possible null value to non-nullable type. [C:\Users\HP\Downloads\Medical\Medical_Affiliation\Medical_Affiliation.csproj]
C:\Users\HP\Downloads\Medical\Medical_Affiliation\Controllers\Aff_PharmacyController.cs(684,39): warning CS8600: Converting null literal or possible null value to non-nullable type. [C:\Users\HP\Downloads\Medical\Medical_Affiliation\Medical_Affiliation.csproj]
C:\Users\HP\Downloads\Medical\Medical_Affiliation\Controllers\Aff_PharmacyController.cs(689,38): warning CS8600: Converting null literal or possible null value to non-nullable type. [C:\Users\HP\Downloads\Medical\Medical_Affiliation\Medical_Affiliation.csproj]
C:\Users\HP\Downloads\Medical\Medical_Affiliation\Controllers\Aff_PharmacyController.cs(690,39): warning CS8600: Converting null literal or possible null value to non-nullable type. [C:\Users\HP\Downloads\Medical\Medical_Affiliation\Medical_Affiliation.csproj]
C:\Users\HP\Downloads\Medical\Medical_Affiliation\Controllers\Aff_PharmacyController.cs(691,42): warning CS8600: Converting null literal or possible null value to non-nullable type. [C:\Users\HP\Downloads\Medical\Medical_Affiliation\Medical_Affiliation.csproj]
C:\Users\HP\Downloads\Medical\Medical_Affiliation\Controllers\Aff_PharmacyController.cs(692,37): warning CS8600: Converting null literal or possible null value to non-nullable type. [C:\Users\HP\Downloads\Medical\Medical_Affiliation\Medical_Affiliation.csproj]
C:\Users\HP\Downloads\Medical\Medical_Affiliation\Controllers\Aff_PharmacyController.cs(693,42): warning CS8600: Converting null literal or possible null value to non-nullable type. [C:\Users\HP\Downloads\Medical\Medical_Affiliation\Medical_Affiliation.csproj]
C:\Users\HP\Downloads\Medical\Medical_Affiliation\Controllers\Aff_PharmacyController.cs(694,42): warning CS8600: Converting null literal or possible null value to non-nullable type. [C:\Users\HP\Downloads\Medical\Medical_Affiliation\Medical_Affiliation.csproj]
C:\Users\HP\Downloads\Medical\Medical_Affiliation\Controllers\Aff_PharmacyController.cs(695,42): warning CS8600: Converting null literal or possible null value to non-nullable type. [C:\Users\HP\Downloads\Medical\Medical_Affiliation\Medical_Affiliation.csproj]
C:\Users\HP\Downloads\Medical\Medical_Affiliation\Controllers\Aff_PharmacyController.cs(696,47): warning CS8600: Converting null literal or possible null value to non-nullable type. [C:\Users\HP\Downloads\Medical\Medical_Affiliation\Medical_Affiliation.csproj]
C:\Users\HP\Downloads\Medical\Medical_Affiliation\Controllers\Aff_PharmacyController.cs(697,47): warning CS8600: Converting null literal or possible null value to non-nullable type. [C:\Users\HP\Downloads\Medical\Medical_Affiliation\Medical_Affiliation.csproj]
C:\Users\HP\Downloads\Medical\Medical_Affiliation\Controllers\Aff_PharmacyController.cs(762,57): warning CS8601: Possible null reference assignment. [C:\Users\HP\Downloads\Medical\Medical_Affiliation\Medical_Affiliation.csproj]
C:\Users\HP\Downloads\Medical\Medical_Affiliation\Controllers\Aff_PharmacyController.cs(792,46): warning CS8601: Possible null reference assignment. [C:\Users\HP\Downloads\Medical\Medical_Affiliation\Medical_Affiliation.csproj]
C:\Users\HP\Downloads\Medical\Medical_Affiliation\Controllers\Aff_PharmacyController.cs(687,57): warning CS8603: Possible null reference return. [C:\Users\HP\Downloads\Medical\Medical_Affiliation\Medical_Affiliation.csproj]
C:\Users\HP\Downloads\Medical\Medical_Affiliation\Controllers\Aff_PharmacyController.cs(704,28): warning CS8603: Possible null reference return. [C:\Users\HP\Downloads\Medical\Medical_Affiliation\Medical_Affiliation.csproj]
C:\Users\HP\Downloads\Medical\Medical_Affiliation\Controllers\Aff_NursingController.cs(960,32): warning CS8600: Converting null literal or possible null value to non-nullable type. [C:\Users\HP\Downloads\Medical\Medical_Affiliation\Medical_Affiliation.csproj]
C:\Users\HP\Downloads\Medical\Medical_Affiliation\Controllers\Aff_NursingController.cs(967,33): warning CS8600: Converting null literal or possible null value to non-nullable type. [C:\Users\HP\Downloads\Medical\Medical_Affiliation\Medical_Affiliation.csproj]
C:\Users\HP\Downloads\Medical\Medical_Affiliation\Controllers\Aff_NursingController.cs(971,33): warning CS8600: Converting null literal or possible null value to non-nullable type. [C:\Users\HP\Downloads\Medical\Medical_Affiliation\Medical_Affiliation.csproj]
C:\Users\HP\Downloads\Medical\Medical_Affiliation\Controllers\Aff_NursingController.cs(975,33): warning CS8600: Converting null literal or possible null value to non-nullable type. [C:\Users\HP\Downloads\Medical\Medical_Affiliation\Medical_Affiliation.csproj]
C:\Users\HP\Downloads\Medical\Medical_Affiliation\Controllers\Aff_NursingController.cs(979,33): warning CS8600: Converting null literal or possible null value to non-nullable type. [C:\Users\HP\Downloads\Medical\Medical_Affiliation\Medical_Affiliation.csproj]
C:\Users\HP\Downloads\Medical\Medical_Affiliation\Controllers\DentalController.cs(229,34): warning CS8600: Converting null literal or possible null value to non-nullable type. [C:\Users\HP\Downloads\Medical\Medical_Affiliation\Medical_Affiliation.csproj]
C:\Users\HP\Downloads\Medical\Medical_Affiliation\Controllers\Aff_PharmacyController.cs(841,32): warning CS8600: Converting null literal or possible null value to non-nullable type. [C:\Users\HP\Downloads\Medical\Medical_Affiliation\Medical_Affiliation.csproj]
C:\Users\HP\Downloads\Medical\Medical_Affiliation\Controllers\Aff_PharmacyController.cs(848,33): warning CS8600: Converting null literal or possible null value to non-nullable type. [C:\Users\HP\Downloads\Medical\Medical_Affiliation\Medical_Affiliation.csproj]
C:\Users\HP\Downloads\Medical\Medical_Affiliation\Controllers\Aff_PharmacyController.cs(852,33): warning CS8600: Converting null literal or possible null value to non-nullable type. [C:\Users\HP\Downloads\Medical\Medical_Affiliation\Medical_Affiliation.csproj]
C:\Users\HP\Downloads\Medical\Medical_Affiliation\Controllers\Aff_PharmacyController.cs(856,33): warning CS8600: Converting null literal or possible null value to non-nullable type. [C:\Users\HP\Downloads\Medical\Medical_Affiliation\Medical_Affiliation.csproj]
C:\Users\HP\Downloads\Medical\Medical_Affiliation\Controllers\Aff_PharmacyController.cs(860,33): warning CS8600: Converting null literal or possible null value to non-nullable type. [C:\Users\HP\Downloads\Medical\Medical_Affiliation\Medical_Affiliation.csproj]
C:\Users\HP\Downloads\Medical\Medical_Affiliation\Controllers\Aff_PharmacyController.cs(864,33): warning CS8600: Converting null literal or possible null value to non-nullable type. [C:\Users\HP\Downloads\Medical\Medical_Affiliation\Medical_Affiliation.csproj]
C:\Users\HP\Downloads\Medical\Medical_Affiliation\Controllers\Aff_PharmacyController.cs(868,33): warning CS8600: Converting null literal or possible null value to non-nullable type. [C:\Users\HP\Downloads\Medical\Medical_Affiliation\Medical_Affiliation.csproj]
C:\Users\HP\Downloads\Medical\Medical_Affiliation\Controllers\Aff_PharmacyController.cs(872,33): warning CS8600: Converting null literal or possible null value to non-nullable type. [C:\Users\HP\Downloads\Medical\Medical_Affiliation\Medical_Affiliation.csproj]
C:\Users\HP\Downloads\Medical\Medical_Affiliation\Controllers\Aff_PharmacyController.cs(876,33): warning CS8600: Converting null literal or possible null value to non-nullable type. [C:\Users\HP\Downloads\Medical\Medical_Affiliation\Medical_Affiliation.csproj]
C:\Users\HP\Downloads\Medical\Medical_Affiliation\Controllers\Aff_PharmacyController.cs(880,33): warning CS8600: Converting null literal or possible null value to non-nullable type. [C:\Users\HP\Downloads\Medical\Medical_Affiliation\Medical_Affiliation.csproj]
C:\Users\HP\Downloads\Medical\Medical_Affiliation\Controllers\ClinicalFacilitiesForAffiliationController.cs(173,43): warning CS8601: Possible null reference assignment. [C:\Users\HP\Downloads\Medical\Medical_Affiliation\Medical_Affiliation.csproj]
C:\Users\HP\Downloads\Medical\Medical_Affiliation\Controllers\ClinicalFacilitiesForAffiliationController.cs(181,40): warning CS8601: Possible null reference assignment. [C:\Users\HP\Downloads\Medical\Medical_Affiliation\Medical_Affiliation.csproj]
C:\Users\HP\Downloads\Medical\Medical_Affiliation\Controllers\ClinicalFacilitiesForAffiliationController.cs(182,45): warning CS8601: Possible null reference assignment. [C:\Users\HP\Downloads\Medical\Medical_Affiliation\Medical_Affiliation.csproj]
C:\Users\HP\Downloads\Medical\Medical_Affiliation\Controllers\ClinicalFacilitiesForAffiliationController.cs(185,36): warning CS8601: Possible null reference assignment. [C:\Users\HP\Downloads\Medical\Medical_Affiliation\Medical_Affiliation.csproj]
C:\Users\HP\Downloads\Medical\Medical_Affiliation\Controllers\ClinicalFacilitiesForAffiliationController.cs(190,43): warning CS8601: Possible null reference assignment. [C:\Users\HP\Downloads\Medical\Medical_Affiliation\Medical_Affiliation.csproj]
C:\Users\HP\Downloads\Medical\Medical_Affiliation\Controllers\ClinicalFacilitiesForAffiliationController.cs(279,43): warning CS8601: Possible null reference assignment. [C:\Users\HP\Downloads\Medical\Medical_Affiliation\Medical_Affiliation.csproj]
C:\Users\HP\Downloads\Medical\Medical_Affiliation\Controllers\ClinicalFacilitiesForAffiliationController.cs(282,41): warning CS8601: Possible null reference assignment. [C:\Users\HP\Downloads\Medical\Medical_Affiliation\Medical_Affiliation.csproj]
C:\Users\HP\Downloads\Medical\Medical_Affiliation\Controllers\ClinicalFacilitiesForAffiliationController.cs(319,45): warning CS8601: Possible null reference assignment. [C:\Users\HP\Downloads\Medical\Medical_Affiliation\Medical_Affiliation.csproj]
C:\Users\HP\Downloads\Medical\Medical_Affiliation\Controllers\ClinicalFacilitiesForAffiliationController.cs(320,40): warning CS8601: Possible null reference assignment. [C:\Users\HP\Downloads\Medical\Medical_Affiliation\Medical_Affiliation.csproj]
C:\Users\HP\Downloads\Medical\Medical_Affiliation\Controllers\Aff_UnaniController.cs(461,31): warning CS8601: Possible null reference assignment. [C:\Users\HP\Downloads\Medical\Medical_Affiliation\Medical_Affiliation.csproj]
C:\Users\HP\Downloads\Medical\Medical_Affiliation\Controllers\Aff_UnaniController.cs(462,31): warning CS8601: Possible null reference assignment. [C:\Users\HP\Downloads\Medical\Medical_Affiliation\Medical_Affiliation.csproj]
C:\Users\HP\Downloads\Medical\Medical_Affiliation\Controllers\Aff_UnaniController.cs(469,62): warning CS8603: Possible null reference return. [C:\Users\HP\Downloads\Medical\Medical_Affiliation\Medical_Affiliation.csproj]
C:\Users\HP\Downloads\Medical\Medical_Affiliation\Controllers\CA_ApplicationStatusReportController.cs(297,31): warning CS8619: Nullability of reference types in value of type 'List<string>' doesn't match target type 'List<string?>'. [C:\Users\HP\Downloads\Medical\Medical_Affiliation\Medical_Affiliation.csproj]
C:\Users\HP\Downloads\Medical\Medical_Affiliation\Controllers\DentalSuperAdminController.cs(88,51): warning CS8604: Possible null reference argument for parameter 'item' in 'bool HashSet<string>.Contains(string item)'. [C:\Users\HP\Downloads\Medical\Medical_Affiliation\Medical_Affiliation.csproj]
C:\Users\HP\Downloads\Medical\Medical_Affiliation\Controllers\DentalSuperAdminController.cs(117,29): warning CS8600: Converting null literal or possible null value to non-nullable type. [C:\Users\HP\Downloads\Medical\Medical_Affiliation\Medical_Affiliation.csproj]
C:\Users\HP\Downloads\Medical\Medical_Affiliation\Controllers\DentalSuperAdminController.cs(121,34): warning CS8604: Possible null reference argument for parameter 'key' in 'int Dictionary<string, int>.this[string key]'. [C:\Users\HP\Downloads\Medical\Medical_Affiliation\Medical_Affiliation.csproj]
C:\Users\HP\Downloads\Medical\Medical_Affiliation\Controllers\DentalSuperAdminController.cs(127,34): warning CS8604: Possible null reference argument for parameter 'key' in 'int Dictionary<string, int>.this[string key]'. [C:\Users\HP\Downloads\Medical\Medical_Affiliation\Medical_Affiliation.csproj]
C:\Users\HP\Downloads\Medical\Medical_Affiliation\Controllers\DentalSuperAdminController.cs(169,25): warning CS8604: Possible null reference argument for parameter 'key' in 'bool Dictionary<string, int>.TryGetValue(string key, out int value)'. [C:\Users\HP\Downloads\Medical\Medical_Affiliation\Medical_Affiliation.csproj]
C:\Users\HP\Downloads\Medical\Medical_Affiliation\Controllers\Aff_SowaRigPaiController.cs(461,31): warning CS8601: Possible null reference assignment. [C:\Users\HP\Downloads\Medical\Medical_Affiliation\Medical_Affiliation.csproj]
C:\Users\HP\Downloads\Medical\Medical_Affiliation\Controllers\Aff_SowaRigPaiController.cs(462,31): warning CS8601: Possible null reference assignment. [C:\Users\HP\Downloads\Medical\Medical_Affiliation\Medical_Affiliation.csproj]
C:\Users\HP\Downloads\Medical\Medical_Affiliation\Controllers\Aff_SowaRigPaiController.cs(469,62): warning CS8603: Possible null reference return. [C:\Users\HP\Downloads\Medical\Medical_Affiliation\Medical_Affiliation.csproj]
C:\Users\HP\Downloads\Medical\Medical_Affiliation\Controllers\DentalApplicationStatusReportController.cs(193,51): warning CS8604: Possible null reference argument for parameter 'item' in 'bool List<string>.Contains(string item)'. [C:\Users\HP\Downloads\Medical\Medical_Affiliation\Medical_Affiliation.csproj]
C:\Users\HP\Downloads\Medical\Medical_Affiliation\Controllers\DentalApplicationStatusReportController.cs(216,48): warning CS8604: Possible null reference argument for parameter 'key' in 'bool Dictionary<string, List<string>>.ContainsKey(string key)'. [C:\Users\HP\Downloads\Medical\Medical_Affiliation\Medical_Affiliation.csproj]
C:\Users\HP\Downloads\Medical\Medical_Affiliation\Controllers\DentalApplicationStatusReportController.cs(226,76): warning CS8604: Possible null reference argument for parameter 'item' in 'bool List<string>.Contains(string item)'. [C:\Users\HP\Downloads\Medical\Medical_Affiliation\Medical_Affiliation.csproj]
C:\Users\HP\Downloads\Medical\Medical_Affiliation\Controllers\DentalApplicationStatusReportController.cs(271,35): warning CS8601: Possible null reference assignment. [C:\Users\HP\Downloads\Medical\Medical_Affiliation\Medical_Affiliation.csproj]
C:\Users\HP\Downloads\Medical\Medical_Affiliation\Controllers\DentalApplicationStatusReportController.cs(202,29): warning CS0472: The result of the expression is always 'true' since a value of type 'int' is never equal to 'null' of type 'int?' [C:\Users\HP\Downloads\Medical\Medical_Affiliation\Medical_Affiliation.csproj]
C:\Users\HP\Downloads\Medical\Medical_Affiliation\Controllers\CollegeBasicDetailsController.cs(542,21): warning CS8602: Dereference of a possibly null reference. [C:\Users\HP\Downloads\Medical\Medical_Affiliation\Medical_Affiliation.csproj]
C:\Users\HP\Downloads\Medical\Medical_Affiliation\Controllers\CollegeBasicDetailsController.cs(543,21): warning CS8602: Dereference of a possibly null reference. [C:\Users\HP\Downloads\Medical\Medical_Affiliation\Medical_Affiliation.csproj]
C:\Users\HP\Downloads\Medical\Medical_Affiliation\Controllers\CollegeBasicDetailsController.cs(560,36): warning CS8602: Dereference of a possibly null reference. [C:\Users\HP\Downloads\Medical\Medical_Affiliation\Medical_Affiliation.csproj]
C:\Users\HP\Downloads\Medical\Medical_Affiliation\Controllers\CollegeBasicDetailsController.cs(606,87): warning CS8604: Possible null reference argument for parameter 'facultyCode' in 'Task<string?> CollegeBasicDetailsController.SaveFileAsync(IFormFile? file, string folder, string facultyCode)'. [C:\Users\HP\Downloads\Medical\Medical_Affiliation\Medical_Affiliation.csproj]
C:\Users\HP\Downloads\Medical\Medical_Affiliation\Controllers\AyurvedhaRepositoryController.cs(461,31): warning CS8601: Possible null reference assignment. [C:\Users\HP\Downloads\Medical\Medical_Affiliation\Medical_Affiliation.csproj]
C:\Users\HP\Downloads\Medical\Medical_Affiliation\Controllers\AyurvedhaRepositoryController.cs(462,31): warning CS8601: Possible null reference assignment. [C:\Users\HP\Downloads\Medical\Medical_Affiliation\Medical_Affiliation.csproj]
C:\Users\HP\Downloads\Medical\Medical_Affiliation\Controllers\AyurvedhaRepositoryController.cs(469,62): warning CS8603: Possible null reference return. [C:\Users\HP\Downloads\Medical\Medical_Affiliation\Medical_Affiliation.csproj]
C:\Users\HP\Downloads\Medical\Medical_Affiliation\Controllers\ContinuationAffiliationClinicalFacilitiesController.cs(902,70): warning CS8600: Converting null literal or possible null value to non-nullable type. [C:\Users\HP\Downloads\Medical\Medical_Affiliation\Medical_Affiliation.csproj]
C:\Users\HP\Downloads\Medical\Medical_Affiliation\Controllers\CollegeBasicDetailsController.cs(693,55): warning CS8600: Converting null literal or possible null value to non-nullable type. [C:\Users\HP\Downloads\Medical\Medical_Affiliation\Medical_Affiliation.csproj]
C:\Users\HP\Downloads\Medical\Medical_Affiliation\Controllers\DentalRepositoryController.cs(205,37): warning CS8601: Possible null reference assignment. [C:\Users\HP\Downloads\Medical\Medical_Affiliation\Medical_Affiliation.csproj]
C:\Users\HP\Downloads\Medical\Medical_Affiliation\Controllers\HomeController.cs(30,27): warning CS8601: Possible null reference assignment. [C:\Users\HP\Downloads\Medical\Medical_Affiliation\Medical_Affiliation.csproj]
C:\Users\HP\Downloads\Medical\Medical_Affiliation\Controllers\HomeController.cs(31,30): warning CS8601: Possible null reference assignment. [C:\Users\HP\Downloads\Medical\Medical_Affiliation\Medical_Affiliation.csproj]
C:\Users\HP\Downloads\Medical\Medical_Affiliation\Controllers\DentalController.cs(281,38): warning CS8600: Converting null literal or possible null value to non-nullable type. [C:\Users\HP\Downloads\Medical\Medical_Affiliation\Medical_Affiliation.csproj]
C:\Users\HP\Downloads\Medical\Medical_Affiliation\Controllers\DentalController.cs(325,43): warning CS8601: Possible null reference assignment. [C:\Users\HP\Downloads\Medical\Medical_Affiliation\Medical_Affiliation.csproj]
C:\Users\HP\Downloads\Medical\Medical_Affiliation\Controllers\DentalController.cs(353,38): warning CS0168: The variable 'ex' is declared but never used [C:\Users\HP\Downloads\Medical\Medical_Affiliation\Medical_Affiliation.csproj]
C:\Users\HP\Downloads\Medical\Medical_Affiliation\Controllers\ContinuesAffiliation_FacultybasedController.cs(545,30): warning CS8601: Possible null reference assignment. [C:\Users\HP\Downloads\Medical\Medical_Affiliation\Medical_Affiliation.csproj]
C:\Users\HP\Downloads\Medical\Medical_Affiliation\Controllers\ContinuesAffiliation_FacultybasedController.cs(546,30): warning CS8601: Possible null reference assignment. [C:\Users\HP\Downloads\Medical\Medical_Affiliation\Medical_Affiliation.csproj]
C:\Users\HP\Downloads\Medical\Medical_Affiliation\Controllers\ContinuesAffiliation_FacultybasedController.cs(579,21): warning CS8602: Dereference of a possibly null reference. [C:\Users\HP\Downloads\Medical\Medical_Affiliation\Medical_Affiliation.csproj]
C:\Users\HP\Downloads\Medical\Medical_Affiliation\Controllers\ContinuesAffiliation_FacultybasedController.cs(580,21): warning CS8602: Dereference of a possibly null reference. [C:\Users\HP\Downloads\Medical\Medical_Affiliation\Medical_Affiliation.csproj]
C:\Users\HP\Downloads\Medical\Medical_Affiliation\Controllers\ContinuesAffiliation_FacultybasedController.cs(597,36): warning CS8602: Dereference of a possibly null reference. [C:\Users\HP\Downloads\Medical\Medical_Affiliation\Medical_Affiliation.csproj]
C:\Users\HP\Downloads\Medical\Medical_Affiliation\Controllers\ContinuesAffiliation_FacultybasedController.cs(658,87): warning CS8604: Possible null reference argument for parameter 'facultyCode' in 'Task<(string? path, string? name, string? type)> ContinuesAffiliation_FacultybasedController.SaveFileAsync(IFormFile? file, string folder, string facultyCode)'. [C:\Users\HP\Downloads\Medical\Medical_Affiliation\Medical_Affiliation.csproj]
C:\Users\HP\Downloads\Medical\Medical_Affiliation\Controllers\CA_Med_ResearchPublicationsController.cs(644,73): warning CS8600: Converting null literal or possible null value to non-nullable type. [C:\Users\HP\Downloads\Medical\Medical_Affiliation\Medical_Affiliation.csproj]
C:\Users\HP\Downloads\Medical\Medical_Affiliation\Controllers\FacultyDetailsController.cs(102,34): warning CS8600: Converting null literal or possible null value to non-nullable type. [C:\Users\HP\Downloads\Medical\Medical_Affiliation\Medical_Affiliation.csproj]
C:\Users\HP\Downloads\Medical\Medical_Affiliation\Controllers\FacultyDetailsController.cs(103,34): warning CS8600: Converting null literal or possible null value to non-nullable type. [C:\Users\HP\Downloads\Medical\Medical_Affiliation\Medical_Affiliation.csproj]
C:\Users\HP\Downloads\Medical\Medical_Affiliation\Controllers\FacultyDetailsController.cs(159,48): warning CS8601: Possible null reference assignment. [C:\Users\HP\Downloads\Medical\Medical_Affiliation\Medical_Affiliation.csproj]
C:\Users\HP\Downloads\Medical\Medical_Affiliation\Controllers\FacultyDetailsController.cs(160,49): warning CS8601: Possible null reference assignment. [C:\Users\HP\Downloads\Medical\Medical_Affiliation\Medical_Affiliation.csproj]
C:\Users\HP\Downloads\Medical\Medical_Affiliation\Controllers\FacultyDetailsController.cs(166,50): warning CS8601: Possible null reference assignment. [C:\Users\HP\Downloads\Medical\Medical_Affiliation\Medical_Affiliation.csproj]
C:\Users\HP\Downloads\Medical\Medical_Affiliation\Controllers\FacultyDetailsController.cs(167,47): warning CS8601: Possible null reference assignment. [C:\Users\HP\Downloads\Medical\Medical_Affiliation\Medical_Affiliation.csproj]
C:\Users\HP\Downloads\Medical\Medical_Affiliation\Controllers\FacultyDetailsController.cs(195,41): warning CS8601: Possible null reference assignment. [C:\Users\HP\Downloads\Medical\Medical_Affiliation\Medical_Affiliation.csproj]
C:\Users\HP\Downloads\Medical\Medical_Affiliation\Controllers\FacultyDetailsController.cs(196,39): warning CS8601: Possible null reference assignment. [C:\Users\HP\Downloads\Medical\Medical_Affiliation\Medical_Affiliation.csproj]
C:\Users\HP\Downloads\Medical\Medical_Affiliation\Controllers\FacultyDetailsController.cs(197,35): warning CS8601: Possible null reference assignment. [C:\Users\HP\Downloads\Medical\Medical_Affiliation\Medical_Affiliation.csproj]
C:\Users\HP\Downloads\Medical\Medical_Affiliation\Controllers\FacultyDetailsController.cs(198,31): warning CS8601: Possible null reference assignment. [C:\Users\HP\Downloads\Medical\Medical_Affiliation\Medical_Affiliation.csproj]
C:\Users\HP\Downloads\Medical\Medical_Affiliation\Controllers\ClinicalFacilitiesForAffiliationController.cs(384,38): warning CS8602: Dereference of a possibly null reference. [C:\Users\HP\Downloads\Medical\Medical_Affiliation\Medical_Affiliation.csproj]
C:\Users\HP\Downloads\Medical\Medical_Affiliation\Controllers\ClinicalFacilitiesForAffiliationController.cs(388,40): warning CS8602: Dereference of a possibly null reference. [C:\Users\HP\Downloads\Medical\Medical_Affiliation\Medical_Affiliation.csproj]
C:\Users\HP\Downloads\Medical\Medical_Affiliation\Controllers\ClinicalFacilitiesForAffiliationController.cs(400,32): warning CS8600: Converting null literal or possible null value to non-nullable type. [C:\Users\HP\Downloads\Medical\Medical_Affiliation\Medical_Affiliation.csproj]
C:\Users\HP\Downloads\Medical\Medical_Affiliation\Controllers\ClinicalFacilitiesForAffiliationController.cs(419,41): warning CS8602: Dereference of a possibly null reference. [C:\Users\HP\Downloads\Medical\Medical_Affiliation\Medical_Affiliation.csproj]
C:\Users\HP\Downloads\Medical\Medical_Affiliation\Controllers\ClinicalFacilitiesForAffiliationController.cs(420,44): warning CS8602: Dereference of a possibly null reference. [C:\Users\HP\Downloads\Medical\Medical_Affiliation\Medical_Affiliation.csproj]
C:\Users\HP\Downloads\Medical\Medical_Affiliation\Controllers\ClinicalFacilitiesForAffiliationController.cs(423,47): warning CS8602: Dereference of a possibly null reference. [C:\Users\HP\Downloads\Medical\Medical_Affiliation\Medical_Affiliation.csproj]
C:\Users\HP\Downloads\Medical\Medical_Affiliation\Controllers\ClinicalFacilitiesForAffiliationController.cs(424,44): warning CS8602: Dereference of a possibly null reference. [C:\Users\HP\Downloads\Medical\Medical_Affiliation\Medical_Affiliation.csproj]
C:\Users\HP\Downloads\Medical\Medical_Affiliation\Controllers\CA_Aff_AcademicMattersController.cs(537,64): warning CS0642: Possible mistaken empty statement [C:\Users\HP\Downloads\Medical\Medical_Affiliation\Medical_Affiliation.csproj]
C:\Users\HP\Downloads\Medical\Medical_Affiliation\Controllers\CA_Aff_AcademicMattersController.cs(406,29): warning CS8629: Nullable value type may be null. [C:\Users\HP\Downloads\Medical\Medical_Affiliation\Medical_Affiliation.csproj]
C:\Users\HP\Downloads\Medical\Medical_Affiliation\Controllers\CA_Aff_AcademicMattersController.cs(409,34): warning CS8629: Nullable value type may be null. [C:\Users\HP\Downloads\Medical\Medical_Affiliation\Medical_Affiliation.csproj]
C:\Users\HP\Downloads\Medical\Medical_Affiliation\Controllers\CA_Aff_AcademicMattersController.cs(465,47): warning CS8601: Possible null reference assignment. [C:\Users\HP\Downloads\Medical\Medical_Affiliation\Medical_Affiliation.csproj]
C:\Users\HP\Downloads\Medical\Medical_Affiliation\Controllers\CA_Aff_AcademicMattersController.cs(469,48): warning CS8629: Nullable value type may be null. [C:\Users\HP\Downloads\Medical\Medical_Affiliation\Medical_Affiliation.csproj]
C:\Users\HP\Downloads\Medical\Medical_Affiliation\Controllers\CA_Aff_AcademicMattersController.cs(486,84): warning CS8604: Possible null reference argument for parameter 'facultyCode' in 'Task<string?> CA_Aff_AcademicMattersController.SaveCurriculumFileAsync(IFormFile? file, string facultyCode)'. [C:\Users\HP\Downloads\Medical\Medical_Affiliation\Medical_Affiliation.csproj]
C:\Users\HP\Downloads\Medical\Medical_Affiliation\Controllers\CA_Aff_AcademicMattersController.cs(541,43): warning CS8601: Possible null reference assignment. [C:\Users\HP\Downloads\Medical\Medical_Affiliation\Medical_Affiliation.csproj]
C:\Users\HP\Downloads\Medical\Medical_Affiliation\Controllers\CA_Aff_AcademicMattersController.cs(545,40): warning CS8629: Nullable value type may be null. [C:\Users\HP\Downloads\Medical\Medical_Affiliation\Medical_Affiliation.csproj]
C:\Users\HP\Downloads\Medical\Medical_Affiliation\Controllers\CA_Aff_AcademicMattersController.cs(546,48): warning CS8629: Nullable value type may be null. [C:\Users\HP\Downloads\Medical\Medical_Affiliation\Medical_Affiliation.csproj]
C:\Users\HP\Downloads\Medical\Medical_Affiliation\Controllers\Aff_PharmacyController.cs(974,39): warning CS8601: Possible null reference assignment. [C:\Users\HP\Downloads\Medical\Medical_Affiliation\Medical_Affiliation.csproj]
C:\Users\HP\Downloads\Medical\Medical_Affiliation\Controllers\Aff_PharmacyController.cs(975,39): warning CS8601: Possible null reference assignment. [C:\Users\HP\Downloads\Medical\Medical_Affiliation\Medical_Affiliation.csproj]
C:\Users\HP\Downloads\Medical\Medical_Affiliation\Controllers\ClinicalFacilitiesForAffiliationController.cs(495,34): warning CS8602: Dereference of a possibly null reference. [C:\Users\HP\Downloads\Medical\Medical_Affiliation\Medical_Affiliation.csproj]
C:\Users\HP\Downloads\Medical\Medical_Affiliation\Controllers\ClinicalFacilitiesForAffiliationController.cs(499,36): warning CS8602: Dereference of a possibly null reference. [C:\Users\HP\Downloads\Medical\Medical_Affiliation\Medical_Affiliation.csproj]
C:\Users\HP\Downloads\Medical\Medical_Affiliation\Controllers\FellowshipController.cs(156,29): warning CS8602: Dereference of a possibly null reference. [C:\Users\HP\Downloads\Medical\Medical_Affiliation\Medical_Affiliation.csproj]
C:\Users\HP\Downloads\Medical\Medical_Affiliation\Controllers\ContinuousAffiliationController.cs(560,40): warning CS8601: Possible null reference assignment. [C:\Users\HP\Downloads\Medical\Medical_Affiliation\Medical_Affiliation.csproj]
C:\Users\HP\Downloads\Medical\Medical_Affiliation\Controllers\ContinuationAffiliationClinicalFacilitiesController.cs(983,38): warning CS8602: Dereference of a possibly null reference. [C:\Users\HP\Downloads\Medical\Medical_Affiliation\Medical_Affiliation.csproj]
C:\Users\HP\Downloads\Medical\Medical_Affiliation\Controllers\ContinuationAffiliationClinicalFacilitiesController.cs(987,40): warning CS8602: Dereference of a possibly null reference. [C:\Users\HP\Downloads\Medical\Medical_Affiliation\Medical_Affiliation.csproj]
C:\Users\HP\Downloads\Medical\Medical_Affiliation\Controllers\HomeController.cs(74,27): warning CS8600: Converting null literal or possible null value to non-nullable type. [C:\Users\HP\Downloads\Medical\Medical_Affiliation\Medical_Affiliation.csproj]
C:\Users\HP\Downloads\Medical\Medical_Affiliation\Controllers\CollegeBasicDetailsController.cs(817,37): warning CS8601: Possible null reference assignment. [C:\Users\HP\Downloads\Medical\Medical_Affiliation\Medical_Affiliation.csproj]
C:\Users\HP\Downloads\Medical\Medical_Affiliation\Controllers\CollegeBasicDetailsController.cs(818,36): warning CS8601: Possible null reference assignment. [C:\Users\HP\Downloads\Medical\Medical_Affiliation\Medical_Affiliation.csproj]
C:\Users\HP\Downloads\Medical\Medical_Affiliation\Controllers\CollegeBasicDetailsController.cs(820,41): warning CS8601: Possible null reference assignment. [C:\Users\HP\Downloads\Medical\Medical_Affiliation\Medical_Affiliation.csproj]
C:\Users\HP\Downloads\Medical\Medical_Affiliation\Controllers\CollegeBasicDetailsController.cs(822,35): warning CS8601: Possible null reference assignment. [C:\Users\HP\Downloads\Medical\Medical_Affiliation\Medical_Affiliation.csproj]
C:\Users\HP\Downloads\Medical\Medical_Affiliation\Controllers\ContinuousAffiliationController.cs(630,43): warning CS8601: Possible null reference assignment. [C:\Users\HP\Downloads\Medical\Medical_Affiliation\Medical_Affiliation.csproj]
C:\Users\HP\Downloads\Medical\Medical_Affiliation\Controllers\ContinuousAffiliationController.cs(631,43): warning CS8601: Possible null reference assignment. [C:\Users\HP\Downloads\Medical\Medical_Affiliation\Medical_Affiliation.csproj]
C:\Users\HP\Downloads\Medical\Medical_Affiliation\Controllers\ContinuousAffiliationController.cs(670,29): warning CS8604: Possible null reference argument for parameter 'facultyCode' in 'Task<string?> ContinuousAffiliationController.SaveCourseFileAsync(IFormFile? file, string folder, string facultyCode)'. [C:\Users\HP\Downloads\Medical\Medical_Affiliation\Medical_Affiliation.csproj]
C:\Users\HP\Downloads\Medical\Medical_Affiliation\Controllers\DentalApplicationStatusReportController.cs(301,65): warning CS8602: Dereference of a possibly null reference. [C:\Users\HP\Downloads\Medical\Medical_Affiliation\Medical_Affiliation.csproj]
C:\Users\HP\Downloads\Medical\Medical_Affiliation\Controllers\HomeController.cs(97,34): warning CS8600: Converting null literal or possible null value to non-nullable type. [C:\Users\HP\Downloads\Medical\Medical_Affiliation\Medical_Affiliation.csproj]
C:\Users\HP\Downloads\Medical\Medical_Affiliation\Controllers\Aff_PhysioTherapyController.cs(681,45): warning CS8600: Converting null literal or possible null value to non-nullable type. [C:\Users\HP\Downloads\Medical\Medical_Affiliation\Medical_Affiliation.csproj]
C:\Users\HP\Downloads\Medical\Medical_Affiliation\Controllers\Aff_PhysioTherapyController.cs(682,48): warning CS8600: Converting null literal or possible null value to non-nullable type. [C:\Users\HP\Downloads\Medical\Medical_Affiliation\Medical_Affiliation.csproj]
C:\Users\HP\Downloads\Medical\Medical_Affiliation\Controllers\Aff_PhysioTherapyController.cs(683,44): warning CS8600: Converting null literal or possible null value to non-nullable type. [C:\Users\HP\Downloads\Medical\Medical_Affiliation\Medical_Affiliation.csproj]
C:\Users\HP\Downloads\Medical\Medical_Affiliation\Controllers\Aff_PhysioTherapyController.cs(684,39): warning CS8600: Converting null literal or possible null value to non-nullable type. [C:\Users\HP\Downloads\Medical\Medical_Affiliation\Medical_Affiliation.csproj]
C:\Users\HP\Downloads\Medical\Medical_Affiliation\Controllers\Aff_PhysioTherapyController.cs(689,38): warning CS8600: Converting null literal or possible null value to non-nullable type. [C:\Users\HP\Downloads\Medical\Medical_Affiliation\Medical_Affiliation.csproj]
C:\Users\HP\Downloads\Medical\Medical_Affiliation\Controllers\Aff_PhysioTherapyController.cs(690,39): warning CS8600: Converting null literal or possible null value to non-nullable type. [C:\Users\HP\Downloads\Medical\Medical_Affiliation\Medical_Affiliation.csproj]
C:\Users\HP\Downloads\Medical\Medical_Affiliation\Controllers\Aff_PhysioTherapyController.cs(691,42): warning CS8600: Converting null literal or possible null value to non-nullable type. [C:\Users\HP\Downloads\Medical\Medical_Affiliation\Medical_Affiliation.csproj]
C:\Users\HP\Downloads\Medical\Medical_Affiliation\Controllers\Aff_PhysioTherapyController.cs(692,37): warning CS8600: Converting null literal or possible null value to non-nullable type. [C:\Users\HP\Downloads\Medical\Medical_Affiliation\Medical_Affiliation.csproj]
C:\Users\HP\Downloads\Medical\Medical_Affiliation\Controllers\Aff_PhysioTherapyController.cs(693,42): warning CS8600: Converting null literal or possible null value to non-nullable type. [C:\Users\HP\Downloads\Medical\Medical_Affiliation\Medical_Affiliation.csproj]
C:\Users\HP\Downloads\Medical\Medical_Affiliation\Controllers\Aff_PhysioTherapyController.cs(694,42): warning CS8600: Converting null literal or possible null value to non-nullable type. [C:\Users\HP\Downloads\Medical\Medical_Affiliation\Medical_Affiliation.csproj]
C:\Users\HP\Downloads\Medical\Medical_Affiliation\Controllers\Aff_PhysioTherapyController.cs(695,42): warning CS8600: Converting null literal or possible null value to non-nullable type. [C:\Users\HP\Downloads\Medical\Medical_Affiliation\Medical_Affiliation.csproj]
C:\Users\HP\Downloads\Medical\Medical_Affiliation\Controllers\Aff_PhysioTherapyController.cs(696,47): warning CS8600: Converting null literal or possible null value to non-nullable type. [C:\Users\HP\Downloads\Medical\Medical_Affiliation\Medical_Affiliation.csproj]
C:\Users\HP\Downloads\Medical\Medical_Affiliation\Controllers\Aff_PhysioTherapyController.cs(697,47): warning CS8600: Converting null literal or possible null value to non-nullable type. [C:\Users\HP\Downloads\Medical\Medical_Affiliation\Medical_Affiliation.csproj]
C:\Users\HP\Downloads\Medical\Medical_Affiliation\Controllers\Aff_PhysioTherapyController.cs(762,57): warning CS8601: Possible null reference assignment. [C:\Users\HP\Downloads\Medical\Medical_Affiliation\Medical_Affiliation.csproj]
C:\Users\HP\Downloads\Medical\Medical_Affiliation\Controllers\Aff_PhysioTherapyController.cs(792,46): warning CS8601: Possible null reference assignment. [C:\Users\HP\Downloads\Medical\Medical_Affiliation\Medical_Affiliation.csproj]
C:\Users\HP\Downloads\Medical\Medical_Affiliation\Controllers\Aff_PhysioTherapyController.cs(687,57): warning CS8603: Possible null reference return. [C:\Users\HP\Downloads\Medical\Medical_Affiliation\Medical_Affiliation.csproj]
C:\Users\HP\Downloads\Medical\Medical_Affiliation\Controllers\Aff_PhysioTherapyController.cs(704,28): warning CS8603: Possible null reference return. [C:\Users\HP\Downloads\Medical\Medical_Affiliation\Medical_Affiliation.csproj]
C:\Users\HP\Downloads\Medical\Medical_Affiliation\Controllers\ContinuesAffiliation_FacultybasedController.cs(905,96): warning CS8604: Possible null reference argument for parameter 'facultyCode' in 'Task<IActionResult> ContinuesAffiliation_FacultybasedController.ServeFileFromPath(int id, string facultyCode, Func<InstitutionBasicDetail, string?> pathSelector)'. [C:\Users\HP\Downloads\Medical\Medical_Affiliation\Medical_Affiliation.csproj]
C:\Users\HP\Downloads\Medical\Medical_Affiliation\Controllers\ContinuesAffiliation_FacultybasedController.cs(909,97): warning CS8604: Possible null reference argument for parameter 'facultyCode' in 'Task<IActionResult> ContinuesAffiliation_FacultybasedController.ServeFileFromPath(int id, string facultyCode, Func<InstitutionBasicDetail, string?> pathSelector)'. [C:\Users\HP\Downloads\Medical\Medical_Affiliation\Medical_Affiliation.csproj]
C:\Users\HP\Downloads\Medical\Medical_Affiliation\Controllers\ContinuesAffiliation_FacultybasedController.cs(913,38): warning CS8604: Possible null reference argument for parameter 'facultyCode' in 'Task<IActionResult> ContinuesAffiliation_FacultybasedController.ServeFileFromPath(int id, string facultyCode, Func<InstitutionBasicDetail, string?> pathSelector)'. [C:\Users\HP\Downloads\Medical\Medical_Affiliation\Medical_Affiliation.csproj]
C:\Users\HP\Downloads\Medical\Medical_Affiliation\Controllers\ContinuesAffiliation_FacultybasedController.cs(917,38): warning CS8604: Possible null reference argument for parameter 'facultyCode' in 'Task<IActionResult> ContinuesAffiliation_FacultybasedController.ServeFileFromPath(int id, string facultyCode, Func<InstitutionBasicDetail, string?> pathSelector)'. [C:\Users\HP\Downloads\Medical\Medical_Affiliation\Medical_Affiliation.csproj]
C:\Users\HP\Downloads\Medical\Medical_Affiliation\Controllers\ContinuesAffiliation_FacultybasedController.cs(921,38): warning CS8604: Possible null reference argument for parameter 'facultyCode' in 'Task<IActionResult> ContinuesAffiliation_FacultybasedController.ServeFileFromPath(int id, string facultyCode, Func<InstitutionBasicDetail, string?> pathSelector)'. [C:\Users\HP\Downloads\Medical\Medical_Affiliation\Medical_Affiliation.csproj]
C:\Users\HP\Downloads\Medical\Medical_Affiliation\Controllers\ContinuesAffiliation_FacultybasedController.cs(925,38): warning CS8604: Possible null reference argument for parameter 'facultyCode' in 'Task<IActionResult> ContinuesAffiliation_FacultybasedController.ServeFileFromPath(int id, string facultyCode, Func<InstitutionBasicDetail, string?> pathSelector)'. [C:\Users\HP\Downloads\Medical\Medical_Affiliation\Medical_Affiliation.csproj]
C:\Users\HP\Downloads\Medical\Medical_Affiliation\Controllers\ContinuesAffiliation_FacultybasedController.cs(929,38): warning CS8604: Possible null reference argument for parameter 'facultyCode' in 'Task<IActionResult> ContinuesAffiliation_FacultybasedController.ServeFileFromPath(int id, string facultyCode, Func<InstitutionBasicDetail, string?> pathSelector)'. [C:\Users\HP\Downloads\Medical\Medical_Affiliation\Medical_Affiliation.csproj]
C:\Users\HP\Downloads\Medical\Medical_Affiliation\Controllers\ClinicalFacilitiesForAffiliationController.cs(580,38): warning CS8602: Dereference of a possibly null reference. [C:\Users\HP\Downloads\Medical\Medical_Affiliation\Medical_Affiliation.csproj]
C:\Users\HP\Downloads\Medical\Medical_Affiliation\Controllers\ClinicalFacilitiesForAffiliationController.cs(584,40): warning CS8602: Dereference of a possibly null reference. [C:\Users\HP\Downloads\Medical\Medical_Affiliation\Medical_Affiliation.csproj]
C:\Users\HP\Downloads\Medical\Medical_Affiliation\Controllers\ContinuesAffiliation_FacultybasedController.cs(933,38): warning CS8604: Possible null reference argument for parameter 'facultyCode' in 'Task<IActionResult> ContinuesAffiliation_FacultybasedController.ServeFileFromPath(int id, string facultyCode, Func<InstitutionBasicDetail, string?> pathSelector)'. [C:\Users\HP\Downloads\Medical\Medical_Affiliation\Medical_Affiliation.csproj]
C:\Users\HP\Downloads\Medical\Medical_Affiliation\Controllers\ContinuesAffiliation_FacultybasedController.cs(937,38): warning CS8604: Possible null reference argument for parameter 'facultyCode' in 'Task<IActionResult> ContinuesAffiliation_FacultybasedController.ServeFileFromPath(int id, string facultyCode, Func<InstitutionBasicDetail, string?> pathSelector)'. [C:\Users\HP\Downloads\Medical\Medical_Affiliation\Medical_Affiliation.csproj]
C:\Users\HP\Downloads\Medical\Medical_Affiliation\Controllers\ContinuesAffiliation_FacultybasedController.cs(941,38): warning CS8604: Possible null reference argument for parameter 'facultyCode' in 'Task<IActionResult> ContinuesAffiliation_FacultybasedController.ServeFileFromPath(int id, string facultyCode, Func<InstitutionBasicDetail, string?> pathSelector)'. [C:\Users\HP\Downloads\Medical\Medical_Affiliation\Medical_Affiliation.csproj]
C:\Users\HP\Downloads\Medical\Medical_Affiliation\Controllers\ContinuesAffiliation_FacultybasedController.cs(945,38): warning CS8604: Possible null reference argument for parameter 'facultyCode' in 'Task<IActionResult> ContinuesAffiliation_FacultybasedController.ServeFileFromPath(int id, string facultyCode, Func<InstitutionBasicDetail, string?> pathSelector)'. [C:\Users\HP\Downloads\Medical\Medical_Affiliation\Medical_Affiliation.csproj]
C:\Users\HP\Downloads\Medical\Medical_Affiliation\Controllers\HomeController.cs(129,55): warning CS8601: Possible null reference assignment. [C:\Users\HP\Downloads\Medical\Medical_Affiliation\Medical_Affiliation.csproj]
C:\Users\HP\Downloads\Medical\Medical_Affiliation\Controllers\HomeController.cs(130,55): warning CS8601: Possible null reference assignment. [C:\Users\HP\Downloads\Medical\Medical_Affiliation\Medical_Affiliation.csproj]
C:\Users\HP\Downloads\Medical\Medical_Affiliation\Controllers\Aff_PharmacyController.cs(1434,21): warning CS8602: Dereference of a possibly null reference. [C:\Users\HP\Downloads\Medical\Medical_Affiliation\Medical_Affiliation.csproj]
C:\Users\HP\Downloads\Medical\Medical_Affiliation\Controllers\Aff_PharmacyController.cs(1439,46): warning CS8629: Nullable value type may be null. [C:\Users\HP\Downloads\Medical\Medical_Affiliation\Medical_Affiliation.csproj]
C:\Users\HP\Downloads\Medical\Medical_Affiliation\Controllers\Aff_PharmacyController.cs(1440,43): warning CS8629: Nullable value type may be null. [C:\Users\HP\Downloads\Medical\Medical_Affiliation\Medical_Affiliation.csproj]
C:\Users\HP\Downloads\Medical\Medical_Affiliation\Controllers\ContinuesAffiliation_FacultybasedController.cs(949,38): warning CS8604: Possible null reference argument for parameter 'facultyCode' in 'Task<IActionResult> ContinuesAffiliation_FacultybasedController.ServeFileFromPath(int id, string facultyCode, Func<InstitutionBasicDetail, string?> pathSelector)'. [C:\Users\HP\Downloads\Medical\Medical_Affiliation\Medical_Affiliation.csproj]
C:\Users\HP\Downloads\Medical\Medical_Affiliation\Controllers\ContinuesAffiliation_FacultybasedController.cs(957,38): warning CS8604: Possible null reference argument for parameter 'facultyCode' in 'Task<IActionResult> ContinuesAffiliation_FacultybasedController.ServeFileFromPath(int id, string facultyCode, Func<InstitutionBasicDetail, string?> pathSelector)'. [C:\Users\HP\Downloads\Medical\Medical_Affiliation\Medical_Affiliation.csproj]
C:\Users\HP\Downloads\Medical\Medical_Affiliation\Controllers\Aff_UnaniController.cs(570,32): warning CS8600: Converting null literal or possible null value to non-nullable type. [C:\Users\HP\Downloads\Medical\Medical_Affiliation\Medical_Affiliation.csproj]
C:\Users\HP\Downloads\Medical\Medical_Affiliation\Controllers\Aff_UnaniController.cs(577,33): warning CS8600: Converting null literal or possible null value to non-nullable type. [C:\Users\HP\Downloads\Medical\Medical_Affiliation\Medical_Affiliation.csproj]
C:\Users\HP\Downloads\Medical\Medical_Affiliation\Controllers\Aff_UnaniController.cs(581,33): warning CS8600: Converting null literal or possible null value to non-nullable type. [C:\Users\HP\Downloads\Medical\Medical_Affiliation\Medical_Affiliation.csproj]
C:\Users\HP\Downloads\Medical\Medical_Affiliation\Controllers\Aff_UnaniController.cs(585,33): warning CS8600: Converting null literal or possible null value to non-nullable type. [C:\Users\HP\Downloads\Medical\Medical_Affiliation\Medical_Affiliation.csproj]
C:\Users\HP\Downloads\Medical\Medical_Affiliation\Controllers\Aff_UnaniController.cs(589,33): warning CS8600: Converting null literal or possible null value to non-nullable type. [C:\Users\HP\Downloads\Medical\Medical_Affiliation\Medical_Affiliation.csproj]
C:\Users\HP\Downloads\Medical\Medical_Affiliation\Controllers\Aff_UnaniController.cs(593,33): warning CS8600: Converting null literal or possible null value to non-nullable type. [C:\Users\HP\Downloads\Medical\Medical_Affiliation\Medical_Affiliation.csproj]
C:\Users\HP\Downloads\Medical\Medical_Affiliation\Controllers\Aff_UnaniController.cs(597,33): warning CS8600: Converting null literal or possible null value to non-nullable type. [C:\Users\HP\Downloads\Medical\Medical_Affiliation\Medical_Affiliation.csproj]
C:\Users\HP\Downloads\Medical\Medical_Affiliation\Controllers\Aff_UnaniController.cs(601,33): warning CS8600: Converting null literal or possible null value to non-nullable type. [C:\Users\HP\Downloads\Medical\Medical_Affiliation\Medical_Affiliation.csproj]
C:\Users\HP\Downloads\Medical\Medical_Affiliation\Controllers\Aff_UnaniController.cs(605,33): warning CS8600: Converting null literal or possible null value to non-nullable type. [C:\Users\HP\Downloads\Medical\Medical_Affiliation\Medical_Affiliation.csproj]
C:\Users\HP\Downloads\Medical\Medical_Affiliation\Controllers\Aff_UnaniController.cs(609,33): warning CS8600: Converting null literal or possible null value to non-nullable type. [C:\Users\HP\Downloads\Medical\Medical_Affiliation\Medical_Affiliation.csproj]
C:\Users\HP\Downloads\Medical\Medical_Affiliation\Controllers\FacultyDetailsController.cs(281,34): warning CS8600: Converting null literal or possible null value to non-nullable type. [C:\Users\HP\Downloads\Medical\Medical_Affiliation\Medical_Affiliation.csproj]
C:\Users\HP\Downloads\Medical\Medical_Affiliation\Controllers\FacultyDetailsController.cs(282,34): warning CS8600: Converting null literal or possible null value to non-nullable type. [C:\Users\HP\Downloads\Medical\Medical_Affiliation\Medical_Affiliation.csproj]
C:\Users\HP\Downloads\Medical\Medical_Affiliation\Controllers\FacultyDetailsController.cs(315,50): warning CS8602: Dereference of a possibly null reference. [C:\Users\HP\Downloads\Medical\Medical_Affiliation\Medical_Affiliation.csproj]
C:\Users\HP\Downloads\Medical\Medical_Affiliation\Controllers\FacultyDetailsController.cs(341,42): warning CS8600: Converting null literal or possible null value to non-nullable type. [C:\Users\HP\Downloads\Medical\Medical_Affiliation\Medical_Affiliation.csproj]
C:\Users\HP\Downloads\Medical\Medical_Affiliation\Controllers\HomeController.cs(145,34): warning CS8600: Converting null literal or possible null value to non-nullable type. [C:\Users\HP\Downloads\Medical\Medical_Affiliation\Medical_Affiliation.csproj]
C:\Users\HP\Downloads\Medical\Medical_Affiliation\Controllers\FacultyDetailsController.cs(456,24): warning CS8603: Possible null reference return. [C:\Users\HP\Downloads\Medical\Medical_Affiliation\Medical_Affiliation.csproj]
C:\Users\HP\Downloads\Medical\Medical_Affiliation\Controllers\FacultyDetailsController.cs(458,30): warning CS8600: Converting null literal or possible null value to non-nullable type. [C:\Users\HP\Downloads\Medical\Medical_Affiliation\Medical_Affiliation.csproj]
C:\Users\HP\Downloads\Medical\Medical_Affiliation\Controllers\FacultyDetailsController.cs(459,26): warning CS8600: Converting null literal or possible null value to non-nullable type. [C:\Users\HP\Downloads\Medical\Medical_Affiliation\Medical_Affiliation.csproj]
C:\Users\HP\Downloads\Medical\Medical_Affiliation\Controllers\FacultyDetailsController.cs(462,24): warning CS8603: Possible null reference return. [C:\Users\HP\Downloads\Medical\Medical_Affiliation\Medical_Affiliation.csproj]
C:\Users\HP\Downloads\Medical\Medical_Affiliation\Controllers\FacultyDetailsController.cs(468,20): warning CS8603: Possible null reference return. [C:\Users\HP\Downloads\Medical\Medical_Affiliation\Medical_Affiliation.csproj]
C:\Users\HP\Downloads\Medical\Medical_Affiliation\Controllers\Aff_SowaRigPaiController.cs(570,32): warning CS8600: Converting null literal or possible null value to non-nullable type. [C:\Users\HP\Downloads\Medical\Medical_Affiliation\Medical_Affiliation.csproj]
C:\Users\HP\Downloads\Medical\Medical_Affiliation\Controllers\Aff_SowaRigPaiController.cs(577,33): warning CS8600: Converting null literal or possible null value to non-nullable type. [C:\Users\HP\Downloads\Medical\Medical_Affiliation\Medical_Affiliation.csproj]
C:\Users\HP\Downloads\Medical\Medical_Affiliation\Controllers\Aff_SowaRigPaiController.cs(581,33): warning CS8600: Converting null literal or possible null value to non-nullable type. [C:\Users\HP\Downloads\Medical\Medical_Affiliation\Medical_Affiliation.csproj]
C:\Users\HP\Downloads\Medical\Medical_Affiliation\Controllers\Aff_SowaRigPaiController.cs(585,33): warning CS8600: Converting null literal or possible null value to non-nullable type. [C:\Users\HP\Downloads\Medical\Medical_Affiliation\Medical_Affiliation.csproj]
C:\Users\HP\Downloads\Medical\Medical_Affiliation\Controllers\Aff_SowaRigPaiController.cs(589,33): warning CS8600: Converting null literal or possible null value to non-nullable type. [C:\Users\HP\Downloads\Medical\Medical_Affiliation\Medical_Affiliation.csproj]
C:\Users\HP\Downloads\Medical\Medical_Affiliation\Controllers\Aff_SowaRigPaiController.cs(593,33): warning CS8600: Converting null literal or possible null value to non-nullable type. [C:\Users\HP\Downloads\Medical\Medical_Affiliation\Medical_Affiliation.csproj]
C:\Users\HP\Downloads\Medical\Medical_Affiliation\Controllers\Aff_SowaRigPaiController.cs(597,33): warning CS8600: Converting null literal or possible null value to non-nullable type. [C:\Users\HP\Downloads\Medical\Medical_Affiliation\Medical_Affiliation.csproj]
C:\Users\HP\Downloads\Medical\Medical_Affiliation\Controllers\Aff_SowaRigPaiController.cs(601,33): warning CS8600: Converting null literal or possible null value to non-nullable type. [C:\Users\HP\Downloads\Medical\Medical_Affiliation\Medical_Affiliation.csproj]
C:\Users\HP\Downloads\Medical\Medical_Affiliation\Controllers\Aff_SowaRigPaiController.cs(605,33): warning CS8600: Converting null literal or possible null value to non-nullable type. [C:\Users\HP\Downloads\Medical\Medical_Affiliation\Medical_Affiliation.csproj]
C:\Users\HP\Downloads\Medical\Medical_Affiliation\Controllers\Aff_SowaRigPaiController.cs(609,33): warning CS8600: Converting null literal or possible null value to non-nullable type. [C:\Users\HP\Downloads\Medical\Medical_Affiliation\Medical_Affiliation.csproj]
C:\Users\HP\Downloads\Medical\Medical_Affiliation\Controllers\Aff_NursingController.cs(1061,41): warning CS8600: Converting null literal or possible null value to non-nullable type. [C:\Users\HP\Downloads\Medical\Medical_Affiliation\Medical_Affiliation.csproj]
C:\Users\HP\Downloads\Medical\Medical_Affiliation\Controllers\Aff_NursingController.cs(1062,44): warning CS8600: Converting null literal or possible null value to non-nullable type. [C:\Users\HP\Downloads\Medical\Medical_Affiliation\Medical_Affiliation.csproj]
C:\Users\HP\Downloads\Medical\Medical_Affiliation\Controllers\Aff_NursingController.cs(1063,40): warning CS8600: Converting null literal or possible null value to non-nullable type. [C:\Users\HP\Downloads\Medical\Medical_Affiliation\Medical_Affiliation.csproj]
C:\Users\HP\Downloads\Medical\Medical_Affiliation\Controllers\Aff_NursingController.cs(1064,35): warning CS8600: Converting null literal or possible null value to non-nullable type. [C:\Users\HP\Downloads\Medical\Medical_Affiliation\Medical_Affiliation.csproj]
C:\Users\HP\Downloads\Medical\Medical_Affiliation\Controllers\Aff_NursingController.cs(1071,102): warning CS8604: Possible null reference argument for parameter 'formFile' in 'byte[] Aff_NursingController.ConvertFileToBytes(IFormFile formFile)'. [C:\Users\HP\Downloads\Medical\Medical_Affiliation\Medical_Affiliation.csproj]
C:\Users\HP\Downloads\Medical\Medical_Affiliation\Controllers\Aff_NursingController.cs(1071,34): warning CS8600: Converting null literal or possible null value to non-nullable type. [C:\Users\HP\Downloads\Medical\Medical_Affiliation\Medical_Affiliation.csproj]
C:\Users\HP\Downloads\Medical\Medical_Affiliation\Controllers\Aff_NursingController.cs(1072,92): warning CS8604: Possible null reference argument for parameter 'formFile' in 'byte[] Aff_NursingController.ConvertFileToBytes(IFormFile formFile)'. [C:\Users\HP\Downloads\Medical\Medical_Affiliation\Medical_Affiliation.csproj]
C:\Users\HP\Downloads\Medical\Medical_Affiliation\Controllers\Aff_NursingController.cs(1072,29): warning CS8600: Converting null literal or possible null value to non-nullable type. [C:\Users\HP\Downloads\Medical\Medical_Affiliation\Medical_Affiliation.csproj]
C:\Users\HP\Downloads\Medical\Medical_Affiliation\Controllers\Aff_NursingController.cs(1073,100): warning CS8604: Possible null reference argument for parameter 'formFile' in 'byte[] Aff_NursingController.ConvertFileToBytes(IFormFile formFile)'. [C:\Users\HP\Downloads\Medical\Medical_Affiliation\Medical_Affiliation.csproj]
C:\Users\HP\Downloads\Medical\Medical_Affiliation\Controllers\Aff_NursingController.cs(1073,31): warning CS8600: Converting null literal or possible null value to non-nullable type. [C:\Users\HP\Downloads\Medical\Medical_Affiliation\Medical_Affiliation.csproj]
C:\Users\HP\Downloads\Medical\Medical_Affiliation\Controllers\Aff_NursingController.cs(1074,104): warning CS8604: Possible null reference argument for parameter 'formFile' in 'byte[] Aff_NursingController.ConvertFileToBytes(IFormFile formFile)'. [C:\Users\HP\Downloads\Medical\Medical_Affiliation\Medical_Affiliation.csproj]
C:\Users\HP\Downloads\Medical\Medical_Affiliation\Controllers\Aff_NursingController.cs(1074,35): warning CS8600: Converting null literal or possible null value to non-nullable type. [C:\Users\HP\Downloads\Medical\Medical_Affiliation\Medical_Affiliation.csproj]
C:\Users\HP\Downloads\Medical\Medical_Affiliation\Controllers\Aff_NursingController.cs(1079,33): warning CS8602: Dereference of a possibly null reference. [C:\Users\HP\Downloads\Medical\Medical_Affiliation\Medical_Affiliation.csproj]
C:\Users\HP\Downloads\Medical\Medical_Affiliation\Controllers\Aff_NursingController.cs(1087,39): warning CS8602: Dereference of a possibly null reference. [C:\Users\HP\Downloads\Medical\Medical_Affiliation\Medical_Affiliation.csproj]
C:\Users\HP\Downloads\Medical\Medical_Affiliation\Controllers\Aff_NursingController.cs(1114,53): warning CS8601: Possible null reference assignment. [C:\Users\HP\Downloads\Medical\Medical_Affiliation\Medical_Affiliation.csproj]
C:\Users\HP\Downloads\Medical\Medical_Affiliation\Controllers\Aff_NursingController.cs(1133,39): warning CS8601: Possible null reference assignment. [C:\Users\HP\Downloads\Medical\Medical_Affiliation\Medical_Affiliation.csproj]
C:\Users\HP\Downloads\Medical\Medical_Affiliation\Controllers\Aff_NursingController.cs(1134,39): warning CS8601: Possible null reference assignment. [C:\Users\HP\Downloads\Medical\Medical_Affiliation\Medical_Affiliation.csproj]
C:\Users\HP\Downloads\Medical\Medical_Affiliation\Controllers\Aff_NursingController.cs(1136,42): warning CS8601: Possible null reference assignment. [C:\Users\HP\Downloads\Medical\Medical_Affiliation\Medical_Affiliation.csproj]
C:\Users\HP\Downloads\Medical\Medical_Affiliation\Controllers\FacultyDetailsController.cs(477,31): warning CS8600: Converting null literal or possible null value to non-nullable type. [C:\Users\HP\Downloads\Medical\Medical_Affiliation\Medical_Affiliation.csproj]
C:\Users\HP\Downloads\Medical\Medical_Affiliation\Controllers\FacultyDetailsController.cs(482,32): warning CS8600: Converting null literal or possible null value to non-nullable type. [C:\Users\HP\Downloads\Medical\Medical_Affiliation\Medical_Affiliation.csproj]
C:\Users\HP\Downloads\Medical\Medical_Affiliation\Controllers\FacultyDetailsController.cs(486,32): warning CS8600: Converting null literal or possible null value to non-nullable type. [C:\Users\HP\Downloads\Medical\Medical_Affiliation\Medical_Affiliation.csproj]
C:\Users\HP\Downloads\Medical\Medical_Affiliation\Controllers\FacultyDetailsController.cs(490,32): warning CS8600: Converting null literal or possible null value to non-nullable type. [C:\Users\HP\Downloads\Medical\Medical_Affiliation\Medical_Affiliation.csproj]
C:\Users\HP\Downloads\Medical\Medical_Affiliation\Controllers\FacultyDetailsController.cs(505,59): warning CS8600: Converting null literal or possible null value to non-nullable type. [C:\Users\HP\Downloads\Medical\Medical_Affiliation\Medical_Affiliation.csproj]
C:\Users\HP\Downloads\Medical\Medical_Affiliation\Controllers\CA_Aff_AcademicMattersController.cs(602,34): warning CS8600: Converting null literal or possible null value to non-nullable type. [C:\Users\HP\Downloads\Medical\Medical_Affiliation\Medical_Affiliation.csproj]
C:\Users\HP\Downloads\Medical\Medical_Affiliation\Controllers\AyurvedhaRepositoryController.cs(570,32): warning CS8600: Converting null literal or possible null value to non-nullable type. [C:\Users\HP\Downloads\Medical\Medical_Affiliation\Medical_Affiliation.csproj]
C:\Users\HP\Downloads\Medical\Medical_Affiliation\Controllers\AyurvedhaRepositoryController.cs(577,33): warning CS8600: Converting null literal or possible null value to non-nullable type. [C:\Users\HP\Downloads\Medical\Medical_Affiliation\Medical_Affiliation.csproj]
C:\Users\HP\Downloads\Medical\Medical_Affiliation\Controllers\AyurvedhaRepositoryController.cs(581,33): warning CS8600: Converting null literal or possible null value to non-nullable type. [C:\Users\HP\Downloads\Medical\Medical_Affiliation\Medical_Affiliation.csproj]
C:\Users\HP\Downloads\Medical\Medical_Affiliation\Controllers\AyurvedhaRepositoryController.cs(585,33): warning CS8600: Converting null literal or possible null value to non-nullable type. [C:\Users\HP\Downloads\Medical\Medical_Affiliation\Medical_Affiliation.csproj]
C:\Users\HP\Downloads\Medical\Medical_Affiliation\Controllers\AyurvedhaRepositoryController.cs(589,33): warning CS8600: Converting null literal or possible null value to non-nullable type. [C:\Users\HP\Downloads\Medical\Medical_Affiliation\Medical_Affiliation.csproj]
C:\Users\HP\Downloads\Medical\Medical_Affiliation\Controllers\AyurvedhaRepositoryController.cs(593,33): warning CS8600: Converting null literal or possible null value to non-nullable type. [C:\Users\HP\Downloads\Medical\Medical_Affiliation\Medical_Affiliation.csproj]
C:\Users\HP\Downloads\Medical\Medical_Affiliation\Controllers\AyurvedhaRepositoryController.cs(597,33): warning CS8600: Converting null literal or possible null value to non-nullable type. [C:\Users\HP\Downloads\Medical\Medical_Affiliation\Medical_Affiliation.csproj]
C:\Users\HP\Downloads\Medical\Medical_Affiliation\Controllers\AyurvedhaRepositoryController.cs(601,33): warning CS8600: Converting null literal or possible null value to non-nullable type. [C:\Users\HP\Downloads\Medical\Medical_Affiliation\Medical_Affiliation.csproj]
C:\Users\HP\Downloads\Medical\Medical_Affiliation\Controllers\AyurvedhaRepositoryController.cs(605,33): warning CS8600: Converting null literal or possible null value to non-nullable type. [C:\Users\HP\Downloads\Medical\Medical_Affiliation\Medical_Affiliation.csproj]
C:\Users\HP\Downloads\Medical\Medical_Affiliation\Controllers\AyurvedhaRepositoryController.cs(609,33): warning CS8600: Converting null literal or possible null value to non-nullable type. [C:\Users\HP\Downloads\Medical\Medical_Affiliation\Medical_Affiliation.csproj]
C:\Users\HP\Downloads\Medical\Medical_Affiliation\Controllers\ClinicalFacilitiesForAffiliationController.cs(682,38): warning CS8602: Dereference of a possibly null reference. [C:\Users\HP\Downloads\Medical\Medical_Affiliation\Medical_Affiliation.csproj]
C:\Users\HP\Downloads\Medical\Medical_Affiliation\Controllers\ClinicalFacilitiesForAffiliationController.cs(686,40): warning CS8602: Dereference of a possibly null reference. [C:\Users\HP\Downloads\Medical\Medical_Affiliation\Medical_Affiliation.csproj]
C:\Users\HP\Downloads\Medical\Medical_Affiliation\Controllers\ClinicalFacilitiesForAffiliationController.cs(738,100): warning CS8604: Possible null reference argument for parameter 'facultyCode' in 'Task<string?> ClinicalFacilitiesForAffiliationController.SaveAffiliatedHospitalFileAsync(IFormFile? file, string facultyCode)'. [C:\Users\HP\Downloads\Medical\Medical_Affiliation\Medical_Affiliation.csproj]
C:\Users\HP\Downloads\Medical\Medical_Affiliation\Controllers\ClinicalFacilitiesForAffiliationController.cs(760,96): warning CS8604: Possible null reference argument for parameter 'facultyCode' in 'Task<string?> ClinicalFacilitiesForAffiliationController.SaveAffiliatedHospitalFileAsync(IFormFile? file, string facultyCode)'. [C:\Users\HP\Downloads\Medical\Medical_Affiliation\Medical_Affiliation.csproj]
C:\Users\HP\Downloads\Medical\Medical_Affiliation\Controllers\Aff_PhysioTherapyController.cs(841,32): warning CS8600: Converting null literal or possible null value to non-nullable type. [C:\Users\HP\Downloads\Medical\Medical_Affiliation\Medical_Affiliation.csproj]
C:\Users\HP\Downloads\Medical\Medical_Affiliation\Controllers\Aff_PhysioTherapyController.cs(848,33): warning CS8600: Converting null literal or possible null value to non-nullable type. [C:\Users\HP\Downloads\Medical\Medical_Affiliation\Medical_Affiliation.csproj]
C:\Users\HP\Downloads\Medical\Medical_Affiliation\Controllers\Aff_PhysioTherapyController.cs(852,33): warning CS8600: Converting null literal or possible null value to non-nullable type. [C:\Users\HP\Downloads\Medical\Medical_Affiliation\Medical_Affiliation.csproj]
C:\Users\HP\Downloads\Medical\Medical_Affiliation\Controllers\Aff_PhysioTherapyController.cs(856,33): warning CS8600: Converting null literal or possible null value to non-nullable type. [C:\Users\HP\Downloads\Medical\Medical_Affiliation\Medical_Affiliation.csproj]
C:\Users\HP\Downloads\Medical\Medical_Affiliation\Controllers\Aff_PhysioTherapyController.cs(860,33): warning CS8600: Converting null literal or possible null value to non-nullable type. [C:\Users\HP\Downloads\Medical\Medical_Affiliation\Medical_Affiliation.csproj]
C:\Users\HP\Downloads\Medical\Medical_Affiliation\Controllers\Aff_PhysioTherapyController.cs(864,33): warning CS8600: Converting null literal or possible null value to non-nullable type. [C:\Users\HP\Downloads\Medical\Medical_Affiliation\Medical_Affiliation.csproj]
C:\Users\HP\Downloads\Medical\Medical_Affiliation\Controllers\Aff_PhysioTherapyController.cs(868,33): warning CS8600: Converting null literal or possible null value to non-nullable type. [C:\Users\HP\Downloads\Medical\Medical_Affiliation\Medical_Affiliation.csproj]
C:\Users\HP\Downloads\Medical\Medical_Affiliation\Controllers\Aff_PhysioTherapyController.cs(872,33): warning CS8600: Converting null literal or possible null value to non-nullable type. [C:\Users\HP\Downloads\Medical\Medical_Affiliation\Medical_Affiliation.csproj]
C:\Users\HP\Downloads\Medical\Medical_Affiliation\Controllers\Aff_PhysioTherapyController.cs(876,33): warning CS8600: Converting null literal or possible null value to non-nullable type. [C:\Users\HP\Downloads\Medical\Medical_Affiliation\Medical_Affiliation.csproj]
C:\Users\HP\Downloads\Medical\Medical_Affiliation\Controllers\Aff_PhysioTherapyController.cs(880,33): warning CS8600: Converting null literal or possible null value to non-nullable type. [C:\Users\HP\Downloads\Medical\Medical_Affiliation\Medical_Affiliation.csproj]
C:\Users\HP\Downloads\Medical\Medical_Affiliation\Controllers\DentalSuperAdminController.cs(255,25): warning CS8600: Converting null literal or possible null value to non-nullable type. [C:\Users\HP\Downloads\Medical\Medical_Affiliation\Medical_Affiliation.csproj]
C:\Users\HP\Downloads\Medical\Medical_Affiliation\Controllers\DentalSuperAdminController.cs(259,38): warning CS8601: Possible null reference assignment. [C:\Users\HP\Downloads\Medical\Medical_Affiliation\Medical_Affiliation.csproj]
C:\Users\HP\Downloads\Medical\Medical_Affiliation\Controllers\DentalSuperAdminController.cs(277,35): warning CS8601: Possible null reference assignment. [C:\Users\HP\Downloads\Medical\Medical_Affiliation\Medical_Affiliation.csproj]
C:\Users\HP\Downloads\Medical\Medical_Affiliation\Controllers\CA_Med_ResearchPublicationsController.cs(801,74): warning CS8600: Converting null literal or possible null value to non-nullable type. [C:\Users\HP\Downloads\Medical\Medical_Affiliation\Medical_Affiliation.csproj]
C:\Users\HP\Downloads\Medical\Medical_Affiliation\Controllers\DentalController.cs(408,33): warning CS8602: Dereference of a possibly null reference. [C:\Users\HP\Downloads\Medical\Medical_Affiliation\Medical_Affiliation.csproj]
C:\Users\HP\Downloads\Medical\Medical_Affiliation\Controllers\ContinuesAffiliation_FacultybasedController.cs(1006,24): warning CS8603: Possible null reference return. [C:\Users\HP\Downloads\Medical\Medical_Affiliation\Medical_Affiliation.csproj]
C:\Users\HP\Downloads\Medical\Medical_Affiliation\Controllers\DentalRepositoryController.cs(289,34): warning CS8600: Converting null literal or possible null value to non-nullable type. [C:\Users\HP\Downloads\Medical\Medical_Affiliation\Medical_Affiliation.csproj]
C:\Users\HP\Downloads\Medical\Medical_Affiliation\Controllers\DentalRepositoryController.cs(290,34): warning CS8600: Converting null literal or possible null value to non-nullable type. [C:\Users\HP\Downloads\Medical\Medical_Affiliation\Medical_Affiliation.csproj]
C:\Users\HP\Downloads\Medical\Medical_Affiliation\Controllers\DentalRepositoryController.cs(363,48): warning CS8601: Possible null reference assignment. [C:\Users\HP\Downloads\Medical\Medical_Affiliation\Medical_Affiliation.csproj]
C:\Users\HP\Downloads\Medical\Medical_Affiliation\Controllers\DentalRepositoryController.cs(365,49): warning CS8601: Possible null reference assignment. [C:\Users\HP\Downloads\Medical\Medical_Affiliation\Medical_Affiliation.csproj]
C:\Users\HP\Downloads\Medical\Medical_Affiliation\Controllers\DentalRepositoryController.cs(378,37): warning CS8601: Possible null reference assignment. [C:\Users\HP\Downloads\Medical\Medical_Affiliation\Medical_Affiliation.csproj]
C:\Users\HP\Downloads\Medical\Medical_Affiliation\Controllers\DentalRepositoryController.cs(379,35): warning CS8601: Possible null reference assignment. [C:\Users\HP\Downloads\Medical\Medical_Affiliation\Medical_Affiliation.csproj]
C:\Users\HP\Downloads\Medical\Medical_Affiliation\Controllers\DentalRepositoryController.cs(380,31): warning CS8601: Possible null reference assignment. [C:\Users\HP\Downloads\Medical\Medical_Affiliation\Medical_Affiliation.csproj]
C:\Users\HP\Downloads\Medical\Medical_Affiliation\Controllers\DentalRepositoryController.cs(381,27): warning CS8601: Possible null reference assignment. [C:\Users\HP\Downloads\Medical\Medical_Affiliation\Medical_Affiliation.csproj]
C:\Users\HP\Downloads\Medical\Medical_Affiliation\Controllers\Aff_PhysioTherapyController.cs(974,39): warning CS8601: Possible null reference assignment. [C:\Users\HP\Downloads\Medical\Medical_Affiliation\Medical_Affiliation.csproj]
C:\Users\HP\Downloads\Medical\Medical_Affiliation\Controllers\Aff_PhysioTherapyController.cs(975,39): warning CS8601: Possible null reference assignment. [C:\Users\HP\Downloads\Medical\Medical_Affiliation\Medical_Affiliation.csproj]
C:\Users\HP\Downloads\Medical\Medical_Affiliation\Controllers\FellowshipController.cs(247,44): warning CS8601: Possible null reference assignment. [C:\Users\HP\Downloads\Medical\Medical_Affiliation\Medical_Affiliation.csproj]
C:\Users\HP\Downloads\Medical\Medical_Affiliation\Controllers\ClinicalFacilitiesForAffiliationController.cs(832,38): warning CS8602: Dereference of a possibly null reference. [C:\Users\HP\Downloads\Medical\Medical_Affiliation\Medical_Affiliation.csproj]
C:\Users\HP\Downloads\Medical\Medical_Affiliation\Controllers\ClinicalFacilitiesForAffiliationController.cs(836,40): warning CS8602: Dereference of a possibly null reference. [C:\Users\HP\Downloads\Medical\Medical_Affiliation\Medical_Affiliation.csproj]
C:\Users\HP\Downloads\Medical\Medical_Affiliation\Controllers\Aff_NursingController.cs(1195,52): warning CS8601: Possible null reference assignment. [C:\Users\HP\Downloads\Medical\Medical_Affiliation\Medical_Affiliation.csproj]
C:\Users\HP\Downloads\Medical\Medical_Affiliation\Controllers\Aff_NursingController.cs(1198,52): warning CS8601: Possible null reference assignment. [C:\Users\HP\Downloads\Medical\Medical_Affiliation\Medical_Affiliation.csproj]
C:\Users\HP\Downloads\Medical\Medical_Affiliation\Controllers\Aff_NursingController.cs(1199,48): warning CS8601: Possible null reference assignment. [C:\Users\HP\Downloads\Medical\Medical_Affiliation\Medical_Affiliation.csproj]
C:\Users\HP\Downloads\Medical\Medical_Affiliation\Controllers\ContinuationAffiliationClinicalFacilitiesController.cs(1564,37): warning CS8602: Dereference of a possibly null reference. [C:\Users\HP\Downloads\Medical\Medical_Affiliation\Medical_Affiliation.csproj]
C:\Users\HP\Downloads\Medical\Medical_Affiliation\Controllers\ContinuationAffiliationClinicalFacilitiesController.cs(1567,34): warning CS8602: Dereference of a possibly null reference. [C:\Users\HP\Downloads\Medical\Medical_Affiliation\Medical_Affiliation.csproj]
C:\Users\HP\Downloads\Medical\Medical_Affiliation\Controllers\ContinuationAffiliationClinicalFacilitiesController.cs(1590,34): warning CS8600: Converting null literal or possible null value to non-nullable type. [C:\Users\HP\Downloads\Medical\Medical_Affiliation\Medical_Affiliation.csproj]
C:\Users\HP\Downloads\Medical\Medical_Affiliation\Controllers\Aff_UnaniController.cs(681,45): warning CS8600: Converting null literal or possible null value to non-nullable type. [C:\Users\HP\Downloads\Medical\Medical_Affiliation\Medical_Affiliation.csproj]
C:\Users\HP\Downloads\Medical\Medical_Affiliation\Controllers\Aff_UnaniController.cs(682,48): warning CS8600: Converting null literal or possible null value to non-nullable type. [C:\Users\HP\Downloads\Medical\Medical_Affiliation\Medical_Affiliation.csproj]
C:\Users\HP\Downloads\Medical\Medical_Affiliation\Controllers\Aff_UnaniController.cs(683,44): warning CS8600: Converting null literal or possible null value to non-nullable type. [C:\Users\HP\Downloads\Medical\Medical_Affiliation\Medical_Affiliation.csproj]
C:\Users\HP\Downloads\Medical\Medical_Affiliation\Controllers\Aff_UnaniController.cs(684,39): warning CS8600: Converting null literal or possible null value to non-nullable type. [C:\Users\HP\Downloads\Medical\Medical_Affiliation\Medical_Affiliation.csproj]
C:\Users\HP\Downloads\Medical\Medical_Affiliation\Controllers\Aff_UnaniController.cs(689,38): warning CS8600: Converting null literal or possible null value to non-nullable type. [C:\Users\HP\Downloads\Medical\Medical_Affiliation\Medical_Affiliation.csproj]
C:\Users\HP\Downloads\Medical\Medical_Affiliation\Controllers\Aff_UnaniController.cs(690,39): warning CS8600: Converting null literal or possible null value to non-nullable type. [C:\Users\HP\Downloads\Medical\Medical_Affiliation\Medical_Affiliation.csproj]
C:\Users\HP\Downloads\Medical\Medical_Affiliation\Controllers\Aff_UnaniController.cs(691,42): warning CS8600: Converting null literal or possible null value to non-nullable type. [C:\Users\HP\Downloads\Medical\Medical_Affiliation\Medical_Affiliation.csproj]
C:\Users\HP\Downloads\Medical\Medical_Affiliation\Controllers\Aff_UnaniController.cs(692,37): warning CS8600: Converting null literal or possible null value to non-nullable type. [C:\Users\HP\Downloads\Medical\Medical_Affiliation\Medical_Affiliation.csproj]
C:\Users\HP\Downloads\Medical\Medical_Affiliation\Controllers\Aff_UnaniController.cs(693,42): warning CS8600: Converting null literal or possible null value to non-nullable type. [C:\Users\HP\Downloads\Medical\Medical_Affiliation\Medical_Affiliation.csproj]
C:\Users\HP\Downloads\Medical\Medical_Affiliation\Controllers\Aff_UnaniController.cs(694,42): warning CS8600: Converting null literal or possible null value to non-nullable type. [C:\Users\HP\Downloads\Medical\Medical_Affiliation\Medical_Affiliation.csproj]
C:\Users\HP\Downloads\Medical\Medical_Affiliation\Controllers\Aff_UnaniController.cs(695,42): warning CS8600: Converting null literal or possible null value to non-nullable type. [C:\Users\HP\Downloads\Medical\Medical_Affiliation\Medical_Affiliation.csproj]
C:\Users\HP\Downloads\Medical\Medical_Affiliation\Controllers\Aff_UnaniController.cs(696,47): warning CS8600: Converting null literal or possible null value to non-nullable type. [C:\Users\HP\Downloads\Medical\Medical_Affiliation\Medical_Affiliation.csproj]
C:\Users\HP\Downloads\Medical\Medical_Affiliation\Controllers\Aff_UnaniController.cs(697,47): warning CS8600: Converting null literal or possible null value to non-nullable type. [C:\Users\HP\Downloads\Medical\Medical_Affiliation\Medical_Affiliation.csproj]
C:\Users\HP\Downloads\Medical\Medical_Affiliation\Controllers\Aff_UnaniController.cs(762,57): warning CS8601: Possible null reference assignment. [C:\Users\HP\Downloads\Medical\Medical_Affiliation\Medical_Affiliation.csproj]
C:\Users\HP\Downloads\Medical\Medical_Affiliation\Controllers\Aff_UnaniController.cs(792,46): warning CS8601: Possible null reference assignment. [C:\Users\HP\Downloads\Medical\Medical_Affiliation\Medical_Affiliation.csproj]
C:\Users\HP\Downloads\Medical\Medical_Affiliation\Controllers\Aff_UnaniController.cs(687,57): warning CS8603: Possible null reference return. [C:\Users\HP\Downloads\Medical\Medical_Affiliation\Medical_Affiliation.csproj]
C:\Users\HP\Downloads\Medical\Medical_Affiliation\Controllers\Aff_UnaniController.cs(704,28): warning CS8603: Possible null reference return. [C:\Users\HP\Downloads\Medical\Medical_Affiliation\Medical_Affiliation.csproj]
C:\Users\HP\Downloads\Medical\Medical_Affiliation\Controllers\Aff_PhysioTherapyController.cs(1440,21): warning CS8602: Dereference of a possibly null reference. [C:\Users\HP\Downloads\Medical\Medical_Affiliation\Medical_Affiliation.csproj]
C:\Users\HP\Downloads\Medical\Medical_Affiliation\Controllers\Aff_PhysioTherapyController.cs(1445,46): warning CS8629: Nullable value type may be null. [C:\Users\HP\Downloads\Medical\Medical_Affiliation\Medical_Affiliation.csproj]
C:\Users\HP\Downloads\Medical\Medical_Affiliation\Controllers\Aff_PhysioTherapyController.cs(1446,43): warning CS8629: Nullable value type may be null. [C:\Users\HP\Downloads\Medical\Medical_Affiliation\Medical_Affiliation.csproj]
C:\Users\HP\Downloads\Medical\Medical_Affiliation\Controllers\ContinuesAffiliation_FacultybasedController.cs(1056,37): warning CS8601: Possible null reference assignment. [C:\Users\HP\Downloads\Medical\Medical_Affiliation\Medical_Affiliation.csproj]
C:\Users\HP\Downloads\Medical\Medical_Affiliation\Controllers\ContinuesAffiliation_FacultybasedController.cs(1057,36): warning CS8601: Possible null reference assignment. [C:\Users\HP\Downloads\Medical\Medical_Affiliation\Medical_Affiliation.csproj]
C:\Users\HP\Downloads\Medical\Medical_Affiliation\Controllers\ContinuesAffiliation_FacultybasedController.cs(1059,41): warning CS8601: Possible null reference assignment. [C:\Users\HP\Downloads\Medical\Medical_Affiliation\Medical_Affiliation.csproj]
C:\Users\HP\Downloads\Medical\Medical_Affiliation\Controllers\ContinuesAffiliation_FacultybasedController.cs(1060,35): warning CS8601: Possible null reference assignment. [C:\Users\HP\Downloads\Medical\Medical_Affiliation\Medical_Affiliation.csproj]
C:\Users\HP\Downloads\Medical\Medical_Affiliation\Controllers\ClinicalFacilitiesForAffiliationController.cs(974,38): warning CS8602: Dereference of a possibly null reference. [C:\Users\HP\Downloads\Medical\Medical_Affiliation\Medical_Affiliation.csproj]
C:\Users\HP\Downloads\Medical\Medical_Affiliation\Controllers\ClinicalFacilitiesForAffiliationController.cs(978,40): warning CS8602: Dereference of a possibly null reference. [C:\Users\HP\Downloads\Medical\Medical_Affiliation\Medical_Affiliation.csproj]
C:\Users\HP\Downloads\Medical\Medical_Affiliation\Controllers\ClinicalFacilitiesForAffiliationController.cs(1001,47): warning CS8629: Nullable value type may be null. [C:\Users\HP\Downloads\Medical\Medical_Affiliation\Medical_Affiliation.csproj]
C:\Users\HP\Downloads\Medical\Medical_Affiliation\Controllers\ClinicalFacilitiesForAffiliationController.cs(1002,53): warning CS8629: Nullable value type may be null. [C:\Users\HP\Downloads\Medical\Medical_Affiliation\Medical_Affiliation.csproj]
C:\Users\HP\Downloads\Medical\Medical_Affiliation\Controllers\ClinicalFacilitiesForAffiliationController.cs(1015,42): warning CS8629: Nullable value type may be null. [C:\Users\HP\Downloads\Medical\Medical_Affiliation\Medical_Affiliation.csproj]
C:\Users\HP\Downloads\Medical\Medical_Affiliation\Controllers\ClinicalFacilitiesForAffiliationController.cs(1016,48): warning CS8629: Nullable value type may be null. [C:\Users\HP\Downloads\Medical\Medical_Affiliation\Medical_Affiliation.csproj]
C:\Users\HP\Downloads\Medical\Medical_Affiliation\Controllers\ClinicalFacilitiesForAffiliationController.cs(1017,43): warning CS8629: Nullable value type may be null. [C:\Users\HP\Downloads\Medical\Medical_Affiliation\Medical_Affiliation.csproj]
C:\Users\HP\Downloads\Medical\Medical_Affiliation\Controllers\ClinicalFacilitiesForAffiliationController.cs(1147,25): warning CS8604: Possible null reference argument for parameter 'virtualPath' in 'VirtualFileResult ControllerBase.File(string virtualPath, string contentType)'. [C:\Users\HP\Downloads\Medical\Medical_Affiliation\Medical_Affiliation.csproj]
C:\Users\HP\Downloads\Medical\Medical_Affiliation\Controllers\ContinuousAffiliationIncreaseintakeController.cs(889,41): warning CS8604: Possible null reference argument for parameter 's' in 'int int.Parse(string s)'. [C:\Users\HP\Downloads\Medical\Medical_Affiliation\Medical_Affiliation.csproj]
C:\Users\HP\Downloads\Medical\Medical_Affiliation\Controllers\ContinuousAffiliationIncreaseintakeController.cs(895,34): warning CS8601: Possible null reference assignment. [C:\Users\HP\Downloads\Medical\Medical_Affiliation\Medical_Affiliation.csproj]
C:\Users\HP\Downloads\Medical\Medical_Affiliation\Controllers\ContinuousAffiliationIncreaseintakeController.cs(683,38): warning CS8604: Possible null reference argument for parameter 's' in 'int int.Parse(string s)'. [C:\Users\HP\Downloads\Medical\Medical_Affiliation\Medical_Affiliation.csproj]
C:\Users\HP\Downloads\Medical\Medical_Affiliation\Controllers\ClinicalFacilitiesForAffiliationController.cs(1155,17): warning CS8602: Dereference of a possibly null reference. [C:\Users\HP\Downloads\Medical\Medical_Affiliation\Medical_Affiliation.csproj]
C:\Users\HP\Downloads\Medical\Medical_Affiliation\Controllers\FellowshipController.cs(389,35): warning CS8601: Possible null reference assignment. [C:\Users\HP\Downloads\Medical\Medical_Affiliation\Medical_Affiliation.csproj]
C:\Users\HP\Downloads\Medical\Medical_Affiliation\Controllers\FellowshipController.cs(390,27): warning CS8629: Nullable value type may be null. [C:\Users\HP\Downloads\Medical\Medical_Affiliation\Medical_Affiliation.csproj]
C:\Users\HP\Downloads\Medical\Medical_Affiliation\Controllers\FellowshipController.cs(391,37): warning CS8629: Nullable value type may be null. [C:\Users\HP\Downloads\Medical\Medical_Affiliation\Medical_Affiliation.csproj]
C:\Users\HP\Downloads\Medical\Medical_Affiliation\Controllers\FellowshipController.cs(392,45): warning CS8629: Nullable value type may be null. [C:\Users\HP\Downloads\Medical\Medical_Affiliation\Medical_Affiliation.csproj]
C:\Users\HP\Downloads\Medical\Medical_Affiliation\Controllers\FellowshipController.cs(393,34): warning CS8629: Nullable value type may be null. [C:\Users\HP\Downloads\Medical\Medical_Affiliation\Medical_Affiliation.csproj]
C:\Users\HP\Downloads\Medical\Medical_Affiliation\Controllers\FellowshipController.cs(394,30): warning CS8601: Possible null reference assignment. [C:\Users\HP\Downloads\Medical\Medical_Affiliation\Medical_Affiliation.csproj]
C:\Users\HP\Downloads\Medical\Medical_Affiliation\Controllers\Aff_SowaRigPaiController.cs(681,45): warning CS8600: Converting null literal or possible null value to non-nullable type. [C:\Users\HP\Downloads\Medical\Medical_Affiliation\Medical_Affiliation.csproj]
C:\Users\HP\Downloads\Medical\Medical_Affiliation\Controllers\Aff_SowaRigPaiController.cs(682,48): warning CS8600: Converting null literal or possible null value to non-nullable type. [C:\Users\HP\Downloads\Medical\Medical_Affiliation\Medical_Affiliation.csproj]
C:\Users\HP\Downloads\Medical\Medical_Affiliation\Controllers\Aff_SowaRigPaiController.cs(683,44): warning CS8600: Converting null literal or possible null value to non-nullable type. [C:\Users\HP\Downloads\Medical\Medical_Affiliation\Medical_Affiliation.csproj]
C:\Users\HP\Downloads\Medical\Medical_Affiliation\Controllers\Aff_SowaRigPaiController.cs(684,39): warning CS8600: Converting null literal or possible null value to non-nullable type. [C:\Users\HP\Downloads\Medical\Medical_Affiliation\Medical_Affiliation.csproj]
C:\Users\HP\Downloads\Medical\Medical_Affiliation\Controllers\Aff_SowaRigPaiController.cs(689,38): warning CS8600: Converting null literal or possible null value to non-nullable type. [C:\Users\HP\Downloads\Medical\Medical_Affiliation\Medical_Affiliation.csproj]
C:\Users\HP\Downloads\Medical\Medical_Affiliation\Controllers\Aff_SowaRigPaiController.cs(690,39): warning CS8600: Converting null literal or possible null value to non-nullable type. [C:\Users\HP\Downloads\Medical\Medical_Affiliation\Medical_Affiliation.csproj]
C:\Users\HP\Downloads\Medical\Medical_Affiliation\Controllers\Aff_SowaRigPaiController.cs(691,42): warning CS8600: Converting null literal or possible null value to non-nullable type. [C:\Users\HP\Downloads\Medical\Medical_Affiliation\Medical_Affiliation.csproj]
C:\Users\HP\Downloads\Medical\Medical_Affiliation\Controllers\Aff_SowaRigPaiController.cs(692,37): warning CS8600: Converting null literal or possible null value to non-nullable type. [C:\Users\HP\Downloads\Medical\Medical_Affiliation\Medical_Affiliation.csproj]
C:\Users\HP\Downloads\Medical\Medical_Affiliation\Controllers\Aff_SowaRigPaiController.cs(693,42): warning CS8600: Converting null literal or possible null value to non-nullable type. [C:\Users\HP\Downloads\Medical\Medical_Affiliation\Medical_Affiliation.csproj]
C:\Users\HP\Downloads\Medical\Medical_Affiliation\Controllers\Aff_SowaRigPaiController.cs(694,42): warning CS8600: Converting null literal or possible null value to non-nullable type. [C:\Users\HP\Downloads\Medical\Medical_Affiliation\Medical_Affiliation.csproj]
C:\Users\HP\Downloads\Medical\Medical_Affiliation\Controllers\Aff_SowaRigPaiController.cs(695,42): warning CS8600: Converting null literal or possible null value to non-nullable type. [C:\Users\HP\Downloads\Medical\Medical_Affiliation\Medical_Affiliation.csproj]
C:\Users\HP\Downloads\Medical\Medical_Affiliation\Controllers\Aff_SowaRigPaiController.cs(696,47): warning CS8600: Converting null literal or possible null value to non-nullable type. [C:\Users\HP\Downloads\Medical\Medical_Affiliation\Medical_Affiliation.csproj]
C:\Users\HP\Downloads\Medical\Medical_Affiliation\Controllers\Aff_SowaRigPaiController.cs(697,47): warning CS8600: Converting null literal or possible null value to non-nullable type. [C:\Users\HP\Downloads\Medical\Medical_Affiliation\Medical_Affiliation.csproj]
C:\Users\HP\Downloads\Medical\Medical_Affiliation\Controllers\Aff_SowaRigPaiController.cs(762,57): warning CS8601: Possible null reference assignment. [C:\Users\HP\Downloads\Medical\Medical_Affiliation\Medical_Affiliation.csproj]
C:\Users\HP\Downloads\Medical\Medical_Affiliation\Controllers\Aff_SowaRigPaiController.cs(792,46): warning CS8601: Possible null reference assignment. [C:\Users\HP\Downloads\Medical\Medical_Affiliation\Medical_Affiliation.csproj]
C:\Users\HP\Downloads\Medical\Medical_Affiliation\Controllers\Aff_SowaRigPaiController.cs(687,57): warning CS8603: Possible null reference return. [C:\Users\HP\Downloads\Medical\Medical_Affiliation\Medical_Affiliation.csproj]
C:\Users\HP\Downloads\Medical\Medical_Affiliation\Controllers\Aff_SowaRigPaiController.cs(704,28): warning CS8603: Possible null reference return. [C:\Users\HP\Downloads\Medical\Medical_Affiliation\Medical_Affiliation.csproj]
C:\Users\HP\Downloads\Medical\Medical_Affiliation\Controllers\CA_Aff_AcademicMattersController.cs(785,40): warning CS8602: Dereference of a possibly null reference. [C:\Users\HP\Downloads\Medical\Medical_Affiliation\Medical_Affiliation.csproj]
C:\Users\HP\Downloads\Medical\Medical_Affiliation\Controllers\Aff_UnaniController.cs(841,32): warning CS8600: Converting null literal or possible null value to non-nullable type. [C:\Users\HP\Downloads\Medical\Medical_Affiliation\Medical_Affiliation.csproj]
C:\Users\HP\Downloads\Medical\Medical_Affiliation\Controllers\Aff_UnaniController.cs(848,33): warning CS8600: Converting null literal or possible null value to non-nullable type. [C:\Users\HP\Downloads\Medical\Medical_Affiliation\Medical_Affiliation.csproj]
C:\Users\HP\Downloads\Medical\Medical_Affiliation\Controllers\Aff_UnaniController.cs(852,33): warning CS8600: Converting null literal or possible null value to non-nullable type. [C:\Users\HP\Downloads\Medical\Medical_Affiliation\Medical_Affiliation.csproj]
C:\Users\HP\Downloads\Medical\Medical_Affiliation\Controllers\Aff_UnaniController.cs(856,33): warning CS8600: Converting null literal or possible null value to non-nullable type. [C:\Users\HP\Downloads\Medical\Medical_Affiliation\Medical_Affiliation.csproj]
C:\Users\HP\Downloads\Medical\Medical_Affiliation\Controllers\Aff_UnaniController.cs(860,33): warning CS8600: Converting null literal or possible null value to non-nullable type. [C:\Users\HP\Downloads\Medical\Medical_Affiliation\Medical_Affiliation.csproj]
C:\Users\HP\Downloads\Medical\Medical_Affiliation\Controllers\Aff_UnaniController.cs(864,33): warning CS8600: Converting null literal or possible null value to non-nullable type. [C:\Users\HP\Downloads\Medical\Medical_Affiliation\Medical_Affiliation.csproj]
C:\Users\HP\Downloads\Medical\Medical_Affiliation\Controllers\Aff_UnaniController.cs(868,33): warning CS8600: Converting null literal or possible null value to non-nullable type. [C:\Users\HP\Downloads\Medical\Medical_Affiliation\Medical_Affiliation.csproj]
C:\Users\HP\Downloads\Medical\Medical_Affiliation\Controllers\Aff_UnaniController.cs(872,33): warning CS8600: Converting null literal or possible null value to non-nullable type. [C:\Users\HP\Downloads\Medical\Medical_Affiliation\Medical_Affiliation.csproj]
C:\Users\HP\Downloads\Medical\Medical_Affiliation\Controllers\Aff_UnaniController.cs(876,33): warning CS8600: Converting null literal or possible null value to non-nullable type. [C:\Users\HP\Downloads\Medical\Medical_Affiliation\Medical_Affiliation.csproj]
C:\Users\HP\Downloads\Medical\Medical_Affiliation\Controllers\Aff_UnaniController.cs(880,33): warning CS8600: Converting null literal or possible null value to non-nullable type. [C:\Users\HP\Downloads\Medical\Medical_Affiliation\Medical_Affiliation.csproj]
C:\Users\HP\Downloads\Medical\Medical_Affiliation\Controllers\Aff_NursingController.cs(2032,34): warning CS8600: Converting null literal or possible null value to non-nullable type. [C:\Users\HP\Downloads\Medical\Medical_Affiliation\Medical_Affiliation.csproj]
C:\Users\HP\Downloads\Medical\Medical_Affiliation\Controllers\Aff_NursingController.cs(2033,34): warning CS8600: Converting null literal or possible null value to non-nullable type. [C:\Users\HP\Downloads\Medical\Medical_Affiliation\Medical_Affiliation.csproj]
C:\Users\HP\Downloads\Medical\Medical_Affiliation\Controllers\Aff_NursingController.cs(2057,43): warning CS8601: Possible null reference assignment. [C:\Users\HP\Downloads\Medical\Medical_Affiliation\Medical_Affiliation.csproj]
C:\Users\HP\Downloads\Medical\Medical_Affiliation\Controllers\Aff_NursingController.cs(2058,35): warning CS8601: Possible null reference assignment. [C:\Users\HP\Downloads\Medical\Medical_Affiliation\Medical_Affiliation.csproj]
C:\Users\HP\Downloads\Medical\Medical_Affiliation\Controllers\Aff_NursingController.cs(2059,37): warning CS8601: Possible null reference assignment. [C:\Users\HP\Downloads\Medical\Medical_Affiliation\Medical_Affiliation.csproj]
C:\Users\HP\Downloads\Medical\Medical_Affiliation\Controllers\Aff_NursingController.cs(2060,33): warning CS8601: Possible null reference assignment. [C:\Users\HP\Downloads\Medical\Medical_Affiliation\Medical_Affiliation.csproj]
C:\Users\HP\Downloads\Medical\Medical_Affiliation\Controllers\DentalRepositoryController.cs(449,34): warning CS8600: Converting null literal or possible null value to non-nullable type. [C:\Users\HP\Downloads\Medical\Medical_Affiliation\Medical_Affiliation.csproj]
C:\Users\HP\Downloads\Medical\Medical_Affiliation\Controllers\DentalRepositoryController.cs(450,34): warning CS8600: Converting null literal or possible null value to non-nullable type. [C:\Users\HP\Downloads\Medical\Medical_Affiliation\Medical_Affiliation.csproj]
C:\Users\HP\Downloads\Medical\Medical_Affiliation\Controllers\DentalRepositoryController.cs(529,44): warning CS8600: Converting null literal or possible null value to non-nullable type. [C:\Users\HP\Downloads\Medical\Medical_Affiliation\Medical_Affiliation.csproj]
C:\Users\HP\Downloads\Medical\Medical_Affiliation\Controllers\DentalRepositoryController.cs(533,104): warning CS8604: Possible null reference argument for parameter 'facultyCode' in 'Task<string?> DentalRepositoryController.SaveFacultyFileAsync(IFormFile? file, string folder, string facultyCode)'. [C:\Users\HP\Downloads\Medical\Medical_Affiliation\Medical_Affiliation.csproj]
C:\Users\HP\Downloads\Medical\Medical_Affiliation\Controllers\DentalRepositoryController.cs(533,41): warning CS8600: Converting null literal or possible null value to non-nullable type. [C:\Users\HP\Downloads\Medical\Medical_Affiliation\Medical_Affiliation.csproj]
C:\Users\HP\Downloads\Medical\Medical_Affiliation\Controllers\ContinuesAffiliation_FacultybasedController.cs(1125,43): warning CS8602: Dereference of a possibly null reference. [C:\Users\HP\Downloads\Medical\Medical_Affiliation\Medical_Affiliation.csproj]
C:\Users\HP\Downloads\Medical\Medical_Affiliation\Controllers\Aff_SowaRigPaiController.cs(841,32): warning CS8600: Converting null literal or possible null value to non-nullable type. [C:\Users\HP\Downloads\Medical\Medical_Affiliation\Medical_Affiliation.csproj]
C:\Users\HP\Downloads\Medical\Medical_Affiliation\Controllers\Aff_SowaRigPaiController.cs(848,33): warning CS8600: Converting null literal or possible null value to non-nullable type. [C:\Users\HP\Downloads\Medical\Medical_Affiliation\Medical_Affiliation.csproj]
C:\Users\HP\Downloads\Medical\Medical_Affiliation\Controllers\Aff_SowaRigPaiController.cs(852,33): warning CS8600: Converting null literal or possible null value to non-nullable type. [C:\Users\HP\Downloads\Medical\Medical_Affiliation\Medical_Affiliation.csproj]
C:\Users\HP\Downloads\Medical\Medical_Affiliation\Controllers\Aff_SowaRigPaiController.cs(856,33): warning CS8600: Converting null literal or possible null value to non-nullable type. [C:\Users\HP\Downloads\Medical\Medical_Affiliation\Medical_Affiliation.csproj]
C:\Users\HP\Downloads\Medical\Medical_Affiliation\Controllers\Aff_SowaRigPaiController.cs(860,33): warning CS8600: Converting null literal or possible null value to non-nullable type. [C:\Users\HP\Downloads\Medical\Medical_Affiliation\Medical_Affiliation.csproj]
C:\Users\HP\Downloads\Medical\Medical_Affiliation\Controllers\Aff_SowaRigPaiController.cs(864,33): warning CS8600: Converting null literal or possible null value to non-nullable type. [C:\Users\HP\Downloads\Medical\Medical_Affiliation\Medical_Affiliation.csproj]
C:\Users\HP\Downloads\Medical\Medical_Affiliation\Controllers\Aff_SowaRigPaiController.cs(868,33): warning CS8600: Converting null literal or possible null value to non-nullable type. [C:\Users\HP\Downloads\Medical\Medical_Affiliation\Medical_Affiliation.csproj]
C:\Users\HP\Downloads\Medical\Medical_Affiliation\Controllers\Aff_SowaRigPaiController.cs(872,33): warning CS8600: Converting null literal or possible null value to non-nullable type. [C:\Users\HP\Downloads\Medical\Medical_Affiliation\Medical_Affiliation.csproj]
C:\Users\HP\Downloads\Medical\Medical_Affiliation\Controllers\Aff_SowaRigPaiController.cs(876,33): warning CS8600: Converting null literal or possible null value to non-nullable type. [C:\Users\HP\Downloads\Medical\Medical_Affiliation\Medical_Affiliation.csproj]
C:\Users\HP\Downloads\Medical\Medical_Affiliation\Controllers\Aff_SowaRigPaiController.cs(880,33): warning CS8600: Converting null literal or possible null value to non-nullable type. [C:\Users\HP\Downloads\Medical\Medical_Affiliation\Medical_Affiliation.csproj]
C:\Users\HP\Downloads\Medical\Medical_Affiliation\Controllers\AyurvedhaRepositoryController.cs(681,45): warning CS8600: Converting null literal or possible null value to non-nullable type. [C:\Users\HP\Downloads\Medical\Medical_Affiliation\Medical_Affiliation.csproj]
C:\Users\HP\Downloads\Medical\Medical_Affiliation\Controllers\AyurvedhaRepositoryController.cs(682,48): warning CS8600: Converting null literal or possible null value to non-nullable type. [C:\Users\HP\Downloads\Medical\Medical_Affiliation\Medical_Affiliation.csproj]
C:\Users\HP\Downloads\Medical\Medical_Affiliation\Controllers\AyurvedhaRepositoryController.cs(683,44): warning CS8600: Converting null literal or possible null value to non-nullable type. [C:\Users\HP\Downloads\Medical\Medical_Affiliation\Medical_Affiliation.csproj]
C:\Users\HP\Downloads\Medical\Medical_Affiliation\Controllers\AyurvedhaRepositoryController.cs(684,39): warning CS8600: Converting null literal or possible null value to non-nullable type. [C:\Users\HP\Downloads\Medical\Medical_Affiliation\Medical_Affiliation.csproj]
C:\Users\HP\Downloads\Medical\Medical_Affiliation\Controllers\AyurvedhaRepositoryController.cs(689,38): warning CS8600: Converting null literal or possible null value to non-nullable type. [C:\Users\HP\Downloads\Medical\Medical_Affiliation\Medical_Affiliation.csproj]
C:\Users\HP\Downloads\Medical\Medical_Affiliation\Controllers\AyurvedhaRepositoryController.cs(690,39): warning CS8600: Converting null literal or possible null value to non-nullable type. [C:\Users\HP\Downloads\Medical\Medical_Affiliation\Medical_Affiliation.csproj]
C:\Users\HP\Downloads\Medical\Medical_Affiliation\Controllers\AyurvedhaRepositoryController.cs(691,42): warning CS8600: Converting null literal or possible null value to non-nullable type. [C:\Users\HP\Downloads\Medical\Medical_Affiliation\Medical_Affiliation.csproj]
C:\Users\HP\Downloads\Medical\Medical_Affiliation\Controllers\AyurvedhaRepositoryController.cs(692,37): warning CS8600: Converting null literal or possible null value to non-nullable type. [C:\Users\HP\Downloads\Medical\Medical_Affiliation\Medical_Affiliation.csproj]
C:\Users\HP\Downloads\Medical\Medical_Affiliation\Controllers\AyurvedhaRepositoryController.cs(693,42): warning CS8600: Converting null literal or possible null value to non-nullable type. [C:\Users\HP\Downloads\Medical\Medical_Affiliation\Medical_Affiliation.csproj]
C:\Users\HP\Downloads\Medical\Medical_Affiliation\Controllers\AyurvedhaRepositoryController.cs(694,42): warning CS8600: Converting null literal or possible null value to non-nullable type. [C:\Users\HP\Downloads\Medical\Medical_Affiliation\Medical_Affiliation.csproj]
C:\Users\HP\Downloads\Medical\Medical_Affiliation\Controllers\AyurvedhaRepositoryController.cs(695,42): warning CS8600: Converting null literal or possible null value to non-nullable type. [C:\Users\HP\Downloads\Medical\Medical_Affiliation\Medical_Affiliation.csproj]
C:\Users\HP\Downloads\Medical\Medical_Affiliation\Controllers\AyurvedhaRepositoryController.cs(696,47): warning CS8600: Converting null literal or possible null value to non-nullable type. [C:\Users\HP\Downloads\Medical\Medical_Affiliation\Medical_Affiliation.csproj]
C:\Users\HP\Downloads\Medical\Medical_Affiliation\Controllers\AyurvedhaRepositoryController.cs(697,47): warning CS8600: Converting null literal or possible null value to non-nullable type. [C:\Users\HP\Downloads\Medical\Medical_Affiliation\Medical_Affiliation.csproj]
C:\Users\HP\Downloads\Medical\Medical_Affiliation\Controllers\AyurvedhaRepositoryController.cs(762,57): warning CS8601: Possible null reference assignment. [C:\Users\HP\Downloads\Medical\Medical_Affiliation\Medical_Affiliation.csproj]
C:\Users\HP\Downloads\Medical\Medical_Affiliation\Controllers\AyurvedhaRepositoryController.cs(792,46): warning CS8601: Possible null reference assignment. [C:\Users\HP\Downloads\Medical\Medical_Affiliation\Medical_Affiliation.csproj]
C:\Users\HP\Downloads\Medical\Medical_Affiliation\Controllers\AyurvedhaRepositoryController.cs(687,57): warning CS8603: Possible null reference return. [C:\Users\HP\Downloads\Medical\Medical_Affiliation\Medical_Affiliation.csproj]
C:\Users\HP\Downloads\Medical\Medical_Affiliation\Controllers\AyurvedhaRepositoryController.cs(704,28): warning CS8603: Possible null reference return. [C:\Users\HP\Downloads\Medical\Medical_Affiliation\Medical_Affiliation.csproj]
C:\Users\HP\Downloads\Medical\Medical_Affiliation\Controllers\Aff_NursingController.cs(2082,34): warning CS8600: Converting null literal or possible null value to non-nullable type. [C:\Users\HP\Downloads\Medical\Medical_Affiliation\Medical_Affiliation.csproj]
C:\Users\HP\Downloads\Medical\Medical_Affiliation\Controllers\Aff_NursingController.cs(2083,34): warning CS8600: Converting null literal or possible null value to non-nullable type. [C:\Users\HP\Downloads\Medical\Medical_Affiliation\Medical_Affiliation.csproj]
C:\Users\HP\Downloads\Medical\Medical_Affiliation\Controllers\ContinuesAffiliation_FacultybasedController.cs(1315,39): warning CS8604: Possible null reference argument for parameter 'facultyCode' in 'Task<IActionResult> ContinuesAffiliation_FacultybasedController.ServeTrustDocument(string facultyCode, string collegeCode)'. [C:\Users\HP\Downloads\Medical\Medical_Affiliation\Medical_Affiliation.csproj]
C:\Users\HP\Downloads\Medical\Medical_Affiliation\Controllers\ContinuesAffiliation_FacultybasedController.cs(1315,52): warning CS8604: Possible null reference argument for parameter 'collegeCode' in 'Task<IActionResult> ContinuesAffiliation_FacultybasedController.ServeTrustDocument(string facultyCode, string collegeCode)'. [C:\Users\HP\Downloads\Medical\Medical_Affiliation\Medical_Affiliation.csproj]
C:\Users\HP\Downloads\Medical\Medical_Affiliation\Controllers\ClinicalFacilitiesForAffiliationController.cs(1349,43): warning CS8601: Possible null reference assignment. [C:\Users\HP\Downloads\Medical\Medical_Affiliation\Medical_Affiliation.csproj]
C:\Users\HP\Downloads\Medical\Medical_Affiliation\Controllers\ClinicalFacilitiesForAffiliationController.cs(1357,40): warning CS8601: Possible null reference assignment. [C:\Users\HP\Downloads\Medical\Medical_Affiliation\Medical_Affiliation.csproj]
C:\Users\HP\Downloads\Medical\Medical_Affiliation\Controllers\ClinicalFacilitiesForAffiliationController.cs(1358,45): warning CS8601: Possible null reference assignment. [C:\Users\HP\Downloads\Medical\Medical_Affiliation\Medical_Affiliation.csproj]
C:\Users\HP\Downloads\Medical\Medical_Affiliation\Controllers\ClinicalFacilitiesForAffiliationController.cs(1361,36): warning CS8601: Possible null reference assignment. [C:\Users\HP\Downloads\Medical\Medical_Affiliation\Medical_Affiliation.csproj]
C:\Users\HP\Downloads\Medical\Medical_Affiliation\Controllers\ClinicalFacilitiesForAffiliationController.cs(1366,43): warning CS8601: Possible null reference assignment. [C:\Users\HP\Downloads\Medical\Medical_Affiliation\Medical_Affiliation.csproj]
C:\Users\HP\Downloads\Medical\Medical_Affiliation\Controllers\Aff_SowaRigPaiController.cs(974,39): warning CS8601: Possible null reference assignment. [C:\Users\HP\Downloads\Medical\Medical_Affiliation\Medical_Affiliation.csproj]
C:\Users\HP\Downloads\Medical\Medical_Affiliation\Controllers\Aff_SowaRigPaiController.cs(975,39): warning CS8601: Possible null reference assignment. [C:\Users\HP\Downloads\Medical\Medical_Affiliation\Medical_Affiliation.csproj]
C:\Users\HP\Downloads\Medical\Medical_Affiliation\Controllers\DentalSuperAdminController.cs(350,51): warning CS8604: Possible null reference argument for parameter 'item' in 'bool HashSet<string>.Contains(string item)'. [C:\Users\HP\Downloads\Medical\Medical_Affiliation\Medical_Affiliation.csproj]
C:\Users\HP\Downloads\Medical\Medical_Affiliation\Controllers\DentalSuperAdminController.cs(379,29): warning CS8600: Converting null literal or possible null value to non-nullable type. [C:\Users\HP\Downloads\Medical\Medical_Affiliation\Medical_Affiliation.csproj]
C:\Users\HP\Downloads\Medical\Medical_Affiliation\Controllers\DentalSuperAdminController.cs(383,34): warning CS8604: Possible null reference argument for parameter 'key' in 'int Dictionary<string, int>.this[string key]'. [C:\Users\HP\Downloads\Medical\Medical_Affiliation\Medical_Affiliation.csproj]
C:\Users\HP\Downloads\Medical\Medical_Affiliation\Controllers\DentalSuperAdminController.cs(389,34): warning CS8604: Possible null reference argument for parameter 'key' in 'int Dictionary<string, int>.this[string key]'. [C:\Users\HP\Downloads\Medical\Medical_Affiliation\Medical_Affiliation.csproj]
C:\Users\HP\Downloads\Medical\Medical_Affiliation\Controllers\DentalSuperAdminController.cs(431,25): warning CS8604: Possible null reference argument for parameter 'key' in 'bool Dictionary<string, int>.TryGetValue(string key, out int value)'. [C:\Users\HP\Downloads\Medical\Medical_Affiliation\Medical_Affiliation.csproj]
C:\Users\HP\Downloads\Medical\Medical_Affiliation\Controllers\Aff_NursingController.cs(2175,79): warning CS8629: Nullable value type may be null. [C:\Users\HP\Downloads\Medical\Medical_Affiliation\Medical_Affiliation.csproj]
C:\Users\HP\Downloads\Medical\Medical_Affiliation\Controllers\AyurvedhaRepositoryController.cs(841,32): warning CS8600: Converting null literal or possible null value to non-nullable type. [C:\Users\HP\Downloads\Medical\Medical_Affiliation\Medical_Affiliation.csproj]
C:\Users\HP\Downloads\Medical\Medical_Affiliation\Controllers\AyurvedhaRepositoryController.cs(848,33): warning CS8600: Converting null literal or possible null value to non-nullable type. [C:\Users\HP\Downloads\Medical\Medical_Affiliation\Medical_Affiliation.csproj]
C:\Users\HP\Downloads\Medical\Medical_Affiliation\Controllers\AyurvedhaRepositoryController.cs(852,33): warning CS8600: Converting null literal or possible null value to non-nullable type. [C:\Users\HP\Downloads\Medical\Medical_Affiliation\Medical_Affiliation.csproj]
C:\Users\HP\Downloads\Medical\Medical_Affiliation\Controllers\AyurvedhaRepositoryController.cs(856,33): warning CS8600: Converting null literal or possible null value to non-nullable type. [C:\Users\HP\Downloads\Medical\Medical_Affiliation\Medical_Affiliation.csproj]
C:\Users\HP\Downloads\Medical\Medical_Affiliation\Controllers\AyurvedhaRepositoryController.cs(860,33): warning CS8600: Converting null literal or possible null value to non-nullable type. [C:\Users\HP\Downloads\Medical\Medical_Affiliation\Medical_Affiliation.csproj]
C:\Users\HP\Downloads\Medical\Medical_Affiliation\Controllers\AyurvedhaRepositoryController.cs(864,33): warning CS8600: Converting null literal or possible null value to non-nullable type. [C:\Users\HP\Downloads\Medical\Medical_Affiliation\Medical_Affiliation.csproj]
C:\Users\HP\Downloads\Medical\Medical_Affiliation\Controllers\AyurvedhaRepositoryController.cs(868,33): warning CS8600: Converting null literal or possible null value to non-nullable type. [C:\Users\HP\Downloads\Medical\Medical_Affiliation\Medical_Affiliation.csproj]
C:\Users\HP\Downloads\Medical\Medical_Affiliation\Controllers\AyurvedhaRepositoryController.cs(872,33): warning CS8600: Converting null literal or possible null value to non-nullable type. [C:\Users\HP\Downloads\Medical\Medical_Affiliation\Medical_Affiliation.csproj]
C:\Users\HP\Downloads\Medical\Medical_Affiliation\Controllers\AyurvedhaRepositoryController.cs(876,33): warning CS8600: Converting null literal or possible null value to non-nullable type. [C:\Users\HP\Downloads\Medical\Medical_Affiliation\Medical_Affiliation.csproj]
C:\Users\HP\Downloads\Medical\Medical_Affiliation\Controllers\AyurvedhaRepositoryController.cs(880,33): warning CS8600: Converting null literal or possible null value to non-nullable type. [C:\Users\HP\Downloads\Medical\Medical_Affiliation\Medical_Affiliation.csproj]
C:\Users\HP\Downloads\Medical\Medical_Affiliation\Controllers\Aff_UnaniController.cs(974,39): warning CS8601: Possible null reference assignment. [C:\Users\HP\Downloads\Medical\Medical_Affiliation\Medical_Affiliation.csproj]
C:\Users\HP\Downloads\Medical\Medical_Affiliation\Controllers\Aff_UnaniController.cs(975,39): warning CS8601: Possible null reference assignment. [C:\Users\HP\Downloads\Medical\Medical_Affiliation\Medical_Affiliation.csproj]
C:\Users\HP\Downloads\Medical\Medical_Affiliation\Controllers\Aff_SowaRigPaiController.cs(1434,21): warning CS8602: Dereference of a possibly null reference. [C:\Users\HP\Downloads\Medical\Medical_Affiliation\Medical_Affiliation.csproj]
C:\Users\HP\Downloads\Medical\Medical_Affiliation\Controllers\Aff_SowaRigPaiController.cs(1439,46): warning CS8629: Nullable value type may be null. [C:\Users\HP\Downloads\Medical\Medical_Affiliation\Medical_Affiliation.csproj]
C:\Users\HP\Downloads\Medical\Medical_Affiliation\Controllers\Aff_SowaRigPaiController.cs(1440,43): warning CS8629: Nullable value type may be null. [C:\Users\HP\Downloads\Medical\Medical_Affiliation\Medical_Affiliation.csproj]
C:\Users\HP\Downloads\Medical\Medical_Affiliation\Controllers\Aff_NursingController.cs(2273,32): warning CS8600: Converting null literal or possible null value to non-nullable type. [C:\Users\HP\Downloads\Medical\Medical_Affiliation\Medical_Affiliation.csproj]
C:\Users\HP\Downloads\Medical\Medical_Affiliation\Controllers\Aff_NursingController.cs(2279,43): warning CS8600: Converting null literal or possible null value to non-nullable type. [C:\Users\HP\Downloads\Medical\Medical_Affiliation\Medical_Affiliation.csproj]
C:\Users\HP\Downloads\Medical\Medical_Affiliation\Controllers\Aff_NursingController.cs(2280,41): warning CS8600: Converting null literal or possible null value to non-nullable type. [C:\Users\HP\Downloads\Medical\Medical_Affiliation\Medical_Affiliation.csproj]
C:\Users\HP\Downloads\Medical\Medical_Affiliation\Controllers\Aff_NursingController.cs(2281,42): warning CS8600: Converting null literal or possible null value to non-nullable type. [C:\Users\HP\Downloads\Medical\Medical_Affiliation\Medical_Affiliation.csproj]
C:\Users\HP\Downloads\Medical\Medical_Affiliation\Controllers\Aff_NursingController.cs(2282,41): warning CS8600: Converting null literal or possible null value to non-nullable type. [C:\Users\HP\Downloads\Medical\Medical_Affiliation\Medical_Affiliation.csproj]
C:\Users\HP\Downloads\Medical\Medical_Affiliation\Controllers\LICInspectionController.cs(24,16): warning CS8618: Non-nullable field '_webHostEnvironment' must contain a non-null value when exiting constructor. Consider adding the 'required' modifier or declaring the field as nullable. [C:\Users\HP\Downloads\Medical\Medical_Affiliation\Medical_Affiliation.csproj]
C:\Users\HP\Downloads\Medical\Medical_Affiliation\Controllers\AyurvedhaRepositoryController.cs(974,39): warning CS8601: Possible null reference assignment. [C:\Users\HP\Downloads\Medical\Medical_Affiliation\Medical_Affiliation.csproj]
C:\Users\HP\Downloads\Medical\Medical_Affiliation\Controllers\AyurvedhaRepositoryController.cs(975,39): warning CS8601: Possible null reference assignment. [C:\Users\HP\Downloads\Medical\Medical_Affiliation\Medical_Affiliation.csproj]
C:\Users\HP\Downloads\Medical\Medical_Affiliation\Controllers\DentalRepositoryController.cs(923,61): warning CS8601: Possible null reference assignment. [C:\Users\HP\Downloads\Medical\Medical_Affiliation\Medical_Affiliation.csproj]
C:\Users\HP\Downloads\Medical\Medical_Affiliation\Controllers\DentalRepositoryController.cs(924,64): warning CS8601: Possible null reference assignment. [C:\Users\HP\Downloads\Medical\Medical_Affiliation\Medical_Affiliation.csproj]
C:\Users\HP\Downloads\Medical\Medical_Affiliation\Controllers\DentalRepositoryController.cs(925,60): warning CS8601: Possible null reference assignment. [C:\Users\HP\Downloads\Medical\Medical_Affiliation\Medical_Affiliation.csproj]
C:\Users\HP\Downloads\Medical\Medical_Affiliation\Controllers\DentalRepositoryController.cs(926,55): warning CS8601: Possible null reference assignment. [C:\Users\HP\Downloads\Medical\Medical_Affiliation\Medical_Affiliation.csproj]
C:\Users\HP\Downloads\Medical\Medical_Affiliation\Controllers\Aff_UnaniController.cs(1440,21): warning CS8602: Dereference of a possibly null reference. [C:\Users\HP\Downloads\Medical\Medical_Affiliation\Medical_Affiliation.csproj]
C:\Users\HP\Downloads\Medical\Medical_Affiliation\Controllers\Aff_UnaniController.cs(1445,46): warning CS8629: Nullable value type may be null. [C:\Users\HP\Downloads\Medical\Medical_Affiliation\Medical_Affiliation.csproj]
C:\Users\HP\Downloads\Medical\Medical_Affiliation\Controllers\Aff_UnaniController.cs(1446,43): warning CS8629: Nullable value type may be null. [C:\Users\HP\Downloads\Medical\Medical_Affiliation\Medical_Affiliation.csproj]
C:\Users\HP\Downloads\Medical\Medical_Affiliation\Controllers\Aff_NursingController.cs(2369,31): warning CS8601: Possible null reference assignment. [C:\Users\HP\Downloads\Medical\Medical_Affiliation\Medical_Affiliation.csproj]
C:\Users\HP\Downloads\Medical\Medical_Affiliation\Controllers\Aff_NursingController.cs(2370,31): warning CS8601: Possible null reference assignment. [C:\Users\HP\Downloads\Medical\Medical_Affiliation\Medical_Affiliation.csproj]
C:\Users\HP\Downloads\Medical\Medical_Affiliation\Controllers\Aff_NursingController.cs(2377,62): warning CS8603: Possible null reference return. [C:\Users\HP\Downloads\Medical\Medical_Affiliation\Medical_Affiliation.csproj]
C:\Users\HP\Downloads\Medical\Medical_Affiliation\Controllers\AyurvedhaRepositoryController.cs(1434,21): warning CS8602: Dereference of a possibly null reference. [C:\Users\HP\Downloads\Medical\Medical_Affiliation\Medical_Affiliation.csproj]
C:\Users\HP\Downloads\Medical\Medical_Affiliation\Controllers\AyurvedhaRepositoryController.cs(1439,46): warning CS8629: Nullable value type may be null. [C:\Users\HP\Downloads\Medical\Medical_Affiliation\Medical_Affiliation.csproj]
C:\Users\HP\Downloads\Medical\Medical_Affiliation\Controllers\AyurvedhaRepositoryController.cs(1440,43): warning CS8629: Nullable value type may be null. [C:\Users\HP\Downloads\Medical\Medical_Affiliation\Medical_Affiliation.csproj]
C:\Users\HP\Downloads\Medical\Medical_Affiliation\Controllers\ContinuesAffiliation_FacultybasedController.cs(1458,37): warning CS8602: Dereference of a possibly null reference. [C:\Users\HP\Downloads\Medical\Medical_Affiliation\Medical_Affiliation.csproj]
C:\Users\HP\Downloads\Medical\Medical_Affiliation\Controllers\ContinuesAffiliation_FacultybasedController.cs(1470,37): warning CS8604: Possible null reference argument for parameter 'source' in 'IEnumerable<SanctionedIntakeRowVm> Enumerable.Where<SanctionedIntakeRowVm>(IEnumerable<SanctionedIntakeRowVm> source, Func<SanctionedIntakeRowVm, bool> predicate)'. [C:\Users\HP\Downloads\Medical\Medical_Affiliation\Medical_Affiliation.csproj]
C:\Users\HP\Downloads\Medical\Medical_Affiliation\Controllers\ContinuesAffiliation_FacultybasedController.cs(1516,37): warning CS8602: Dereference of a possibly null reference. [C:\Users\HP\Downloads\Medical\Medical_Affiliation\Medical_Affiliation.csproj]
C:\Users\HP\Downloads\Medical\Medical_Affiliation\Controllers\Aff_NursingController.cs(2452,39): warning CS8601: Possible null reference assignment. [C:\Users\HP\Downloads\Medical\Medical_Affiliation\Medical_Affiliation.csproj]
C:\Users\HP\Downloads\Medical\Medical_Affiliation\Controllers\Aff_NursingController.cs(2453,39): warning CS8601: Possible null reference assignment. [C:\Users\HP\Downloads\Medical\Medical_Affiliation\Medical_Affiliation.csproj]
C:\Users\HP\Downloads\Medical\Medical_Affiliation\Controllers\ContinuesAffiliation_FacultybasedController.cs(1562,42): warning CS8601: Possible null reference assignment. [C:\Users\HP\Downloads\Medical\Medical_Affiliation\Medical_Affiliation.csproj]
C:\Users\HP\Downloads\Medical\Medical_Affiliation\Controllers\LICInspectionController.cs(188,45): warning CS8604: Possible null reference argument for parameter 'value' in 'Claim.Claim(string type, string value)'. [C:\Users\HP\Downloads\Medical\Medical_Affiliation\Medical_Affiliation.csproj]
C:\Users\HP\Downloads\Medical\Medical_Affiliation\Controllers\LICInspectionController.cs(189,45): warning CS8604: Possible null reference argument for parameter 'value' in 'Claim.Claim(string type, string value)'. [C:\Users\HP\Downloads\Medical\Medical_Affiliation\Medical_Affiliation.csproj]
C:\Users\HP\Downloads\Medical\Medical_Affiliation\Controllers\DentalRepositoryController.cs(1056,34): warning CS8600: Converting null literal or possible null value to non-nullable type. [C:\Users\HP\Downloads\Medical\Medical_Affiliation\Medical_Affiliation.csproj]
C:\Users\HP\Downloads\Medical\Medical_Affiliation\Controllers\DentalRepositoryController.cs(1057,33): warning CS8600: Converting null literal or possible null value to non-nullable type. [C:\Users\HP\Downloads\Medical\Medical_Affiliation\Medical_Affiliation.csproj]
C:\Users\HP\Downloads\Medical\Medical_Affiliation\Controllers\DentalRepositoryController.cs(1058,35): warning CS8600: Converting null literal or possible null value to non-nullable type. [C:\Users\HP\Downloads\Medical\Medical_Affiliation\Medical_Affiliation.csproj]
C:\Users\HP\Downloads\Medical\Medical_Affiliation\Controllers\DentalRepositoryController.cs(1059,39): warning CS8600: Converting null literal or possible null value to non-nullable type. [C:\Users\HP\Downloads\Medical\Medical_Affiliation\Medical_Affiliation.csproj]
C:\Users\HP\Downloads\Medical\Medical_Affiliation\Controllers\DentalRepositoryController.cs(1061,34): warning CS8600: Converting null literal or possible null value to non-nullable type. [C:\Users\HP\Downloads\Medical\Medical_Affiliation\Medical_Affiliation.csproj]
C:\Users\HP\Downloads\Medical\Medical_Affiliation\Controllers\DentalRepositoryController.cs(1062,29): warning CS8600: Converting null literal or possible null value to non-nullable type. [C:\Users\HP\Downloads\Medical\Medical_Affiliation\Medical_Affiliation.csproj]
C:\Users\HP\Downloads\Medical\Medical_Affiliation\Controllers\DentalRepositoryController.cs(1063,31): warning CS8600: Converting null literal or possible null value to non-nullable type. [C:\Users\HP\Downloads\Medical\Medical_Affiliation\Medical_Affiliation.csproj]
C:\Users\HP\Downloads\Medical\Medical_Affiliation\Controllers\DentalRepositoryController.cs(1064,35): warning CS8600: Converting null literal or possible null value to non-nullable type. [C:\Users\HP\Downloads\Medical\Medical_Affiliation\Medical_Affiliation.csproj]
C:\Users\HP\Downloads\Medical\Medical_Affiliation\Controllers\DentalRepositoryController.cs(1089,51): warning CS8601: Possible null reference assignment. [C:\Users\HP\Downloads\Medical\Medical_Affiliation\Medical_Affiliation.csproj]
C:\Users\HP\Downloads\Medical\Medical_Affiliation\Controllers\DentalRepositoryController.cs(1113,46): warning CS8601: Possible null reference assignment. [C:\Users\HP\Downloads\Medical\Medical_Affiliation\Medical_Affiliation.csproj]
C:\Users\HP\Downloads\Medical\Medical_Affiliation\Controllers\Aff_NursingController.cs(2513,21): warning CS8602: Dereference of a possibly null reference. [C:\Users\HP\Downloads\Medical\Medical_Affiliation\Medical_Affiliation.csproj]
C:\Users\HP\Downloads\Medical\Medical_Affiliation\Controllers\Aff_NursingController.cs(2518,46): warning CS8629: Nullable value type may be null. [C:\Users\HP\Downloads\Medical\Medical_Affiliation\Medical_Affiliation.csproj]
C:\Users\HP\Downloads\Medical\Medical_Affiliation\Controllers\Aff_NursingController.cs(2519,43): warning CS8629: Nullable value type may be null. [C:\Users\HP\Downloads\Medical\Medical_Affiliation\Medical_Affiliation.csproj]
C:\Users\HP\Downloads\Medical\Medical_Affiliation\Controllers\DentalRepositoryController.cs(1151,30): warning CS8618: Non-nullable property 'Rguhsnotification' must contain a non-null value when exiting constructor. Consider adding the 'required' modifier or declaring the property as nullable. [C:\Users\HP\Downloads\Medical\Medical_Affiliation\Medical_Affiliation.csproj]
C:\Users\HP\Downloads\Medical\Medical_Affiliation\Controllers\DentalRepositoryController.cs(1152,30): warning CS8618: Non-nullable property 'Gmc' must contain a non-null value when exiting constructor. Consider adding the 'required' modifier or declaring the property as nullable. [C:\Users\HP\Downloads\Medical\Medical_Affiliation\Medical_Affiliation.csproj]
C:\Users\HP\Downloads\Medical\Medical_Affiliation\Controllers\DentalRepositoryController.cs(1153,30): warning CS8618: Non-nullable property 'Nmc' must contain a non-null value when exiting constructor. Consider adding the 'required' modifier or declaring the property as nullable. [C:\Users\HP\Downloads\Medical\Medical_Affiliation\Medical_Affiliation.csproj]
C:\Users\HP\Downloads\Medical\Medical_Affiliation\Controllers\DentalRepositoryController.cs(1154,30): warning CS8618: Non-nullable property 'KSNC' must contain a non-null value when exiting constructor. Consider adding the 'required' modifier or declaring the property as nullable. [C:\Users\HP\Downloads\Medical\Medical_Affiliation\Medical_Affiliation.csproj]
C:\Users\HP\Downloads\Medical\Medical_Affiliation\Controllers\DentalRepositoryController.cs(1155,27): warning CS8618: Non-nullable property 'AffiliationType' must contain a non-null value when exiting constructor. Consider adding the 'required' modifier or declaring the property as nullable. [C:\Users\HP\Downloads\Medical\Medical_Affiliation\Medical_Affiliation.csproj]
C:\Users\HP\Downloads\Medical\Medical_Affiliation\Controllers\DentalRepositoryController.cs(1161,27): warning CS8618: Non-nullable property 'NumberOfSeats' must contain a non-null value when exiting constructor. Consider adding the 'required' modifier or declaring the property as nullable. [C:\Users\HP\Downloads\Medical\Medical_Affiliation\Medical_Affiliation.csproj]
C:\Users\HP\Downloads\Medical\Medical_Affiliation\Controllers\DentalRepositoryController.cs(1162,27): warning CS8618: Non-nullable property 'PermittedYear' must contain a non-null value when exiting constructor. Consider adding the 'required' modifier or declaring the property as nullable. [C:\Users\HP\Downloads\Medical\Medical_Affiliation\Medical_Affiliation.csproj]
C:\Users\HP\Downloads\Medical\Medical_Affiliation\Controllers\DentalRepositoryController.cs(1163,27): warning CS8618: Non-nullable property 'RecognizedYear' must contain a non-null value when exiting constructor. Consider adding the 'required' modifier or declaring the property as nullable. [C:\Users\HP\Downloads\Medical\Medical_Affiliation\Medical_Affiliation.csproj]
C:\Users\HP\Downloads\Medical\Medical_Affiliation\Controllers\DentalRepositoryController.cs(1164,27): warning CS8618: Non-nullable property 'Courselevel' must contain a non-null value when exiting constructor. Consider adding the 'required' modifier or declaring the property as nullable. [C:\Users\HP\Downloads\Medical\Medical_Affiliation\Medical_Affiliation.csproj]
C:\Users\HP\Downloads\Medical\Medical_Affiliation\Controllers\DentalRepositoryController.cs(1165,27): warning CS8618: Non-nullable property 'CourseCode' must contain a non-null value when exiting constructor. Consider adding the 'required' modifier or declaring the property as nullable. [C:\Users\HP\Downloads\Medical\Medical_Affiliation\Medical_Affiliation.csproj]
C:\Users\HP\Downloads\Medical\Medical_Affiliation\Controllers\DentalSuperAdminController.cs(495,58): warning CS8604: Possible null reference argument for parameter 'item' in 'bool HashSet<string>.Contains(string item)'. [C:\Users\HP\Downloads\Medical\Medical_Affiliation\Medical_Affiliation.csproj]
C:\Users\HP\Downloads\Medical\Medical_Affiliation\Controllers\DentalSuperAdminController.cs(514,37): warning CS8600: Converting null literal or possible null value to non-nullable type. [C:\Users\HP\Downloads\Medical\Medical_Affiliation\Medical_Affiliation.csproj]
C:\Users\HP\Downloads\Medical\Medical_Affiliation\Controllers\DentalSuperAdminController.cs(451,20): warning CS8603: Possible null reference return. [C:\Users\HP\Downloads\Medical\Medical_Affiliation\Medical_Affiliation.csproj]
C:\Users\HP\Downloads\Medical\Medical_Affiliation\Controllers\LICInspectionController.cs(241,34): warning CS8602: Dereference of a possibly null reference. [C:\Users\HP\Downloads\Medical\Medical_Affiliation\Medical_Affiliation.csproj]
C:\Users\HP\Downloads\Medical\Medical_Affiliation\Controllers\ContinuesAffiliation_FacultybasedController.cs(1626,40): warning CS8600: Converting null literal or possible null value to non-nullable type. [C:\Users\HP\Downloads\Medical\Medical_Affiliation\Medical_Affiliation.csproj]
C:\Users\HP\Downloads\Medical\Medical_Affiliation\Controllers\ContinuesAffiliation_FacultybasedController.cs(1627,39): warning CS8600: Converting null literal or possible null value to non-nullable type. [C:\Users\HP\Downloads\Medical\Medical_Affiliation\Medical_Affiliation.csproj]
C:\Users\HP\Downloads\Medical\Medical_Affiliation\Controllers\ContinuesAffiliation_FacultybasedController.cs(1641,42): warning CS8601: Possible null reference assignment. [C:\Users\HP\Downloads\Medical\Medical_Affiliation\Medical_Affiliation.csproj]
C:\Users\HP\Downloads\Medical\Medical_Affiliation\Controllers\ContinuesAffiliation_FacultybasedController.cs(1642,50): warning CS8601: Possible null reference assignment. [C:\Users\HP\Downloads\Medical\Medical_Affiliation\Medical_Affiliation.csproj]
C:\Users\HP\Downloads\Medical\Medical_Affiliation\Controllers\ContinuesAffiliation_FacultybasedController.cs(1644,41): warning CS8601: Possible null reference assignment. [C:\Users\HP\Downloads\Medical\Medical_Affiliation\Medical_Affiliation.csproj]
C:\Users\HP\Downloads\Medical\Medical_Affiliation\Controllers\ContinuesAffiliation_FacultybasedController.cs(1645,56): warning CS8601: Possible null reference assignment. [C:\Users\HP\Downloads\Medical\Medical_Affiliation\Medical_Affiliation.csproj]
C:\Users\HP\Downloads\Medical\Medical_Affiliation\Controllers\ContinuesAffiliation_FacultybasedController.cs(1655,44): warning CS8601: Possible null reference assignment. [C:\Users\HP\Downloads\Medical\Medical_Affiliation\Medical_Affiliation.csproj]
C:\Users\HP\Downloads\Medical\Medical_Affiliation\Controllers\ContinuesAffiliation_FacultybasedController.cs(1656,59): warning CS8601: Possible null reference assignment. [C:\Users\HP\Downloads\Medical\Medical_Affiliation\Medical_Affiliation.csproj]
C:\Users\HP\Downloads\Medical\Medical_Affiliation\Controllers\ContinuesAffiliation_FacultybasedController.cs(1657,45): warning CS8601: Possible null reference assignment. [C:\Users\HP\Downloads\Medical\Medical_Affiliation\Medical_Affiliation.csproj]
C:\Users\HP\Downloads\Medical\Medical_Affiliation\Controllers\ContinuesAffiliation_FacultybasedController.cs(1658,53): warning CS8601: Possible null reference assignment. [C:\Users\HP\Downloads\Medical\Medical_Affiliation\Medical_Affiliation.csproj]
C:\Users\HP\Downloads\Medical\Medical_Affiliation\Controllers\LatestMedicalAffiliationController.cs(86,41): warning CS8601: Possible null reference assignment. [C:\Users\HP\Downloads\Medical\Medical_Affiliation\Medical_Affiliation.csproj]
C:\Users\HP\Downloads\Medical\Medical_Affiliation\Controllers\LatestMedicalAffiliationController.cs(114,41): warning CS8601: Possible null reference assignment. [C:\Users\HP\Downloads\Medical\Medical_Affiliation\Medical_Affiliation.csproj]
C:\Users\HP\Downloads\Medical\Medical_Affiliation\Controllers\LatestMedicalAffiliationController.cs(142,41): warning CS8601: Possible null reference assignment. [C:\Users\HP\Downloads\Medical\Medical_Affiliation\Medical_Affiliation.csproj]
C:\Users\HP\Downloads\Medical\Medical_Affiliation\Controllers\LatestMedicalAffiliationController.cs(155,53): warning CS8629: Nullable value type may be null. [C:\Users\HP\Downloads\Medical\Medical_Affiliation\Medical_Affiliation.csproj]
C:\Users\HP\Downloads\Medical\Medical_Affiliation\Controllers\LatestMedicalAffiliationController.cs(156,51): warning CS8629: Nullable value type may be null. [C:\Users\HP\Downloads\Medical\Medical_Affiliation\Medical_Affiliation.csproj]
C:\Users\HP\Downloads\Medical\Medical_Affiliation\Controllers\LatestMedicalAffiliationController.cs(160,48): warning CS8629: Nullable value type may be null. [C:\Users\HP\Downloads\Medical\Medical_Affiliation\Medical_Affiliation.csproj]
C:\Users\HP\Downloads\Medical\Medical_Affiliation\Controllers\LatestMedicalAffiliationController.cs(163,50): warning CS8601: Possible null reference assignment. [C:\Users\HP\Downloads\Medical\Medical_Affiliation\Medical_Affiliation.csproj]
C:\Users\HP\Downloads\Medical\Medical_Affiliation\Controllers\LatestMedicalAffiliationController.cs(166,46): warning CS8629: Nullable value type may be null. [C:\Users\HP\Downloads\Medical\Medical_Affiliation\Medical_Affiliation.csproj]
C:\Users\HP\Downloads\Medical\Medical_Affiliation\Controllers\DentalRepositoryController.cs(1232,31): warning CS8601: Possible null reference assignment. [C:\Users\HP\Downloads\Medical\Medical_Affiliation\Medical_Affiliation.csproj]
C:\Users\HP\Downloads\Medical\Medical_Affiliation\Controllers\DentalRepositoryController.cs(1233,31): warning CS8601: Possible null reference assignment. [C:\Users\HP\Downloads\Medical\Medical_Affiliation\Medical_Affiliation.csproj]
C:\Users\HP\Downloads\Medical\Medical_Affiliation\Controllers\DentalRepositoryController.cs(1255,32): warning CS8600: Converting null literal or possible null value to non-nullable type. [C:\Users\HP\Downloads\Medical\Medical_Affiliation\Medical_Affiliation.csproj]
C:\Users\HP\Downloads\Medical\Medical_Affiliation\Controllers\DentalRepositoryController.cs(1260,29): warning CS8602: Dereference of a possibly null reference. [C:\Users\HP\Downloads\Medical\Medical_Affiliation\Medical_Affiliation.csproj]
C:\Users\HP\Downloads\Medical\Medical_Affiliation\Controllers\DentalRepositoryController.cs(1260,29): warning CS8600: Converting null literal or possible null value to non-nullable type. [C:\Users\HP\Downloads\Medical\Medical_Affiliation\Medical_Affiliation.csproj]
C:\Users\HP\Downloads\Medical\Medical_Affiliation\Controllers\DentalRepositoryController.cs(1262,29): warning CS8602: Dereference of a possibly null reference. [C:\Users\HP\Downloads\Medical\Medical_Affiliation\Medical_Affiliation.csproj]
C:\Users\HP\Downloads\Medical\Medical_Affiliation\Controllers\DentalRepositoryController.cs(1262,29): warning CS8600: Converting null literal or possible null value to non-nullable type. [C:\Users\HP\Downloads\Medical\Medical_Affiliation\Medical_Affiliation.csproj]
C:\Users\HP\Downloads\Medical\Medical_Affiliation\Controllers\DentalRepositoryController.cs(1264,29): warning CS8602: Dereference of a possibly null reference. [C:\Users\HP\Downloads\Medical\Medical_Affiliation\Medical_Affiliation.csproj]
C:\Users\HP\Downloads\Medical\Medical_Affiliation\Controllers\DentalRepositoryController.cs(1264,29): warning CS8600: Converting null literal or possible null value to non-nullable type. [C:\Users\HP\Downloads\Medical\Medical_Affiliation\Medical_Affiliation.csproj]
C:\Users\HP\Downloads\Medical\Medical_Affiliation\Controllers\DentalRepositoryController.cs(1266,29): warning CS8602: Dereference of a possibly null reference. [C:\Users\HP\Downloads\Medical\Medical_Affiliation\Medical_Affiliation.csproj]
C:\Users\HP\Downloads\Medical\Medical_Affiliation\Controllers\DentalRepositoryController.cs(1266,29): warning CS8600: Converting null literal or possible null value to non-nullable type. [C:\Users\HP\Downloads\Medical\Medical_Affiliation\Medical_Affiliation.csproj]
C:\Users\HP\Downloads\Medical\Medical_Affiliation\Controllers\LatestMedicalAffiliationController.cs(324,53): warning CS8604: Possible null reference argument for parameter 'facultyCode' in 'AddIntakeViewModel LatestMedicalAffiliationController.PrepareViewModel(int facultyId, string facultyCode, string collegeCode, AddIntakeViewModel? existing = null)'. [C:\Users\HP\Downloads\Medical\Medical_Affiliation\Medical_Affiliation.csproj]
C:\Users\HP\Downloads\Medical\Medical_Affiliation\Controllers\LatestMedicalAffiliationController.cs(324,66): warning CS8604: Possible null reference argument for parameter 'collegeCode' in 'AddIntakeViewModel LatestMedicalAffiliationController.PrepareViewModel(int facultyId, string facultyCode, string collegeCode, AddIntakeViewModel? existing = null)'. [C:\Users\HP\Downloads\Medical\Medical_Affiliation\Medical_Affiliation.csproj]
C:\Users\HP\Downloads\Medical\Medical_Affiliation\Controllers\DentalRepositoryController.cs(1284,20): warning CS8603: Possible null reference return. [C:\Users\HP\Downloads\Medical\Medical_Affiliation\Medical_Affiliation.csproj]
C:\Users\HP\Downloads\Medical\Medical_Affiliation\Controllers\DentalRepositoryController.cs(1311,32): warning CS8600: Converting null literal or possible null value to non-nullable type. [C:\Users\HP\Downloads\Medical\Medical_Affiliation\Medical_Affiliation.csproj]
C:\Users\HP\Downloads\Medical\Medical_Affiliation\Controllers\LatestMedicalAffiliationController.cs(352,40): warning CS8604: Possible null reference argument for parameter 's' in 'int int.Parse(string s)'. [C:\Users\HP\Downloads\Medical\Medical_Affiliation\Medical_Affiliation.csproj]
C:\Users\HP\Downloads\Medical\Medical_Affiliation\Controllers\ContinuesAffiliation_FacultybasedController.cs(1821,70): warning CS8604: Possible null reference argument for parameter 'facultyCode' in 'Task<string?> ContinuesAffiliation_FacultybasedController.SaveHostelFileAsync(IFormFile? file, string facultyCode)'. [C:\Users\HP\Downloads\Medical\Medical_Affiliation\Medical_Affiliation.csproj]
C:\Users\HP\Downloads\Medical\Medical_Affiliation\Controllers\LatestMedicalAffiliationController.cs(411,54): warning CS8604: Possible null reference argument for parameter 'facultyCode' in 'AddIntakeViewModel LatestMedicalAffiliationController.PrepareViewModel(int facultyId, string facultyCode, string collegeCode, AddIntakeViewModel? existing = null)'. [C:\Users\HP\Downloads\Medical\Medical_Affiliation\Medical_Affiliation.csproj]
C:\Users\HP\Downloads\Medical\Medical_Affiliation\Controllers\LatestMedicalAffiliationController.cs(411,67): warning CS8604: Possible null reference argument for parameter 'collegeCode' in 'AddIntakeViewModel LatestMedicalAffiliationController.PrepareViewModel(int facultyId, string facultyCode, string collegeCode, AddIntakeViewModel? existing = null)'. [C:\Users\HP\Downloads\Medical\Medical_Affiliation\Medical_Affiliation.csproj]
C:\Users\HP\Downloads\Medical\Medical_Affiliation\Controllers\LatestMedicalAffiliationController.cs(428,54): warning CS8604: Possible null reference argument for parameter 'facultyCode' in 'AddIntakeViewModel LatestMedicalAffiliationController.PrepareViewModel(int facultyId, string facultyCode, string collegeCode, AddIntakeViewModel? existing = null)'. [C:\Users\HP\Downloads\Medical\Medical_Affiliation\Medical_Affiliation.csproj]
C:\Users\HP\Downloads\Medical\Medical_Affiliation\Controllers\LatestMedicalAffiliationController.cs(428,67): warning CS8604: Possible null reference argument for parameter 'collegeCode' in 'AddIntakeViewModel LatestMedicalAffiliationController.PrepareViewModel(int facultyId, string facultyCode, string collegeCode, AddIntakeViewModel? existing = null)'. [C:\Users\HP\Downloads\Medical\Medical_Affiliation\Medical_Affiliation.csproj]
C:\Users\HP\Downloads\Medical\Medical_Affiliation\Controllers\LatestMedicalAffiliationController.cs(435,31): warning CS8601: Possible null reference assignment. [C:\Users\HP\Downloads\Medical\Medical_Affiliation\Medical_Affiliation.csproj]
C:\Users\HP\Downloads\Medical\Medical_Affiliation\Controllers\LatestMedicalAffiliationController.cs(436,31): warning CS8601: Possible null reference assignment. [C:\Users\HP\Downloads\Medical\Medical_Affiliation\Medical_Affiliation.csproj]
C:\Users\HP\Downloads\Medical\Medical_Affiliation\Controllers\LatestMedicalAffiliationController.cs(473,55): warning CS8604: Possible null reference argument for parameter 'facultyCode' in 'AddIntakeViewModel LatestMedicalAffiliationController.PrepareViewModel(int facultyId, string facultyCode, string collegeCode, AddIntakeViewModel? existing = null)'. [C:\Users\HP\Downloads\Medical\Medical_Affiliation\Medical_Affiliation.csproj]
C:\Users\HP\Downloads\Medical\Medical_Affiliation\Controllers\LatestMedicalAffiliationController.cs(473,68): warning CS8604: Possible null reference argument for parameter 'collegeCode' in 'AddIntakeViewModel LatestMedicalAffiliationController.PrepareViewModel(int facultyId, string facultyCode, string collegeCode, AddIntakeViewModel? existing = null)'. [C:\Users\HP\Downloads\Medical\Medical_Affiliation\Medical_Affiliation.csproj]
C:\Users\HP\Downloads\Medical\Medical_Affiliation\Controllers\ContinuesAffiliation_FacultybasedController.cs(1953,31): warning CS8601: Possible null reference assignment. [C:\Users\HP\Downloads\Medical\Medical_Affiliation\Medical_Affiliation.csproj]
C:\Users\HP\Downloads\Medical\Medical_Affiliation\Controllers\ContinuesAffiliation_FacultybasedController.cs(1954,31): warning CS8601: Possible null reference assignment. [C:\Users\HP\Downloads\Medical\Medical_Affiliation\Medical_Affiliation.csproj]
C:\Users\HP\Downloads\Medical\Medical_Affiliation\Controllers\ContinuesAffiliation_FacultybasedController.cs(1967,50): warning CS8601: Possible null reference assignment. [C:\Users\HP\Downloads\Medical\Medical_Affiliation\Medical_Affiliation.csproj]
C:\Users\HP\Downloads\Medical\Medical_Affiliation\Controllers\ContinuesAffiliation_FacultybasedController.cs(1970,43): warning CS8601: Possible null reference assignment. [C:\Users\HP\Downloads\Medical\Medical_Affiliation\Medical_Affiliation.csproj]
C:\Users\HP\Downloads\Medical\Medical_Affiliation\Controllers\ContinuesAffiliation_FacultybasedController.cs(1971,43): warning CS8601: Possible null reference assignment. [C:\Users\HP\Downloads\Medical\Medical_Affiliation\Medical_Affiliation.csproj]
C:\Users\HP\Downloads\Medical\Medical_Affiliation\Controllers\LatestMedicalAffiliationController.cs(549,64): warning CS8629: Nullable value type may be null. [C:\Users\HP\Downloads\Medical\Medical_Affiliation\Medical_Affiliation.csproj]
C:\Users\HP\Downloads\Medical\Medical_Affiliation\Controllers\LatestMedicalAffiliationController.cs(550,53): warning CS8629: Nullable value type may be null. [C:\Users\HP\Downloads\Medical\Medical_Affiliation\Medical_Affiliation.csproj]
C:\Users\HP\Downloads\Medical\Medical_Affiliation\Controllers\LatestMedicalAffiliationController.cs(551,55): warning CS8601: Possible null reference assignment. [C:\Users\HP\Downloads\Medical\Medical_Affiliation\Medical_Affiliation.csproj]
C:\Users\HP\Downloads\Medical\Medical_Affiliation\Controllers\LatestMedicalAffiliationController.cs(552,51): warning CS8629: Nullable value type may be null. [C:\Users\HP\Downloads\Medical\Medical_Affiliation\Medical_Affiliation.csproj]
C:\Users\HP\Downloads\Medical\Medical_Affiliation\Controllers\ContinuesAffiliation_FacultybasedController.cs(2011,29): warning CS8622: Nullability of reference types in type of parameter 's' of 'int int.Parse(string s)' doesn't match the target delegate 'Func<string?, int>' (possibly because of nullability attributes). [C:\Users\HP\Downloads\Medical\Medical_Affiliation\Medical_Affiliation.csproj]
C:\Users\HP\Downloads\Medical\Medical_Affiliation\Controllers\ContinuesAffiliation_FacultybasedController.cs(2033,46): warning CS8601: Possible null reference assignment. [C:\Users\HP\Downloads\Medical\Medical_Affiliation\Medical_Affiliation.csproj]
C:\Users\HP\Downloads\Medical\Medical_Affiliation\Controllers\ContinuesAffiliation_FacultybasedController.cs(2050,54): warning CS8600: Converting null literal or possible null value to non-nullable type. [C:\Users\HP\Downloads\Medical\Medical_Affiliation\Medical_Affiliation.csproj]
C:\Users\HP\Downloads\Medical\Medical_Affiliation\Controllers\ContinuesAffiliation_FacultybasedController.cs(2054,34): warning CS8600: Converting null literal or possible null value to non-nullable type. [C:\Users\HP\Downloads\Medical\Medical_Affiliation\Medical_Affiliation.csproj]
C:\Users\HP\Downloads\Medical\Medical_Affiliation\Controllers\ContinuesAffiliation_FacultybasedController.cs(2060,34): warning CS8600: Converting null literal or possible null value to non-nullable type. [C:\Users\HP\Downloads\Medical\Medical_Affiliation\Medical_Affiliation.csproj]
C:\Users\HP\Downloads\Medical\Medical_Affiliation\Controllers\LatestMedicalAffiliationController.cs(571,50): warning CS8629: Nullable value type may be null. [C:\Users\HP\Downloads\Medical\Medical_Affiliation\Medical_Affiliation.csproj]
C:\Users\HP\Downloads\Medical\Medical_Affiliation\Controllers\LatestMedicalAffiliationController.cs(572,39): warning CS8629: Nullable value type may be null. [C:\Users\HP\Downloads\Medical\Medical_Affiliation\Medical_Affiliation.csproj]
C:\Users\HP\Downloads\Medical\Medical_Affiliation\Controllers\LatestMedicalAffiliationController.cs(574,37): warning CS8629: Nullable value type may be null. [C:\Users\HP\Downloads\Medical\Medical_Affiliation\Medical_Affiliation.csproj]
C:\Users\HP\Downloads\Medical\Medical_Affiliation\Controllers\ContinuesAffiliation_FacultybasedController.cs(2445,30): warning CS8601: Possible null reference assignment. [C:\Users\HP\Downloads\Medical\Medical_Affiliation\Medical_Affiliation.csproj]
C:\Users\HP\Downloads\Medical\Medical_Affiliation\Controllers\ContinuesAffiliation_FacultybasedController.cs(2446,30): warning CS8601: Possible null reference assignment. [C:\Users\HP\Downloads\Medical\Medical_Affiliation\Medical_Affiliation.csproj]
C:\Users\HP\Downloads\Medical\Medical_Affiliation\Controllers\ContinuesAffiliation_FacultybasedController.cs(2468,34): warning CS8601: Possible null reference assignment. [C:\Users\HP\Downloads\Medical\Medical_Affiliation\Medical_Affiliation.csproj]
C:\Users\HP\Downloads\Medical\Medical_Affiliation\Controllers\ContinuesAffiliation_FacultybasedController.cs(2469,30): warning CS8601: Possible null reference assignment. [C:\Users\HP\Downloads\Medical\Medical_Affiliation\Medical_Affiliation.csproj]
C:\Users\HP\Downloads\Medical\Medical_Affiliation\Controllers\ContinuesAffiliation_FacultybasedController.cs(2470,34): warning CS8601: Possible null reference assignment. [C:\Users\HP\Downloads\Medical\Medical_Affiliation\Medical_Affiliation.csproj]
C:\Users\HP\Downloads\Medical\Medical_Affiliation\Controllers\ContinuesAffiliation_FacultybasedController.cs(2471,40): warning CS8601: Possible null reference assignment. [C:\Users\HP\Downloads\Medical\Medical_Affiliation\Medical_Affiliation.csproj]
C:\Users\HP\Downloads\Medical\Medical_Affiliation\Controllers\ContinuesAffiliation_FacultybasedController.cs(2481,44): warning CS8601: Possible null reference assignment. [C:\Users\HP\Downloads\Medical\Medical_Affiliation\Medical_Affiliation.csproj]
C:\Users\HP\Downloads\Medical\Medical_Affiliation\Controllers\ContinuesAffiliation_FacultybasedController.cs(2482,37): warning CS8601: Possible null reference assignment. [C:\Users\HP\Downloads\Medical\Medical_Affiliation\Medical_Affiliation.csproj]
C:\Users\HP\Downloads\Medical\Medical_Affiliation\Controllers\ContinuesAffiliation_FacultybasedController.cs(2487,40): warning CS8601: Possible null reference assignment. [C:\Users\HP\Downloads\Medical\Medical_Affiliation\Medical_Affiliation.csproj]
C:\Users\HP\Downloads\Medical\Medical_Affiliation\Controllers\LatestMedicalAffiliationController.cs(633,42): warning CS8629: Nullable value type may be null. [C:\Users\HP\Downloads\Medical\Medical_Affiliation\Medical_Affiliation.csproj]
C:\Users\HP\Downloads\Medical\Medical_Affiliation\Controllers\LatestMedicalAffiliationController.cs(634,31): warning CS8629: Nullable value type may be null. [C:\Users\HP\Downloads\Medical\Medical_Affiliation\Medical_Affiliation.csproj]
C:\Users\HP\Downloads\Medical\Medical_Affiliation\Controllers\LatestMedicalAffiliationController.cs(635,33): warning CS8601: Possible null reference assignment. [C:\Users\HP\Downloads\Medical\Medical_Affiliation\Medical_Affiliation.csproj]
C:\Users\HP\Downloads\Medical\Medical_Affiliation\Controllers\ContinuesAffiliation_FacultybasedController.cs(2517,30): warning CS8601: Possible null reference assignment. [C:\Users\HP\Downloads\Medical\Medical_Affiliation\Medical_Affiliation.csproj]
C:\Users\HP\Downloads\Medical\Medical_Affiliation\Controllers\ContinuesAffiliation_FacultybasedController.cs(2518,30): warning CS8601: Possible null reference assignment. [C:\Users\HP\Downloads\Medical\Medical_Affiliation\Medical_Affiliation.csproj]
C:\Users\HP\Downloads\Medical\Medical_Affiliation\Controllers\ContinuesAffiliation_FacultybasedController.cs(2540,31): warning CS8600: Converting null literal or possible null value to non-nullable type. [C:\Users\HP\Downloads\Medical\Medical_Affiliation\Medical_Affiliation.csproj]
C:\Users\HP\Downloads\Medical\Medical_Affiliation\Controllers\ContinuesAffiliation_FacultybasedController.cs(2541,30): warning CS8600: Converting null literal or possible null value to non-nullable type. [C:\Users\HP\Downloads\Medical\Medical_Affiliation\Medical_Affiliation.csproj]
C:\Users\HP\Downloads\Medical\Medical_Affiliation\Controllers\ContinuesAffiliation_FacultybasedController.cs(2542,37): warning CS8600: Converting null literal or possible null value to non-nullable type. [C:\Users\HP\Downloads\Medical\Medical_Affiliation\Medical_Affiliation.csproj]
C:\Users\HP\Downloads\Medical\Medical_Affiliation\Controllers\ContinuesAffiliation_FacultybasedController.cs(2600,59): warning CS8601: Possible null reference assignment. [C:\Users\HP\Downloads\Medical\Medical_Affiliation\Medical_Affiliation.csproj]
C:\Users\HP\Downloads\Medical\Medical_Affiliation\Controllers\ContinuesAffiliation_FacultybasedController.cs(2649,43): warning CS8601: Possible null reference assignment. [C:\Users\HP\Downloads\Medical\Medical_Affiliation\Medical_Affiliation.csproj]
C:\Users\HP\Downloads\Medical\Medical_Affiliation\Controllers\ContinuesAffiliation_FacultybasedController.cs(2743,30): warning CS8600: Converting null literal or possible null value to non-nullable type. [C:\Users\HP\Downloads\Medical\Medical_Affiliation\Medical_Affiliation.csproj]
C:\Users\HP\Downloads\Medical\Medical_Affiliation\Controllers\LatestMedicalAffiliationController.cs(723,60): warning CS8629: Nullable value type may be null. [C:\Users\HP\Downloads\Medical\Medical_Affiliation\Medical_Affiliation.csproj]
C:\Users\HP\Downloads\Medical\Medical_Affiliation\Controllers\LatestMedicalAffiliationController.cs(724,54): warning CS8629: Nullable value type may be null. [C:\Users\HP\Downloads\Medical\Medical_Affiliation\Medical_Affiliation.csproj]
C:\Users\HP\Downloads\Medical\Medical_Affiliation\Controllers\LatestMedicalAffiliationController.cs(725,52): warning CS8629: Nullable value type may be null. [C:\Users\HP\Downloads\Medical\Medical_Affiliation\Medical_Affiliation.csproj]
C:\Users\HP\Downloads\Medical\Medical_Affiliation\Controllers\LatestMedicalAffiliationController.cs(726,49): warning CS8629: Nullable value type may be null. [C:\Users\HP\Downloads\Medical\Medical_Affiliation\Medical_Affiliation.csproj]
C:\Users\HP\Downloads\Medical\Medical_Affiliation\Controllers\LatestMedicalAffiliationController.cs(727,51): warning CS8601: Possible null reference assignment. [C:\Users\HP\Downloads\Medical\Medical_Affiliation\Medical_Affiliation.csproj]
C:\Users\HP\Downloads\Medical\Medical_Affiliation\Controllers\LatestMedicalAffiliationController.cs(728,47): warning CS8629: Nullable value type may be null. [C:\Users\HP\Downloads\Medical\Medical_Affiliation\Medical_Affiliation.csproj]
C:\Users\HP\Downloads\Medical\Medical_Affiliation\Controllers\LICInspectionController.cs(276,43): warning CS8602: Dereference of a possibly null reference. [C:\Users\HP\Downloads\Medical\Medical_Affiliation\Medical_Affiliation.csproj]
C:\Users\HP\Downloads\Medical\Medical_Affiliation\Controllers\LICInspectionController.cs(281,27): warning CS8600: Converting null literal or possible null value to non-nullable type. [C:\Users\HP\Downloads\Medical\Medical_Affiliation\Medical_Affiliation.csproj]
C:\Users\HP\Downloads\Medical\Medical_Affiliation\Controllers\LICInspectionController.cs(292,39): warning CS8601: Possible null reference assignment. [C:\Users\HP\Downloads\Medical\Medical_Affiliation\Medical_Affiliation.csproj]
C:\Users\HP\Downloads\Medical\Medical_Affiliation\Controllers\LICInspectionController.cs(293,39): warning CS8601: Possible null reference assignment. [C:\Users\HP\Downloads\Medical\Medical_Affiliation\Medical_Affiliation.csproj]
C:\Users\HP\Downloads\Medical\Medical_Affiliation\Controllers\LICInspectionController.cs(304,39): warning CS8601: Possible null reference assignment. [C:\Users\HP\Downloads\Medical\Medical_Affiliation\Medical_Affiliation.csproj]
C:\Users\HP\Downloads\Medical\Medical_Affiliation\Controllers\LICInspectionController.cs(305,39): warning CS8601: Possible null reference assignment. [C:\Users\HP\Downloads\Medical\Medical_Affiliation\Medical_Affiliation.csproj]
C:\Users\HP\Downloads\Medical\Medical_Affiliation\Controllers\LICInspectionController.cs(316,39): warning CS8601: Possible null reference assignment. [C:\Users\HP\Downloads\Medical\Medical_Affiliation\Medical_Affiliation.csproj]
C:\Users\HP\Downloads\Medical\Medical_Affiliation\Controllers\LICInspectionController.cs(317,39): warning CS8601: Possible null reference assignment. [C:\Users\HP\Downloads\Medical\Medical_Affiliation\Medical_Affiliation.csproj]
C:\Users\HP\Downloads\Medical\Medical_Affiliation\Controllers\LICInspectionController.cs(330,32): warning CS8601: Possible null reference assignment. [C:\Users\HP\Downloads\Medical\Medical_Affiliation\Medical_Affiliation.csproj]
C:\Users\HP\Downloads\Medical\Medical_Affiliation\Controllers\LICInspectionController.cs(333,31): warning CS8601: Possible null reference assignment. [C:\Users\HP\Downloads\Medical\Medical_Affiliation\Medical_Affiliation.csproj]
C:\Users\HP\Downloads\Medical\Medical_Affiliation\Controllers\LICInspectionController.cs(334,25): warning CS8601: Possible null reference assignment. [C:\Users\HP\Downloads\Medical\Medical_Affiliation\Medical_Affiliation.csproj]
C:\Users\HP\Downloads\Medical\Medical_Affiliation\Controllers\LICInspectionController.cs(335,29): warning CS8601: Possible null reference assignment. [C:\Users\HP\Downloads\Medical\Medical_Affiliation\Medical_Affiliation.csproj]
C:\Users\HP\Downloads\Medical\Medical_Affiliation\Controllers\LICInspectionController.cs(336,33): warning CS8601: Possible null reference assignment. [C:\Users\HP\Downloads\Medical\Medical_Affiliation\Medical_Affiliation.csproj]
C:\Users\HP\Downloads\Medical\Medical_Affiliation\Controllers\LICInspectionController.cs(338,33): warning CS8601: Possible null reference assignment. [C:\Users\HP\Downloads\Medical\Medical_Affiliation\Medical_Affiliation.csproj]
C:\Users\HP\Downloads\Medical\Medical_Affiliation\Controllers\LICInspectionController.cs(339,28): warning CS8601: Possible null reference assignment. [C:\Users\HP\Downloads\Medical\Medical_Affiliation\Medical_Affiliation.csproj]
C:\Users\HP\Downloads\Medical\Medical_Affiliation\Controllers\LICInspectionController.cs(340,28): warning CS8601: Possible null reference assignment. [C:\Users\HP\Downloads\Medical\Medical_Affiliation\Medical_Affiliation.csproj]
C:\Users\HP\Downloads\Medical\Medical_Affiliation\Controllers\LICInspectionController.cs(341,30): warning CS8601: Possible null reference assignment. [C:\Users\HP\Downloads\Medical\Medical_Affiliation\Medical_Affiliation.csproj]
C:\Users\HP\Downloads\Medical\Medical_Affiliation\Controllers\LICInspectionController.cs(347,29): warning CS8601: Possible null reference assignment. [C:\Users\HP\Downloads\Medical\Medical_Affiliation\Medical_Affiliation.csproj]
C:\Users\HP\Downloads\Medical\Medical_Affiliation\Controllers\LICInspectionController.cs(348,27): warning CS8601: Possible null reference assignment. [C:\Users\HP\Downloads\Medical\Medical_Affiliation\Medical_Affiliation.csproj]
C:\Users\HP\Downloads\Medical\Medical_Affiliation\Controllers\LICInspectionController.cs(352,41): warning CS8601: Possible null reference assignment. [C:\Users\HP\Downloads\Medical\Medical_Affiliation\Medical_Affiliation.csproj]
C:\Users\HP\Downloads\Medical\Medical_Affiliation\Controllers\LICInspectionController.cs(353,43): warning CS8601: Possible null reference assignment. [C:\Users\HP\Downloads\Medical\Medical_Affiliation\Medical_Affiliation.csproj]
C:\Users\HP\Downloads\Medical\Medical_Affiliation\Controllers\LICInspectionController.cs(355,42): warning CS8601: Possible null reference assignment. [C:\Users\HP\Downloads\Medical\Medical_Affiliation\Medical_Affiliation.csproj]
C:\Users\HP\Downloads\Medical\Medical_Affiliation\Controllers\LICInspectionController.cs(494,24): warning CS8603: Possible null reference return. [C:\Users\HP\Downloads\Medical\Medical_Affiliation\Medical_Affiliation.csproj]
C:\Users\HP\Downloads\Medical\Medical_Affiliation\Controllers\LatestMedicalAffiliationController.cs(812,42): warning CS8629: Nullable value type may be null. [C:\Users\HP\Downloads\Medical\Medical_Affiliation\Medical_Affiliation.csproj]
C:\Users\HP\Downloads\Medical\Medical_Affiliation\Controllers\LatestMedicalAffiliationController.cs(813,44): warning CS8629: Nullable value type may be null. [C:\Users\HP\Downloads\Medical\Medical_Affiliation\Medical_Affiliation.csproj]
C:\Users\HP\Downloads\Medical\Medical_Affiliation\Controllers\LatestMedicalAffiliationController.cs(814,50): warning CS8629: Nullable value type may be null. [C:\Users\HP\Downloads\Medical\Medical_Affiliation\Medical_Affiliation.csproj]
C:\Users\HP\Downloads\Medical\Medical_Affiliation\Controllers\LatestMedicalAffiliationController.cs(821,41): warning CS8601: Possible null reference assignment. [C:\Users\HP\Downloads\Medical\Medical_Affiliation\Medical_Affiliation.csproj]
C:\Users\HP\Downloads\Medical\Medical_Affiliation\Controllers\LatestMedicalAffiliationController.cs(822,37): warning CS8629: Nullable value type may be null. [C:\Users\HP\Downloads\Medical\Medical_Affiliation\Medical_Affiliation.csproj]
C:\Users\HP\Downloads\Medical\Medical_Affiliation\Controllers\ContinuesAffiliation_FacultybasedController.cs(2943,71): warning CS8600: Converting null literal or possible null value to non-nullable type. [C:\Users\HP\Downloads\Medical\Medical_Affiliation\Medical_Affiliation.csproj]
C:\Users\HP\Downloads\Medical\Medical_Affiliation\Controllers\ContinuesAffiliation_FacultybasedController.cs(2997,58): warning CS8602: Dereference of a possibly null reference. [C:\Users\HP\Downloads\Medical\Medical_Affiliation\Medical_Affiliation.csproj]
C:\Users\HP\Downloads\Medical\Medical_Affiliation\Controllers\ContinuesAffiliation_FacultybasedController.cs(2997,58): warning CS8604: Possible null reference argument for parameter 'value' in 'void SessionExtensions.SetString(ISession session, string key, string value)'. [C:\Users\HP\Downloads\Medical\Medical_Affiliation\Medical_Affiliation.csproj]
C:\Users\HP\Downloads\Medical\Medical_Affiliation\Controllers\ContinuesAffiliation_FacultybasedController.cs(3089,37): warning CS8602: Dereference of a possibly null reference. [C:\Users\HP\Downloads\Medical\Medical_Affiliation\Medical_Affiliation.csproj]
C:\Users\HP\Downloads\Medical\Medical_Affiliation\Controllers\ContinuesAffiliation_FacultybasedController.cs(3093,38): warning CS8602: Dereference of a possibly null reference. [C:\Users\HP\Downloads\Medical\Medical_Affiliation\Medical_Affiliation.csproj]
C:\Users\HP\Downloads\Medical\Medical_Affiliation\Controllers\ContinuesAffiliation_FacultybasedController.cs(3128,35): warning CS8602: Dereference of a possibly null reference. [C:\Users\HP\Downloads\Medical\Medical_Affiliation\Medical_Affiliation.csproj]
C:\Users\HP\Downloads\Medical\Medical_Affiliation\Controllers\ContinuesAffiliation_FacultybasedController.cs(3161,35): warning CS8602: Dereference of a possibly null reference. [C:\Users\HP\Downloads\Medical\Medical_Affiliation\Medical_Affiliation.csproj]
C:\Users\HP\Downloads\Medical\Medical_Affiliation\Controllers\ContinuesAffiliation_FacultybasedController.cs(3188,38): warning CS8604: Possible null reference argument for parameter 'e' in 'void ContinuesAffiliation_FacultybasedController.MapViewModelToEntity(InstitutionViewModel vm, AffInstitutionsDetail e)'. [C:\Users\HP\Downloads\Medical\Medical_Affiliation\Medical_Affiliation.csproj]
C:\Users\HP\Downloads\Medical\Medical_Affiliation\Controllers\ContinuesAffiliation_FacultybasedController.cs(3216,34): warning CS8600: Converting null literal or possible null value to non-nullable type. [C:\Users\HP\Downloads\Medical\Medical_Affiliation\Medical_Affiliation.csproj]
C:\Users\HP\Downloads\Medical\Medical_Affiliation\Controllers\ContinuesAffiliation_FacultybasedController.cs(3220,31): warning CS8600: Converting null literal or possible null value to non-nullable type. [C:\Users\HP\Downloads\Medical\Medical_Affiliation\Medical_Affiliation.csproj]
C:\Users\HP\Downloads\Medical\Medical_Affiliation\Controllers\ContinuesAffiliation_FacultybasedController.cs(3256,27): warning CS8601: Possible null reference assignment. [C:\Users\HP\Downloads\Medical\Medical_Affiliation\Medical_Affiliation.csproj]
C:\Users\HP\Downloads\Medical\Medical_Affiliation\Controllers\ContinuesAffiliation_FacultybasedController.cs(3258,27): warning CS8601: Possible null reference assignment. [C:\Users\HP\Downloads\Medical\Medical_Affiliation\Medical_Affiliation.csproj]
C:\Users\HP\Downloads\Medical\Medical_Affiliation\Controllers\ContinuesAffiliation_FacultybasedController.cs(3259,33): warning CS8601: Possible null reference assignment. [C:\Users\HP\Downloads\Medical\Medical_Affiliation\Medical_Affiliation.csproj]
C:\Users\HP\Downloads\Medical\Medical_Affiliation\Controllers\ContinuesAffiliation_FacultybasedController.cs(3274,37): warning CS8601: Possible null reference assignment. [C:\Users\HP\Downloads\Medical\Medical_Affiliation\Medical_Affiliation.csproj]
C:\Users\HP\Downloads\Medical\Medical_Affiliation\Controllers\ContinuesAffiliation_FacultybasedController.cs(3275,43): warning CS8601: Possible null reference assignment. [C:\Users\HP\Downloads\Medical\Medical_Affiliation\Medical_Affiliation.csproj]
C:\Users\HP\Downloads\Medical\Medical_Affiliation\Controllers\ContinuesAffiliation_FacultybasedController.cs(3276,38): warning CS8601: Possible null reference assignment. [C:\Users\HP\Downloads\Medical\Medical_Affiliation\Medical_Affiliation.csproj]
C:\Users\HP\Downloads\Medical\Medical_Affiliation\Controllers\ContinuesAffiliation_FacultybasedController.cs(3277,34): warning CS8601: Possible null reference assignment. [C:\Users\HP\Downloads\Medical\Medical_Affiliation\Medical_Affiliation.csproj]
C:\Users\HP\Downloads\Medical\Medical_Affiliation\Controllers\ContinuesAffiliation_FacultybasedController.cs(3278,36): warning CS8601: Possible null reference assignment. [C:\Users\HP\Downloads\Medical\Medical_Affiliation\Medical_Affiliation.csproj]
C:\Users\HP\Downloads\Medical\Medical_Affiliation\Controllers\ContinuesAffiliation_FacultybasedController.cs(3279,35): warning CS8601: Possible null reference assignment. [C:\Users\HP\Downloads\Medical\Medical_Affiliation\Medical_Affiliation.csproj]
C:\Users\HP\Downloads\Medical\Medical_Affiliation\Controllers\ContinuesAffiliation_FacultybasedController.cs(3282,31): warning CS8601: Possible null reference assignment. [C:\Users\HP\Downloads\Medical\Medical_Affiliation\Medical_Affiliation.csproj]
C:\Users\HP\Downloads\Medical\Medical_Affiliation\Controllers\ContinuesAffiliation_FacultybasedController.cs(3288,28): warning CS8601: Possible null reference assignment. [C:\Users\HP\Downloads\Medical\Medical_Affiliation\Medical_Affiliation.csproj]
C:\Users\HP\Downloads\Medical\Medical_Affiliation\Controllers\ContinuesAffiliation_FacultybasedController.cs(3293,36): warning CS8601: Possible null reference assignment. [C:\Users\HP\Downloads\Medical\Medical_Affiliation\Medical_Affiliation.csproj]
C:\Users\HP\Downloads\Medical\Medical_Affiliation\Controllers\ContinuesAffiliation_FacultybasedController.cs(3294,33): warning CS8601: Possible null reference assignment. [C:\Users\HP\Downloads\Medical\Medical_Affiliation\Medical_Affiliation.csproj]
C:\Users\HP\Downloads\Medical\Medical_Affiliation\Controllers\ContinuesAffiliation_FacultybasedController.cs(3321,35): warning CS8601: Possible null reference assignment. [C:\Users\HP\Downloads\Medical\Medical_Affiliation\Medical_Affiliation.csproj]
C:\Users\HP\Downloads\Medical\Medical_Affiliation\Controllers\ContinuesAffiliation_FacultybasedController.cs(3324,33): warning CS8601: Possible null reference assignment. [C:\Users\HP\Downloads\Medical\Medical_Affiliation\Medical_Affiliation.csproj]
C:\Users\HP\Downloads\Medical\Medical_Affiliation\Controllers\LatestMedicalAffiliationController.cs(1084,38): warning CS8601: Possible null reference assignment. [C:\Users\HP\Downloads\Medical\Medical_Affiliation\Medical_Affiliation.csproj]
C:\Users\HP\Downloads\Medical\Medical_Affiliation\Controllers\LatestMedicalAffiliationController.cs(1092,30): warning CS0168: The variable 'ex' is declared but never used [C:\Users\HP\Downloads\Medical\Medical_Affiliation\Medical_Affiliation.csproj]
C:\Users\HP\Downloads\Medical\Medical_Affiliation\Controllers\ContinuesAffiliation_FacultybasedController.cs(3439,17): warning CS8604: Possible null reference argument for parameter 'facultyCode' in 'Task<IActionResult> ContinuesAffiliation_FacultybasedController.ServeInstitutionFileFromPath(int id, string facultyCode, Func<AffInstitutionsDetail, string?> pathSelector)'. [C:\Users\HP\Downloads\Medical\Medical_Affiliation\Medical_Affiliation.csproj]
C:\Users\HP\Downloads\Medical\Medical_Affiliation\Controllers\ContinuesAffiliation_FacultybasedController.cs(3597,25): warning CS8604: Possible null reference argument for parameter 'facultyCode' in 'Task<string?> ContinuesAffiliation_FacultybasedController.SaveCourseFileAsync(IFormFile? file, string folder, string facultyCode)'. [C:\Users\HP\Downloads\Medical\Medical_Affiliation\Medical_Affiliation.csproj]
C:\Users\HP\Downloads\Medical\Medical_Affiliation\Controllers\ContinuesAffiliation_FacultybasedController.cs(3618,25): warning CS8604: Possible null reference argument for parameter 'facultyCode' in 'Task<string?> ContinuesAffiliation_FacultybasedController.SaveCourseFileAsync(IFormFile? file, string folder, string facultyCode)'. [C:\Users\HP\Downloads\Medical\Medical_Affiliation\Medical_Affiliation.csproj]
C:\Users\HP\Downloads\Medical\Medical_Affiliation\Controllers\ContinuesAffiliation_FacultybasedController.cs(3639,25): warning CS8604: Possible null reference argument for parameter 'facultyCode' in 'Task<string?> ContinuesAffiliation_FacultybasedController.SaveCourseFileAsync(IFormFile? file, string folder, string facultyCode)'. [C:\Users\HP\Downloads\Medical\Medical_Affiliation\Medical_Affiliation.csproj]
C:\Users\HP\Downloads\Medical\Medical_Affiliation\Controllers\ContinuesAffiliation_FacultybasedController.cs(3782,90): warning CS8604: Possible null reference argument for parameter 'facultyCode' in 'Task<string?> ContinuesAffiliation_FacultybasedController.SaveCourseFileAsync(IFormFile? file, string folder, string facultyCode)'. [C:\Users\HP\Downloads\Medical\Medical_Affiliation\Medical_Affiliation.csproj]
C:\Users\HP\Downloads\Medical\Medical_Affiliation\Controllers\ContinuesAffiliation_FacultybasedController.cs(3800,104): warning CS8604: Possible null reference argument for parameter 'facultyCode' in 'Task<string?> ContinuesAffiliation_FacultybasedController.SaveCourseFileAsync(IFormFile? file, string folder, string facultyCode)'. [C:\Users\HP\Downloads\Medical\Medical_Affiliation\Medical_Affiliation.csproj]
C:\Users\HP\Downloads\Medical\Medical_Affiliation\Controllers\ContinuesAffiliation_FacultybasedController.cs(3817,127): warning CS8604: Possible null reference argument for parameter 'facultyCode' in 'Task<string?> ContinuesAffiliation_FacultybasedController.SaveCourseFileAsync(IFormFile? file, string folder, string facultyCode)'. [C:\Users\HP\Downloads\Medical\Medical_Affiliation\Medical_Affiliation.csproj]
C:\Users\HP\Downloads\Medical\Medical_Affiliation\Controllers\LICInspectionController.cs(657,43): warning CS8602: Dereference of a possibly null reference. [C:\Users\HP\Downloads\Medical\Medical_Affiliation\Medical_Affiliation.csproj]
C:\Users\HP\Downloads\Medical\Medical_Affiliation\Controllers\LICInspectionController.cs(662,27): warning CS8600: Converting null literal or possible null value to non-nullable type. [C:\Users\HP\Downloads\Medical\Medical_Affiliation\Medical_Affiliation.csproj]
C:\Users\HP\Downloads\Medical\Medical_Affiliation\Controllers\LICInspectionController.cs(667,29): warning CS8602: Dereference of a possibly null reference. [C:\Users\HP\Downloads\Medical\Medical_Affiliation\Medical_Affiliation.csproj]
C:\Users\HP\Downloads\Medical\Medical_Affiliation\Controllers\LICInspectionController.cs(683,33): warning CS8602: Dereference of a possibly null reference. [C:\Users\HP\Downloads\Medical\Medical_Affiliation\Medical_Affiliation.csproj]
C:\Users\HP\Downloads\Medical\Medical_Affiliation\Controllers\LICInspectionController.cs(691,33): warning CS8602: Dereference of a possibly null reference. [C:\Users\HP\Downloads\Medical\Medical_Affiliation\Medical_Affiliation.csproj]
C:\Users\HP\Downloads\Medical\Medical_Affiliation\Controllers\LICInspectionController.cs(699,33): warning CS8602: Dereference of a possibly null reference. [C:\Users\HP\Downloads\Medical\Medical_Affiliation\Medical_Affiliation.csproj]
C:\Users\HP\Downloads\Medical\Medical_Affiliation\Controllers\LICInspectionController.cs(741,50): warning CS8600: Converting null literal or possible null value to non-nullable type. [C:\Users\HP\Downloads\Medical\Medical_Affiliation\Medical_Affiliation.csproj]
C:\Users\HP\Downloads\Medical\Medical_Affiliation\Controllers\LICInspectionController.cs(746,47): warning CS8602: Dereference of a possibly null reference. [C:\Users\HP\Downloads\Medical\Medical_Affiliation\Medical_Affiliation.csproj]
C:\Users\HP\Downloads\Medical\Medical_Affiliation\Controllers\LICInspectionController.cs(744,34): warning CS8600: Converting null literal or possible null value to non-nullable type. [C:\Users\HP\Downloads\Medical\Medical_Affiliation\Medical_Affiliation.csproj]
C:\Users\HP\Downloads\Medical\Medical_Affiliation\Controllers\LICInspectionController.cs(759,29): warning CS8602: Dereference of a possibly null reference. [C:\Users\HP\Downloads\Medical\Medical_Affiliation\Medical_Affiliation.csproj]
C:\Users\HP\Downloads\Medical\Medical_Affiliation\Controllers\LICInspectionController.cs(787,31): warning CS8601: Possible null reference assignment. [C:\Users\HP\Downloads\Medical\Medical_Affiliation\Medical_Affiliation.csproj]
C:\Users\HP\Downloads\Medical\Medical_Affiliation\Controllers\LICInspectionController.cs(788,32): warning CS8601: Possible null reference assignment. [C:\Users\HP\Downloads\Medical\Medical_Affiliation\Medical_Affiliation.csproj]
C:\Users\HP\Downloads\Medical\Medical_Affiliation\Controllers\LICInspectionController.cs(794,39): warning CS8601: Possible null reference assignment. [C:\Users\HP\Downloads\Medical\Medical_Affiliation\Medical_Affiliation.csproj]
C:\Users\HP\Downloads\Medical\Medical_Affiliation\Controllers\LICInspectionController.cs(813,43): warning CS8602: Dereference of a possibly null reference. [C:\Users\HP\Downloads\Medical\Medical_Affiliation\Medical_Affiliation.csproj]
C:\Users\HP\Downloads\Medical\Medical_Affiliation\Controllers\LICInspectionController.cs(819,39): warning CS8600: Converting null literal or possible null value to non-nullable type. [C:\Users\HP\Downloads\Medical\Medical_Affiliation\Medical_Affiliation.csproj]
C:\Users\HP\Downloads\Medical\Medical_Affiliation\Controllers\LICInspectionController.cs(822,35): warning CS8600: Converting null literal or possible null value to non-nullable type. [C:\Users\HP\Downloads\Medical\Medical_Affiliation\Medical_Affiliation.csproj]
C:\Users\HP\Downloads\Medical\Medical_Affiliation\Controllers\LICInspectionController.cs(836,43): warning CS8602: Dereference of a possibly null reference. [C:\Users\HP\Downloads\Medical\Medical_Affiliation\Medical_Affiliation.csproj]
C:\Users\HP\Downloads\Medical\Medical_Affiliation\Controllers\LICInspectionController.cs(1024,43): warning CS8602: Dereference of a possibly null reference. [C:\Users\HP\Downloads\Medical\Medical_Affiliation\Medical_Affiliation.csproj]
C:\Users\HP\Downloads\Medical\Medical_Affiliation\Controllers\LICInspectionController.cs(1036,29): warning CS8602: Dereference of a possibly null reference. [C:\Users\HP\Downloads\Medical\Medical_Affiliation\Medical_Affiliation.csproj]
C:\Users\HP\Downloads\Medical\Medical_Affiliation\Controllers\ContinuesAffiliation_FacultybasedController.cs(3915,29): warning CS8602: Dereference of a possibly null reference. [C:\Users\HP\Downloads\Medical\Medical_Affiliation\Medical_Affiliation.csproj]
C:\Users\HP\Downloads\Medical\Medical_Affiliation\Controllers\ContinuesAffiliation_FacultybasedController.cs(3972,41): warning CS8601: Possible null reference assignment. [C:\Users\HP\Downloads\Medical\Medical_Affiliation\Medical_Affiliation.csproj]
C:\Users\HP\Downloads\Medical\Medical_Affiliation\Controllers\ContinuesAffiliation_FacultybasedController.cs(3973,40): warning CS8601: Possible null reference assignment. [C:\Users\HP\Downloads\Medical\Medical_Affiliation\Medical_Affiliation.csproj]
C:\Users\HP\Downloads\Medical\Medical_Affiliation\Controllers\ContinuesAffiliation_FacultybasedController.cs(3975,37): warning CS8601: Possible null reference assignment. [C:\Users\HP\Downloads\Medical\Medical_Affiliation\Medical_Affiliation.csproj]
C:\Users\HP\Downloads\Medical\Medical_Affiliation\Controllers\ContinuesAffiliation_FacultybasedController.cs(3976,45): warning CS8601: Possible null reference assignment. [C:\Users\HP\Downloads\Medical\Medical_Affiliation\Medical_Affiliation.csproj]
C:\Users\HP\Downloads\Medical\Medical_Affiliation\Controllers\ContinuesAffiliation_FacultybasedController.cs(3979,42): warning CS8629: Nullable value type may be null. [C:\Users\HP\Downloads\Medical\Medical_Affiliation\Medical_Affiliation.csproj]
C:\Users\HP\Downloads\Medical\Medical_Affiliation\Controllers\ContinuesAffiliation_FacultybasedController.cs(3983,42): warning CS8629: Nullable value type may be null. [C:\Users\HP\Downloads\Medical\Medical_Affiliation\Medical_Affiliation.csproj]
C:\Users\HP\Downloads\Medical\Medical_Affiliation\Controllers\ContinuesAffiliation_FacultybasedController.cs(4014,36): warning CS8601: Possible null reference assignment. [C:\Users\HP\Downloads\Medical\Medical_Affiliation\Medical_Affiliation.csproj]
C:\Users\HP\Downloads\Medical\Medical_Affiliation\Controllers\ContinuesAffiliation_FacultybasedController.cs(4043,18): warning CS8604: Possible null reference argument for parameter 'source' in 'bool Enumerable.Any<TeachingExperienceRow>(IEnumerable<TeachingExperienceRow> source)'. [C:\Users\HP\Downloads\Medical\Medical_Affiliation\Medical_Affiliation.csproj]
C:\Users\HP\Downloads\Medical\Medical_Affiliation\Controllers\ContinuesAffiliation_FacultybasedController.cs(4049,18): warning CS8604: Possible null reference argument for parameter 'source' in 'bool Enumerable.Any<AdministrativeExperienceRow>(IEnumerable<AdministrativeExperienceRow> source)'. [C:\Users\HP\Downloads\Medical\Medical_Affiliation\Medical_Affiliation.csproj]
C:\Users\HP\Downloads\Medical\Medical_Affiliation\Controllers\LICInspectionController.cs(1100,43): warning CS8602: Dereference of a possibly null reference. [C:\Users\HP\Downloads\Medical\Medical_Affiliation\Medical_Affiliation.csproj]
C:\Users\HP\Downloads\Medical\Medical_Affiliation\Controllers\LICInspectionController.cs(1211,33): warning CS8602: Dereference of a possibly null reference. [C:\Users\HP\Downloads\Medical\Medical_Affiliation\Medical_Affiliation.csproj]
C:\Users\HP\Downloads\Medical\Medical_Affiliation\Controllers\LICInspectionController.cs(1228,43): warning CS8602: Dereference of a possibly null reference. [C:\Users\HP\Downloads\Medical\Medical_Affiliation\Medical_Affiliation.csproj]
C:\Users\HP\Downloads\Medical\Medical_Affiliation\Controllers\ContinuesAffiliation_FacultybasedController.cs(4191,37): warning CS8602: Dereference of a possibly null reference. [C:\Users\HP\Downloads\Medical\Medical_Affiliation\Medical_Affiliation.csproj]
C:\Users\HP\Downloads\Medical\Medical_Affiliation\Controllers\ContinuesAffiliation_FacultybasedController.cs(4206,38): warning CS8602: Dereference of a possibly null reference. [C:\Users\HP\Downloads\Medical\Medical_Affiliation\Medical_Affiliation.csproj]
C:\Users\HP\Downloads\Medical\Medical_Affiliation\Controllers\ContinuesAffiliation_FacultybasedController.cs(4233,37): warning CS8602: Dereference of a possibly null reference. [C:\Users\HP\Downloads\Medical\Medical_Affiliation\Medical_Affiliation.csproj]
C:\Users\HP\Downloads\Medical\Medical_Affiliation\Controllers\ContinuesAffiliation_FacultybasedController.cs(4237,38): warning CS8602: Dereference of a possibly null reference. [C:\Users\HP\Downloads\Medical\Medical_Affiliation\Medical_Affiliation.csproj]
C:\Users\HP\Downloads\Medical\Medical_Affiliation\Controllers\ContinuesAffiliation_FacultybasedController.cs(4326,30): warning CS0168: The variable 'ex' is declared but never used [C:\Users\HP\Downloads\Medical\Medical_Affiliation\Medical_Affiliation.csproj]
C:\Users\HP\Downloads\Medical\Medical_Affiliation\Controllers\ContinuesAffiliation_FacultybasedController.cs(4339,33): warning CS8602: Dereference of a possibly null reference. [C:\Users\HP\Downloads\Medical\Medical_Affiliation\Medical_Affiliation.csproj]
C:\Users\HP\Downloads\Medical\Medical_Affiliation\Controllers\LICInspectionController.cs(1420,43): warning CS8602: Dereference of a possibly null reference. [C:\Users\HP\Downloads\Medical\Medical_Affiliation\Medical_Affiliation.csproj]
C:\Users\HP\Downloads\Medical\Medical_Affiliation\Controllers\ContinuesAffiliation_FacultybasedController.cs(4370,31): warning CS8601: Possible null reference assignment. [C:\Users\HP\Downloads\Medical\Medical_Affiliation\Medical_Affiliation.csproj]
C:\Users\HP\Downloads\Medical\Medical_Affiliation\Controllers\ContinuesAffiliation_FacultybasedController.cs(4389,53): warning CS8602: Dereference of a possibly null reference. [C:\Users\HP\Downloads\Medical\Medical_Affiliation\Medical_Affiliation.csproj]
C:\Users\HP\Downloads\Medical\Medical_Affiliation\Controllers\ContinuesAffiliation_FacultybasedController.cs(4389,77): warning CS8602: Dereference of a possibly null reference. [C:\Users\HP\Downloads\Medical\Medical_Affiliation\Medical_Affiliation.csproj]
C:\Users\HP\Downloads\Medical\Medical_Affiliation\Controllers\ContinuesAffiliation_FacultybasedController.cs(4430,41): warning CS8601: Possible null reference assignment. [C:\Users\HP\Downloads\Medical\Medical_Affiliation\Medical_Affiliation.csproj]
C:\Users\HP\Downloads\Medical\Medical_Affiliation\Controllers\ContinuesAffiliation_FacultybasedController.cs(4431,40): warning CS8601: Possible null reference assignment. [C:\Users\HP\Downloads\Medical\Medical_Affiliation\Medical_Affiliation.csproj]
C:\Users\HP\Downloads\Medical\Medical_Affiliation\Controllers\ContinuesAffiliation_FacultybasedController.cs(4433,37): warning CS8601: Possible null reference assignment. [C:\Users\HP\Downloads\Medical\Medical_Affiliation\Medical_Affiliation.csproj]
C:\Users\HP\Downloads\Medical\Medical_Affiliation\Controllers\ContinuesAffiliation_FacultybasedController.cs(4434,45): warning CS8601: Possible null reference assignment. [C:\Users\HP\Downloads\Medical\Medical_Affiliation\Medical_Affiliation.csproj]
C:\Users\HP\Downloads\Medical\Medical_Affiliation\Controllers\ContinuesAffiliation_FacultybasedController.cs(4437,42): warning CS8629: Nullable value type may be null. [C:\Users\HP\Downloads\Medical\Medical_Affiliation\Medical_Affiliation.csproj]
C:\Users\HP\Downloads\Medical\Medical_Affiliation\Controllers\ContinuesAffiliation_FacultybasedController.cs(4441,42): warning CS8629: Nullable value type may be null. [C:\Users\HP\Downloads\Medical\Medical_Affiliation\Medical_Affiliation.csproj]
C:\Users\HP\Downloads\Medical\Medical_Affiliation\Controllers\ContinuesAffiliation_FacultybasedController.cs(4452,21): warning CS8602: Dereference of a possibly null reference. [C:\Users\HP\Downloads\Medical\Medical_Affiliation\Medical_Affiliation.csproj]
C:\Users\HP\Downloads\Medical\Medical_Affiliation\Controllers\ContinuesAffiliation_FacultybasedController.cs(4478,21): warning CS8602: Dereference of a possibly null reference. [C:\Users\HP\Downloads\Medical\Medical_Affiliation\Medical_Affiliation.csproj]
C:\Users\HP\Downloads\Medical\Medical_Affiliation\Controllers\ContinuesAffiliation_FacultybasedController.cs(4480,36): warning CS8601: Possible null reference assignment. [C:\Users\HP\Downloads\Medical\Medical_Affiliation\Medical_Affiliation.csproj]
C:\Users\HP\Downloads\Medical\Medical_Affiliation\Controllers\ContinuesAffiliation_FacultybasedController.cs(4501,18): warning CS8604: Possible null reference argument for parameter 'source' in 'bool Enumerable.Any<TeachingExperienceRow>(IEnumerable<TeachingExperienceRow> source)'. [C:\Users\HP\Downloads\Medical\Medical_Affiliation\Medical_Affiliation.csproj]
C:\Users\HP\Downloads\Medical\Medical_Affiliation\Controllers\ContinuesAffiliation_FacultybasedController.cs(4507,18): warning CS8604: Possible null reference argument for parameter 'source' in 'bool Enumerable.Any<AdministrativeExperienceRow>(IEnumerable<AdministrativeExperienceRow> source)'. [C:\Users\HP\Downloads\Medical\Medical_Affiliation\Medical_Affiliation.csproj]
C:\Users\HP\Downloads\Medical\Medical_Affiliation\Controllers\LICInspectionController.cs(1461,33): warning CS8602: Dereference of a possibly null reference. [C:\Users\HP\Downloads\Medical\Medical_Affiliation\Medical_Affiliation.csproj]
C:\Users\HP\Downloads\Medical\Medical_Affiliation\Controllers\LICInspectionController.cs(1462,34): warning CS8602: Dereference of a possibly null reference. [C:\Users\HP\Downloads\Medical\Medical_Affiliation\Medical_Affiliation.csproj]
C:\Users\HP\Downloads\Medical\Medical_Affiliation\Controllers\LICInspectionController.cs(1485,60): warning CS8604: Possible null reference argument for parameter 'item' in 'bool List<string>.Contains(string item)'. [C:\Users\HP\Downloads\Medical\Medical_Affiliation\Medical_Affiliation.csproj]
C:\Users\HP\Downloads\Medical\Medical_Affiliation\Controllers\LICInspectionController.cs(1572,30): warning CS8602: Dereference of a possibly null reference. [C:\Users\HP\Downloads\Medical\Medical_Affiliation\Medical_Affiliation.csproj]
C:\Users\HP\Downloads\Medical\Medical_Affiliation\Controllers\LICInspectionController.cs(1581,57): warning CS8604: Possible null reference argument for parameter 'item' in 'bool List<string>.Contains(string item)'. [C:\Users\HP\Downloads\Medical\Medical_Affiliation\Medical_Affiliation.csproj]
C:\Users\HP\Downloads\Medical\Medical_Affiliation\Controllers\ContinuesAffiliation_FacultybasedController.cs(4627,37): warning CS8602: Dereference of a possibly null reference. [C:\Users\HP\Downloads\Medical\Medical_Affiliation\Medical_Affiliation.csproj]
C:\Users\HP\Downloads\Medical\Medical_Affiliation\Controllers\ContinuesAffiliation_FacultybasedController.cs(4642,38): warning CS8602: Dereference of a possibly null reference. [C:\Users\HP\Downloads\Medical\Medical_Affiliation\Medical_Affiliation.csproj]
C:\Users\HP\Downloads\Medical\Medical_Affiliation\Controllers\ContinuesAffiliation_FacultybasedController.cs(4841,35): warning CS8601: Possible null reference assignment. [C:\Users\HP\Downloads\Medical\Medical_Affiliation\Medical_Affiliation.csproj]
C:\Users\HP\Downloads\Medical\Medical_Affiliation\Controllers\ContinuesAffiliation_FacultybasedController.cs(4950,33): warning CS8601: Possible null reference assignment. [C:\Users\HP\Downloads\Medical\Medical_Affiliation\Medical_Affiliation.csproj]
C:\Users\HP\Downloads\Medical\Medical_Affiliation\Controllers\ContinuesAffiliation_FacultybasedController.cs(4951,33): warning CS8601: Possible null reference assignment. [C:\Users\HP\Downloads\Medical\Medical_Affiliation\Medical_Affiliation.csproj]
C:\Users\HP\Downloads\Medical\Medical_Affiliation\Controllers\ContinuesAffiliation_FacultybasedController.cs(4976,36): warning CS8601: Possible null reference assignment. [C:\Users\HP\Downloads\Medical\Medical_Affiliation\Medical_Affiliation.csproj]
C:\Users\HP\Downloads\Medical\Medical_Affiliation\Controllers\ContinuesAffiliation_FacultybasedController.cs(5000,33): warning CS8601: Possible null reference assignment. [C:\Users\HP\Downloads\Medical\Medical_Affiliation\Medical_Affiliation.csproj]
C:\Users\HP\Downloads\Medical\Medical_Affiliation\Controllers\ContinuesAffiliation_FacultybasedController.cs(5001,33): warning CS8601: Possible null reference assignment. [C:\Users\HP\Downloads\Medical\Medical_Affiliation\Medical_Affiliation.csproj]
C:\Users\HP\Downloads\Medical\Medical_Affiliation\Controllers\ContinuesAffiliation_FacultybasedController.cs(5037,35): warning CS8601: Possible null reference assignment. [C:\Users\HP\Downloads\Medical\Medical_Affiliation\Medical_Affiliation.csproj]
C:\Users\HP\Downloads\Medical\Medical_Affiliation\Controllers\ContinuesAffiliation_FacultybasedController.cs(5038,35): warning CS8601: Possible null reference assignment. [C:\Users\HP\Downloads\Medical\Medical_Affiliation\Medical_Affiliation.csproj]
C:\Users\HP\Downloads\Medical\Medical_Affiliation\Controllers\ContinuesAffiliation_FacultybasedController.cs(5042,34): warning CS8629: Nullable value type may be null. [C:\Users\HP\Downloads\Medical\Medical_Affiliation\Medical_Affiliation.csproj]
C:\Users\HP\Downloads\Medical\Medical_Affiliation\Controllers\LICInspectionController.cs(1851,30): warning CS8602: Dereference of a possibly null reference. [C:\Users\HP\Downloads\Medical\Medical_Affiliation\Medical_Affiliation.csproj]
C:\Users\HP\Downloads\Medical\Medical_Affiliation\Controllers\LICInspectionController.cs(1861,34): warning CS8714: The type 'string?' cannot be used as type parameter 'TKey' in the generic type or method 'Enumerable.ToDictionary<TSource, TKey, TElement>(IEnumerable<TSource>, Func<TSource, TKey>, Func<TSource, TElement>)'. Nullability of type argument 'string?' doesn't match 'notnull' constraint. [C:\Users\HP\Downloads\Medical\Medical_Affiliation\Medical_Affiliation.csproj]
C:\Users\HP\Downloads\Medical\Medical_Affiliation\Controllers\LICInspectionController.cs(1864,21): warning CS8621: Nullability of reference types in return type of 'lambda expression' doesn't match the target delegate 'Func<IGrouping<string?, LicclaimDetail>, string?>' (possibly because of nullability attributes). [C:\Users\HP\Downloads\Medical\Medical_Affiliation\Medical_Affiliation.csproj]
C:\Users\HP\Downloads\Medical\Medical_Affiliation\Controllers\LICInspectionController.cs(1871,31): warning CS8602: Dereference of a possibly null reference. [C:\Users\HP\Downloads\Medical\Medical_Affiliation\Medical_Affiliation.csproj]
C:\Users\HP\Downloads\Medical\Medical_Affiliation\Controllers\LICInspectionController.cs(1879,51): warning CS8604: Possible null reference argument for parameter 'item' in 'bool List<string>.Contains(string item)'. [C:\Users\HP\Downloads\Medical\Medical_Affiliation\Medical_Affiliation.csproj]
C:\Users\HP\Downloads\Medical\Medical_Affiliation\Controllers\LICInspectionController.cs(1896,35): warning CS8601: Possible null reference assignment. [C:\Users\HP\Downloads\Medical\Medical_Affiliation\Medical_Affiliation.csproj]
C:\Users\HP\Downloads\Medical\Medical_Affiliation\Controllers\LICInspectionController.cs(1897,35): warning CS8601: Possible null reference assignment. [C:\Users\HP\Downloads\Medical\Medical_Affiliation\Medical_Affiliation.csproj]
C:\Users\HP\Downloads\Medical\Medical_Affiliation\Controllers\LICInspectionController.cs(1898,36): warning CS8601: Possible null reference assignment. [C:\Users\HP\Downloads\Medical\Medical_Affiliation\Medical_Affiliation.csproj]
C:\Users\HP\Downloads\Medical\Medical_Affiliation\Controllers\LICInspectionController.cs(1900,35): warning CS8601: Possible null reference assignment. [C:\Users\HP\Downloads\Medical\Medical_Affiliation\Medical_Affiliation.csproj]
C:\Users\HP\Downloads\Medical\Medical_Affiliation\Controllers\LICInspectionController.cs(1901,39): warning CS8601: Possible null reference assignment. [C:\Users\HP\Downloads\Medical\Medical_Affiliation\Medical_Affiliation.csproj]
C:\Users\HP\Downloads\Medical\Medical_Affiliation\Controllers\LICInspectionController.cs(1911,36): warning CS8601: Possible null reference assignment. [C:\Users\HP\Downloads\Medical\Medical_Affiliation\Medical_Affiliation.csproj]
C:\Users\HP\Downloads\Medical\Medical_Affiliation\Controllers\LICInspectionController.cs(1912,39): warning CS8601: Possible null reference assignment. [C:\Users\HP\Downloads\Medical\Medical_Affiliation\Medical_Affiliation.csproj]
C:\Users\HP\Downloads\Medical\Medical_Affiliation\Controllers\LICInspectionController.cs(1925,36): warning CS8601: Possible null reference assignment. [C:\Users\HP\Downloads\Medical\Medical_Affiliation\Medical_Affiliation.csproj]
C:\Users\HP\Downloads\Medical\Medical_Affiliation\Controllers\LICInspectionController.cs(1926,39): warning CS8601: Possible null reference assignment. [C:\Users\HP\Downloads\Medical\Medical_Affiliation\Medical_Affiliation.csproj]
C:\Users\HP\Downloads\Medical\Medical_Affiliation\Controllers\LICInspectionController.cs(1945,42): warning CS8601: Possible null reference assignment. [C:\Users\HP\Downloads\Medical\Medical_Affiliation\Medical_Affiliation.csproj]
C:\Users\HP\Downloads\Medical\Medical_Affiliation\Controllers\LICInspectionController.cs(1946,35): warning CS8601: Possible null reference assignment. [C:\Users\HP\Downloads\Medical\Medical_Affiliation\Medical_Affiliation.csproj]
C:\Users\HP\Downloads\Medical\Medical_Affiliation\Controllers\LICInspectionController.cs(1947,34): warning CS8629: Nullable value type may be null. [C:\Users\HP\Downloads\Medical\Medical_Affiliation\Medical_Affiliation.csproj]
C:\Users\HP\Downloads\Medical\Medical_Affiliation\Controllers\LICInspectionController.cs(1948,42): warning CS8601: Possible null reference assignment. [C:\Users\HP\Downloads\Medical\Medical_Affiliation\Medical_Affiliation.csproj]
C:\Users\HP\Downloads\Medical\Medical_Affiliation\Controllers\LICInspectionController.cs(1950,34): warning CS8602: Dereference of a possibly null reference. [C:\Users\HP\Downloads\Medical\Medical_Affiliation\Medical_Affiliation.csproj]
C:\Users\HP\Downloads\Medical\Medical_Affiliation\Controllers\ContinuesAffiliation_FacultybasedController.cs(5063,34): warning CS8600: Converting null literal or possible null value to non-nullable type. [C:\Users\HP\Downloads\Medical\Medical_Affiliation\Medical_Affiliation.csproj]
C:\Users\HP\Downloads\Medical\Medical_Affiliation\Controllers\ContinuesAffiliation_FacultybasedController.cs(5064,34): warning CS8600: Converting null literal or possible null value to non-nullable type. [C:\Users\HP\Downloads\Medical\Medical_Affiliation\Medical_Affiliation.csproj]
C:\Users\HP\Downloads\Medical\Medical_Affiliation\Controllers\ContinuesAffiliation_FacultybasedController.cs(5149,48): warning CS8601: Possible null reference assignment. [C:\Users\HP\Downloads\Medical\Medical_Affiliation\Medical_Affiliation.csproj]
C:\Users\HP\Downloads\Medical\Medical_Affiliation\Controllers\ContinuesAffiliation_FacultybasedController.cs(5151,49): warning CS8601: Possible null reference assignment. [C:\Users\HP\Downloads\Medical\Medical_Affiliation\Medical_Affiliation.csproj]
C:\Users\HP\Downloads\Medical\Medical_Affiliation\Controllers\ContinuesAffiliation_FacultybasedController.cs(5157,50): warning CS8601: Possible null reference assignment. [C:\Users\HP\Downloads\Medical\Medical_Affiliation\Medical_Affiliation.csproj]
C:\Users\HP\Downloads\Medical\Medical_Affiliation\Controllers\ContinuesAffiliation_FacultybasedController.cs(5158,47): warning CS8601: Possible null reference assignment. [C:\Users\HP\Downloads\Medical\Medical_Affiliation\Medical_Affiliation.csproj]
C:\Users\HP\Downloads\Medical\Medical_Affiliation\Controllers\ContinuesAffiliation_FacultybasedController.cs(5177,37): warning CS8601: Possible null reference assignment. [C:\Users\HP\Downloads\Medical\Medical_Affiliation\Medical_Affiliation.csproj]
C:\Users\HP\Downloads\Medical\Medical_Affiliation\Controllers\ContinuesAffiliation_FacultybasedController.cs(5178,35): warning CS8601: Possible null reference assignment. [C:\Users\HP\Downloads\Medical\Medical_Affiliation\Medical_Affiliation.csproj]
C:\Users\HP\Downloads\Medical\Medical_Affiliation\Controllers\ContinuesAffiliation_FacultybasedController.cs(5179,31): warning CS8601: Possible null reference assignment. [C:\Users\HP\Downloads\Medical\Medical_Affiliation\Medical_Affiliation.csproj]
C:\Users\HP\Downloads\Medical\Medical_Affiliation\Controllers\ContinuesAffiliation_FacultybasedController.cs(5180,27): warning CS8601: Possible null reference assignment. [C:\Users\HP\Downloads\Medical\Medical_Affiliation\Medical_Affiliation.csproj]
C:\Users\HP\Downloads\Medical\Medical_Affiliation\Controllers\LICInspectionController.cs(1965,35): warning CS8601: Possible null reference assignment. [C:\Users\HP\Downloads\Medical\Medical_Affiliation\Medical_Affiliation.csproj]
C:\Users\HP\Downloads\Medical\Medical_Affiliation\Controllers\LICInspectionController.cs(1966,35): warning CS8601: Possible null reference assignment. [C:\Users\HP\Downloads\Medical\Medical_Affiliation\Medical_Affiliation.csproj]
C:\Users\HP\Downloads\Medical\Medical_Affiliation\Controllers\LICInspectionController.cs(1967,39): warning CS8601: Possible null reference assignment. [C:\Users\HP\Downloads\Medical\Medical_Affiliation\Medical_Affiliation.csproj]
C:\Users\HP\Downloads\Medical\Medical_Affiliation\Controllers\LICInspectionController.cs(1968,33): warning CS8601: Possible null reference assignment. [C:\Users\HP\Downloads\Medical\Medical_Affiliation\Medical_Affiliation.csproj]
C:\Users\HP\Downloads\Medical\Medical_Affiliation\Controllers\LICInspectionController.cs(1969,31): warning CS8601: Possible null reference assignment. [C:\Users\HP\Downloads\Medical\Medical_Affiliation\Medical_Affiliation.csproj]
C:\Users\HP\Downloads\Medical\Medical_Affiliation\Controllers\LICInspectionController.cs(1970,34): warning CS8601: Possible null reference assignment. [C:\Users\HP\Downloads\Medical\Medical_Affiliation\Medical_Affiliation.csproj]
C:\Users\HP\Downloads\Medical\Medical_Affiliation\Controllers\LICInspectionController.cs(1971,39): warning CS8601: Possible null reference assignment. [C:\Users\HP\Downloads\Medical\Medical_Affiliation\Medical_Affiliation.csproj]
C:\Users\HP\Downloads\Medical\Medical_Affiliation\Controllers\LICInspectionController.cs(1972,37): warning CS8601: Possible null reference assignment. [C:\Users\HP\Downloads\Medical\Medical_Affiliation\Medical_Affiliation.csproj]
C:\Users\HP\Downloads\Medical\Medical_Affiliation\Controllers\LICInspectionController.cs(1973,40): warning CS8601: Possible null reference assignment. [C:\Users\HP\Downloads\Medical\Medical_Affiliation\Medical_Affiliation.csproj]
C:\Users\HP\Downloads\Medical\Medical_Affiliation\Controllers\ContinuesAffiliation_FacultybasedController.cs(5248,34): warning CS8600: Converting null literal or possible null value to non-nullable type. [C:\Users\HP\Downloads\Medical\Medical_Affiliation\Medical_Affiliation.csproj]
C:\Users\HP\Downloads\Medical\Medical_Affiliation\Controllers\ContinuesAffiliation_FacultybasedController.cs(5249,34): warning CS8600: Converting null literal or possible null value to non-nullable type. [C:\Users\HP\Downloads\Medical\Medical_Affiliation\Medical_Affiliation.csproj]
C:\Users\HP\Downloads\Medical\Medical_Affiliation\Controllers\ContinuesAffiliation_FacultybasedController.cs(5330,44): warning CS8600: Converting null literal or possible null value to non-nullable type. [C:\Users\HP\Downloads\Medical\Medical_Affiliation\Medical_Affiliation.csproj]
C:\Users\HP\Downloads\Medical\Medical_Affiliation\Controllers\ContinuesAffiliation_FacultybasedController.cs(5331,42): warning CS8600: Converting null literal or possible null value to non-nullable type. [C:\Users\HP\Downloads\Medical\Medical_Affiliation\Medical_Affiliation.csproj]
C:\Users\HP\Downloads\Medical\Medical_Affiliation\Controllers\ContinuesAffiliation_FacultybasedController.cs(5332,44): warning CS8600: Converting null literal or possible null value to non-nullable type. [C:\Users\HP\Downloads\Medical\Medical_Affiliation\Medical_Affiliation.csproj]
C:\Users\HP\Downloads\Medical\Medical_Affiliation\Controllers\ContinuesAffiliation_FacultybasedController.cs(5335,104): warning CS8604: Possible null reference argument for parameter 'facultyCode' in 'Task<string?> ContinuesAffiliation_FacultybasedController.SaveFacultyFileAsync(IFormFile? file, string folder, string facultyCode)'. [C:\Users\HP\Downloads\Medical\Medical_Affiliation\Medical_Affiliation.csproj]
C:\Users\HP\Downloads\Medical\Medical_Affiliation\Controllers\ContinuesAffiliation_FacultybasedController.cs(5335,41): warning CS8600: Converting null literal or possible null value to non-nullable type. [C:\Users\HP\Downloads\Medical\Medical_Affiliation\Medical_Affiliation.csproj]
C:\Users\HP\Downloads\Medical\Medical_Affiliation\Controllers\ContinuesAffiliation_FacultybasedController.cs(5338,98): warning CS8604: Possible null reference argument for parameter 'facultyCode' in 'Task<string?> ContinuesAffiliation_FacultybasedController.SaveFacultyFileAsync(IFormFile? file, string folder, string facultyCode)'. [C:\Users\HP\Downloads\Medical\Medical_Affiliation\Medical_Affiliation.csproj]
C:\Users\HP\Downloads\Medical\Medical_Affiliation\Controllers\ContinuesAffiliation_FacultybasedController.cs(5338,39): warning CS8600: Converting null literal or possible null value to non-nullable type. [C:\Users\HP\Downloads\Medical\Medical_Affiliation\Medical_Affiliation.csproj]
C:\Users\HP\Downloads\Medical\Medical_Affiliation\Controllers\ContinuesAffiliation_FacultybasedController.cs(5341,103): warning CS8604: Possible null reference argument for parameter 'facultyCode' in 'Task<string?> ContinuesAffiliation_FacultybasedController.SaveFacultyFileAsync(IFormFile? file, string folder, string facultyCode)'. [C:\Users\HP\Downloads\Medical\Medical_Affiliation\Medical_Affiliation.csproj]
C:\Users\HP\Downloads\Medical\Medical_Affiliation\Controllers\ContinuesAffiliation_FacultybasedController.cs(5341,41): warning CS8600: Converting null literal or possible null value to non-nullable type. [C:\Users\HP\Downloads\Medical\Medical_Affiliation\Medical_Affiliation.csproj]
C:\Users\HP\Downloads\Medical\Medical_Affiliation\Controllers\LICInspectionController.cs(2040,31): warning CS8602: Dereference of a possibly null reference. [C:\Users\HP\Downloads\Medical\Medical_Affiliation\Medical_Affiliation.csproj]
C:\Users\HP\Downloads\Medical\Medical_Affiliation\Controllers\LICInspectionController.cs(2084,52): warning CS8604: Possible null reference argument for parameter 'key' in 'bool Dictionary<string, DateOnly?>.TryGetValue(string key, out DateOnly? value)'. [C:\Users\HP\Downloads\Medical\Medical_Affiliation\Medical_Affiliation.csproj]
C:\Users\HP\Downloads\Medical\Medical_Affiliation\Controllers\ContinuesAffiliation_FacultybasedController.cs(5484,31): warning CS8600: Converting null literal or possible null value to non-nullable type. [C:\Users\HP\Downloads\Medical\Medical_Affiliation\Medical_Affiliation.csproj]
C:\Users\HP\Downloads\Medical\Medical_Affiliation\Controllers\ContinuesAffiliation_FacultybasedController.cs(5489,32): warning CS8600: Converting null literal or possible null value to non-nullable type. [C:\Users\HP\Downloads\Medical\Medical_Affiliation\Medical_Affiliation.csproj]
C:\Users\HP\Downloads\Medical\Medical_Affiliation\Controllers\ContinuesAffiliation_FacultybasedController.cs(5493,32): warning CS8600: Converting null literal or possible null value to non-nullable type. [C:\Users\HP\Downloads\Medical\Medical_Affiliation\Medical_Affiliation.csproj]
C:\Users\HP\Downloads\Medical\Medical_Affiliation\Controllers\ContinuesAffiliation_FacultybasedController.cs(5497,32): warning CS8600: Converting null literal or possible null value to non-nullable type. [C:\Users\HP\Downloads\Medical\Medical_Affiliation\Medical_Affiliation.csproj]
C:\Users\HP\Downloads\Medical\Medical_Affiliation\Controllers\ContinuesAffiliation_FacultybasedController.cs(5510,59): warning CS8600: Converting null literal or possible null value to non-nullable type. [C:\Users\HP\Downloads\Medical\Medical_Affiliation\Medical_Affiliation.csproj]
C:\Users\HP\Downloads\Medical\Medical_Affiliation\Controllers\ContinuesAffiliation_FacultybasedController.cs(5620,33): warning CS8602: Dereference of a possibly null reference. [C:\Users\HP\Downloads\Medical\Medical_Affiliation\Medical_Affiliation.csproj]
C:\Users\HP\Downloads\Medical\Medical_Affiliation\Controllers\LICInspectionController.cs(2173,30): warning CS8602: Dereference of a possibly null reference. [C:\Users\HP\Downloads\Medical\Medical_Affiliation\Medical_Affiliation.csproj]
C:\Users\HP\Downloads\Medical\Medical_Affiliation\Controllers\LICInspectionController.cs(2182,34): warning CS8714: The type 'string?' cannot be used as type parameter 'TKey' in the generic type or method 'Enumerable.ToDictionary<TSource, TKey, TElement>(IEnumerable<TSource>, Func<TSource, TKey>, Func<TSource, TElement>)'. Nullability of type argument 'string?' doesn't match 'notnull' constraint. [C:\Users\HP\Downloads\Medical\Medical_Affiliation\Medical_Affiliation.csproj]
C:\Users\HP\Downloads\Medical\Medical_Affiliation\Controllers\LICInspectionController.cs(2184,31): warning CS8621: Nullability of reference types in return type of 'lambda expression' doesn't match the target delegate 'Func<IGrouping<string?, LicclaimDetail>, string?>' (possibly because of nullability attributes). [C:\Users\HP\Downloads\Medical\Medical_Affiliation\Medical_Affiliation.csproj]
C:\Users\HP\Downloads\Medical\Medical_Affiliation\Controllers\LICInspectionController.cs(2188,31): warning CS8602: Dereference of a possibly null reference. [C:\Users\HP\Downloads\Medical\Medical_Affiliation\Medical_Affiliation.csproj]
C:\Users\HP\Downloads\Medical\Medical_Affiliation\Controllers\LICInspectionController.cs(2198,43): warning CS8604: Possible null reference argument for parameter 'item' in 'bool List<string>.Contains(string item)'. [C:\Users\HP\Downloads\Medical\Medical_Affiliation\Medical_Affiliation.csproj]
C:\Users\HP\Downloads\Medical\Medical_Affiliation\Controllers\LICInspectionController.cs(2203,30): warning CS8629: Nullable value type may be null. [C:\Users\HP\Downloads\Medical\Medical_Affiliation\Medical_Affiliation.csproj]
C:\Users\HP\Downloads\Medical\Medical_Affiliation\Controllers\LICInspectionController.cs(2206,34): warning CS8601: Possible null reference assignment. [C:\Users\HP\Downloads\Medical\Medical_Affiliation\Medical_Affiliation.csproj]
C:\Users\HP\Downloads\Medical\Medical_Affiliation\Controllers\LICInspectionController.cs(2212,35): warning CS8601: Possible null reference assignment. [C:\Users\HP\Downloads\Medical\Medical_Affiliation\Medical_Affiliation.csproj]
C:\Users\HP\Downloads\Medical\Medical_Affiliation\Controllers\LICInspectionController.cs(2213,35): warning CS8601: Possible null reference assignment. [C:\Users\HP\Downloads\Medical\Medical_Affiliation\Medical_Affiliation.csproj]
C:\Users\HP\Downloads\Medical\Medical_Affiliation\Controllers\LICInspectionController.cs(2214,36): warning CS8601: Possible null reference assignment. [C:\Users\HP\Downloads\Medical\Medical_Affiliation\Medical_Affiliation.csproj]
C:\Users\HP\Downloads\Medical\Medical_Affiliation\Controllers\LICInspectionController.cs(2215,35): warning CS8601: Possible null reference assignment. [C:\Users\HP\Downloads\Medical\Medical_Affiliation\Medical_Affiliation.csproj]
C:\Users\HP\Downloads\Medical\Medical_Affiliation\Controllers\LICInspectionController.cs(2216,39): warning CS8601: Possible null reference assignment. [C:\Users\HP\Downloads\Medical\Medical_Affiliation\Medical_Affiliation.csproj]
C:\Users\HP\Downloads\Medical\Medical_Affiliation\Controllers\LICInspectionController.cs(2224,36): warning CS8601: Possible null reference assignment. [C:\Users\HP\Downloads\Medical\Medical_Affiliation\Medical_Affiliation.csproj]
C:\Users\HP\Downloads\Medical\Medical_Affiliation\Controllers\LICInspectionController.cs(2225,39): warning CS8601: Possible null reference assignment. [C:\Users\HP\Downloads\Medical\Medical_Affiliation\Medical_Affiliation.csproj]
C:\Users\HP\Downloads\Medical\Medical_Affiliation\Controllers\LICInspectionController.cs(2237,36): warning CS8601: Possible null reference assignment. [C:\Users\HP\Downloads\Medical\Medical_Affiliation\Medical_Affiliation.csproj]
C:\Users\HP\Downloads\Medical\Medical_Affiliation\Controllers\LICInspectionController.cs(2238,39): warning CS8601: Possible null reference assignment. [C:\Users\HP\Downloads\Medical\Medical_Affiliation\Medical_Affiliation.csproj]
C:\Users\HP\Downloads\Medical\Medical_Affiliation\Controllers\LICInspectionController.cs(2253,42): warning CS8601: Possible null reference assignment. [C:\Users\HP\Downloads\Medical\Medical_Affiliation\Medical_Affiliation.csproj]
C:\Users\HP\Downloads\Medical\Medical_Affiliation\Controllers\LICInspectionController.cs(2254,42): warning CS8601: Possible null reference assignment. [C:\Users\HP\Downloads\Medical\Medical_Affiliation\Medical_Affiliation.csproj]
C:\Users\HP\Downloads\Medical\Medical_Affiliation\Controllers\LICInspectionController.cs(2255,35): warning CS8601: Possible null reference assignment. [C:\Users\HP\Downloads\Medical\Medical_Affiliation\Medical_Affiliation.csproj]
C:\Users\HP\Downloads\Medical\Medical_Affiliation\Controllers\LICInspectionController.cs(2257,34): warning CS8629: Nullable value type may be null. [C:\Users\HP\Downloads\Medical\Medical_Affiliation\Medical_Affiliation.csproj]
C:\Users\HP\Downloads\Medical\Medical_Affiliation\Controllers\LICInspectionController.cs(2258,54): warning CS8604: Possible null reference argument for parameter 'item' in 'bool HashSet<string>.Contains(string item)'. [C:\Users\HP\Downloads\Medical\Medical_Affiliation\Medical_Affiliation.csproj]
C:\Users\HP\Downloads\Medical\Medical_Affiliation\Controllers\LICInspectionController.cs(2433,55): warning CS8604: Possible null reference argument for parameter 'name' in 'Task<LICDashboardViewModel> LICInspectionController.BuildDashboardAsync(string phone, string name, string memberType, string searchTerm, string statusFilter, int pageNumber)'. [C:\Users\HP\Downloads\Medical\Medical_Affiliation\Medical_Affiliation.csproj]
C:\Users\HP\Downloads\Medical\Medical_Affiliation\Controllers\LICInspectionController.cs(2450,24): warning CS8604: Possible null reference argument for parameter 'name' in 'Task<LICDashboardViewModel> LICInspectionController.BuildDashboardAsync(string phone, string name, string memberType, string searchTerm, string statusFilter, int pageNumber)'. [C:\Users\HP\Downloads\Medical\Medical_Affiliation\Medical_Affiliation.csproj]
C:\Users\HP\Downloads\Medical\Medical_Affiliation\Controllers\LICInspectionController.cs(2450,30): warning CS8604: Possible null reference argument for parameter 'memberType' in 'Task<LICDashboardViewModel> LICInspectionController.BuildDashboardAsync(string phone, string name, string memberType, string searchTerm, string statusFilter, int pageNumber)'. [C:\Users\HP\Downloads\Medical\Medical_Affiliation\Medical_Affiliation.csproj]
C:\Users\HP\Downloads\Medical\Medical_Affiliation\Controllers\LICInspectionController.cs(2486,29): warning CS8602: Dereference of a possibly null reference. [C:\Users\HP\Downloads\Medical\Medical_Affiliation\Medical_Affiliation.csproj]
C:\Users\HP\Downloads\Medical\Medical_Affiliation\Controllers\CollegeBasicDetailsController.cs(17,45): warning CS0649: Field 'CollegeBasicDetailsController._userContext' is never assigned to, and will always have its default value null [C:\Users\HP\Downloads\Medical\Medical_Affiliation\Medical_Affiliation.csproj]
C:\Users\HP\Downloads\Medical\Medical_Affiliation\Controllers\LICInspectionController.cs(22,24): warning CS0169: The field 'LICInspectionController._webHostEnvironment' is never used [C:\Users\HP\Downloads\Medical\Medical_Affiliation\Medical_Affiliation.csproj]
C:\Users\HP\Downloads\Medical\Medical_Affiliation\Controllers\ContinuesAffiliation_FacultybasedController.cs(20,46): warning CS0169: The field 'ContinuesAffiliation_FacultybasedController._webHostEnvironment' is never used [C:\Users\HP\Downloads\Medical\Medical_Affiliation\Medical_Affiliation.csproj]
C:\Users\HP\Downloads\Medical\Medical_Affiliation\Controllers\ContinuousAffiliationController.cs(18,46): warning CS0169: The field 'ContinuousAffiliationController._webHostEnvironment' is never used [C:\Users\HP\Downloads\Medical\Medical_Affiliation\Medical_Affiliation.csproj]
C:\Users\HP\Downloads\Medical\Medical_Affiliation\Controllers\ContinuousAffiliationController.cs(17,39): warning CS0169: The field 'ContinuousAffiliationController.__userContext' is never used [C:\Users\HP\Downloads\Medical\Medical_Affiliation\Medical_Affiliation.csproj]
C:\Users\HP\Downloads\Medical\Medical_Affiliation\Controllers\CAPreviewController.cs(15,39): warning CS0169: The field 'CAPreviewController._userContext' is never used [C:\Users\HP\Downloads\Medical\Medical_Affiliation\Medical_Affiliation.csproj]
C:\Users\HP\Downloads\Medical\Medical_Affiliation\Controllers\ContinuousAffiliationController.cs(16,45): warning CS0169: The field 'ContinuousAffiliationController._userContext' is never used [C:\Users\HP\Downloads\Medical\Medical_Affiliation\Medical_Affiliation.csproj]
C:\Users\HP\Downloads\Medical\Medical_Affiliation\Controllers\ContinuesAffiliation_FacultybasedController.cs(19,39): warning CS0169: The field 'ContinuesAffiliation_FacultybasedController._userContext' is never used [C:\Users\HP\Downloads\Medical\Medical_Affiliation\Medical_Affiliation.csproj]
C:\Users\HP\Downloads\Medical\Medical_Affiliation\Controllers\SectionOfficerController.cs(22,60): warning CS0169: The field 'SectionOfficerController._logger' is never used [C:\Users\HP\Downloads\Medical\Medical_Affiliation\Medical_Affiliation.csproj]
C:\Users\HP\Downloads\Medical\Medical_Affiliation\Program.cs(83,5): warning CA1416: This call site is reachable on all platforms. 'ConnectionStringSecurity.Decrypt(string)' is only supported on: 'Windows' 7.0 and later. (https://learn.microsoft.com/dotnet/fundamentals/code-analysis/quality-rules/ca1416) [C:\Users\HP\Downloads\Medical\Medical_Affiliation\Medical_Affiliation.csproj]
C:\Users\HP\Downloads\Medical\Medical_Affiliation\Views\LIC_Director\CollegeClaimsDashboard.cshtml(1037,50): warning MVC1000: Use of IHtmlHelper.Partial may result in application deadlocks. Consider using <partial> Tag Helper or IHtmlHelper.PartialAsync. [C:\Users\HP\Downloads\Medical\Medical_Affiliation\Medical_Affiliation.csproj]
C:\Users\HP\Downloads\Medical\Medical_Affiliation\Views\LIC_Director\CollegeClaimsDashboard.cshtml(1040,50): warning MVC1000: Use of IHtmlHelper.Partial may result in application deadlocks. Consider using <partial> Tag Helper or IHtmlHelper.PartialAsync. [C:\Users\HP\Downloads\Medical\Medical_Affiliation\Medical_Affiliation.csproj]
C:\Users\HP\Downloads\Medical\Medical_Affiliation\Views\LIC_Director\CollegeClaimsDashboard.cshtml(1043,50): warning MVC1000: Use of IHtmlHelper.Partial may result in application deadlocks. Consider using <partial> Tag Helper or IHtmlHelper.PartialAsync. [C:\Users\HP\Downloads\Medical\Medical_Affiliation\Medical_Affiliation.csproj]
C:\Users\HP\Downloads\Medical\Medical_Affiliation\Views\LIC_Director\CollegeClaimsDashboard.cshtml(1181,46): warning MVC1000: Use of IHtmlHelper.Partial may result in application deadlocks. Consider using <partial> Tag Helper or IHtmlHelper.PartialAsync. [C:\Users\HP\Downloads\Medical\Medical_Affiliation\Medical_Affiliation.csproj]
C:\Users\HP\Downloads\Medical\Medical_Affiliation\Views\LIC_Director\CollegeClaimsDashboard.cshtml(1184,46): warning MVC1000: Use of IHtmlHelper.Partial may result in application deadlocks. Consider using <partial> Tag Helper or IHtmlHelper.PartialAsync. [C:\Users\HP\Downloads\Medical\Medical_Affiliation\Medical_Affiliation.csproj]
C:\Users\HP\Downloads\Medical\Medical_Affiliation\Views\LIC_Director\CollegeClaimsDashboard.cshtml(1187,46): warning MVC1000: Use of IHtmlHelper.Partial may result in application deadlocks. Consider using <partial> Tag Helper or IHtmlHelper.PartialAsync. [C:\Users\HP\Downloads\Medical\Medical_Affiliation\Medical_Affiliation.csproj]
C:\Users\HP\Downloads\Medical\Medical_Affiliation\Views\ClinicalFacilitiesForAffiliation\HospitalDetailsForAffiliation.cshtml(123,22): warning MVC1000: Use of IHtmlHelper.Partial may result in application deadlocks. Consider using <partial> Tag Helper or IHtmlHelper.PartialAsync. [C:\Users\HP\Downloads\Medical\Medical_Affiliation\Medical_Affiliation.csproj]
C:\Users\HP\Downloads\Medical\Medical_Affiliation\Controllers\ContinuousAffiliationIncreaseintakeController.cs(977,13): warning ASP0019: Use IHeaderDictionary.Append or the indexer to append or set headers. IDictionary.Add will throw an ArgumentException when attempting to add a duplicate key. (https://aka.ms/aspnet/analyzers) [C:\Users\HP\Downloads\Medical\Medical_Affiliation\Medical_Affiliation.csproj]
C:\Users\HP\Downloads\Medical\Medical_Affiliation\Controllers\CourseAffiliationController.cs(50,58): error CS1061: 'CollegeCourseIntakeDetail' does not contain a definition for 'CourseLevel' and no accessible extension method 'CourseLevel' accepting a first argument of type 'CollegeCourseIntakeDetail' could be found (are you missing a using directive or an assembly reference?) [C:\Users\HP\Downloads\Medical\Medical_Affiliation\Medical_Affiliation.csproj]
    3487 Warning(s)
    1 Error(s)

Time Elapsed 00:00:21.71
